09-18 08:32:59.177 E/NIO     (17761): 	at com.koushikdutta.async.AsyncServer.run(AsyncServer.java:658)
09-18 08:32:59.177 E/NIO     (17761): 	at com.koushikdutta.async.AsyncServer.access$800(AsyncServer.java:44)
09-18 08:32:59.177 E/NIO     (17761): 	at com.koushikdutta.async.AsyncServer$14.run(AsyncServer.java:600)
09-18 08:32:59.181 I/WifiHAL (  959): In GetLinkStatsCommand::handleResponse
09-18 08:32:59.181 W/gralloc4(  563): Unable to set buffer name VRI[MainActivity]#0(BLAST Consumer)0: File name too long
09-18 08:32:59.212 D/ConnectivityService( 1449): NetReassign [no changes] [c 0] [a 0] [i 3]
09-18 08:32:59.368 W/AccessibilityManagerService( 1449):  wait for adding window timeout: 5601
09-18 08:32:59.552 I/FontLog (17809): (REDACTED) Received query %s, URI %s
09-18 08:32:59.552 I/FontLog (17809): (REDACTED) Query [%s] resolved to %s
09-18 08:32:59.554 I/FontLog (17809): (REDACTED) Fetch %s end status %s
09-18 08:32:59.558 I/FontLog (17809): (REDACTED) Pulling font file for id = %d, cache size = %d
09-18 08:32:59.567 I/FontLog (17809): (REDACTED) Pulling font file for id = %d, cache size = %d
09-18 08:32:59.568 W/AccessibilityManagerService( 1449):  wait for adding window timeout: 5602
09-18 08:32:59.578 W/WindowOnBackDispatcher( 1984): sendCancelIfRunning: isInProgress=falsecallback=android.view.ViewRootImpl$$ExternalSyntheticLambda11@967e884
09-18 08:32:59.579 D/CoreBackPreview( 1449): Window{a7cadb4 u0 Splash Screen com.zebra.soho_app EXITING}: Setting back callback null
09-18 08:32:59.581 W/InputManager-JNI( 1449): Input channel object 'a7cadb4 Splash Screen com.zebra.soho_app (client)' was disposed without first being removed with the input manager!
09-18 08:32:59.608 D/TrafficStats(26928): tagSocket(5) with statsTag=0xffffffff, statsUid=-1
09-18 08:32:59.621 W/AccessibilityManagerService( 1449):  wait for adding window timeout: 5602
09-18 08:32:59.621 W/AccessibilityManagerService( 1449):  wait for adding window timeout: 5602
09-18 08:32:59.628 W/FrameTracker( 1984): Missed SF frame:SURFACE_FLINGER_SCHEDULING, 380402507, 5739790, CUJ=J<SPLASHSCREEN_EXIT_ANIM>
09-18 08:32:59.629 W/FrameTracker( 1984): Missed SF frame:SURFACE_FLINGER_SCHEDULING, 380402547, 2105363, CUJ=J<SPLASHSCREEN_EXIT_ANIM>
09-18 08:32:59.629 W/FrameTracker( 1984): Missing HWUI jank callback for vsyncId: 380403072, CUJ=J<SPLASHSCREEN_EXIT_ANIM>
09-18 08:32:59.629 W/FrameTracker( 1984): Missing HWUI jank callback for vsyncId: 380403252, CUJ=J<SPLASHSCREEN_EXIT_ANIM>
09-18 08:32:59.629 W/FrameTracker( 1984): Missing HWUI jank callback for vsyncId: 380403282, CUJ=J<SPLASHSCREEN_EXIT_ANIM>
09-18 08:32:59.631 D/TrafficStats(26928): tagSocket(96) with statsTag=0xffffffff, statsUid=-1
09-18 08:32:59.634 D/TrafficStats(26928): tagSocket(97) with statsTag=0xffffffff, statsUid=-1
09-18 08:32:59.635 D/TrafficStats(26928): tagSocket(98) with statsTag=0xffffffff, statsUid=-1
09-18 08:32:59.637 D/TrafficStats(26928): tagSocket(99) with statsTag=0xffffffff, statsUid=-1
09-18 08:32:59.638 D/TrafficStats(26928): tagSocket(100) with statsTag=0xffffffff, statsUid=-1
09-18 08:32:59.749 I/bthal.activity(  881): bt_power: LeAdvStat: 08:32:58:749 - 08:32:59:749, duration: 1000, le_adv_count: 1, total_le_adv_count: 1472132, total_event_count: 1
09-18 08:33:00.025 I/AiAiEcho(15286): (REDACTED) Predicting[%d]: %s
09-18 08:33:00.026 I/AiAiEcho(15286): (REDACTED) EchoTargets: %s
09-18 08:33:00.026 I/AiAiEcho(15286): Filtered by AiAi flag check: %s
09-18 08:33:00.026 I/AiAiEcho(15286): (REDACTED) Ranked targets strategy: %s, count: %d, ranking metadata: %s
09-18 08:33:00.027 I/AiAiEcho(15286): #weatherTwiddler: Weather extracts SubtitleSupplementalItem in lockscreen surface [CONTEXT ratelimit_period="10 SECONDS" ]
09-18 08:33:00.027 I/AiAiEcho(15286): #remoteViewsTwiddler: feature disabled.
09-18 08:33:00.027 I/AiAiEcho(15286): (REDACTED) Predicting[%d]: %s
09-18 08:33:00.028 I/AiAiEcho(15286): (REDACTED) EchoTargets: %s
09-18 08:33:00.028 I/AiAiEcho(15286): Filtered by AiAi flag check: %s
09-18 08:33:00.028 I/AiAiEcho(15286): (REDACTED) Ranked targets strategy: %s, count: %d, ranking metadata: %s
09-18 08:33:00.028 I/AiAiEcho(15286): #remoteViewsTwiddler: feature disabled.
09-18 08:33:00.033 I/AiAiEcho(15286): (REDACTED) #postPredictionTargets: Sending updates to UISurface %s with targets# %s (types=[%s])
09-18 08:33:00.036 I/WeatherSmartspaceView( 1984): setFormattedContentDescription: text=28C, iconDescription=Mostly sunny, contentDescription=Mostly sunny, 28C
09-18 08:33:00.036 I/WeatherData( 1984): Weather data parsed MOSTLY_SUNNY ("Mostly sunny") 28C from Bundle[{description=Mostly sunny, feedback_intent=null, explanation_intent=Supplier{VAL_PARCELABLE@152+1968}, is_gaia_linked_data=true, use_celsius=true, state=3, temperature=28}]
09-18 08:33:00.036 E/SsBaseTemplateCard( 1984): No tap action can be set up
09-18 08:33:00.036 D/SsBaseTemplateCard( 1984): Passed-in item info is null
09-18 08:33:00.036 D/SsBaseTemplateCard( 1984): Passed-in item info is null
09-18 08:33:00.039 I/AiAiEcho(15286): (REDACTED) #postPredictionTargets: Sending updates to UISurface %s with targets# %s (types=[%s])
09-18 08:33:00.042 D/SsBaseTemplateCard(21117): No text view can be set up
09-18 08:33:00.043 I/SsBaseTemplateCard(21117): setFormattedContentDescription: text=28C, iconDescription=Mostly sunny, contentDescription=Mostly sunny, 28C
09-18 08:33:00.044 D/SsBaseTemplateCard(21117): Passed-in item info is null
09-18 08:33:00.045 I/SsBaseTemplateCard(21117): Secondary card pane is null
09-18 08:33:00.076 I/NearbyMediums(17809): Triggered instant on lost for service id : NearbySharing with hash [ 0x7a 0x2a 0xb9 0xf7 ]
09-18 08:33:00.077 I/NearbyConnections(17809): Processing lost BlePeripheral BlePeripheral{advertisement=BleAdvertisement { version=2, socketVersion=2, isFast=true, serviceIdHash=null, data=[ 0x23 0x49 0x37 0x4f 0x43 0x11 0x32 0x5f 0x9a 0x55 0x61 0x6b 0x21 0x64 0x5e 0x7b 0x94 0x49 0x57 0xc8 0x41 0xbc 0x9c ], deviceToken=[ 0x75 0x16 ], rxAdvertisement=null }, address=null, psm=0, deviceToken=<ByteString@af42ab6 size=2 contents="u\026">, isSecondProfile=false, rxInstantConnectionAdv=null}.
09-18 08:33:00.077 I/NearbyConnections(17809): Lost BleEndpoint for BlePeripheral BlePeripheral{advertisement=BleAdvertisement { version=2, socketVersion=2, isFast=true, serviceIdHash=null, data=[ 0x23 0x49 0x37 0x4f 0x43 0x11 0x32 0x5f 0x9a 0x55 0x61 0x6b 0x21 0x64 0x5e 0x7b 0x94 0x49 0x57 0xc8 0x41 0xbc 0x9c ], deviceToken=[ 0x75 0x16 ], rxAdvertisement=null }, address=null, psm=0, deviceToken=<ByteString@af42ab6 size=2 contents="u\026">, isSecondProfile=false, rxInstantConnectionAdv=null} (with EndpointId I7OC and EndpointInfo [ 0x32 0x5f 0x9a 0x55 0x61 0x6b 0x21 0x64 0x5e 0x7b 0x94 0x49 0x57 0xc8 0x41 0xbc 0x9c ]).
09-18 08:33:00.078 I/NearbyConnections(17809): ClientProxy(18057172) reporting onEndpointLost(I7OC)
09-18 08:33:00.079 I/NearbySharing(17809): Endpoint I7OC lost over Nearby Connections
09-18 08:33:00.079 I/NearbySharing(17809): Ignoring lost endpoint I7OC because we don't have an associated ShareTarget
09-18 08:33:00.746 D/TrafficStats(26928): tagSocket(5) with statsTag=0xffffffff, statsUid=-1
09-18 08:33:00.759 D/TrafficStats(26928): tagSocket(96) with statsTag=0xffffffff, statsUid=-1
09-18 08:33:00.772 D/TrafficStats(26928): tagSocket(97) with statsTag=0xffffffff, statsUid=-1
09-18 08:33:00.792 D/TrafficStats(26928): tagSocket(98) with statsTag=0xffffffff, statsUid=-1
09-18 08:33:00.797 D/TrafficStats(26928): tagSocket(99) with statsTag=0xffffffff, statsUid=-1
09-18 08:33:00.805 D/TrafficStats(26928): tagSocket(100) with statsTag=0xffffffff, statsUid=-1
09-18 08:33:00.839 I/pen.pocoservice(26928): Background concurrent mark compact GC freed 395748(17MB) AllocSpace objects, 144(8064KB) LOS objects, 84% free, 4464KB/28MB, paused 523us,7.610ms total 55.379ms
09-18 08:33:00.840 W/System  (26928): A resource failed to call end. 
09-18 08:33:00.840 W/System  (26928): A resource failed to call end. 
09-18 08:33:00.840 W/System  (26928): A resource failed to call end. 
09-18 08:33:00.840 W/System  (26928): A resource failed to call end. 
09-18 08:33:00.840 W/System  (26928): A resource failed to call end. 
09-18 08:33:00.840 W/System  (26928): A resource failed to call end. 
09-18 08:33:00.840 W/System  (26928): A resource failed to call end. 
09-18 08:33:00.840 W/System  (26928): A resource failed to call end. 
09-18 08:33:00.840 W/System  (26928): A resource failed to call end. 
09-18 08:33:00.841 W/System  (26928): A resource failed to call end. 
09-18 08:33:00.841 W/System  (26928): A resource failed to call end. 
09-18 08:33:00.841 W/System  (26928): A resource failed to call end. 
09-18 08:33:00.841 W/System  (26928): A resource failed to call end. 
09-18 08:33:00.841 W/System  (26928): A resource failed to call end. 
09-18 08:33:00.841 W/System  (26928): A resource failed to call end. 
09-18 08:33:00.841 W/System  (26928): A resource failed to call end. 
09-18 08:33:00.841 W/System  (26928): A resource failed to call end. 
09-18 08:33:00.842 W/System  (26928): A resource failed to call end. 
09-18 08:33:01.068 I/FA      (27471): Application backgrounded at: timestamp_millis: 1726662779057
09-18 08:33:01.070 I/bthal.activity(  881): bt_power: LeAdvStat: 08:33:00:058 - 08:33:01:070, duration: 1011, le_adv_count: 3, total_le_adv_count: 1472135, total_event_count: 3
09-18 08:33:01.498 I/NearbyMediums(17809): Found Fast Ble Advertisements :
09-18 08:33:01.498 I/NearbyMediums(17809): BleAdvertisement { version=2, socketVersion=2, isFast=true, serviceIdHash=null, data=[ 0x23 0x49 0x37 0x4f 0x43 0x11 0x32 0x5f 0x9a 0x55 0x61 0x6b 0x21 0x64 0x5e 0x7b 0x94 0x49 0x57 0xc8 0x41 0xbc 0x9c ], deviceToken=[ 0x75 0x16 ], rxAdvertisement=null } : 2 times.
09-18 08:33:01.498 I/NearbyMediums(17809): BleAdvertisement { version=2, socketVersion=2, isFast=true, serviceIdHash=null, data=[ 0x23 0x4c 0x5a 0x50 0x4c 0x11 0x32 0x7f 0x16 0xab 0x42 0xc1 0x4a 0xa9 0x97 0xb9 0xd6 0x13 0x76 0x7a 0xf8 0xc6 0x05 ], deviceToken=[ 0xb9 0xc2 ], rxAdvertisement=null } : 4 times.
09-18 08:33:01.498 I/NearbyMediums(17809): Total 6 fast advertisements.
09-18 08:33:01.507 I/NearbyConnections(17809): Processing lost BlePeripheral BlePeripheral{advertisement=BleAdvertisement { version=2, socketVersion=2, isFast=true, serviceIdHash=null, data=[ 0x23 0x36 0x59 0x39 0x50 0x11 0x32 0x34 0xa8 0x7e 0x85 0x2a 0x21 0x0a 0x0d 0xe0 0x39 0x75 0xb3 0x65 0x69 0x00 0x54 ], deviceToken=[ 0x75 0x16 ], rxAdvertisement=null }, address=null, psm=0, deviceToken=<ByteString@6df1724 size=2 contents="u\026">, isSecondProfile=false, rxInstantConnectionAdv=null}.
09-18 08:33:01.515 I/NearbyMediums(17809): This GATT advertisement BleAdvertisement { version=2, socketVersion=2, isFast=true, serviceIdHash=null, data=[ 0x23 0x57 0x33 0x4f 0x59 0x11 0x32 0x11 0xe7 0x71 0x66 0x5f 0x5a 0x43 0x9e 0xd7 0x67 0xbd 0x12 0x03 0xf6 0xf4 0x04 ], deviceToken=[ 0x75 0x16 ], rxAdvertisement=null } is a Fast Advertisement and matched UUID 0000fef3-0000-1000-8000-00805f9b34fb in fastAdvertisementServiceUuids map with serviceID NearbySharing
09-18 08:33:01.520 I/NearbyConnections(17809): Found BleAdvertisement [ 0x23 0x57 0x33 0x4f 0x59 0x11 0x32 0x11 0xe7 0x71 0x66 0x5f 0x5a 0x43 0x9e 0xd7 0x67 0xbd 0x12 0x03 0xf6 0xf4 0x04 ] (with EndpointId W3OY and EndpointInfo [ 0x32 0x11 0xe7 0x71 0x66 0x5f 0x5a 0x43 0x9e 0xd7 0x67 0xbd 0x12 0x03 0xf6 0xf4 0x04 ])
09-18 08:33:01.538 I/NearbyConnections(17809): ClientProxy(18057172) reporting onEndpointFound(W3OY)
09-18 08:33:01.540 I/NearbyConnections(17809): ClientProxy(18057172) reporting onEndpointDistanceChanged(W3OY, UNKNOWN)
09-18 08:33:01.540 I/NearbySharing(17809): Endpoint W3OY discovered over Nearby Connections
09-18 08:33:01.542 I/NearbyConnections(17809): No Bluetooth Classic MAC address found in [ 0x23 0x57 0x33 0x4f 0x59 0x11 0x32 0x11 0xe7 0x71 0x66 0x5f 0x5a 0x43 0x9e 0xd7 0x67 0xbd 0x12 0x03 0xf6 0xf4 0x04 ]
09-18 08:33:01.553 I/NearbySharing(17809): Failed to convert given advertisement (W3OY)[ 0x32 0x11 0xe7 0x71 0x66 0x5f 0x5a 0x43 0x9e 0xd7 0x67 0xbd 0x12 0x03 0xf6 0xf4 0x04 ] to share target from discovered advertisement. Ignoring.
09-18 08:33:01.553 I/NearbySharing(17809): Report endpoint W3OY as lost, since we cannot recognize this endpoint anymore
09-18 08:33:01.555 I/NearbySharing(17809): Ignoring lost endpoint W3OY because we don't have an associated ShareTarget
09-18 08:33:01.844 D/ActivityManager( 1449): freezing 27970 com.android.chrome:privileged_process0
09-18 08:33:01.904 D/TrafficStats(26928): tagSocket(5) with statsTag=0xffffffff, statsUid=-1
09-18 08:33:01.914 D/TrafficStats(26928): tagSocket(96) with statsTag=0xffffffff, statsUid=-1
09-18 08:33:01.915 D/ActivityManager( 1449): freezing 22402 com.google.android.documentsui
09-18 08:33:01.917 D/TrafficStats(26928): tagSocket(97) with statsTag=0xffffffff, statsUid=-1
09-18 08:33:01.921 D/ActivityManager( 1449): freezing 26256 com.android.vending:background
09-18 08:33:01.923 D/InetDiagMessage( 1449): Destroyed 0 sockets, proto=IPPROTO_TCP, family=AF_INET, states=14
09-18 08:33:01.924 D/ActivityManager( 1449): freezing 30268 com.google.android.apps.photos
09-18 08:33:01.928 D/InetDiagMessage( 1449): Destroyed 0 sockets, proto=IPPROTO_TCP, family=AF_INET6, states=14
09-18 08:33:01.928 D/InetDiagMessage( 1449): Destroyed live tcp sockets for uids={10082} in 10ms
09-18 08:33:01.933 D/ActivityManager( 1449): freezing 27393 com.android.chrome
09-18 08:33:01.934 D/TrafficStats(26928): tagSocket(98) with statsTag=0xffffffff, statsUid=-1
09-18 08:33:01.936 D/TrafficStats(26928): tagSocket(99) with statsTag=0xffffffff, statsUid=-1
09-18 08:33:01.936 D/InetDiagMessage( 1449): Destroyed 0 sockets, proto=IPPROTO_TCP, family=AF_INET, states=14
09-18 08:33:01.939 D/TrafficStats(26928): tagSocket(100) with statsTag=0xffffffff, statsUid=-1
09-18 08:33:01.940 D/InetDiagMessage( 1449): Destroyed 0 sockets, proto=IPPROTO_TCP, family=AF_INET6, states=14
09-18 08:33:01.941 D/InetDiagMessage( 1449): Destroyed live tcp sockets for uids={10116} in 13ms
09-18 08:33:01.958 D/InetDiagMessage( 1449): Destroyed 0 sockets, proto=IPPROTO_TCP, family=AF_INET, states=14
09-18 08:33:01.977 D/InetDiagMessage( 1449): Destroyed 0 sockets, proto=IPPROTO_TCP, family=AF_INET6, states=14
09-18 08:33:01.977 D/InetDiagMessage( 1449): Destroyed live tcp sockets for uids={10192} in 24ms
09-18 08:33:01.979 D/InetDiagMessage( 1449): Destroyed 0 sockets, proto=IPPROTO_TCP, family=AF_INET, states=14
09-18 08:33:01.982 D/InetDiagMessage( 1449): Destroyed 0 sockets, proto=IPPROTO_TCP, family=AF_INET6, states=14
09-18 08:33:01.982 D/InetDiagMessage( 1449): Destroyed live tcp sockets for uids={10186} in 4ms
09-18 08:33:02.210 I/keystore2(  538): system/security/keystore2/watchdog/src/lib.rs:319 - Watchdog thread idle -> terminating. Have a great day.
09-18 08:33:02.211 I/WifiHAL (  959): Creating message to get link statistics; iface = 48
09-18 08:33:02.276 I/WifiHAL (  959): In GetLinkStatsCommand::handleResponse
09-18 08:33:02.343 D/ConnectivityService( 1449): NetReassign [no changes] [c 1] [a 0] [i 5]
09-18 08:33:02.504 I/bthal.activity(  881): bt_power: LeAdvStat: 08:33:01:501 - 08:33:02:504, duration: 1003, le_adv_count: 2, total_le_adv_count: 1472137, total_event_count: 2
09-18 08:33:02.941 W/TracingMuxer( 1137): type=1400 audit(0.0:104166): avc:  denied  { write } for  name="traced_producer" dev="tmpfs" ino=1590 scontext=u:r:gxp_logging:s0 tcontext=u:object_r:traced_producer_socket:s0 tclass=sock_file permissive=0
09-18 08:33:03.035 D/TrafficStats(26928): tagSocket(5) with statsTag=0xffffffff, statsUid=-1
09-18 08:33:03.043 D/TrafficStats(26928): tagSocket(96) with statsTag=0xffffffff, statsUid=-1
09-18 08:33:03.051 D/TrafficStats(26928): tagSocket(97) with statsTag=0xffffffff, statsUid=-1
09-18 08:33:03.057 D/TrafficStats(26928): tagSocket(98) with statsTag=0xffffffff, statsUid=-1
09-18 08:33:03.062 D/TrafficStats(26928): tagSocket(99) with statsTag=0xffffffff, statsUid=-1
09-18 08:33:03.089 D/TrafficStats(26928): tagSocket(100) with statsTag=0xffffffff, statsUid=-1
09-18 08:33:03.172 W/System  (26928): A resource failed to call end. 
09-18 08:33:03.173 W/System  (26928): A resource failed to call end. 
09-18 08:33:03.173 W/System  (26928): A resource failed to call end. 
09-18 08:33:03.173 W/System  (26928): A resource failed to call end. 
09-18 08:33:03.173 W/System  (26928): A resource failed to call end. 
09-18 08:33:03.173 W/System  (26928): A resource failed to call end. 
09-18 08:33:03.174 W/System  (26928): A resource failed to call end. 
09-18 08:33:03.174 W/System  (26928): A resource failed to call end. 
09-18 08:33:03.175 W/System  (26928): A resource failed to call end. 
09-18 08:33:03.175 W/System  (26928): A resource failed to call end. 
09-18 08:33:03.175 W/System  (26928): A resource failed to call end. 
09-18 08:33:03.175 W/System  (26928): A resource failed to call end. 
09-18 08:33:03.176 W/System  (26928): A resource failed to call end. 
09-18 08:33:03.176 W/System  (26928): A resource failed to call end. 
09-18 08:33:03.836 I/bthal.activity(  881): bt_power: LeAdvStat: 08:33:02:832 - 08:33:03:835, duration: 1003, le_adv_count: 1, total_le_adv_count: 1472138, total_event_count: 0
09-18 08:33:03.891 D/TrafficStats(26928): tagSocket(5) with statsTag=0xffffffff, statsUid=-1
09-18 08:33:03.898 I/System.out(26928): {"id":"ccea426b-83dc-44de-856e-9a8fcf3c3eb8","uri":"poco-uiautomation-framework","method":[["getattr","selector"],["getattr","select"],["call",[["",["and",[["attr=",["text","While using the app"]]]]],["",false]]]],"session_id":"b85698a7-2bd6-4a0b-bf5e-81478e4fc96d"}
09-18 08:33:03.934 D/TrafficStats(26928): tagSocket(5) with statsTag=0xffffffff, statsUid=-1
09-18 08:33:03.939 I/System.out(26928): {"id":"8929203b-1259-4751-afcc-ff66ff2bafdb","uri":"[Lcom.netease.open.libpoco.sdk.AbstractNode;@b7dc770(15e17ebd-8a88-41c6-ac11-b255dc4d0cbe)","method":[["len",[]]],"session_id":"b85698a7-2bd6-4a0b-bf5e-81478e4fc96d"}
09-18 08:33:03.952 D/TrafficStats(26928): tagSocket(5) with statsTag=0xffffffff, statsUid=-1
09-18 08:33:03.959 I/System.out(26928): {"id":"be37b038-8e46-4c47-afc6-25dea742aa01","uri":"[Lcom.netease.open.libpoco.sdk.AbstractNode;@b7dc770(15e17ebd-8a88-41c6-ac11-b255dc4d0cbe)","method":[["len",[]]],"session_id":"b85698a7-2bd6-4a0b-bf5e-81478e4fc96d"}
09-18 08:33:03.973 D/TrafficStats(26928): tagSocket(97) with statsTag=0xffffffff, statsUid=-1
09-18 08:33:03.978 I/System.out(26928): {"id":"6ce132b5-4275-4579-a017-53617defa2c2","uri":"poco-uiautomation-framework","method":[["getattr","attributor"],["getattr","getAttr"],["call",[["uri","[Lcom.netease.open.libpoco.sdk.AbstractNode;@b7dc770(15e17ebd-8a88-41c6-ac11-b255dc4d0cbe)"],["","visible"]]]],"session_id":"b85698a7-2bd6-4a0b-bf5e-81478e4fc96d"}
09-18 08:33:03.994 D/TrafficStats(26928): tagSocket(5) with statsTag=0xffffffff, statsUid=-1
09-18 08:33:03.998 I/System.out(26928): {"id":"","uri":"[Lcom.netease.open.libpoco.sdk.AbstractNode;@b7dc770(15e17ebd-8a88-41c6-ac11-b255dc4d0cbe)","method":[["del",[]]],"session_id":"b85698a7-2bd6-4a0b-bf5e-81478e4fc96d"}
09-18 08:33:04.008 D/TrafficStats(26928): tagSocket(5) with statsTag=0xffffffff, statsUid=-1
09-18 08:33:04.012 I/System.out(26928): {"id":"0879c2aa-459b-4a9f-a942-92c0012bdac7","uri":"poco-uiautomation-framework","method":[["getattr","selector"],["getattr","select"],["call",[["",["and",[["attr=",["text","While using the app"]]]]],["",false]]]],"session_id":"b85698a7-2bd6-4a0b-bf5e-81478e4fc96d"}
09-18 08:33:04.049 D/TrafficStats(26928): tagSocket(5) with statsTag=0xffffffff, statsUid=-1
09-18 08:33:04.057 I/System.out(26928): {"id":"6324a103-866f-4eec-aeda-71288dda7ca1","uri":"[Lcom.netease.open.libpoco.sdk.AbstractNode;@27d287a(45f9ec42-b1a0-42b3-930c-0271b8ed9ef5)","method":[["len",[]]],"session_id":"b85698a7-2bd6-4a0b-bf5e-81478e4fc96d"}
09-18 08:33:04.066 D/ProfileInstaller(27471): Installing profile for com.zebra.soho_app
09-18 08:33:04.070 D/TrafficStats(26928): tagSocket(5) with statsTag=0xffffffff, statsUid=-1
09-18 08:33:04.075 I/System.out(26928): {"id":"98a23e20-1281-4ac1-8583-e5f42ae84a4e","uri":"[Lcom.netease.open.libpoco.sdk.AbstractNode;@27d287a(45f9ec42-b1a0-42b3-930c-0271b8ed9ef5)","method":[["len",[]]],"session_id":"b85698a7-2bd6-4a0b-bf5e-81478e4fc96d"}
09-18 08:33:04.087 D/TrafficStats(26928): tagSocket(5) with statsTag=0xffffffff, statsUid=-1
09-18 08:33:04.094 I/System.out(26928): {"id":"cc8d2ff9-8dcd-4d87-b8b3-7011b3d39bd0","uri":"poco-uiautomation-framework","method":[["getattr","attributor"],["getattr","getAttr"],["call",[["uri","[Lcom.netease.open.libpoco.sdk.AbstractNode;@27d287a(45f9ec42-b1a0-42b3-930c-0271b8ed9ef5)"],["","pos"]]]],"session_id":"b85698a7-2bd6-4a0b-bf5e-81478e4fc96d"}
09-18 08:33:04.116 D/TrafficStats(26928): tagSocket(96) with statsTag=0xffffffff, statsUid=-1
09-18 08:33:04.122 D/TrafficStats(26928): tagSocket(97) with statsTag=0xffffffff, statsUid=-1
09-18 08:33:04.132 D/TrafficStats(26928): tagSocket(5) with statsTag=0xffffffff, statsUid=-1
09-18 08:33:04.138 D/TrafficStats(26928): tagSocket(98) with statsTag=0xffffffff, statsUid=-1
09-18 08:33:04.139 I/System.out(26928): {"id":"217e0dca-d7b3-4123-b2ab-ca29a2631517","uri":"poco-uiautomation-framework","method":[["getattr","attributor"],["getattr","getAttr"],["call",[["uri","[Lcom.netease.open.libpoco.sdk.AbstractNode;@27d287a(45f9ec42-b1a0-42b3-930c-0271b8ed9ef5)"],["","size"]]]],"session_id":"b85698a7-2bd6-4a0b-bf5e-81478e4fc96d"}
09-18 08:33:04.158 D/TrafficStats(26928): tagSocket(5) with statsTag=0xffffffff, statsUid=-1
09-18 08:33:04.163 D/TrafficStats(26928): tagSocket(99) with statsTag=0xffffffff, statsUid=-1
09-18 08:33:04.166 D/TrafficStats(26928): tagSocket(100) with statsTag=0xffffffff, statsUid=-1
09-18 08:33:04.168 D/TrafficStats(26928): tagSocket(101) with statsTag=0xffffffff, statsUid=-1
09-18 08:33:04.169 I/System.out(26928): {"id":"d3cf2f5a-c46c-4bda-a1ce-da73fd7a510f","uri":"poco-uiautomation-framework","method":[["getattr","attributor"],["getattr","getAttr"],["call",[["uri","[Lcom.netease.open.libpoco.sdk.AbstractNode;@27d287a(45f9ec42-b1a0-42b3-930c-0271b8ed9ef5)"],["","anchorPoint"]]]],"session_id":"b85698a7-2bd6-4a0b-bf5e-81478e4fc96d"}
09-18 08:33:04.589 D/AndroidRuntime(27634): >>>>>> START com.android.internal.os.RuntimeInit uid 2000 <<<<<<
09-18 08:33:04.594 I/AndroidRuntime(27634): Using default boot image
09-18 08:33:04.594 I/AndroidRuntime(27634): Leaving lock profiling enabled
09-18 08:33:04.597 I/app_process(27634): Using CollectorTypeCMC GC.
09-18 08:33:04.657 D/nativeloader(27634): InitDefaultPublicLibraries for_preload=1: libandroid.so:libaaudio.so:libamidi.so:libbinder_ndk.so:libc.so:libcamera2ndk.so:libdl.so:libEGL.so:libGLESv1_CM.so:libGLESv2.so:libGLESv3.so:libicu.so:libicui18n.so:libicuuc.so:libjnigraphics.so:liblog.so:libmediandk.so:libm.so:libnativehelper.so:libnativewindow.so:libOpenMAXAL.so:libOpenSLES.so:libRS.so:libstdc++.so:libsync.so:libvulkan.so:libwebviewchromium_plat_support.so:libz.so
09-18 08:33:04.664 D/app_process(27634): Time zone APEX ICU file found: /apex/com.android.tzdata/etc/icu/icu_tzdata.dat
09-18 08:33:04.664 D/app_process(27634): I18n APEX ICU file found: /apex/com.android.i18n/etc/icu/icudt72l.dat
09-18 08:33:04.669 W/ziparchive(27634): Unable to open '/data/local/tmp/rotationwatcher.dm': No such file or directory
09-18 08:33:04.683 D/AndroidRuntime(27634): Calling main entry com.example.rotationwatcher.Main
09-18 08:33:05.230 D/TrafficStats(26928): tagSocket(5) with statsTag=0xffffffff, statsUid=-1
09-18 08:33:05.235 D/TrafficStats(26928): tagSocket(96) with statsTag=0xffffffff, statsUid=-1
09-18 08:33:05.240 D/TrafficStats(26928): tagSocket(97) with statsTag=0xffffffff, statsUid=-1
09-18 08:33:05.253 D/TrafficStats(26928): tagSocket(98) with statsTag=0xffffffff, statsUid=-1
09-18 08:33:05.260 D/TrafficStats(26928): tagSocket(99) with statsTag=0xffffffff, statsUid=-1
09-18 08:33:05.263 D/TrafficStats(26928): tagSocket(100) with statsTag=0xffffffff, statsUid=-1
09-18 08:33:05.330 I/WifiHAL (  959): Creating message to get link statistics; iface = 48
09-18 08:33:05.381 I/WifiHAL (  959): In GetLinkStatsCommand::handleResponse
09-18 08:33:05.430 D/ConnectivityService( 1449): NetReassign [no changes] [c 1] [a 0] [i 4]
09-18 08:33:05.885 D/hwc-display(  564): PrimaryDisplay: edid_property is supported but blob is not valid
09-18 08:33:05.886 D/hwc-display(  564): using Display Fake Edid
09-18 08:33:05.886 D/hwc-display(  564): PrimaryDisplay: edid_property is supported but blob is not valid
09-18 08:33:05.886 D/hwc-display(  564): using Display Fake Edid
09-18 08:33:05.886 W/DisplayIdentification(  562): Invalid EDID: model year or manufacture year cannot be in the range [0x0, 0xf].
09-18 08:33:06.327 D/TrafficStats(26928): tagSocket(5) with statsTag=0xffffffff, statsUid=-1
09-18 08:33:06.334 D/TrafficStats(26928): tagSocket(96) with statsTag=0xffffffff, statsUid=-1
09-18 08:33:06.339 D/TrafficStats(26928): tagSocket(97) with statsTag=0xffffffff, statsUid=-1
09-18 08:33:06.344 D/TrafficStats(26928): tagSocket(98) with statsTag=0xffffffff, statsUid=-1
09-18 08:33:06.349 D/TrafficStats(26928): tagSocket(99) with statsTag=0xffffffff, statsUid=-1
09-18 08:33:06.369 D/TrafficStats(26928): tagSocket(100) with statsTag=0xffffffff, statsUid=-1
09-18 08:33:06.486 W/System  (26928): A resource failed to call end. 
09-18 08:33:06.486 W/System  (26928): A resource failed to call end. 
09-18 08:33:06.486 W/System  (26928): A resource failed to call end. 
09-18 08:33:06.487 W/System  (26928): A resource failed to call end. 
09-18 08:33:06.487 W/System  (26928): A resource failed to call end. 
09-18 08:33:06.487 W/System  (26928): A resource failed to call end. 
09-18 08:33:06.487 W/System  (26928): A resource failed to call end. 
09-18 08:33:06.488 W/System  (26928): A resource failed to call end. 
09-18 08:33:06.488 W/System  (26928): A resource failed to call end. 
09-18 08:33:06.489 W/System  (26928): A resource failed to call end. 
09-18 08:33:06.491 W/System  (26928): A resource failed to call end. 
09-18 08:33:06.491 W/System  (26928): A resource failed to call end. 
09-18 08:33:06.491 W/System  (26928): A resource failed to call end. 
09-18 08:33:06.492 W/System  (26928): A resource failed to call end. 
09-18 08:33:06.493 W/System  (26928): A resource failed to call end. 
09-18 08:33:06.494 W/System  (26928): A resource failed to call end. 
09-18 08:33:06.495 W/System  (26928): A resource failed to call end. 
09-18 08:33:06.496 W/System  (26928): A resource failed to call end. 
09-18 08:33:06.496 W/System  (26928): A resource failed to call end. 
09-18 08:33:06.500 W/System  (26928): A resource failed to call end. 
09-18 08:33:06.500 W/System  (26928): A resource failed to call end. 
09-18 08:33:06.501 W/System  (26928): A resource failed to call end. 
09-18 08:33:06.502 W/System  (26928): A resource failed to call end. 
09-18 08:33:06.502 W/System  (26928): A resource failed to call end. 
09-18 08:33:06.503 W/System  (26928): A resource failed to call end. 
09-18 08:33:06.504 W/System  (26928): A resource failed to call end. 
09-18 08:33:06.504 W/System  (26928): A resource failed to call end. 
09-18 08:33:06.505 W/System  (26928): A resource failed to call end. 
09-18 08:33:06.615 I/bthal.activity(  881): bt_power: LeAdvStat: 08:33:05:611 - 08:33:06:615, duration: 1003, le_adv_count: 2, total_le_adv_count: 1472140, total_event_count: 2
09-18 08:33:06.996 D/BoundBrokerSvc( 9247): onUnbind: Intent { act=com.google.android.gms.backup.GMS_MODULE_RESTORE dat=chimera-action:/... cmp=com.google.android.gms/.chimera.GmsInternalBoundBrokerService }
09-18 08:33:07.000 D/AndroidRuntime(27687): >>>>>> START com.android.internal.os.RuntimeInit uid 2000 <<<<<<
09-18 08:33:07.006 I/AndroidRuntime(27687): Using default boot image
09-18 08:33:07.006 I/AndroidRuntime(27687): Leaving lock profiling enabled
09-18 08:33:07.009 I/app_process(27687): Using CollectorTypeCMC GC.
09-18 08:33:07.071 D/nativeloader(27687): InitDefaultPublicLibraries for_preload=1: libandroid.so:libaaudio.so:libamidi.so:libbinder_ndk.so:libc.so:libcamera2ndk.so:libdl.so:libEGL.so:libGLESv1_CM.so:libGLESv2.so:libGLESv3.so:libicu.so:libicui18n.so:libicuuc.so:libjnigraphics.so:liblog.so:libmediandk.so:libm.so:libnativehelper.so:libnativewindow.so:libOpenMAXAL.so:libOpenSLES.so:libRS.so:libstdc++.so:libsync.so:libvulkan.so:libwebviewchromium_plat_support.so:libz.so
09-18 08:33:07.079 D/app_process(27687): Time zone APEX ICU file found: /apex/com.android.tzdata/etc/icu/icu_tzdata.dat
09-18 08:33:07.079 D/app_process(27687): I18n APEX ICU file found: /apex/com.android.i18n/etc/icu/icudt72l.dat
09-18 08:33:07.083 W/ziparchive(27687): Unable to open '/data/local/tmp/maxpresent.dm': No such file or directory
09-18 08:33:07.119 D/AndroidRuntime(27687): Calling main entry com.netease.maxpresent.MaxPresent
09-18 08:33:07.149 V/GrantPermissionsViewModel(12633): Logged buttons presented and clicked permissionGroupName=android.permission-group.LOCATION uid=10366 selectedPrecision=3 package=com.zebra.soho_app presentedButtons=44 clickedButton=4 isPermissionRationaleShown=false sessionId=4048484231886227516 targetSdk=34
09-18 08:33:07.155 V/GrantPermissionsViewModel(12633): Permission grant result requestId=4048484231886227516 callingUid=10366 callingPackage=com.zebra.soho_app permission=android.permission.ACCESS_FINE_LOCATION isImplicit=false result=4 isPermissionRationaleShown=false
09-18 08:33:07.155 V/GrantPermissionsViewModel(12633): Permission grant result requestId=4048484231886227516 callingUid=10366 callingPackage=com.zebra.soho_app permission=android.permission.ACCESS_COARSE_LOCATION isImplicit=true result=4 isPermissionRationaleShown=false
09-18 08:33:07.160 V/WindowManagerShell( 1984): Transition requested (#4556): android.os.BinderProxy@1475747 TransitionRequestInfo { type = CLOSE, triggerTask = null, pipTask = null, remoteTransition = null, displayChange = null, flags = 0, debugId = 4556 }
09-18 08:33:07.165 I/BpBinder(  562): onLastStrongRef automatically unlinking death recipients: 
09-18 08:33:07.175 D/CompatibilityChangeReporter(27471): Compat change id reported: 78294732; UID 10366; state: ENABLED
09-18 08:33:07.176 D/SessionLifecycleClient(27471): Sending lifecycle 1 to service
09-18 08:33:07.178 V/WindowManagerShell( 1984): onTransitionReady (#4556) android.os.BinderProxy@1475747: {id=4556 t=CLOSE f=0x0 trk=0 opt={t=FROM_STYLE} r=[0@Point(0, 0)] c=[{null m=CLOSE f=TRANSLUCENT|FILLS_TASK leash=Surface(name=ActivityRecord{544e8e5 u0 com.google.android.permissioncontroller/com.android.permissioncontroller.permission.ui.GrantPermissionsActivity t1705})/@0xfe1fb74 sb=Rect(0, 0 - 1080, 2340) eb=Rect(0, 0 - 1080, 2340) d=0 component=com.google.android.permissioncontroller/com.android.permissioncontroller.permission.ui.GrantPermissionsActivity}]}
09-18 08:33:07.178 V/WindowManagerShell( 1984): Playing animation for (#4556) android.os.BinderProxy@1475747@0
09-18 08:33:07.178 V/WindowManagerShell( 1984):  try handler com.android.wm.shell.transition.DefaultMixedHandler@f494f5b
09-18 08:33:07.178 V/WindowManagerShell( 1984):  try handler com.android.wm.shell.keyguard.KeyguardTransitionHandler@3c6b3f8
09-18 08:33:07.178 V/WindowManagerShell( 1984):  try handler com.android.wm.shell.pip.PipTransition@4060d1
09-18 08:33:07.178 V/WindowManagerShell( 1984):  try handler com.android.wm.shell.activityembedding.ActivityEmbeddingController@b8f1736
09-18 08:33:07.178 V/WindowManagerShell( 1984):  try handler com.android.wm.shell.recents.RecentsTransitionHandler@ec38637
09-18 08:33:07.178 V/ShellRecents( 1984): RecentsTransitionHandler.startAnimation: no controller found
09-18 08:33:07.178 V/WindowManagerShell( 1984):  try handler com.android.wm.shell.splitscreen.StageCoordinator@24ec14c
09-18 08:33:07.178 V/WindowManagerShell( 1984):  try handler com.android.wm.shell.transition.RemoteTransitionHandler@1af17a4
09-18 08:33:07.178 V/WindowManagerShell( 1984): Transition doesn't have explicit remote, search filters for match for {id=4556 t=CLOSE f=0x0 trk=0 opt={t=FROM_STYLE} r=[0@Point(0, 0)] c=[{null m=CLOSE f=TRANSLUCENT|FILLS_TASK leash=Surface(name=ActivityRecord{544e8e5 u0 com.google.android.permissioncontroller/com.android.permissioncontroller.permission.ui.GrantPermissionsActivity t1705})/@0xfe1fb74 sb=Rect(0, 0 - 1080, 2340) eb=Rect(0, 0 - 1080, 2340) d=0 component=com.google.android.permissioncontroller/com.android.permissioncontroller.permission.ui.GrantPermissionsActivity}]}
09-18 08:33:07.178 V/WindowManagerShell( 1984):  Checking filter Pair{{types=[] flags=0x0] notFlags=0x0 checks=[{atype=dream independent=true modes=[OPEN,TO_FRONT] flags=NONE mustBeTask=false order=ANY topActivity=null},{atype=home independent=true modes=[CLOSE,TO_BACK] flags=NONE mustBeTask=false order=ANY topActivity=null}]} RemoteTransition { remoteTransition = android.window.IRemoteTransition$Stub$Proxy@4ce5e20, appThread = android.app.IApplicationThread$Stub$Proxy@94c03d9, debugName = LauncherToDream }}
09-18 08:33:07.178 V/WindowManagerShell( 1984):  Checking filter Pair{{types=[] flags=0x0] notFlags=0x100 checks=[{atype=home independent=true modes=[OPEN,TO_FRONT] flags=NONE mustBeTask=false order=TOP topActivity=ComponentInfo{com.google.android.apps.nexuslauncher/com.google.android.apps.nexuslauncher.NexusLauncherActivity}},{atype=standard independent=true modes=[CLOSE,TO_BACK] flags=NONE mustBeTask=false order=ANY topActivity=null}]} RemoteTransition { remoteTransition = android.window.IRemoteTransition$Stub$Proxy@15ff19e, appThread = android.app.IApplicationThread$Stub$Proxy@fac347f, debugName = QuickstepLaunchHome }}
09-18 08:33:07.178 V/WindowManagerShell( 1984):  Delegate animation for (#4556) to null
09-18 08:33:07.178 V/WindowManagerShell( 1984):  try handler com.android.wm.shell.transition.DefaultTransitionHandler@d99390d
09-18 08:33:07.179 V/WindowManagerShell( 1984): start default transition animation, info = {id=4556 t=CLOSE f=0x0 trk=0 opt={t=FROM_STYLE} r=[0@Point(0, 0)] c=[{null m=CLOSE f=TRANSLUCENT|FILLS_TASK leash=Surface(name=ActivityRecord{544e8e5 u0 com.google.android.permissioncontroller/com.android.permissioncontroller.permission.ui.GrantPermissionsActivity t1705})/@0xfe1fb74 sb=Rect(0, 0 - 1080, 2340) eb=Rect(0, 0 - 1080, 2340) d=0 component=com.google.android.permissioncontroller/com.android.permissioncontroller.permission.ui.GrantPermissionsActivity}]}
09-18 08:33:07.179 V/WindowManagerShell( 1984): loadAnimation: anim=null animAttr=0x7 type=CLOSE isEntrance=false
09-18 08:33:07.180 V/WindowManagerShell( 1984): Transition animation finished (aborted=false), notifying core (#4556) android.os.BinderProxy@1475747@0
09-18 08:33:07.180 W/UserManagerService( 1449): Requested status bar icon for non-badged user 0
09-18 08:33:07.180 D/SessionLifecycleService(27471): Activity foregrounding at 1812553056.
09-18 08:33:07.181 V/WindowManager( 1449): Loading animations: layout params pkg=com.google.android.permissioncontroller resId=0x1030309
09-18 08:33:07.181 V/WindowManager( 1449): Loading animations: picked package=android
09-18 08:33:07.185 V/WindowManager( 1449): Sent Transition (#4556) createdAt=09-18 08:33:07.156 via request=TransitionRequestInfo { type = CLOSE, triggerTask = null, pipTask = null, remoteTransition = null, displayChange = null, flags = 0, debugId = 4556 }
09-18 08:33:07.185 V/WindowManager( 1449):     startWCT=WindowContainerTransaction { changes = {} hops = [] errorCallbackToken=null taskFragmentOrganizer=null }
09-18 08:33:07.185 V/WindowManager( 1449):     info={id=4556 t=CLOSE f=0x0 trk=0 opt={t=FROM_STYLE} r=[0@Point(0, 0)] c=[
09-18 08:33:07.185 V/WindowManager( 1449):         {null m=CLOSE f=TRANSLUCENT|FILLS_TASK leash=Surface(name=ActivityRecord{544e8e5 u0 com.google.android.permissioncontroller/com.android.permissioncontroller.permission.ui.GrantPermissionsActivity t1705})/@0xca22596 sb=Rect(0, 0 - 1080, 2340) eb=Rect(0, 0 - 1080, 2340) d=0 component=com.google.android.permissioncontroller/com.android.permissioncontroller.permission.ui.GrantPermissionsActivity}
09-18 08:33:07.185 V/WindowManager( 1449):     ]}
09-18 08:33:07.185 V/WindowManager( 1449): Finish Transition (#4556): created at 09-18 08:33:07.156 collect-started=0.032ms request-sent=0.102ms started=3.724ms ready=16.534ms sent=18.874ms finished=23.906ms
09-18 08:33:07.186 V/WindowManagerShell( 1984): Track 0 became idle
09-18 08:33:07.186 V/WindowManagerShell( 1984): All active transition animations finished
09-18 08:33:07.186 V/WindowManagerShell( 1984):  animated by com.android.wm.shell.transition.DefaultTransitionHandler@d99390d
09-18 08:33:07.186 V/WindowManagerShell( 1984): Track 0 became idle
09-18 08:33:07.186 V/WindowManagerShell( 1984): All active transition animations finished
09-18 08:33:07.189 W/UserManagerService( 1449): Requested status bar icon for non-badged user 0
09-18 08:33:07.194 D/CompatibilityChangeReporter( 1449): Compat change id reported: 214016041; UID 10366; state: ENABLED
09-18 08:33:07.194 I/ImeTracker( 1449): com.zebra.soho_app:5f41809e: onRequestHide at ORIGIN_SERVER reason HIDE_UNSPECIFIED_WINDOW fromUser false
09-18 08:33:07.194 I/ImeTracker( 1449): com.zebra.soho_app:5f41809e: onCancelled at PHASE_SERVER_SHOULD_HIDE
09-18 08:33:07.202 D/VRI[GrantPermissionsActivity](12633): visibilityChanged oldVisibility=true newVisibility=false
09-18 08:33:07.204 W/WindowOnBackDispatcher(12633): sendCancelIfRunning: isInProgress=falsecallback=android.view.ViewRootImpl$$ExternalSyntheticLambda11@16e2693
09-18 08:33:07.204 D/CoreBackPreview( 1449): Window{4f0db72 u0 com.google.android.permissioncontroller/com.android.permissioncontroller.permission.ui.GrantPermissionsActivity}: Setting back callback null
09-18 08:33:07.205 W/InputManager-JNI( 1449): Input channel object '4f0db72 com.google.android.permissioncontroller/com.android.permissioncontroller.permission.ui.GrantPermissionsActivity (client)' was disposed without first being removed with the input manager!
09-18 08:33:07.205 D/TrafficStats(17761): tagSocket(98) with statsTag=0xffffffff, statsUid=-1
09-18 08:33:07.207 E/NIO     (17761): wtf
09-18 08:33:07.207 E/NIO     (17761): java.net.BindException: Address already in use
09-18 08:33:07.207 E/NIO     (17761): 	at sun.nio.ch.Net.bind0(Native Method)
09-18 08:33:07.207 E/NIO     (17761): 	at sun.nio.ch.Net.bind(Net.java:442)
09-18 08:33:07.207 E/NIO     (17761): 	at sun.nio.ch.Net.bind(Net.java:434)
09-18 08:33:07.207 E/NIO     (17761): 	at sun.nio.ch.ServerSocketChannelImpl.bind(ServerSocketChannelImpl.java:223)
09-18 08:33:07.207 E/NIO     (17761): 	at sun.nio.ch.ServerSocketAdaptor.bind(ServerSocketAdaptor.java:74)
09-18 08:33:07.207 E/NIO     (17761): 	at sun.nio.ch.ServerSocketAdaptor.bind(ServerSocketAdaptor.java:67)
09-18 08:33:07.207 E/NIO     (17761): 	at com.koushikdutta.async.AsyncServer$5.run(AsyncServer.java:316)
09-18 08:33:07.207 E/NIO     (17761): 	at com.koushikdutta.async.AsyncServer$3.run(AsyncServer.java:211)
09-18 08:33:07.207 E/NIO     (17761): 	at com.koushikdutta.async.AsyncServer.lockAndRunQueue(AsyncServer.java:740)
09-18 08:33:07.207 E/NIO     (17761): 	at com.koushikdutta.async.AsyncServer.runLoop(AsyncServer.java:758)
09-18 08:33:07.207 E/NIO     (17761): 	at com.koushikdutta.async.AsyncServer.run(AsyncServer.java:658)
09-18 08:33:07.207 E/NIO     (17761): 	at com.koushikdutta.async.AsyncServer.access$800(AsyncServer.java:44)
09-18 08:33:07.207 E/NIO     (17761): 	at com.koushikdutta.async.AsyncServer$14.run(AsyncServer.java:600)
09-18 08:33:07.433 D/TrafficStats(26928): tagSocket(5) with statsTag=0xffffffff, statsUid=-1
09-18 08:33:07.449 D/TrafficStats(26928): tagSocket(96) with statsTag=0xffffffff, statsUid=-1
09-18 08:33:07.451 D/TrafficStats(26928): tagSocket(97) with statsTag=0xffffffff, statsUid=-1
09-18 08:33:07.456 D/TrafficStats(26928): tagSocket(98) with statsTag=0xffffffff, statsUid=-1
09-18 08:33:07.485 D/TrafficStats(26928): tagSocket(99) with statsTag=0xffffffff, statsUid=-1
09-18 08:33:07.486 D/TrafficStats(26928): tagSocket(100) with statsTag=0xffffffff, statsUid=-1
09-18 08:33:08.077 I/pixel-thermal( 1630): VIRTUAL-SKIN:29.4036 raw data: VIRTUAL-GNSS-DISP:29403.6 VIRTUAL-NEUTRAL-QUIET:28491.2 VIRTUAL-QUIET-USB2:27526.7 VIRTUAL-SKIN:29403.6 VIRTUAL-USB2-QUIET:27078.3 disp_therm:28834 gnss_tcxo_therm:30592 neutral_therm:29346 quiet_therm:28700 usb_pwr_therm2:28967 
09-18 08:33:08.080 D/TemperatureStateSource( 2221): getDeviceTemperatures: deviceTemperatureType=3 temperatureSource=0 temperatures=[29.40364]
09-18 08:33:08.082 D/BusinessScope( 2221): Start running the #362519 block
09-18 08:33:08.084 I/pixel-thermal( 1630): VIRTUAL-SKIN:29.4036 raw data: VIRTUAL-SKIN:29403.6 
09-18 08:33:08.085 I/TemperatureStateSource( 2221): temperature was set
09-18 08:33:08.088 D/BusinessScope( 2221): Finish running the #362519 block
09-18 08:33:08.088 D/BusinessScope( 2221): Start running the #362520 block
09-18 08:33:08.091 D/BusinessScope( 2221): Finish running the #362520 block
09-18 08:33:08.098 D/ImpulseConnection( 2221): timeout didn't happen: com.google.android.apps.turbo
09-18 08:33:08.424 I/WifiHAL (  959): Creating message to get link statistics; iface = 48
09-18 08:33:08.462 W/statsd  (  868): StateTracker not found for state atom 805
09-18 08:33:08.462 W/statsd  (  868): StateTracker not found for state atom 854
09-18 08:33:08.493 I/WifiHAL (  959): In GetLinkStatsCommand::handleResponse
09-18 08:33:08.537 D/ConnectivityService( 1449): NetReassign [no changes] [c 1] [a 0] [i 5]
09-18 08:33:08.808 D/TrafficStats(26928): tagSocket(5) with statsTag=0xffffffff, statsUid=-1
09-18 08:33:08.818 D/TrafficStats(26928): tagSocket(96) with statsTag=0xffffffff, statsUid=-1
09-18 08:33:08.826 D/TrafficStats(26928): tagSocket(97) with statsTag=0xffffffff, statsUid=-1
09-18 08:33:08.837 D/TrafficStats(26928): tagSocket(98) with statsTag=0xffffffff, statsUid=-1
09-18 08:33:08.849 D/TrafficStats(26928): tagSocket(99) with statsTag=0xffffffff, statsUid=-1
09-18 08:33:08.851 D/TrafficStats(26928): tagSocket(100) with statsTag=0xffffffff, statsUid=-1
09-18 08:33:08.912 D/TrafficStats(26928): tagSocket(101) with statsTag=0xffffffff, statsUid=-1
09-18 08:33:08.917 I/System.out(26928): {"id":"","uri":"[Lcom.netease.open.libpoco.sdk.AbstractNode;@27d287a(45f9ec42-b1a0-42b3-930c-0271b8ed9ef5)","method":[["del",[]]],"session_id":"b85698a7-2bd6-4a0b-bf5e-81478e4fc96d"}
09-18 08:33:08.918 W/ProcessStats( 1449): Tracking association SourceState{288950 com.android.phone/1001 ImpFg #1863335} whose proc state 5 is better than process ProcessState{2592625 com.google.android.iwlan/1000 pkg=com.google.android.iwlan} proc state 14 (310 skipped)
