--------- beginning of main
09-18 08:32:36.182 D/TrafficStats(26928): tagSocket(5) with statsTag=0xffffffff, statsUid=-1
09-18 08:32:36.186 D/TrafficStats(26928): tagSocket(96) with statsTag=0xffffffff, statsUid=-1
09-18 08:32:36.189 D/TrafficStats(26928): tagSocket(97) with statsTag=0xffffffff, statsUid=-1
09-18 08:32:36.195 D/TrafficStats(26928): tagSocket(98) with statsTag=0xffffffff, statsUid=-1
09-18 08:32:36.217 D/TrafficStats(26928): tagSocket(99) with statsTag=0xffffffff, statsUid=-1
09-18 08:32:36.226 D/TrafficStats(26928): tagSocket(100) with statsTag=0xffffffff, statsUid=-1
09-18 08:32:36.287 D/TrafficStats(26928): tagSocket(5) with statsTag=0xffffffff, statsUid=-1
09-18 08:32:36.296 I/System.out(26928): {"id":"85686d00-7e3b-4320-ab31-5bb0d1506a9d","uri":"poco-uiautomation-framework","method":[["getattr","selector"],["getattr","select"],["call",[["",["and",[["attr=",["name","Home"]]]]],["",false]]]],"session_id":"b85698a7-2bd6-4a0b-bf5e-81478e4fc96d"}
09-18 08:32:36.341 W/System  (26928): A resource failed to call end. 
09-18 08:32:36.342 W/System  (26928): A resource failed to call end. 
09-18 08:32:36.342 W/System  (26928): A resource failed to call end. 
09-18 08:32:36.342 W/System  (26928): A resource failed to call end. 
09-18 08:32:36.342 W/System  (26928): A resource failed to call end. 
09-18 08:32:36.342 W/System  (26928): A resource failed to call end. 
09-18 08:32:36.342 W/System  (26928): A resource failed to call end. 
09-18 08:32:36.342 W/System  (26928): A resource failed to call end. 
09-18 08:32:36.342 W/System  (26928): A resource failed to call end. 
09-18 08:32:36.342 W/System  (26928): A resource failed to call end. 
09-18 08:32:36.343 W/System  (26928): A resource failed to call end. 
09-18 08:32:36.343 W/System  (26928): A resource failed to call end. 
09-18 08:32:36.343 W/System  (26928): A resource failed to call end. 
09-18 08:32:36.343 W/System  (26928): A resource failed to call end. 
09-18 08:32:36.343 W/System  (26928): A resource failed to call end. 
09-18 08:32:36.343 W/System  (26928): A resource failed to call end. 
09-18 08:32:36.343 W/System  (26928): A resource failed to call end. 
09-18 08:32:36.346 W/System  (26928): A resource failed to call end. 
09-18 08:32:36.346 W/System  (26928): A resource failed to call end. 
09-18 08:32:37.245 D/TrafficStats(26928): tagSocket(5) with statsTag=0xffffffff, statsUid=-1
09-18 08:32:37.273 D/TrafficStats(26928): tagSocket(96) with statsTag=0xffffffff, statsUid=-1
09-18 08:32:37.285 D/TrafficStats(26928): tagSocket(97) with statsTag=0xffffffff, statsUid=-1
09-18 08:32:37.308 D/TrafficStats(26928): tagSocket(98) with statsTag=0xffffffff, statsUid=-1
09-18 08:32:37.310 D/TrafficStats(26928): tagSocket(99) with statsTag=0xffffffff, statsUid=-1
09-18 08:32:37.314 D/TrafficStats(26928): tagSocket(100) with statsTag=0xffffffff, statsUid=-1
09-18 08:32:37.351 I/WifiHAL (  959): Creating message to get link statistics; iface = 48
09-18 08:32:37.398 I/WifiHAL (  959): In GetLinkStatsCommand::handleResponse
09-18 08:32:37.437 D/ConnectivityService( 1449): NetReassign [no changes] [c 0] [a 1] [i 3]
--------- beginning of system
09-18 08:32:37.642 W/ProcessStats( 1449): Tracking association SourceState{288950 com.android.phone/1001 ImpFg #1863157} whose proc state 5 is better than process ProcessState{2592625 com.google.android.iwlan/1000 pkg=com.google.android.iwlan} proc state 14 (147 skipped)
09-18 08:32:37.775 D/TrafficStats(26928): tagSocket(5) with statsTag=0xffffffff, statsUid=-1
09-18 08:32:37.785 I/System.out(26928): {"id":"48825ff2-ed34-4611-ad82-48bc79eefe92","uri":"poco-uiautomation-framework","method":[["getattr","selector"],["getattr","select"],["call",[["",["and",[["attr=",["name","Home"]]]]],["",false]]]],"session_id":"b85698a7-2bd6-4a0b-bf5e-81478e4fc96d"}
09-18 08:32:38.029 I/pixel-thermal( 1630): VIRTUAL-SKIN:29.0168 raw data: VIRTUAL-GNSS-DISP:29016.8 VIRTUAL-NEUTRAL-QUIET:28410.2 VIRTUAL-QUIET-USB2:27506.9 VIRTUAL-SKIN:29016.8 VIRTUAL-USB2-QUIET:27068.6 disp_therm:28834 gnss_tcxo_therm:29925 neutral_therm:29168 quiet_therm:28678 usb_pwr_therm2:28967 
09-18 08:32:38.031 D/TemperatureStateSource( 2221): getDeviceTemperatures: deviceTemperatureType=3 temperatureSource=0 temperatures=[29.01678]
09-18 08:32:38.033 D/BusinessScope( 2221): Start running the #362512 block
09-18 08:32:38.035 I/pixel-thermal( 1630): VIRTUAL-SKIN:29.0168 raw data: VIRTUAL-SKIN:29016.8 
09-18 08:32:38.036 I/TemperatureStateSource( 2221): temperature was set
09-18 08:32:38.038 D/BusinessScope( 2221): Finish running the #362512 block
09-18 08:32:38.038 D/BusinessScope( 2221): Start running the #362513 block
09-18 08:32:38.039 D/ImpulseConnection( 2221): bindService: com.google.android.apps.turbo
09-18 08:32:38.071 D/ActivityManager( 1449): sync unfroze 21633 com.google.android.apps.turbo for 6
09-18 08:32:38.093 D/ImpulseConnection( 2221): onServiceConnected: ComponentInfo{com.google.android.apps.turbo/com.google.android.apps.turbo.adaptiveplatform.impulse.ImpulseClientService} service is null false
09-18 08:32:38.098 D/BusinessScope( 2221): Finish running the #362513 block
09-18 08:32:38.254 I/bthal.activity(  881): bt_power: LeAdvStat: 08:32:37:252 - 08:32:38:253, duration: 1000, le_adv_count: 1, total_le_adv_count: 1472079, total_event_count: 1
09-18 08:32:38.352 D/TrafficStats(26928): tagSocket(5) with statsTag=0xffffffff, statsUid=-1
09-18 08:32:38.367 D/TrafficStats(26928): tagSocket(96) with statsTag=0xffffffff, statsUid=-1
09-18 08:32:38.384 D/TrafficStats(26928): tagSocket(97) with statsTag=0xffffffff, statsUid=-1
09-18 08:32:38.396 D/TrafficStats(26928): tagSocket(98) with statsTag=0xffffffff, statsUid=-1
09-18 08:32:38.406 D/TrafficStats(26928): tagSocket(99) with statsTag=0xffffffff, statsUid=-1
09-18 08:32:38.411 D/TrafficStats(26928): tagSocket(100) with statsTag=0xffffffff, statsUid=-1
09-18 08:32:38.431 W/statsd  (  868): StateTracker not found for state atom 805
09-18 08:32:38.431 W/statsd  (  868): StateTracker not found for state atom 854
09-18 08:32:39.131 I/pixel-thermal( 1630): BCL_BATOILO_GPU_LOW_TEMP:0 raw data: BCL_BATOILO_GPU_LOW_TEMP:0 batoilo:0 battery:27800 ocp_gpu:0 
09-18 08:32:39.153 I/pixel-thermal( 1630): BCL_BATOILO_GPU:0 raw data: BCL_BATOILO_GPU:0 batoilo:0 ocp_gpu:0 
09-18 08:32:39.154 I/pixel-thermal( 1630): BCL_BATOILO_TPU:0 raw data: BCL_BATOILO_TPU:0 batoilo:0 ocp_tpu:0 
09-18 08:32:39.154 I/pixel-thermal( 1630): BCL_BATOILO_TPU_LOW_TEMP:0 raw data: BCL_BATOILO_TPU_LOW_TEMP:0 batoilo:0 battery:27800 ocp_tpu:0 
09-18 08:32:39.282 D/TrafficStats(26928): tagSocket(5) with statsTag=0xffffffff, statsUid=-1
09-18 08:32:39.294 I/System.out(26928): {"id":"a5df9f26-d06a-4a8e-93e0-51696acf9362","uri":"poco-uiautomation-framework","method":[["getattr","selector"],["getattr","select"],["call",[["",["and",[["attr=",["name","Home"]]]]],["",false]]]],"session_id":"b85698a7-2bd6-4a0b-bf5e-81478e4fc96d"}
09-18 08:32:39.473 D/TrafficStats(26928): tagSocket(5) with statsTag=0xffffffff, statsUid=-1
09-18 08:32:39.490 D/TrafficStats(26928): tagSocket(96) with statsTag=0xffffffff, statsUid=-1
09-18 08:32:39.501 D/TrafficStats(26928): tagSocket(97) with statsTag=0xffffffff, statsUid=-1
09-18 08:32:39.520 D/TrafficStats(26928): tagSocket(98) with statsTag=0xffffffff, statsUid=-1
09-18 08:32:39.526 D/TrafficStats(26928): tagSocket(99) with statsTag=0xffffffff, statsUid=-1
09-18 08:32:39.535 D/TrafficStats(26928): tagSocket(100) with statsTag=0xffffffff, statsUid=-1
09-18 08:32:39.658 W/System  (26928): A resource failed to call end. 
09-18 08:32:39.659 W/System  (26928): A resource failed to call end. 
09-18 08:32:39.659 W/System  (26928): A resource failed to call end. 
09-18 08:32:39.659 W/System  (26928): A resource failed to call end. 
09-18 08:32:39.659 W/System  (26928): A resource failed to call end. 
09-18 08:32:39.660 W/System  (26928): A resource failed to call end. 
09-18 08:32:39.660 W/System  (26928): A resource failed to call end. 
09-18 08:32:39.660 W/System  (26928): A resource failed to call end. 
09-18 08:32:39.661 W/System  (26928): A resource failed to call end. 
09-18 08:32:39.661 W/System  (26928): A resource failed to call end. 
09-18 08:32:39.662 W/System  (26928): A resource failed to call end. 
09-18 08:32:39.662 W/System  (26928): A resource failed to call end. 
09-18 08:32:39.662 W/System  (26928): A resource failed to call end. 
09-18 08:32:39.663 W/System  (26928): A resource failed to call end. 
09-18 08:32:39.663 W/System  (26928): A resource failed to call end. 
09-18 08:32:39.663 W/System  (26928): A resource failed to call end. 
09-18 08:32:39.664 W/System  (26928): A resource failed to call end. 
09-18 08:32:39.666 W/System  (26928): A resource failed to call end. 
09-18 08:32:39.666 W/System  (26928): A resource failed to call end. 
09-18 08:32:40.433 I/WifiHAL (  959): Creating message to get link statistics; iface = 48
09-18 08:32:40.503 I/WifiHAL (  959): In GetLinkStatsCommand::handleResponse
09-18 08:32:40.582 D/ConnectivityService( 1449): NetReassign [no changes] [c 1] [a 1] [i 17]
09-18 08:32:40.615 D/TrafficStats(26928): tagSocket(5) with statsTag=0xffffffff, statsUid=-1
09-18 08:32:40.627 D/TrafficStats(26928): tagSocket(96) with statsTag=0xffffffff, statsUid=-1
09-18 08:32:40.635 D/TrafficStats(26928): tagSocket(97) with statsTag=0xffffffff, statsUid=-1
09-18 08:32:40.643 D/TrafficStats(26928): tagSocket(98) with statsTag=0xffffffff, statsUid=-1
09-18 08:32:40.651 D/TrafficStats(26928): tagSocket(99) with statsTag=0xffffffff, statsUid=-1
09-18 08:32:40.663 D/TrafficStats(26928): tagSocket(100) with statsTag=0xffffffff, statsUid=-1
09-18 08:32:40.791 D/TrafficStats(26928): tagSocket(5) with statsTag=0xffffffff, statsUid=-1
09-18 08:32:40.800 I/System.out(26928): {"id":"544fdfce-0d2b-4dfa-b4e8-6bcf566d8251","uri":"poco-uiautomation-framework","method":[["getattr","selector"],["getattr","select"],["call",[["",["and",[["attr=",["name","Home"]]]]],["",false]]]],"session_id":"b85698a7-2bd6-4a0b-bf5e-81478e4fc96d"}
09-18 08:32:40.919 I/flutter (26399): [2024-09-18 08:32:40.919037] Active subscriptions (0)
09-18 08:32:41.371 I/NearbyMediums(17809): This GATT advertisement BleAdvertisement { version=2, socketVersion=2, isFast=true, serviceIdHash=null, data=[ 0x23 0x36 0x59 0x39 0x50 0x11 0x32 0x34 0xa8 0x7e 0x85 0x2a 0x21 0x0a 0x0d 0xe0 0x39 0x75 0xb3 0x65 0x69 0x00 0x54 ], deviceToken=[ 0x75 0x16 ], rxAdvertisement=null } is a Fast Advertisement and matched UUID 0000fef3-0000-1000-8000-00805f9b34fb in fastAdvertisementServiceUuids map with serviceID NearbySharing
09-18 08:32:41.377 I/NearbyConnections(17809): Found BleAdvertisement [ 0x23 0x36 0x59 0x39 0x50 0x11 0x32 0x34 0xa8 0x7e 0x85 0x2a 0x21 0x0a 0x0d 0xe0 0x39 0x75 0xb3 0x65 0x69 0x00 0x54 ] (with EndpointId 6Y9P and EndpointInfo [ 0x32 0x34 0xa8 0x7e 0x85 0x2a 0x21 0x0a 0x0d 0xe0 0x39 0x75 0xb3 0x65 0x69 0x00 0x54 ])
09-18 08:32:41.380 I/NearbyConnections(17809): ClientProxy(18057172) reporting onEndpointFound(6Y9P)
09-18 08:32:41.381 I/NearbySharing(17809): Endpoint 6Y9P discovered over Nearby Connections
09-18 08:32:41.382 I/NearbyConnections(17809): ClientProxy(18057172) reporting onEndpointDistanceChanged(6Y9P, UNKNOWN)
09-18 08:32:41.382 I/NearbyConnections(17809): No Bluetooth Classic MAC address found in [ 0x23 0x36 0x59 0x39 0x50 0x11 0x32 0x34 0xa8 0x7e 0x85 0x2a 0x21 0x0a 0x0d 0xe0 0x39 0x75 0xb3 0x65 0x69 0x00 0x54 ]
09-18 08:32:41.385 I/NearbySharing(17809): Failed to convert given advertisement (6Y9P)[ 0x32 0x34 0xa8 0x7e 0x85 0x2a 0x21 0x0a 0x0d 0xe0 0x39 0x75 0xb3 0x65 0x69 0x00 0x54 ] to share target from discovered advertisement. Ignoring.
09-18 08:32:41.385 I/NearbySharing(17809): Report endpoint 6Y9P as lost, since we cannot recognize this endpoint anymore
09-18 08:32:41.385 I/NearbySharing(17809): Ignoring lost endpoint 6Y9P because we don't have an associated ShareTarget
09-18 08:32:41.486 I/NearbyMediums(17809): Found Fast Ble Advertisements :
09-18 08:32:41.486 I/NearbyMediums(17809): BleAdvertisement { version=2, socketVersion=2, isFast=true, serviceIdHash=null, data=[ 0x23 0x4c 0x5a 0x50 0x4c 0x11 0x32 0x7f 0x16 0xab 0x42 0xc1 0x4a 0xa9 0x97 0xb9 0xd6 0x13 0x76 0x7a 0xf8 0xc6 0x05 ], deviceToken=[ 0xb9 0xc2 ], rxAdvertisement=null } : 1 times.
09-18 08:32:41.486 I/NearbyMediums(17809): Total 1 fast advertisements.
09-18 08:32:41.749 D/TrafficStats(26928): tagSocket(5) with statsTag=0xffffffff, statsUid=-1
09-18 08:32:41.759 D/TrafficStats(26928): tagSocket(96) with statsTag=0xffffffff, statsUid=-1
09-18 08:32:41.769 D/TrafficStats(26928): tagSocket(97) with statsTag=0xffffffff, statsUid=-1
09-18 08:32:41.777 D/TrafficStats(26928): tagSocket(98) with statsTag=0xffffffff, statsUid=-1
09-18 08:32:41.789 D/TrafficStats(26928): tagSocket(99) with statsTag=0xffffffff, statsUid=-1
09-18 08:32:41.797 D/TrafficStats(26928): tagSocket(100) with statsTag=0xffffffff, statsUid=-1
09-18 08:32:42.301 D/TrafficStats(26928): tagSocket(5) with statsTag=0xffffffff, statsUid=-1
09-18 08:32:42.313 I/System.out(26928): {"id":"644a5b9b-bb81-4977-9dbc-685589712511","uri":"poco-uiautomation-framework","method":[["getattr","selector"],["getattr","select"],["call",[["",["and",[["attr=",["name","Home"]]]]],["",false]]]],"session_id":"b85698a7-2bd6-4a0b-bf5e-81478e4fc96d"}
09-18 08:32:42.359 I/bthal.activity(  881): bt_power: LeAdvStat: 08:32:41:356 - 08:32:42:359, duration: 1003, le_adv_count: 2, total_le_adv_count: 1472081, total_event_count: 2
09-18 08:32:42.454 D/BluetoothAdapterService( 2206): cancelDiscovery
09-18 08:32:42.455 I/bt_btif_dm( 2206): packages/modules/Bluetooth/system/btif/src/btif_dm.cc:2644 - btif_dm_cancel_discovery: Cancel search
09-18 08:32:42.455 I/bt_bta_dm( 2206): bta_dm_search_sm_execute: state:BTA_DM_SEARCH_IDLE, event:BTA_DM_API_SEARCH_CANCEL_EVT[0x201]
09-18 08:32:42.457 D/BluetoothAdapter( 8637): isLeEnabled(): ON
09-18 08:32:42.464 I/bt_stack( 2206): [INFO:le_scanning_manager.cc(164)] RegisterScanner in shim layer
09-18 08:32:42.466 D/BluetoothLeScanner( 8637): onScannerRegistered() - status=0 scannerId=3 mScannerId=0
09-18 08:32:42.484 I/bt_stack( 2206): [INFO:le_scanning_manager.cc(277)] ScanFilterEnable in shim layer
09-18 08:32:42.489 I/bt_stack( 2206): [INFO:le_scanning_manager.cc(252)] ScanFilterAdd in shim layer
09-18 08:32:42.493 I/bt_stack( 2206): [INFO:le_scanning_manager.cc(213)] ScanFilterParamSetup in shim layer
09-18 08:32:42.494 I/bt_stack( 2206): [INFO:le_scanning_manager.cc(177)] Scan in shim layer stopped
09-18 08:32:42.497 I/bt_stack( 2206): [INFO:le_scanning_manager.cc(357)] SetScanParameters in shim layer
09-18 08:32:42.497 I/bt_stack( 2206): [INFO:le_scanning_manager.cc(177)] Scan in shim layer started
09-18 08:32:42.500 I/bluetooth( 2206): packages/modules/Bluetooth/system/gd/hci/le_address_manager.cc:203 - unregister_client: Client unregistered
09-18 08:32:42.500 I/bluetooth( 2206): packages/modules/Bluetooth/system/gd/hci/le_scanning_manager.cc:630 - stop_scan: Scanning already stopped, return!
09-18 08:32:42.501 I/bluetooth( 2206): packages/modules/Bluetooth/system/gd/hci/le_address_manager.cc:188 - register_client: Client registered
09-18 08:32:42.509 I/bthal.activity(  881): LogActivities: Disable LE Scanning, 0x2042
09-18 08:32:42.511 I/bthal.debug_central(  881): Command Complete Event of LE_SET_EXTENDED_SCAN_ENABLE, opcode:2042
09-18 08:32:42.511 I/bthal.flowcontrol(  881): HciEventPreProcess: HCI Event 0xe Opcode 0x2042 Length 6 unhandled by LeSetExtentedScanEnableEvent
09-18 08:32:42.513 I/bthal.activity(  881): LogActivities: BALANCED ScanMode
09-18 08:32:42.514 I/bthal.activity(  881): LogActivities: Enable LE Scanning, 0x2042
09-18 08:32:42.515 I/bthal.debug_central(  881): Command Complete Event of LE_SET_EXTENDED_SCAN_ENABLE, opcode:2042
09-18 08:32:42.515 I/bthal.flowcontrol(  881): HciEventPreProcess: HCI Event 0xe Opcode 0x2042 Length 6 unhandled by LeSetExtentedScanEnableEvent
09-18 08:32:42.685 D/BoundBrokerSvc( 9247): onUnbind: Intent { act=com.google.android.gms.inappreach.service.START dat=chimera-action:/... cmp=com.google.android.gms/.chimera.GmsApiService }
09-18 08:32:42.888 D/TrafficStats(26928): tagSocket(5) with statsTag=0xffffffff, statsUid=-1
09-18 08:32:42.897 D/TrafficStats(26928): tagSocket(96) with statsTag=0xffffffff, statsUid=-1
09-18 08:32:42.902 D/TrafficStats(26928): tagSocket(97) with statsTag=0xffffffff, statsUid=-1
09-18 08:32:42.908 D/TrafficStats(26928): tagSocket(98) with statsTag=0xffffffff, statsUid=-1
09-18 08:32:42.917 D/TrafficStats(26928): tagSocket(99) with statsTag=0xffffffff, statsUid=-1
09-18 08:32:42.931 D/TrafficStats(26928): tagSocket(100) with statsTag=0xffffffff, statsUid=-1
09-18 08:32:43.046 W/System  (26928): A resource failed to call end. 
09-18 08:32:43.046 W/System  (26928): A resource failed to call end. 
09-18 08:32:43.047 W/System  (26928): A resource failed to call end. 
09-18 08:32:43.047 W/System  (26928): A resource failed to call end. 
09-18 08:32:43.047 W/System  (26928): A resource failed to call end. 
09-18 08:32:43.047 W/System  (26928): A resource failed to call end. 
09-18 08:32:43.048 W/System  (26928): A resource failed to call end. 
09-18 08:32:43.048 W/System  (26928): A resource failed to call end. 
09-18 08:32:43.048 W/System  (26928): A resource failed to call end. 
09-18 08:32:43.049 W/System  (26928): A resource failed to call end. 
09-18 08:32:43.049 W/System  (26928): A resource failed to call end. 
09-18 08:32:43.049 W/System  (26928): A resource failed to call end. 
09-18 08:32:43.050 W/System  (26928): A resource failed to call end. 
09-18 08:32:43.051 W/System  (26928): A resource failed to call end. 
09-18 08:32:43.051 W/System  (26928): A resource failed to call end. 
09-18 08:32:43.051 W/System  (26928): A resource failed to call end. 
09-18 08:32:43.051 W/System  (26928): A resource failed to call end. 
09-18 08:32:43.052 W/System  (26928): A resource failed to call end. 
09-18 08:32:43.052 W/System  (26928): A resource failed to call end. 
09-18 08:32:43.054 W/System  (26928): A resource failed to call end. 
09-18 08:32:43.054 W/System  (26928): A resource failed to call end. 
09-18 08:32:43.054 W/System  (26928): A resource failed to call end. 
09-18 08:32:43.558 I/WifiHAL (  959): Creating message to get link statistics; iface = 48
09-18 08:32:43.630 I/WifiHAL (  959): In GetLinkStatsCommand::handleResponse
09-18 08:32:43.710 D/ConnectivityService( 1449): NetReassign [no changes] [c 1] [a 2] [i 16]
09-18 08:32:43.807 D/TrafficStats(26928): tagSocket(5) with statsTag=0xffffffff, statsUid=-1
09-18 08:32:43.823 I/System.out(26928): {"id":"85e2d703-e4c6-409d-b6d5-28ecfd429512","uri":"poco-uiautomation-framework","method":[["getattr","selector"],["getattr","select"],["call",[["",["and",[["attr=",["name","Home"]]]]],["",false]]]],"session_id":"b85698a7-2bd6-4a0b-bf5e-81478e4fc96d"}
09-18 08:32:44.021 D/TrafficStats(26928): tagSocket(5) with statsTag=0xffffffff, statsUid=-1
09-18 08:32:44.034 D/TrafficStats(26928): tagSocket(96) with statsTag=0xffffffff, statsUid=-1
09-18 08:32:44.042 D/TrafficStats(26928): tagSocket(97) with statsTag=0xffffffff, statsUid=-1
09-18 08:32:44.062 D/TrafficStats(26928): tagSocket(98) with statsTag=0xffffffff, statsUid=-1
09-18 08:32:44.067 D/TrafficStats(26928): tagSocket(99) with statsTag=0xffffffff, statsUid=-1
09-18 08:32:44.076 D/TrafficStats(26928): tagSocket(100) with statsTag=0xffffffff, statsUid=-1
09-18 08:32:45.139 D/TrafficStats(26928): tagSocket(5) with statsTag=0xffffffff, statsUid=-1
09-18 08:32:45.142 I/pixel-thermal( 1630): usb_pwr_therm:28.678 raw data: usb_pwr_therm:28678 
09-18 08:32:45.166 I/pixel-thermal( 1630): VIRTUAL-USB-THROTTLING:0 raw data: USB-MINUS-NEUTRAL:-557 USB-MINUS-USB2:-245 VIRTUAL-USB-THROTTLING:0 neutral_therm:29235 usb_pwr_therm:28678 usb_pwr_therm2:28923 
09-18 08:32:45.166 I/pixel-thermal( 1630): VIRTUAL-USB-UI:0 raw data: USB-MINUS-NEUTRAL:-557 USB-MINUS-USB2:-245 VIRTUAL-USB-UI:0 usb_pwr_therm:28678 
09-18 08:32:45.166 I/pixel-thermal( 1630): Power rails total power: 672.42 mW for 60049 ms
09-18 08:32:45.166 I/pixel-thermal( 1630): Power rails [S6M_LLDO1: 75.14 mW] [L7S_SENSORS: 4.39 mW] [S10M_VDD_TPU: 0.00 mW] [S5M_VDD_INT: 7.89 mW] [S2M_VDD_CPUCL2: 15.66 mW] [S1M_VDD_MIF: 31.59 mW] 
09-18 08:32:45.166 I/pixel-thermal( 1630): Power rails [S4M_VDD_CPUCL0: 56.47 mW] [VSYS_PWR_WLAN_BT: 37.09 mW] [VSYS_PWR_RFFE: 1.18 mW] [VSYS_PWR_MODEM: 22.85 mW] [VSYS_PWR_MMWAVE: 0.00 mW] [S3M_VDD_CPUCL1: 38.54 mW] 
09-18 08:32:45.166 I/pixel-thermal( 1630): Power rails [L2S_PLL_MIPI_UFS: 21.13 mW] [L14S_ALIVE: 0.49 mW] [S9S_VDD_AOC: 4.18 mW] [S4S_VDD2H_MEM: 28.75 mW] [L9S_GNSS_CORE: 0.04 mW] [S8S_VDD_G3D_L2: 0.77 mW] 
09-18 08:32:45.166 I/pixel-thermal( 1630): Power rails [S5S_VDDQ_MEM: 6.48 mW] [S2S_VDD_G3D: 4.11 mW] [S1S_VDD_CAM: 5.82 mW] [S8M_LLDO2: 34.47 mW] [L15M_VDD_SLC_M: 14.82 mW] [VSYS_PWR_DISPLAY: 260.55 mW] 
09-18 08:32:45.206 D/TrafficStats(26928): tagSocket(96) with statsTag=0xffffffff, statsUid=-1
09-18 08:32:45.212 D/TrafficStats(26928): tagSocket(97) with statsTag=0xffffffff, statsUid=-1
09-18 08:32:45.232 D/TrafficStats(26928): tagSocket(98) with statsTag=0xffffffff, statsUid=-1
09-18 08:32:45.234 D/TrafficStats(26928): tagSocket(99) with statsTag=0xffffffff, statsUid=-1
09-18 08:32:45.237 D/TrafficStats(26928): tagSocket(100) with statsTag=0xffffffff, statsUid=-1
09-18 08:32:45.336 D/TrafficStats(26928): tagSocket(101) with statsTag=0xffffffff, statsUid=-1
09-18 08:32:45.346 I/System.out(26928): {"id":"ed7b1959-6a84-4684-9519-105145d430fc","uri":"poco-uiautomation-framework","method":[["getattr","selector"],["getattr","select"],["call",[["",["and",[["attr=",["name","Home"]]]]],["",false]]]],"session_id":"b85698a7-2bd6-4a0b-bf5e-81478e4fc96d"}
09-18 08:32:46.356 D/TrafficStats(26928): tagSocket(5) with statsTag=0xffffffff, statsUid=-1
09-18 08:32:46.424 D/TrafficStats(26928): tagSocket(96) with statsTag=0xffffffff, statsUid=-1
09-18 08:32:46.429 D/TrafficStats(26928): tagSocket(97) with statsTag=0xffffffff, statsUid=-1
09-18 08:32:46.431 D/TrafficStats(26928): tagSocket(98) with statsTag=0xffffffff, statsUid=-1
09-18 08:32:46.434 D/TrafficStats(26928): tagSocket(99) with statsTag=0xffffffff, statsUid=-1
09-18 08:32:46.439 D/TrafficStats(26928): tagSocket(100) with statsTag=0xffffffff, statsUid=-1
09-18 08:32:46.530 W/System  (26928): A resource failed to call end. 
09-18 08:32:46.530 W/System  (26928): A resource failed to call end. 
09-18 08:32:46.531 W/System  (26928): A resource failed to call end. 
09-18 08:32:46.531 W/System  (26928): A resource failed to call end. 
09-18 08:32:46.531 W/System  (26928): A resource failed to call end. 
09-18 08:32:46.531 W/System  (26928): A resource failed to call end. 
09-18 08:32:46.531 W/System  (26928): A resource failed to call end. 
09-18 08:32:46.531 W/System  (26928): A resource failed to call end. 
09-18 08:32:46.532 W/System  (26928): A resource failed to call end. 
09-18 08:32:46.532 W/System  (26928): A resource failed to call end. 
09-18 08:32:46.532 W/System  (26928): A resource failed to call end. 
09-18 08:32:46.533 W/System  (26928): A resource failed to call end. 
09-18 08:32:46.533 W/System  (26928): A resource failed to call end. 
09-18 08:32:46.534 W/System  (26928): A resource failed to call end. 
09-18 08:32:46.535 W/System  (26928): A resource failed to call end. 
09-18 08:32:46.535 W/System  (26928): A resource failed to call end. 
09-18 08:32:46.535 W/System  (26928): A resource failed to call end. 
09-18 08:32:46.536 W/System  (26928): A resource failed to call end. 
09-18 08:32:46.536 W/System  (26928): A resource failed to call end. 
09-18 08:32:46.693 I/WifiHAL (  959): Creating message to get link statistics; iface = 48
09-18 08:32:46.757 I/WifiHAL (  959): In GetLinkStatsCommand::handleResponse
09-18 08:32:46.840 D/ConnectivityService( 1449): NetReassign [no changes] [c 1] [a 1] [i 17]
09-18 08:32:46.858 D/TrafficStats(26928): tagSocket(5) with statsTag=0xffffffff, statsUid=-1
09-18 08:32:46.869 I/System.out(26928): {"id":"44223252-9c95-46e9-ad06-d34cb02fe0a9","uri":"poco-uiautomation-framework","method":[["getattr","selector"],["getattr","select"],["call",[["",["and",[["attr=",["name","Home"]]]]],["",false]]]],"session_id":"b85698a7-2bd6-4a0b-bf5e-81478e4fc96d"}
09-18 08:32:47.448 D/TrafficStats(26928): tagSocket(5) with statsTag=0xffffffff, statsUid=-1
09-18 08:32:47.485 D/TrafficStats(26928): tagSocket(96) with statsTag=0xffffffff, statsUid=-1
09-18 08:32:47.494 D/TrafficStats(26928): tagSocket(97) with statsTag=0xffffffff, statsUid=-1
09-18 08:32:47.505 D/TrafficStats(26928): tagSocket(98) with statsTag=0xffffffff, statsUid=-1
09-18 08:32:47.510 D/TrafficStats(26928): tagSocket(99) with statsTag=0xffffffff, statsUid=-1
09-18 08:32:47.514 D/TrafficStats(26928): tagSocket(100) with statsTag=0xffffffff, statsUid=-1
09-18 08:32:48.008 W/ProcessStats( 1449): Tracking association SourceState{4cbe64b system/1000 BFgs #1863169} whose proc state 4 is better than process ProcessState{3fe1828 com.google.android.googlequicksearchbox:interactor/10165 pkg=com.google.android.googlequicksearchbox} proc state 14 (64 skipped)
09-18 08:32:48.042 I/pixel-thermal( 1630): VIRTUAL-SKIN:28.9942 raw data: VIRTUAL-GNSS-DISP:28994.2 VIRTUAL-NEUTRAL-QUIET:28471.9 VIRTUAL-QUIET-USB2:27545.2 VIRTUAL-SKIN:28994.2 VIRTUAL-USB2-QUIET:27076.1 disp_therm:28812 gnss_tcxo_therm:29902 neutral_therm:29257 quiet_therm:28723 usb_pwr_therm2:28945 
09-18 08:32:48.043 D/TemperatureStateSource( 2221): getDeviceTemperatures: deviceTemperatureType=3 temperatureSource=0 temperatures=[28.9942]
09-18 08:32:48.045 D/BusinessScope( 2221): Start running the #362514 block
09-18 08:32:48.045 D/BusinessScope( 2221): Finish running the #362514 block
09-18 08:32:48.045 D/BusinessScope( 2221): Start running the #362515 block
09-18 08:32:48.046 D/BusinessScope( 2221): Finish running the #362515 block
09-18 08:32:48.394 D/TrafficStats(26928): tagSocket(5) with statsTag=0xffffffff, statsUid=-1
09-18 08:32:48.409 I/System.out(26928): {"id":"08522bdc-2e4c-4bb5-aa9b-8fce8e233c4f","uri":"poco-uiautomation-framework","method":[["getattr","selector"],["getattr","select"],["call",[["",["and",[["attr=",["name","Home"]]]]],["",false]]]],"session_id":"b85698a7-2bd6-4a0b-bf5e-81478e4fc96d"}
09-18 08:32:48.492 I/bt_stack( 2206): [INFO:le_scanning_manager.cc(177)] Scan in shim layer stopped
09-18 08:32:48.493 I/bt_stack( 2206): [INFO:le_scanning_manager.cc(357)] SetScanParameters in shim layer
09-18 08:32:48.493 I/bt_stack( 2206): [INFO:le_scanning_manager.cc(177)] Scan in shim layer started
09-18 08:32:48.495 I/bluetooth( 2206): packages/modules/Bluetooth/system/gd/hci/le_address_manager.cc:203 - unregister_client: Client unregistered
09-18 08:32:48.497 I/bthal.activity(  881): LogActivities: Disable LE Scanning, 0x2042
09-18 08:32:48.513 I/bluetooth( 2206): packages/modules/Bluetooth/system/gd/hci/le_scanning_manager.cc:630 - stop_scan: Scanning already stopped, return!
09-18 08:32:48.513 I/bluetooth( 2206): packages/modules/Bluetooth/system/gd/hci/le_address_manager.cc:188 - register_client: Client registered
09-18 08:32:48.514 I/bthal.debug_central(  881): Command Complete Event of LE_SET_EXTENDED_SCAN_ENABLE, opcode:2042
09-18 08:32:48.514 I/bthal.flowcontrol(  881): HciEventPreProcess: HCI Event 0xe Opcode 0x2042 Length 6 unhandled by LeSetExtentedScanEnableEvent
09-18 08:32:48.516 I/bthal.activity(  881): LogActivities: LOW_POWER ScanMode
09-18 08:32:48.519 I/bthal.activity(  881): LogActivities: Enable LE Scanning, 0x2042
09-18 08:32:48.521 I/bthal.debug_central(  881): Command Complete Event of LE_SET_EXTENDED_SCAN_ENABLE, opcode:2042
09-18 08:32:48.522 I/bthal.flowcontrol(  881): HciEventPreProcess: HCI Event 0xe Opcode 0x2042 Length 6 unhandled by LeSetExtentedScanEnableEvent
09-18 08:32:48.560 D/TrafficStats(26928): tagSocket(5) with statsTag=0xffffffff, statsUid=-1
09-18 08:32:48.598 D/TrafficStats(26928): tagSocket(96) with statsTag=0xffffffff, statsUid=-1
09-18 08:32:48.619 D/TrafficStats(26928): tagSocket(97) with statsTag=0xffffffff, statsUid=-1
09-18 08:32:48.633 D/TrafficStats(26928): tagSocket(98) with statsTag=0xffffffff, statsUid=-1
09-18 08:32:48.634 D/TrafficStats(26928): tagSocket(99) with statsTag=0xffffffff, statsUid=-1
09-18 08:32:48.637 D/TrafficStats(26928): tagSocket(100) with statsTag=0xffffffff, statsUid=-1
09-18 08:32:49.674 D/TrafficStats(26928): tagSocket(5) with statsTag=0xffffffff, statsUid=-1
09-18 08:32:49.701 D/TrafficStats(26928): tagSocket(96) with statsTag=0xffffffff, statsUid=-1
09-18 08:32:49.707 D/TrafficStats(26928): tagSocket(97) with statsTag=0xffffffff, statsUid=-1
09-18 08:32:49.733 D/TrafficStats(26928): tagSocket(98) with statsTag=0xffffffff, statsUid=-1
09-18 08:32:49.735 D/TrafficStats(26928): tagSocket(99) with statsTag=0xffffffff, statsUid=-1
09-18 08:32:49.741 D/TrafficStats(26928): tagSocket(100) with statsTag=0xffffffff, statsUid=-1
09-18 08:32:49.816 I/WifiHAL (  959): Creating message to get link statistics; iface = 48
09-18 08:32:49.850 W/System  (26928): A resource failed to call end. 
09-18 08:32:49.850 W/System  (26928): A resource failed to call end. 
09-18 08:32:49.850 W/System  (26928): A resource failed to call end. 
09-18 08:32:49.850 W/System  (26928): A resource failed to call end. 
09-18 08:32:49.850 W/System  (26928): A resource failed to call end. 
09-18 08:32:49.851 W/System  (26928): A resource failed to call end. 
09-18 08:32:49.851 W/System  (26928): A resource failed to call end. 
09-18 08:32:49.851 W/System  (26928): A resource failed to call end. 
09-18 08:32:49.852 W/System  (26928): A resource failed to call end. 
09-18 08:32:49.852 W/System  (26928): A resource failed to call end. 
09-18 08:32:49.852 W/System  (26928): A resource failed to call end. 
09-18 08:32:49.852 W/System  (26928): A resource failed to call end. 
09-18 08:32:49.852 W/System  (26928): A resource failed to call end. 
09-18 08:32:49.853 W/System  (26928): A resource failed to call end. 
09-18 08:32:49.853 W/System  (26928): A resource failed to call end. 
09-18 08:32:49.853 W/System  (26928): A resource failed to call end. 
09-18 08:32:49.853 W/System  (26928): A resource failed to call end. 
09-18 08:32:49.854 W/System  (26928): A resource failed to call end. 
09-18 08:32:49.854 W/System  (26928): A resource failed to call end. 
09-18 08:32:49.857 W/System  (26928): A resource failed to call end. 
09-18 08:32:49.857 W/System  (26928): A resource failed to call end. 
09-18 08:32:49.866 I/WifiHAL (  959): In GetLinkStatsCommand::handleResponse
09-18 08:32:49.880 I/bthal.activity(  881): bt_power: LeAdvStat: 08:32:42:702 - 08:32:49:880, duration: 7178, le_adv_count: 29, total_le_adv_count: 1472110, total_event_count: 38
09-18 08:32:49.904 D/TrafficStats(26928): tagSocket(5) with statsTag=0xffffffff, statsUid=-1
09-18 08:32:49.916 D/ConnectivityService( 1449): NetReassign [no changes] [c 1] [a 0] [i 6]
09-18 08:32:49.919 I/System.out(26928): {"id":"ddbded68-a537-4368-8e69-40fbe6c7a137","uri":"poco-uiautomation-framework","method":[["getattr","selector"],["getattr","select"],["call",[["",["and",[["attr=",["name","Home"]]]]],["",false]]]],"session_id":"b85698a7-2bd6-4a0b-bf5e-81478e4fc96d"}
09-18 08:32:50.789 D/TrafficStats(26928): tagSocket(5) with statsTag=0xffffffff, statsUid=-1
09-18 08:32:50.812 D/TrafficStats(26928): tagSocket(96) with statsTag=0xffffffff, statsUid=-1
09-18 08:32:50.821 D/TrafficStats(26928): tagSocket(97) with statsTag=0xffffffff, statsUid=-1
09-18 08:32:50.823 D/TrafficStats(26928): tagSocket(98) with statsTag=0xffffffff, statsUid=-1
09-18 08:32:50.834 D/TrafficStats(26928): tagSocket(99) with statsTag=0xffffffff, statsUid=-1
09-18 08:32:50.840 D/TrafficStats(26928): tagSocket(100) with statsTag=0xffffffff, statsUid=-1
09-18 08:32:51.244 I/bthal.activity(  881): bt_power: LeAdvStat: 08:32:50:240 - 08:32:51:243, duration: 1003, le_adv_count: 2, total_le_adv_count: 1472112, total_event_count: 2
09-18 08:32:51.492 I/NearbyMediums(17809): Found Fast Ble Advertisements :
09-18 08:32:51.492 I/NearbyMediums(17809): BleAdvertisement { version=2, socketVersion=2, isFast=true, serviceIdHash=null, data=[ 0x23 0x36 0x59 0x39 0x50 0x11 0x32 0x34 0xa8 0x7e 0x85 0x2a 0x21 0x0a 0x0d 0xe0 0x39 0x75 0xb3 0x65 0x69 0x00 0x54 ], deviceToken=[ 0x75 0x16 ], rxAdvertisement=null } : 4 times.
09-18 08:32:51.492 I/NearbyMediums(17809): BleAdvertisement { version=2, socketVersion=2, isFast=true, serviceIdHash=null, data=[ 0x23 0x4c 0x5a 0x50 0x4c 0x11 0x32 0x7f 0x16 0xab 0x42 0xc1 0x4a 0xa9 0x97 0xb9 0xd6 0x13 0x76 0x7a 0xf8 0xc6 0x05 ], deviceToken=[ 0xb9 0xc2 ], rxAdvertisement=null } : 8 times.
09-18 08:32:51.492 I/NearbyMediums(17809): Total 12 fast advertisements.
09-18 08:32:51.599 I/ActivityManager( 1449): Force stopping com.zebra.soho_app appid=10366 user=0: clear data
09-18 08:32:51.601 D/DisplayManagerService( 1449): Drop pending events for gone uid 10366
09-18 08:32:51.603 I/ActivityManager( 1449): Killing 26399:com.zebra.soho_app/u0a366 (adj 0): stop com.zebra.soho_app due to clear data
09-18 08:32:51.604 W/libprocessgroup(  616): Failed to apply NoResetUclampGrp task profile
09-18 08:32:51.604 E/powerhal-libperfmgr(  616): Failed to set NoResetUclampGrp task profile for tid:26442
09-18 08:32:51.605 W/ActivityTaskManager( 1449): Force removing ActivityRecord{bcc12da u0 com.zebra.soho_app/.MainActivity t1703 f}}: app died, no saved state
09-18 08:32:51.606 V/WindowManagerShell( 1984): Transition requested (#4550): android.os.BinderProxy@6c3bee8 TransitionRequestInfo { type = CLOSE, triggerTask = null, pipTask = null, remoteTransition = null, displayChange = null, flags = 0, debugId = 4550 }
09-18 08:32:51.616 D/VRI[0 fl=}](29310): visibilityChanged oldVisibility=false newVisibility=true
09-18 08:32:51.627 I/BpBinder(  562): onLastStrongRef automatically unlinking death recipients: 
09-18 08:32:51.627 D/NexusLauncherModelDelegate(21117): notifySmartspaceEvent: SmartspaceTargetEvent{mSmartspaceTarget=null, mSmartspaceActionId='null', mEventType=6}
09-18 08:32:51.637 W/ActivityTaskManager( 1449): Finishing task with all activities already finished
09-18 08:32:51.637 W/ActivityTaskManager( 1449): Duplicate finish request for r=ActivityRecord{3e6025f u0 com.google.android.permissioncontroller/com.android.permissioncontroller.permission.ui.GrantPermissionsActivity t1703 f}}
09-18 08:32:51.638 I/ActivityManager( 1449): Force stopping com.zebra.soho_app appid=10366 user=-1: clearApplicationUserData
09-18 08:32:51.639 D/BaseDepthController(21117): setSurface:
09-18 08:32:51.639 D/BaseDepthController(21117): 	mWaitingOnSurfaceValidity: false
09-18 08:32:51.639 D/BaseDepthController(21117): 	mSurface: Surface(name=com.google.android.apps.nexuslauncher/com.google.android.apps.nexuslauncher.NexusLauncherActivity)/@0x1968c54
09-18 08:32:51.639 W/gralloc4(  563): Unable to set buffer name VRI[NexusLauncherActivity]#77(BLAST Consumer)77: File name too long
09-18 08:32:51.641 W/gralloc4(  563): Unable to set buffer name VRI[NexusLauncherActivity]#77(BLAST Consumer)77: File name too long
09-18 08:32:51.642 I/WindowManager( 1449):   Force removing ActivityRecord{bcc12da u0 com.zebra.soho_app/.MainActivity t1703 f} isExiting}
09-18 08:32:51.642 W/WindowManager( 1449): removeAppToken: Attempted to remove non-existing token: Token{96882a6 ActivityRecord{bcc12da u0 com.zebra.soho_app/.MainActivity t1703 f} isExiting}}
09-18 08:32:51.643 W/gralloc4(  563): Unable to set buffer name VRI[NexusLauncherActivity]#77(BLAST Consumer)77: File name too long
09-18 08:32:51.643 W/gralloc4(  563): Unable to set buffer name VRI[NexusLauncherActivity]#77(BLAST Consumer)77: File name too long
09-18 08:32:51.645 W/gralloc4(  563): Unable to set buffer name VRI[0 fl=}]#50(BLAST Consumer)50: Invalid argument
09-18 08:32:51.646 W/gralloc4(  563): Unable to set buffer name VRI[NexusLauncherActivity]#77(BLAST Consumer)77: File name too long
09-18 08:32:51.647 W/gralloc4(  563): Unable to set buffer name VRI[0 fl=}]#50(BLAST Consumer)50: Invalid argument
09-18 08:32:51.648 W/gralloc4(  563): Unable to set buffer name VRI[0 fl=}]#50(BLAST Consumer)50: Invalid argument
09-18 08:32:51.648 W/gralloc4(  563): Unable to set buffer name VRI[0 fl=}]#50(BLAST Consumer)50: Invalid argument
09-18 08:32:51.648 I/A       (29310): onStart
09-18 08:32:51.649 W/gralloc4(  563): Unable to set buffer name VRI[0 fl=}]#50(BLAST Consumer)50: Invalid argument
09-18 08:32:51.670 W/gralloc4(  563): Unable to set buffer name VRI[GrantPermissionsActivity]#182(BLAST Consumer)182: File name too long
09-18 08:32:51.693 I/ImeTracker( 1449): com.zebra.soho_app:2e296299: onRequestHide at ORIGIN_SERVER reason HIDE_REMOVE_CLIENT fromUser false
09-18 08:32:51.693 D/ConnectivityService( 1449): releasing NetworkRequest [ REQUEST id=15321, [ Capabilities: INTERNET&NOT_RESTRICTED&TRUSTED&NOT_VCN_MANAGED Uid: 10366 RequestorUid: 10366 RequestorPkg: com.zebra.soho_app UnderlyingNetworks: Null] ] (release request)
09-18 08:32:51.693 I/ImeTracker( 1449): com.zebra.soho_app:2e296299: onCancelled at PHASE_SERVER_SHOULD_HIDE
09-18 08:32:51.694 I/libprocessgroup( 1449): Removed cgroup /sys/fs/cgroup/uid_10366/pid_26399
09-18 08:32:51.694 I/Zygote  (  870): Process 26399 exited due to signal 9 (Killed)
09-18 08:32:51.696 V/ActivityManager( 1449): Got obituary of 26399:com.zebra.soho_app
09-18 08:32:51.697 I/A       (29310): onResume
09-18 08:32:51.698 D/StatsLog(21117): LAUNCHER_ONRESUME
09-18 08:32:51.698 V/WindowManager( 1449): Loading animations: layout params pkg=com.google.android.apps.nexuslauncher resId=0x10302fc
09-18 08:32:51.698 V/WindowManager( 1449): Loading animations: picked package=android
09-18 08:32:51.702 D/BoundBrokerSvc( 9247): onBind: Intent { act=com.google.android.gms.inappreach.service.START dat=chimera-action:/... cmp=com.google.android.gms/.chimera.GmsApiService }
09-18 08:32:51.702 D/BoundBrokerSvc( 9247): Loading bound service for intent: Intent { act=com.google.android.gms.inappreach.service.START dat=chimera-action:/... cmp=com.google.android.gms/.chimera.GmsApiService }
09-18 08:32:51.703 D/WindowManagerShell( 1984): setLauncherKeepClearAreaHeight: visible=true, height=527
09-18 08:32:51.704 D/SearchTargetUtil(21117):  query= size=36
09-18 08:32:51.704 D/SearchTargetUtil(21117): layoutType=short_icon_row resultType=131072 packageName=com.google.android.googlequicksearchbox extras=Bundle{suggestion_type=36,suggest_truncate_start=false,is_answer=false,is_entity=false,is_personal=true,suggest_raw_text=airtest china funding,input_query=android.app.search.Query@25d6d3d,group_id=web1812537578,zero_state_cache=[B@33e4932,response_id=17fef39e-fee8-4a51-9571-03a958bb49fc,support_query_builder=true,} searchAction=airtest china funding searchActionExtras=Bundle{learn_more_url=https://support.google.com/websearch/?p=delete_recent_history&hl=en,suggestion_action_text=Delete,should_start_for_result=true,allow_pinning=true,skip_logging_in_target_handler=true,suggestion_action_rpc=1,}ParentID: null targetID: 828ea3c7-88d5-4a9c-b829-6382c774f649
09-18 08:32:51.704 D/SearchTargetUtil(21117): layoutType=short_icon_row resultType=131072 packageName=com.google.android.googlequicksearchbox extras=Bundle{suggestion_type=36,suggest_truncate_start=false,is_answer=false,is_entity=false,is_personal=true,suggest_raw_text=airtest china,input_query=android.app.search.Query@25d6d3d,group_id=web1812537578,response_id=17fef39e-fee8-4a51-9571-03a958bb49fc,support_query_builder=true,} searchAction=airtest china searchActionExtras=Bundle{learn_more_url=https://support.google.com/websearch/?p=delete_recent_history&hl=en,suggestion_action_text=Delete,should_start_for_result=true,allow_pinning=true,skip_logging_in_target_handler=true,suggestion_action_rpc=1,}ParentID: null targetID: ba92a6ec-21ae-44cf-ae91-db446970e4fc
09-18 08:32:51.704 D/SearchTargetUtil(21117): layoutType=short_icon_row resultType=131072 packageName=com.google.android.googlequicksearchbox extras=Bundle{suggestion_type=36,suggest_truncate_start=false,is_answer=false,is_entity=false,is_personal=true,suggest_raw_text=chatgpt,input_query=android.app.search.Query@25d6d3d,group_id=web1812537578,response_id=17fef39e-fee8-4a51-9571-03a958bb49fc,support_query_builder=true,} searchAction=chatgpt searchActionExtras=Bundle{learn_more_url=https://support.google.com/websearch/?p=delete_recent_history&hl=en,suggestion_action_text=Delete,should_start_for_result=true,allow_pinning=true,skip_logging_in_target_handler=true,suggestion_action_rpc=1,}ParentID: null targetID: e8649a61-0e20-4c1f-bf48-3d5c43cc2fd4
09-18 08:32:51.705 D/SearchTargetUtil(21117): layoutType=short_icon_row resultType=131072 packageName=com.google.android.googlequicksearchbox extras=Bundle{suggestion_type=36,suggest_truncate_start=false,is_answer=false,is_entity=false,is_personal=true,suggest_raw_text=zsb.portal,input_query=android.app.search.Query@25d6d3d,group_id=web1812537578,response_id=17fef39e-fee8-4a51-9571-03a958bb49fc,support_query_builder=true,} searchAction=zsb.portal searchActionExtras=Bundle{learn_more_url=https://support.google.com/websearch/?p=delete_recent_history&hl=en,suggestion_action_text=Delete,should_start_for_result=true,allow_pinning=true,skip_logging_in_target_handler=true,suggestion_action_rpc=1,}ParentID: null targetID: d2e891ff-a632-4cf7-aed8-544c36184c64
09-18 08:32:51.705 D/SearchTargetUtil(21117): layoutType=short_icon_row resultType=131072 packageName=com.google.android.googlequicksearchbox extras=Bundle{suggestion_type=36,suggest_truncate_start=false,is_answer=false,is_entity=false,is_personal=true,suggest_raw_text=segregation,input_query=android.app.search.Query@25d6d3d,group_id=web1812537578,response_id=17fef39e-fee8-4a51-9571-03a958bb49fc,support_query_builder=true,} searchAction=segregation searchActionExtras=Bundle{learn_more_url=https://support.google.com/websearch/?p=delete_recent_history&hl=en,suggestion_action_text=Delete,should_start_for_result=true,allow_pinning=true,skip_logging_in_target_handler=true,suggestion_action_rpc=1,}ParentID: null targetID: 4536a6b5-f22c-446f-b137-c98ab66f0c8f
09-18 08:32:51.705 D/SearchTargetUtil(21117): layoutType=short_icon_row resultType=131072 packageName=com.google.android.googlequicksearchbox extras=Bundle{suggestion_type=36,suggest_truncate_start=false,is_answer=false,is_entity=false,is_personal=true,suggest_raw_text=zsb_mobile\testexecution\test_aems_reference\app_settings_reporting.py:7: in <module> from ...testexecution.test_aems_reference.api_calls import start_main, insert_step, insert_stepdetails, insert_case_results, end_main, start_execution_loop, end_execution_loop, end_execution, upload_case_files e importerror: attempted relative import with no known parent package,input_query=android.app.search.Query@25d6d3d,group_id=web1812537578,response_id=17fef39e-fee8-4a51-9571-03a958bb49fc,support_query_builder=true,} searchAction=zsb_mobile\testexecution\test_aems_reference\app_settings_reporting.py:7: in <module> from ...testexecution.test_aems_reference.api_calls import start_main, insert_step, insert_stepdetails, insert_case_results, end_main, start_execution_loop, end_execution_loop, end_execution, upload_case_files e importerror: attempted relative import with no known parent package searchActionExtras=Bundle{learn_more_url=https://support.google.com/websearch/?p=delete_recent_history&hl=en,suggestion_action_text=Delete,should_start_for_result=true,allow_pinning=true,skip_logging_in_target_handler=true,suggestion_action_rpc=1,}ParentID: null targetID: 8242e94d-7f53-4da3-9090-90a1e3556d64
09-18 08:32:51.705 D/SearchTargetUtil(21117): layoutType=short_icon_row resultType=131072 packageName=com.google.android.googlequicksearchbox extras=Bundle{suggestion_type=36,suggest_truncate_start=false,is_answer=false,is_entity=false,is_personal=true,suggest_raw_text=changes made in test cases,input_query=android.app.search.Query@25d6d3d,group_id=web1812537578,response_id=17fef39e-fee8-4a51-9571-03a958bb49fc,support_query_builder=true,} searchAction=changes made in test cases searchActionExtras=Bundle{learn_more_url=https://support.google.com/websearch/?p=delete_recent_history&hl=en,suggestion_action_text=Delete,should_start_for_result=true,allow_pinning=true,skip_logging_in_target_handler=true,suggestion_action_rpc=1,}ParentID: null targetID: 9b4fb543-3e2b-4b48-9c9e-b6e997f4853a
09-18 08:32:51.705 D/SearchTargetUtil(21117): layoutType=short_icon_row resultType=131072 packageName=com.google.android.googlequicksearchbox extras=Bundle{suggestion_type=36,suggest_truncate_start=false,is_answer=false,is_entity=false,is_personal=true,suggest_raw_text=how gcp logs in android studio,input_query=android.app.search.Query@25d6d3d,group_id=web1812537578,response_id=17fef39e-fee8-4a51-9571-03a958bb49fc,support_query_builder=true,} searchAction=how gcp logs in android studio searchActionExtras=Bundle{learn_more_url=https://support.google.com/websearch/?p=delete_recent_history&hl=en,suggestion_action_text=Delete,should_start_for_result=true,allow_pinning=true,skip_logging_in_target_handler=true,suggestion_action_rpc=1,}ParentID: null targetID: 56692f9c-38b6-4269-86b9-e3d2aa32bd1c
09-18 08:32:51.705 D/SearchTargetUtil(21117): layoutType=short_icon_row resultType=131072 packageName=com.google.android.googlequicksearchbox extras=Bundle{suggestion_type=36,suggest_truncate_start=false,is_answer=false,is_entity=false,is_personal=true,suggest_raw_text=gcp logs,input_query=android.app.search.Query@25d6d3d,group_id=web1812537578,response_id=17fef39e-fee8-4a51-9571-03a958bb49fc,support_query_builder=true,} searchAction=gcp logs searchActionExtras=Bundle{learn_more_url=https://support.google.com/websearch/?p=delete_recent_history&hl=en,suggestion_action_text=Delete,should_start_for_result=true,allow_pinning=true,skip_logging_in_target_handler=true,suggestion_action_rpc=1,}ParentID: null targetID: a384a8aa-014f-4b40-9b94-0e566f1d71f6
09-18 08:32:51.705 D/SearchTargetUtil(21117): layoutType=short_icon_row resultType=131072 packageName=com.google.android.googlequicksearchbox extras=Bundle{suggestion_type=36,suggest_truncate_start=false,is_answer=false,is_entity=false,is_personal=true,suggest_raw_text=what is the bundle id for apple app store in iphone,input_query=android.app.search.Query@25d6d3d,group_id=web1812537578,response_id=17fef39e-fee8-4a51-9571-03a958bb49fc,support_query_builder=true,} searchAction=what is the bundle id for apple app store in iphone searchActionExtras=Bundle{learn_more_url=https://support.google.com/websearch/?p=delete_recent_history&hl=en,suggestion_action_text=Delete,should_start_for_result=true,allow_pinning=true,skip_logging_in_target_handler=true,suggestion_action_rpc=1,}ParentID: null targetID: d5077678-46eb-40b9-afaa-360ecaa3dd70
09-18 08:32:51.705 D/SearchTargetUtil(21117): layoutType=short_icon_row resultType=131072 packageName=com.google.android.googlequicksearchbox extras=Bundle{suggestion_type=36,suggest_truncate_start=false,is_answer=false,is_entity=false,is_personal=true,suggest_raw_text=how to lock the ios screen in airtest with python code,input_query=android.app.search.Query@25d6d3d,group_id=web1812537578,response_id=17fef39e-fee8-4a51-9571-03a958bb49fc,support_query_builder=true,} searchAction=how to lock the ios screen in airtest with python code searchActionExtras=Bundle{learn_more_url=https://support.google.com/websearch/?p=delete_recent_history&hl=en,suggestion_action_text=Delete,should_start_for_result=true,allow_pinning=true,skip_logging_in_target_handler=true,suggestion_action_rpc=1,}ParentID: null targetID: a637c905-7757-4c64-8b9b-c802cf7215a1
09-18 08:32:51.705 D/SearchTargetUtil(21117): layoutType=short_icon_row resultType=131072 packageName=com.google.android.googlequicksearchbox extras=Bundle{suggestion_type=36,suggest_truncate_start=false,is_answer=false,is_entity=false,is_personal=true,suggest_raw_text=gmail,input_query=android.app.search.Query@25d6d3d,group_id=web1812537578,response_id=17fef39e-fee8-4a51-9571-03a958bb49fc,support_query_builder=true,} searchAction=gmail searchActionExtras=Bundle{learn_more_url=https://support.google.com/websearch/?p=delete_recent_history&hl=en,suggestion_action_text=Delete,should_start_for_result=true,allow_pinning=true,skip_logging_in_target_handler=true,suggestion_action_rpc=1,}ParentID: null targetID: 030c7cff-0f6b-414d-8df9-b7e5c968aae3
09-18 08:32:51.705 D/SearchTargetUtil(21117): layoutType=short_icon_row resultType=131072 packageName=com.google.android.googlequicksearchbox extras=Bundle{suggestion_type=36,suggest_truncate_start=false,is_answer=false,is_entity=false,is_personal=true,suggest_raw_text=adobe,input_query=android.app.search.Query@25d6d3d,group_id=web1812537578,response_id=17fef39e-fee8-4a51-9571-03a958bb49fc,support_query_builder=true,} searchAction=adobe searchActionExtras=Bundle{learn_more_url=https://support.google.com/websearch/?p=delete_recent_history&hl=en,suggestion_action_text=Delete,should_start_for_result=true,allow_pinning=true,skip_logging_in_target_handler=true,suggestion_action_rpc=1,}ParentID: null targetID: e6f29030-5b13-403b-af67-45e9d9882275
09-18 08:32:51.705 D/SearchTargetUtil(21117): layoutType=short_icon_row resultType=131072 packageName=com.google.android.googlequicksearchbox extras=Bundle{suggestion_type=36,suggest_truncate_start=false,is_answer=false,is_entity=false,is_personal=true,suggest_raw_text=tdms.zebra.lan,input_query=android.app.search.Query@25d6d3d,group_id=web1812537578,response_id=17fef39e-fee8-4a51-9571-03a958bb49fc,support_query_builder=true,} searchAction=tdms.zebra.lan searchActionExtras=Bundle{learn_more_url=https://support.google.com/websearch/?p=delete_recent_history&hl=en,suggestion_action_text=Delete,should_start_for_result=true,allow_pinning=true,skip_logging_in_target_handler=true,suggestion_action_rpc=1,}ParentID: null targetID: 347a6d1f-31c6-4473-beec-0708676e878c
