09-18 08:32:51.951 D/EuiccConnector( 2403): moveTempStackToStateStack: i=0,j=1
09-18 08:32:51.951 D/EuiccConnector( 2403): moveTempStackToStateStack: X mStateStackTop=1,startingIndex=1,Top=ConnectedState
09-18 08:32:51.951 D/EuiccConnector( 2403): invokeEnterMethods: ConnectedState
09-18 08:32:51.951 D/EuiccConnector( 2403): moveDeferredMessageAtFrontOfQueue; what=103
09-18 08:32:51.951 D/EuiccConnector( 2403): handleMessage: X
09-18 08:32:51.951 D/EuiccConnector( 2403): handleMessage: E msg.what=103
09-18 08:32:51.951 D/EuiccConnector( 2403): processMsg: ConnectedState
09-18 08:32:51.953 D/EuiccConnector( 2403): handleMessage: X
09-18 08:32:51.953 I/EuiccGoogle(23281): [2042] EuiccServiceImpl.onGetEuiccProfileInfoList: onGetEuiccProfileInfoList: slotId = 0
09-18 08:32:51.955 I/MediaProvider( 2935): End Intent { act=android.intent.action.PACKAGE_DATA_CLEARED dat=package: flg=0x5000010 cmp=com.google.android.providers.media.module/com.android.providers.media.MediaService (has extras) }
09-18 08:32:51.957 I/Fitness (17809): (REDACTED) FitCleanupIntentOperation received Intent %s
09-18 08:32:51.958 I/EuiccGoogle(23281): [2042] EuiccServiceImpl.onGetEuiccProfileInfoList: slotId = 0, isRemovable = false
09-18 08:32:51.958 I/EuiccGoogle(23281): [2042] EuiccServiceImpl.onGetEuiccProfileInfoList: onGetEuiccProfileInfoList: isRemovable = false.
09-18 08:32:51.958 I/EuiccGoogle(23281): [2042] EuiccServiceImpl.onGetEuiccProfileInfoList: getSimCardState for slotId: 0
09-18 08:32:51.959 I/Icing   ( 9247): doRemovePackageData com.zebra.soho_app
09-18 08:32:51.961 I/EuiccGoogle(23281): [2042] EuiccServiceImpl.onGetEuiccProfileInfoList: GetEuiccProfileInfoListResult: simCardState :11and simCardStateAtTelephony:11 for slot:0
09-18 08:32:51.961 I/EuiccGoogle(23281): [2042] EuiccServiceImpl.getProfileInfoList: getProfileInfoList: slotId = 0.
09-18 08:32:51.961 I/EuiccGoogle(23281): [2042] EuiccServiceImpl.getEidFromSlotId: getEidFromSlotId: slotId = 0.
09-18 08:32:51.961 I/EuiccGoogle(23281): [2042] NetworkFetcher.getEidForSlot: getEidForSlot: 0
09-18 08:32:51.962 I/EuiccGoogle(23281): [2042] BlockingEuiccCardManager.requestAllProfiles: requestAllProfiles: cardId = [OQEUHFB2NrdLZszPIj0U7I1kjXc]
09-18 08:32:51.963 I/Blockstore( 9247): [PackageIntentOperation] Received broadcast before a restore was started. [CONTEXT service_id=258 ]
09-18 08:32:52.003 D/SafetySourceDataValidat( 1449): No cert check requested for package com.google.android.permissioncontroller
09-18 08:32:52.006 D/PersistedStoragePackageUninstalledReceiver(12633): Received android.intent.action.PACKAGE_DATA_CLEARED for com.zebra.soho_app for u0
09-18 08:32:52.063 D/EuiccConnector( 2403): handleMessage: E msg.what=6
09-18 08:32:52.064 D/EuiccConnector( 2403): processMsg: ConnectedState
09-18 08:32:52.064 D/EuiccConnector( 2403): handleMessage: X
09-18 08:32:52.079 V/WindowManagerShell( 1984): Transition animation finished (aborted=false), notifying core (#4550) android.os.BinderProxy@6c3bee8@0
09-18 08:32:52.082 V/WindowManager( 1449): Finish Transition (#4550): created at 09-18 08:32:51.605 collect-started=0.053ms request-sent=0.087ms started=14.75ms ready=91.207ms sent=95.741ms finished=476.619ms
09-18 08:32:52.083 W/ActivityManager( 1449): pid 1449 system sent binder code 7 with flags 1 to frozen apps and got error -32
09-18 08:32:52.083 D/ActivityManager( 1449): Too many transaction errors, throttling freezer binder callback.
09-18 08:32:52.083 W/WindowManager( 1449): Exception thrown during dispatchAppVisibility Window{b324f84 u0 com.zebra.soho_app/com.zebra.soho_app.MainActivity EXITING}
09-18 08:32:52.083 W/WindowManager( 1449): android.os.DeadObjectException
09-18 08:32:52.083 W/WindowManager( 1449): 	at android.os.BinderProxy.transactNative(Native Method)
09-18 08:32:52.083 W/WindowManager( 1449): 	at android.os.BinderProxy.transact(BinderProxy.java:586)
09-18 08:32:52.083 W/WindowManager( 1449): 	at android.view.IWindow$Stub$Proxy.dispatchAppVisibility(IWindow.java:552)
09-18 08:32:52.083 W/WindowManager( 1449): 	at com.android.server.wm.WindowState.sendAppVisibilityToClients(WindowState.java:3218)
09-18 08:32:52.083 W/WindowManager( 1449): 	at com.android.server.wm.WindowContainer.sendAppVisibilityToClients(WindowContainer.java:1293)
09-18 08:32:52.083 W/WindowManager( 1449): 	at com.android.server.wm.WindowToken.setClientVisible(WindowToken.java:403)
09-18 08:32:52.083 W/WindowManager( 1449): 	at com.android.server.wm.ActivityRecord.setClientVisible(ActivityRecord.java:7100)
09-18 08:32:52.083 W/WindowManager( 1449): 	at com.android.server.wm.ActivityRecord.postApplyAnimation(ActivityRecord.java:5820)
09-18 08:32:52.083 W/WindowManager( 1449): 	at com.android.server.wm.ActivityRecord.commitVisibility(ActivityRecord.java:5762)
09-18 08:32:52.083 W/WindowManager( 1449): 	at com.android.server.wm.Transition.finishTransition(Transition.java:1257)
09-18 08:32:52.083 W/WindowManager( 1449): 	at com.android.server.wm.TransitionController.finishTransition(TransitionController.java:925)
09-18 08:32:52.083 W/WindowManager( 1449): 	at com.android.server.wm.WindowOrganizerController.finishTransition(WindowOrganizerController.java:489)
09-18 08:32:52.083 W/WindowManager( 1449): 	at android.window.IWindowOrganizerController$Stub.onTransact(IWindowOrganizerController.java:278)
09-18 08:32:52.083 W/WindowManager( 1449): 	at com.android.server.wm.WindowOrganizerController.onTransact(WindowOrganizerController.java:199)
09-18 08:32:52.083 W/WindowManager( 1449): 	at android.os.Binder.execTransactInternal(Binder.java:1505)
09-18 08:32:52.083 W/WindowManager( 1449): 	at android.os.Binder.execTransact(Binder.java:1444)
09-18 08:32:52.083 W/Process ( 1449): Unable to open /proc/26399/status
09-18 08:32:52.089 V/WindowManagerShell( 1984): Track 0 became idle
09-18 08:32:52.089 V/WindowManagerShell( 1984): All active transition animations finished
09-18 08:32:52.089 W/UserManagerService( 1449): Requested status bar icon for non-badged user 0
09-18 08:32:52.092 W/UserManagerService( 1449): Requested status bar icon for non-badged user 0
09-18 08:32:52.093 W/UserManagerService( 1449): Requested status bar icon for non-badged user 0
09-18 08:32:52.094 W/WindowOnBackDispatcher(12633): sendCancelIfRunning: isInProgress=falsecallback=android.view.ViewRootImpl$$ExternalSyntheticLambda11@fd9cad6
09-18 08:32:52.094 D/CoreBackPreview( 1449): Window{8cdcda4 u0 com.google.android.permissioncontroller/com.android.permissioncontroller.permission.ui.GrantPermissionsActivity}: Setting back callback null
09-18 08:32:52.096 W/InputManager-JNI( 1449): Input channel object '8cdcda4 com.google.android.permissioncontroller/com.android.permissioncontroller.permission.ui.GrantPermissionsActivity (client)' was disposed without first being removed with the input manager!
09-18 08:32:52.105 E/BpTransactionCompletedListener(  562): Failed to transact (-32)
09-18 08:32:52.106 E/BpTransactionCompletedListener(  562): Failed to transact (-32)
09-18 08:32:52.152 W/AccessibilityManagerService( 1449):  wait for adding window timeout: 5589
09-18 08:32:52.171 W/AccessibilityManagerService( 1449):  wait for adding window timeout: 5596
09-18 08:32:52.256 D/libnos_datagram(  542): Calling App 0x00 with params 0x0200
09-18 08:32:52.290 D/libnos_datagram(  542): App 0x00 returning 0x0
09-18 08:32:52.634 W/QueryController(26928): Could not detect idle state.
09-18 08:32:52.636 W/QueryController(26928): Could not detect idle state.
09-18 08:32:52.637 W/QueryController(26928): Could not detect idle state.
09-18 08:32:52.637 W/QueryController(26928): Could not detect idle state.
09-18 08:32:52.637 W/QueryController(26928): Could not detect idle state.
09-18 08:32:52.640 W/QueryController(26928): Could not detect idle state.
09-18 08:32:52.905 I/WifiHAL (  959): Creating message to get link statistics; iface = 48
09-18 08:32:52.958 I/WifiHAL (  959): In GetLinkStatsCommand::handleResponse
09-18 08:32:52.998 D/ConnectivityService( 1449): NetReassign [no changes] [c 0] [a 1] [i 3]
09-18 08:32:53.015 D/AndroidRuntime(27253): >>>>>> START com.android.internal.os.RuntimeInit uid 2000 <<<<<<
09-18 08:32:53.015 I/NearbyMediums(17809): Triggered instant on lost for service id : NearbySharing with hash [ 0xa0 0xa4 0xbe 0x19 ]
09-18 08:32:53.016 I/NearbyConnections(17809): Processing lost BlePeripheral BlePeripheral{advertisement=BleAdvertisement { version=2, socketVersion=2, isFast=true, serviceIdHash=null, data=[ 0x23 0x36 0x59 0x39 0x50 0x11 0x32 0x34 0xa8 0x7e 0x85 0x2a 0x21 0x0a 0x0d 0xe0 0x39 0x75 0xb3 0x65 0x69 0x00 0x54 ], deviceToken=[ 0x75 0x16 ], rxAdvertisement=null }, address=null, psm=0, deviceToken=<ByteString@414a4e2 size=2 contents="u\026">, isSecondProfile=false, rxInstantConnectionAdv=null}.
09-18 08:32:53.016 I/NearbyConnections(17809): Lost BleEndpoint for BlePeripheral BlePeripheral{advertisement=BleAdvertisement { version=2, socketVersion=2, isFast=true, serviceIdHash=null, data=[ 0x23 0x36 0x59 0x39 0x50 0x11 0x32 0x34 0xa8 0x7e 0x85 0x2a 0x21 0x0a 0x0d 0xe0 0x39 0x75 0xb3 0x65 0x69 0x00 0x54 ], deviceToken=[ 0x75 0x16 ], rxAdvertisement=null }, address=null, psm=0, deviceToken=<ByteString@414a4e2 size=2 contents="u\026">, isSecondProfile=false, rxInstantConnectionAdv=null} (with EndpointId 6Y9P and EndpointInfo [ 0x32 0x34 0xa8 0x7e 0x85 0x2a 0x21 0x0a 0x0d 0xe0 0x39 0x75 0xb3 0x65 0x69 0x00 0x54 ]).
09-18 08:32:53.018 I/NearbyConnections(17809): ClientProxy(18057172) reporting onEndpointLost(6Y9P)
09-18 08:32:53.018 I/NearbySharing(17809): Endpoint 6Y9P lost over Nearby Connections
09-18 08:32:53.019 I/NearbySharing(17809): Ignoring lost endpoint 6Y9P because we don't have an associated ShareTarget
09-18 08:32:53.021 I/AndroidRuntime(27253): Using default boot image
09-18 08:32:53.021 I/AndroidRuntime(27253): Leaving lock profiling enabled
09-18 08:32:53.025 I/app_process(27253): Using CollectorTypeCMC GC.
09-18 08:32:53.037 I/NearbyMediums(17809): This GATT advertisement BleAdvertisement { version=2, socketVersion=2, isFast=true, serviceIdHash=null, data=[ 0x23 0x49 0x37 0x4f 0x43 0x11 0x32 0x5f 0x9a 0x55 0x61 0x6b 0x21 0x64 0x5e 0x7b 0x94 0x49 0x57 0xc8 0x41 0xbc 0x9c ], deviceToken=[ 0x75 0x16 ], rxAdvertisement=null } is a Fast Advertisement and matched UUID 0000fef3-0000-1000-8000-00805f9b34fb in fastAdvertisementServiceUuids map with serviceID NearbySharing
09-18 08:32:53.038 I/NearbyConnections(17809): Found BleAdvertisement [ 0x23 0x49 0x37 0x4f 0x43 0x11 0x32 0x5f 0x9a 0x55 0x61 0x6b 0x21 0x64 0x5e 0x7b 0x94 0x49 0x57 0xc8 0x41 0xbc 0x9c ] (with EndpointId I7OC and EndpointInfo [ 0x32 0x5f 0x9a 0x55 0x61 0x6b 0x21 0x64 0x5e 0x7b 0x94 0x49 0x57 0xc8 0x41 0xbc 0x9c ])
09-18 08:32:53.043 I/NearbyConnections(17809): ClientProxy(18057172) reporting onEndpointFound(I7OC)
09-18 08:32:53.043 I/NearbyConnections(17809): ClientProxy(18057172) reporting onEndpointDistanceChanged(I7OC, UNKNOWN)
09-18 08:32:53.043 I/NearbyConnections(17809): No Bluetooth Classic MAC address found in [ 0x23 0x49 0x37 0x4f 0x43 0x11 0x32 0x5f 0x9a 0x55 0x61 0x6b 0x21 0x64 0x5e 0x7b 0x94 0x49 0x57 0xc8 0x41 0xbc 0x9c ]
09-18 08:32:53.044 I/NearbySharing(17809): Endpoint I7OC discovered over Nearby Connections
09-18 08:32:53.046 I/NearbySharing(17809): Failed to convert given advertisement (I7OC)[ 0x32 0x5f 0x9a 0x55 0x61 0x6b 0x21 0x64 0x5e 0x7b 0x94 0x49 0x57 0xc8 0x41 0xbc 0x9c ] to share target from discovered advertisement. Ignoring.
09-18 08:32:53.046 I/NearbySharing(17809): Report endpoint I7OC as lost, since we cannot recognize this endpoint anymore
09-18 08:32:53.047 I/NearbySharing(17809): Ignoring lost endpoint I7OC because we don't have an associated ShareTarget
09-18 08:32:53.087 D/nativeloader(27253): InitDefaultPublicLibraries for_preload=1: libandroid.so:libaaudio.so:libamidi.so:libbinder_ndk.so:libc.so:libcamera2ndk.so:libdl.so:libEGL.so:libGLESv1_CM.so:libGLESv2.so:libGLESv3.so:libicu.so:libicui18n.so:libicuuc.so:libjnigraphics.so:liblog.so:libmediandk.so:libm.so:libnativehelper.so:libnativewindow.so:libOpenMAXAL.so:libOpenSLES.so:libRS.so:libstdc++.so:libsync.so:libvulkan.so:libwebviewchromium_plat_support.so:libz.so
09-18 08:32:53.095 D/app_process(27253): Time zone APEX ICU file found: /apex/com.android.tzdata/etc/icu/icu_tzdata.dat
09-18 08:32:53.095 D/app_process(27253): I18n APEX ICU file found: /apex/com.android.i18n/etc/icu/icudt72l.dat
09-18 08:32:53.119 D/AndroidRuntime(27253): Calling main entry com.android.commands.monkey.Monkey
09-18 08:32:53.119 W/Monkey  (27253): args: [-p, com.zebra.soho_app, -c, android.intent.category.LAUNCHER, 1]
09-18 08:32:53.119 W/Monkey  (27253):  arg: "-p"
09-18 08:32:53.119 W/Monkey  (27253):  arg: "com.zebra.soho_app"
09-18 08:32:53.119 W/Monkey  (27253):  arg: "-c"
09-18 08:32:53.119 W/Monkey  (27253):  arg: "android.intent.category.LAUNCHER"
09-18 08:32:53.119 W/Monkey  (27253):  arg: "1"
09-18 08:32:53.119 W/Monkey  (27253): data="com.zebra.soho_app"
09-18 08:32:53.120 W/Monkey  (27253): data="android.intent.category.LAUNCHER"
09-18 08:32:53.128 W/ActivityManager( 1449): registerReceiverWithFeature: no app for null
09-18 08:32:53.134 W/ActivityTaskManager( 1449): callingPackage for (uid=2000, pid=27253) has no WPC
09-18 08:32:53.136 D/CompatibilityChangeReporter( 1449): Compat change id reported: 265464455; UID 10366; state: DISABLED
09-18 08:32:53.136 D/CompatibilityChangeReporter( 1449): Compat change id reported: 310816437; UID 10366; state: DISABLED
09-18 08:32:53.137 D/CompatibilityChangeReporter( 1449): Compat change id reported: 265452344; UID 10366; state: DISABLED
09-18 08:32:53.137 D/CompatibilityChangeReporter( 1449): Compat change id reported: 266124927; UID 10366; state: DISABLED
09-18 08:32:53.137 D/CompatibilityChangeReporter( 1449): Compat change id reported: 265451093; UID 10366; state: DISABLED
09-18 08:32:53.137 D/CompatibilityChangeReporter( 1449): Compat change id reported: 265456536; UID 10366; state: DISABLED
09-18 08:32:53.138 D/CompatibilityChangeReporter( 1449): Compat change id reported: 255940284; UID 10366; state: DISABLED
09-18 08:32:53.138 D/CompatibilityChangeReporter( 1449): Compat change id reported: 236283604; UID 10366; state: DISABLED
09-18 08:32:53.139 D/CompatibilityChangeReporter( 1449): Compat change id reported: 263959004; UID 10366; state: DISABLED
09-18 08:32:53.139 D/CompatibilityChangeReporter( 1449): Compat change id reported: 264304459; UID 10366; state: DISABLED
09-18 08:32:53.139 D/CompatibilityChangeReporter( 1449): Compat change id reported: 264301586; UID 10366; state: DISABLED
09-18 08:32:53.140 D/CompatibilityChangeReporter( 1449): Compat change id reported: 254631730; UID 10366; state: DISABLED
09-18 08:32:53.141 D/CompatibilityChangeReporter( 1449): Compat change id reported: 273509367; UID 10366; state: DISABLED
09-18 08:32:53.141 D/CompatibilityChangeReporter( 1449): Compat change id reported: 263259275; UID 10366; state: DISABLED
09-18 08:32:53.142 D/CompatibilityChangeReporter( 1449): Compat change id reported: 174042980; UID 10366; state: DISABLED
09-18 08:32:53.142 D/CompatibilityChangeReporter( 1449): Compat change id reported: 174042936; UID 10366; state: DISABLED
09-18 08:32:53.143 D/CompatibilityChangeReporter( 1449): Compat change id reported: 181136395; UID 10366; state: DISABLED
09-18 08:32:53.143 D/CompatibilityChangeReporter( 1449): Compat change id reported: 194480991; UID 10366; state: ENABLED
09-18 08:32:53.147 D/CompatibilityChangeReporter( 1449): Compat change id reported: 184838306; UID 10366; state: DISABLED
09-18 08:32:53.147 D/CompatibilityChangeReporter( 1449): Compat change id reported: 185004937; UID 10366; state: DISABLED
09-18 08:32:53.149 D/CompatibilityChangeReporter( 1449): Compat change id reported: 197654537; UID 10366; state: ENABLED
09-18 08:32:53.150 D/CompatibilityChangeReporter( 1449): Compat change id reported: 205907456; UID 10366; state: ENABLED
09-18 08:32:53.158 D/CompatibilityChangeReporter( 1449): Compat change id reported: 194833441; UID 10366; state: ENABLED
09-18 08:32:53.158 I/ActivityTaskManager( 1449): START u0 {act=android.intent.action.MAIN cat=[android.intent.category.LAUNCHER] flg=0x10200000 cmp=com.zebra.soho_app/.MainActivity} with LAUNCH_SINGLE_TASK from uid 2000 (BAL_ALLOW_PERMISSION) result code=0
09-18 08:32:53.158 V/WindowManagerShell( 1984): Transition requested (#4551): android.os.BinderProxy@127cf2c TransitionRequestInfo { type = OPEN, triggerTask = TaskInfo{userId=0 taskId=1705 displayId=0 isRunning=true baseIntent=Intent { act=android.intent.action.MAIN cat=[android.intent.category.LAUNCHER] flg=0x10200000 cmp=com.zebra.soho_app/.MainActivity } baseActivity=ComponentInfo{com.zebra.soho_app/com.zebra.soho_app.MainActivity} topActivity=ComponentInfo{com.zebra.soho_app/com.zebra.soho_app.MainActivity} origActivity=null realActivity=ComponentInfo{com.zebra.soho_app/com.zebra.soho_app.MainActivity} numActivities=1 lastActiveTime=1812539033 supportsMultiWindow=true resizeMode=1 isResizeable=true minWidth=-1 minHeight=-1 defaultMinSize=220 token=WCT{android.window.IWindowContainerToken$Stub$Proxy@71acdf5} topActivityType=1 pictureInPictureParams=null shouldDockBigOverlays=false launchIntoPipHostTaskId=-1 lastParentTaskIdBeforePip=-1 displayCutoutSafeInsets=Rect(0, 108 - 0, 0) topActivityInfo=ActivityInfo{1a8878a com.zebra.soho_app.MainActivity} launchCookies=[] positionInParent=Point(0, 0) parentTaskId=-1 isFocused=false isVisible=false isVisibleRequested=false isSleeping=false locusId=null displayAreaFeatureId=1 isTopActivityTransparent=false appCompatTaskInfo=AppCompatTaskInfo { topActivityInSizeCompat=false topActivityEligibleForLetterboxEducation= false isLetterboxDoubleTapEnabled= false topActivityEligibleForUserAspectRatioButton= false topActivityBoundsLetterboxed= false isFromLetterboxDoubleTap= false topActivityLetterboxVerticalPosition= -1 topActivityLetterboxHorizontalPosition= -1 topActivityLetterboxWidth=1080 topActivityLetterboxHeight=2340 isUserFullscreenOverrideEnabled=false isSystemFullscreenOverrideEnabled=false cameraCompatControlState=hidden}}, pipTask = null, remoteTransition = null, displayChange = null, flags = 0, debugId = 4551 }
09-18 08:32:53.159 I/Monkey  (27253): Events injected: 1
09-18 08:32:53.159 W/SplitSelectStateCtor(21117): Missing session instanceIds
09-18 08:32:53.159 D/StatsLog(21117): LAUNCHER_SPLIT_SELECTION_EXIT_INTERRUPTED
09-18 08:32:53.161 D/WindowManagerShell( 1984): setLauncherKeepClearAreaHeight: visible=false, height=527
09-18 08:32:53.162 D/GrammaticalInflection( 1449): The flag must be enabled to allow calling the API.
09-18 08:32:53.164 D/CompatibilityChangeReporter( 1449): Compat change id reported: 135634846; UID 10366; state: DISABLED
09-18 08:32:53.164 D/CompatibilityChangeReporter( 1449): Compat change id reported: 177438394; UID 10366; state: DISABLED
09-18 08:32:53.164 D/CompatibilityChangeReporter( 1449): Compat change id reported: 135772972; UID 10366; state: DISABLED
09-18 08:32:53.164 D/CompatibilityChangeReporter( 1449): Compat change id reported: 135754954; UID 10366; state: ENABLED
09-18 08:32:53.164 D/CompatibilityChangeReporter( 1449): Compat change id reported: 143937733; UID 10366; state: ENABLED
09-18 08:32:53.166 D/CoreBackPreview( 1449): Window{7769309 u0 Splash Screen com.zebra.soho_app}: Setting back callback OnBackInvokedCallbackInfo{mCallback=android.window.IOnBackInvokedCallback$Stub$Proxy@86c56c5, mPriority=0, mIsAnimationCallback=false}
09-18 08:32:53.168 I/Monkey  (27253): ## Network stats: elapsed time=32ms (0ms mobile, 0ms wifi, 32ms not connected)
09-18 08:32:53.168 I/app_process(27253): System.exit called, status: 0
09-18 08:32:53.168 I/AndroidRuntime(27253): VM exiting with result code 0.
09-18 08:32:53.170 D/CompatibilityChangeReporter( 1449): Compat change id reported: 265195908; UID 10366; state: ENABLED
09-18 08:32:53.171 W/gralloc4(  563): Unable to set buffer name VRI[soho_app]#3001(BLAST Consumer)3001: File name too long
09-18 08:32:53.172 W/gralloc4(  563): Unable to set buffer name VRI[soho_app]#3001(BLAST Consumer)3001: File name too long
09-18 08:32:53.172 W/gralloc4(  563): Unable to set buffer name VRI[soho_app]#3001(BLAST Consumer)3001: File name too long
09-18 08:32:53.173 W/gralloc4(  563): Unable to set buffer name VRI[soho_app]#3001(BLAST Consumer)3001: File name too long
09-18 08:32:53.174 W/gralloc4(  563): Unable to set buffer name VRI[soho_app]#3001(BLAST Consumer)3001: File name too long
09-18 08:32:53.174 D/Zygote  (  870): Forked child process 27270
09-18 08:32:53.174 I/ActivityManager( 1449): Start proc 27270:com.zebra.soho_app/u0a366 for next-top-activity {com.zebra.soho_app/com.zebra.soho_app.MainActivity}
09-18 08:32:53.176 V/WindowManager( 1449): Sent Transition (#4551) createdAt=09-18 08:32:53.143 via request=TransitionRequestInfo { type = OPEN, triggerTask = TaskInfo{userId=0 taskId=1705 displayId=0 isRunning=true baseIntent=Intent { act=android.intent.action.MAIN cat=[android.intent.category.LAUNCHER] flg=0x10200000 cmp=com.zebra.soho_app/.MainActivity } baseActivity=ComponentInfo{com.zebra.soho_app/com.zebra.soho_app.MainActivity} topActivity=ComponentInfo{com.zebra.soho_app/com.zebra.soho_app.MainActivity} origActivity=null realActivity=ComponentInfo{com.zebra.soho_app/com.zebra.soho_app.MainActivity} numActivities=1 lastActiveTime=1812539033 supportsMultiWindow=true resizeMode=1 isResizeable=true minWidth=-1 minHeight=-1 defaultMinSize=220 token=WCT{RemoteToken{5bb997d Task{c6c8936 #1705 type=standard A=10366:com.zebra.soho_app}}} topActivityType=1 pictureInPictureParams=null shouldDockBigOverlays=false launchIntoPipHostTaskId=-1 lastParentTaskIdBeforePip=-1 displayCutoutSafeInsets=Rect(0, 108 - 0, 0) topActivityInfo=ActivityInfo{1445ad1 com.zebra.soho_app.MainActivity} launchCookies=[] positionInParent=Point(0, 0) parentTaskId=-1 isFocused=false isVisible=false isVisibleRequested=false isSleeping=false locusId=null displayAreaFeatureId=1 isTopActivityTransparent=false appCompatTaskInfo=AppCompatTaskInfo { topActivityInSizeCompat=false topActivityEligibleForLetterboxEducation= false isLetterboxDoubleTapEnabled= false topActivityEligibleForUserAspectRatioButton= false topActivityBoundsLetterboxed= false isFromLetterboxDoubleTap= false topActivityLetterboxVerticalPosition= -1 topActivityLetterboxHorizontalPosition= -1 topActivityLetterboxWidth=1080 topActivityLetterboxHeight=2340 isUserFullscreenOverrideEnabled=false isSystemFullscreenOverrideEnabled=false cameraCompatControlState=hidden}}, pipTask = null, remoteTransition = null, displayChange = null, flags = 0, debugId = 4551 }
09-18 08:32:53.176 V/WindowManager( 1449):     startWCT=WindowContainerTransaction { changes = {} hops = [] errorCallbackToken=null taskFragmentOrganizer=null }
09-18 08:32:53.176 V/WindowManager( 1449):     info={id=4551 t=OPEN f=0x0 trk=0 r=[0@Point(0, 0)] c=[
09-18 08:32:53.176 V/WindowManager( 1449):         {WCT{RemoteToken{5bb997d Task{c6c8936 #1705 type=standard A=10366:com.zebra.soho_app}}} m=OPEN f=NONE leash=Surface(name=Task=1705)/@0x5487527 sb=Rect(0, 0 - 1080, 2340) eb=Rect(0, 0 - 1080, 2340) d=0},
09-18 08:32:53.176 V/WindowManager( 1449):         {WCT{RemoteToken{e6c322c Task{17ef99a #7 type=undefined}}} m=TO_BACK f=SHOW_WALLPAPER leash=Surface(name=Task=7)/@0x9abbc7e sb=Rect(0, 0 - 1080, 2340) eb=Rect(0, 0 - 1080, 2340) d=0}
09-18 08:32:53.176 V/WindowManager( 1449):     ]}
09-18 08:32:53.178 I/BpBinder(  562): onLastStrongRef automatically unlinking death recipients: 
09-18 08:32:53.179 V/WindowManagerShell( 1984): onTransitionReady (#4551) android.os.BinderProxy@127cf2c: {id=4551 t=OPEN f=0x0 trk=0 r=[0@Point(0, 0)] c=[{WCT{android.window.IWindowContainerToken$Stub$Proxy@d7c1e65} m=OPEN f=NONE leash=Surface(name=Task=1705)/@0xc3b20a9 sb=Rect(0, 0 - 1080, 2340) eb=Rect(0, 0 - 1080, 2340) d=0},{WCT{android.window.IWindowContainerToken$Stub$Proxy@639e73a} m=TO_BACK f=SHOW_WALLPAPER leash=Surface(name=Task=7)/@0x4d6962e sb=Rect(0, 0 - 1080, 2340) eb=Rect(0, 0 - 1080, 2340) d=0}]}
09-18 08:32:53.179 V/WindowManagerShell( 1984): Playing animation for (#4551) android.os.BinderProxy@127cf2c@0
09-18 08:32:53.179 V/WindowManagerShell( 1984):  try handler com.android.wm.shell.transition.DefaultMixedHandler@f494f5b
09-18 08:32:53.179 V/WindowManagerShell( 1984):  try handler com.android.wm.shell.keyguard.KeyguardTransitionHandler@3c6b3f8
09-18 08:32:53.179 V/WindowManagerShell( 1984):  try handler com.android.wm.shell.pip.PipTransition@4060d1
09-18 08:32:53.179 V/WindowManagerShell( 1984):  try handler com.android.wm.shell.activityembedding.ActivityEmbeddingController@b8f1736
09-18 08:32:53.179 V/WindowManagerShell( 1984):  try handler com.android.wm.shell.recents.RecentsTransitionHandler@ec38637
09-18 08:32:53.179 V/ShellRecents( 1984): RecentsTransitionHandler.startAnimation: no controller found
09-18 08:32:53.179 V/WindowManagerShell( 1984):  try handler com.android.wm.shell.splitscreen.StageCoordinator@24ec14c
09-18 08:32:53.179 V/WindowManagerShell( 1984):  try handler com.android.wm.shell.transition.RemoteTransitionHandler@1af17a4
09-18 08:32:53.179 V/WindowManagerShell( 1984): Transition doesn't have explicit remote, search filters for match for {id=4551 t=OPEN f=0x0 trk=0 r=[0@Point(0, 0)] c=[{WCT{android.window.IWindowContainerToken$Stub$Proxy@d7c1e65} m=OPEN f=NONE leash=Surface(name=Task=1705)/@0xc3b20a9 sb=Rect(0, 0 - 1080, 2340) eb=Rect(0, 0 - 1080, 2340) d=0},{WCT{android.window.IWindowContainerToken$Stub$Proxy@639e73a} m=TO_BACK f=SHOW_WALLPAPER leash=Surface(name=Task=7)/@0x4d6962e sb=Rect(0, 0 - 1080, 2340) eb=Rect(0, 0 - 1080, 2340) d=0}]}
09-18 08:32:53.179 V/WindowManagerShell( 1984):  Checking filter Pair{{types=[] flags=0x0] notFlags=0x0 checks=[{atype=dream independent=true modes=[OPEN,TO_FRONT] flags=NONE mustBeTask=false order=ANY topActivity=null},{atype=home independent=true modes=[CLOSE,TO_BACK] flags=NONE mustBeTask=false order=ANY topActivity=null}]} RemoteTransition { remoteTransition = android.window.IRemoteTransition$Stub$Proxy@4ce5e20, appThread = android.app.IApplicationThread$Stub$Proxy@94c03d9, debugName = LauncherToDream }}
09-18 08:32:53.179 V/WindowManagerShell( 1984):  Checking filter Pair{{types=[] flags=0x0] notFlags=0x100 checks=[{atype=home independent=true modes=[OPEN,TO_FRONT] flags=NONE mustBeTask=false order=TOP topActivity=ComponentInfo{com.google.android.apps.nexuslauncher/com.google.android.apps.nexuslauncher.NexusLauncherActivity}},{atype=standard independent=true modes=[CLOSE,TO_BACK] flags=NONE mustBeTask=false order=ANY topActivity=null}]} RemoteTransition { remoteTransition = android.window.IRemoteTransition$Stub$Proxy@15ff19e, appThread = android.app.IApplicationThread$Stub$Proxy@fac347f, debugName = QuickstepLaunchHome }}
09-18 08:32:53.179 V/WindowManagerShell( 1984):  Delegate animation for (#4551) to null
09-18 08:32:53.179 V/WindowManagerShell( 1984):  try handler com.android.wm.shell.transition.DefaultTransitionHandler@d99390d
09-18 08:32:53.179 V/WindowManagerShell( 1984): start default transition animation, info = {id=4551 t=OPEN f=0x0 trk=0 r=[0@Point(0, 0)] c=[{WCT{android.window.IWindowContainerToken$Stub$Proxy@d7c1e65} m=OPEN f=NONE leash=Surface(name=Task=1705)/@0xc3b20a9 sb=Rect(0, 0 - 1080, 2340) eb=Rect(0, 0 - 1080, 2340) d=0},{WCT{android.window.IWindowContainerToken$Stub$Proxy@639e73a} m=TO_BACK f=SHOW_WALLPAPER leash=Surface(name=Task=7)/@0x4d6962e sb=Rect(0, 0 - 1080, 2340) eb=Rect(0, 0 - 1080, 2340) d=0}]}
09-18 08:32:53.179 V/WindowManagerShell( 1984): loadAnimation: anim=android.view.animation.AnimationSet@d68d148 animAttr=0x13 type=OPEN isEntrance=false
09-18 08:32:53.180 V/WindowManagerShell( 1984): loadAnimation: anim=android.view.animation.AnimationSet@1ddb9f4 animAttr=0x12 type=OPEN isEntrance=true
09-18 08:32:53.180 V/WindowManagerShell( 1984):  animated by com.android.wm.shell.transition.DefaultTransitionHandler@d99390d
09-18 08:32:53.181 W/UserManagerService( 1449): Requested status bar icon for non-badged user 0
09-18 08:32:53.182 I/.zebra.soho_app(27270): Using CollectorTypeCMC GC.
09-18 08:32:53.184 E/.zebra.soho_app(27270): Not starting debugger since process cannot load the jdwp agent.
09-18 08:32:53.193 D/CompatibilityChangeReporter(27270): Compat change id reported: 171979766; UID 10366; state: ENABLED
09-18 08:32:53.193 D/CompatibilityChangeReporter(27270): Compat change id reported: 242716250; UID 10366; state: ENABLED
09-18 08:32:53.194 D/CompatibilityChangeReporter( 1449): Compat change id reported: 170503758; UID 10366; state: ENABLED
09-18 08:32:53.197 D/nativeloader(27270): Configuring clns-4 for other apk /data/app/~~je9xrORl68_-Lvz_hXFatQ==/com.zebra.soho_app-UsvvQjdFyap_SPJR7jPjtw==/base.apk. target_sdk_version=34, uses_libraries=, library_path=/data/app/~~je9xrORl68_-Lvz_hXFatQ==/com.zebra.soho_app-UsvvQjdFyap_SPJR7jPjtw==/lib/arm64:/data/app/~~je9xrORl68_-Lvz_hXFatQ==/com.zebra.soho_app-UsvvQjdFyap_SPJR7jPjtw==/base.apk!/lib/arm64-v8a, permitted_path=/data:/mnt/expand:/data/user/0/com.zebra.soho_app
09-18 08:32:53.202 V/GraphicsEnvironment(27270): Currently set values for:
09-18 08:32:53.202 V/GraphicsEnvironment(27270):   angle_gl_driver_selection_pkgs=[com.android.angle, com.linecorp.b612.android, com.campmobile.snow, com.google.android.apps.tachyon]
09-18 08:32:53.202 V/GraphicsEnvironment(27270):   angle_gl_driver_selection_values=[angle, native, native, native]
09-18 08:32:53.202 V/GraphicsEnvironment(27270): com.zebra.soho_app is not listed in per-application setting
09-18 08:32:53.202 V/GraphicsEnvironment(27270): Neither updatable production driver nor prerelease driver is supported.
09-18 08:32:53.206 D/CompatibilityChangeReporter(27270): Compat change id reported: 183155436; UID 10366; state: ENABLED
09-18 08:32:53.208 D/SessionsDependencies(27270): Dependency to CRASHLYTICS added.
09-18 08:32:53.209 I/FirebaseApp(27270): Device unlocked: initializing all Firebase APIs for app [DEFAULT]
09-18 08:32:53.209 I/FirebaseCrashlytics(27270): Initializing Firebase Crashlytics 18.6.2 for com.zebra.soho_app
09-18 08:32:53.210 D/CompatibilityChangeReporter(27270): Compat change id reported: 247079863; UID 10366; state: ENABLED
09-18 08:32:53.214 D/SessionsDependencies(27270): Subscriber CRASHLYTICS registered.
09-18 08:32:53.217 W/ziparchive(27270): Unable to open '/data/user_de/0/com.google.android.gms/app_chimera/m/000001c7/DynamiteLoader.uncompressed.dm': No such file or directory
09-18 08:32:53.217 W/ziparchive(27270): Unable to open '/data/user_de/0/com.google.android.gms/app_chimera/m/000001c7/DynamiteLoader.uncompressed.dm': No such file or directory
09-18 08:32:53.222 I/DynamiteModule(27270): Considering local module com.google.android.gms.measurement.dynamite:100 and remote module com.google.android.gms.measurement.dynamite:124
09-18 08:32:53.222 I/DynamiteModule(27270): Selected remote version of com.google.android.gms.measurement.dynamite, version >= 124
09-18 08:32:53.222 V/DynamiteModule(27270): Dynamite loader version >= 2, using loadModule2NoCrashUtils
09-18 08:32:53.226 D/CompatibilityChangeReporter( 1449): Compat change id reported: 161145287; UID 10366; state: ENABLED
09-18 08:32:53.234 W/System  (27270): ClassLoader referenced unknown path: 
09-18 08:32:53.234 D/nativeloader(27270): Configuring clns-5 for other apk . target_sdk_version=34, uses_libraries=, library_path=/data/app/~~8R2p26qD1tgNymtSpnn7Xw==/com.google.android.gms-fCImiVHZci4X4KuvUcmGuw==/lib/arm64:/data/app/~~8R2p26qD1tgNymtSpnn7Xw==/com.google.android.gms-fCImiVHZci4X4KuvUcmGuw==/base.apk!/lib/arm64-v8a, permitted_path=/data:/mnt/expand:/data/user/0/com.google.android.gms
09-18 08:32:53.241 W/.zebra.soho_app(27270): ClassLoaderContext classpath size mismatch. expected=12, found=2 (DLC[];PCL[base.apk*655571707:base.apk!classes2.dex*1498855786:base.apk!classes3.dex*490929050:base.apk!classes4.dex*1611603995:base.apk!classes5.dex*471123784:base.apk!classes6.dex*137154469:base.apk!classes7.dex*1102601877:base.apk!classes8.dex*2329565478:base.apk!classes9.dex*3036896885:base.apk!classes10.dex*3882078478:base.apk!classes11.dex*2742095993:base.apk!classes12.dex*823082303]{PCL[/system/framework/org.apache.http.legacy.jar*1096660761]#PCL[/system/framework/com.android.media.remotedisplay.jar*3355806333]#PCL[/system/framework/com.android.location.provider.jar*2324294294]#PCL[/system_ext/framework/org.carconnectivity.android.digitalkey.timesync.jar*968449808]} | DLC[];PCL[/data/app/~~je9xrORl68_-Lvz_hXFatQ==/com.zebra.soho_app-UsvvQjdFyap_SPJR7jPjtw==/base.apk*3707216409:/data/app/~~je9xrORl68_-Lvz_hXFatQ==/com.zebra.soho_app-UsvvQjdFyap_SPJR7jPjtw==/base.apk!classes2.dex*1560619406])
09-18 08:32:53.243 D/FirebaseSessions(27270): Initializing Firebase Sessions SDK.
09-18 08:32:53.244 D/SessionConfigFetcher(27270): Fetching settings from server.
09-18 08:32:53.247 I/FirebaseInitProvider(27270): FirebaseApp initialization successful
09-18 08:32:53.249 D/WM-WrkMgrInitializer(27270): Initializing WorkManager with default configuration.
09-18 08:32:53.251 D/CompatibilityChangeReporter(27270): Compat change id reported: 279646685; UID 10366; state: DISABLED
09-18 08:32:53.260 I/A       (29310): onPause
09-18 08:32:53.265 D/CompatibilityChangeReporter(27270): Compat change id reported: 160794467; UID 10366; state: ENABLED
09-18 08:32:53.265 D/vulkan  (27270): searching for layers in '/data/app/~~je9xrORl68_-Lvz_hXFatQ==/com.zebra.soho_app-UsvvQjdFyap_SPJR7jPjtw==/lib/arm64'
09-18 08:32:53.265 D/vulkan  (27270): searching for layers in '/data/app/~~je9xrORl68_-Lvz_hXFatQ==/com.zebra.soho_app-UsvvQjdFyap_SPJR7jPjtw==/base.apk!/lib/arm64-v8a'
09-18 08:32:53.268 E/.zebra.soho_app(27270): No package ID 79 found for resource ID 0x790b000f.
09-18 08:32:53.268 E/.zebra.soho_app(27270): No package ID 79 found for resource ID 0x790b000f.
09-18 08:32:53.268 I/FA      (27270): App measurement initialized, version: 103006
09-18 08:32:53.268 I/FA      (27270): To enable debug logging run: adb shell setprop log.tag.FA VERBOSE
09-18 08:32:53.268 I/FA      (27270): To enable faster debug mode event logging run:
09-18 08:32:53.268 I/FA      (27270):   adb shell setprop debug.firebase.analytics.app com.zebra.soho_app
09-18 08:32:53.289 D/CompatibilityChangeReporter( 1449): Compat change id reported: 261072174; UID 10366; state: ENABLED
09-18 08:32:53.291 D/BoundBrokerSvc( 9247): onBind: Intent { act=com.google.android.gms.measurement.START pkg=com.google.android.gms }
09-18 08:32:53.291 D/BoundBrokerSvc( 9247): Loading bound service for intent: Intent { act=com.google.android.gms.measurement.START pkg=com.google.android.gms }
09-18 08:32:53.285 W/.zebra.soho_app(27270): type=1400 audit(0.0:104164): avc:  denied  { read } for  name="max_map_count" dev="proc" ino=527001280 scontext=u:r:untrusted_app:s0:c110,c257,c512,c768 tcontext=u:object_r:proc_max_map_count:s0 tclass=file permissive=0 app=com.zebra.soho_app
09-18 08:32:53.301 I/FA      (27270): Tag Manager is not found and thus will not be used
09-18 08:32:53.313 D/TrafficStats(27270): tagSocket(84) with statsTag=0xffffffff, statsUid=-1
09-18 08:32:53.349 D/TrafficStats(27270): tagSocket(99) with statsTag=0xffffffff, statsUid=-1
09-18 08:32:53.349 I/ActivityTaskManager( 1449): START u0 {act=android.content.pm.action.REQUEST_PERMISSIONS pkg=com.google.android.permissioncontroller cmp=com.google.android.permissioncontroller/com.android.permissioncontroller.permission.ui.GrantPermissionsActivity (has extras)} with LAUNCH_MULTIPLE from uid 10366 (BAL_ALLOW_VISIBLE_WINDOW) result code=0
09-18 08:32:53.350 V/WindowManagerShell( 1984): Transition requested (#4552): android.os.BinderProxy@9ca6ad5 TransitionRequestInfo { type = OPEN, triggerTask = TaskInfo{userId=0 taskId=1705 displayId=0 isRunning=true baseIntent=Intent { act=android.intent.action.MAIN cat=[android.intent.category.LAUNCHER] flg=0x10200000 cmp=com.zebra.soho_app/.MainActivity } baseActivity=ComponentInfo{com.zebra.soho_app/com.zebra.soho_app.MainActivity} topActivity=ComponentInfo{com.google.android.permissioncontroller/com.android.permissioncontroller.permission.ui.GrantPermissionsActivity} origActivity=null realActivity=ComponentInfo{com.zebra.soho_app/com.zebra.soho_app.MainActivity} numActivities=2 lastActiveTime=1812539229 supportsMultiWindow=true resizeMode=1 isResizeable=true minWidth=-1 minHeight=-1 defaultMinSize=220 token=WCT{android.window.IWindowContainerToken$Stub$Proxy@d7a92ea} topActivityType=1 pictureInPictureParams=null shouldDockBigOverlays=false launchIntoPipHostTaskId=-1 lastParentTaskIdBeforePip=-1 displayCutoutSafeInsets=Rect(0, 108 - 0, 0) topActivityInfo=ActivityInfo{f009db com.android.permissioncontroller.permission.ui.GrantPermissionsActivity} launchCookies=[] positionInParent=Point(0, 0) parentTaskId=-1 isFocused=true isVisible=true isVisibleRequested=true isSleeping=false locusId=null displayAreaFeatureId=1 isTopActivityTransparent=true appCompatTaskInfo=AppCompatTaskInfo { topActivityInSizeCompat=false topActivityEligibleForLetterboxEducation= false isLetterboxDoubleTapEnabled= false topActivityEligibleForUserAspectRatioButton= false topActivityBoundsLetterboxed= false isFromLetterboxDoubleTap= false topActivityLetterboxVerticalPosition= -1 topActivityLetterboxHorizontalPosition= -1 topActivityLetterboxWidth=1080 topActivityLetterboxHeight=2340 isUserFullscreenOverrideEnabled=false isSystemFullscreenOverrideEnabled=false cameraCompatControlState=hidden}}, pipTask = null, remoteTransition = null, displayChange = null, flags = 0, debugId = 4552 }
09-18 08:32:53.354 D/TrafficStats(27270): tagSocket(87) with statsTag=0x8001, statsUid=-1
09-18 08:32:53.362 I/ContentCaptureHelper(27270): Setting logging level to OFF
09-18 08:32:53.365 D/CompatibilityChangeReporter(27270): Compat change id reported: 237531167; UID 10366; state: DISABLED
09-18 08:32:53.372 D/FlutterLocationService(27270): Creating service.
09-18 08:32:53.373 D/FlutterLocationService(27270): Binding to location service.
09-18 08:32:53.380 D/CoreBackPreview( 1449): Window{44241e8 u0 com.zebra.soho_app/com.zebra.soho_app.MainActivity}: Setting back callback OnBackInvokedCallbackInfo{mCallback=android.window.IOnBackInvokedCallback$Stub$Proxy@ee58b3d, mPriority=0, mIsAnimationCallback=false}
09-18 08:32:53.387 D/LocationPlugin(27270): Service connected: ComponentInfo{com.zebra.soho_app/com.lyokone.location.FlutterLocationService}
09-18 08:32:53.390 D/CompatibilityChangeReporter(27270): Compat change id reported: 3400644; UID 10366; state: ENABLED
09-18 08:32:53.392 D/AdvertisingIdClient( 9247): AdvertisingIdClient already created.
09-18 08:32:53.392 D/AdvertisingIdClient( 9247): AdvertisingIdClient is not bounded. Starting to bind it...
09-18 08:32:53.399 D/AdvertisingIdClient( 9247): AdvertisingIdClient is bounded
09-18 08:32:53.400 I/AdvertisingIdClient( 9247): shouldSendLog 1811956299
09-18 08:32:53.400 I/AdvertisingIdClient( 9247): GetInfoInternal elapse 8ms
09-18 08:32:53.411 W/NetworkScheduler(17809): Error inserting flex_time=1577000 job_id=-1 period=3156000 source=16 requires_charging=0 preferred_network_type=1 target_class=com.google.android.gms.measurement.PackageMeasurementTaskService user_id=0 target_package=com.google.android.gms tag=Measurement.PackageMeasurementTaskService.UPLOAD_TASK_TAG task_type=0 required_idleness_state=0 service_kind=0 source_version=243433000 persistence_level=1 preferred_charging_state=1 required_network_type=0 runtime=1726662773409 retry_strategy={"maximum_backoff_seconds":{"3600":0},"initial_backoff_seconds":{"30":0},"retry_policy":{"0":0}} last_runtime=0 [CONTEXT service_id=218 ]
09-18 08:32:53.411 W/NetworkScheduler(17809): android.database.sqlite.SQLiteConstraintException: UNIQUE constraint failed: pending_ops.tag, pending_ops.target_class, pending_ops.target_package, pending_ops.user_id (code 2067 SQLITE_CONSTRAINT_UNIQUE)
09-18 08:32:53.411 W/NetworkScheduler(17809): 	at android.database.sqlite.SQLiteConnection.nativeExecuteForLastInsertedRowId(Native Method)
09-18 08:32:53.411 W/NetworkScheduler(17809): 	at android.database.sqlite.SQLiteConnection.executeForLastInsertedRowId(SQLiteConnection.java:974)
09-18 08:32:53.411 W/NetworkScheduler(17809): 	at android.database.sqlite.SQLiteSession.executeForLastInsertedRowId(SQLiteSession.java:814)
09-18 08:32:53.411 W/NetworkScheduler(17809): 	at android.database.sqlite.SQLiteStatement.executeInsert(SQLiteStatement.java:89)
09-18 08:32:53.411 W/NetworkScheduler(17809): 	at android.database.sqlite.SQLiteDatabase.insertWithOnConflict(SQLiteDatabase.java:1976)
09-18 08:32:53.411 W/NetworkScheduler(17809): 	at android.database.sqlite.SQLiteDatabase.insertOrThrow(SQLiteDatabase.java:1870)
09-18 08:32:53.411 W/NetworkScheduler(17809): 	at dejz.d(:com.google.android.gms@243433038@24.34.33 (190400-666809342):735)
09-18 08:32:53.411 W/NetworkScheduler(17809): 	at dehl.n(:com.google.android.gms@243433038@24.34.33 (190400-666809342):29)
09-18 08:32:53.411 W/NetworkScheduler(17809): 	at dehl.u(:com.google.android.gms@243433038@24.34.33 (190400-666809342):360)
09-18 08:32:53.411 W/NetworkScheduler(17809): 	at dehl.h(:com.google.android.gms@243433038@24.34.33 (190400-666809342):51)
09-18 08:32:53.411 W/NetworkScheduler(17809): 	at decf.run(:com.google.android.gms@243433038@24.34.33 (190400-666809342):72)
09-18 08:32:53.411 W/NetworkScheduler(17809): 	at amze.c(:com.google.android.gms@243433038@24.34.33 (190400-666809342):50)
09-18 08:32:53.411 W/NetworkScheduler(17809): 	at amze.run(:com.google.android.gms@243433038@24.34.33 (190400-666809342):76)
09-18 08:32:53.411 W/NetworkScheduler(17809): 	at java.util.concurrent.ThreadPoolExecutor.runWorker(ThreadPoolExecutor.java:1145)
09-18 08:32:53.411 W/NetworkScheduler(17809): 	at java.util.concurrent.ThreadPoolExecutor$Worker.run(ThreadPoolExecutor.java:644)
09-18 08:32:53.411 W/NetworkScheduler(17809): 	at aneq.run(:com.google.android.gms@243433038@24.34.33 (190400-666809342):8)
09-18 08:32:53.411 W/NetworkScheduler(17809): 	at java.lang.Thread.run(Thread.java:1012)
09-18 08:32:53.416 I/flutter (27270): [2024-09-18 08:32:53.416757] getLocalTokens : access_token: null
09-18 08:32:53.416 I/flutter (27270): [2024-09-18 08:32:53.416971] getLocalTokens : refresh_token: null
09-18 08:32:53.416 I/flutter (27270): [2024-09-18 08:32:53.416986] getLocalTokens : id_token: null
09-18 08:32:53.417 I/flutter (27270): [2024-09-18 08:32:53.416996] getLocalTokens : expires_in: null
09-18 08:32:53.417 D/CoreBackPreview( 1449): Window{8b4bdad u0 com.google.android.permissioncontroller/com.android.permissioncontroller.permission.ui.GrantPermissionsActivity}: Setting back callback OnBackInvokedCallbackInfo{mCallback=android.window.IOnBackInvokedCallback$Stub$Proxy@c8c87a9, mPriority=0, mIsAnimationCallback=false}
09-18 08:32:53.418 I/flutter (27270): [2024-09-18 08:32:53.418287] GRPC_CHANNEL: Network initialised to ConnectivityResult.wifi
09-18 08:32:53.418 I/flutter (27270): [2024-09-18 08:32:53.418331] GRPC_CHANNEL: ClientChannel@23622188 created
09-18 08:32:53.418 I/flutter (27270): [2024-09-18 08:32:53.418685] GRPC_CHANNEL: Subscribing to network state changes for ClientChannel@23622188
09-18 08:32:53.420 D/ConnectivityService( 1449): requestNetwork for uid/pid:10366/27270 activeRequest: null callbackRequest: 15325 [NetworkRequest [ REQUEST id=15326, [ Capabilities: INTERNET&NOT_RESTRICTED&TRUSTED&NOT_VCN_MANAGED Uid: 10366 RequestorUid: 10366 RequestorPkg: com.zebra.soho_app UnderlyingNetworks: Null] ]] callback flags: 0 order: 2147483647
09-18 08:32:53.422 I/flutter (27270): [2024-09-18 08:32:53.422103] ================  Load  en Localizations  ================
09-18 08:32:53.423 I/flutter (27270): [2024-09-18 08:32:53.423073] ================  Load Localizations  ================
09-18 08:32:53.424 D/WifiNetworkFactory( 1449): got request NetworkRequest [ REQUEST id=15326, [ Capabilities: INTERNET&NOT_RESTRICTED&TRUSTED&NOT_VCN_MANAGED Uid: 10366 RequestorUid: 10366 RequestorPkg: com.zebra.soho_app UnderlyingNetworks: Null] ]
09-18 08:32:53.424 D/UntrustedWifiNetworkFactory( 1449): got request NetworkRequest [ REQUEST id=15326, [ Capabilities: INTERNET&NOT_RESTRICTED&TRUSTED&NOT_VCN_MANAGED Uid: 10366 RequestorUid: 10366 RequestorPkg: com.zebra.soho_app UnderlyingNetworks: Null] ]
09-18 08:32:53.425 D/OemPaidWifiNetworkFactory( 1449): got request NetworkRequest [ REQUEST id=15326, [ Capabilities: INTERNET&NOT_RESTRICTED&TRUSTED&NOT_VCN_MANAGED Uid: 10366 RequestorUid: 10366 RequestorPkg: com.zebra.soho_app UnderlyingNetworks: Null] ]
09-18 08:32:53.425 D/MultiInternetWifiNetworkFactory( 1449): got request NetworkRequest [ REQUEST id=15326, [ Capabilities: INTERNET&NOT_RESTRICTED&TRUSTED&NOT_VCN_MANAGED Uid: 10366 RequestorUid: 10366 RequestorPkg: com.zebra.soho_app UnderlyingNetworks: Null] ]
09-18 08:32:53.426 W/gralloc4(  563): Unable to set buffer name VRI[GrantPermissionsActivity]#183(BLAST Consumer)183: File name too long
09-18 08:32:53.426 D/ConnectivityService( 1449): NetReassign [15326 : null  171] [c 1] [a 0] [i 3]
09-18 08:32:53.428 W/NetworkScheduler(17809): Error inserting flex_time=1577000 job_id=-1 period=3156000 source=16 requires_charging=0 preferred_network_type=1 target_class=com.google.android.gms.measurement.PackageMeasurementTaskService user_id=0 target_package=com.google.android.gms tag=Measurement.PackageMeasurementTaskService.UPLOAD_TASK_TAG task_type=0 required_idleness_state=0 service_kind=0 source_version=243433000 persistence_level=1 preferred_charging_state=1 required_network_type=0 runtime=1726662773420 retry_strategy={"maximum_backoff_seconds":{"3600":0},"initial_backoff_seconds":{"30":0},"retry_policy":{"0":0}} last_runtime=0 [CONTEXT service_id=218 ]
09-18 08:32:53.428 W/NetworkScheduler(17809): android.database.sqlite.SQLiteConstraintException: UNIQUE constraint failed: pending_ops.tag, pending_ops.target_class, pending_ops.target_package, pending_ops.user_id (code 2067 SQLITE_CONSTRAINT_UNIQUE)
09-18 08:32:53.428 W/NetworkScheduler(17809): 	at android.database.sqlite.SQLiteConnection.nativeExecuteForLastInsertedRowId(Native Method)
09-18 08:32:53.428 W/NetworkScheduler(17809): 	at android.database.sqlite.SQLiteConnection.executeForLastInsertedRowId(SQLiteConnection.java:974)
09-18 08:32:53.428 W/NetworkScheduler(17809): 	at android.database.sqlite.SQLiteSession.executeForLastInsertedRowId(SQLiteSession.java:814)
09-18 08:32:53.428 W/NetworkScheduler(17809): 	at android.database.sqlite.SQLiteStatement.executeInsert(SQLiteStatement.java:89)
09-18 08:32:53.428 W/NetworkScheduler(17809): 	at android.database.sqlite.SQLiteDatabase.insertWithOnConflict(SQLiteDatabase.java:1976)
09-18 08:32:53.428 W/NetworkScheduler(17809): 	at android.database.sqlite.SQLiteDatabase.insertOrThrow(SQLiteDatabase.java:1870)
09-18 08:32:53.428 W/NetworkScheduler(17809): 	at dejz.d(:com.google.android.gms@243433038@24.34.33 (190400-666809342):735)
09-18 08:32:53.428 W/NetworkScheduler(17809): 	at dehl.n(:com.google.android.gms@243433038@24.34.33 (190400-666809342):29)
09-18 08:32:53.428 W/NetworkScheduler(17809): 	at dehl.u(:com.google.android.gms@243433038@24.34.33 (190400-666809342):360)
09-18 08:32:53.428 W/NetworkScheduler(17809): 	at dehl.h(:com.google.android.gms@243433038@24.34.33 (190400-666809342):51)
09-18 08:32:53.428 W/NetworkScheduler(17809): 	at decf.run(:com.google.android.gms@243433038@24.34.33 (190400-666809342):72)
09-18 08:32:53.428 W/NetworkScheduler(17809): 	at amze.c(:com.google.android.gms@243433038@24.34.33 (190400-666809342):50)
09-18 08:32:53.428 W/NetworkScheduler(17809): 	at amze.run(:com.google.android.gms@243433038@24.34.33 (190400-666809342):76)
09-18 08:32:53.428 W/NetworkScheduler(17809): 	at java.util.concurrent.ThreadPoolExecutor.runWorker(ThreadPoolExecutor.java:1145)
09-18 08:32:53.428 W/NetworkScheduler(17809): 	at java.util.concurrent.ThreadPoolExecutor$Worker.run(ThreadPoolExecutor.java:644)
09-18 08:32:53.428 W/NetworkScheduler(17809): 	at aneq.run(:com.google.android.gms@243433038@24.34.33 (190400-666809342):8)
09-18 08:32:53.428 W/NetworkScheduler(17809): 	at java.lang.Thread.run(Thread.java:1012)
09-18 08:32:53.429 I/flutter (27270): [2024-09-18 08:32:53.429005] initState #1
09-18 08:32:53.430 I/flutter (27270): [2024-09-18 08:32:53.430527] initState #2
09-18 08:32:53.430 I/flutter (27270): [2024-09-18 08:32:53.430799] initState #3
09-18 08:32:53.434 W/NetworkScheduler(17809): Error inserting flex_time=1577000 job_id=-1 period=3156000 source=16 requires_charging=0 preferred_network_type=1 target_class=com.google.android.gms.measurement.PackageMeasurementTaskService user_id=0 target_package=com.google.android.gms tag=Measurement.PackageMeasurementTaskService.UPLOAD_TASK_TAG task_type=0 required_idleness_state=0 service_kind=0 source_version=243433000 persistence_level=1 preferred_charging_state=1 required_network_type=0 runtime=1726662773432 retry_strategy={"maximum_backoff_seconds":{"3600":0},"initial_backoff_seconds":{"30":0},"retry_policy":{"0":0}} last_runtime=0 [CONTEXT service_id=218 ]
09-18 08:32:53.434 W/NetworkScheduler(17809): android.database.sqlite.SQLiteConstraintException: UNIQUE constraint failed: pending_ops.tag, pending_ops.target_class, pending_ops.target_package, pending_ops.user_id (code 2067 SQLITE_CONSTRAINT_UNIQUE)
09-18 08:32:53.434 W/NetworkScheduler(17809): 	at android.database.sqlite.SQLiteConnection.nativeExecuteForLastInsertedRowId(Native Method)
09-18 08:32:53.434 W/NetworkScheduler(17809): 	at android.database.sqlite.SQLiteConnection.executeForLastInsertedRowId(SQLiteConnection.java:974)
09-18 08:32:53.434 W/NetworkScheduler(17809): 	at android.database.sqlite.SQLiteSession.executeForLastInsertedRowId(SQLiteSession.java:814)
09-18 08:32:53.434 W/NetworkScheduler(17809): 	at android.database.sqlite.SQLiteStatement.executeInsert(SQLiteStatement.java:89)
09-18 08:32:53.434 W/NetworkScheduler(17809): 	at android.database.sqlite.SQLiteDatabase.insertWithOnConflict(SQLiteDatabase.java:1976)
