09-18 08:32:53.434 W/NetworkScheduler(17809): 	at android.database.sqlite.SQLiteDatabase.insertOrThrow(SQLiteDatabase.java:1870)
09-18 08:32:53.434 W/NetworkScheduler(17809): 	at dejz.d(:com.google.android.gms@243433038@24.34.33 (190400-666809342):735)
09-18 08:32:53.434 W/NetworkScheduler(17809): 	at dehl.n(:com.google.android.gms@243433038@24.34.33 (190400-666809342):29)
09-18 08:32:53.434 W/NetworkScheduler(17809): 	at dehl.u(:com.google.android.gms@243433038@24.34.33 (190400-666809342):360)
09-18 08:32:53.434 W/NetworkScheduler(17809): 	at dehl.h(:com.google.android.gms@243433038@24.34.33 (190400-666809342):51)
09-18 08:32:53.434 W/NetworkScheduler(17809): 	at decf.run(:com.google.android.gms@243433038@24.34.33 (190400-666809342):72)
09-18 08:32:53.434 W/NetworkScheduler(17809): 	at amze.c(:com.google.android.gms@243433038@24.34.33 (190400-666809342):50)
09-18 08:32:53.434 W/NetworkScheduler(17809): 	at amze.run(:com.google.android.gms@243433038@24.34.33 (190400-666809342):76)
09-18 08:32:53.434 W/NetworkScheduler(17809): 	at java.util.concurrent.ThreadPoolExecutor.runWorker(ThreadPoolExecutor.java:1145)
09-18 08:32:53.434 W/NetworkScheduler(17809): 	at java.util.concurrent.ThreadPoolExecutor$Worker.run(ThreadPoolExecutor.java:644)
09-18 08:32:53.434 W/NetworkScheduler(17809): 	at aneq.run(:com.google.android.gms@243433038@24.34.33 (190400-666809342):8)
09-18 08:32:53.434 W/NetworkScheduler(17809): 	at java.lang.Thread.run(Thread.java:1012)
09-18 08:32:53.436 W/gralloc4(  563): Unable to set buffer name VRI[GrantPermissionsActivity]#183(BLAST Consumer)183: File name too long
09-18 08:32:53.438 V/WindowManagerShell( 1984): onTransitionReady (#4552) android.os.BinderProxy@9ca6ad5: {id=4552 t=OPEN f=0x0 trk=0 opt={t=FROM_STYLE} r=[0@Point(0, 0)] c=[{null m=OPEN f=TRANSLUCENT|FILLS_TASK|IS_BEHIND_STARTING_WINDOW leash=Surface(name=ActivityRecord{9c08dcc u0 com.google.android.permissioncontroller/com.android.permissioncontroller.permission.ui.GrantPermissionsActivity t1705})/@0x3971c78 sb=Rect(0, 0 - 0, 0) eb=Rect(0, 0 - 1080, 2340) d=-1->0 r=-1->0:-1 component=com.google.android.permissioncontroller/com.android.permissioncontroller.permission.ui.GrantPermissionsActivity}]}
09-18 08:32:53.438 V/WindowManagerShell( 1984): Transition (#4552) android.os.BinderProxy@9ca6ad5@0 ready while (#4551) android.os.BinderProxy@127cf2c@0 is still animating. Notify the animating transition in case they can be merged
09-18 08:32:53.439 I/ActivityTaskManager( 1449): Displayed com.google.android.permissioncontroller/com.android.permissioncontroller.permission.ui.GrantPermissionsActivity for user 0: +300ms
09-18 08:32:53.440 V/WindowManager( 1449): Sent Transition (#4552) createdAt=09-18 08:32:53.346 via request=TransitionRequestInfo { type = OPEN, triggerTask = TaskInfo{userId=0 taskId=1705 displayId=0 isRunning=true baseIntent=Intent { act=android.intent.action.MAIN cat=[android.intent.category.LAUNCHER] flg=0x10200000 cmp=com.zebra.soho_app/.MainActivity } baseActivity=ComponentInfo{com.zebra.soho_app/com.zebra.soho_app.MainActivity} topActivity=ComponentInfo{com.google.android.permissioncontroller/com.android.permissioncontroller.permission.ui.GrantPermissionsActivity} origActivity=null realActivity=ComponentInfo{com.zebra.soho_app/com.zebra.soho_app.MainActivity} numActivities=2 lastActiveTime=1812539229 supportsMultiWindow=true resizeMode=1 isResizeable=true minWidth=-1 minHeight=-1 defaultMinSize=220 token=WCT{RemoteToken{5bb997d Task{c6c8936 #1705 type=standard A=10366:com.zebra.soho_app}}} topActivityType=1 pictureInPictureParams=null shouldDockBigOverlays=false launchIntoPipHostTaskId=-1 lastParentTaskIdBeforePip=-1 displayCutoutSafeInsets=Rect(0, 108 - 0, 0) topActivityInfo=ActivityInfo{8ad6c1d com.android.permissioncontroller.permission.ui.GrantPermissionsActivity} launchCookies=[] positionInParent=Point(0, 0) parentTaskId=-1 isFocused=true isVisible=true isVisibleRequested=true isSleeping=false locusId=null displayAreaFeatureId=1 isTopActivityTransparent=true appCompatTaskInfo=AppCompatTaskInfo { topActivityInSizeCompat=false topActivityEligibleForLetterboxEducation= false isLetterboxDoubleTapEnabled= false topActivityEligibleForUserAspectRatioButton= false topActivityBoundsLetterboxed= false isFromLetterboxDoubleTap= false topActivityLetterboxVerticalPosition= -1 topActivityLetterboxHorizontalPosition= -1 topActivityLetterboxWidth=1080 topActivityLetterboxHeight=2340 isUserFullscreenOverrideEnabled=false isSystemFullscreenOverrideEnabled=false cameraCompatControlState=hidden}}, pipTask = null, remoteTransition = null, displayChange = null, flags = 0, debugId = 4552 }
09-18 08:32:53.440 V/WindowManager( 1449):     startWCT=WindowContainerTransaction { changes = {} hops = [] errorCallbackToken=null taskFragmentOrganizer=null }
09-18 08:32:53.440 V/WindowManager( 1449):     info={id=4552 t=OPEN f=0x0 trk=0 opt={t=FROM_STYLE} r=[0@Point(0, 0)] c=[
09-18 08:32:53.440 V/WindowManager( 1449):         {null m=OPEN f=TRANSLUCENT|FILLS_TASK|IS_BEHIND_STARTING_WINDOW leash=Surface(name=ActivityRecord{9c08dcc u0 com.google.android.permissioncontroller/com.android.permissioncontroller.permission.ui.GrantPermissionsActivity t1705})/@0x7a7806 sb=Rect(0, 0 - 0, 0) eb=Rect(0, 0 - 1080, 2340) d=-1->0 r=-1->0:-1 component=com.google.android.permissioncontroller/com.android.permissioncontroller.permission.ui.GrantPermissionsActivity}
09-18 08:32:53.440 V/WindowManager( 1449):     ]}
09-18 08:32:53.442 W/UserManagerService( 1449): Requested status bar icon for non-badged user 0
09-18 08:32:53.444 V/WindowManagerShell( 1984): Transition animation finished (aborted=false), notifying core (#4551) android.os.BinderProxy@127cf2c@0
09-18 08:32:53.445 V/WindowManager( 1449): Finish Transition (#4551): created at 09-18 08:32:53.143 collect-started=0.266ms request-sent=9.788ms started=17.773ms ready=30.01ms sent=31.809ms finished=301.229ms
09-18 08:32:53.445 V/WindowManager( 1449): Loading animations: layout params pkg=com.google.android.apps.nexuslauncher resId=0x10302fc
09-18 08:32:53.445 V/WindowManager( 1449): Loading animations: picked package=android
09-18 08:32:53.445 W/statsd  (  868): StateTracker not found for state atom 805
09-18 08:32:53.445 W/statsd  (  868): StateTracker not found for state atom 854
09-18 08:32:53.445 V/WindowManager( 1449): Loading animations: layout params pkg=com.google.android.apps.nexuslauncher resId=0x10302fc
09-18 08:32:53.445 V/WindowManager( 1449): Loading animations: picked package=android
09-18 08:32:53.446 W/gralloc4(  563): Unable to set buffer name VRI[GrantPermissionsActivity]#183(BLAST Consumer)183: File name too long
09-18 08:32:53.446 D/VRI[0 fl=}](29310): visibilityChanged oldVisibility=true newVisibility=false
09-18 08:32:53.446 V/WindowManagerShell( 1984): Playing animation for (#4552) android.os.BinderProxy@9ca6ad5@0
09-18 08:32:53.446 V/WindowManagerShell( 1984):  try handler com.android.wm.shell.transition.DefaultMixedHandler@f494f5b
09-18 08:32:53.446 V/WindowManagerShell( 1984):  try handler com.android.wm.shell.keyguard.KeyguardTransitionHandler@3c6b3f8
09-18 08:32:53.446 V/WindowManagerShell( 1984):  try handler com.android.wm.shell.pip.PipTransition@4060d1
09-18 08:32:53.446 V/WindowManagerShell( 1984):  try handler com.android.wm.shell.activityembedding.ActivityEmbeddingController@b8f1736
09-18 08:32:53.446 V/WindowManagerShell( 1984):  try handler com.android.wm.shell.recents.RecentsTransitionHandler@ec38637
09-18 08:32:53.446 V/ShellRecents( 1984): RecentsTransitionHandler.startAnimation: no controller found
09-18 08:32:53.446 V/WindowManagerShell( 1984):  try handler com.android.wm.shell.splitscreen.StageCoordinator@24ec14c
09-18 08:32:53.446 V/WindowManagerShell( 1984):  try handler com.android.wm.shell.transition.RemoteTransitionHandler@1af17a4
09-18 08:32:53.446 V/WindowManagerShell( 1984): Transition doesn't have explicit remote, search filters for match for {id=4552 t=OPEN f=0x0 trk=0 opt={t=FROM_STYLE} r=[0@Point(0, 0)] c=[{null m=OPEN f=TRANSLUCENT|FILLS_TASK|IS_BEHIND_STARTING_WINDOW leash=Surface(name=ActivityRecord{9c08dcc u0 com.google.android.permissioncontroller/com.android.permissioncontroller.permission.ui.GrantPermissionsActivity t1705})/@0x3971c78 sb=Rect(0, 0 - 0, 0) eb=Rect(0, 0 - 1080, 2340) d=-1->0 r=-1->0:-1 component=com.google.android.permissioncontroller/com.android.permissioncontroller.permission.ui.GrantPermissionsActivity}]}
09-18 08:32:53.446 V/WindowManagerShell( 1984):  Checking filter Pair{{types=[] flags=0x0] notFlags=0x0 checks=[{atype=dream independent=true modes=[OPEN,TO_FRONT] flags=NONE mustBeTask=false order=ANY topActivity=null},{atype=home independent=true modes=[CLOSE,TO_BACK] flags=NONE mustBeTask=false order=ANY topActivity=null}]} RemoteTransition { remoteTransition = android.window.IRemoteTransition$Stub$Proxy@4ce5e20, appThread = android.app.IApplicationThread$Stub$Proxy@94c03d9, debugName = LauncherToDream }}
09-18 08:32:53.446 V/WindowManagerShell( 1984):  Checking filter Pair{{types=[] flags=0x0] notFlags=0x100 checks=[{atype=home independent=true modes=[OPEN,TO_FRONT] flags=NONE mustBeTask=false order=TOP topActivity=ComponentInfo{com.google.android.apps.nexuslauncher/com.google.android.apps.nexuslauncher.NexusLauncherActivity}},{atype=standard independent=true modes=[CLOSE,TO_BACK] flags=NONE mustBeTask=false order=ANY topActivity=null}]} RemoteTransition { remoteTransition = android.window.IRemoteTransition$Stub$Proxy@15ff19e, appThread = android.app.IApplicationThread$Stub$Proxy@fac347f, debugName = QuickstepLaunchHome }}
09-18 08:32:53.446 V/WindowManagerShell( 1984):  Delegate animation for (#4552) to null
09-18 08:32:53.446 V/WindowManagerShell( 1984):  try handler com.android.wm.shell.transition.DefaultTransitionHandler@d99390d
09-18 08:32:53.446 V/WindowManagerShell( 1984): start default transition animation, info = {id=4552 t=OPEN f=0x0 trk=0 opt={t=FROM_STYLE} r=[0@Point(0, 0)] c=[{null m=OPEN f=TRANSLUCENT|FILLS_TASK|IS_BEHIND_STARTING_WINDOW leash=Surface(name=ActivityRecord{9c08dcc u0 com.google.android.permissioncontroller/com.android.permissioncontroller.permission.ui.GrantPermissionsActivity t1705})/@0x3971c78 sb=Rect(0, 0 - 0, 0) eb=Rect(0, 0 - 1080, 2340) d=-1->0 r=-1->0:-1 component=com.google.android.permissioncontroller/com.android.permissioncontroller.permission.ui.GrantPermissionsActivity}]}
09-18 08:32:53.447 V/WindowManagerShell( 1984): loadAnimation: anim=null animAttr=0x4 type=OPEN isEntrance=true
09-18 08:32:53.447 D/VRI[NexusLauncherActivity](21117): visibilityChanged oldVisibility=true newVisibility=false
09-18 08:32:53.447 V/WindowManagerShell( 1984): Transition animation finished (aborted=false), notifying core (#4552) android.os.BinderProxy@9ca6ad5@0
09-18 08:32:53.448 W/UserManagerService( 1449): Requested status bar icon for non-badged user 0
09-18 08:32:53.449 V/WindowManagerShell( 1984): Track 0 became idle
09-18 08:32:53.449 V/WindowManagerShell( 1984): All active transition animations finished
09-18 08:32:53.449 V/WindowManagerShell( 1984):  animated by com.android.wm.shell.transition.DefaultTransitionHandler@d99390d
09-18 08:32:53.449 V/WindowManagerShell( 1984): Track 0 became idle
09-18 08:32:53.449 V/WindowManagerShell( 1984): All active transition animations finished
09-18 08:32:53.449 W/UserManagerService( 1449): Requested status bar icon for non-badged user 0
09-18 08:32:53.449 V/WindowManager( 1449): Finish Transition (#4552): created at 09-18 08:32:53.346 collect-started=0.028ms request-sent=2.659ms started=3.738ms ready=29.724ms sent=90.286ms finished=101.557ms
09-18 08:32:53.450 W/UserManagerService( 1449): Requested status bar icon for non-badged user 0
09-18 08:32:53.453 W/gralloc4(  563): Unable to set buffer name VRI[GrantPermissionsActivity]#183(BLAST Consumer)183: File name too long
09-18 08:32:53.454 D/NexusLauncherModelDelegate(21117): notifySmartspaceEvent: SmartspaceTargetEvent{mSmartspaceTarget=null, mSmartspaceActionId='null', mEventType=7}
09-18 08:32:53.466 D/BaseDepthController(21117): setSurface:
09-18 08:32:53.466 D/BaseDepthController(21117): 	mWaitingOnSurfaceValidity: false
09-18 08:32:53.466 D/BaseDepthController(21117): 	mSurface: null
09-18 08:32:53.466 D/BaseDepthController(21117): mSurface is null and mCurrentBlur is: 0
09-18 08:32:53.467 D/StateManager(21117): goToState - fromState: Normal, toState: Normal, partial trace:
09-18 08:32:53.467 D/StateManager(21117): 	at com.android.launcher3.statemanager.StateManager.moveToRestState(go/retraceme 229ef009c6bb3615beda05b6414f9bc22e9f7450b41c1b7d8db7ad832ef90083:4)
09-18 08:32:53.467 D/StateManager(21117): 	at com.android.launcher3.statemanager.StateManager.moveToRestState(go/retraceme 229ef009c6bb3615beda05b6414f9bc22e9f7450b41c1b7d8db7ad832ef90083:1)
09-18 08:32:53.467 D/StatsLog(21117): LAUNCHER_ONSTOP
09-18 08:32:53.467 I/A       (29310): onStop
09-18 08:32:53.468 D/StatsLog(21117): LAUNCHER_GOOGLE_SEARCH_RESTORE_LIST_SIZE_AFTER_ACTIVITY_RESTART
09-18 08:32:53.470 D/GmsPlayProvider(21117): Shut down the binder channel
09-18 08:32:53.470 I/flutter (27270): [2024-09-18 08:32:53.470727] GRPC_CHANNEL ---- _handleNetworkChange ----
09-18 08:32:53.470 I/flutter (27270): [2024-09-18 08:32:53.470781] GRPC_CHANNEL: Initial network change from ConnectivityResult.wifi to ConnectivityResult.wifi
09-18 08:32:53.480 I/ImeTracker( 1449): com.google.android.permissioncontroller:60ac9d51: onRequestHide at ORIGIN_SERVER reason HIDE_ALWAYS_HIDDEN_STATE fromUser false
09-18 08:32:53.481 I/ImeTracker( 1449): com.google.android.permissioncontroller:60ac9d51: onCancelled at PHASE_SERVER_SHOULD_HIDE
09-18 08:32:53.485 I/hwservicemanager(  490): getTransport: Cannot find entry android.hardware.graphics.allocator@4.0::IAllocator/default in either framework or device VINTF manifest.
09-18 08:32:53.487 W/gralloc4(  563): Unable to set buffer name SurfaceView[com.zebra.soho_app/com.zebra.soho_app.MainActivity]#1(BLAST Consumer)1: File name too long
09-18 08:32:53.487 D/TrafficStats(17761): tagSocket(98) with statsTag=0xffffffff, statsUid=-1
09-18 08:32:53.487 E/NIO     (17761): wtf
09-18 08:32:53.487 E/NIO     (17761): java.net.BindException: Address already in use
09-18 08:32:53.487 E/NIO     (17761): 	at sun.nio.ch.Net.bind0(Native Method)
09-18 08:32:53.487 E/NIO     (17761): 	at sun.nio.ch.Net.bind(Net.java:442)
09-18 08:32:53.487 E/NIO     (17761): 	at sun.nio.ch.Net.bind(Net.java:434)
09-18 08:32:53.487 E/NIO     (17761): 	at sun.nio.ch.ServerSocketChannelImpl.bind(ServerSocketChannelImpl.java:223)
09-18 08:32:53.487 E/NIO     (17761): 	at sun.nio.ch.ServerSocketAdaptor.bind(ServerSocketAdaptor.java:74)
09-18 08:32:53.487 E/NIO     (17761): 	at sun.nio.ch.ServerSocketAdaptor.bind(ServerSocketAdaptor.java:67)
09-18 08:32:53.487 E/NIO     (17761): 	at com.koushikdutta.async.AsyncServer$5.run(AsyncServer.java:316)
09-18 08:32:53.487 E/NIO     (17761): 	at com.koushikdutta.async.AsyncServer$3.run(AsyncServer.java:211)
09-18 08:32:53.487 E/NIO     (17761): 	at com.koushikdutta.async.AsyncServer.lockAndRunQueue(AsyncServer.java:740)
09-18 08:32:53.487 E/NIO     (17761): 	at com.koushikdutta.async.AsyncServer.runLoop(AsyncServer.java:758)
09-18 08:32:53.487 E/NIO     (17761): 	at com.koushikdutta.async.AsyncServer.run(AsyncServer.java:658)
09-18 08:32:53.487 E/NIO     (17761): 	at com.koushikdutta.async.AsyncServer.access$800(AsyncServer.java:44)
09-18 08:32:53.487 E/NIO     (17761): 	at com.koushikdutta.async.AsyncServer$14.run(AsyncServer.java:600)
09-18 08:32:53.550 W/gralloc4(  563): Unable to set buffer name SurfaceView[com.zebra.soho_app/com.zebra.soho_app.MainActivity]#1(BLAST Consumer)1: File name too long
09-18 08:32:53.555 W/gralloc4(  563): Unable to set buffer name VRI[MainActivity]#0(BLAST Consumer)0: File name too long
09-18 08:32:53.560 W/gralloc4(  563): Unable to set buffer name SurfaceView[com.zebra.soho_app/com.zebra.soho_app.MainActivity]#1(BLAST Consumer)1: File name too long
09-18 08:32:53.671 W/AccessibilityManagerService( 1449):  wait for adding window timeout: 5598
09-18 08:32:53.715 I/FirebaseCrashlytics(27270): No version control information found
09-18 08:32:53.834 D/TrafficStats(26928): tagSocket(5) with statsTag=0xffffffff, statsUid=-1
09-18 08:32:53.838 D/TrafficStats(26928): tagSocket(96) with statsTag=0xffffffff, statsUid=-1
09-18 08:32:53.840 D/TrafficStats(26928): tagSocket(97) with statsTag=0xffffffff, statsUid=-1
09-18 08:32:53.841 D/TrafficStats(26928): tagSocket(98) with statsTag=0xffffffff, statsUid=-1
09-18 08:32:53.844 D/TrafficStats(26928): tagSocket(99) with statsTag=0xffffffff, statsUid=-1
09-18 08:32:53.845 D/TrafficStats(26928): tagSocket(100) with statsTag=0xffffffff, statsUid=-1
09-18 08:32:53.870 I/FontLog (17809): (REDACTED) Received query %s, URI %s
09-18 08:32:53.870 I/FontLog (17809): (REDACTED) Query [%s] resolved to %s
09-18 08:32:53.873 I/FontLog (17809): (REDACTED) Fetch %s end status %s
09-18 08:32:53.874 I/FontLog (17809): (REDACTED) Pulling font file for id = %d, cache size = %d
09-18 08:32:53.877 I/FontLog (17809): (REDACTED) Pulling font file for id = %d, cache size = %d
09-18 08:32:53.883 W/AccessibilityManagerService( 1449):  wait for adding window timeout: 5599
09-18 08:32:53.943 W/WindowOnBackDispatcher( 1984): sendCancelIfRunning: isInProgress=falsecallback=android.view.ViewRootImpl$$ExternalSyntheticLambda11@5175471
09-18 08:32:53.943 D/CoreBackPreview( 1449): Window{7769309 u0 Splash Screen com.zebra.soho_app EXITING}: Setting back callback null
09-18 08:32:53.944 W/InputManager-JNI( 1449): Input channel object '7769309 Splash Screen com.zebra.soho_app (client)' was disposed without first being removed with the input manager!
09-18 08:32:53.974 W/AccessibilityManagerService( 1449):  wait for adding window timeout: 5599
09-18 08:32:53.974 W/AccessibilityManagerService( 1449):  wait for adding window timeout: 5599
09-18 08:32:53.993 W/FrameTracker( 1984): Missed SF frame:SURFACE_FLINGER_SCHEDULING, 380399172, 5685388, CUJ=J<SPLASHSCREEN_EXIT_ANIM>
09-18 08:32:53.993 W/FrameTracker( 1984): Missed SF frame:SURFACE_FLINGER_SCHEDULING, 380399201, 2277654, CUJ=J<SPLASHSCREEN_EXIT_ANIM>
09-18 08:32:53.993 W/FrameTracker( 1984): Missing HWUI jank callback for vsyncId: 380399364, CUJ=J<SPLASHSCREEN_EXIT_ANIM>
09-18 08:32:53.993 W/FrameTracker( 1984): Missing HWUI jank callback for vsyncId: 380399439, CUJ=J<SPLASHSCREEN_EXIT_ANIM>
09-18 08:32:53.993 W/FrameTracker( 1984): Missing HWUI jank callback for vsyncId: 380399664, CUJ=J<SPLASHSCREEN_EXIT_ANIM>
09-18 08:32:53.993 W/FrameTracker( 1984): Missing HWUI jank callback for vsyncId: 380399784, CUJ=J<SPLASHSCREEN_EXIT_ANIM>
09-18 08:32:53.993 W/FrameTracker( 1984): Missing HWUI jank callback for vsyncId: 380399814, CUJ=J<SPLASHSCREEN_EXIT_ANIM>
09-18 08:32:54.082 W/System  (26928): A resource failed to call end. 
09-18 08:32:54.082 W/System  (26928): A resource failed to call end. 
09-18 08:32:54.082 W/System  (26928): A resource failed to call end. 
09-18 08:32:54.082 W/System  (26928): A resource failed to call end. 
09-18 08:32:54.082 W/System  (26928): A resource failed to call end. 
09-18 08:32:54.082 W/System  (26928): A resource failed to call end. 
09-18 08:32:54.082 W/System  (26928): A resource failed to call end. 
09-18 08:32:54.082 W/System  (26928): A resource failed to call end. 
09-18 08:32:54.083 W/System  (26928): A resource failed to call end. 
09-18 08:32:54.083 W/System  (26928): A resource failed to call end. 
09-18 08:32:54.083 W/System  (26928): A resource failed to call end. 
09-18 08:32:54.083 W/System  (26928): A resource failed to call end. 
09-18 08:32:54.083 W/System  (26928): A resource failed to call end. 
09-18 08:32:54.127 D/SessionConfigFetcher(27270): Fetched settings: {"settings_version":3,"cache_duration":181394,"features":{"collect_logged_exceptions":true,"collect_reports":true,"collect_analytics":false,"prompt_enabled":false,"push_enabled":false,"firebase_crashlytics_enabled":false,"collect_anrs":true,"collect_metric_kit":false,"collect_build_ids":true},"app":{"status":"activated","update_required":false,"report_upload_variant":2,"native_report_upload_variant":2},"fabric":{"org_id":"60be339ed678c1ef107e9b53","bundle_id":"com.zebra.soho_app"},"on_demand_upload_rate_per_minute":10,"on_demand_backoff_base":1.2,"on_demand_backoff_step_duration_seconds":60,"app_quality":{"sessions_enabled":true,"sampling_rate":1,"session_timeout_seconds":1800}}
09-18 08:32:54.143 I/bthal.activity(  881): bt_power: LeAdvStat: 08:32:53:010 - 08:32:54:142, duration: 1132, le_adv_count: 8, total_le_adv_count: 1472120, total_event_count: 8
09-18 08:32:54.156 D/LifecycleServiceBinder(27270): Binding service to application.
09-18 08:32:54.162 D/SessionLifecycleService(27270): Service bound to new client on process 27270
09-18 08:32:54.162 D/SessionLifecycleClient(27270): Queued message 1. Queue size 1
09-18 08:32:54.165 D/SessionLifecycleService(27270): App has not yet foregrounded. Using previously stored session: null
09-18 08:32:54.165 D/SessionLifecycleClient(27270): Connected to SessionLifecycleService. Queue size 1
09-18 08:32:54.165 D/SessionLifecycleService(27270): Client android.os.Messenger@41da08f bound at 1812540042. Clients: 1
09-18 08:32:54.165 D/SessionLifecycleClient(27270): Sending lifecycle 1 to service
09-18 08:32:54.165 D/SessionLifecycleService(27270): Activity foregrounding at 1812540045.
09-18 08:32:54.165 D/SessionLifecycleService(27270): Cold start detected.
09-18 08:32:54.166 D/SessionLifecycleService(27270): Generated new session d9ffd90e6b7545baa47a46080edfb9df
09-18 08:32:54.167 D/SessionLifecycleService(27270): Broadcasting new session: SessionDetails(sessionId=d9ffd90e6b7545baa47a46080edfb9df, firstSessionId=d9ffd90e6b7545baa47a46080edfb9df, sessionIndex=0, sessionStartTimestampUs=1726662774166000)
09-18 08:32:54.168 D/SessionLifecycleClient(27270): Session update received: d9ffd90e6b7545baa47a46080edfb9df
09-18 08:32:54.168 D/SessionFirelogPublisher(27270): Data Collection is enabled for at least one Subscriber
09-18 08:32:54.169 D/SessionLifecycleClient(27270): Notified CRASHLYTICS of new session d9ffd90e6b7545baa47a46080edfb9df
09-18 08:32:54.172 D/EventGDTLogger(27270): Session Event: {"eventType":1,"sessionData":{"sessionId":"d9ffd90e6b7545baa47a46080edfb9df","firstSessionId":"d9ffd90e6b7545baa47a46080edfb9df","sessionIndex":0,"eventTimestampUs":1726662774166000,"dataCollectionStatus":{"performance":1,"crashlytics":2,"sessionSamplingRate":1.0},"firebaseInstallationId":"e-RgeSvtRX6Qt_o1JeKczO"},"applicationInfo":{"appId":"1:233946974047:android:204307b4740352c0e598ea","deviceModel":"Pixel 7 Pro","sessionSdkVersion":"1.2.2","osVersion":"14","logEnvironment":3,"androidAppInfo":{"packageName":"com.zebra.soho_app","versionName":"2.0.6551","appBuildVersion":"6551","deviceManufacturer":"Google","currentProcessDetails":{"processName":"com.zebra.soho_app","pid":27270,"importance":100,"defaultProcess":true},"appProcessDetails":[{"processName":"com.zebra.soho_app","pid":27270,"importance":100,"defaultProcess":true}]}}}
09-18 08:32:54.172 D/SessionFirelogPublisher(27270): Successfully logged Session Start event: d9ffd90e6b7545baa47a46080edfb9df
09-18 08:32:54.178 D/CompatibilityChangeReporter(27270): Compat change id reported: 194532703; UID 10366; state: ENABLED
09-18 08:32:54.178 D/CompatibilityChangeReporter(27270): Compat change id reported: 253665015; UID 10366; state: ENABLED
09-18 08:32:54.178 D/CompatibilityChangeReporter(27270): Compat change id reported: 311402873; UID 10366; state: DISABLED
09-18 08:32:54.178 D/CompatibilityChangeReporter(27270): Compat change id reported: 323349338; UID 10366; state: DISABLED
09-18 08:32:54.179 D/CompatibilityChangeReporter( 1449): Compat change id reported: 271850009; UID 10366; state: ENABLED
09-18 08:32:54.179 D/CompatibilityChangeReporter( 1449): Compat change id reported: 253665015; UID 10366; state: ENABLED
09-18 08:32:54.179 D/CompatibilityChangeReporter( 1449): Compat change id reported: 194532703; UID 10366; state: ENABLED
09-18 08:32:54.179 D/CompatibilityChangeReporter( 1449): Compat change id reported: 311402873; UID 10366; state: DISABLED
09-18 08:32:54.180 D/CompatibilityChangeReporter( 1449): Compat change id reported: 323349338; UID 10366; state: DISABLED
09-18 08:32:55.132 D/TrafficStats(26928): tagSocket(5) with statsTag=0xffffffff, statsUid=-1
09-18 08:32:55.146 D/TrafficStats(26928): tagSocket(96) with statsTag=0xffffffff, statsUid=-1
09-18 08:32:55.157 D/TrafficStats(26928): tagSocket(97) with statsTag=0xffffffff, statsUid=-1
09-18 08:32:55.169 D/TrafficStats(26928): tagSocket(98) with statsTag=0xffffffff, statsUid=-1
09-18 08:32:55.172 D/TrafficStats(26928): tagSocket(99) with statsTag=0xffffffff, statsUid=-1
09-18 08:32:55.173 D/TrafficStats(26928): tagSocket(100) with statsTag=0xffffffff, statsUid=-1
09-18 08:32:55.377 I/FA      (27270): Application backgrounded at: timestamp_millis: 1726662773374
09-18 08:32:55.475 I/bthal.activity(  881): bt_power: LeAdvStat: 08:32:54:440 - 08:32:55:475, duration: 1035, le_adv_count: 3, total_le_adv_count: 1472123, total_event_count: 3
09-18 08:32:56.000 I/WifiHAL (  959): Creating message to get link statistics; iface = 48
09-18 08:32:56.071 I/WifiHAL (  959): In GetLinkStatsCommand::handleResponse
09-18 08:32:56.156 D/ConnectivityService( 1449): NetReassign [no changes] [c 1] [a 1] [i 18]
09-18 08:32:56.234 D/TrafficStats(26928): tagSocket(5) with statsTag=0xffffffff, statsUid=-1
09-18 08:32:56.244 D/TrafficStats(26928): tagSocket(96) with statsTag=0xffffffff, statsUid=-1
09-18 08:32:56.246 D/TrafficStats(26928): tagSocket(97) with statsTag=0xffffffff, statsUid=-1
09-18 08:32:56.262 D/TrafficStats(26928): tagSocket(98) with statsTag=0xffffffff, statsUid=-1
09-18 08:32:56.273 D/TrafficStats(26928): tagSocket(99) with statsTag=0xffffffff, statsUid=-1
09-18 08:32:56.276 D/TrafficStats(26928): tagSocket(100) with statsTag=0xffffffff, statsUid=-1
09-18 08:32:56.909 I/bthal.activity(  881): bt_power: LeAdvStat: 08:32:55:876 - 08:32:56:908, duration: 1032, le_adv_count: 4, total_le_adv_count: 1472127, total_event_count: 4
09-18 08:32:57.360 D/TrafficStats(26928): tagSocket(5) with statsTag=0xffffffff, statsUid=-1
09-18 08:32:57.366 D/TrafficStats(26928): tagSocket(96) with statsTag=0xffffffff, statsUid=-1
09-18 08:32:57.371 D/TrafficStats(26928): tagSocket(97) with statsTag=0xffffffff, statsUid=-1
09-18 08:32:57.375 D/TrafficStats(26928): tagSocket(98) with statsTag=0xffffffff, statsUid=-1
09-18 08:32:57.378 D/TrafficStats(26928): tagSocket(99) with statsTag=0xffffffff, statsUid=-1
09-18 08:32:57.384 D/TrafficStats(26928): tagSocket(100) with statsTag=0xffffffff, statsUid=-1
09-18 08:32:57.420 I/ActivityManager( 1449): Force stopping com.zebra.soho_app appid=10366 user=0: from pid 27440
09-18 08:32:57.424 D/DisplayManagerService( 1449): Drop pending events for gone uid 10366
09-18 08:32:57.425 I/ActivityManager( 1449): Killing 27270:com.zebra.soho_app/u0a366 (adj 101): stop com.zebra.soho_app due to from pid 27440
09-18 08:32:57.427 W/powerhal-libperfmgr(  616): sched_setattr failed for thread 27371, err=3
09-18 08:32:57.428 W/powerhal-libperfmgr(  616): sched_setattr failed for thread 27319, err=3
09-18 08:32:57.428 W/libprocessgroup(  616): Failed to apply NoResetUclampGrp task profile
09-18 08:32:57.428 E/powerhal-libperfmgr(  616): Failed to set NoResetUclampGrp task profile for tid:27370
09-18 08:32:57.434 D/BoundBrokerSvc( 9247): onUnbind: Intent { act=com.google.android.gms.measurement.START pkg=com.google.android.gms }
09-18 08:32:57.443 W/ActivityTaskManager( 1449): Force removing ActivityRecord{89d06a u0 com.zebra.soho_app/.MainActivity t1705 f}}: app died, no saved state
09-18 08:32:57.445 W/System  (26928): A resource failed to call end. 
09-18 08:32:57.445 W/System  (26928): A resource failed to call end. 
09-18 08:32:57.445 W/System  (26928): A resource failed to call end. 
09-18 08:32:57.446 W/System  (26928): A resource failed to call end. 
09-18 08:32:57.446 W/System  (26928): A resource failed to call end. 
09-18 08:32:57.446 W/System  (26928): A resource failed to call end. 
09-18 08:32:57.446 W/System  (26928): A resource failed to call end. 
09-18 08:32:57.446 W/System  (26928): A resource failed to call end. 
09-18 08:32:57.446 W/System  (26928): A resource failed to call end. 
09-18 08:32:57.446 W/System  (26928): A resource failed to call end. 
09-18 08:32:57.446 W/System  (26928): A resource failed to call end. 
09-18 08:32:57.446 V/WindowManagerShell( 1984): Transition requested (#4553): android.os.BinderProxy@ad7b7bc TransitionRequestInfo { type = CLOSE, triggerTask = null, pipTask = null, remoteTransition = null, displayChange = null, flags = 0, debugId = 4553 }
09-18 08:32:57.447 W/System  (26928): A resource failed to call end. 
09-18 08:32:57.447 W/System  (26928): A resource failed to call end. 
09-18 08:32:57.447 W/System  (26928): A resource failed to call end. 
09-18 08:32:57.447 W/System  (26928): A resource failed to call end. 
09-18 08:32:57.447 W/System  (26928): A resource failed to call end. 
09-18 08:32:57.447 W/System  (26928): A resource failed to call end. 
09-18 08:32:57.448 W/System  (26928): A resource failed to call end. 
09-18 08:32:57.450 D/VRI[0 fl=}](29310): visibilityChanged oldVisibility=false newVisibility=true
09-18 08:32:57.459 I/AppsFilter( 1449): interaction: PackageSetting{1266aae com.netease.open.pocoservice/10294} -> PackageSetting{a18473e com.zebra.soho_app/10366} BLOCKED
09-18 08:32:57.459 I/AppsFilter( 1449): interaction: PackageSetting{6e683dc com.google.android.microdroid.empty_payload/10271} -> PackageSetting{a18473e com.zebra.soho_app/10366} BLOCKED
09-18 08:32:57.459 D/NexusLauncherModelDelegate(21117): notifySmartspaceEvent: SmartspaceTargetEvent{mSmartspaceTarget=null, mSmartspaceActionId='null', mEventType=6}
09-18 08:32:57.465 D/CarrierSvcBindHelper( 2403): onHandleForceStop: [com.zebra.soho_app]
09-18 08:32:57.465 D/CarrierSvcBindHelper( 2403): No carrier app for: 0
09-18 08:32:57.465 D/CarrierSvcBindHelper( 2403): No carrier app for: 1
09-18 08:32:57.466 W/gralloc4(  563): Unable to set buffer name VRI[0 fl=}]#51(BLAST Consumer)51: Invalid argument
09-18 08:32:57.466 D/EuiccConnector( 2403): handleMessage: E msg.what=1
09-18 08:32:57.466 D/EuiccConnector( 2403): processMsg: ConnectedState
09-18 08:32:57.466 D/EuiccConnector( 2403): processMsg: DisconnectedState
09-18 08:32:57.469 D/BaseDepthController(21117): setSurface:
09-18 08:32:57.469 D/BaseDepthController(21117): 	mWaitingOnSurfaceValidity: false
09-18 08:32:57.469 D/BaseDepthController(21117): 	mSurface: Surface(name=com.google.android.apps.nexuslauncher/com.google.android.apps.nexuslauncher.NexusLauncherActivity)/@0x1968c54
09-18 08:32:57.469 W/gralloc4(  563): Unable to set buffer name VRI[NexusLauncherActivity]#78(BLAST Consumer)78: File name too long
09-18 08:32:57.470 W/gralloc4(  563): Unable to set buffer name VRI[0 fl=}]#51(BLAST Consumer)51: Invalid argument
09-18 08:32:57.470 W/gralloc4(  563): Unable to set buffer name VRI[NexusLauncherActivity]#78(BLAST Consumer)78: File name too long
09-18 08:32:57.472 I/A       (29310): onStart
09-18 08:32:57.473 W/gralloc4(  563): Unable to set buffer name VRI[0 fl=}]#51(BLAST Consumer)51: Invalid argument
09-18 08:32:57.474 W/gralloc4(  563): Unable to set buffer name VRI[NexusLauncherActivity]#78(BLAST Consumer)78: File name too long
09-18 08:32:57.474 W/gralloc4(  563): Unable to set buffer name VRI[0 fl=}]#51(BLAST Consumer)51: Invalid argument
09-18 08:32:57.475 W/gralloc4(  563): Unable to set buffer name VRI[0 fl=}]#51(BLAST Consumer)51: Invalid argument
09-18 08:32:57.475 D/EuiccConnector( 2403): handleMessage: X
09-18 08:32:57.475 W/gralloc4(  563): Unable to set buffer name VRI[NexusLauncherActivity]#78(BLAST Consumer)78: File name too long
09-18 08:32:57.476 W/gralloc4(  563): Unable to set buffer name VRI[NexusLauncherActivity]#78(BLAST Consumer)78: File name too long
09-18 08:32:57.483 E/ApduServiceInfo( 3024): Not adding <aid-group> with empty or invalid AIDs
09-18 08:32:57.486 V/WindowManager( 1449): Loading animations: layout params pkg=com.google.android.apps.nexuslauncher resId=0x10302fc
09-18 08:32:57.486 V/WindowManager( 1449): Loading animations: picked package=android
09-18 08:32:57.489 I/BpBinder(  562): onLastStrongRef automatically unlinking death recipients: 
09-18 08:32:57.490 I/RegisteredServicesCache( 3024): current user: 0, is managed profile : false
09-18 08:32:57.490 I/RegisteredServicesCache( 3024): New Other Services => 
09-18 08:32:57.490 I/RegisteredServicesCache( 3024): Removed Other Services => 
09-18 08:32:57.491 V/WindowManager( 1449): Sent Transition (#4553) createdAt=09-18 08:32:57.445 via request=TransitionRequestInfo { type = CLOSE, triggerTask = null, pipTask = null, remoteTransition = null, displayChange = null, flags = 0, debugId = 4553 }
09-18 08:32:57.491 V/WindowManager( 1449):     startWCT=WindowContainerTransaction { changes = {} hops = [] errorCallbackToken=null taskFragmentOrganizer=null }
09-18 08:32:57.491 V/WindowManager( 1449):     info={id=4553 t=CLOSE f=0x0 trk=0 r=[0@Point(0, 0)] c=[
09-18 08:32:57.491 V/WindowManager( 1449):         {null m=CLOSE f=FILLS_TASK leash=Surface(name=ActivityRecord{89d06a u0 com.zebra.soho_app/.MainActivity t1705})/@0xdb52590 sb=Rect(0, 0 - 1080, 2340) eb=Rect(0, 0 - 1080, 2340) d=0 component=com.zebra.soho_app/.MainActivity},
09-18 08:32:57.491 V/WindowManager( 1449):         {WCT{RemoteToken{e6c322c Task{17ef99a #7 type=undefined}}} m=TO_FRONT f=SHOW_WALLPAPER leash=Surface(name=Task=7)/@0x9abbc7e sb=Rect(0, 0 - 1080, 2340) eb=Rect(0, 0 - 1080, 2340) d=0},
09-18 08:32:57.491 V/WindowManager( 1449):         {null m=TO_FRONT f=IS_WALLPAPER leash=Surface(name=WallpaperWindowToken{8b7bce3 token=android.os.Binder@1648d12})/@0xd81d104 sb=Rect(0, 0 - 1080, 2340) eb=Rect(0, 0 - 1080, 2340) d=0}
09-18 08:32:57.491 V/WindowManager( 1449):     ]}
09-18 08:32:57.492 V/WindowManagerShell( 1984): onTransitionReady (#4553) android.os.BinderProxy@ad7b7bc: {id=4553 t=CLOSE f=0x0 trk=0 r=[0@Point(0, 0)] c=[{null m=CLOSE f=FILLS_TASK leash=Surface(name=ActivityRecord{89d06a u0 com.zebra.soho_app/.MainActivity t1705})/@0x7d58a9a sb=Rect(0, 0 - 1080, 2340) eb=Rect(0, 0 - 1080, 2340) d=0 component=com.zebra.soho_app/.MainActivity},{WCT{android.window.IWindowContainerToken$Stub$Proxy@6f1b666} m=TO_FRONT f=SHOW_WALLPAPER leash=Surface(name=Task=7)/@0x3431fcb sb=Rect(0, 0 - 1080, 2340) eb=Rect(0, 0 - 1080, 2340) d=0},{null m=TO_FRONT f=IS_WALLPAPER leash=Surface(name=WallpaperWindowToken{8b7bce3 token=android.os.Binder@1648d12})/@0x94693a8 sb=Rect(0, 0 - 1080, 2340) eb=Rect(0, 0 - 1080, 2340) d=0}]}
09-18 08:32:57.492 I/RegisteredServicesCache( 3024): New Services => 
09-18 08:32:57.492 V/WindowManagerShell( 1984): Playing animation for (#4553) android.os.BinderProxy@ad7b7bc@0
09-18 08:32:57.492 I/RegisteredServicesCache( 3024): Removed Services => 
09-18 08:32:57.492 V/WindowManagerShell( 1984):  try handler com.android.wm.shell.transition.DefaultMixedHandler@f494f5b
09-18 08:32:57.492 V/WindowManagerShell( 1984):  try handler com.android.wm.shell.keyguard.KeyguardTransitionHandler@3c6b3f8
09-18 08:32:57.493 V/WindowManagerShell( 1984):  try handler com.android.wm.shell.pip.PipTransition@4060d1
09-18 08:32:57.493 V/WindowManagerShell( 1984):  try handler com.android.wm.shell.activityembedding.ActivityEmbeddingController@b8f1736
09-18 08:32:57.493 V/WindowManagerShell( 1984):  try handler com.android.wm.shell.recents.RecentsTransitionHandler@ec38637
09-18 08:32:57.493 V/ShellRecents( 1984): RecentsTransitionHandler.startAnimation: no controller found
09-18 08:32:57.493 V/WindowManagerShell( 1984):  try handler com.android.wm.shell.splitscreen.StageCoordinator@24ec14c
09-18 08:32:57.493 V/WindowManagerShell( 1984):  try handler com.android.wm.shell.transition.RemoteTransitionHandler@1af17a4
09-18 08:32:57.493 V/WindowManagerShell( 1984): Transition doesn't have explicit remote, search filters for match for {id=4553 t=CLOSE f=0x0 trk=0 r=[0@Point(0, 0)] c=[{null m=CLOSE f=FILLS_TASK leash=Surface(name=ActivityRecord{89d06a u0 com.zebra.soho_app/.MainActivity t1705})/@0x7d58a9a sb=Rect(0, 0 - 1080, 2340) eb=Rect(0, 0 - 1080, 2340) d=0 component=com.zebra.soho_app/.MainActivity},{WCT{android.window.IWindowContainerToken$Stub$Proxy@6f1b666} m=TO_FRONT f=SHOW_WALLPAPER leash=Surface(name=Task=7)/@0x3431fcb sb=Rect(0, 0 - 1080, 2340) eb=Rect(0, 0 - 1080, 2340) d=0},{null m=TO_FRONT f=IS_WALLPAPER leash=Surface(name=WallpaperWindowToken{8b7bce3 token=android.os.Binder@1648d12})/@0x94693a8 sb=Rect(0, 0 - 1080, 2340) eb=Rect(0, 0 - 1080, 2340) d=0}]}
09-18 08:32:57.493 V/WindowManagerShell( 1984):  Checking filter Pair{{types=[] flags=0x0] notFlags=0x0 checks=[{atype=dream independent=true modes=[OPEN,TO_FRONT] flags=NONE mustBeTask=false order=ANY topActivity=null},{atype=home independent=true modes=[CLOSE,TO_BACK] flags=NONE mustBeTask=false order=ANY topActivity=null}]} RemoteTransition { remoteTransition = android.window.IRemoteTransition$Stub$Proxy@4ce5e20, appThread = android.app.IApplicationThread$Stub$Proxy@94c03d9, debugName = LauncherToDream }}
09-18 08:32:57.493 V/WindowManagerShell( 1984):  Checking filter Pair{{types=[] flags=0x0] notFlags=0x100 checks=[{atype=home independent=true modes=[OPEN,TO_FRONT] flags=NONE mustBeTask=false order=TOP topActivity=ComponentInfo{com.google.android.apps.nexuslauncher/com.google.android.apps.nexuslauncher.NexusLauncherActivity}},{atype=standard independent=true modes=[CLOSE,TO_BACK] flags=NONE mustBeTask=false order=ANY topActivity=null}]} RemoteTransition { remoteTransition = android.window.IRemoteTransition$Stub$Proxy@15ff19e, appThread = android.app.IApplicationThread$Stub$Proxy@fac347f, debugName = QuickstepLaunchHome }}
09-18 08:32:57.493 V/WindowManagerShell( 1984):  Delegate animation for (#4553) to null
09-18 08:32:57.493 V/WindowManagerShell( 1984):  try handler com.android.wm.shell.transition.DefaultTransitionHandler@d99390d
09-18 08:32:57.493 V/WindowManagerShell( 1984): start default transition animation, info = {id=4553 t=CLOSE f=0x0 trk=0 r=[0@Point(0, 0)] c=[{null m=CLOSE f=FILLS_TASK leash=Surface(name=ActivityRecord{89d06a u0 com.zebra.soho_app/.MainActivity t1705})/@0x7d58a9a sb=Rect(0, 0 - 1080, 2340) eb=Rect(0, 0 - 1080, 2340) d=0 component=com.zebra.soho_app/.MainActivity},{WCT{android.window.IWindowContainerToken$Stub$Proxy@6f1b666} m=TO_FRONT f=SHOW_WALLPAPER leash=Surface(name=Task=7)/@0x3431fcb sb=Rect(0, 0 - 1080, 2340) eb=Rect(0, 0 - 1080, 2340) d=0},{null m=TO_FRONT f=IS_WALLPAPER leash=Surface(name=WallpaperWindowToken{8b7bce3 token=android.os.Binder@1648d12})/@0x94693a8 sb=Rect(0, 0 - 1080, 2340) eb=Rect(0, 0 - 1080, 2340) d=0}]}
09-18 08:32:57.493 D/SecureElementService( 2329): getReaders() for com.android.nfc
09-18 08:32:57.494 V/WindowManagerShell( 1984): loadAnimation: anim=android.view.animation.AnimationSet@d454254 animAttr=0x10 type=CLOSE isEntrance=true
09-18 08:32:57.494 V/WindowManagerShell( 1984): loadAnimation: anim=android.view.animation.AnimationSet@8b5bd43 animAttr=0x11 type=CLOSE isEntrance=false
09-18 08:32:57.495 W/UserManagerService( 1449): Requested status bar icon for non-badged user 0
09-18 08:32:57.496 V/WindowManagerShell( 1984):  animated by com.android.wm.shell.transition.DefaultTransitionHandler@d99390d
09-18 08:32:57.496 I/SecureElement-Terminal-SIM2( 2329): isNfcEventAllowed: No access rules for checking.
09-18 08:32:57.534 V/ActivityManager( 1449): Got obituary of 27270:com.zebra.soho_app
09-18 08:32:57.534 I/WindowManager( 1449): WIN DEATH: Window{44241e8 u0 com.zebra.soho_app/com.zebra.soho_app.MainActivity}
09-18 08:32:57.535 W/InputManager-JNI( 1449): Input channel object '44241e8 com.zebra.soho_app/com.zebra.soho_app.MainActivity (client)' was disposed without first being removed with the input manager!
09-18 08:32:57.535 D/ConnectivityService( 1449): releasing NetworkRequest [ REQUEST id=15326, [ Capabilities: INTERNET&NOT_RESTRICTED&TRUSTED&NOT_VCN_MANAGED Uid: 10366 RequestorUid: 10366 RequestorPkg: com.zebra.soho_app UnderlyingNetworks: Null] ] (release request)
09-18 08:32:57.535 V/WindowManager( 1449): Loading animations: layout params pkg=com.zebra.soho_app resId=0x1030001
09-18 08:32:57.535 V/WindowManager( 1449): Loading animations: picked package=android
09-18 08:32:57.536 I/libprocessgroup( 1449): Removed cgroup /sys/fs/cgroup/uid_10366/pid_27270
09-18 08:32:57.536 I/Zygote  (  870): Process 27270 exited due to signal 9 (Killed)
09-18 08:32:57.537 W/ActivityManager( 1449): setHasOverlayUi called on unknown pid: 27270
09-18 08:32:57.733 V/WindowManagerShell( 1984): Transition animation finished (aborted=false), notifying core (#4553) android.os.BinderProxy@ad7b7bc@0
09-18 08:32:57.736 V/WindowManager( 1449): Finish Transition (#4553): created at 09-18 08:32:57.445 collect-started=0.094ms request-sent=0.196ms started=8.659ms ready=8.645ms sent=43.941ms finished=289.651ms
09-18 08:32:57.737 W/ActivityManager( 1449): pid 1449 system sent binder code 7 with flags 1 to frozen apps and got error -32
09-18 08:32:57.737 D/ActivityManager( 1449): Too many transaction errors, throttling freezer binder callback.
09-18 08:32:57.738 W/WindowManager( 1449): Exception thrown during dispatchAppVisibility Window{44241e8 u0 com.zebra.soho_app/com.zebra.soho_app.MainActivity EXITING}
09-18 08:32:57.738 W/WindowManager( 1449): android.os.DeadObjectException
09-18 08:32:57.738 W/WindowManager( 1449): 	at android.os.BinderProxy.transactNative(Native Method)
09-18 08:32:57.738 W/WindowManager( 1449): 	at android.os.BinderProxy.transact(BinderProxy.java:586)
09-18 08:32:57.738 W/WindowManager( 1449): 	at android.view.IWindow$Stub$Proxy.dispatchAppVisibility(IWindow.java:552)
09-18 08:32:57.738 W/WindowManager( 1449): 	at com.android.server.wm.WindowState.sendAppVisibilityToClients(WindowState.java:3218)
09-18 08:32:57.738 W/WindowManager( 1449): 	at com.android.server.wm.WindowContainer.sendAppVisibilityToClients(WindowContainer.java:1293)
09-18 08:32:57.738 W/WindowManager( 1449): 	at com.android.server.wm.WindowToken.setClientVisible(WindowToken.java:403)
09-18 08:32:57.738 W/WindowManager( 1449): 	at com.android.server.wm.ActivityRecord.setClientVisible(ActivityRecord.java:7100)
09-18 08:32:57.738 W/WindowManager( 1449): 	at com.android.server.wm.ActivityRecord.postApplyAnimation(ActivityRecord.java:5820)
09-18 08:32:57.738 W/WindowManager( 1449): 	at com.android.server.wm.ActivityRecord.commitVisibility(ActivityRecord.java:5762)
09-18 08:32:57.738 W/WindowManager( 1449): 	at com.android.server.wm.Transition.finishTransition(Transition.java:1257)
09-18 08:32:57.738 W/WindowManager( 1449): 	at com.android.server.wm.TransitionController.finishTransition(TransitionController.java:925)
09-18 08:32:57.738 W/WindowManager( 1449): 	at com.android.server.wm.WindowOrganizerController.finishTransition(WindowOrganizerController.java:489)
09-18 08:32:57.738 W/WindowManager( 1449): 	at android.window.IWindowOrganizerController$Stub.onTransact(IWindowOrganizerController.java:278)
09-18 08:32:57.738 W/WindowManager( 1449): 	at com.android.server.wm.WindowOrganizerController.onTransact(WindowOrganizerController.java:199)
09-18 08:32:57.738 W/WindowManager( 1449): 	at android.os.Binder.execTransactInternal(Binder.java:1505)
09-18 08:32:57.738 W/WindowManager( 1449): 	at android.os.Binder.execTransact(Binder.java:1444)
09-18 08:32:57.738 W/Process ( 1449): Unable to open /proc/27270/status
09-18 08:32:57.746 V/WindowManagerShell( 1984): Track 0 became idle
09-18 08:32:57.747 V/WindowManagerShell( 1984): All active transition animations finished
09-18 08:32:57.748 W/UserManagerService( 1449): Requested status bar icon for non-badged user 0
09-18 08:32:57.750 W/UserManagerService( 1449): Requested status bar icon for non-badged user 0
09-18 08:32:57.764 E/BpTransactionCompletedListener(  562): Failed to transact (-32)
09-18 08:32:57.764 E/BpTransactionCompletedListener(  562): Failed to transact (-32)
09-18 08:32:57.960 W/AccessibilityManagerService( 1449):  wait for adding window timeout: 5589
09-18 08:32:58.057 I/pixel-thermal( 1630): VIRTUAL-SKIN:29.0776 raw data: VIRTUAL-GNSS-DISP:29077.6 VIRTUAL-NEUTRAL-QUIET:28469.2 VIRTUAL-QUIET-USB2:27504.7 VIRTUAL-SKIN:29077.6 VIRTUAL-USB2-QUIET:27056.3 disp_therm:28856 gnss_tcxo_therm:30014 neutral_therm:29324 quiet_therm:28678 usb_pwr_therm2:28945 
09-18 08:32:58.060 D/TemperatureStateSource( 2221): getDeviceTemperatures: deviceTemperatureType=3 temperatureSource=0 temperatures=[29.07764]
09-18 08:32:58.062 D/BusinessScope( 2221): Start running the #362517 block
09-18 08:32:58.062 D/BusinessScope( 2221): Finish running the #362517 block
09-18 08:32:58.063 D/BusinessScope( 2221): Start running the #362518 block
09-18 08:32:58.063 D/BusinessScope( 2221): Finish running the #362518 block
09-18 08:32:58.347 I/bthal.activity(  881): bt_power: LeAdvStat: 08:32:57:310 - 08:32:58:347, duration: 1036, le_adv_count: 4, total_le_adv_count: 1472131, total_event_count: 4
09-18 08:32:58.474 D/TrafficStats(26928): tagSocket(5) with statsTag=0xffffffff, statsUid=-1
09-18 08:32:58.508 D/TrafficStats(26928): tagSocket(96) with statsTag=0xffffffff, statsUid=-1
09-18 08:32:58.518 D/TrafficStats(26928): tagSocket(97) with statsTag=0xffffffff, statsUid=-1
09-18 08:32:58.529 D/TrafficStats(26928): tagSocket(98) with statsTag=0xffffffff, statsUid=-1
09-18 08:32:58.535 D/TrafficStats(26928): tagSocket(99) with statsTag=0xffffffff, statsUid=-1
09-18 08:32:58.546 D/TrafficStats(26928): tagSocket(100) with statsTag=0xffffffff, statsUid=-1
09-18 08:32:58.733 D/AndroidRuntime(27453): >>>>>> START com.android.internal.os.RuntimeInit uid 2000 <<<<<<
09-18 08:32:58.738 I/AndroidRuntime(27453): Using default boot image
09-18 08:32:58.738 I/AndroidRuntime(27453): Leaving lock profiling enabled
09-18 08:32:58.740 I/app_process(27453): Using CollectorTypeCMC GC.
09-18 08:32:58.800 D/nativeloader(27453): InitDefaultPublicLibraries for_preload=1: libandroid.so:libaaudio.so:libamidi.so:libbinder_ndk.so:libc.so:libcamera2ndk.so:libdl.so:libEGL.so:libGLESv1_CM.so:libGLESv2.so:libGLESv3.so:libicu.so:libicui18n.so:libicuuc.so:libjnigraphics.so:liblog.so:libmediandk.so:libm.so:libnativehelper.so:libnativewindow.so:libOpenMAXAL.so:libOpenSLES.so:libRS.so:libstdc++.so:libsync.so:libvulkan.so:libwebviewchromium_plat_support.so:libz.so
09-18 08:32:58.807 D/app_process(27453): Time zone APEX ICU file found: /apex/com.android.tzdata/etc/icu/icu_tzdata.dat
09-18 08:32:58.808 D/app_process(27453): I18n APEX ICU file found: /apex/com.android.i18n/etc/icu/icudt72l.dat
09-18 08:32:58.827 D/AndroidRuntime(27453): Calling main entry com.android.commands.monkey.Monkey
09-18 08:32:58.828 W/Monkey  (27453): args: [-p, com.zebra.soho_app, -c, android.intent.category.LAUNCHER, 1]
09-18 08:32:58.828 W/Monkey  (27453):  arg: "-p"
09-18 08:32:58.828 W/Monkey  (27453):  arg: "com.zebra.soho_app"
09-18 08:32:58.828 W/Monkey  (27453):  arg: "-c"
09-18 08:32:58.828 W/Monkey  (27453):  arg: "android.intent.category.LAUNCHER"
09-18 08:32:58.828 W/Monkey  (27453):  arg: "1"
09-18 08:32:58.828 W/Monkey  (27453): data="com.zebra.soho_app"
09-18 08:32:58.828 W/Monkey  (27453): data="android.intent.category.LAUNCHER"
09-18 08:32:58.836 W/ActivityManager( 1449): registerReceiverWithFeature: no app for null
09-18 08:32:58.841 W/ActivityTaskManager( 1449): callingPackage for (uid=2000, pid=27453) has no WPC
09-18 08:32:58.841 D/CompatibilityChangeReporter( 1449): Compat change id reported: 265464455; UID 10366; state: DISABLED
09-18 08:32:58.841 D/CompatibilityChangeReporter( 1449): Compat change id reported: 310816437; UID 10366; state: DISABLED
09-18 08:32:58.841 D/CompatibilityChangeReporter( 1449): Compat change id reported: 265452344; UID 10366; state: DISABLED
09-18 08:32:58.842 D/CompatibilityChangeReporter( 1449): Compat change id reported: 266124927; UID 10366; state: DISABLED
09-18 08:32:58.842 D/CompatibilityChangeReporter( 1449): Compat change id reported: 265451093; UID 10366; state: DISABLED
09-18 08:32:58.842 D/CompatibilityChangeReporter( 1449): Compat change id reported: 265456536; UID 10366; state: DISABLED
09-18 08:32:58.842 D/CompatibilityChangeReporter( 1449): Compat change id reported: 255940284; UID 10366; state: DISABLED
09-18 08:32:58.842 D/CompatibilityChangeReporter( 1449): Compat change id reported: 236283604; UID 10366; state: DISABLED
09-18 08:32:58.842 D/CompatibilityChangeReporter( 1449): Compat change id reported: 263959004; UID 10366; state: DISABLED
09-18 08:32:58.842 D/CompatibilityChangeReporter( 1449): Compat change id reported: 264304459; UID 10366; state: DISABLED
09-18 08:32:58.842 D/CompatibilityChangeReporter( 1449): Compat change id reported: 264301586; UID 10366; state: DISABLED
09-18 08:32:58.842 D/CompatibilityChangeReporter( 1449): Compat change id reported: 254631730; UID 10366; state: DISABLED
09-18 08:32:58.842 D/CompatibilityChangeReporter( 1449): Compat change id reported: 273509367; UID 10366; state: DISABLED
09-18 08:32:58.842 D/CompatibilityChangeReporter( 1449): Compat change id reported: 263259275; UID 10366; state: DISABLED
09-18 08:32:58.842 D/CompatibilityChangeReporter( 1449): Compat change id reported: 174042980; UID 10366; state: DISABLED
09-18 08:32:58.843 D/CompatibilityChangeReporter( 1449): Compat change id reported: 174042936; UID 10366; state: DISABLED
09-18 08:32:58.843 D/CompatibilityChangeReporter( 1449): Compat change id reported: 181136395; UID 10366; state: DISABLED
09-18 08:32:58.843 D/CompatibilityChangeReporter( 1449): Compat change id reported: 194480991; UID 10366; state: ENABLED
09-18 08:32:58.844 D/CompatibilityChangeReporter( 1449): Compat change id reported: 184838306; UID 10366; state: DISABLED
09-18 08:32:58.844 D/CompatibilityChangeReporter( 1449): Compat change id reported: 185004937; UID 10366; state: DISABLED
