09-11 06:11:26.474 V/WindowManagerShell( 2342): Transition doesn't have explicit remote, search filters for match for {id=1642 t=CLOSE f=0x0 trk=0 r=[0@Point(0, 0)] c=[{WCT{android.window.IWindowContainerToken$Stub$Proxy@af7bb37} m=CLOSE f=NONE leash=Surface(name=Task=4124)/@0x734345b sb=Rect(0, 0 - 1080, 2400) eb=Rect(0, 0 - 1080, 2400) d=0},{WCT{android.window.IWindowContainerToken$Stub$Proxy@a0fa8a4} m=TO_FRONT f=SHOW_WALLPAPER leash=Surface(name=Task=1)/@0x29034f8 sb=Rect(0, 0 - 1080, 2400) eb=Rect(0, 0 - 1080, 2400) d=0},{null m=TO_FRONT f=IS_WALLPAPER leash=Surface(name=WallpaperWindowToken{15811a9 token=android.os.Binder@d8dc130})/@0x75a4dd1 sb=Rect(0, 0 - 1080, 2400) eb=Rect(0, 0 - 1080, 2400) d=0}]}
09-11 06:11:26.474 V/WindowManagerShell( 2342):  Checking filter Pair{{types=[] flags=0x0] notFlags=0x0 checks=[{atype=dream independent=true modes=[OPEN,TO_FRONT] flags=NONE mustBeTask=false order=ANY topActivity=null},{atype=home independent=true modes=[CLOSE,TO_BACK] flags=NONE mustBeTask=false order=ANY topActivity=null}]} RemoteTransition { remoteTransition = android.window.IRemoteTransition$Stub$Proxy@c69af3e, appThread = android.app.IApplicationThread$Stub$Proxy@458b19f, debugName = LauncherToDream }}
09-11 06:11:26.474 V/WindowManagerShell( 2342):  Checking filter Pair{{types=[] flags=0x0] notFlags=0x100 checks=[{atype=home independent=true modes=[OPEN,TO_FRONT] flags=NONE mustBeTask=false order=TOP topActivity=ComponentInfo{com.google.android.apps.nexuslauncher/com.google.android.apps.nexuslauncher.NexusLauncherActivity}},{atype=standard independent=true modes=[CLOSE,TO_BACK] flags=NONE mustBeTask=false order=ANY topActivity=null}]} RemoteTransition { remoteTransition = android.window.IRemoteTransition$Stub$Proxy@fdc42ec, appThread = android.app.IApplicationThread$Stub$Proxy@bb496b5, debugName = QuickstepLaunchHome }}
09-11 06:11:26.474 V/WindowManagerShell( 2342):  Delegate animation for (#1642) to null
09-11 06:11:26.474 V/WindowManagerShell( 2342):  try handler com.android.wm.shell.transition.DefaultTransitionHandler@a0d9133
09-11 06:11:26.475 V/WindowManagerShell( 2342): start default transition animation, info = {id=1642 t=CLOSE f=0x0 trk=0 r=[0@Point(0, 0)] c=[{WCT{android.window.IWindowContainerToken$Stub$Proxy@af7bb37} m=CLOSE f=NONE leash=Surface(name=Task=4124)/@0x734345b sb=Rect(0, 0 - 1080, 2400) eb=Rect(0, 0 - 1080, 2400) d=0},{WCT{android.window.IWindowContainerToken$Stub$Proxy@a0fa8a4} m=TO_FRONT f=SHOW_WALLPAPER leash=Surface(name=Task=1)/@0x29034f8 sb=Rect(0, 0 - 1080, 2400) eb=Rect(0, 0 - 1080, 2400) d=0},{null m=TO_FRONT f=IS_WALLPAPER leash=Surface(name=WallpaperWindowToken{15811a9 token=android.os.Binder@d8dc130})/@0x75a4dd1 sb=Rect(0, 0 - 1080, 2400) eb=Rect(0, 0 - 1080, 2400) d=0}]}
09-11 06:11:26.476 V/WindowManagerShell( 2342): loadAnimation: anim=android.view.animation.AnimationSet@f82e9c2 animAttr=0x10 type=CLOSE isEntrance=true
09-11 06:11:26.478 V/WindowManagerShell( 2342): loadAnimation: anim=android.view.animation.AnimationSet@5f7e609 animAttr=0x11 type=CLOSE isEntrance=false
09-11 06:11:26.479 V/WindowManagerShell( 2342):  animated by com.android.wm.shell.transition.DefaultTransitionHandler@a0d9133
09-11 06:11:26.482 V/WindowManager( 1664): Sent Transition (#1642) createdAt=09-11 06:11:26.400 via request=TransitionRequestInfo { type = CLOSE, triggerTask = TaskInfo{userId=0 taskId=4124 displayId=0 isRunning=false baseIntent=Intent { act=android.intent.action.MAIN cat=[android.intent.category.LAUNCHER] flg=0x10200000 cmp=com.zebra.soho_app/.MainActivity } baseActivity=null topActivity=null origActivity=null realActivity=ComponentInfo{com.zebra.soho_app/com.zebra.soho_app.MainActivity} numActivities=0 lastActiveTime=1042523329 supportsMultiWindow=true resizeMode=1 isResizeable=true minWidth=-1 minHeight=-1 defaultMinSize=220 token=WCT{RemoteToken{ad53029 Task{5857d26 #4124 type=standard A=10315:com.zebra.soho_app}}} topActivityType=1 pictureInPictureParams=null shouldDockBigOverlays=false launchIntoPipHostTaskId=-1 lastParentTaskIdBeforePip=-1 displayCutoutSafeInsets=Rect(0, 132 - 0, 0) topActivityInfo=null launchCookies=[] positionInParent=Point(0, 0) parentTaskId=-1 isFocused=true isVisible=true isVisibleRequested=true isSleeping=false locusId=null displayAreaFeatureId=1 isTopActivityTransparent=false appCompatTaskInfo=AppCompatTaskInfo { topActivityInSizeCompat=false topActivityEligibleForLetterboxEducation= false isLetterboxDoubleTapEnabled= false topActivityEligibleForUserAspectRatioButton= false topActivityBoundsLetterboxed= false isFromLetterboxDoubleTap= false topActivityLetterboxVerticalPosition= -1 topActivityLetterboxHorizontalPosition= -1 topActivityLetterboxWidth=-1 topActivityLetterboxHeight=-1 isUserFullscreenOverrideEnabled=false isSystemFullscreenOverrideEnabled=false cameraCompatControlState=hidden}}, pipTask = null, remoteTransition = null, displayChange = null, flags = 0, debugId = 1642 }
09-11 06:11:26.482 V/WindowManager( 1664):     startWCT=WindowContainerTransaction { changes = {} hops = [] errorCallbackToken=null taskFragmentOrganizer=null }
09-11 06:11:26.482 V/WindowManager( 1664):     info={id=1642 t=CLOSE f=0x0 trk=0 r=[0@Point(0, 0)] c=[
09-11 06:11:26.482 V/WindowManager( 1664):         {WCT{RemoteToken{ad53029 Task{5857d26 #4124 type=standard A=10315:com.zebra.soho_app}}} m=CLOSE f=NONE leash=Surface(name=Task=4124)/@0xd3b48f3 sb=Rect(0, 0 - 1080, 2400) eb=Rect(0, 0 - 1080, 2400) d=0},
09-11 06:11:26.482 V/WindowManager( 1664):         {WCT{RemoteToken{5e2f750 Task{792b14c #1 type=undefined}}} m=TO_FRONT f=SHOW_WALLPAPER leash=Surface(name=Task=1)/@0x7a76c92 sb=Rect(0, 0 - 1080, 2400) eb=Rect(0, 0 - 1080, 2400) d=0},
09-11 06:11:26.482 V/WindowManager( 1664):         {null m=TO_FRONT f=IS_WALLPAPER leash=Surface(name=WallpaperWindowToken{15811a9 token=android.os.Binder@d8dc130})/@0x703d121 sb=Rect(0, 0 - 1080, 2400) eb=Rect(0, 0 - 1080, 2400) d=0}
09-11 06:11:26.482 V/WindowManager( 1664):     ]}
09-11 06:11:26.487 W/UserManagerService( 1664): Requested status bar icon for non-badged user 0
09-11 06:11:26.491 I/A       (22555): (REDACTED) onViewDetachedToWindow self=%s, view=%s
09-11 06:11:26.492 I/A       (22555): (REDACTED) onViewAttachedToWindow self=%s, view=%s
09-11 06:11:26.499 I/ImeTracker( 1664): com.google.android.apps.nexuslauncher:6add2956: onRequestHide at ORIGIN_SERVER reason HIDE_UNSPECIFIED_WINDOW fromUser false
09-11 06:11:26.499 I/ImeTracker( 1664): com.google.android.apps.nexuslauncher:6add2956: onCancelled at PHASE_SERVER_SHOULD_HIDE
09-11 06:11:26.499 W/ActivityManager( 1664): pid 1664 system sent binder code 6 with flags 1 to frozen apps and got error -32
09-11 06:11:26.499 D/ActivityManager( 1664): Too many transaction errors, throttling freezer binder callback.
09-11 06:11:26.499 W/ActivityManager( 1664): pid 1664 system sent binder code 4 with flags 1 to frozen apps and got error -32
09-11 06:11:26.499 D/ActivityManager( 1664): Too many transaction errors, throttling freezer binder callback.
09-11 06:11:26.501 D/TrafficStats(21361): tagSocket(96) with statsTag=0xffffffff, statsUid=-1
09-11 06:11:26.501 I/GoogleInputMethodService( 5495): GoogleInputMethodService.onFinishInput():3121 
09-11 06:11:26.502 I/GoogleInputMethodService( 5495): GoogleInputMethodService.updateDeviceLockedStatus():2192 repeatCheckTimes = 0, locked = false
09-11 06:11:26.503 I/GoogleInputMethodService( 5495): GoogleInputMethodService.onStartInput():1936 onStartInput(EditorInfo{EditorInfo{packageName=com.google.android.apps.nexuslauncher, inputType=0, inputTypeString=NULL, enableLearning=false, autoCorrection=false, autoComplete=false, imeOptions=0, privateImeOptions=null, actionName=UNSPECIFIED, actionLabel=null, initialSelStart=-1, initialSelEnd=-1, initialCapsMode=0, label=null, fieldId=0, fieldName=null, extras=null, hintText=null, hintLocales=[]}}, false)
09-11 06:11:26.504 I/GoogleInputMethodService( 5495): GoogleInputMethodService.updateDeviceLockedStatus():2192 repeatCheckTimes = 1, locked = false
09-11 06:11:26.505 D/TrafficStats(21361): tagSocket(97) with statsTag=0xffffffff, statsUid=-1
09-11 06:11:26.505 I/AndroidIME( 5495): InputBundleManager.loadActiveInputBundleId():450 loadActiveInputBundleId: und-Latn-x-password, password
09-11 06:11:26.505 I/GmsCoreXrpcWrapper( 5161): (REDACTED) Returning a channel provider with trafficStatsTag=%d trafficStatsUid=%d
09-11 06:11:26.506 I/EmojiCompatManager( 5495): EmojiCompatManager.getEmojiCompatIfLoaded():342 EmojiCompat.init() was never called.
09-11 06:11:26.506 I/EmojiCompatManager( 5495): java.lang.IllegalStateException: EmojiCompat is not initialized. Please call EmojiCompat.init() first
09-11 06:11:26.506 I/EmojiCompatManager( 5495): 	at arw.w(PG:6)
09-11 06:11:26.506 I/EmojiCompatManager( 5495): 	at avw.b(PG:13)
09-11 06:11:26.506 I/EmojiCompatManager( 5495): 	at jhy.b(PG:2)
09-11 06:11:26.506 I/EmojiCompatManager( 5495): 	at jhy.c(PG:4)
09-11 06:11:26.506 I/EmojiCompatManager( 5495): 	at jhy.f(PG:3)
09-11 06:11:26.506 I/EmojiCompatManager( 5495): 	at kat.onStartInput(PG:476)
09-11 06:11:26.506 I/EmojiCompatManager( 5495): 	at android.inputmethodservice.InputMethodService.doStartInput(InputMethodService.java:3351)
09-11 06:11:26.506 I/EmojiCompatManager( 5495): 	at android.inputmethodservice.InputMethodService$InputMethodImpl.startInput(InputMethodService.java:857)
09-11 06:11:26.506 I/EmojiCompatManager( 5495): 	at android.inputmethodservice.InputMethodService$InputMethodImpl.dispatchStartInput(InputMethodService.java:886)
09-11 06:11:26.506 I/EmojiCompatManager( 5495): 	at android.inputmethodservice.IInputMethodWrapper.executeMessage(IInputMethodWrapper.java:201)
09-11 06:11:26.506 I/EmojiCompatManager( 5495): 	at com.android.internal.os.HandlerCaller$MyHandler.handleMessage(HandlerCaller.java:44)
09-11 06:11:26.506 I/EmojiCompatManager( 5495): 	at android.os.Handler.dispatchMessage(Handler.java:107)
09-11 06:11:26.506 I/EmojiCompatManager( 5495): 	at android.os.Looper.loopOnce(Looper.java:232)
09-11 06:11:26.506 I/EmojiCompatManager( 5495): 	at android.os.Looper.loop(Looper.java:317)
09-11 06:11:26.506 I/EmojiCompatManager( 5495): 	at android.app.ActivityThread.main(ActivityThread.java:8592)
09-11 06:11:26.506 I/EmojiCompatManager( 5495): 	at java.lang.reflect.Method.invoke(Native Method)
09-11 06:11:26.506 I/EmojiCompatManager( 5495): 	at com.android.internal.os.RuntimeInit$MethodAndArgsCaller.run(RuntimeInit.java:580)
09-11 06:11:26.506 I/EmojiCompatManager( 5495): 	at com.android.internal.os.ZygoteInit.main(ZygoteInit.java:878)
09-11 06:11:26.507 I/EuiccGoogle( 3189): [2] NetworkFetcher.getFirstActiveEuiccSlotId: isRemovableEsimDefault: false
09-11 06:11:26.507 W/PackageConfigPersister( 1664): App-specific configuration not found for packageName: com.google.android.apps.nexuslauncher and userId: 0
09-11 06:11:26.509 W/ActivityManager( 1664): pid 1664 system sent binder code 3 with flags 1 to frozen apps and got error -32
09-11 06:11:26.509 D/ActivityManager( 1664): Too many transaction errors, throttling freezer binder callback.
09-11 06:11:26.510 I/EuiccGoogle( 3189): [2] EuiccServiceImpl.onCreate: onCreate DSDS mode: simCardState is 11
09-11 06:11:26.510 W/WindowManager( 1664): Failed to deliver inset control state change to w=Window{ba15c3f u0 com.zebra.soho_app/com.zebra.soho_app.MainActivity}
09-11 06:11:26.510 W/WindowManager( 1664): android.os.DeadObjectException
09-11 06:11:26.510 W/WindowManager( 1664): 	at android.os.BinderProxy.transactNative(Native Method)
09-11 06:11:26.510 W/WindowManager( 1664): 	at android.os.BinderProxy.transact(BinderProxy.java:586)
09-11 06:11:26.510 W/WindowManager( 1664): 	at android.view.IWindow$Stub$Proxy.insetsControlChanged(IWindow.java:485)
09-11 06:11:26.510 W/WindowManager( 1664): 	at com.android.server.wm.WindowState.notifyInsetsControlChanged(WindowState.java:3776)
09-11 06:11:26.510 W/WindowManager( 1664): 	at com.android.server.wm.InsetsStateController.lambda$notifyPendingInsetsControlChanged$3(InsetsStateController.java:376)
09-11 06:11:26.510 W/WindowManager( 1664): 	at com.android.server.wm.InsetsStateController.$r8$lambda$MnP7XA1MDcyrUwoj0hcoT5hTO8E(InsetsStateController.java:0)
09-11 06:11:26.510 W/WindowManager( 1664): 	at com.android.server.wm.InsetsStateController$$ExternalSyntheticLambda0.run(R8$$SyntheticClass:0)
09-11 06:11:26.510 W/WindowManager( 1664): 	at com.android.server.wm.WindowAnimator.executeAfterPrepareSurfacesRunnables(WindowAnimator.java:314)
09-11 06:11:26.510 W/WindowManager( 1664): 	at com.android.server.wm.WindowAnimator.animate(WindowAnimator.java:207)
09-11 06:11:26.510 W/WindowManager( 1664): 	at com.android.server.wm.WindowAnimator.lambda$new$1(WindowAnimator.java:99)
09-11 06:11:26.510 W/WindowManager( 1664): 	at com.android.server.wm.WindowAnimator.$r8$lambda$AS_wbK9i-bc6ocCFop7s9PnXP80(WindowAnimator.java:0)
09-11 06:11:26.510 W/WindowManager( 1664): 	at com.android.server.wm.WindowAnimator$$ExternalSyntheticLambda1.doFrame(R8$$SyntheticClass:0)
09-11 06:11:26.510 W/WindowManager( 1664): 	at android.view.Choreographer$CallbackRecord.run(Choreographer.java:1404)
09-11 06:11:26.510 W/WindowManager( 1664): 	at android.view.Choreographer$CallbackRecord.run(Choreographer.java:1415)
09-11 06:11:26.510 W/WindowManager( 1664): 	at android.view.Choreographer.doCallbacks(Choreographer.java:1015)
09-11 06:11:26.510 W/WindowManager( 1664): 	at android.view.Choreographer.doFrame(Choreographer.java:941)
09-11 06:11:26.510 W/WindowManager( 1664): 	at android.view.Choreographer$FrameDisplayEventReceiver.run(Choreographer.java:1389)
09-11 06:11:26.510 W/WindowManager( 1664): 	at android.os.Handler.handleCallback(Handler.java:959)
09-11 06:11:26.510 W/WindowManager( 1664): 	at android.os.Handler.dispatchMessage(Handler.java:100)
09-11 06:11:26.510 W/WindowManager( 1664): 	at android.os.Looper.loopOnce(Looper.java:232)
09-11 06:11:26.510 W/WindowManager( 1664): 	at android.os.Looper.loop(Looper.java:317)
09-11 06:11:26.510 W/WindowManager( 1664): 	at android.os.HandlerThread.run(HandlerThread.java:85)
09-11 06:11:26.510 W/WindowManager( 1664): 	at com.android.server.ServiceThread.run(ServiceThread.java:46)
09-11 06:11:26.513 W/getWindowRoots(21361): Skipping null root node for window: AccessibilityWindowInfo[title=ZSB Series, displayId=0, id=801, taskId=4124, type=TYPE_APPLICATION, layer=0, region=SkRegion((0,0,1080,2400)), bounds=Rect(0, 0 - 1080, 2400), focused=true, active=true, pictureInPicture=false, transitionTime=148747345, hasParent=false, isAnchored=false, hasChildren=false]
09-11 06:11:26.513 W/getWindowRoots(21361): Skipping null root node for window: AccessibilityWindowInfo[title=ZSB Series, displayId=0, id=801, taskId=4124, type=TYPE_APPLICATION, layer=0, region=SkRegion((0,0,1080,2400)), bounds=Rect(0, 0 - 1080, 2400), focused=true, active=true, pictureInPicture=false, transitionTime=148747345, hasParent=false, isAnchored=false, hasChildren=false]
09-11 06:11:26.517 I/EuiccGoogle( 3189): [2] Partner.getResourceEntry$ar$ds$ar$class_merging$ar$class_merging: Partner app=com.google.android.euiccoverlay, Resource name=esim_supported_countries, type=string, partnerResId = 0
09-11 06:11:26.518 E/AuthPII ( 5144): [RequestTokenManager] getToken() -> BAD_AUTHENTICATION. App: com.google.android.gms, Service: oauth2:https://www.googleapis.com/auth/notifications 
09-11 06:11:26.518 E/AuthPII ( 5144): alwj: Long live credential not available.
09-11 06:11:26.518 E/AuthPII ( 5144): 	at ttb.a(:com.google.android.gms@243433038@24.34.33 (190400-666809342):998)
09-11 06:11:26.518 E/AuthPII ( 5144): 	at tth.b(:com.google.android.gms@243433038@24.34.33 (190400-666809342):28)
09-11 06:11:26.518 E/AuthPII ( 5144): 	at ttf.a(:com.google.android.gms@243433038@24.34.33 (190400-666809342):605)
09-11 06:11:26.518 E/AuthPII ( 5144): 	at tte.b(:com.google.android.gms@243433038@24.34.33 (190400-666809342):94)
09-11 06:11:26.518 E/AuthPII ( 5144): 	at nvq.d(:com.google.android.gms@243433038@24.34.33 (190400-666809342):224)
09-11 06:11:26.518 E/AuthPII ( 5144): 	at nvq.h(:com.google.android.gms@243433038@24.34.33 (190400-666809342):2)
09-11 06:11:26.518 E/AuthPII ( 5144): 	at nvq.fr(:com.google.android.gms@243433038@24.34.33 (190400-666809342):147)
09-11 06:11:26.518 E/AuthPII ( 5144): 	at nqj.onTransact(:com.google.android.gms@243433038@24.34.33 (190400-666809342):97)
09-11 06:11:26.518 E/AuthPII ( 5144): 	at android.os.Binder.transact(Binder.java:1345)
09-11 06:11:26.518 E/AuthPII ( 5144): 	at bjtl.onTransact(:com.google.android.gms@243433038@24.34.33 (190400-666809342):10)
09-11 06:11:26.518 E/AuthPII ( 5144): 	at android.os.Binder.transact(Binder.java:1345)
09-11 06:11:26.518 E/AuthPII ( 5144): 	at bbdu.onTransact(:com.google.android.gms@243433038@24.34.33 (190400-666809342):148)
09-11 06:11:26.518 E/AuthPII ( 5144): 	at android.os.Binder.execTransactInternal(Binder.java:1505)
09-11 06:11:26.518 E/AuthPII ( 5144): 	at android.os.Binder.execTransact(Binder.java:1444)
09-11 06:11:26.518 E/AuthPII ( 5144): Message is Long live credential not available.
09-11 06:11:26.518 E/AuthPII ( 5144): alwj: Long live credential not available.
09-11 06:11:26.518 E/AuthPII ( 5144): 	at ttb.a(:com.google.android.gms@243433038@24.34.33 (190400-666809342):998)
09-11 06:11:26.518 E/AuthPII ( 5144): 	at tth.b(:com.google.android.gms@243433038@24.34.33 (190400-666809342):28)
09-11 06:11:26.518 E/AuthPII ( 5144): 	at ttf.a(:com.google.android.gms@243433038@24.34.33 (190400-666809342):605)
09-11 06:11:26.518 E/AuthPII ( 5144): 	at tte.b(:com.google.android.gms@243433038@24.34.33 (190400-666809342):94)
09-11 06:11:26.518 E/AuthPII ( 5144): 	at nvq.d(:com.google.android.gms@243433038@24.34.33 (190400-666809342):224)
09-11 06:11:26.518 E/AuthPII ( 5144): 	at nvq.h(:com.google.android.gms@243433038@24.34.33 (190400-666809342):2)
09-11 06:11:26.518 E/AuthPII ( 5144): 	at nvq.fr(:com.google.android.gms@243433038@24.34.33 (190400-666809342):147)
09-11 06:11:26.518 E/AuthPII ( 5144): 	at nqj.onTransact(:com.google.android.gms@243433038@24.34.33 (190400-666809342):97)
09-11 06:11:26.518 E/AuthPII ( 5144): 	at android.os.Binder.transact(Binder.java:1345)
09-11 06:11:26.518 E/AuthPII ( 5144): 	at bjtl.onTransact(:com.google.android.gms@243433038@24.34.33 (190400-666809342):10)
09-11 06:11:26.518 E/AuthPII ( 5144): 	at android.os.Binder.transact(Binder.java:1345)
09-11 06:11:26.518 E/AuthPII ( 5144): 	at bbdu.onTransact(:com.google.android.gms@243433038@24.34.33 (190400-666809342):148)
09-11 06:11:26.518 E/AuthPII ( 5144): 	at android.os.Binder.execTransactInternal(Binder.java:1505)
09-11 06:11:26.518 E/AuthPII ( 5144): 	at android.os.Binder.execTransact(Binder.java:1444)
09-11 06:11:26.518 W/Auth    ( 5144): [GetToken] GetToken failed with status code: BadAuthentication  [CONTEXT service_id=343 ]
09-11 06:11:26.519 V/ActivityManager( 1664): Got obituary of 18817:com.zebra.soho_app
09-11 06:11:26.520 I/WindowManager( 1664): WIN DEATH: Window{ba15c3f u0 com.zebra.soho_app/com.zebra.soho_app.MainActivity}
09-11 06:11:26.520 D/ConnectivityService( 1664): releasing NetworkRequest [ REQUEST id=3349, [ Capabilities: INTERNET&NOT_RESTRICTED&TRUSTED&NOT_VCN_MANAGED Uid: 10315 RequestorUid: 10315 RequestorPkg: com.zebra.soho_app UnderlyingNetworks: Null] ] (release request)
09-11 06:11:26.520 W/InputManager-JNI( 1664): Input channel object 'ba15c3f com.zebra.soho_app/com.zebra.soho_app.MainActivity (client)' was disposed without first being removed with the input manager!
09-11 06:11:26.520 V/WindowManager( 1664): Loading animations: layout params pkg=com.zebra.soho_app resId=0x1030001
09-11 06:11:26.520 V/WindowManager( 1664): Loading animations: picked package=android
09-11 06:11:26.520 I/libprocessgroup( 1664): Removed cgroup /sys/fs/cgroup/uid_10315/pid_18817
09-11 06:11:26.520 W/ActivityManager( 1664): setHasOverlayUi called on unknown pid: 18817
09-11 06:11:26.521 I/Zygote  ( 1152): Process 18817 exited due to signal 9 (Killed)
09-11 06:11:26.522 I/EuiccGoogle( 3189): [2] Partner.getResourceEntry$ar$ds$ar$class_merging$ar$class_merging: Partner app=com.google.android.euiccoverlay, Resource name=esim_unsupported_countries, type=string, partnerResId = 2131689520
09-11 06:11:26.527 D/EuiccConnector( 2714): handleMessage: E msg.what=4
09-11 06:11:26.527 D/EuiccConnector( 2714): processMsg: DisconnectedState
09-11 06:11:26.527 D/EuiccConnector( 2714): transitionTo: destState=ConnectedState
09-11 06:11:26.527 D/EuiccConnector( 2714): handleMessage: new destination call exit/enter
09-11 06:11:26.528 D/EuiccConnector( 2714): setupTempStateStackWithStatesToEnter: X mTempStateStackCount=1,curStateInfo: state=DisconnectedState,active=true,parent=null
09-11 06:11:26.528 D/EuiccConnector( 2714): moveTempStackToStateStack: i=0,j=1
09-11 06:11:26.528 D/EuiccConnector( 2714): moveTempStackToStateStack: X mStateStackTop=1,startingIndex=1,Top=ConnectedState
09-11 06:11:26.528 D/EuiccConnector( 2714): invokeEnterMethods: ConnectedState
09-11 06:11:26.528 D/EuiccConnector( 2714): moveDeferredMessageAtFrontOfQueue; what=103
09-11 06:11:26.528 D/EuiccConnector( 2714): handleMessage: X
09-11 06:11:26.528 D/EuiccConnector( 2714): handleMessage: E msg.what=103
09-11 06:11:26.528 D/EuiccConnector( 2714): processMsg: ConnectedState
09-11 06:11:26.528 D/EuiccConnector( 2714): handleMessage: X
09-11 06:11:26.529 I/EuiccGoogle( 3189): [648] EuiccServiceImpl.onGetEuiccProfileInfoList: onGetEuiccProfileInfoList: slotId = 0
09-11 06:11:26.530 W/Auth    ( 5161): [GoogleAuthUtil] [GoogleAuthUtil] error status:BAD_AUTHENTICATION with method:getTokenWithDetails
09-11 06:11:26.533 E/AuthPII ( 5144): [RequestTokenManager] getToken() -> BAD_AUTHENTICATION. App: com.google.android.gms, Service: oauth2:https://www.googleapis.com/auth/notifications 
09-11 06:11:26.533 E/AuthPII ( 5144): alwj: Long live credential not available.
09-11 06:11:26.533 E/AuthPII ( 5144): 	at ttb.a(:com.google.android.gms@243433038@24.34.33 (190400-666809342):998)
09-11 06:11:26.533 E/AuthPII ( 5144): 	at tth.b(:com.google.android.gms@243433038@24.34.33 (190400-666809342):28)
09-11 06:11:26.533 E/AuthPII ( 5144): 	at ttf.a(:com.google.android.gms@243433038@24.34.33 (190400-666809342):605)
09-11 06:11:26.533 E/AuthPII ( 5144): 	at tte.b(:com.google.android.gms@243433038@24.34.33 (190400-666809342):94)
09-11 06:11:26.533 E/AuthPII ( 5144): 	at nvq.d(:com.google.android.gms@243433038@24.34.33 (190400-666809342):224)
09-11 06:11:26.533 E/AuthPII ( 5144): 	at nvq.h(:com.google.android.gms@243433038@24.34.33 (190400-666809342):2)
09-11 06:11:26.533 E/AuthPII ( 5144): 	at nvq.fr(:com.google.android.gms@243433038@24.34.33 (190400-666809342):147)
09-11 06:11:26.533 E/AuthPII ( 5144): 	at nqj.onTransact(:com.google.android.gms@243433038@24.34.33 (190400-666809342):97)
09-11 06:11:26.533 E/AuthPII ( 5144): 	at android.os.Binder.transact(Binder.java:1345)
09-11 06:11:26.533 E/AuthPII ( 5144): 	at bjtl.onTransact(:com.google.android.gms@243433038@24.34.33 (190400-666809342):10)
09-11 06:11:26.533 E/AuthPII ( 5144): 	at android.os.Binder.transact(Binder.java:1345)
09-11 06:11:26.533 E/AuthPII ( 5144): 	at bbdu.onTransact(:com.google.android.gms@243433038@24.34.33 (190400-666809342):148)
09-11 06:11:26.533 E/AuthPII ( 5144): 	at android.os.Binder.execTransactInternal(Binder.java:1505)
09-11 06:11:26.533 E/AuthPII ( 5144): 	at android.os.Binder.execTransact(Binder.java:1444)
09-11 06:11:26.533 E/AuthPII ( 5144): Message is Long live credential not available.
09-11 06:11:26.533 E/AuthPII ( 5144): alwj: Long live credential not available.
09-11 06:11:26.533 E/AuthPII ( 5144): 	at ttb.a(:com.google.android.gms@243433038@24.34.33 (190400-666809342):998)
09-11 06:11:26.533 E/AuthPII ( 5144): 	at tth.b(:com.google.android.gms@243433038@24.34.33 (190400-666809342):28)
09-11 06:11:26.533 E/AuthPII ( 5144): 	at ttf.a(:com.google.android.gms@243433038@24.34.33 (190400-666809342):605)
09-11 06:11:26.533 E/AuthPII ( 5144): 	at tte.b(:com.google.android.gms@243433038@24.34.33 (190400-666809342):94)
09-11 06:11:26.533 E/AuthPII ( 5144): 	at nvq.d(:com.google.android.gms@243433038@24.34.33 (190400-666809342):224)
09-11 06:11:26.533 E/AuthPII ( 5144): 	at nvq.h(:com.google.android.gms@243433038@24.34.33 (190400-666809342):2)
09-11 06:11:26.533 E/AuthPII ( 5144): 	at nvq.fr(:com.google.android.gms@243433038@24.34.33 (190400-666809342):147)
09-11 06:11:26.533 E/AuthPII ( 5144): 	at nqj.onTransact(:com.google.android.gms@243433038@24.34.33 (190400-666809342):97)
09-11 06:11:26.533 E/AuthPII ( 5144): 	at android.os.Binder.transact(Binder.java:1345)
09-11 06:11:26.533 E/AuthPII ( 5144): 	at bjtl.onTransact(:com.google.android.gms@243433038@24.34.33 (190400-666809342):10)
09-11 06:11:26.533 E/AuthPII ( 5144): 	at android.os.Binder.transact(Binder.java:1345)
09-11 06:11:26.533 E/AuthPII ( 5144): 	at bbdu.onTransact(:com.google.android.gms@243433038@24.34.33 (190400-666809342):148)
09-11 06:11:26.533 E/AuthPII ( 5144): 	at android.os.Binder.execTransactInternal(Binder.java:1505)
09-11 06:11:26.533 E/AuthPII ( 5144): 	at android.os.Binder.execTransact(Binder.java:1444)
09-11 06:11:26.533 W/Auth    ( 5144): [GetToken] GetToken failed with status code: BadAuthentication  [CONTEXT service_id=343 ]
09-11 06:11:26.535 I/EuiccGoogle( 3189): [648] EuiccServiceImpl.onGetEuiccProfileInfoList: slotId = 0, isRemovable = false
09-11 06:11:26.535 I/EuiccGoogle( 3189): [648] EuiccServiceImpl.onGetEuiccProfileInfoList: onGetEuiccProfileInfoList: isRemovable = false.
09-11 06:11:26.535 I/EuiccGoogle( 3189): [648] EuiccServiceImpl.onGetEuiccProfileInfoList: getSimCardState for slotId: 0
09-11 06:11:26.538 I/EuiccGoogle( 3189): [648] EuiccServiceImpl.onGetEuiccProfileInfoList: GetEuiccProfileInfoListResult: simCardState :11and simCardStateAtTelephony:11 for slot:0
09-11 06:11:26.538 I/EuiccGoogle( 3189): [648] EuiccServiceImpl.getProfileInfoList: getProfileInfoList: slotId = 0.
09-11 06:11:26.538 I/EuiccGoogle( 3189): [648] EuiccServiceImpl.getEidFromSlotId: getEidFromSlotId: slotId = 0.
09-11 06:11:26.539 I/EuiccGoogle( 3189): [648] NetworkFetcher.getEidForSlot: getEidForSlot: 0
09-11 06:11:26.541 I/EuiccGoogle( 3189): [648] BlockingEuiccCardManager.requestAllProfiles: requestAllProfiles: cardId = [fpcGpzoTwA_BKwtsqTMFCNjvGf8]
09-11 06:11:26.542 W/Auth    ( 5161): [GoogleAuthUtil] [GoogleAuthUtil] error status:BAD_AUTHENTICATION with method:getTokenWithDetails
09-11 06:11:26.543 W/bhpf    ( 5161): Failed fetching latest threads. [CONTEXT service_id=315 ]
09-11 06:11:26.543 W/bhpf    ( 5161): ggmm: UNAUTHENTICATED
09-11 06:11:26.543 W/bhpf    ( 5161): 	at ghga.b(:com.google.android.gms@243433038@24.34.33 (190400-666809342):162)
09-11 06:11:26.543 W/bhpf    ( 5161): 	at bhpf.f(:com.google.android.gms@243433038@24.34.33 (190400-666809342):890)
09-11 06:11:26.543 W/bhpf    ( 5161): 	at bozc.fx(:com.google.android.gms@243433038@24.34.33 (190400-666809342):1)
09-11 06:11:26.543 W/bhpf    ( 5161): 	at bozo.run(:com.google.android.gms@243433038@24.34.33 (190400-666809342):66)
09-11 06:11:26.543 W/bhpf    ( 5161): 	at eqay.run(:com.google.android.gms@243433038@24.34.33 (190400-666809342):21)
09-11 06:11:26.543 W/bhpf    ( 5161): 	at amze.c(:com.google.android.gms@243433038@24.34.33 (190400-666809342):50)
09-11 06:11:26.543 W/bhpf    ( 5161): 	at amze.run(:com.google.android.gms@243433038@24.34.33 (190400-666809342):97)
09-11 06:11:26.543 W/bhpf    ( 5161): 	at java.util.concurrent.ThreadPoolExecutor.runWorker(ThreadPoolExecutor.java:1145)
09-11 06:11:26.543 W/bhpf    ( 5161): 	at java.util.concurrent.ThreadPoolExecutor$Worker.run(ThreadPoolExecutor.java:644)
09-11 06:11:26.543 W/bhpf    ( 5161): 	at aneq.run(:com.google.android.gms@243433038@24.34.33 (190400-666809342):8)
09-11 06:11:26.543 W/bhpf    ( 5161): 	at java.lang.Thread.run(Thread.java:1012)
09-11 06:11:26.543 W/bhpf    ( 5161): Caused by: com.google.android.gms.auth.UserRecoverableAuthException: BadAuthentication
09-11 06:11:26.543 W/bhpf    ( 5161): 	at syo.p(:com.google.android.gms@243433038@24.34.33 (190400-666809342):37)
09-11 06:11:26.543 W/bhpf    ( 5161): 	at syo.t(:com.google.android.gms@243433038@24.34.33 (190400-666809342):32)
09-11 06:11:26.543 W/bhpf    ( 5161): 	at syh.a(:com.google.android.gms@243433038@24.34.33 (190400-666809342):41)
09-11 06:11:26.543 W/bhpf    ( 5161): 	at syo.s(:com.google.android.gms@243433038@24.34.33 (190400-666809342):30)
09-11 06:11:26.543 W/bhpf    ( 5161): 	at syo.v(:com.google.android.gms@243433038@24.34.33 (190400-666809342):125)
09-11 06:11:26.543 W/bhpf    ( 5161): 	at fagz.d(:com.google.android.gms@243433038@24.34.33 (190400-666809342):10)
09-11 06:11:26.543 W/bhpf    ( 5161): 	at fagz.c(:com.google.android.gms@243433038@24.34.33 (190400-666809342):69)
09-11 06:11:26.543 W/bhpf    ( 5161): 	at fagw.call(:com.google.android.gms@243433038@24.34.33 (190400-666809342):8)
09-11 06:11:26.543 W/bhpf    ( 5161): 	at java.util.concurrent.FutureTask.run(FutureTask.java:264)
09-11 06:11:26.543 W/bhpf    ( 5161): 	at fagz.a(:com.google.android.gms@243433038@24.34.33 (190400-666809342):63)
09-11 06:11:26.543 W/bhpf    ( 5161): 	at fafw.call(:com.google.android.gms@243433038@24.34.33 (190400-666809342):25)
09-11 06:11:26.543 W/bhpf    ( 5161): 	at eqav.call(:com.google.android.gms@243433038@24.34.33 (190400-666809342):13)
09-11 06:11:26.543 W/bhpf    ( 5161): 	at java.util.concurrent.FutureTask.run(FutureTask.java:264)
09-11 06:11:26.543 W/bhpf    ( 5161): 	at amze.c(:com.google.android.gms@243433038@24.34.33 (190400-666809342):50)
09-11 06:11:26.543 W/bhpf    ( 5161): 	at amze.run(:com.google.android.gms@243433038@24.34.33 (190400-666809342):76)
09-11 06:11:26.543 W/bhpf    ( 5161): 	... 4 more
09-11 06:11:26.603 D/AOC     ( 1394): A3:MSG: tmd3719_device.cc, 4582: USF: TMD3719: dbv:1757 leakage:0.979842 refresh_rate:60 status:1 op_hz:0 [0]
09-11 06:11:26.641 W/System  (21361): A resource failed to call end. 
09-11 06:11:26.642 W/System  (21361): A resource failed to call end. 
09-11 06:11:26.643 W/System  (21361): A resource failed to call end. 
09-11 06:11:26.643 W/System  (21361): A resource failed to call end. 
09-11 06:11:26.643 W/System  (21361): A resource failed to call end. 
09-11 06:11:26.643 W/System  (21361): A resource failed to call end. 
09-11 06:11:26.644 W/System  (21361): A resource failed to call end. 
09-11 06:11:26.644 W/System  (21361): A resource failed to call end. 
09-11 06:11:26.645 W/System  (21361): A resource failed to call end. 
09-11 06:11:26.645 W/System  (21361): A resource failed to call end. 
09-11 06:11:26.645 W/System  (21361): A resource failed to call end. 
09-11 06:11:26.646 W/System  (21361): A resource failed to call end. 
09-11 06:11:26.647 W/System  (21361): A resource failed to call end. 
09-11 06:11:26.648 W/System  (21361): A resource failed to call end. 
09-11 06:11:26.649 W/System  (21361): A resource failed to call end. 
09-11 06:11:26.650 W/System  (21361): A resource failed to call end. 
09-11 06:11:26.651 W/System  (21361): A resource failed to call end. 
09-11 06:11:26.655 W/System  (21361): A resource failed to call end. 
09-11 06:11:26.655 W/System  (21361): A resource failed to call end. 
09-11 06:11:26.656 W/System  (21361): A resource failed to call end. 
09-11 06:11:26.657 W/System  (21361): A resource failed to call end. 
09-11 06:11:26.657 W/System  (21361): A resource failed to call end. 
09-11 06:11:26.657 W/System  (21361): A resource failed to call end. 
09-11 06:11:26.658 W/System  (21361): A resource failed to call end. 
09-11 06:11:26.658 W/System  (21361): A resource failed to call end. 
09-11 06:11:26.659 W/System  (21361): A resource failed to call end. 
09-11 06:11:26.659 D/EuiccConnector( 2714): handleMessage: E msg.what=6
09-11 06:11:26.659 D/EuiccConnector( 2714): processMsg: ConnectedState
09-11 06:11:26.659 W/System  (21361): A resource failed to call end. 
09-11 06:11:26.659 D/EuiccConnector( 2714): handleMessage: X
09-11 06:11:26.659 I/A       (22555): (REDACTED) onViewDetachedToWindow self=%s, view=%s
09-11 06:11:26.659 W/System  (21361): A resource failed to call end. 
09-11 06:11:26.659 W/System  (21361): A resource failed to call end. 
09-11 06:11:26.659 I/A       (22555): (REDACTED) onViewAttachedToWindow self=%s, view=%s
09-11 06:11:26.659 W/System  (21361): A resource failed to call end. 
09-11 06:11:26.660 W/System  (21361): A resource failed to call end. 
09-11 06:11:26.660 W/System  (21361): A resource failed to call end. 
09-11 06:11:26.660 W/System  (21361): A resource failed to call end. 
09-11 06:11:26.660 W/System  (21361): A resource failed to call end. 
09-11 06:11:26.661 W/System  (21361): A resource failed to call end. 
09-11 06:11:26.662 W/System  (21361): A resource failed to call end. 
09-11 06:11:26.662 W/System  (21361): A resource failed to call end. 
09-11 06:11:26.709 W/IPCThreadState( 1664): Sending oneway calls to frozen process.
09-11 06:11:26.713 W/IPCThreadState( 1664): Sending oneway calls to frozen process.
09-11 06:11:26.729 V/WindowManagerShell( 2342): Transition animation finished (aborted=false), notifying core (#1642) android.os.BinderProxy@44ef155@0
09-11 06:11:26.732 V/WindowManager( 1664): Finish Transition (#1642): created at 09-11 06:11:26.400 collect-started=0.254ms request-sent=0.56ms started=17.987ms ready=17.975ms sent=71.615ms finished=331.945ms
09-11 06:11:26.734 W/ActivityManager( 1664): pid 1664 system sent binder code 7 with flags 1 to frozen apps and got error -32
09-11 06:11:26.736 W/WindowManager( 1664): Exception thrown during dispatchAppVisibility Window{ba15c3f u0 com.zebra.soho_app/com.zebra.soho_app.MainActivity EXITING}
09-11 06:11:26.736 W/WindowManager( 1664): android.os.DeadObjectException
09-11 06:11:26.736 W/WindowManager( 1664): 	at android.os.BinderProxy.transactNative(Native Method)
09-11 06:11:26.736 W/WindowManager( 1664): 	at android.os.BinderProxy.transact(BinderProxy.java:586)
09-11 06:11:26.736 W/WindowManager( 1664): 	at android.view.IWindow$Stub$Proxy.dispatchAppVisibility(IWindow.java:552)
09-11 06:11:26.736 W/WindowManager( 1664): 	at com.android.server.wm.WindowState.sendAppVisibilityToClients(WindowState.java:3218)
09-11 06:11:26.736 W/WindowManager( 1664): 	at com.android.server.wm.WindowContainer.sendAppVisibilityToClients(WindowContainer.java:1293)
09-11 06:11:26.736 W/WindowManager( 1664): 	at com.android.server.wm.WindowToken.setClientVisible(WindowToken.java:403)
09-11 06:11:26.736 W/WindowManager( 1664): 	at com.android.server.wm.ActivityRecord.setClientVisible(ActivityRecord.java:7100)
09-11 06:11:26.736 W/WindowManager( 1664): 	at com.android.server.wm.ActivityRecord.postApplyAnimation(ActivityRecord.java:5820)
09-11 06:11:26.736 W/WindowManager( 1664): 	at com.android.server.wm.ActivityRecord.commitVisibility(ActivityRecord.java:5762)
09-11 06:11:26.736 W/WindowManager( 1664): 	at com.android.server.wm.Transition.finishTransition(Transition.java:1257)
09-11 06:11:26.736 W/WindowManager( 1664): 	at com.android.server.wm.TransitionController.finishTransition(TransitionController.java:925)
09-11 06:11:26.736 W/WindowManager( 1664): 	at com.android.server.wm.WindowOrganizerController.finishTransition(WindowOrganizerController.java:489)
09-11 06:11:26.736 W/WindowManager( 1664): 	at android.window.IWindowOrganizerController$Stub.onTransact(IWindowOrganizerController.java:278)
09-11 06:11:26.736 W/WindowManager( 1664): 	at com.android.server.wm.WindowOrganizerController.onTransact(WindowOrganizerController.java:199)
09-11 06:11:26.736 W/WindowManager( 1664): 	at android.os.Binder.execTransactInternal(Binder.java:1505)
09-11 06:11:26.736 W/WindowManager( 1664): 	at android.os.Binder.execTransact(Binder.java:1444)
09-11 06:11:26.736 D/TrafficStats(21361): tagSocket(5) with statsTag=0xffffffff, statsUid=-1
09-11 06:11:26.736 W/Process ( 1664): Unable to open /proc/18817/status
09-11 06:11:26.753 V/WindowManagerShell( 2342): Track 0 became idle
09-11 06:11:26.753 V/WindowManagerShell( 2342): All active transition animations finished
09-11 06:11:26.754 W/UserManagerService( 1664): Requested status bar icon for non-badged user 0
09-11 06:11:26.755 W/UserManagerService( 1664): Requested status bar icon for non-badged user 0
09-11 06:11:26.775 E/BpTransactionCompletedListener(  555): Failed to transact (-32)
09-11 06:11:26.776 E/BpTransactionCompletedListener(  555): Failed to transact (-32)
09-11 06:11:26.950 W/AccessibilityManagerService( 1664):  wait for adding window timeout: 807
09-11 06:11:27.029 D/GrammaticalInflection( 1664): The flag must be enabled to allow calling the API.
09-11 06:11:27.031 D/CompatibilityChangeReporter( 1664): Compat change id reported: 135634846; UID 10315; state: DISABLED
09-11 06:11:27.031 D/CompatibilityChangeReporter( 1664): Compat change id reported: 177438394; UID 10315; state: DISABLED
09-11 06:11:27.031 D/CompatibilityChangeReporter( 1664): Compat change id reported: 135772972; UID 10315; state: DISABLED
09-11 06:11:27.031 D/CompatibilityChangeReporter( 1664): Compat change id reported: 135754954; UID 10315; state: ENABLED
09-11 06:11:27.038 D/CompatibilityChangeReporter( 1664): Compat change id reported: 143937733; UID 10315; state: ENABLED
09-11 06:11:27.042 D/TrafficStats(21361): tagSocket(96) with statsTag=0xffffffff, statsUid=-1
09-11 06:11:27.062 D/Zygote  ( 1152): Forked child process 21537
09-11 06:11:27.062 I/ActivityManager( 1664): Start proc 21537:com.zebra.soho_app/u0a315 for service {com.zebra.soho_app/com.zebra.apslibrary.service.ZPrintService}
09-11 06:11:27.069 D/TrafficStats(21361): tagSocket(97) with statsTag=0xffffffff, statsUid=-1
09-11 06:11:27.074 I/.zebra.soho_app(21537): Using CollectorTypeCMC GC.
09-11 06:11:27.078 E/.zebra.soho_app(21537): Not starting debugger since process cannot load the jdwp agent.
09-11 06:11:27.091 D/CompatibilityChangeReporter( 1664): Compat change id reported: 265195908; UID 10315; state: ENABLED
09-11 06:11:27.093 D/CompatibilityChangeReporter(21537): Compat change id reported: 171979766; UID 10315; state: ENABLED
09-11 06:11:27.093 D/CompatibilityChangeReporter(21537): Compat change id reported: 242716250; UID 10315; state: ENABLED
09-11 06:11:27.094 D/CompatibilityChangeReporter( 1664): Compat change id reported: 170503758; UID 10315; state: ENABLED
09-11 06:11:27.096 D/ApplicationLoaders(21537): Returning zygote-cached class loader: /system_ext/framework/androidx.window.extensions.jar
09-11 06:11:27.096 D/ApplicationLoaders(21537): Returning zygote-cached class loader: /system_ext/framework/androidx.window.sidecar.jar
09-11 06:11:27.100 D/nativeloader(21537): Configuring clns-6 for other apk /data/app/~~mhvLTvkWAyNfT0Rl9R1lvw==/com.zebra.soho_app-9QM4_kmKVPC_fj3mJrapUw==/base.apk. target_sdk_version=34, uses_libraries=, library_path=/data/app/~~mhvLTvkWAyNfT0Rl9R1lvw==/com.zebra.soho_app-9QM4_kmKVPC_fj3mJrapUw==/lib/arm64:/data/app/~~mhvLTvkWAyNfT0Rl9R1lvw==/com.zebra.soho_app-9QM4_kmKVPC_fj3mJrapUw==/base.apk!/lib/arm64-v8a, permitted_path=/data:/mnt/expand:/data/user/0/com.zebra.soho_app
09-11 06:11:27.105 V/GraphicsEnvironment(21537): Currently set values for:
09-11 06:11:27.105 V/GraphicsEnvironment(21537):   angle_gl_driver_selection_pkgs=[com.android.angle, com.linecorp.b612.android, com.campmobile.snow, com.google.android.apps.tachyon]
09-11 06:11:27.105 V/GraphicsEnvironment(21537):   angle_gl_driver_selection_values=[angle, native, native, native]
09-11 06:11:27.105 V/GraphicsEnvironment(21537): com.zebra.soho_app is not listed in per-application setting
09-11 06:11:27.105 V/GraphicsEnvironment(21537): Neither updatable production driver nor prerelease driver is supported.
09-11 06:11:27.109 D/CompatibilityChangeReporter(21537): Compat change id reported: 183155436; UID 10315; state: ENABLED
09-11 06:11:27.111 D/SessionsDependencies(21537): Dependency to CRASHLYTICS added.
09-11 06:11:27.111 I/FirebaseApp(21537): Device unlocked: initializing all Firebase APIs for app [DEFAULT]
09-11 06:11:27.112 I/FirebaseCrashlytics(21537): Initializing Firebase Crashlytics 18.6.2 for com.zebra.soho_app
09-11 06:11:27.112 D/CompatibilityChangeReporter(21537): Compat change id reported: 247079863; UID 10315; state: ENABLED
09-11 06:11:27.117 D/SessionsDependencies(21537): Subscriber CRASHLYTICS registered.
09-11 06:11:27.133 W/ziparchive(21537): Unable to open '/data/user_de/0/com.google.android.gms/app_chimera/m/000000bd/DynamiteLoader.uncompressed.dm': No such file or directory
09-11 06:11:27.133 W/ziparchive(21537): Unable to open '/data/user_de/0/com.google.android.gms/app_chimera/m/000000bd/DynamiteLoader.uncompressed.dm': No such file or directory
09-11 06:11:27.137 I/DynamiteModule(21537): Considering local module com.google.android.gms.measurement.dynamite:100 and remote module com.google.android.gms.measurement.dynamite:124
09-11 06:11:27.138 I/DynamiteModule(21537): Selected remote version of com.google.android.gms.measurement.dynamite, version >= 124
09-11 06:11:27.138 V/DynamiteModule(21537): Dynamite loader version >= 2, using loadModule2NoCrashUtils
09-11 06:11:27.141 D/CompatibilityChangeReporter( 1664): Compat change id reported: 161145287; UID 10315; state: ENABLED
09-11 06:11:27.146 I/FirebaseCrashlytics(21537): No version control information found
09-11 06:11:27.147 W/System  (21537): ClassLoader referenced unknown path: 
09-11 06:11:27.147 D/nativeloader(21537): Configuring clns-7 for other apk . target_sdk_version=34, uses_libraries=, library_path=/data/app/~~yfEBJsixb7bEDsxcJo38Vg==/com.google.android.gms-RSVFWBF1ZFP9cQwg6ppJzA==/lib/arm64:/data/app/~~yfEBJsixb7bEDsxcJo38Vg==/com.google.android.gms-RSVFWBF1ZFP9cQwg6ppJzA==/base.apk!/lib/arm64-v8a, permitted_path=/data:/mnt/expand:/data/user/0/com.google.android.gms
09-11 06:11:27.150 D/FirebaseSessions(21537): Initializing Firebase Sessions SDK.
09-11 06:11:27.150 I/FirebaseInitProvider(21537): FirebaseApp initialization successful
09-11 06:11:27.151 D/LifecycleServiceBinder(21537): Binding service to application.
09-11 06:11:27.152 D/WM-WrkMgrInitializer(21537): Initializing WorkManager with default configuration.
09-11 06:11:27.154 D/CompatibilityChangeReporter(21537): Compat change id reported: 279646685; UID 10315; state: DISABLED
09-11 06:11:27.154 W/.zebra.soho_app(21537): ClassLoaderContext classpath size mismatch. expected=12, found=2 (DLC[];PCL[base.apk*655571707:base.apk!classes2.dex*1498855786:base.apk!classes3.dex*490929050:base.apk!classes4.dex*1611603995:base.apk!classes5.dex*471123784:base.apk!classes6.dex*137154469:base.apk!classes7.dex*1102601877:base.apk!classes8.dex*2329565478:base.apk!classes9.dex*3036896885:base.apk!classes10.dex*3882078478:base.apk!classes11.dex*2742095993:base.apk!classes12.dex*823082303]{PCL[/system/framework/org.apache.http.legacy.jar*1096660761]#PCL[/system/framework/com.android.media.remotedisplay.jar*3355806333]#PCL[/system/framework/com.android.location.provider.jar*2324294294]#PCL[/system_ext/framework/androidx.window.extensions.jar*1758491580]#PCL[/system_ext/framework/androidx.window.sidecar.jar*517665867]} | DLC[];PCL[/data/app/~~mhvLTvkWAyNfT0Rl9R1lvw==/com.zebra.soho_app-9QM4_kmKVPC_fj3mJrapUw==/base.apk*3707216409:/data/app/~~mhvLTvkWAyNfT0Rl9R1lvw==/com.zebra.soho_app-9QM4_kmKVPC_fj3mJrapUw==/base.apk!classes2.dex*1560619406]{PCL[/system_ext/framework/androidx.window.extensions.jar*1758491580]#PCL[/system_ext/framework/androidx.window.sidecar.jar*517665867]})
09-11 06:11:27.159 D/CompatibilityChangeReporter(21537): Compat change id reported: 160794467; UID 10315; state: ENABLED
09-11 06:11:27.162 I/ZPrint[ZPrintService](21537): onCreate() 
09-11 06:11:27.164 D/SessionLifecycleService(21537): Service bound to new client on process 21537
09-11 06:11:27.165 I/ZPrint[n](21537): on ZPrinterDiscoverySession()
09-11 06:11:27.165 D/SessionLifecycleService(21537): App has not yet foregrounded. Using previously stored session: null
09-11 06:11:27.165 D/SessionLifecycleService(21537): Client android.os.Messenger@58013be bound at 148757795. Clients: 1
09-11 06:11:27.166 E/ZPrint[n](21537): Unable to connect to network.
09-11 06:11:27.166 D/SessionLifecycleClient(21537): Connected to SessionLifecycleService. Queue size 0
09-11 06:11:27.169 W/TracingMuxer( 1386): type=1400 audit(0.0:6129): avc:  denied  { write } for  name="traced_producer" dev="tmpfs" ino=1616 scontext=u:r:gxp_logging:s0 tcontext=u:object_r:traced_producer_socket:s0 tclass=sock_file permissive=0
09-11 06:11:27.181 E/.zebra.soho_app(21537): No package ID 79 found for resource ID 0x790b000f.
09-11 06:11:27.182 E/.zebra.soho_app(21537): No package ID 79 found for resource ID 0x790b000f.
09-11 06:11:27.182 I/FA      (21537): App measurement initialized, version: 103006
09-11 06:11:27.182 I/FA      (21537): To enable debug logging run: adb shell setprop log.tag.FA VERBOSE
09-11 06:11:27.182 I/FA      (21537): To enable faster debug mode event logging run:
09-11 06:11:27.182 I/FA      (21537):   adb shell setprop debug.firebase.analytics.app com.zebra.soho_app
09-11 06:11:27.209 D/BoundBrokerSvc( 5161): onBind: Intent { act=com.google.android.gms.measurement.START pkg=com.google.android.gms }
09-11 06:11:27.209 D/BoundBrokerSvc( 5161): Loading bound service for intent: Intent { act=com.google.android.gms.measurement.START pkg=com.google.android.gms }
09-11 06:11:27.221 D/AdvertisingIdClient( 5161): AdvertisingIdClient already created.
09-11 06:11:27.226 I/AdvertisingIdClient( 5161): shouldSendLog 1042523290
09-11 06:11:27.226 I/AdvertisingIdClient( 5161): GetInfoInternal elapse 5ms
09-11 06:11:27.618 D/AndroidRuntime(21584): >>>>>> START com.android.internal.os.RuntimeInit uid 2000 <<<<<<
09-11 06:11:27.621 I/AndroidRuntime(21584): Using default boot image
09-11 06:11:27.621 I/AndroidRuntime(21584): Leaving lock profiling enabled
09-11 06:11:27.623 I/app_process(21584): Using CollectorTypeCMC GC.
09-11 06:11:27.653 D/TrafficStats(21361): tagSocket(5) with statsTag=0xffffffff, statsUid=-1
09-11 06:11:27.656 D/TrafficStats(21361): tagSocket(96) with statsTag=0xffffffff, statsUid=-1
09-11 06:11:27.677 D/nativeloader(21584): InitDefaultPublicLibraries for_preload=1: libandroid.so:libaaudio.so:libamidi.so:libbinder_ndk.so:libc.so:libcamera2ndk.so:libdl.so:libEGL.so:libGLESv1_CM.so:libGLESv2.so:libGLESv3.so:libicu.so:libicui18n.so:libicuuc.so:libjnigraphics.so:liblog.so:libmediandk.so:libm.so:libnativehelper.so:libnativewindow.so:libOpenMAXAL.so:libOpenSLES.so:libRS.so:libstdc++.so:libsync.so:libvulkan.so:libwebviewchromium_plat_support.so:libz.so
09-11 06:11:27.684 D/app_process(21584): Time zone APEX ICU file found: /apex/com.android.tzdata/etc/icu/icu_tzdata.dat
09-11 06:11:27.684 D/app_process(21584): I18n APEX ICU file found: /apex/com.android.i18n/etc/icu/icudt72l.dat
09-11 06:11:27.708 D/AndroidRuntime(21584): Calling main entry com.android.commands.monkey.Monkey
09-11 06:11:27.709 W/Monkey  (21584): args: [-p, com.zebra.soho_app, -c, android.intent.category.LAUNCHER, 1]
09-11 06:11:27.709 W/Monkey  (21584):  arg: "-p"
09-11 06:11:27.709 W/Monkey  (21584):  arg: "com.zebra.soho_app"
09-11 06:11:27.709 W/Monkey  (21584):  arg: "-c"
09-11 06:11:27.709 W/Monkey  (21584):  arg: "android.intent.category.LAUNCHER"
09-11 06:11:27.709 W/Monkey  (21584):  arg: "1"
09-11 06:11:27.709 W/Monkey  (21584): data="com.zebra.soho_app"
09-11 06:11:27.709 W/Monkey  (21584): data="android.intent.category.LAUNCHER"
09-11 06:11:27.725 W/ActivityManager( 1664): registerReceiverWithFeature: no app for null
09-11 06:11:27.731 W/ActivityTaskManager( 1664): callingPackage for (uid=2000, pid=21584) has no WPC
09-11 06:11:27.732 D/CompatibilityChangeReporter( 1664): Compat change id reported: 265464455; UID 10315; state: DISABLED
09-11 06:11:27.732 D/CompatibilityChangeReporter( 1664): Compat change id reported: 310816437; UID 10315; state: DISABLED
09-11 06:11:27.732 D/CompatibilityChangeReporter( 1664): Compat change id reported: 265452344; UID 10315; state: DISABLED
09-11 06:11:27.732 D/CompatibilityChangeReporter( 1664): Compat change id reported: 266124927; UID 10315; state: DISABLED
09-11 06:11:27.733 D/CompatibilityChangeReporter( 1664): Compat change id reported: 265451093; UID 10315; state: DISABLED
09-11 06:11:27.733 D/CompatibilityChangeReporter( 1664): Compat change id reported: 265456536; UID 10315; state: DISABLED
09-11 06:11:27.733 D/CompatibilityChangeReporter( 1664): Compat change id reported: 255940284; UID 10315; state: DISABLED
09-11 06:11:27.733 D/CompatibilityChangeReporter( 1664): Compat change id reported: 236283604; UID 10315; state: DISABLED
09-11 06:11:27.733 D/CompatibilityChangeReporter( 1664): Compat change id reported: 263959004; UID 10315; state: DISABLED
09-11 06:11:27.733 D/CompatibilityChangeReporter( 1664): Compat change id reported: 264304459; UID 10315; state: DISABLED
09-11 06:11:27.733 D/CompatibilityChangeReporter( 1664): Compat change id reported: 264301586; UID 10315; state: DISABLED
09-11 06:11:27.734 D/CompatibilityChangeReporter( 1664): Compat change id reported: 254631730; UID 10315; state: DISABLED
09-11 06:11:27.734 D/CompatibilityChangeReporter( 1664): Compat change id reported: 273509367; UID 10315; state: DISABLED
09-11 06:11:27.734 D/CompatibilityChangeReporter( 1664): Compat change id reported: 263259275; UID 10315; state: DISABLED
09-11 06:11:27.734 D/CompatibilityChangeReporter( 1664): Compat change id reported: 174042980; UID 10315; state: DISABLED
09-11 06:11:27.734 D/CompatibilityChangeReporter( 1664): Compat change id reported: 174042936; UID 10315; state: DISABLED
09-11 06:11:27.734 D/CompatibilityChangeReporter( 1664): Compat change id reported: 181136395; UID 10315; state: DISABLED
09-11 06:11:27.735 D/CompatibilityChangeReporter( 1664): Compat change id reported: 194480991; UID 10315; state: ENABLED
09-11 06:11:27.737 D/CompatibilityChangeReporter( 1664): Compat change id reported: 184838306; UID 10315; state: DISABLED
09-11 06:11:27.738 D/CompatibilityChangeReporter( 1664): Compat change id reported: 185004937; UID 10315; state: DISABLED
