09-11 06:12:17.574 D/TrafficStats(21361): tagSocket(5) with statsTag=0xffffffff, statsUid=-1
09-11 06:12:17.583 D/TrafficStats(21361): tagSocket(96) with statsTag=0xffffffff, statsUid=-1
09-11 06:12:17.590 D/TrafficStats(21361): tagSocket(97) with statsTag=0xffffffff, statsUid=-1
09-11 06:12:17.595 D/TrafficStats(21361): tagSocket(98) with statsTag=0xffffffff, statsUid=-1
09-11 06:12:17.602 D/TrafficStats(21361): tagSocket(99) with statsTag=0xffffffff, statsUid=-1
09-11 06:12:18.699 D/TrafficStats(21361): tagSocket(5) with statsTag=0xffffffff, statsUid=-1
09-11 06:12:18.707 D/TrafficStats(21361): tagSocket(96) with statsTag=0xffffffff, statsUid=-1
09-11 06:12:18.711 D/TrafficStats(21361): tagSocket(97) with statsTag=0xffffffff, statsUid=-1
09-11 06:12:18.715 I/WifiHAL ( 1213): Creating message to get link statistics; iface = 47
09-11 06:12:18.718 D/TrafficStats(21361): tagSocket(98) with statsTag=0xffffffff, statsUid=-1
09-11 06:12:18.727 D/TrafficStats(21361): tagSocket(99) with statsTag=0xffffffff, statsUid=-1
09-11 06:12:18.755 I/WifiHAL ( 1213): In GetLinkStatsCommand::handleResponse
09-11 06:12:18.790 D/ConnectivityService( 1664): NetReassign [no changes] [c 1] [a 0] [i 11]
09-11 06:12:19.425 I/flutter (21758): [2024-09-11 06:12:19.425440] Active subscriptions (0)
09-11 06:12:19.819 D/TrafficStats(21361): tagSocket(5) with statsTag=0xffffffff, statsUid=-1
09-11 06:12:19.826 D/TrafficStats(21361): tagSocket(96) with statsTag=0xffffffff, statsUid=-1
09-11 06:12:19.831 D/TrafficStats(21361): tagSocket(97) with statsTag=0xffffffff, statsUid=-1
09-11 06:12:19.838 D/TrafficStats(21361): tagSocket(98) with statsTag=0xffffffff, statsUid=-1
09-11 06:12:19.842 D/TrafficStats(21361): tagSocket(99) with statsTag=0xffffffff, statsUid=-1
09-11 06:12:19.996 W/System  (21361): A resource failed to call end. 
09-11 06:12:19.997 W/System  (21361): A resource failed to call end. 
09-11 06:12:19.997 W/System  (21361): A resource failed to call end. 
09-11 06:12:20.026 W/System  (21361): A resource failed to call end. 
09-11 06:12:20.026 W/System  (21361): A resource failed to call end. 
09-11 06:12:20.026 W/System  (21361): A resource failed to call end. 
09-11 06:12:20.026 W/System  (21361): A resource failed to call end. 
09-11 06:12:20.027 W/System  (21361): A resource failed to call end. 
09-11 06:12:20.054 W/System  (21361): A resource failed to call end. 
09-11 06:12:20.055 W/System  (21361): A resource failed to call end. 
09-11 06:12:20.055 W/System  (21361): A resource failed to call end. 
09-11 06:12:20.056 W/System  (21361): A resource failed to call end. 
09-11 06:12:20.056 W/System  (21361): A resource failed to call end. 
09-11 06:12:20.075 W/System  (21361): A resource failed to call end. 
09-11 06:12:20.076 W/System  (21361): A resource failed to call end. 
09-11 06:12:20.076 W/System  (21361): A resource failed to call end. 
09-11 06:12:20.076 W/System  (21361): A resource failed to call end. 
09-11 06:12:20.968 D/TrafficStats(21361): tagSocket(5) with statsTag=0xffffffff, statsUid=-1
09-11 06:12:20.974 D/TrafficStats(21361): tagSocket(96) with statsTag=0xffffffff, statsUid=-1
09-11 06:12:20.980 D/TrafficStats(21361): tagSocket(97) with statsTag=0xffffffff, statsUid=-1
09-11 06:12:20.987 D/TrafficStats(21361): tagSocket(98) with statsTag=0xffffffff, statsUid=-1
09-11 06:12:20.992 D/TrafficStats(21361): tagSocket(99) with statsTag=0xffffffff, statsUid=-1
09-11 06:12:21.595 I/pixel-thermal( 2063): VIRTUAL-SKIN:29.5448 raw data: VIRTUAL-SKIN:29544.8 VIRTUAL-SKIN-SUB-0:28400.3 VIRTUAL-SKIN-SUB-1:28730.2 VIRTUAL-SKIN-SUB-2:28817.8 VIRTUAL-SKIN-SUB-3:29348.2 VIRTUAL-SKIN-SUB-4:28581.5 VIRTUAL-SKIN-SUB-5:28766.4 VIRTUAL-SKIN-SUB-6:29058.4 VIRTUAL-SKIN-SUB-7:28967.5 VIRTUAL-SKIN-SUB-8:29544.8 battery:28400 cam_therm:29168 charge_therm:32373 disp_therm:29702 neutral_therm:30548 north_therm:29101 quiet_therm:29101 soc_therm:31305 usb_pwr_therm:29546 
09-11 06:12:21.596 D/TemperatureStateSource( 2548): getDeviceTemperatures: deviceTemperatureType=3 temperatureSource=0 temperatures=[29.54482]
09-11 06:12:21.598 D/BusinessScope( 2548): Start running the #29892 block
09-11 06:12:21.599 D/BusinessScope( 2548): Finish running the #29892 block
09-11 06:12:21.600 D/BusinessScope( 2548): Start running the #29893 block
09-11 06:12:21.601 D/BusinessScope( 2548): Finish running the #29893 block
09-11 06:12:21.779 I/WifiHAL ( 1213): Creating message to get link statistics; iface = 47
09-11 06:12:21.863 I/WifiHAL ( 1213): In GetLinkStatsCommand::handleResponse
09-11 06:12:21.941 D/ConnectivityService( 1664): NetReassign [no changes] [c 1] [a 1] [i 19]
09-11 06:12:22.091 D/TrafficStats(21361): tagSocket(5) with statsTag=0xffffffff, statsUid=-1
09-11 06:12:22.098 D/TrafficStats(21361): tagSocket(96) with statsTag=0xffffffff, statsUid=-1
09-11 06:12:22.103 D/TrafficStats(21361): tagSocket(97) with statsTag=0xffffffff, statsUid=-1
09-11 06:12:22.108 D/TrafficStats(21361): tagSocket(98) with statsTag=0xffffffff, statsUid=-1
09-11 06:12:22.112 D/TrafficStats(21361): tagSocket(99) with statsTag=0xffffffff, statsUid=-1
09-11 06:12:22.593 D/TrafficStats(21361): tagSocket(5) with statsTag=0xffffffff, statsUid=-1
09-11 06:12:22.599 I/System.out(21361): {"id":"f5dedeaf-f826-43ab-9118-7b92f1c1864e","uri":"poco-uiautomation-framework","method":[["getattr","selector"],["getattr","select"],["call",[["",["and",[["attr=",["text","Continue with Google"]]]]],["",false]]]],"session_id":"6a430f6c-7581-4822-b9f0-216147f0b488"}
09-11 06:12:22.654 D/TrafficStats(21361): tagSocket(5) with statsTag=0xffffffff, statsUid=-1
09-11 06:12:22.662 I/System.out(21361): {"id":"b87eebdc-0d35-468a-b8c1-5b63c13f2850","uri":"[Lcom.netease.open.libpoco.sdk.AbstractNode;@3af3d0d(a94accf6-2fd8-49f4-8756-ae2728bb8399)","method":[["len",[]]],"session_id":"6a430f6c-7581-4822-b9f0-216147f0b488"}
09-11 06:12:22.682 D/TrafficStats(21361): tagSocket(5) with statsTag=0xffffffff, statsUid=-1
09-11 06:12:22.689 I/System.out(21361): {"id":"752cd5cb-592b-4381-a5c7-4e703ae3bf41","uri":"[Lcom.netease.open.libpoco.sdk.AbstractNode;@3af3d0d(a94accf6-2fd8-49f4-8756-ae2728bb8399)","method":[["len",[]]],"session_id":"6a430f6c-7581-4822-b9f0-216147f0b488"}
09-11 06:12:22.708 D/TrafficStats(21361): tagSocket(5) with statsTag=0xffffffff, statsUid=-1
09-11 06:12:22.714 I/System.out(21361): {"id":"e4b31d79-ce63-4b8b-97c6-db7589e296d7","uri":"poco-uiautomation-framework","method":[["getattr","attributor"],["getattr","getAttr"],["call",[["uri","[Lcom.netease.open.libpoco.sdk.AbstractNode;@3af3d0d(a94accf6-2fd8-49f4-8756-ae2728bb8399)"],["","visible"]]]],"session_id":"6a430f6c-7581-4822-b9f0-216147f0b488"}
09-11 06:12:22.743 D/TrafficStats(21361): tagSocket(5) with statsTag=0xffffffff, statsUid=-1
09-11 06:12:22.747 I/System.out(21361): {"id":"","uri":"[Lcom.netease.open.libpoco.sdk.AbstractNode;@3af3d0d(a94accf6-2fd8-49f4-8756-ae2728bb8399)","method":[["del",[]]],"session_id":"6a430f6c-7581-4822-b9f0-216147f0b488"}
09-11 06:12:22.763 D/TrafficStats(21361): tagSocket(5) with statsTag=0xffffffff, statsUid=-1
09-11 06:12:22.769 I/System.out(21361): {"id":"f7d84457-e033-440f-bfb0-92d7373c9533","uri":"poco-uiautomation-framework","method":[["getattr","selector"],["getattr","select"],["call",[["",["and",[["attr=",["text","Continue with Google"]]]]],["",false]]]],"session_id":"6a430f6c-7581-4822-b9f0-216147f0b488"}
09-11 06:12:22.816 D/TrafficStats(21361): tagSocket(5) with statsTag=0xffffffff, statsUid=-1
09-11 06:12:22.824 I/System.out(21361): {"id":"975205fc-6748-41bd-9c4c-2ed277949332","uri":"[Lcom.netease.open.libpoco.sdk.AbstractNode;@37ce92f(f437edc6-368b-4143-acf9-43aaff9071d7)","method":[["len",[]]],"session_id":"6a430f6c-7581-4822-b9f0-216147f0b488"}
09-11 06:12:22.838 D/TrafficStats(21361): tagSocket(5) with statsTag=0xffffffff, statsUid=-1
09-11 06:12:22.843 I/System.out(21361): {"id":"9e8482c6-569a-40e8-a185-aac7beb29f47","uri":"[Lcom.netease.open.libpoco.sdk.AbstractNode;@37ce92f(f437edc6-368b-4143-acf9-43aaff9071d7)","method":[["len",[]]],"session_id":"6a430f6c-7581-4822-b9f0-216147f0b488"}
09-11 06:12:22.857 D/TrafficStats(21361): tagSocket(5) with statsTag=0xffffffff, statsUid=-1
09-11 06:12:22.862 I/System.out(21361): {"id":"a5d105da-9d41-416d-92d8-b5329e31c69d","uri":"poco-uiautomation-framework","method":[["getattr","attributor"],["getattr","getAttr"],["call",[["uri","[Lcom.netease.open.libpoco.sdk.AbstractNode;@37ce92f(f437edc6-368b-4143-acf9-43aaff9071d7)"],["","pos"]]]],"session_id":"6a430f6c-7581-4822-b9f0-216147f0b488"}
09-11 06:12:22.897 D/TrafficStats(21361): tagSocket(5) with statsTag=0xffffffff, statsUid=-1
09-11 06:12:22.901 W/ProcessStats( 1664): Tracking association SourceState{a981e0c com.google.android.gms/10155 BTop #318819} whose proc state 2 is better than process ProcessState{1980a61 com.google.android.adservices.api/10256 pkg=com.google.android.adservices.api} proc state 14 (113 skipped)
09-11 06:12:22.902 I/System.out(21361): {"id":"eaad4eca-5cb6-4643-b5b7-a6810ec2477f","uri":"poco-uiautomation-framework","method":[["getattr","attributor"],["getattr","getAttr"],["call",[["uri","[Lcom.netease.open.libpoco.sdk.AbstractNode;@37ce92f(f437edc6-368b-4143-acf9-43aaff9071d7)"],["","size"]]]],"session_id":"6a430f6c-7581-4822-b9f0-216147f0b488"}
09-11 06:12:22.917 D/TrafficStats(21361): tagSocket(5) with statsTag=0xffffffff, statsUid=-1
09-11 06:12:22.925 I/System.out(21361): {"id":"61e51925-2a90-4a7b-b09e-bd71b190328b","uri":"poco-uiautomation-framework","method":[["getattr","attributor"],["getattr","getAttr"],["call",[["uri","[Lcom.netease.open.libpoco.sdk.AbstractNode;@37ce92f(f437edc6-368b-4143-acf9-43aaff9071d7)"],["","anchorPoint"]]]],"session_id":"6a430f6c-7581-4822-b9f0-216147f0b488"}
09-11 06:12:22.984 D/CompatibilityChangeReporter( 1664): Compat change id reported: 197654537; UID 10184; state: ENABLED
09-11 06:12:23.241 D/TrafficStats(21361): tagSocket(5) with statsTag=0xffffffff, statsUid=-1
09-11 06:12:23.244 D/TrafficStats(21361): tagSocket(96) with statsTag=0xffffffff, statsUid=-1
09-11 06:12:23.246 D/TrafficStats(21361): tagSocket(97) with statsTag=0xffffffff, statsUid=-1
09-11 06:12:23.248 D/TrafficStats(21361): tagSocket(98) with statsTag=0xffffffff, statsUid=-1
09-11 06:12:23.265 D/TrafficStats(21361): tagSocket(99) with statsTag=0xffffffff, statsUid=-1
09-11 06:12:23.412 W/chromium( 4126): [WARNING:ev_root_ca_metadata.cc(119)] Not implemented
09-11 06:12:23.420 D/AOC     ( 1394): A3:MSG: usf_sensor.cc, 1685: USF: Received stop sampling request for ICM45631 Accelerometer (active:3).
09-11 06:12:23.422 D/AOC     ( 1394): A3:MSG: usf_sensor_client.cc, 430: USF: Stopping stale sample stream with sampling ID: 7636
09-11 06:12:23.423 D/AOC     ( 1394): A3:MSG: usf_sensor.cc, 1685: USF: Received stop sampling request for ICM45631 Accelerometer (active:2).
09-11 06:12:23.423 D/AOC     ( 1394): A3:MSG: usf_sensor.cc, 2141: USF: Sampling configuration 7636 not found.
09-11 06:12:23.423 D/AOC     ( 1394): A3:MSG: usf_sensor_client.cc, 430: USF: Stopping stale sample stream with sampling ID: 7636
09-11 06:12:23.423 D/AOC     ( 1394): A3:MSG: usf_sensor.cc, 1685: USF: Received stop sampling request for ICM45631 Accelerometer (active:2).
09-11 06:12:23.424 D/AOC     ( 1394): A3:MSG: usf_sensor.cc, 2141: USF: Sampling configuration 7636 not found.
09-11 06:12:23.466 I/vendor.google.wifi_ext-service-vendor( 1213): Wifi: Resetting SAR Scenario to default
09-11 06:12:23.466 E/WifiHAL ( 1213): wifi_reset_tx_power_scenario
09-11 06:12:23.480 D/GRIL-S  ( 2578): [1978]> UPDATE_DEVICE_STATE DeviceState: Usb:1, Wifi: 1, Wifi AP: 0, Earpiece: 0, Bluetooth: 1, Wireless charging: 0, Screen: 1, Camera: 0, 0, -, -, Motion: 0, Bluetooth tethering: 0, Voice: 0, Wifi 2.4G: 0, Radio: 1, Bluetooth connected: 0, Bluetooth media: 0, Wifi Band: 2, Wifi AP Band: 0, Wifi call: 0, mmWave: 0, mCellBackhaul: 0, mHallSensor: 0, mDozeStatus: 1, mAppClassInfo: 0, mWifiCapSensorStatus: 0, mCellCapSensorStatus: 0, mBesideHeadHandStatus: 0, mSpeakerStatus: 0
09-11 06:12:23.546 D/GRIL-S  ( 2578): [1978]< UPDATE_DEVICE_STATE 
09-11 06:12:23.552 D/GRIL-BluetoothSar( 2578): setBluetoothModeBasedTxPowerCap invoked with parameters: chain0Cap:[68, 68, 40, 68] chain1Cap:[68, 68, 38, 66] beamformingCap:[58, 56, 26, 56, 58, 56, 26, 56]
09-11 06:12:23.553 I/bthal.aidl.sar( 1166): setBluetoothModeBasedTxPowerCapPlusHR: 0 Chain 0 Power Cap:<br=68, edr=68, ble=40, hr=68>, Chain 1 Power Cap:<br=68, edr=68, ble=38, hr=66>, Beamforming Power Cap Chain 0: <br=58, edr=56, ble=26, hr=56>, Chain 1:<br=58, edr=56, ble=26, hr=56>
09-11 06:12:23.569 I/bthal.aidl.sar( 1166): OnEventReceive: (1) Recv Success VSE <[8]{14, 6, 1, 105, 254, 0, 8, 1}>
09-11 06:12:23.570 I/bthal.flowcontrol( 1166): HciEventPreProcess: HCI Event 0xe Opcode 0xfe69 Length 8 handled by bthal.aidl.sar
09-11 06:12:23.892 W/System  (21361): A resource failed to call end. 
09-11 06:12:23.902 W/System  (21361): A resource failed to call end. 
09-11 06:12:23.902 W/System  (21361): A resource failed to call end. 
09-11 06:12:23.902 W/System  (21361): A resource failed to call end. 
09-11 06:12:23.902 W/System  (21361): A resource failed to call end. 
09-11 06:12:23.903 W/System  (21361): A resource failed to call end. 
09-11 06:12:23.912 W/System  (21361): A resource failed to call end. 
09-11 06:12:23.912 W/System  (21361): A resource failed to call end. 
09-11 06:12:23.912 W/System  (21361): A resource failed to call end. 
09-11 06:12:23.912 W/System  (21361): A resource failed to call end. 
09-11 06:12:23.912 W/System  (21361): A resource failed to call end. 
09-11 06:12:23.913 W/System  (21361): A resource failed to call end. 
09-11 06:12:23.914 W/System  (21361): A resource failed to call end. 
09-11 06:12:23.914 W/System  (21361): A resource failed to call end. 
09-11 06:12:23.914 W/System  (21361): A resource failed to call end. 
09-11 06:12:23.914 W/System  (21361): A resource failed to call end. 
09-11 06:12:23.915 W/System  (21361): A resource failed to call end. 
09-11 06:12:23.916 W/System  (21361): A resource failed to call end. 
09-11 06:12:23.919 W/System  (21361): A resource failed to call end. 
09-11 06:12:23.919 W/System  (21361): A resource failed to call end. 
09-11 06:12:23.920 W/System  (21361): A resource failed to call end. 
09-11 06:12:23.920 W/System  (21361): A resource failed to call end. 
09-11 06:12:24.502 W/chromium( 4126): [WARNING:ev_root_ca_metadata.cc(119)] Not implemented
09-11 06:12:24.738 D/TrafficStats(21361): tagSocket(5) with statsTag=0xffffffff, statsUid=-1
09-11 06:12:24.744 I/System.out(21361): {"id":"","uri":"[Lcom.netease.open.libpoco.sdk.AbstractNode;@37ce92f(f437edc6-368b-4143-acf9-43aaff9071d7)","method":[["del",[]]],"session_id":"6a430f6c-7581-4822-b9f0-216147f0b488"}
09-11 06:12:24.921 I/WifiHAL ( 1213): Creating message to get link statistics; iface = 47
09-11 06:12:24.965 D/TrafficStats(21361): tagSocket(5) with statsTag=0xffffffff, statsUid=-1
09-11 06:12:24.970 D/TrafficStats(21361): tagSocket(96) with statsTag=0xffffffff, statsUid=-1
09-11 06:12:24.975 D/TrafficStats(21361): tagSocket(97) with statsTag=0xffffffff, statsUid=-1
09-11 06:12:24.976 I/WifiHAL ( 1213): In GetLinkStatsCommand::handleResponse
09-11 06:12:24.985 D/TrafficStats(21361): tagSocket(98) with statsTag=0xffffffff, statsUid=-1
09-11 06:12:24.988 D/TrafficStats(21361): tagSocket(99) with statsTag=0xffffffff, statsUid=-1
09-11 06:12:25.026 D/IwlanDataService( 2961): onCapabilitiesChanged: 154 [ Transports: WIFI Capabilities: NOT_METERED&INTERNET&NOT_RESTRICTED&TRUSTED&NOT_VPN&VALIDATED&NOT_ROAMING&FOREGROUND&NOT_CONGESTED&NOT_SUSPENDED&NOT_VCN_MANAGED LinkUpBandwidth>=1460Kbps LinkDnBandwidth>=13321Kbps TransportInfo: <SSID: <unknown ssid>, BSSID: 02:00:00:00:00:00, MAC: 02:00:00:00:00:00, IP: /10.117.201.250, Security type: 0, Supplicant state: COMPLETED, Wi-Fi standard: 6, RSSI: -56, Link speed: 286Mbps, Tx Link speed: 286Mbps, Max Supported Tx Link speed: 286Mbps, Rx Link speed: 258Mbps, Max Supported Rx Link speed: 286Mbps, Frequency: 5240MHz, Net ID: -1, Metered hint: false, score: 60, isUsable: true, CarrierMerged: false, SubscriptionId: -1, IsPrimary: 1, Trusted: true, Restricted: false, Ephemeral: false, OEM paid: false, OEM private: false, OSU AP: false, FQDN: <none>, Provider friendly name: <none>, Requesting package name: <none><none>MLO Information: , Is TID-To-Link negotiation supported by the AP: false, AP MLD Address: <none>, AP MLO Link Id: <none>, AP MLO Affiliated links: <none>> SignalStrength: -56 AdminUids: [1000] SSID: "ZGuest" UnderlyingNetworks: Null]
09-11 06:12:25.026 D/IwlanDataService( 2961): Network 154 connected using transport WIFI
09-11 06:12:25.032 D/IwlanNetworkService( 2961): onCapabilitiesChanged: 154
09-11 06:12:25.034 D/IwlanNetworkStatusTracker( 3040): onCapabilitiesChanged: 154
09-11 06:12:25.034 D/IwlanNetworkStatusTracker( 3040): OnCapability : Wifi Available already true
09-11 06:12:25.035 W/IPCThreadState( 1664): Sending oneway calls to frozen process.
09-11 06:12:25.035 I/ChimeraSrvcProxy( 5144): NullBinder for android.net.action.RECOMMEND_NETWORKS triggering remote TransactionTooLargeException due to Service without Chimera impl
09-11 06:12:25.035 W/.gms.persistent( 5144): Large reply transaction of 1056768 bytes, interface descriptor , code 1
09-11 06:12:25.037 W/IPCThreadState( 1664): Sending oneway calls to frozen process.
09-11 06:12:25.038 W/IPCThreadState( 1664): Sending oneway calls to frozen process.
09-11 06:12:25.038 W/IPCThreadState( 1664): Sending oneway calls to frozen process.
09-11 06:12:25.038 W/IPCThreadState( 1664): Sending oneway calls to frozen process.
09-11 06:12:25.039 W/IPCThreadState( 1664): Sending oneway calls to frozen process.
09-11 06:12:25.040 D/ActivityManager( 1664): sync unfroze 29795 com.google.android.apps.privacy.wildlife for 3
09-11 06:12:25.041 W/IPCThreadState( 1664): Sending oneway calls to frozen process.
09-11 06:12:25.041 W/IPCThreadState( 1664): Sending oneway calls to frozen process.
09-11 06:12:25.041 W/IPCThreadState( 1664): Sending oneway calls to frozen process.
09-11 06:12:25.042 W/IPCThreadState( 1664): Sending oneway calls to frozen process.
09-11 06:12:25.043 D/DeviceStateHelper( 4576): Wifi freq: 5240
09-11 06:12:25.045 W/IPCThreadState( 1664): Sending oneway calls to frozen process.
09-11 06:12:25.045 W/IPCThreadState( 1664): Sending oneway calls to frozen process.
09-11 06:12:25.046 W/IPCThreadState( 1664): Sending oneway calls to frozen process.
09-11 06:12:25.046 W/IPCThreadState( 1664): Sending oneway calls to frozen process.
09-11 06:12:25.047 I/Wildlife_WildlifeVpnReceiver(29795): ACTION_WIFI_STATE_CHANGED
09-11 06:12:25.047 W/IPCThreadState( 1664): Sending oneway calls to frozen process.
09-11 06:12:25.051 W/IPCThreadState( 1664): Sending oneway calls to frozen process.
09-11 06:12:25.051 W/IPCThreadState( 1664): Sending oneway calls to frozen process.
09-11 06:12:25.052 W/IPCThreadState( 1664): Sending oneway calls to frozen process.
09-11 06:12:25.052 W/IPCThreadState( 1664): Sending oneway calls to frozen process.
09-11 06:12:25.052 W/IPCThreadState( 1664): Sending oneway calls to frozen process.
09-11 06:12:25.053 W/IPCThreadState( 1664): Sending oneway calls to frozen process.
09-11 06:12:25.053 W/IPCThreadState( 1664): Sending oneway calls to frozen process.
09-11 06:12:25.054 W/IPCThreadState( 1664): Sending oneway calls to frozen process.
09-11 06:12:25.054 W/IPCThreadState( 1664): Sending oneway calls to frozen process.
09-11 06:12:25.054 W/IPCThreadState( 1664): Sending oneway calls to frozen process.
09-11 06:12:25.055 W/IPCThreadState( 1664): Sending oneway calls to frozen process.
09-11 06:12:25.055 W/IPCThreadState( 1664): Sending oneway calls to frozen process.
09-11 06:12:25.057 W/IPCThreadState( 1664): Sending oneway calls to frozen process.
09-11 06:12:25.057 I/BugleRcsEngine( 9127): handleMessage processing message:[NOTIFY_UPTIME_IGNORE_STATE_CHANGED] with [non-null]:RcsEngineImpl reference [CONTEXT log_prefix="RcsEngineImpl[DUAL_REG]:[6de84f73-7b6a]>Handler" thread_id=810 ]
09-11 06:12:25.057 W/IPCThreadState( 1664): Sending oneway calls to frozen process.
09-11 06:12:25.057 W/IPCThreadState( 1664): Sending oneway calls to frozen process.
09-11 06:12:25.057 W/IPCThreadState( 1664): Sending oneway calls to frozen process.
09-11 06:12:25.058 I/BugleRcsEngine( 9127): Connected state: [1], networkType: [WIFI] [CONTEXT thread_id=803 ]
09-11 06:12:25.058 W/IPCThreadState( 1664): Sending oneway calls to frozen process.
09-11 06:12:25.058 W/IPCThreadState( 1664): Sending oneway calls to frozen process.
09-11 06:12:25.058 W/IPCThreadState( 1664): Sending oneway calls to frozen process.
09-11 06:12:25.059 E/PhoneInterfaceManager( 2714): getCarrierPrivilegeStatusForUid: Invalid subId
09-11 06:12:25.059 W/IPCThreadState( 1664): Sending oneway calls to frozen process.
09-11 06:12:25.059 W/IPCThreadState( 1664): Sending oneway calls to frozen process.
09-11 06:12:25.059 I/BugleRcsEngine( 9127): RCS Configuration storage in Bugle is disabled by p/h flag, using ProvisioningEngineStateCacheUtil.getProvisioningConfigurationForGivenSimIfExist() [CONTEXT log_prefix="ProvisioningEngineDataRetriever" thread_id=810 ]
09-11 06:12:25.059 W/IPCThreadState( 1664): Sending oneway calls to frozen process.
09-11 06:12:25.060 W/IPCThreadState( 1664): Sending oneway calls to frozen process.
09-11 06:12:25.060 W/IPCThreadState( 1664): Sending oneway calls to frozen process.
09-11 06:12:25.060 I/Wildlife_WildlifeVpnManagerImpl(29795): toggleVpnByFeaturePreferences, 4, 1, 4, 1
09-11 06:12:25.060 I/Wildlife_WildlifeVpnManagerImpl(29795): handleFirstTimePromptNotification() Same network. Ignored.
09-11 06:12:25.060 I/Wildlife_WildlifeVpnManagerImpl(29795): restoreSettingsFromBackupIfNecessary() false, false, false
09-11 06:12:25.060 W/IPCThreadState( 1664): Sending oneway calls to frozen process.
09-11 06:12:25.060 W/IPCThreadState( 1664): Sending oneway calls to frozen process.
09-11 06:12:25.061 W/IPCThreadState( 1664): Sending oneway calls to frozen process.
09-11 06:12:25.061 W/IPCThreadState( 1664): Sending oneway calls to frozen process.
09-11 06:12:25.061 W/IPCThreadState( 1664): Sending oneway calls to frozen process.
09-11 06:12:25.062 W/IPCThreadState( 1664): Sending oneway calls to frozen process.
09-11 06:12:25.062 W/IPCThreadState( 1664): Sending oneway calls to frozen process.
09-11 06:12:25.063 W/IPCThreadState( 1664): Sending oneway calls to frozen process.
09-11 06:12:25.063 W/IPCThreadState( 1664): Sending oneway calls to frozen process.
09-11 06:12:25.063 W/IPCThreadState( 1664): Sending oneway calls to frozen process.
09-11 06:12:25.063 W/IPCThreadState( 1664): Sending oneway calls to frozen process.
09-11 06:12:25.064 W/IPCThreadState( 1664): Sending oneway calls to frozen process.
09-11 06:12:25.069 D/ConnectivityService( 1664): NetReassign [no changes] [c 0] [a 0] [i 4]
09-11 06:12:26.058 W/chromium( 4126): [WARNING:ev_root_ca_metadata.cc(119)] Not implemented
09-11 06:12:26.063 D/TrafficStats(21361): tagSocket(5) with statsTag=0xffffffff, statsUid=-1
09-11 06:12:26.076 D/TrafficStats(21361): tagSocket(96) with statsTag=0xffffffff, statsUid=-1
09-11 06:12:26.082 D/TrafficStats(21361): tagSocket(97) with statsTag=0xffffffff, statsUid=-1
09-11 06:12:26.087 D/TrafficStats(21361): tagSocket(98) with statsTag=0xffffffff, statsUid=-1
09-11 06:12:26.092 D/TrafficStats(21361): tagSocket(99) with statsTag=0xffffffff, statsUid=-1
09-11 06:12:26.179 W/chromium( 4126): [WARNING:ev_root_ca_metadata.cc(119)] Not implemented
09-11 06:12:26.289 D/GrammaticalInflection( 1664): The flag must be enabled to allow calling the API.
09-11 06:12:26.291 D/CompatibilityChangeReporter( 1664): Compat change id reported: 143937733; UID 10184; state: ENABLED
09-11 06:12:26.318 D/Zygote  (22228): Forked child process 22463
09-11 06:12:26.320 I/ActivityManager( 1664): Start proc 22463:com.android.chrome:sandboxed_process0:org.chromium.content.app.SandboxedProcessService0:8/u0ai1 for  {com.android.chrome/org.chromium.content.app.SandboxedProcessService0:8}
09-11 06:12:26.321 E/libc    (22463): SetHeapTaggingLevel: re-enabling tagging after it was disabled is not supported
09-11 06:12:26.326 I/ocessService0:8(22463): Using CollectorTypeCMC GC.
09-11 06:12:26.331 E/ocessService0:8(22463): Not starting debugger since process cannot load the jdwp agent.
09-11 06:12:26.342 D/CompatibilityChangeReporter( 1664): Compat change id reported: 168419799; UID 10184; state: DISABLED
09-11 06:12:26.342 D/CompatibilityChangeReporter( 1664): Compat change id reported: 273564678; UID 10184; state: DISABLED
09-11 06:12:26.346 D/CompatibilityChangeReporter(22463): Compat change id reported: 171979766; UID 90001; state: ENABLED
09-11 06:12:26.346 D/CompatibilityChangeReporter(22463): Compat change id reported: 242716250; UID 90001; state: ENABLED
09-11 06:12:26.350 D/ApplicationLoaders(22463): Returning zygote-cached class loader: /system_ext/framework/androidx.window.extensions.jar
09-11 06:12:26.353 I/LoadedApk(22463): No resource references to update in package com.google.android.trichromelibrary
09-11 06:12:26.355 I/cr_SplitCompatApp(22463): version=128.0.6613.127 (661312733) minSdkVersion=29 isBundle=true processName=com.android.chrome:sandboxed_process0:org.chromium.content.app.SandboxedProcessService0:8 isIsolatedProcess=true
09-11 06:12:26.359 W/SystemServiceRegistry(22463): No service published for: uimode
09-11 06:12:26.363 I/cr_ChildProcessService(22463): Creating new ChildProcessService pid=22463
09-11 06:12:26.373 I/cr_LibraryLoader(22463): Successfully loaded native library
09-11 06:12:26.375 I/cr_CachingUmaRecorder(22463): Flushed 3 samples from 3 histograms, 0 samples were dropped.
09-11 06:12:26.473 W/libc    (22463): Access denied finding property "ro.mediatek.platform"
09-11 06:12:26.473 W/libc    (22463): Access denied finding property "ro.chipname"
09-11 06:12:26.473 W/libc    (22463): Access denied finding property "ro.hardware.chipname"
09-11 06:12:26.709 D/EuiccConnector( 2714): handleMessage: E msg.what=3
09-11 06:12:26.709 D/EuiccConnector( 2714): processMsg: ConnectedState
09-11 06:12:26.712 D/EuiccConnector( 2714): transitionTo: destState=AvailableState
09-11 06:12:26.712 D/EuiccConnector( 2714): handleMessage: new destination call exit/enter
09-11 06:12:26.712 D/EuiccConnector( 2714): setupTempStateStackWithStatesToEnter: X mTempStateStackCount=2,curStateInfo: null
09-11 06:12:26.712 D/EuiccConnector( 2714): invokeExitMethods: ConnectedState
09-11 06:12:26.712 D/EuiccConnector( 2714): invokeExitMethods: DisconnectedState
09-11 06:12:26.712 D/EuiccConnector( 2714): moveTempStackToStateStack: i=1,j=0
09-11 06:12:26.712 D/EuiccConnector( 2714): moveTempStackToStateStack: i=0,j=1
09-11 06:12:26.712 D/EuiccConnector( 2714): moveTempStackToStateStack: X mStateStackTop=1,startingIndex=0,Top=AvailableState
09-11 06:12:26.712 D/EuiccConnector( 2714): invokeEnterMethods: UnavailableState
09-11 06:12:26.712 D/EuiccConnector( 2714): invokeEnterMethods: AvailableState
09-11 06:12:26.712 D/EuiccConnector( 2714): handleMessage: X
09-11 06:12:26.712 I/EuiccGoogle( 3189): [2] EuiccServiceImpl.onDestroy: onDestroy: EuiccService on destroy.
09-11 06:12:26.748 D/GrammaticalInflection( 1664): The flag must be enabled to allow calling the API.
09-11 06:12:26.750 D/CompatibilityChangeReporter( 1664): Compat change id reported: 143937733; UID 10184; state: ENABLED
09-11 06:12:26.764 D/Zygote  (22228): Forked child process 22488
09-11 06:12:26.766 I/ActivityManager( 1664): Start proc 22488:com.android.chrome:sandboxed_process0:org.chromium.content.app.SandboxedProcessService0:9/u0ai2 for  {com.android.chrome/org.chromium.content.app.SandboxedProcessService0:9}
09-11 06:12:26.766 E/libc    (22488): SetHeapTaggingLevel: re-enabling tagging after it was disabled is not supported
09-11 06:12:26.769 I/ocessService0:9(22488): Using CollectorTypeCMC GC.
09-11 06:12:26.772 E/ocessService0:9(22488): Not starting debugger since process cannot load the jdwp agent.
09-11 06:12:26.783 D/CompatibilityChangeReporter( 1664): Compat change id reported: 161145287; UID 10184; state: ENABLED
09-11 06:12:26.785 I/cr_Bluetooth( 4126): ChromeBluetoothAdapter created with provided adapterWrapper.
09-11 06:12:26.788 D/CompatibilityChangeReporter(22488): Compat change id reported: 171979766; UID 90002; state: ENABLED
09-11 06:12:26.788 D/CompatibilityChangeReporter(22488): Compat change id reported: 242716250; UID 90002; state: ENABLED
09-11 06:12:26.791 D/ApplicationLoaders(22488): Returning zygote-cached class loader: /system_ext/framework/androidx.window.extensions.jar
09-11 06:12:26.795 I/LoadedApk(22488): No resource references to update in package com.google.android.trichromelibrary
09-11 06:12:26.796 I/cr_SplitCompatApp(22488): version=128.0.6613.127 (661312733) minSdkVersion=29 isBundle=true processName=com.android.chrome:sandboxed_process0:org.chromium.content.app.SandboxedProcessService0:9 isIsolatedProcess=true
09-11 06:12:26.799 W/SystemServiceRegistry(22488): No service published for: uimode
09-11 06:12:26.802 I/cr_ChildProcessService(22488): Creating new ChildProcessService pid=22488
09-11 06:12:26.803 W/ContentCaptureEvent( 4351): Text is not a SpannableString.
09-11 06:12:26.803 W/ContentCaptureEvent( 4351): Text is not a SpannableString.
09-11 06:12:26.803 W/ContentCaptureEvent( 4351): Text is not a SpannableString.
09-11 06:12:26.808 I/cr_LibraryLoader(22488): Successfully loaded native library
09-11 06:12:26.809 I/cr_CachingUmaRecorder(22488): Flushed 3 samples from 3 histograms, 0 samples were dropped.
09-11 06:12:26.919 D/ActivityManager( 1664): sync unfroze 9074 com.google.android.apps.messaging for 6
09-11 06:12:26.923 D/WM-DelayedWorkTracker( 9074): Scheduling work d93a328c-7cfe-4f24-9994-2982a6a33f42
09-11 06:12:26.923 D/WM-GreedyScheduler( 9074): Starting work for d93a328c-7cfe-4f24-9994-2982a6a33f42
09-11 06:12:26.933 W/TimedProcessReaper( 9074): Memory state is: 230
09-11 06:12:26.933 D/TimedProcessReaper( 9074): Attempted to reap process, but schedule tolerance was exceeded
09-11 06:12:26.933 D/TimedProcessReaper( 9074): Rescheduling process reaping after pollDuration
09-11 06:12:26.937 D/WM-Processor( 9074): maz: processing WorkGenerationalId(workSpecId=d93a328c-7cfe-4f24-9994-2982a6a33f42, generation=0)
09-11 06:12:26.943 D/WM-SystemJobService( 9074): onStartJob for WorkGenerationalId(workSpecId=d93a328c-7cfe-4f24-9994-2982a6a33f42, generation=0)
09-11 06:12:26.944 D/MddListenableWorkerFactory( 9074): createWorker for class: com.google.apps.tiktok.contrib.work.TikTokListenableWorker
09-11 06:12:26.950 D/WM-WorkerWrapper( 9074): Starting work for com.google.apps.tiktok.contrib.work.TikTokListenableWorker
09-11 06:12:26.953 I/SyncManagerImpl( 9074): #sync(). Running Synclets and scheduling next sync.
09-11 06:12:26.954 D/WM-Processor( 9074): Work WorkGenerationalId(workSpecId=d93a328c-7cfe-4f24-9994-2982a6a33f42, generation=0) is already enqueued for processing
09-11 06:12:26.956 I/TRuntime.CctTransportBackend(21758): Making request to: https://firebaselogging-pa.googleapis.com/v1/firelog/legacy/batchlog
09-11 06:12:26.964 I/SyncManagerImpl( 9074): Starting synclet: MobaltLogUploader
09-11 06:12:26.971 I/LogUploader( 9074): Mobalt: enqueue sending logs to the Cobalt Server
09-11 06:12:26.971 I/MobaltPeriodicJobImpl( 9074): Mobalt: start sending logs to the Cobalt Server
09-11 06:12:26.976 I/SyncManagerImpl( 9074): Completed sync. Scheduling next wakeup
09-11 06:12:26.976 I/SyncManagerImpl( 9074): #sync() complete
09-11 06:12:26.977 I/SyncWorkManagerOneTimeS( 9074): Scheduling next onetime WorkManager workers
09-11 06:12:26.983 I/WM-WorkerWrapper( 9074): Worker result SUCCESS for Work [ id=d93a328c-7cfe-4f24-9994-2982a6a33f42, tags={ com.google.apps.tiktok.contrib.work.TikTokListenableWorker,com.google.apps.tiktok.sync.impl.workmanager.SyncWorker,TikTokWorker#com.google.apps.tiktok.sync.impl.workmanager.SyncWorker } ]
09-11 06:12:26.986 D/WM-Processor( 9074): maz d93a328c-7cfe-4f24-9994-2982a6a33f42 executed; reschedule = false
09-11 06:12:26.986 D/WM-SystemJobService( 9074): d93a328c-7cfe-4f24-9994-2982a6a33f42 executed on JobScheduler
09-11 06:12:26.988 D/TrafficStats(21758): tagSocket(177) with statsTag=0xffffffff, statsUid=-1
09-11 06:12:26.993 I/MobaltPeriodicJobImpl( 9074): Mobalt: start observation generation
09-11 06:12:26.994 I/MobaltPeriodicJobImpl( 9074): Mobalt: generating observations for day index 19976 for metric: 200006-1-1
09-11 06:12:26.997 W/chromium( 4126): [WARNING:ev_root_ca_metadata.cc(119)] Not implemented
09-11 06:12:27.002 I/MobaltPeriodicJobImpl( 9074): Mobalt: generating observations for day index 19976 for metric: 200006-1-2
09-11 06:12:27.015 D/WM-SystemJobScheduler( 9074): Scheduling work ID 159a6818-8a91-40b1-b455-5fefcea5d1beJob ID 1160
09-11 06:12:27.022 D/WM-GreedyScheduler( 9074): Ignoring {WorkSpec: d021a2f3-ae25-4265-ac32-23bd1d714a99}. Requires ContentUri triggers.
09-11 06:12:27.022 D/WM-GreedyScheduler( 9074): Ignoring {WorkSpec: 3ab9e218-270e-4e08-87cf-9ef36c67701c}. Requires device idle.
09-11 06:12:27.022 D/WM-GreedyScheduler( 9074): Ignoring {WorkSpec: 0a592ee6-b13a-41db-bb38-c63248134740}. Requires device idle.
09-11 06:12:27.022 D/WM-GreedyScheduler( 9074): Ignoring {WorkSpec: 5a6a8f80-da85-4fc5-a7e7-c6bf0f3cab7f}. Requires device idle.
09-11 06:12:27.022 D/WM-GreedyScheduler( 9074): Ignoring {WorkSpec: 83c3d229-d960-42d3-9a5f-5b1adbd27da2}. Requires device idle.
09-11 06:12:27.022 D/WM-GreedyScheduler( 9074): Ignoring {WorkSpec: b360f1b1-50ed-4372-8f4c-9467e54839da}. Requires device idle.
09-11 06:12:27.022 D/WM-GreedyScheduler( 9074): Ignoring {WorkSpec: 288fb524-3edb-4d0b-9c3d-151cd2f26f1e}. Requires device idle.
09-11 06:12:27.022 D/WM-GreedyScheduler( 9074): Ignoring {WorkSpec: 1dcdc7c4-b84e-4784-a300-cce9adb339df}. Requires ContentUri triggers.
09-11 06:12:27.022 D/WM-GreedyScheduler( 9074): Ignoring {WorkSpec: 7fe5e75e-afe3-43c9-9683-f545d5923a0e}. Requires ContentUri triggers.
09-11 06:12:27.025 D/WM-Processor( 9074): Processor cancelling b2f5bfce-ac09-47e6-ace2-7df9b6aebf45
09-11 06:12:27.027 D/WM-Processor( 9074): WorkerWrapper could not be found for b2f5bfce-ac09-47e6-ace2-7df9b6aebf45
09-11 06:12:27.027 I/DataService( 9074): Mobalt: generating observations for day index 19976 for report: 200006-1-1-3
09-11 06:12:27.027 I/AtLeastOnceObservationG( 9074): Mobalt: generating observations for day index 19976 for report: 200006-1-1-3
09-11 06:12:27.034 D/WM-GreedyScheduler( 9074): Cancelling work ID b2f5bfce-ac09-47e6-ace2-7df9b6aebf45
09-11 06:12:27.045 D/WM-SystemJobScheduler( 9074): Scheduling work ID 262f965c-1d01-4c8d-a5b6-53ae61b9eba7Job ID 1161
09-11 06:12:27.046 W/Bugle   ( 9074): TextClassifierLibManagerImpl: Reclaiming memory at level: 40
09-11 06:12:27.046 I/AtLeastOnceObservationG( 9074): Mobalt: generated 3 observations in 1 observation batches for day index 19976 for report: 200006-1-1-3
09-11 06:12:27.051 D/WM-GreedyScheduler( 9074): Ignoring {WorkSpec: d021a2f3-ae25-4265-ac32-23bd1d714a99}. Requires ContentUri triggers.
09-11 06:12:27.051 D/WM-GreedyScheduler( 9074): Ignoring {WorkSpec: 3ab9e218-270e-4e08-87cf-9ef36c67701c}. Requires device idle.
09-11 06:12:27.051 D/WM-GreedyScheduler( 9074): Ignoring {WorkSpec: 0a592ee6-b13a-41db-bb38-c63248134740}. Requires device idle.
09-11 06:12:27.051 D/WM-GreedyScheduler( 9074): Ignoring {WorkSpec: 5a6a8f80-da85-4fc5-a7e7-c6bf0f3cab7f}. Requires device idle.
09-11 06:12:27.051 D/WM-GreedyScheduler( 9074): Ignoring {WorkSpec: 83c3d229-d960-42d3-9a5f-5b1adbd27da2}. Requires device idle.
09-11 06:12:27.051 D/WM-GreedyScheduler( 9074): Ignoring {WorkSpec: b360f1b1-50ed-4372-8f4c-9467e54839da}. Requires device idle.
09-11 06:12:27.051 D/WM-GreedyScheduler( 9074): Ignoring {WorkSpec: 288fb524-3edb-4d0b-9c3d-151cd2f26f1e}. Requires device idle.
09-11 06:12:27.052 D/WM-GreedyScheduler( 9074): Ignoring {WorkSpec: 1dcdc7c4-b84e-4784-a300-cce9adb339df}. Requires ContentUri triggers.
09-11 06:12:27.052 D/WM-GreedyScheduler( 9074): Ignoring {WorkSpec: 7fe5e75e-afe3-43c9-9683-f545d5923a0e}. Requires ContentUri triggers.
09-11 06:12:27.053 D/WM-Processor( 9074): Processor cancelling 159a6818-8a91-40b1-b455-5fefcea5d1be
09-11 06:12:27.054 D/WM-Processor( 9074): WorkerWrapper could not be found for 159a6818-8a91-40b1-b455-5fefcea5d1be
09-11 06:12:27.062 D/WM-GreedyScheduler( 9074): Cancelling work ID 159a6818-8a91-40b1-b455-5fefcea5d1be
09-11 06:12:27.068 D/WM-SystemJobScheduler( 9074): Scheduling work ID 5a40e08d-88a9-4d58-a7bc-5438d786ee83Job ID 1162
09-11 06:12:27.070 D/WM-GreedyScheduler( 9074): Ignoring {WorkSpec: d021a2f3-ae25-4265-ac32-23bd1d714a99}. Requires ContentUri triggers.
09-11 06:12:27.071 D/WM-GreedyScheduler( 9074): Ignoring {WorkSpec: 3ab9e218-270e-4e08-87cf-9ef36c67701c}. Requires device idle.
09-11 06:12:27.071 D/WM-GreedyScheduler( 9074): Ignoring {WorkSpec: 0a592ee6-b13a-41db-bb38-c63248134740}. Requires device idle.
09-11 06:12:27.071 D/WM-GreedyScheduler( 9074): Ignoring {WorkSpec: 5a6a8f80-da85-4fc5-a7e7-c6bf0f3cab7f}. Requires device idle.
09-11 06:12:27.071 D/WM-GreedyScheduler( 9074): Ignoring {WorkSpec: 83c3d229-d960-42d3-9a5f-5b1adbd27da2}. Requires device idle.
09-11 06:12:27.071 D/WM-GreedyScheduler( 9074): Ignoring {WorkSpec: b360f1b1-50ed-4372-8f4c-9467e54839da}. Requires device idle.
09-11 06:12:27.071 D/WM-GreedyScheduler( 9074): Ignoring {WorkSpec: 288fb524-3edb-4d0b-9c3d-151cd2f26f1e}. Requires device idle.
09-11 06:12:27.071 D/WM-GreedyScheduler( 9074): Ignoring {WorkSpec: 1dcdc7c4-b84e-4784-a300-cce9adb339df}. Requires ContentUri triggers.
09-11 06:12:27.072 D/WM-GreedyScheduler( 9074): Ignoring {WorkSpec: 7fe5e75e-afe3-43c9-9683-f545d5923a0e}. Requires ContentUri triggers.
09-11 06:12:27.073 I/SyncWorkManagerOneTimeS( 9074): Successfully scheduled next onetime workers
09-11 06:12:27.073 W/cr_media( 4126): Requires MODIFY_AUDIO_SETTINGS and RECORD_AUDIO. No audio device will be available for recording
09-11 06:12:27.076 D/WM-GreedyScheduler( 9074): Cancelling work ID d93a328c-7cfe-4f24-9994-2982a6a33f42
09-11 06:12:27.081 I/DataService( 9074): Mobalt: generating observations for day index 19976 for report: 200006-1-1-5
09-11 06:12:27.082 I/AtLeastOnceObservationG( 9074): Mobalt: generating observations for day index 19976 for report: 200006-1-1-5
09-11 06:12:27.084 I/AtLeastOnceObservationG( 9074): Mobalt: generated 3 observations in 1 observation batches for day index 19976 for report: 200006-1-1-5
09-11 06:12:27.087 I/DataService( 9074): Mobalt: generating observations for day index 19976 for report: 200006-1-1-7
09-11 06:12:27.087 I/AtLeastOnceObservationG( 9074): Mobalt: generating observations for day index 19976 for report: 200006-1-1-7
09-11 06:12:27.088 D/WM-GreedyScheduler( 9074): Ignoring {WorkSpec: d021a2f3-ae25-4265-ac32-23bd1d714a99}. Requires ContentUri triggers.
09-11 06:12:27.088 D/WM-GreedyScheduler( 9074): Ignoring {WorkSpec: 3ab9e218-270e-4e08-87cf-9ef36c67701c}. Requires device idle.
09-11 06:12:27.088 D/WM-GreedyScheduler( 9074): Ignoring {WorkSpec: 0a592ee6-b13a-41db-bb38-c63248134740}. Requires device idle.
09-11 06:12:27.088 D/WM-GreedyScheduler( 9074): Ignoring {WorkSpec: 5a6a8f80-da85-4fc5-a7e7-c6bf0f3cab7f}. Requires device idle.
09-11 06:12:27.088 D/WM-GreedyScheduler( 9074): Ignoring {WorkSpec: 83c3d229-d960-42d3-9a5f-5b1adbd27da2}. Requires device idle.
09-11 06:12:27.088 D/WM-GreedyScheduler( 9074): Ignoring {WorkSpec: b360f1b1-50ed-4372-8f4c-9467e54839da}. Requires device idle.
09-11 06:12:27.088 D/WM-GreedyScheduler( 9074): Ignoring {WorkSpec: 288fb524-3edb-4d0b-9c3d-151cd2f26f1e}. Requires device idle.
09-11 06:12:27.088 D/WM-GreedyScheduler( 9074): Ignoring {WorkSpec: 1dcdc7c4-b84e-4784-a300-cce9adb339df}. Requires ContentUri triggers.
09-11 06:12:27.088 D/WM-GreedyScheduler( 9074): Ignoring {WorkSpec: 7fe5e75e-afe3-43c9-9683-f545d5923a0e}. Requires ContentUri triggers.
09-11 06:12:27.090 I/AtLeastOnceObservationG( 9074): Mobalt: generated 2 observations in 1 observation batches for day index 19976 for report: 200006-1-1-7
09-11 06:12:27.094 W/chromium( 4126): [WARNING:capture_device_ranking.h(255)] Can't initialize the value of media.audio_input.user_preference_ranking because media.default_audio_capture_device isn't registered or is empty
09-11 06:12:27.094 W/chromium( 4126): [WARNING:capture_device_ranking.h(255)] Can't initialize the value of media.video_input.user_preference_ranking because media.default_video_capture_Device isn't registered or is empty
09-11 06:12:27.094 I/DataService( 9074): Mobalt: generating observations for day index 19976 for report: 200006-1-2-3
09-11 06:12:27.095 I/AtLeastOnceObservationG( 9074): Mobalt: generating observations for day index 19976 for report: 200006-1-2-3
09-11 06:12:27.097 I/AtLeastOnceObservationG( 9074): Mobalt: generated 2 observations in 1 observation batches for day index 19976 for report: 200006-1-2-3
09-11 06:12:27.099 I/DataService( 9074): Mobalt: generating observations for day index 19976 for report: 200006-1-2-5
09-11 06:12:27.099 I/AtLeastOnceObservationG( 9074): Mobalt: generating observations for day index 19976 for report: 200006-1-2-5
09-11 06:12:27.100 I/AtLeastOnceObservationG( 9074): Mobalt: generated 2 observations in 1 observation batches for day index 19976 for report: 200006-1-2-5
09-11 06:12:27.103 I/DataService( 9074): Mobalt: generating observations for day index 19976 for report: 200006-1-2-7
09-11 06:12:27.103 I/AtLeastOnceObservationG( 9074): Mobalt: generating observations for day index 19976 for report: 200006-1-2-7
09-11 06:12:27.104 I/AtLeastOnceObservationG( 9074): Mobalt: generated 2 observations in 1 observation batches for day index 19976 for report: 200006-1-2-7
09-11 06:12:27.125 I/MobaltPeriodicJobImpl( 9074): Mobalt: successfully generated observations for 6 reports
09-11 06:12:27.146 I/MobaltPeriodicJobImpl( 9074): Mobalt: uploading logs to the Cobalt Server, got 6 observations
09-11 06:12:27.229 W/TracingMuxer( 1386): type=1400 audit(0.0:6133): avc:  denied  { write } for  name="traced_producer" dev="tmpfs" ino=1616 scontext=u:r:gxp_logging:s0 tcontext=u:object_r:traced_producer_socket:s0 tclass=sock_file permissive=0
09-11 06:12:27.243 D/TrafficStats(21361): tagSocket(5) with statsTag=0xffffffff, statsUid=-1
09-11 06:12:27.245 D/TrafficStats(21361): tagSocket(96) with statsTag=0xffffffff, statsUid=-1
09-11 06:12:27.245 D/TrafficStats(21361): tagSocket(97) with statsTag=0xffffffff, statsUid=-1
09-11 06:12:27.246 D/TrafficStats(21361): tagSocket(98) with statsTag=0xffffffff, statsUid=-1
09-11 06:12:27.247 D/TrafficStats(21361): tagSocket(99) with statsTag=0xffffffff, statsUid=-1
09-11 06:12:27.282 W/chromium( 4126): [WARNING:ev_root_ca_metadata.cc(119)] Not implemented
09-11 06:12:27.387 W/.apps.messaging( 9074): Reducing the number of considered missed Gc histogram windows from 1503 to 100
09-11 06:12:27.595 I/ClearcutUploader( 9074): Mobalt: start uploading logs to Clearcut log_source = TURQUOISE_COBALT_SHUFFLER_INPUT_PROD
09-11 06:12:27.625 W/ActivityManager( 1664): pid 9074 com.google.android.apps.messaging sent binder code 1 with flags 2 to frozen apps and got error -2147483646
09-11 06:12:27.625 E/JavaBinder( 9074): !!! FAILED BINDER TRANSACTION !!!  (parcel size = 572)
09-11 06:12:27.626 I/ActivityThread( 9074): Removing dead content provider:android.content.ContentProviderProxy@bee7a7b
09-11 06:12:27.627 I/ActivityManager( 1664): Process com.google.process.gservices (pid 18051) early provider death
09-11 06:12:27.631 I/ActivityManager( 1664): Process com.google.process.gservices (pid 18051) has died: cch+15 CEM 
09-11 06:12:27.654 I/MobaltPeriodicJobImpl( 9074): Mobalt: uploading logs to the Cobalt Server, got 0 observations
09-11 06:12:27.655 I/MobaltPeriodicJobImpl( 9074): Mobalt: finish sending logs to the Cobalt Server successfully
09-11 06:12:27.659 I/ClearcutUploader( 9074): Mobalt: successfully finished uploading logs to Clearcut log_source = TURQUOISE_COBALT_SHUFFLER_INPUT_PROD
09-11 06:12:27.672 W/ocessService0:7(22247): ApkAssets: Deleting an ApkAssets object '<empty> and /data/app/~~EEgmWRBhA0_76UY45OzcHw==/com.android.chrome-naEwu2oYT21AnRtn5AAp4A==/split_auxiliary_search.apk' with 1 weak references
09-11 06:12:27.673 W/ocessService0:7(22247): ApkAssets: Deleting an ApkAssets object '<empty> and /data/app/~~EEgmWRBhA0_76UY45OzcHw==/com.android.chrome-naEwu2oYT21AnRtn5AAp4A==/split_cablev2_authenticator.apk' with 1 weak references
09-11 06:12:27.673 W/ocessService0:7(22247): ApkAssets: Deleting an ApkAssets object '<empty> and /data/app/~~EEgmWRBhA0_76UY45OzcHw==/com.android.chrome-naEwu2oYT21AnRtn5AAp4A==/split_chrome.apk' with 1 weak references
09-11 06:12:27.673 W/ocessService0:7(22247): ApkAssets: Deleting an ApkAssets object '<empty> and /data/app/~~EEgmWRBhA0_76UY45OzcHw==/com.android.chrome-naEwu2oYT21AnRtn5AAp4A==/split_dev_ui.apk' with 1 weak references
09-11 06:12:27.673 W/ocessService0:7(22247): ApkAssets: Deleting an ApkAssets object '<empty> and /data/app/~~EEgmWRBhA0_76UY45OzcHw==/com.android.chrome-naEwu2oYT21AnRtn5AAp4A==/split_feedv2.apk' with 1 weak references
09-11 06:12:27.673 W/ocessService0:7(22247): ApkAssets: Deleting an ApkAssets object '<empty> and /data/app/~~EEgmWRBhA0_76UY45OzcHw==/com.android.chrome-naEwu2oYT21AnRtn5AAp4A==/split_read_aloud_playback.apk' with 1 weak references
09-11 06:12:27.673 W/ocessService0:7(22247): ApkAssets: Deleting an ApkAssets object '<empty> and /data/app/~~EEgmWRBhA0_76UY45OzcHw==/com.android.chrome-naEwu2oYT21AnRtn5AAp4A==/split_stack_unwinder.apk' with 1 weak references
09-11 06:12:27.673 W/ocessService0:7(22247): ApkAssets: Deleting an ApkAssets object '<empty> and /data/app/~~EEgmWRBhA0_76UY45OzcHw==/com.android.chrome-naEwu2oYT21AnRtn5AAp4A==/split_survey.apk' with 1 weak references
09-11 06:12:27.673 W/ocessService0:7(22247): ApkAssets: Deleting an ApkAssets object '<empty> and /data/app/~~EEgmWRBhA0_76UY45OzcHw==/com.android.chrome-naEwu2oYT21AnRtn5AAp4A==/split_test_dummy.apk' with 1 weak references
09-11 06:12:27.676 I/libprocessgroup( 1664): Removed cgroup /sys/fs/cgroup/uid_10155/pid_18051
09-11 06:12:27.676 I/Zygote  ( 1152): Process 18051 exited due to signal 9 (Killed)
09-11 06:12:27.696 V/ActivityManager( 1664): Got obituary of 18051:com.google.process.gservices
09-11 06:12:27.725 W/System  (21361): A resource failed to call end. 
09-11 06:12:27.725 W/System  (21361): A resource failed to call end. 
09-11 06:12:27.725 W/System  (21361): A resource failed to call end. 
09-11 06:12:27.725 W/System  (21361): A resource failed to call end. 
09-11 06:12:27.725 W/System  (21361): A resource failed to call end. 
09-11 06:12:27.725 W/System  (21361): A resource failed to call end. 
09-11 06:12:27.746 W/System  (21361): A resource failed to call end. 
09-11 06:12:27.746 W/System  (21361): A resource failed to call end. 
09-11 06:12:27.748 W/System  (21361): A resource failed to call end. 
09-11 06:12:27.749 W/System  (21361): A resource failed to call end. 
09-11 06:12:27.751 W/System  (21361): A resource failed to call end. 
09-11 06:12:27.764 W/System  (21361): A resource failed to call end. 
09-11 06:12:27.764 W/System  (21361): A resource failed to call end. 
09-11 06:12:27.768 W/System  (21361): A resource failed to call end. 
09-11 06:12:27.768 W/System  (21361): A resource failed to call end. 
09-11 06:12:27.768 W/System  (21361): A resource failed to call end. 
09-11 06:12:28.009 I/WifiHAL ( 1213): Creating message to get link statistics; iface = 47
09-11 06:12:28.088 I/WifiHAL ( 1213): In GetLinkStatsCommand::handleResponse
09-11 06:12:28.153 D/ConnectivityService( 1664): NetReassign [no changes] [c 1] [a 1] [i 7]
09-11 06:12:29.025 D/TrafficStats(21361): tagSocket(5) with statsTag=0xffffffff, statsUid=-1
09-11 06:12:29.032 D/TrafficStats(21361): tagSocket(96) with statsTag=0xffffffff, statsUid=-1
09-11 06:12:29.038 D/TrafficStats(21361): tagSocket(97) with statsTag=0xffffffff, statsUid=-1
09-11 06:12:29.044 D/TrafficStats(21361): tagSocket(98) with statsTag=0xffffffff, statsUid=-1
09-11 06:12:29.054 D/TrafficStats(21361): tagSocket(99) with statsTag=0xffffffff, statsUid=-1
09-11 06:12:29.530 I/TRuntime.CctTransportBackend(21758): Status Code: 200
09-11 06:12:30.235 D/TrafficStats(21361): tagSocket(5) with statsTag=0xffffffff, statsUid=-1
09-11 06:12:30.260 D/TrafficStats(21361): tagSocket(96) with statsTag=0xffffffff, statsUid=-1
09-11 06:12:30.264 D/TrafficStats(21361): tagSocket(97) with statsTag=0xffffffff, statsUid=-1
09-11 06:12:30.271 D/TrafficStats(21361): tagSocket(98) with statsTag=0xffffffff, statsUid=-1
09-11 06:12:30.280 D/TrafficStats(21361): tagSocket(99) with statsTag=0xffffffff, statsUid=-1
09-11 06:12:30.380 W/System  (21361): A resource failed to call end. 
09-11 06:12:30.380 W/System  (21361): A resource failed to call end. 
09-11 06:12:30.380 W/System  (21361): A resource failed to call end. 
09-11 06:12:30.381 W/System  (21361): A resource failed to call end. 
09-11 06:12:30.381 W/System  (21361): A resource failed to call end. 
09-11 06:12:30.424 W/System  (21361): A resource failed to call end. 
09-11 06:12:30.424 W/System  (21361): A resource failed to call end. 
09-11 06:12:30.424 W/System  (21361): A resource failed to call end. 
09-11 06:12:30.424 W/System  (21361): A resource failed to call end. 
09-11 06:12:30.425 W/System  (21361): A resource failed to call end. 
09-11 06:12:30.432 W/System  (21361): A resource failed to call end. 
09-11 06:12:31.140 I/WifiHAL ( 1213): Creating message to get link statistics; iface = 47
09-11 06:12:31.223 I/WifiHAL ( 1213): In GetLinkStatsCommand::handleResponse
09-11 06:12:31.304 D/ConnectivityService( 1664): NetReassign [no changes] [c 2] [a 1] [i 18]
09-11 06:12:31.314 D/TrafficStats(21361): tagSocket(5) with statsTag=0xffffffff, statsUid=-1
09-11 06:12:31.445 D/TrafficStats(21361): tagSocket(5) with statsTag=0xffffffff, statsUid=-1
