09-11 06:11:34.363 V/WindowManagerShell( 2342): Transition requested (#1646): android.os.BinderProxy@794dbfb TransitionRequestInfo { type = OPEN, triggerTask = TaskInfo{userId=0 taskId=4127 displayId=0 isRunning=true baseIntent=Intent { act=android.intent.action.MAIN cat=[android.intent.category.LAUNCHER] flg=0x10200000 cmp=com.zebra.soho_app/.MainActivity } baseActivity=ComponentInfo{com.zebra.soho_app/com.zebra.soho_app.MainActivity} topActivity=ComponentInfo{com.google.android.permissioncontroller/com.android.permissioncontroller.permission.ui.GrantPermissionsActivity} origActivity=null realActivity=ComponentInfo{com.zebra.soho_app/com.zebra.soho_app.MainActivity} numActivities=2 lastActiveTime=1042541343 supportsMultiWindow=true resizeMode=1 isResizeable=true minWidth=-1 minHeight=-1 defaultMinSize=220 token=WCT{android.window.IWindowContainerToken$Stub$Proxy@48a5418} topActivityType=1 pictureInPictureParams=null shouldDockBigOverlays=false launchIntoPipHostTaskId=-1 lastParentTaskIdBeforePip=-1 displayCutoutSafeInsets=Rect(0, 132 - 0, 0) topActivityInfo=ActivityInfo{7154e71 com.android.permissioncontroller.permission.ui.GrantPermissionsActivity} launchCookies=[] positionInParent=Point(0, 0) parentTaskId=-1 isFocused=true isVisible=true isVisibleRequested=true isSleeping=false locusId=null displayAreaFeatureId=1 isTopActivityTransparent=true appCompatTaskInfo=AppCompatTaskInfo { topActivityInSizeCompat=false topActivityEligibleForLetterboxEducation= false isLetterboxDoubleTapEnabled= false topActivityEligibleForUserAspectRatioButton= false topActivityBoundsLetterboxed= false isFromLetterboxDoubleTap= false topActivityLetterboxVerticalPosition= -1 topActivityLetterboxHorizontalPosition= -1 topActivityLetterboxWidth=1080 topActivityLetterboxHeight=2400 isUserFullscreenOverrideEnabled=false isSystemFullscreenOverrideEnabled=false cameraCompatControlState=hidden}}, pipTask = null, remoteTransition = null, displayChange = null, flags = 0, debugId = 1646 }
09-11 06:11:34.372 I/ContentCaptureHelper(21758): Setting logging level to OFF
09-11 06:11:34.373 I/A       (22555): onPause
09-11 06:11:34.374 D/SessionLifecycleClient(21758): Sending lifecycle 1 to service
09-11 06:11:34.374 D/SessionLifecycleService(21758): Activity foregrounding at 148765005.
09-11 06:11:34.374 D/SessionLifecycleService(21758): Cold start detected.
09-11 06:11:34.375 D/SessionLifecycleService(21758): Generated new session a28e7aefebf840a58fea6f94140b2fff
09-11 06:11:34.375 D/SessionLifecycleService(21758): Broadcasting new session: SessionDetails(sessionId=a28e7aefebf840a58fea6f94140b2fff, firstSessionId=a28e7aefebf840a58fea6f94140b2fff, sessionIndex=0, sessionStartTimestampUs=1726049494375000)
09-11 06:11:34.376 W/ActivityTaskManager( 1664): takeTaskSnapshot: taskId=4125 not found or not visible
09-11 06:11:34.376 D/CompatibilityChangeReporter(21758): Compat change id reported: 237531167; UID 10315; state: DISABLED
09-11 06:11:34.376 D/SessionFirelogPublisher(21758): Data Collection is enabled for at least one Subscriber
09-11 06:11:34.379 D/EventGDTLogger(21758): Session Event: {"eventType":1,"sessionData":{"sessionId":"a28e7aefebf840a58fea6f94140b2fff","firstSessionId":"a28e7aefebf840a58fea6f94140b2fff","sessionIndex":0,"eventTimestampUs":1726049494375000,"dataCollectionStatus":{"performance":1,"crashlytics":2,"sessionSamplingRate":1.0},"firebaseInstallationId":"cIs_MzRQSsCSg0J_zDL4g4"},"applicationInfo":{"appId":"1:233946974047:android:204307b4740352c0e598ea","deviceModel":"Pixel 8","sessionSdkVersion":"1.2.2","osVersion":"14","logEnvironment":3,"androidAppInfo":{"packageName":"com.zebra.soho_app","versionName":"2.0.6506","appBuildVersion":"6506","deviceManufacturer":"Google","currentProcessDetails":{"processName":"com.zebra.soho_app","pid":21758,"importance":100,"defaultProcess":true},"appProcessDetails":[{"processName":"com.zebra.soho_app","pid":21758,"importance":100,"defaultProcess":true}]}}}
09-11 06:11:34.379 D/SessionFirelogPublisher(21758): Successfully logged Session Start event: a28e7aefebf840a58fea6f94140b2fff
09-11 06:11:34.380 V/ClearcutMetricXmitter(22555): Transmission is done.
09-11 06:11:34.382 D/CompatibilityChangeReporter(21758): Compat change id reported: 194532703; UID 10315; state: ENABLED
09-11 06:11:34.382 D/CompatibilityChangeReporter(21758): Compat change id reported: 253665015; UID 10315; state: ENABLED
09-11 06:11:34.383 D/CompatibilityChangeReporter(21758): Compat change id reported: 311402873; UID 10315; state: DISABLED
09-11 06:11:34.383 D/CompatibilityChangeReporter(21758): Compat change id reported: 323349338; UID 10315; state: DISABLED
09-11 06:11:34.383 D/CompatibilityChangeReporter( 1664): Compat change id reported: 271850009; UID 10315; state: ENABLED
09-11 06:11:34.383 D/CompatibilityChangeReporter( 1664): Compat change id reported: 253665015; UID 10315; state: ENABLED
09-11 06:11:34.383 D/CompatibilityChangeReporter( 1664): Compat change id reported: 194532703; UID 10315; state: ENABLED
09-11 06:11:34.383 D/CompatibilityChangeReporter( 1664): Compat change id reported: 311402873; UID 10315; state: DISABLED
09-11 06:11:34.383 D/CompatibilityChangeReporter( 1664): Compat change id reported: 323349338; UID 10315; state: DISABLED
09-11 06:11:34.383 D/FlutterLocationService(21758): Creating service.
09-11 06:11:34.384 D/FlutterLocationService(21758): Binding to location service.
09-11 06:11:34.385 D/SessionLifecycleClient(21758): Sending lifecycle 2 to service
09-11 06:11:34.385 D/SessionLifecycleService(21758): Activity backgrounding at 148765016
09-11 06:11:34.386 I/FA      (21758): Tag Manager is not found and thus will not be used
09-11 06:11:34.389 D/SessionLifecycleClient(21758): Session update received: a28e7aefebf840a58fea6f94140b2fff
09-11 06:11:34.390 D/SessionLifecycleClient(21758): Notified CRASHLYTICS of new session a28e7aefebf840a58fea6f94140b2fff
09-11 06:11:34.391 D/CompatibilityChangeReporter(21758): Compat change id reported: 3400644; UID 10315; state: ENABLED
09-11 06:11:34.394 I/BpBinder(  555): onLastStrongRef automatically unlinking death recipients: 
09-11 06:11:34.395 I/WindowExtensionsImpl(21758): Initializing Window Extensions.
09-11 06:11:34.399 W/NetworkScheduler( 5144): Error inserting flex_time=14000 job_id=-1 period=30000 source=16 requires_charging=0 preferred_network_type=1 target_class=com.google.android.gms.measurement.PackageMeasurementTaskService user_id=0 target_package=com.google.android.gms tag=Measurement.PackageMeasurementTaskService.UPLOAD_TASK_TAG task_type=0 required_idleness_state=0 service_kind=0 source_version=243433000 persistence_level=1 preferred_charging_state=1 required_network_type=0 runtime=1726049494398 retry_strategy={"maximum_backoff_seconds":{"3600":0},"initial_backoff_seconds":{"30":0},"retry_policy":{"0":0}} last_runtime=0 [CONTEXT service_id=218 ]
09-11 06:11:34.399 W/NetworkScheduler( 5144): android.database.sqlite.SQLiteConstraintException: UNIQUE constraint failed: pending_ops.tag, pending_ops.target_class, pending_ops.target_package, pending_ops.user_id (code 2067 SQLITE_CONSTRAINT_UNIQUE)
09-11 06:11:34.399 W/NetworkScheduler( 5144): 	at android.database.sqlite.SQLiteConnection.nativeExecuteForLastInsertedRowId(Native Method)
09-11 06:11:34.399 W/NetworkScheduler( 5144): 	at android.database.sqlite.SQLiteConnection.executeForLastInsertedRowId(SQLiteConnection.java:974)
09-11 06:11:34.399 W/NetworkScheduler( 5144): 	at android.database.sqlite.SQLiteSession.executeForLastInsertedRowId(SQLiteSession.java:814)
09-11 06:11:34.399 W/NetworkScheduler( 5144): 	at android.database.sqlite.SQLiteStatement.executeInsert(SQLiteStatement.java:89)
09-11 06:11:34.399 W/NetworkScheduler( 5144): 	at android.database.sqlite.SQLiteDatabase.insertWithOnConflict(SQLiteDatabase.java:1976)
09-11 06:11:34.399 W/NetworkScheduler( 5144): 	at android.database.sqlite.SQLiteDatabase.insertOrThrow(SQLiteDatabase.java:1870)
09-11 06:11:34.399 W/NetworkScheduler( 5144): 	at dejz.d(:com.google.android.gms@243433038@24.34.33 (190400-666809342):735)
09-11 06:11:34.399 W/NetworkScheduler( 5144): 	at dehl.n(:com.google.android.gms@243433038@24.34.33 (190400-666809342):29)
09-11 06:11:34.399 W/NetworkScheduler( 5144): 	at dehl.u(:com.google.android.gms@243433038@24.34.33 (190400-666809342):360)
09-11 06:11:34.399 W/NetworkScheduler( 5144): 	at dehl.h(:com.google.android.gms@243433038@24.34.33 (190400-666809342):51)
09-11 06:11:34.399 W/NetworkScheduler( 5144): 	at decf.run(:com.google.android.gms@243433038@24.34.33 (190400-666809342):72)
09-11 06:11:34.399 W/NetworkScheduler( 5144): 	at amze.c(:com.google.android.gms@243433038@24.34.33 (190400-666809342):50)
09-11 06:11:34.399 W/NetworkScheduler( 5144): 	at amze.run(:com.google.android.gms@243433038@24.34.33 (190400-666809342):97)
09-11 06:11:34.399 W/NetworkScheduler( 5144): 	at java.util.concurrent.ThreadPoolExecutor.runWorker(ThreadPoolExecutor.java:1145)
09-11 06:11:34.399 W/NetworkScheduler( 5144): 	at java.util.concurrent.ThreadPoolExecutor$Worker.run(ThreadPoolExecutor.java:644)
09-11 06:11:34.399 W/NetworkScheduler( 5144): 	at aneq.run(:com.google.android.gms@243433038@24.34.33 (190400-666809342):8)
09-11 06:11:34.399 W/NetworkScheduler( 5144): 	at java.lang.Thread.run(Thread.java:1012)
09-11 06:11:34.400 D/CoreBackPreview( 1664): Window{cb3599 u0 com.zebra.soho_app/com.zebra.soho_app.MainActivity}: Setting back callback OnBackInvokedCallbackInfo{mCallback=android.window.IOnBackInvokedCallback$Stub$Proxy@cf92010, mPriority=0, mIsAnimationCallback=false}
09-11 06:11:34.405 D/LocationPlugin(21758): Service connected: ComponentInfo{com.zebra.soho_app/com.lyokone.location.FlutterLocationService}
09-11 06:11:34.407 W/NetworkScheduler( 5144): Error inserting flex_time=14000 job_id=-1 period=30000 source=16 requires_charging=0 preferred_network_type=1 target_class=com.google.android.gms.measurement.PackageMeasurementTaskService user_id=0 target_package=com.google.android.gms tag=Measurement.PackageMeasurementTaskService.UPLOAD_TASK_TAG task_type=0 required_idleness_state=0 service_kind=0 source_version=243433000 persistence_level=1 preferred_charging_state=1 required_network_type=0 runtime=1726049494406 retry_strategy={"maximum_backoff_seconds":{"3600":0},"initial_backoff_seconds":{"30":0},"retry_policy":{"0":0}} last_runtime=0 [CONTEXT service_id=218 ]
09-11 06:11:34.407 W/NetworkScheduler( 5144): android.database.sqlite.SQLiteConstraintException: UNIQUE constraint failed: pending_ops.tag, pending_ops.target_class, pending_ops.target_package, pending_ops.user_id (code 2067 SQLITE_CONSTRAINT_UNIQUE)
09-11 06:11:34.407 W/NetworkScheduler( 5144): 	at android.database.sqlite.SQLiteConnection.nativeExecuteForLastInsertedRowId(Native Method)
09-11 06:11:34.407 W/NetworkScheduler( 5144): 	at android.database.sqlite.SQLiteConnection.executeForLastInsertedRowId(SQLiteConnection.java:974)
09-11 06:11:34.407 W/NetworkScheduler( 5144): 	at android.database.sqlite.SQLiteSession.executeForLastInsertedRowId(SQLiteSession.java:814)
09-11 06:11:34.407 W/NetworkScheduler( 5144): 	at android.database.sqlite.SQLiteStatement.executeInsert(SQLiteStatement.java:89)
09-11 06:11:34.407 W/NetworkScheduler( 5144): 	at android.database.sqlite.SQLiteDatabase.insertWithOnConflict(SQLiteDatabase.java:1976)
09-11 06:11:34.407 W/NetworkScheduler( 5144): 	at android.database.sqlite.SQLiteDatabase.insertOrThrow(SQLiteDatabase.java:1870)
09-11 06:11:34.407 W/NetworkScheduler( 5144): 	at dejz.d(:com.google.android.gms@243433038@24.34.33 (190400-666809342):735)
09-11 06:11:34.407 W/NetworkScheduler( 5144): 	at dehl.n(:com.google.android.gms@243433038@24.34.33 (190400-666809342):29)
09-11 06:11:34.407 W/NetworkScheduler( 5144): 	at dehl.u(:com.google.android.gms@243433038@24.34.33 (190400-666809342):360)
09-11 06:11:34.407 W/NetworkScheduler( 5144): 	at dehl.h(:com.google.android.gms@243433038@24.34.33 (190400-666809342):51)
09-11 06:11:34.407 W/NetworkScheduler( 5144): 	at decf.run(:com.google.android.gms@243433038@24.34.33 (190400-666809342):72)
09-11 06:11:34.407 W/NetworkScheduler( 5144): 	at amze.c(:com.google.android.gms@243433038@24.34.33 (190400-666809342):50)
09-11 06:11:34.407 W/NetworkScheduler( 5144): 	at amze.run(:com.google.android.gms@243433038@24.34.33 (190400-666809342):76)
09-11 06:11:34.407 W/NetworkScheduler( 5144): 	at java.util.concurrent.ThreadPoolExecutor.runWorker(ThreadPoolExecutor.java:1145)
09-11 06:11:34.407 W/NetworkScheduler( 5144): 	at java.util.concurrent.ThreadPoolExecutor$Worker.run(ThreadPoolExecutor.java:644)
09-11 06:11:34.407 W/NetworkScheduler( 5144): 	at aneq.run(:com.google.android.gms@243433038@24.34.33 (190400-666809342):8)
09-11 06:11:34.407 W/NetworkScheduler( 5144): 	at java.lang.Thread.run(Thread.java:1012)
09-11 06:11:34.419 I/flutter (21758): [2024-09-11 06:11:34.419612] getLocalTokens : access_token: null
09-11 06:11:34.419 I/flutter (21758): [2024-09-11 06:11:34.419850] getLocalTokens : refresh_token: null
09-11 06:11:34.419 I/flutter (21758): [2024-09-11 06:11:34.419861] getLocalTokens : id_token: null
09-11 06:11:34.419 I/flutter (21758): [2024-09-11 06:11:34.419867] getLocalTokens : expires_in: null
09-11 06:11:34.420 I/flutter (21758): [2024-09-11 06:11:34.420887] GRPC_CHANNEL: Network initialised to ConnectivityResult.wifi
09-11 06:11:34.420 I/flutter (21758): [2024-09-11 06:11:34.420932] GRPC_CHANNEL: ClientChannel@599945840 created
09-11 06:11:34.420 I/flutter (21758): [2024-09-11 06:11:34.420959] GRPC_CHANNEL: Subscribing to network state changes for ClientChannel@599945840
09-11 06:11:34.422 I/flutter (21758): [2024-09-11 06:11:34.422148] ================  Load  en Localizations  ================
09-11 06:11:34.422 I/flutter (21758): [2024-09-11 06:11:34.422815] ================  Load Localizations  ================
09-11 06:11:34.422 D/ConnectivityService( 1664): requestNetwork for uid/pid:10315/21758 activeRequest: null callbackRequest: 3399 [NetworkRequest [ REQUEST id=3400, [ Capabilities: INTERNET&NOT_RESTRICTED&TRUSTED&NOT_VCN_MANAGED Uid: 10315 RequestorUid: 10315 RequestorPkg: com.zebra.soho_app UnderlyingNetworks: Null] ]] callback flags: 0 order: 2147483647
09-11 06:11:34.424 I/flutter (21758): [2024-09-11 06:11:34.424919] initState #1
09-11 06:11:34.425 I/flutter (21758): [2024-09-11 06:11:34.425551] initState #2
09-11 06:11:34.425 I/flutter (21758): [2024-09-11 06:11:34.425666] initState #3
09-11 06:11:34.426 D/WifiNetworkFactory( 1664): got request NetworkRequest [ REQUEST id=3400, [ Capabilities: INTERNET&NOT_RESTRICTED&TRUSTED&NOT_VCN_MANAGED Uid: 10315 RequestorUid: 10315 RequestorPkg: com.zebra.soho_app UnderlyingNetworks: Null] ]
09-11 06:11:34.426 D/UntrustedWifiNetworkFactory( 1664): got request NetworkRequest [ REQUEST id=3400, [ Capabilities: INTERNET&NOT_RESTRICTED&TRUSTED&NOT_VCN_MANAGED Uid: 10315 RequestorUid: 10315 RequestorPkg: com.zebra.soho_app UnderlyingNetworks: Null] ]
09-11 06:11:34.427 D/OemPaidWifiNetworkFactory( 1664): got request NetworkRequest [ REQUEST id=3400, [ Capabilities: INTERNET&NOT_RESTRICTED&TRUSTED&NOT_VCN_MANAGED Uid: 10315 RequestorUid: 10315 RequestorPkg: com.zebra.soho_app UnderlyingNetworks: Null] ]
09-11 06:11:34.428 D/MultiInternetWifiNetworkFactory( 1664): got request NetworkRequest [ REQUEST id=3400, [ Capabilities: INTERNET&NOT_RESTRICTED&TRUSTED&NOT_VCN_MANAGED Uid: 10315 RequestorUid: 10315 RequestorPkg: com.zebra.soho_app UnderlyingNetworks: Null] ]
09-11 06:11:34.428 D/ConnectivityService( 1664): NetReassign [3400 : null → 154] [c 0] [a 1] [i 4]
09-11 06:11:34.448 I/flutter (21758): [2024-09-11 06:11:34.448602] GRPC_CHANNEL ---- _handleNetworkChange ----
09-11 06:11:34.448 I/flutter (21758): [2024-09-11 06:11:34.448662] GRPC_CHANNEL: Initial network change from ConnectivityResult.wifi to ConnectivityResult.wifi
09-11 06:11:34.450 D/CoreBackPreview( 1664): Window{f737d7d u0 com.google.android.permissioncontroller/com.android.permissioncontroller.permission.ui.GrantPermissionsActivity}: Setting back callback OnBackInvokedCallbackInfo{mCallback=android.window.IOnBackInvokedCallback$Stub$Proxy@217a5be, mPriority=0, mIsAnimationCallback=false}
09-11 06:11:34.450 I/hwservicemanager(  494): getTransport: Cannot find entry android.hardware.graphics.allocator@4.0::IAllocator/default in either framework or device VINTF manifest.
09-11 06:11:34.451 W/gralloc4(  556): Unable to set buffer name SurfaceView[com.zebra.soho_app/com.zebra.soho_app.MainActivity]#1(BLAST Consumer)1: File name too long
09-11 06:11:34.456 W/gralloc4(  556): Unable to set buffer name VRI[GrantPermissionsActivity]#105(BLAST Consumer)105: File name too long
09-11 06:11:34.465 W/gralloc4(  556): Unable to set buffer name VRI[GrantPermissionsActivity]#105(BLAST Consumer)105: File name too long
09-11 06:11:34.468 V/WindowManagerShell( 2342): onTransitionReady (#1646) android.os.BinderProxy@794dbfb: {id=1646 t=OPEN f=0x0 trk=0 opt={t=FROM_STYLE} r=[0@Point(0, 0)] c=[{null m=OPEN f=TRANSLUCENT|FILLS_TASK|IS_BEHIND_STARTING_WINDOW leash=Surface(name=ActivityRecord{ae709b0 u0 com.google.android.permissioncontroller/com.android.permissioncontroller.permission.ui.GrantPermissionsActivity t4127})/@0xbdc99c4 sb=Rect(0, 0 - 0, 0) eb=Rect(0, 0 - 1080, 2400) d=-1->0 r=-1->0:-1 component=com.google.android.permissioncontroller/com.android.permissioncontroller.permission.ui.GrantPermissionsActivity}]}
09-11 06:11:34.468 V/WindowManagerShell( 2342): Transition (#1646) android.os.BinderProxy@794dbfb@0 ready while (#1645) android.os.BinderProxy@6992882@0 is still animating. Notify the animating transition in case they can be merged
09-11 06:11:34.468 V/WindowManagerShell( 2342): Transition animation finished (aborted=false), notifying core (#1645) android.os.BinderProxy@6992882@0
09-11 06:11:34.470 V/WindowManager( 1664): Loading animations: layout params pkg=com.google.android.apps.nexuslauncher resId=0x10302fc
09-11 06:11:34.470 V/WindowManager( 1664): Loading animations: picked package=android
09-11 06:11:34.470 V/WindowManager( 1664): Loading animations: layout params pkg=com.google.android.apps.nexuslauncher resId=0x10302fc
09-11 06:11:34.470 V/WindowManager( 1664): Loading animations: picked package=android
09-11 06:11:34.471 D/VRI[0 fl=}](22555): visibilityChanged oldVisibility=true newVisibility=false
09-11 06:11:34.471 D/VRI[NexusLauncherActivity](28186): visibilityChanged oldVisibility=true newVisibility=false
09-11 06:11:34.471 V/WindowManagerShell( 2342): Playing animation for (#1646) android.os.BinderProxy@794dbfb@0
09-11 06:11:34.471 V/WindowManagerShell( 2342):  try handler com.android.wm.shell.transition.DefaultMixedHandler@e020e31
09-11 06:11:34.471 V/WindowManagerShell( 2342):  try handler com.android.wm.shell.keyguard.KeyguardTransitionHandler@2192916
09-11 06:11:34.471 V/WindowManagerShell( 2342):  try handler com.android.wm.shell.pip.PipTransition@c3f6297
09-11 06:11:34.471 V/WindowManagerShell( 2342):  try handler com.android.wm.shell.activityembedding.ActivityEmbeddingController@ed12c84
09-11 06:11:34.471 V/WindowManagerShell( 2342):  try handler com.android.wm.shell.recents.RecentsTransitionHandler@cb85c6d
09-11 06:11:34.471 V/ShellRecents( 2342): RecentsTransitionHandler.startAnimation: no controller found
09-11 06:11:34.471 V/WindowManagerShell( 2342):  try handler com.android.wm.shell.splitscreen.StageCoordinator@c664baa
09-11 06:11:34.471 V/WindowManagerShell( 2342):  try handler com.android.wm.shell.transition.RemoteTransitionHandler@ff6c0a2
09-11 06:11:34.471 V/WindowManagerShell( 2342): Transition doesn't have explicit remote, search filters for match for {id=1646 t=OPEN f=0x0 trk=0 opt={t=FROM_STYLE} r=[0@Point(0, 0)] c=[{null m=OPEN f=TRANSLUCENT|FILLS_TASK|IS_BEHIND_STARTING_WINDOW leash=Surface(name=ActivityRecord{ae709b0 u0 com.google.android.permissioncontroller/com.android.permissioncontroller.permission.ui.GrantPermissionsActivity t4127})/@0xbdc99c4 sb=Rect(0, 0 - 0, 0) eb=Rect(0, 0 - 1080, 2400) d=-1->0 r=-1->0:-1 component=com.google.android.permissioncontroller/com.android.permissioncontroller.permission.ui.GrantPermissionsActivity}]}
09-11 06:11:34.471 V/WindowManagerShell( 2342):  Checking filter Pair{{types=[] flags=0x0] notFlags=0x0 checks=[{atype=dream independent=true modes=[OPEN,TO_FRONT] flags=NONE mustBeTask=false order=ANY topActivity=null},{atype=home independent=true modes=[CLOSE,TO_BACK] flags=NONE mustBeTask=false order=ANY topActivity=null}]} RemoteTransition { remoteTransition = android.window.IRemoteTransition$Stub$Proxy@c69af3e, appThread = android.app.IApplicationThread$Stub$Proxy@458b19f, debugName = LauncherToDream }}
09-11 06:11:34.471 V/WindowManagerShell( 2342):  Checking filter Pair{{types=[] flags=0x0] notFlags=0x100 checks=[{atype=home independent=true modes=[OPEN,TO_FRONT] flags=NONE mustBeTask=false order=TOP topActivity=ComponentInfo{com.google.android.apps.nexuslauncher/com.google.android.apps.nexuslauncher.NexusLauncherActivity}},{atype=standard independent=true modes=[CLOSE,TO_BACK] flags=NONE mustBeTask=false order=ANY topActivity=null}]} RemoteTransition { remoteTransition = android.window.IRemoteTransition$Stub$Proxy@fdc42ec, appThread = android.app.IApplicationThread$Stub$Proxy@bb496b5, debugName = QuickstepLaunchHome }}
09-11 06:11:34.471 V/WindowManagerShell( 2342):  Delegate animation for (#1646) to null
09-11 06:11:34.471 V/WindowManagerShell( 2342):  try handler com.android.wm.shell.transition.DefaultTransitionHandler@a0d9133
09-11 06:11:34.471 V/WindowManagerShell( 2342): start default transition animation, info = {id=1646 t=OPEN f=0x0 trk=0 opt={t=FROM_STYLE} r=[0@Point(0, 0)] c=[{null m=OPEN f=TRANSLUCENT|FILLS_TASK|IS_BEHIND_STARTING_WINDOW leash=Surface(name=ActivityRecord{ae709b0 u0 com.google.android.permissioncontroller/com.android.permissioncontroller.permission.ui.GrantPermissionsActivity t4127})/@0xbdc99c4 sb=Rect(0, 0 - 0, 0) eb=Rect(0, 0 - 1080, 2400) d=-1->0 r=-1->0:-1 component=com.google.android.permissioncontroller/com.android.permissioncontroller.permission.ui.GrantPermissionsActivity}]}
09-11 06:11:34.471 V/WindowManagerShell( 2342): loadAnimation: anim=null animAttr=0x4 type=OPEN isEntrance=true
09-11 06:11:34.471 W/UserManagerService( 1664): Requested status bar icon for non-badged user 0
09-11 06:11:34.472 I/ActivityTaskManager( 1664): Displayed com.google.android.permissioncontroller/com.android.permissioncontroller.permission.ui.GrantPermissionsActivity for user 0: +205ms
09-11 06:11:34.472 V/WindowManagerShell( 2342): Transition animation finished (aborted=false), notifying core (#1646) android.os.BinderProxy@794dbfb@0
09-11 06:11:34.472 V/WindowManager( 1664): Sent Transition (#1646) createdAt=09-11 06:11:34.360 via request=TransitionRequestInfo { type = OPEN, triggerTask = TaskInfo{userId=0 taskId=4127 displayId=0 isRunning=true baseIntent=Intent { act=android.intent.action.MAIN cat=[android.intent.category.LAUNCHER] flg=0x10200000 cmp=com.zebra.soho_app/.MainActivity } baseActivity=ComponentInfo{com.zebra.soho_app/com.zebra.soho_app.MainActivity} topActivity=ComponentInfo{com.google.android.permissioncontroller/com.android.permissioncontroller.permission.ui.GrantPermissionsActivity} origActivity=null realActivity=ComponentInfo{com.zebra.soho_app/com.zebra.soho_app.MainActivity} numActivities=2 lastActiveTime=1042541343 supportsMultiWindow=true resizeMode=1 isResizeable=true minWidth=-1 minHeight=-1 defaultMinSize=220 token=WCT{RemoteToken{468de57 Task{f9c324e #4127 type=standard A=10315:com.zebra.soho_app}}} topActivityType=1 pictureInPictureParams=null shouldDockBigOverlays=false launchIntoPipHostTaskId=-1 lastParentTaskIdBeforePip=-1 displayCutoutSafeInsets=Rect(0, 132 - 0, 0) topActivityInfo=ActivityInfo{4211e22 com.android.permissioncontroller.permission.ui.GrantPermissionsActivity} launchCookies=[] positionInParent=Point(0, 0) parentTaskId=-1 isFocused=true isVisible=true isVisibleRequested=true isSleeping=false locusId=null displayAreaFeatureId=1 isTopActivityTransparent=true appCompatTaskInfo=AppCompatTaskInfo { topActivityInSizeCompat=false topActivityEligibleForLetterboxEducation= false isLetterboxDoubleTapEnabled= false topActivityEligibleForUserAspectRatioButton= false topActivityBoundsLetterboxed= false isFromLetterboxDoubleTap= false topActivityLetterboxVerticalPosition= -1 topActivityLetterboxHorizontalPosition= -1 topActivityLetterboxWidth=1080 topActivityLetterboxHeight=2400 isUserFullscreenOverrideEnabled=false isSystemFullscreenOverrideEnabled=false cameraCompatControlState=hidden}}, pipTask = null, remoteTransition = null, displayChange = null, flags = 0, debugId = 1646 }
09-11 06:11:34.472 V/WindowManager( 1664):     startWCT=WindowContainerTransaction { changes = {} hops = [] errorCallbackToken=null taskFragmentOrganizer=null }
09-11 06:11:34.472 V/WindowManager( 1664):     info={id=1646 t=OPEN f=0x0 trk=0 opt={t=FROM_STYLE} r=[0@Point(0, 0)] c=[
09-11 06:11:34.472 V/WindowManager( 1664):         {null m=OPEN f=TRANSLUCENT|FILLS_TASK|IS_BEHIND_STARTING_WINDOW leash=Surface(name=ActivityRecord{ae709b0 u0 com.google.android.permissioncontroller/com.android.permissioncontroller.permission.ui.GrantPermissionsActivity t4127})/@0x290ae96 sb=Rect(0, 0 - 0, 0) eb=Rect(0, 0 - 1080, 2400) d=-1->0 r=-1->0:-1 component=com.google.android.permissioncontroller/com.android.permissioncontroller.permission.ui.GrantPermissionsActivity}
09-11 06:11:34.472 V/WindowManager( 1664):     ]}
09-11 06:11:34.472 V/WindowManager( 1664): Finish Transition (#1645): created at 09-11 06:11:34.263 collect-started=0.049ms request-sent=5.108ms started=6.451ms ready=10.84ms sent=29.599ms finished=207.184ms
09-11 06:11:34.472 V/WindowManagerShell( 2342): Track 0 became idle
09-11 06:11:34.472 V/WindowManagerShell( 2342): All active transition animations finished
09-11 06:11:34.472 V/WindowManagerShell( 2342):  animated by com.android.wm.shell.transition.DefaultTransitionHandler@a0d9133
09-11 06:11:34.472 V/WindowManagerShell( 2342): Track 0 became idle
09-11 06:11:34.472 V/WindowManagerShell( 2342): All active transition animations finished
09-11 06:11:34.472 V/WindowManager( 1664): Finish Transition (#1646): created at 09-11 06:11:34.360 collect-started=0.012ms request-sent=2.178ms started=2.764ms ready=26.161ms sent=106.469ms finished=111.479ms
09-11 06:11:34.477 D/NexusLauncherModelDelegate(28186): notifySmartspaceEvent: SmartspaceTargetEvent{mSmartspaceTarget=null, mSmartspaceActionId='null', mEventType=7}
09-11 06:11:34.478 W/gralloc4(  556): Unable to set buffer name VRI[GrantPermissionsActivity]#105(BLAST Consumer)105: File name too long
09-11 06:11:34.479 W/UserManagerService( 1664): Requested status bar icon for non-badged user 0
09-11 06:11:34.482 W/UserManagerService( 1664): Requested status bar icon for non-badged user 0
09-11 06:11:34.484 W/UserManagerService( 1664): Requested status bar icon for non-badged user 0
09-11 06:11:34.485 D/BaseDepthController(28186): setSurface:
09-11 06:11:34.485 D/BaseDepthController(28186): 	mWaitingOnSurfaceValidity: false
09-11 06:11:34.485 D/BaseDepthController(28186): 	mSurface: null
09-11 06:11:34.485 D/BaseDepthController(28186): mSurface is null and mCurrentBlur is: 0
09-11 06:11:34.487 D/StateManager(28186): goToState - fromState: Normal, toState: Normal, partial trace:
09-11 06:11:34.487 D/StateManager(28186): 	at com.android.launcher3.statemanager.StateManager.moveToRestState(go/retraceme 229ef009c6bb3615beda05b6414f9bc22e9f7450b41c1b7d8db7ad832ef90083:4)
09-11 06:11:34.487 D/StateManager(28186): 	at com.android.launcher3.statemanager.StateManager.moveToRestState(go/retraceme 229ef009c6bb3615beda05b6414f9bc22e9f7450b41c1b7d8db7ad832ef90083:1)
09-11 06:11:34.487 D/StatsLog(28186): LAUNCHER_ONSTOP
09-11 06:11:34.487 I/A       (22555): onStop
09-11 06:11:34.489 I/ImeTracker( 1664): com.google.android.permissioncontroller:c24a0b9f: onRequestHide at ORIGIN_SERVER reason HIDE_ALWAYS_HIDDEN_STATE fromUser false
09-11 06:11:34.489 I/ImeTracker( 1664): com.google.android.permissioncontroller:c24a0b9f: onCancelled at PHASE_SERVER_SHOULD_HIDE
09-11 06:11:34.491 I/GoogleInputMethodService( 5495): GoogleInputMethodService.onFinishInput():3121 
09-11 06:11:34.491 I/GoogleInputMethodService( 5495): GoogleInputMethodService.updateDeviceLockedStatus():2192 repeatCheckTimes = 0, locked = false
09-11 06:11:34.492 I/GoogleInputMethodService( 5495): GoogleInputMethodService.onStartInput():1936 onStartInput(EditorInfo{EditorInfo{packageName=com.google.android.permissioncontroller, inputType=0, inputTypeString=NULL, enableLearning=false, autoCorrection=false, autoComplete=false, imeOptions=0, privateImeOptions=null, actionName=UNSPECIFIED, actionLabel=null, initialSelStart=-1, initialSelEnd=-1, initialCapsMode=0, label=null, fieldId=0, fieldName=null, extras=null, hintText=null, hintLocales=[]}}, false)
09-11 06:11:34.492 I/GoogleInputMethodService( 5495): GoogleInputMethodService.updateDeviceLockedStatus():2192 repeatCheckTimes = 1, locked = false
09-11 06:11:34.492 D/StatsLog(28186): LAUNCHER_GOOGLE_SEARCH_RESTORE_LIST_SIZE_AFTER_ACTIVITY_RESTART
09-11 06:11:34.492 I/AndroidIME( 5495): InputBundleManager.loadActiveInputBundleId():450 loadActiveInputBundleId: und-Latn-x-password, password
09-11 06:11:34.493 I/EmojiCompatManager( 5495): EmojiCompatManager.getEmojiCompatIfLoaded():342 EmojiCompat.init() was never called.
09-11 06:11:34.493 I/EmojiCompatManager( 5495): java.lang.IllegalStateException: EmojiCompat is not initialized. Please call EmojiCompat.init() first
09-11 06:11:34.493 I/EmojiCompatManager( 5495): 	at arw.w(PG:6)
09-11 06:11:34.493 I/EmojiCompatManager( 5495): 	at avw.b(PG:13)
09-11 06:11:34.493 I/EmojiCompatManager( 5495): 	at jhy.b(PG:2)
09-11 06:11:34.493 I/EmojiCompatManager( 5495): 	at jhy.c(PG:4)
09-11 06:11:34.493 I/EmojiCompatManager( 5495): 	at jhy.f(PG:3)
09-11 06:11:34.493 I/EmojiCompatManager( 5495): 	at kat.onStartInput(PG:476)
09-11 06:11:34.493 I/EmojiCompatManager( 5495): 	at android.inputmethodservice.InputMethodService.doStartInput(InputMethodService.java:3351)
09-11 06:11:34.493 I/EmojiCompatManager( 5495): 	at android.inputmethodservice.InputMethodService$InputMethodImpl.startInput(InputMethodService.java:857)
09-11 06:11:34.493 I/EmojiCompatManager( 5495): 	at android.inputmethodservice.InputMethodService$InputMethodImpl.dispatchStartInput(InputMethodService.java:886)
09-11 06:11:34.493 I/EmojiCompatManager( 5495): 	at android.inputmethodservice.IInputMethodWrapper.executeMessage(IInputMethodWrapper.java:201)
09-11 06:11:34.493 I/EmojiCompatManager( 5495): 	at com.android.internal.os.HandlerCaller$MyHandler.handleMessage(HandlerCaller.java:44)
09-11 06:11:34.493 I/EmojiCompatManager( 5495): 	at android.os.Handler.dispatchMessage(Handler.java:107)
09-11 06:11:34.493 I/EmojiCompatManager( 5495): 	at android.os.Looper.loopOnce(Looper.java:232)
09-11 06:11:34.493 I/EmojiCompatManager( 5495): 	at android.os.Looper.loop(Looper.java:317)
09-11 06:11:34.493 I/EmojiCompatManager( 5495): 	at android.app.ActivityThread.main(ActivityThread.java:8592)
09-11 06:11:34.493 I/EmojiCompatManager( 5495): 	at java.lang.reflect.Method.invoke(Native Method)
09-11 06:11:34.493 I/EmojiCompatManager( 5495): 	at com.android.internal.os.RuntimeInit$MethodAndArgsCaller.run(RuntimeInit.java:580)
09-11 06:11:34.493 I/EmojiCompatManager( 5495): 	at com.android.internal.os.ZygoteInit.main(ZygoteInit.java:878)
09-11 06:11:34.493 W/PackageConfigPersister( 1664): App-specific configuration not found for packageName: com.google.android.permissioncontroller and userId: 0
09-11 06:11:34.494 W/gralloc4(  556): Unable to set buffer name VRI[GrantPermissionsActivity]#105(BLAST Consumer)105: File name too long
09-11 06:11:34.507 W/gralloc4(  556): Unable to set buffer name SurfaceView[com.zebra.soho_app/com.zebra.soho_app.MainActivity]#1(BLAST Consumer)1: File name too long
09-11 06:11:34.512 W/gralloc4(  556): Unable to set buffer name VRI[MainActivity]#0(BLAST Consumer)0: File name too long
09-11 06:11:34.518 W/gralloc4(  556): Unable to set buffer name SurfaceView[com.zebra.soho_app/com.zebra.soho_app.MainActivity]#1(BLAST Consumer)1: File name too long
09-11 06:11:34.787 W/AccessibilityManagerService( 1664):  wait for adding window timeout: 814
09-11 06:11:34.882 I/FontLog ( 5144): (REDACTED) Received query %s, URI %s
09-11 06:11:34.883 I/FontLog ( 5144): (REDACTED) Query [%s] resolved to %s
09-11 06:11:34.887 I/FontLog ( 5144): (REDACTED) Fetch %s end status %s
09-11 06:11:34.891 I/FontLog ( 5144): (REDACTED) Pulling font file for id = %d, cache size = %d
09-11 06:11:34.896 W/WindowOnBackDispatcher( 2342): sendCancelIfRunning: isInProgress=falsecallback=android.view.ViewRootImpl$$ExternalSyntheticLambda11@f93b0fc
09-11 06:11:34.896 I/FontLog ( 5144): (REDACTED) Pulling font file for id = %d, cache size = %d
09-11 06:11:34.896 D/CoreBackPreview( 1664): Window{58b05b2 u0 Splash Screen com.zebra.soho_app EXITING}: Setting back callback null
09-11 06:11:34.898 W/InputManager-JNI( 1664): Input channel object '58b05b2 Splash Screen com.zebra.soho_app (client)' was disposed without first being removed with the input manager!
09-11 06:11:34.903 W/AccessibilityManagerService( 1664):  wait for adding window timeout: 815
09-11 06:11:34.947 W/AccessibilityManagerService( 1664):  wait for adding window timeout: 815
09-11 06:11:34.948 W/AccessibilityManagerService( 1664):  wait for adding window timeout: 815
09-11 06:11:35.011 I/WifiHAL ( 1213): Creating message to get link statistics; iface = 47
09-11 06:11:35.067 D/TrafficStats(21361): tagSocket(5) with statsTag=0xffffffff, statsUid=-1
09-11 06:11:35.074 D/TrafficStats(21361): tagSocket(96) with statsTag=0xffffffff, statsUid=-1
09-11 06:11:35.077 D/TrafficStats(21361): tagSocket(97) with statsTag=0xffffffff, statsUid=-1
09-11 06:11:35.079 D/TrafficStats(21361): tagSocket(98) with statsTag=0xffffffff, statsUid=-1
09-11 06:11:35.082 D/TrafficStats(21361): tagSocket(99) with statsTag=0xffffffff, statsUid=-1
09-11 06:11:35.088 I/WifiHAL ( 1213): In GetLinkStatsCommand::handleResponse
09-11 06:11:35.127 D/ConnectivityService( 1664): NetReassign [no changes] [c 0] [a 0] [i 2]
09-11 06:11:36.161 D/TrafficStats(21361): tagSocket(5) with statsTag=0xffffffff, statsUid=-1
09-11 06:11:36.167 D/TrafficStats(21361): tagSocket(96) with statsTag=0xffffffff, statsUid=-1
09-11 06:11:36.171 D/TrafficStats(21361): tagSocket(97) with statsTag=0xffffffff, statsUid=-1
09-11 06:11:36.174 D/TrafficStats(21361): tagSocket(98) with statsTag=0xffffffff, statsUid=-1
09-11 06:11:36.175 D/TrafficStats(21361): tagSocket(99) with statsTag=0xffffffff, statsUid=-1
09-11 06:11:36.406 I/FA      (21758): Application backgrounded at: timestamp_millis: 1726049494398
09-11 06:11:36.765 I/pixel-thermal( 2063): cam_therm:28.99 raw data: cam_therm:28990 
09-11 06:11:36.778 I/pixel-thermal( 2063): charge_therm:32.106 raw data: charge_therm:32106 
09-11 06:11:36.779 I/pixel-thermal( 2063): disp_therm:29.524 raw data: disp_therm:29524 
09-11 06:11:36.780 I/pixel-thermal( 2063): neutral_therm:30.303 raw data: neutral_therm:30303 
09-11 06:11:36.780 I/pixel-thermal( 2063): quiet_therm:28.99 raw data: quiet_therm:28990 
09-11 06:11:36.781 I/pixel-thermal( 2063): usb_pwr_therm:29.457 raw data: usb_pwr_therm:29457 
09-11 06:11:36.785 I/pixel-thermal( 2063): VIRTUAL-SKIN-SPEAKER:27.4201 raw data: VIRTUAL-SKIN-SPEAKER:27420.1 VIRTUAL-SKIN-SPEAKER-SUB-0:23891.1 VIRTUAL-SKIN-SPEAKER-SUB-1:26281.8 VIRTUAL-SKIN-SPEAKER-SUB-2:27420.1 VIRTUAL-SKIN-SPEAKER-SUB-3:27350 battery:28300 cam_therm:28990 charge_therm:32106 disp_therm:29524 neutral_therm:30303 north_therm:29056 quiet_therm:28990 soc_therm:31193 usb_pwr_therm:29457 
09-11 06:11:36.786 I/pixel-thermal( 2063): north_therm:29.056 raw data: north_therm:29056 
09-11 06:11:36.786 I/pixel-thermal( 2063): soc_therm:31.193 raw data: soc_therm:31193 
09-11 06:11:36.789 I/pixel-thermal( 2063): VIRTUAL-SKIN-CHARGE-WIRED:29.0919 raw data: IS_WLC:0 VIRTUAL-SKIN-CHARGE:29091.9 VIRTUAL-SKIN-CHARGE-SUB-0:28918.3 VIRTUAL-SKIN-CHARGE-SUB-1:27603.9 VIRTUAL-SKIN-CHARGE-SUB-2:28964.4 VIRTUAL-SKIN-CHARGE-SUB-3:28997.6 VIRTUAL-SKIN-CHARGE-SUB-4:29091.9 VIRTUAL-SKIN-CHARGE-SUB-5:29059 VIRTUAL-SKIN-CHARGE-SUB-6:27278.5 VIRTUAL-SKIN-CHARGE-WIRED:29091.9 battery:28300 cam_therm:28990 charge_therm:32106 disp_therm:29524 neutral_therm:30303 north_therm:29056 quiet_therm:28990 soc_therm:31193 thb_hda:0 usb_pwr_therm:29457 
09-11 06:11:36.789 I/pixel-thermal( 2063): VIRTUAL-SKIN-CHARGE-PERSIST:29.0919 raw data: VIRTUAL-SKIN-CHARGE:29091.9 VIRTUAL-SKIN-CHARGE-PERSIST:29091.9 
09-11 06:11:36.790 I/pixel-thermal( 2063): Power rails total power: 914.79 mW for 60032 ms
09-11 06:11:36.790 I/pixel-thermal( 2063): Power rails [VSYS_PWR_MODEM: 25.59 mW] [S7M_VDD_TPU: 0.00 mW] [S6M_LLDO1: 97.22 mW] [S4M_VDD_CPUCL0: 92.99 mW] [S2M_VDD_CPUCL2: 39.13 mW] [S1M_VDD_MIF: 34.30 mW] 
09-11 06:11:36.790 I/pixel-thermal( 2063): Power rails [S9M_VDD_CPUCL0_M: 12.75 mW] [L21S_VDD2L_MEM: 2.70 mW] [VSYS_PWR_DISPLAY: 287.46 mW] [L22M_DISP: 49.26 mW] [VSYS_PWR_RFFE: 0.31 mW] [VSYS_PWR_WLAN_BT: 55.99 mW] 
09-11 06:11:36.790 I/pixel-thermal( 2063): Power rails [S5M_VDD_INT: 25.76 mW] [S3M_VDD_CPUCL1: 69.34 mW] [L2S_PLL_MIPI_UFS: 15.47 mW] [S1S_VDD_CAM: 4.72 mW] [S2S_VDD_G3D: 2.39 mW] [S12S_VDD_AUR: 4.63 mW] 
09-11 06:11:36.790 I/pixel-thermal( 2063): Power rails [L9S_GNSS_CORE: 0.62 mW] [S8S_VDD_G3D_L2: 0.46 mW] [S5S_VDDQ_MEM: 4.86 mW] [S9S_VDD_AOC: 9.34 mW] [S4S_VDD2H_MEM: 30.09 mW] [S8M_LLDO2: 49.38 mW] 
09-11 06:11:37.240 D/TrafficStats(21361): tagSocket(5) with statsTag=0xffffffff, statsUid=-1
09-11 06:11:37.248 D/TrafficStats(21361): tagSocket(96) with statsTag=0xffffffff, statsUid=-1
09-11 06:11:37.253 D/TrafficStats(21361): tagSocket(97) with statsTag=0xffffffff, statsUid=-1
09-11 06:11:37.256 D/TrafficStats(21361): tagSocket(98) with statsTag=0xffffffff, statsUid=-1
09-11 06:11:37.260 D/TrafficStats(21361): tagSocket(99) with statsTag=0xffffffff, statsUid=-1
09-11 06:11:37.673 D/DLObserver( 2342): onReceive(); android.intent.action.BATTERY_CHANGED
09-11 06:11:37.673 D/DLObserver( 2342): plugged=1
09-11 06:11:37.673 D/SystemEventDataSource( 2342): onReceive: intentAction
09-11 06:11:37.678 D/PowerUI ( 2342): can't show warning due to - plugged: true status unknown: false
09-11 06:11:37.679 I/ReverseChargingControl( 2342): handleIntentForReverseCharging(): rtx=0 wlc=0 plgac=1 ac=1 acrtx=0 extra=1 this=com.google.android.systemui.reversecharging.ReverseChargingController@79445ed
09-11 06:11:37.679 D/PowerNotificationWarningsGoogleImpl( 2342): onReceive: android.intent.action.BATTERY_CHANGED
09-11 06:11:37.679 D/IncompatibleChargerNotification( 2342): dispatchIntent: android.intent.action.BATTERY_CHANGED
09-11 06:11:37.682 D/GoogleBatteryDataSource( 2342): fetchDwellDefendStatus: CONNECTED
09-11 06:11:37.684 D/GoogleBatteryDataSource( 2342): fetchTempDefendStatus: t_sum=0, time_sum=0 t_avg=0 lst_v=4431328 lst_t=283 lst_u=1042417, dt=0, t=0 e=1
09-11 06:11:37.684 D/SystemEventDataSource( 2342): updatedEventData: SystemEventData(intentAction=android.intent.action.BATTERY_CHANGED, plugged=EventData(value=1), batteryScale=EventData(value=100), batteryLevel=EventData(value=100), chargingStatus=EventData(value=1), maxChargingCurrent=EventData(value=3000000), maxChargingVoltage=EventData(value=5000000), batteryStatus=EventData(value=5), halEventData=HalEventData(dockDefendStatus=EventData(value=-3), tempDefendEventData=EventData(value=false), dwellDefendEventData=EventData(value=false)), settingsEventData=SettingsEventData(dockDefenderBypass=EventData(value=0)), frameworkApiEventData=FrameworkApiEventData(batterySaverState=EventData(value=false), extremeBatterySaverState=EventData(value=false)))
09-11 06:11:37.684 D/SystemEventDataSource( 2342): extra doesn't changed, no need to onEventSourceUpdate
09-11 06:11:38.128 I/WifiHAL ( 1213): Creating message to get link statistics; iface = 47
09-11 06:11:38.209 I/WifiHAL ( 1213): In GetLinkStatsCommand::handleResponse
09-11 06:11:38.280 D/ConnectivityService( 1664): NetReassign [no changes] [c 1] [a 1] [i 19]
09-11 06:11:38.322 D/TrafficStats(21361): tagSocket(5) with statsTag=0xffffffff, statsUid=-1
09-11 06:11:38.328 D/TrafficStats(21361): tagSocket(96) with statsTag=0xffffffff, statsUid=-1
09-11 06:11:38.332 D/TrafficStats(21361): tagSocket(97) with statsTag=0xffffffff, statsUid=-1
09-11 06:11:38.337 D/TrafficStats(21361): tagSocket(98) with statsTag=0xffffffff, statsUid=-1
09-11 06:11:38.357 D/TrafficStats(21361): tagSocket(99) with statsTag=0xffffffff, statsUid=-1
09-11 06:11:38.471 I/pen.pocoservice(21361): Background concurrent mark compact GC freed 430379(19MB) AllocSpace objects, 190(7900KB) LOS objects, 86% free, 3712KB/27MB, paused 549us,6.212ms total 95.267ms
09-11 06:11:38.475 W/System  (21361): A resource failed to call end. 
09-11 06:11:38.476 W/System  (21361): A resource failed to call end. 
09-11 06:11:38.478 W/System  (21361): A resource failed to call end. 
09-11 06:11:38.478 W/System  (21361): A resource failed to call end. 
09-11 06:11:38.478 W/System  (21361): A resource failed to call end. 
09-11 06:11:38.479 W/System  (21361): A resource failed to call end. 
09-11 06:11:38.479 W/System  (21361): A resource failed to call end. 
09-11 06:11:38.480 W/System  (21361): A resource failed to call end. 
09-11 06:11:38.480 W/System  (21361): A resource failed to call end. 
09-11 06:11:38.481 W/System  (21361): A resource failed to call end. 
09-11 06:11:38.481 W/System  (21361): A resource failed to call end. 
09-11 06:11:38.482 W/System  (21361): A resource failed to call end. 
09-11 06:11:38.483 W/System  (21361): A resource failed to call end. 
09-11 06:11:38.483 W/System  (21361): A resource failed to call end. 
09-11 06:11:38.484 W/System  (21361): A resource failed to call end. 
09-11 06:11:38.484 W/System  (21361): A resource failed to call end. 
09-11 06:11:38.484 W/System  (21361): A resource failed to call end. 
09-11 06:11:38.485 W/System  (21361): A resource failed to call end. 
09-11 06:11:38.486 W/System  (21361): A resource failed to call end. 
09-11 06:11:38.490 W/System  (21361): A resource failed to call end. 
09-11 06:11:38.490 W/System  (21361): A resource failed to call end. 
09-11 06:11:38.491 W/System  (21361): A resource failed to call end. 
09-11 06:11:38.491 W/System  (21361): A resource failed to call end. 
09-11 06:11:38.491 W/System  (21361): A resource failed to call end. 
09-11 06:11:38.492 W/System  (21361): A resource failed to call end. 
09-11 06:11:38.493 W/System  (21361): A resource failed to call end. 
09-11 06:11:38.494 W/System  (21361): A resource failed to call end. 
09-11 06:11:38.924 D/ProfileInstaller(21758): Installing profile for com.zebra.soho_app
09-11 06:11:39.427 D/TrafficStats(21361): tagSocket(5) with statsTag=0xffffffff, statsUid=-1
09-11 06:11:39.432 D/TrafficStats(21361): tagSocket(96) with statsTag=0xffffffff, statsUid=-1
09-11 06:11:39.436 D/TrafficStats(21361): tagSocket(97) with statsTag=0xffffffff, statsUid=-1
09-11 06:11:39.442 D/TrafficStats(21361): tagSocket(98) with statsTag=0xffffffff, statsUid=-1
09-11 06:11:39.446 D/TrafficStats(21361): tagSocket(99) with statsTag=0xffffffff, statsUid=-1
09-11 06:11:40.491 D/AndroidRuntime(21926): >>>>>> START com.android.internal.os.RuntimeInit uid 2000 <<<<<<
09-11 06:11:40.495 I/AndroidRuntime(21926): Using default boot image
09-11 06:11:40.495 I/AndroidRuntime(21926): Leaving lock profiling enabled
09-11 06:11:40.496 I/app_process(21926): Using CollectorTypeCMC GC.
09-11 06:11:40.504 D/TrafficStats(21361): tagSocket(5) with statsTag=0xffffffff, statsUid=-1
09-11 06:11:40.508 D/TrafficStats(21361): tagSocket(96) with statsTag=0xffffffff, statsUid=-1
09-11 06:11:40.512 D/TrafficStats(21361): tagSocket(97) with statsTag=0xffffffff, statsUid=-1
09-11 06:11:40.516 D/TrafficStats(21361): tagSocket(98) with statsTag=0xffffffff, statsUid=-1
09-11 06:11:40.519 D/TrafficStats(21361): tagSocket(99) with statsTag=0xffffffff, statsUid=-1
09-11 06:11:40.550 D/nativeloader(21926): InitDefaultPublicLibraries for_preload=1: libandroid.so:libaaudio.so:libamidi.so:libbinder_ndk.so:libc.so:libcamera2ndk.so:libdl.so:libEGL.so:libGLESv1_CM.so:libGLESv2.so:libGLESv3.so:libicu.so:libicui18n.so:libicuuc.so:libjnigraphics.so:liblog.so:libmediandk.so:libm.so:libnativehelper.so:libnativewindow.so:libOpenMAXAL.so:libOpenSLES.so:libRS.so:libstdc++.so:libsync.so:libvulkan.so:libwebviewchromium_plat_support.so:libz.so
09-11 06:11:40.556 D/app_process(21926): Time zone APEX ICU file found: /apex/com.android.tzdata/etc/icu/icu_tzdata.dat
09-11 06:11:40.556 D/app_process(21926): I18n APEX ICU file found: /apex/com.android.i18n/etc/icu/icudt72l.dat
09-11 06:11:40.577 D/AndroidRuntime(21926): Calling main entry com.android.commands.monkey.Monkey
09-11 06:11:40.578 W/Monkey  (21926): args: [-p, com.zebra.soho_app, -c, android.intent.category.LAUNCHER, 1]
09-11 06:11:40.578 W/Monkey  (21926):  arg: "-p"
09-11 06:11:40.578 W/Monkey  (21926):  arg: "com.zebra.soho_app"
09-11 06:11:40.578 W/Monkey  (21926):  arg: "-c"
09-11 06:11:40.578 W/Monkey  (21926):  arg: "android.intent.category.LAUNCHER"
09-11 06:11:40.578 W/Monkey  (21926):  arg: "1"
09-11 06:11:40.578 W/Monkey  (21926): data="com.zebra.soho_app"
09-11 06:11:40.578 W/Monkey  (21926): data="android.intent.category.LAUNCHER"
09-11 06:11:40.586 W/ActivityManager( 1664): registerReceiverWithFeature: no app for null
09-11 06:11:40.591 W/ActivityTaskManager( 1664): callingPackage for (uid=2000, pid=21926) has no WPC
09-11 06:11:40.598 V/WindowManagerShell( 2342): Transition requested (#1647): android.os.BinderProxy@d85b5e1 TransitionRequestInfo { type = OPEN, triggerTask = TaskInfo{userId=0 taskId=4127 displayId=0 isRunning=true baseIntent=Intent { act=android.intent.action.MAIN cat=[android.intent.category.LAUNCHER] flg=0x10200000 cmp=com.zebra.soho_app/.MainActivity } baseActivity=ComponentInfo{com.zebra.soho_app/com.zebra.soho_app.MainActivity} topActivity=ComponentInfo{com.zebra.soho_app/com.zebra.soho_app.MainActivity} origActivity=null realActivity=ComponentInfo{com.zebra.soho_app/com.zebra.soho_app.MainActivity} numActivities=1 lastActiveTime=1042547575 supportsMultiWindow=true resizeMode=1 isResizeable=true minWidth=-1 minHeight=-1 defaultMinSize=220 token=WCT{android.window.IWindowContainerToken$Stub$Proxy@c5f2f06} topActivityType=1 pictureInPictureParams=null shouldDockBigOverlays=false launchIntoPipHostTaskId=-1 lastParentTaskIdBeforePip=-1 displayCutoutSafeInsets=Rect(0, 132 - 0, 0) topActivityInfo=ActivityInfo{97f09c7 com.zebra.soho_app.MainActivity} launchCookies=[] positionInParent=Point(0, 0) parentTaskId=-1 isFocused=true isVisible=true isVisibleRequested=true isSleeping=false locusId=null displayAreaFeatureId=1 isTopActivityTransparent=false appCompatTaskInfo=AppCompatTaskInfo { topActivityInSizeCompat=false topActivityEligibleForLetterboxEducation= false isLetterboxDoubleTapEnabled= false topActivityEligibleForUserAspectRatioButton= false topActivityBoundsLetterboxed= false isFromLetterboxDoubleTap= false topActivityLetterboxVerticalPosition= -1 topActivityLetterboxHorizontalPosition= -1 topActivityLetterboxWidth=1080 topActivityLetterboxHeight=2400 isUserFullscreenOverrideEnabled=false isSystemFullscreenOverrideEnabled=false cameraCompatControlState=hidden}}, pipTask = null, remoteTransition = null, displayChange = null, flags = 0, debugId = 1647 }
09-11 06:11:40.598 I/ActivityTaskManager( 1664): START u0 {act=android.intent.action.MAIN cat=[android.intent.category.LAUNCHER] flg=0x10200000 cmp=com.zebra.soho_app/.MainActivity} with LAUNCH_SINGLE_TASK from uid 2000 (BAL_ALLOW_PERMISSION) result code=3
09-11 06:11:40.599 I/Monkey  (21926): Events injected: 1
09-11 06:11:40.599 D/WindowManagerShell( 2342): onActivityRestartAttempt: ComponentInfo{com.zebra.soho_app/com.zebra.soho_app.MainActivity}
09-11 06:11:40.603 I/Monkey  (21926): ## Network stats: elapsed time=11ms (0ms mobile, 0ms wifi, 11ms not connected)
09-11 06:11:40.603 I/app_process(21926): System.exit called, status: 0
09-11 06:11:40.603 I/AndroidRuntime(21926): VM exiting with result code 0.
09-11 06:11:40.617 D/CompatibilityChangeReporter(21758): Compat change id reported: 78294732; UID 10315; state: ENABLED
