09-11 06:11:27.740 D/CompatibilityChangeReporter( 1664): Compat change id reported: 197654537; UID 10315; state: ENABLED
09-11 06:11:27.740 D/CompatibilityChangeReporter( 1664): Compat change id reported: 205907456; UID 10315; state: ENABLED
09-11 06:11:27.744 D/CompatibilityChangeReporter( 1664): Compat change id reported: 194833441; UID 10315; state: ENABLED
09-11 06:11:27.744 I/ActivityTaskManager( 1664): START u0 {act=android.intent.action.MAIN cat=[android.intent.category.LAUNCHER] flg=0x10200000 cmp=com.zebra.soho_app/.MainActivity} with LAUNCH_SINGLE_TASK from uid 2000 (BAL_ALLOW_PERMISSION) result code=0
09-11 06:11:27.744 V/WindowManagerShell( 2342): Transition requested (#1643): android.os.BinderProxy@117ef1a TransitionRequestInfo { type = OPEN, triggerTask = TaskInfo{userId=0 taskId=4126 displayId=0 isRunning=true baseIntent=Intent { act=android.intent.action.MAIN cat=[android.intent.category.LAUNCHER] flg=0x10200000 cmp=com.zebra.soho_app/.MainActivity } baseActivity=ComponentInfo{com.zebra.soho_app/com.zebra.soho_app.MainActivity} topActivity=ComponentInfo{com.zebra.soho_app/com.zebra.soho_app.MainActivity} origActivity=null realActivity=ComponentInfo{com.zebra.soho_app/com.zebra.soho_app.MainActivity} numActivities=1 lastActiveTime=1042534724 supportsMultiWindow=true resizeMode=1 isResizeable=true minWidth=-1 minHeight=-1 defaultMinSize=220 token=WCT{android.window.IWindowContainerToken$Stub$Proxy@a26ea4b} topActivityType=1 pictureInPictureParams=null shouldDockBigOverlays=false launchIntoPipHostTaskId=-1 lastParentTaskIdBeforePip=-1 displayCutoutSafeInsets=Rect(0, 132 - 0, 0) topActivityInfo=ActivityInfo{ef6cc28 com.zebra.soho_app.MainActivity} launchCookies=[] positionInParent=Point(0, 0) parentTaskId=-1 isFocused=false isVisible=false isVisibleRequested=false isSleeping=false locusId=null displayAreaFeatureId=1 isTopActivityTransparent=false appCompatTaskInfo=AppCompatTaskInfo { topActivityInSizeCompat=false topActivityEligibleForLetterboxEducation= false isLetterboxDoubleTapEnabled= false topActivityEligibleForUserAspectRatioButton= false topActivityBoundsLetterboxed= false isFromLetterboxDoubleTap= false topActivityLetterboxVerticalPosition= -1 topActivityLetterboxHorizontalPosition= -1 topActivityLetterboxWidth=1080 topActivityLetterboxHeight=2400 isUserFullscreenOverrideEnabled=false isSystemFullscreenOverrideEnabled=false cameraCompatControlState=hidden}}, pipTask = null, remoteTransition = null, displayChange = null, flags = 0, debugId = 1643 }
09-11 06:11:27.745 W/SplitSelectStateCtor(28186): Missing session instanceIds
09-11 06:11:27.745 D/StatsLog(28186): LAUNCHER_SPLIT_SELECTION_EXIT_INTERRUPTED
09-11 06:11:27.745 D/WindowManagerShell( 2342): setLauncherKeepClearAreaHeight: visible=false, height=527
09-11 06:11:27.745 I/Monkey  (21584): Events injected: 1
09-11 06:11:27.754 D/vulkan  (21537): searching for layers in '/data/app/~~mhvLTvkWAyNfT0Rl9R1lvw==/com.zebra.soho_app-9QM4_kmKVPC_fj3mJrapUw==/lib/arm64'
09-11 06:11:27.755 D/vulkan  (21537): searching for layers in '/data/app/~~mhvLTvkWAyNfT0Rl9R1lvw==/com.zebra.soho_app-9QM4_kmKVPC_fj3mJrapUw==/base.apk!/lib/arm64-v8a'
09-11 06:11:27.756 I/BpBinder(  555): onLastStrongRef automatically unlinking death recipients: 
09-11 06:11:27.758 I/Monkey  (21584): ## Network stats: elapsed time=20ms (0ms mobile, 0ms wifi, 20ms not connected)
09-11 06:11:27.759 I/app_process(21584): System.exit called, status: 0
09-11 06:11:27.759 I/AndroidRuntime(21584): VM exiting with result code 0.
09-11 06:11:27.759 D/CoreBackPreview( 1664): Window{302106f u0 Splash Screen com.zebra.soho_app}: Setting back callback OnBackInvokedCallbackInfo{mCallback=android.window.IOnBackInvokedCallback$Stub$Proxy@f1bcab2, mPriority=0, mIsAnimationCallback=false}
09-11 06:11:27.761 W/gralloc4(  556): Unable to set buffer name VRI[soho_app]#1368(BLAST Consumer)1368: File name too long
09-11 06:11:27.762 W/gralloc4(  556): Unable to set buffer name VRI[soho_app]#1368(BLAST Consumer)1368: File name too long
09-11 06:11:27.762 W/gralloc4(  556): Unable to set buffer name VRI[soho_app]#1368(BLAST Consumer)1368: File name too long
09-11 06:11:27.765 W/gralloc4(  556): Unable to set buffer name VRI[soho_app]#1368(BLAST Consumer)1368: File name too long
09-11 06:11:27.766 W/gralloc4(  556): Unable to set buffer name VRI[soho_app]#1368(BLAST Consumer)1368: File name too long
09-11 06:11:27.766 V/WindowManager( 1664): Sent Transition (#1643) createdAt=09-11 06:11:27.735 via request=TransitionRequestInfo { type = OPEN, triggerTask = TaskInfo{userId=0 taskId=4126 displayId=0 isRunning=true baseIntent=Intent { act=android.intent.action.MAIN cat=[android.intent.category.LAUNCHER] flg=0x10200000 cmp=com.zebra.soho_app/.MainActivity } baseActivity=ComponentInfo{com.zebra.soho_app/com.zebra.soho_app.MainActivity} topActivity=ComponentInfo{com.zebra.soho_app/com.zebra.soho_app.MainActivity} origActivity=null realActivity=ComponentInfo{com.zebra.soho_app/com.zebra.soho_app.MainActivity} numActivities=1 lastActiveTime=1042534724 supportsMultiWindow=true resizeMode=1 isResizeable=true minWidth=-1 minHeight=-1 defaultMinSize=220 token=WCT{RemoteToken{cf7dffe Task{364211 #4126 type=standard A=10315:com.zebra.soho_app}}} topActivityType=1 pictureInPictureParams=null shouldDockBigOverlays=false launchIntoPipHostTaskId=-1 lastParentTaskIdBeforePip=-1 displayCutoutSafeInsets=Rect(0, 132 - 0, 0) topActivityInfo=ActivityInfo{cce5238 com.zebra.soho_app.MainActivity} launchCookies=[] positionInParent=Point(0, 0) parentTaskId=-1 isFocused=false isVisible=false isVisibleRequested=false isSleeping=false locusId=null displayAreaFeatureId=1 isTopActivityTransparent=false appCompatTaskInfo=AppCompatTaskInfo { topActivityInSizeCompat=false topActivityEligibleForLetterboxEducation= false isLetterboxDoubleTapEnabled= false topActivityEligibleForUserAspectRatioButton= false topActivityBoundsLetterboxed= false isFromLetterboxDoubleTap= false topActivityLetterboxVerticalPosition= -1 topActivityLetterboxHorizontalPosition= -1 topActivityLetterboxWidth=1080 topActivityLetterboxHeight=2400 isUserFullscreenOverrideEnabled=false isSystemFullscreenOverrideEnabled=false cameraCompatControlState=hidden}}, pipTask = null, remoteTransition = null, displayChange = null, flags = 0, debugId = 1643 }
09-11 06:11:27.766 V/WindowManagerShell( 2342): onTransitionReady (#1643) android.os.BinderProxy@117ef1a: {id=1643 t=OPEN f=0x0 trk=0 r=[0@Point(0, 0)] c=[{WCT{android.window.IWindowContainerToken$Stub$Proxy@6832117} m=OPEN f=NONE leash=Surface(name=Task=4126)/@0xf898f58 sb=Rect(0, 0 - 1080, 2400) eb=Rect(0, 0 - 1080, 2400) d=0},{WCT{android.window.IWindowContainerToken$Stub$Proxy@8b44904} m=TO_BACK f=SHOW_WALLPAPER leash=Surface(name=Task=1)/@0xd4f08b1 sb=Rect(0, 0 - 1080, 2400) eb=Rect(0, 0 - 1080, 2400) d=0}]}
09-11 06:11:27.766 V/WindowManagerShell( 2342): Playing animation for (#1643) android.os.BinderProxy@117ef1a@0
09-11 06:11:27.766 V/WindowManager( 1664):     startWCT=WindowContainerTransaction { changes = {} hops = [] errorCallbackToken=null taskFragmentOrganizer=null }
09-11 06:11:27.766 V/WindowManagerShell( 2342):  try handler com.android.wm.shell.transition.DefaultMixedHandler@e020e31
09-11 06:11:27.767 V/WindowManagerShell( 2342):  try handler com.android.wm.shell.keyguard.KeyguardTransitionHandler@2192916
09-11 06:11:27.767 V/WindowManagerShell( 2342):  try handler com.android.wm.shell.pip.PipTransition@c3f6297
09-11 06:11:27.767 V/WindowManagerShell( 2342):  try handler com.android.wm.shell.activityembedding.ActivityEmbeddingController@ed12c84
09-11 06:11:27.767 V/WindowManagerShell( 2342):  try handler com.android.wm.shell.recents.RecentsTransitionHandler@cb85c6d
09-11 06:11:27.767 V/ShellRecents( 2342): RecentsTransitionHandler.startAnimation: no controller found
09-11 06:11:27.767 V/WindowManagerShell( 2342):  try handler com.android.wm.shell.splitscreen.StageCoordinator@c664baa
09-11 06:11:27.767 V/WindowManagerShell( 2342):  try handler com.android.wm.shell.transition.RemoteTransitionHandler@ff6c0a2
09-11 06:11:27.767 V/WindowManagerShell( 2342): Transition doesn't have explicit remote, search filters for match for {id=1643 t=OPEN f=0x0 trk=0 r=[0@Point(0, 0)] c=[{WCT{android.window.IWindowContainerToken$Stub$Proxy@6832117} m=OPEN f=NONE leash=Surface(name=Task=4126)/@0xf898f58 sb=Rect(0, 0 - 1080, 2400) eb=Rect(0, 0 - 1080, 2400) d=0},{WCT{android.window.IWindowContainerToken$Stub$Proxy@8b44904} m=TO_BACK f=SHOW_WALLPAPER leash=Surface(name=Task=1)/@0xd4f08b1 sb=Rect(0, 0 - 1080, 2400) eb=Rect(0, 0 - 1080, 2400) d=0}]}
09-11 06:11:27.767 V/WindowManager( 1664):     info={id=1643 t=OPEN f=0x0 trk=0 r=[0@Point(0, 0)] c=[
09-11 06:11:27.767 V/WindowManager( 1664):         {WCT{RemoteToken{cf7dffe Task{364211 #4126 type=standard A=10315:com.zebra.soho_app}}} m=OPEN f=NONE leash=Surface(name=Task=4126)/@0x6d54d80 sb=Rect(0, 0 - 1080, 2400) eb=Rect(0, 0 - 1080, 2400) d=0},
09-11 06:11:27.767 V/WindowManager( 1664):         {WCT{RemoteToken{5e2f750 Task{792b14c #1 type=undefined}}} m=TO_BACK f=SHOW_WALLPAPER leash=Surface(name=Task=1)/@0x7a76c92 sb=Rect(0, 0 - 1080, 2400) eb=Rect(0, 0 - 1080, 2400) d=0}
09-11 06:11:27.767 V/WindowManager( 1664):     ]}
09-11 06:11:27.767 V/WindowManagerShell( 2342):  Checking filter Pair{{types=[] flags=0x0] notFlags=0x0 checks=[{atype=dream independent=true modes=[OPEN,TO_FRONT] flags=NONE mustBeTask=false order=ANY topActivity=null},{atype=home independent=true modes=[CLOSE,TO_BACK] flags=NONE mustBeTask=false order=ANY topActivity=null}]} RemoteTransition { remoteTransition = android.window.IRemoteTransition$Stub$Proxy@c69af3e, appThread = android.app.IApplicationThread$Stub$Proxy@458b19f, debugName = LauncherToDream }}
09-11 06:11:27.767 V/WindowManagerShell( 2342):  Checking filter Pair{{types=[] flags=0x0] notFlags=0x100 checks=[{atype=home independent=true modes=[OPEN,TO_FRONT] flags=NONE mustBeTask=false order=TOP topActivity=ComponentInfo{com.google.android.apps.nexuslauncher/com.google.android.apps.nexuslauncher.NexusLauncherActivity}},{atype=standard independent=true modes=[CLOSE,TO_BACK] flags=NONE mustBeTask=false order=ANY topActivity=null}]} RemoteTransition { remoteTransition = android.window.IRemoteTransition$Stub$Proxy@fdc42ec, appThread = android.app.IApplicationThread$Stub$Proxy@bb496b5, debugName = QuickstepLaunchHome }}
09-11 06:11:27.767 V/WindowManagerShell( 2342):  Delegate animation for (#1643) to null
09-11 06:11:27.767 V/WindowManagerShell( 2342):  try handler com.android.wm.shell.transition.DefaultTransitionHandler@a0d9133
09-11 06:11:27.767 V/WindowManagerShell( 2342): start default transition animation, info = {id=1643 t=OPEN f=0x0 trk=0 r=[0@Point(0, 0)] c=[{WCT{android.window.IWindowContainerToken$Stub$Proxy@6832117} m=OPEN f=NONE leash=Surface(name=Task=4126)/@0xf898f58 sb=Rect(0, 0 - 1080, 2400) eb=Rect(0, 0 - 1080, 2400) d=0},{WCT{android.window.IWindowContainerToken$Stub$Proxy@8b44904} m=TO_BACK f=SHOW_WALLPAPER leash=Surface(name=Task=1)/@0xd4f08b1 sb=Rect(0, 0 - 1080, 2400) eb=Rect(0, 0 - 1080, 2400) d=0}]}
09-11 06:11:27.767 V/WindowManagerShell( 2342): loadAnimation: anim=android.view.animation.AnimationSet@6427122 animAttr=0x13 type=OPEN isEntrance=false
09-11 06:11:27.767 W/UserManagerService( 1664): Requested status bar icon for non-badged user 0
09-11 06:11:27.767 V/WindowManagerShell( 2342): loadAnimation: anim=android.view.animation.AnimationSet@9ba7d6e animAttr=0x12 type=OPEN isEntrance=true
09-11 06:11:27.767 V/WindowManagerShell( 2342):  animated by com.android.wm.shell.transition.DefaultTransitionHandler@a0d9133
09-11 06:11:27.789 W/.zebra.soho_app(21537): type=1400 audit(0.0:6130): avc:  denied  { read } for  name="max_map_count" dev="proc" ino=35959313 scontext=u:r:untrusted_app:s0:c59,c257,c512,c768 tcontext=u:object_r:proc_max_map_count:s0 tclass=file permissive=0 app=com.zebra.soho_app
09-11 06:11:27.846 I/A       (22555): onPause
09-11 06:11:27.848 I/ContentCaptureHelper(21537): Setting logging level to OFF
09-11 06:11:27.850 D/SessionLifecycleClient(21537): Sending lifecycle 1 to service
09-11 06:11:27.850 D/SessionLifecycleService(21537): Activity foregrounding at 148758480.
09-11 06:11:27.850 D/SessionLifecycleService(21537): Cold start detected.
09-11 06:11:27.850 I/FA      (21537): Tag Manager is not found and thus will not be used
09-11 06:11:27.850 V/ClearcutMetricXmitter(22555): Transmission is done.
09-11 06:11:27.851 D/SessionLifecycleService(21537): Generated new session 355790bfdc8f4d1c8da08e6a70139511
09-11 06:11:27.851 D/SessionLifecycleService(21537): Broadcasting new session: SessionDetails(sessionId=355790bfdc8f4d1c8da08e6a70139511, firstSessionId=355790bfdc8f4d1c8da08e6a70139511, sessionIndex=0, sessionStartTimestampUs=1726049487850000)
09-11 06:11:27.851 D/SessionFirelogPublisher(21537): Data Collection is enabled for at least one Subscriber
09-11 06:11:27.851 D/CompatibilityChangeReporter(21537): Compat change id reported: 237531167; UID 10315; state: DISABLED
09-11 06:11:27.852 D/CompatibilityChangeReporter( 1664): Compat change id reported: 197654537; UID 1000; state: ENABLED
09-11 06:11:27.853 D/EventGDTLogger(21537): Session Event: {"eventType":1,"sessionData":{"sessionId":"355790bfdc8f4d1c8da08e6a70139511","firstSessionId":"355790bfdc8f4d1c8da08e6a70139511","sessionIndex":0,"eventTimestampUs":1726049487850000,"dataCollectionStatus":{"performance":1,"crashlytics":2,"sessionSamplingRate":1.0},"firebaseInstallationId":"fKh32zqXSTOcYRpJCJeWum"},"applicationInfo":{"appId":"1:233946974047:android:204307b4740352c0e598ea","deviceModel":"Pixel 8","sessionSdkVersion":"1.2.2","osVersion":"14","logEnvironment":3,"androidAppInfo":{"packageName":"com.zebra.soho_app","versionName":"2.0.6506","appBuildVersion":"6506","deviceManufacturer":"Google","currentProcessDetails":{"processName":"com.zebra.soho_app","pid":21537,"importance":100,"defaultProcess":true},"appProcessDetails":[{"processName":"com.zebra.soho_app","pid":21537,"importance":100,"defaultProcess":true}]}}}
09-11 06:11:27.853 D/SessionFirelogPublisher(21537): Successfully logged Session Start event: 355790bfdc8f4d1c8da08e6a70139511
09-11 06:11:27.854 W/ActivityTaskManager( 1664): takeTaskSnapshot: taskId=4125 not found or not visible
09-11 06:11:27.857 D/CompatibilityChangeReporter(21537): Compat change id reported: 194532703; UID 10315; state: ENABLED
09-11 06:11:27.857 D/CompatibilityChangeReporter(21537): Compat change id reported: 253665015; UID 10315; state: ENABLED
09-11 06:11:27.857 D/CompatibilityChangeReporter(21537): Compat change id reported: 311402873; UID 10315; state: DISABLED
09-11 06:11:27.857 D/CompatibilityChangeReporter(21537): Compat change id reported: 323349338; UID 10315; state: DISABLED
09-11 06:11:27.858 D/CompatibilityChangeReporter( 1664): Compat change id reported: 271850009; UID 10315; state: ENABLED
09-11 06:11:27.858 D/CompatibilityChangeReporter( 1664): Compat change id reported: 253665015; UID 10315; state: ENABLED
09-11 06:11:27.858 D/CompatibilityChangeReporter( 1664): Compat change id reported: 194532703; UID 10315; state: ENABLED
09-11 06:11:27.858 D/CompatibilityChangeReporter( 1664): Compat change id reported: 311402873; UID 10315; state: DISABLED
09-11 06:11:27.858 D/CompatibilityChangeReporter( 1664): Compat change id reported: 323349338; UID 10315; state: DISABLED
09-11 06:11:27.859 D/FlutterLocationService(21537): Creating service.
09-11 06:11:27.860 D/FlutterLocationService(21537): Binding to location service.
09-11 06:11:27.860 D/SessionLifecycleClient(21537): Session update received: 355790bfdc8f4d1c8da08e6a70139511
09-11 06:11:27.861 I/WindowExtensionsImpl(21537): Initializing Window Extensions.
09-11 06:11:27.862 D/SessionLifecycleClient(21537): Notified CRASHLYTICS of new session 355790bfdc8f4d1c8da08e6a70139511
09-11 06:11:27.866 W/NetworkScheduler( 5144): Error inserting flex_time=14000 job_id=-1 period=30000 source=16 requires_charging=0 preferred_network_type=1 target_class=com.google.android.gms.measurement.PackageMeasurementTaskService user_id=0 target_package=com.google.android.gms tag=Measurement.PackageMeasurementTaskService.UPLOAD_TASK_TAG task_type=0 required_idleness_state=0 service_kind=0 source_version=243433000 persistence_level=1 preferred_charging_state=1 required_network_type=0 runtime=1726049487864 retry_strategy={"maximum_backoff_seconds":{"3600":0},"initial_backoff_seconds":{"30":0},"retry_policy":{"0":0}} last_runtime=0 [CONTEXT service_id=218 ]
09-11 06:11:27.866 W/NetworkScheduler( 5144): android.database.sqlite.SQLiteConstraintException: UNIQUE constraint failed: pending_ops.tag, pending_ops.target_class, pending_ops.target_package, pending_ops.user_id (code 2067 SQLITE_CONSTRAINT_UNIQUE)
09-11 06:11:27.866 W/NetworkScheduler( 5144): 	at android.database.sqlite.SQLiteConnection.nativeExecuteForLastInsertedRowId(Native Method)
09-11 06:11:27.866 W/NetworkScheduler( 5144): 	at android.database.sqlite.SQLiteConnection.executeForLastInsertedRowId(SQLiteConnection.java:974)
09-11 06:11:27.866 W/NetworkScheduler( 5144): 	at android.database.sqlite.SQLiteSession.executeForLastInsertedRowId(SQLiteSession.java:814)
09-11 06:11:27.866 W/NetworkScheduler( 5144): 	at android.database.sqlite.SQLiteStatement.executeInsert(SQLiteStatement.java:89)
09-11 06:11:27.866 W/NetworkScheduler( 5144): 	at android.database.sqlite.SQLiteDatabase.insertWithOnConflict(SQLiteDatabase.java:1976)
09-11 06:11:27.866 W/NetworkScheduler( 5144): 	at android.database.sqlite.SQLiteDatabase.insertOrThrow(SQLiteDatabase.java:1870)
09-11 06:11:27.866 W/NetworkScheduler( 5144): 	at dejz.d(:com.google.android.gms@243433038@24.34.33 (190400-666809342):735)
09-11 06:11:27.866 W/NetworkScheduler( 5144): 	at dehl.n(:com.google.android.gms@243433038@24.34.33 (190400-666809342):29)
09-11 06:11:27.866 W/NetworkScheduler( 5144): 	at dehl.u(:com.google.android.gms@243433038@24.34.33 (190400-666809342):360)
09-11 06:11:27.866 W/NetworkScheduler( 5144): 	at dehl.h(:com.google.android.gms@243433038@24.34.33 (190400-666809342):51)
09-11 06:11:27.866 W/NetworkScheduler( 5144): 	at decf.run(:com.google.android.gms@243433038@24.34.33 (190400-666809342):72)
09-11 06:11:27.866 W/NetworkScheduler( 5144): 	at amze.c(:com.google.android.gms@243433038@24.34.33 (190400-666809342):50)
09-11 06:11:27.866 W/NetworkScheduler( 5144): 	at amze.run(:com.google.android.gms@243433038@24.34.33 (190400-666809342):76)
09-11 06:11:27.866 W/NetworkScheduler( 5144): 	at java.util.concurrent.ThreadPoolExecutor.runWorker(ThreadPoolExecutor.java:1145)
09-11 06:11:27.866 W/NetworkScheduler( 5144): 	at java.util.concurrent.ThreadPoolExecutor$Worker.run(ThreadPoolExecutor.java:644)
09-11 06:11:27.866 W/NetworkScheduler( 5144): 	at aneq.run(:com.google.android.gms@243433038@24.34.33 (190400-666809342):8)
09-11 06:11:27.866 W/NetworkScheduler( 5144): 	at java.lang.Thread.run(Thread.java:1012)
09-11 06:11:27.868 D/CoreBackPreview( 1664): Window{d09fdba u0 com.zebra.soho_app/com.zebra.soho_app.MainActivity}: Setting back callback OnBackInvokedCallbackInfo{mCallback=android.window.IOnBackInvokedCallback$Stub$Proxy@3de9236, mPriority=0, mIsAnimationCallback=false}
09-11 06:11:27.873 D/LocationPlugin(21537): Service connected: ComponentInfo{com.zebra.soho_app/com.lyokone.location.FlutterLocationService}
09-11 06:11:27.875 D/CompatibilityChangeReporter(21537): Compat change id reported: 3400644; UID 10315; state: ENABLED
09-11 06:11:27.902 I/flutter (21537): [2024-09-11 06:11:27.901900] getLocalTokens : access_token: null
09-11 06:11:27.902 I/flutter (21537): [2024-09-11 06:11:27.902066] getLocalTokens : refresh_token: null
09-11 06:11:27.902 I/flutter (21537): [2024-09-11 06:11:27.902076] getLocalTokens : id_token: null
09-11 06:11:27.902 I/flutter (21537): [2024-09-11 06:11:27.902081] getLocalTokens : expires_in: null
09-11 06:11:27.902 I/flutter (21537): [2024-09-11 06:11:27.902622] GRPC_CHANNEL: Network initialised to ConnectivityResult.wifi
09-11 06:11:27.902 I/flutter (21537): [2024-09-11 06:11:27.902637] GRPC_CHANNEL: ClientChannel@681860659 created
09-11 06:11:27.902 I/flutter (21537): [2024-09-11 06:11:27.902642] GRPC_CHANNEL: Subscribing to network state changes for ClientChannel@681860659
09-11 06:11:27.903 I/flutter (21537): [2024-09-11 06:11:27.903360] ================  Load  en Localizations  ================
09-11 06:11:27.903 I/flutter (21537): [2024-09-11 06:11:27.903854] ================  Load Localizations  ================
09-11 06:11:27.904 D/ConnectivityService( 1664): requestNetwork for uid/pid:10315/21537 activeRequest: null callbackRequest: 3397 [NetworkRequest [ REQUEST id=3398, [ Capabilities: INTERNET&NOT_RESTRICTED&TRUSTED&NOT_VCN_MANAGED Uid: 10315 RequestorUid: 10315 RequestorPkg: com.zebra.soho_app UnderlyingNetworks: Null] ]] callback flags: 0 order: 2147483647
09-11 06:11:27.905 I/flutter (21537): [2024-09-11 06:11:27.905003] initState #1
09-11 06:11:27.905 D/WifiNetworkFactory( 1664): got request NetworkRequest [ REQUEST id=3398, [ Capabilities: INTERNET&NOT_RESTRICTED&TRUSTED&NOT_VCN_MANAGED Uid: 10315 RequestorUid: 10315 RequestorPkg: com.zebra.soho_app UnderlyingNetworks: Null] ]
09-11 06:11:27.905 D/UntrustedWifiNetworkFactory( 1664): got request NetworkRequest [ REQUEST id=3398, [ Capabilities: INTERNET&NOT_RESTRICTED&TRUSTED&NOT_VCN_MANAGED Uid: 10315 RequestorUid: 10315 RequestorPkg: com.zebra.soho_app UnderlyingNetworks: Null] ]
09-11 06:11:27.905 D/ConnectivityService( 1664): NetReassign [3398 : null → 154] [c 0] [a 0] [i 1]
09-11 06:11:27.905 I/flutter (21537): [2024-09-11 06:11:27.905484] initState #2
09-11 06:11:27.905 D/OemPaidWifiNetworkFactory( 1664): got request NetworkRequest [ REQUEST id=3398, [ Capabilities: INTERNET&NOT_RESTRICTED&TRUSTED&NOT_VCN_MANAGED Uid: 10315 RequestorUid: 10315 RequestorPkg: com.zebra.soho_app UnderlyingNetworks: Null] ]
09-11 06:11:27.905 I/flutter (21537): [2024-09-11 06:11:27.905540] initState #3
09-11 06:11:27.905 D/MultiInternetWifiNetworkFactory( 1664): got request NetworkRequest [ REQUEST id=3398, [ Capabilities: INTERNET&NOT_RESTRICTED&TRUSTED&NOT_VCN_MANAGED Uid: 10315 RequestorUid: 10315 RequestorPkg: com.zebra.soho_app UnderlyingNetworks: Null] ]
09-11 06:11:27.920 I/flutter (21537): [2024-09-11 06:11:27.920206] GRPC_CHANNEL ---- _handleNetworkChange ----
09-11 06:11:27.920 I/flutter (21537): [2024-09-11 06:11:27.920247] GRPC_CHANNEL: Initial network change from ConnectivityResult.wifi to ConnectivityResult.wifi
09-11 06:11:27.922 I/hwservicemanager(  494): getTransport: Cannot find entry android.hardware.graphics.allocator@4.0::IAllocator/default in either framework or device VINTF manifest.
09-11 06:11:27.924 W/gralloc4(  556): Unable to set buffer name SurfaceView[com.zebra.soho_app/com.zebra.soho_app.MainActivity]#1(BLAST Consumer)1: File name too long
09-11 06:11:27.929 W/gralloc4(  556): Unable to set buffer name SurfaceView[com.zebra.soho_app/com.zebra.soho_app.MainActivity]#1(BLAST Consumer)1: File name too long
09-11 06:11:27.941 W/gralloc4(  556): Unable to set buffer name VRI[MainActivity]#0(BLAST Consumer)0: File name too long
09-11 06:11:27.947 W/gralloc4(  556): Unable to set buffer name SurfaceView[com.zebra.soho_app/com.zebra.soho_app.MainActivity]#1(BLAST Consumer)1: File name too long
09-11 06:11:27.950 I/ActivityTaskManager( 1664): Displayed com.zebra.soho_app/.MainActivity for user 0: +213ms
09-11 06:11:27.951 I/ActivityTaskManager( 1664): Fully drawn com.zebra.soho_app/.MainActivity: +213ms
09-11 06:11:27.979 D/CompatibilityChangeReporter( 1664): Compat change id reported: 214016041; UID 10315; state: ENABLED
09-11 06:11:27.980 I/ImeTracker( 1664): com.zebra.soho_app:4f00f06f: onRequestHide at ORIGIN_SERVER reason HIDE_UNSPECIFIED_WINDOW fromUser false
09-11 06:11:27.980 I/ImeTracker( 1664): com.zebra.soho_app:4f00f06f: onCancelled at PHASE_SERVER_SHOULD_HIDE
09-11 06:11:27.984 I/GoogleInputMethodService( 5495): GoogleInputMethodService.onFinishInput():3121 
09-11 06:11:27.986 I/GoogleInputMethodService( 5495): GoogleInputMethodService.updateDeviceLockedStatus():2192 repeatCheckTimes = 0, locked = false
09-11 06:11:27.986 I/GoogleInputMethodService( 5495): GoogleInputMethodService.onStartInput():1936 onStartInput(EditorInfo{EditorInfo{packageName=com.zebra.soho_app, inputType=0, inputTypeString=NULL, enableLearning=false, autoCorrection=false, autoComplete=false, imeOptions=0, privateImeOptions=null, actionName=UNSPECIFIED, actionLabel=null, initialSelStart=-1, initialSelEnd=-1, initialCapsMode=0, label=null, fieldId=0, fieldName=null, extras=null, hintText=null, hintLocales=[]}}, false)
09-11 06:11:27.986 I/GoogleInputMethodService( 5495): GoogleInputMethodService.updateDeviceLockedStatus():2192 repeatCheckTimes = 1, locked = false
09-11 06:11:27.987 I/AndroidIME( 5495): InputBundleManager.loadActiveInputBundleId():450 loadActiveInputBundleId: und-Latn-x-password, password
09-11 06:11:27.987 I/EmojiCompatManager( 5495): EmojiCompatManager.getEmojiCompatIfLoaded():342 EmojiCompat.init() was never called.
09-11 06:11:27.987 I/EmojiCompatManager( 5495): java.lang.IllegalStateException: EmojiCompat is not initialized. Please call EmojiCompat.init() first
09-11 06:11:27.987 I/EmojiCompatManager( 5495): 	at arw.w(PG:6)
09-11 06:11:27.987 I/EmojiCompatManager( 5495): 	at avw.b(PG:13)
09-11 06:11:27.987 I/EmojiCompatManager( 5495): 	at jhy.b(PG:2)
09-11 06:11:27.987 I/EmojiCompatManager( 5495): 	at jhy.c(PG:4)
09-11 06:11:27.987 I/EmojiCompatManager( 5495): 	at jhy.f(PG:3)
09-11 06:11:27.987 I/EmojiCompatManager( 5495): 	at kat.onStartInput(PG:476)
09-11 06:11:27.987 I/EmojiCompatManager( 5495): 	at android.inputmethodservice.InputMethodService.doStartInput(InputMethodService.java:3351)
09-11 06:11:27.987 I/EmojiCompatManager( 5495): 	at android.inputmethodservice.InputMethodService$InputMethodImpl.startInput(InputMethodService.java:857)
09-11 06:11:27.987 I/EmojiCompatManager( 5495): 	at android.inputmethodservice.InputMethodService$InputMethodImpl.dispatchStartInput(InputMethodService.java:886)
09-11 06:11:27.987 I/EmojiCompatManager( 5495): 	at android.inputmethodservice.IInputMethodWrapper.executeMessage(IInputMethodWrapper.java:201)
09-11 06:11:27.987 I/EmojiCompatManager( 5495): 	at com.android.internal.os.HandlerCaller$MyHandler.handleMessage(HandlerCaller.java:44)
09-11 06:11:27.987 I/EmojiCompatManager( 5495): 	at android.os.Handler.dispatchMessage(Handler.java:107)
09-11 06:11:27.987 I/EmojiCompatManager( 5495): 	at android.os.Looper.loopOnce(Looper.java:232)
09-11 06:11:27.987 I/EmojiCompatManager( 5495): 	at android.os.Looper.loop(Looper.java:317)
09-11 06:11:27.987 I/EmojiCompatManager( 5495): 	at android.app.ActivityThread.main(ActivityThread.java:8592)
09-11 06:11:27.987 I/EmojiCompatManager( 5495): 	at java.lang.reflect.Method.invoke(Native Method)
09-11 06:11:27.987 I/EmojiCompatManager( 5495): 	at com.android.internal.os.RuntimeInit$MethodAndArgsCaller.run(RuntimeInit.java:580)
09-11 06:11:27.987 I/EmojiCompatManager( 5495): 	at com.android.internal.os.ZygoteInit.main(ZygoteInit.java:878)
09-11 06:11:27.988 W/PackageConfigPersister( 1664): App-specific configuration not found for packageName: com.zebra.soho_app and userId: 0
09-11 06:11:28.058 V/WindowManagerShell( 2342): Transition animation finished (aborted=false), notifying core (#1643) android.os.BinderProxy@117ef1a@0
09-11 06:11:28.060 V/WindowManager( 1664): Loading animations: layout params pkg=com.google.android.apps.nexuslauncher resId=0x10302fc
09-11 06:11:28.060 V/WindowManager( 1664): Loading animations: picked package=android
09-11 06:11:28.060 V/WindowManager( 1664): Finish Transition (#1643): created at 09-11 06:11:27.735 collect-started=0.101ms request-sent=8.531ms started=9.841ms ready=12.822ms sent=30.74ms finished=324.406ms
09-11 06:11:28.060 V/WindowManager( 1664): Loading animations: layout params pkg=com.google.android.apps.nexuslauncher resId=0x10302fc
09-11 06:11:28.060 V/WindowManager( 1664): Loading animations: picked package=android
09-11 06:11:28.061 D/VRI[NexusLauncherActivity](28186): visibilityChanged oldVisibility=true newVisibility=false
09-11 06:11:28.061 D/VRI[0 fl=}](22555): visibilityChanged oldVisibility=true newVisibility=false
09-11 06:11:28.062 V/WindowManagerShell( 2342): Track 0 became idle
09-11 06:11:28.062 V/WindowManagerShell( 2342): All active transition animations finished
09-11 06:11:28.073 D/NexusLauncherModelDelegate(28186): notifySmartspaceEvent: SmartspaceTargetEvent{mSmartspaceTarget=null, mSmartspaceActionId='null', mEventType=7}
09-11 06:11:28.080 W/UserManagerService( 1664): Requested status bar icon for non-badged user 0
09-11 06:11:28.081 W/UserManagerService( 1664): Requested status bar icon for non-badged user 0
09-11 06:11:28.082 D/BaseDepthController(28186): setSurface:
09-11 06:11:28.082 D/BaseDepthController(28186): 	mWaitingOnSurfaceValidity: false
09-11 06:11:28.082 D/BaseDepthController(28186): 	mSurface: null
09-11 06:11:28.082 D/BaseDepthController(28186): mSurface is null and mCurrentBlur is: 0
09-11 06:11:28.083 D/StateManager(28186): goToState - fromState: Normal, toState: Normal, partial trace:
09-11 06:11:28.083 D/StateManager(28186): 	at com.android.launcher3.statemanager.StateManager.moveToRestState(go/retraceme 229ef009c6bb3615beda05b6414f9bc22e9f7450b41c1b7d8db7ad832ef90083:4)
09-11 06:11:28.083 D/StateManager(28186): 	at com.android.launcher3.statemanager.StateManager.moveToRestState(go/retraceme 229ef009c6bb3615beda05b6414f9bc22e9f7450b41c1b7d8db7ad832ef90083:1)
09-11 06:11:28.084 D/StatsLog(28186): LAUNCHER_ONSTOP
09-11 06:11:28.084 I/A       (22555): onStop
09-11 06:11:28.085 D/StatsLog(28186): LAUNCHER_GOOGLE_SEARCH_RESTORE_LIST_SIZE_AFTER_ACTIVITY_RESTART
09-11 06:11:28.136 D/TrafficStats(21361): tagSocket(5) with statsTag=0xffffffff, statsUid=-1
09-11 06:11:28.140 D/TrafficStats(21361): tagSocket(96) with statsTag=0xffffffff, statsUid=-1
09-11 06:11:28.141 D/TrafficStats(21361): tagSocket(97) with statsTag=0xffffffff, statsUid=-1
09-11 06:11:28.261 W/AccessibilityManagerService( 1664):  wait for adding window timeout: 812
09-11 06:11:28.320 W/WindowOnBackDispatcher( 2342): sendCancelIfRunning: isInProgress=falsecallback=android.view.ViewRootImpl$$ExternalSyntheticLambda11@d4cf840
09-11 06:11:28.321 D/CoreBackPreview( 1664): Window{302106f u0 Splash Screen com.zebra.soho_app EXITING}: Setting back callback null
09-11 06:11:28.322 W/InputManager-JNI( 1664): Input channel object '302106f Splash Screen com.zebra.soho_app (client)' was disposed without first being removed with the input manager!
09-11 06:11:28.355 I/FontLog ( 5144): (REDACTED) Received query %s, URI %s
09-11 06:11:28.355 I/FontLog ( 5144): (REDACTED) Query [%s] resolved to %s
09-11 06:11:28.356 I/FontLog ( 5144): (REDACTED) Fetch %s end status %s
09-11 06:11:28.358 I/FontLog ( 5144): (REDACTED) Pulling font file for id = %d, cache size = %d
09-11 06:11:28.360 I/FontLog ( 5144): (REDACTED) Pulling font file for id = %d, cache size = %d
09-11 06:11:28.370 W/FrameTracker( 2342): Missing HWUI jank callback for vsyncId: 12999333, CUJ=J<SPLASHSCREEN_EXIT_ANIM>
09-11 06:11:28.370 W/FrameTracker( 2342): Missing SF jank callback for vsyncId: 12999348, CUJ=J<SPLASHSCREEN_EXIT_ANIM>
09-11 06:11:28.546 W/earchbox:search(22555): Reducing the number of considered missed Gc histogram windows from 420 to 100
09-11 06:11:28.693 D/TrafficStats(21361): tagSocket(98) with statsTag=0xffffffff, statsUid=-1
09-11 06:11:28.696 D/TrafficStats(21361): tagSocket(99) with statsTag=0xffffffff, statsUid=-1
09-11 06:11:28.787 I/WifiHAL ( 1213): Creating message to get link statistics; iface = 47
09-11 06:11:28.830 I/WifiHAL ( 1213): In GetLinkStatsCommand::handleResponse
09-11 06:11:28.850 W/QueryController(21361): Could not detect idle state.
09-11 06:11:28.851 W/QueryController(21361): Could not detect idle state.
09-11 06:11:28.851 W/QueryController(21361): Could not detect idle state.
09-11 06:11:28.874 D/ConnectivityService( 1664): NetReassign [no changes] [c 1] [a 0] [i 5]
09-11 06:11:28.887 W/gralloc4(  556): Unable to set buffer name SurfaceView[com.zebra.soho_app/com.zebra.soho_app.MainActivity]#1(BLAST Consumer)1: File name too long
09-11 06:11:29.949 D/TrafficStats(21361): tagSocket(5) with statsTag=0xffffffff, statsUid=-1
09-11 06:11:29.961 D/TrafficStats(21361): tagSocket(96) with statsTag=0xffffffff, statsUid=-1
09-11 06:11:29.966 D/TrafficStats(21361): tagSocket(97) with statsTag=0xffffffff, statsUid=-1
09-11 06:11:29.969 D/TrafficStats(21361): tagSocket(98) with statsTag=0xffffffff, statsUid=-1
09-11 06:11:29.972 D/TrafficStats(21361): tagSocket(99) with statsTag=0xffffffff, statsUid=-1
09-11 06:11:31.015 D/TrafficStats(21361): tagSocket(5) with statsTag=0xffffffff, statsUid=-1
09-11 06:11:31.023 D/TrafficStats(21361): tagSocket(96) with statsTag=0xffffffff, statsUid=-1
09-11 06:11:31.028 D/TrafficStats(21361): tagSocket(97) with statsTag=0xffffffff, statsUid=-1
09-11 06:11:31.032 D/TrafficStats(21361): tagSocket(98) with statsTag=0xffffffff, statsUid=-1
09-11 06:11:31.035 D/TrafficStats(21361): tagSocket(99) with statsTag=0xffffffff, statsUid=-1
09-11 06:11:31.381 W/ProcessStats( 1664): Tracking association SourceState{445971f com.zebra.soho_app/10315 BTop #318559} whose proc state 2 is better than process ProcessState{da3a815 com.google.android.gms.persistent/10155 pkg=com.google.android.gms} proc state 3 (492 skipped)
09-11 06:11:31.524 I/pixel-thermal( 2063): VIRTUAL-SKIN:29.3902 raw data: VIRTUAL-SKIN:29390.2 VIRTUAL-SKIN-SUB-0:28158.5 VIRTUAL-SKIN-SUB-1:28480.8 VIRTUAL-SKIN-SUB-2:28717.4 VIRTUAL-SKIN-SUB-3:29116.8 VIRTUAL-SKIN-SUB-4:28436.3 VIRTUAL-SKIN-SUB-5:28541 VIRTUAL-SKIN-SUB-6:28736.8 VIRTUAL-SKIN-SUB-7:28829.1 VIRTUAL-SKIN-SUB-8:29390.2 battery:28300 cam_therm:28923 charge_therm:31861 disp_therm:29524 neutral_therm:30258 north_therm:29056 quiet_therm:29012 soc_therm:30904 usb_pwr_therm:29435 
09-11 06:11:31.527 D/TemperatureStateSource( 2548): getDeviceTemperatures: deviceTemperatureType=3 temperatureSource=0 temperatures=[29.390152]
09-11 06:11:31.529 D/BusinessScope( 2548): Start running the #29881 block
09-11 06:11:31.532 I/pixel-thermal( 2063): VIRTUAL-SKIN:29.3902 raw data: VIRTUAL-SKIN:29390.2 
09-11 06:11:31.534 I/TemperatureStateSource( 2548): temperature was set
09-11 06:11:31.537 D/BusinessScope( 2548): Finish running the #29881 block
09-11 06:11:31.538 D/BusinessScope( 2548): Start running the #29882 block
09-11 06:11:31.538 D/ImpulseConnection( 2548): bindService: com.google.android.apps.turbo
09-11 06:11:31.557 D/ActivityManager( 1664): sync unfroze 6545 com.google.android.apps.turbo for 6
09-11 06:11:31.572 D/ImpulseConnection( 2548): onServiceConnected: ComponentInfo{com.google.android.apps.turbo/com.google.android.apps.turbo.adaptiveplatform.impulse.ImpulseClientService} service is null false
09-11 06:11:31.575 D/BusinessScope( 2548): Finish running the #29882 block
09-11 06:11:31.872 I/WifiHAL ( 1213): Creating message to get link statistics; iface = 47
09-11 06:11:31.954 I/WifiHAL ( 1213): In GetLinkStatsCommand::handleResponse
09-11 06:11:32.035 D/ConnectivityService( 1664): NetReassign [no changes] [c 1] [a 1] [i 18]
09-11 06:11:32.070 D/TrafficStats(21361): tagSocket(5) with statsTag=0xffffffff, statsUid=-1
09-11 06:11:32.079 D/TrafficStats(21361): tagSocket(96) with statsTag=0xffffffff, statsUid=-1
09-11 06:11:32.085 D/TrafficStats(21361): tagSocket(97) with statsTag=0xffffffff, statsUid=-1
09-11 06:11:32.089 D/TrafficStats(21361): tagSocket(98) with statsTag=0xffffffff, statsUid=-1
09-11 06:11:32.110 D/TrafficStats(21361): tagSocket(99) with statsTag=0xffffffff, statsUid=-1
09-11 06:11:32.170 I/pen.pocoservice(21361): Background concurrent mark compact GC freed 388253(17MB) AllocSpace objects, 191(7704KB) LOS objects, 84% free, 4387KB/28MB, paused 669us,6.624ms total 55.588ms
09-11 06:11:32.174 W/System  (21361): A resource failed to call end. 
09-11 06:11:32.174 W/System  (21361): A resource failed to call end. 
09-11 06:11:32.175 W/System  (21361): A resource failed to call end. 
09-11 06:11:32.176 W/System  (21361): A resource failed to call end. 
09-11 06:11:32.176 W/System  (21361): A resource failed to call end. 
09-11 06:11:32.178 W/System  (21361): A resource failed to call end. 
09-11 06:11:32.179 W/System  (21361): A resource failed to call end. 
09-11 06:11:32.180 W/System  (21361): A resource failed to call end. 
09-11 06:11:32.180 W/System  (21361): A resource failed to call end. 
09-11 06:11:32.181 W/System  (21361): A resource failed to call end. 
09-11 06:11:32.181 W/System  (21361): A resource failed to call end. 
09-11 06:11:32.182 W/System  (21361): A resource failed to call end. 
09-11 06:11:32.183 W/System  (21361): A resource failed to call end. 
09-11 06:11:32.183 W/System  (21361): A resource failed to call end. 
09-11 06:11:32.183 W/System  (21361): A resource failed to call end. 
09-11 06:11:32.184 W/System  (21361): A resource failed to call end. 
09-11 06:11:32.184 W/System  (21361): A resource failed to call end. 
09-11 06:11:32.186 W/System  (21361): A resource failed to call end. 
09-11 06:11:32.186 W/System  (21361): A resource failed to call end. 
09-11 06:11:32.190 W/System  (21361): A resource failed to call end. 
09-11 06:11:32.190 W/System  (21361): A resource failed to call end. 
09-11 06:11:32.190 W/System  (21361): A resource failed to call end. 
09-11 06:11:32.191 W/System  (21361): A resource failed to call end. 
09-11 06:11:32.191 W/System  (21361): A resource failed to call end. 
09-11 06:11:32.192 W/System  (21361): A resource failed to call end. 
09-11 06:11:32.911 I/ActivityManager( 1664): Force stopping com.zebra.soho_app appid=10315 user=0: clear data
09-11 06:11:32.912 D/DisplayManagerService( 1664): Drop pending events for gone uid 10315
09-11 06:11:32.913 I/ActivityManager( 1664): Killing 21537:com.zebra.soho_app/u0a315 (adj 0): stop com.zebra.soho_app due to clear data
09-11 06:11:32.916 D/BoundBrokerSvc( 5161): onUnbind: Intent { act=com.google.android.gms.measurement.START pkg=com.google.android.gms }
09-11 06:11:32.916 W/ActivityTaskManager( 1664): Force removing ActivityRecord{f282195 u0 com.zebra.soho_app/.MainActivity t4126 f}}: app died, no saved state
09-11 06:11:32.917 V/WindowManagerShell( 2342): Transition requested (#1644): android.os.BinderProxy@64a1259 TransitionRequestInfo { type = CLOSE, triggerTask = TaskInfo{userId=0 taskId=4126 displayId=0 isRunning=false baseIntent=Intent { act=android.intent.action.MAIN cat=[android.intent.category.LAUNCHER] flg=0x10200000 cmp=com.zebra.soho_app/.MainActivity } baseActivity=null topActivity=null origActivity=null realActivity=ComponentInfo{com.zebra.soho_app/com.zebra.soho_app.MainActivity} numActivities=0 lastActiveTime=1042534727 supportsMultiWindow=true resizeMode=1 isResizeable=true minWidth=-1 minHeight=-1 defaultMinSize=220 token=WCT{android.window.IWindowContainerToken$Stub$Proxy@8f71e1e} topActivityType=1 pictureInPictureParams=null shouldDockBigOverlays=false launchIntoPipHostTaskId=-1 lastParentTaskIdBeforePip=-1 displayCutoutSafeInsets=Rect(0, 132 - 0, 0) topActivityInfo=null launchCookies=[] positionInParent=Point(0, 0) parentTaskId=-1 isFocused=true isVisible=true isVisibleRequested=true isSleeping=false locusId=null displayAreaFeatureId=1 isTopActivityTransparent=false appCompatTaskInfo=AppCompatTaskInfo { topActivityInSizeCompat=false topActivityEligibleForLetterboxEducation= false isLetterboxDoubleTapEnabled= false topActivityEligibleForUserAspectRatioButton= false topActivityBoundsLetterboxed= false isFromLetterboxDoubleTap= false topActivityLetterboxVerticalPosition= -1 topActivityLetterboxHorizontalPosition= -1 topActivityLetterboxWidth=-1 topActivityLetterboxHeight=-1 isUserFullscreenOverrideEnabled=false isSystemFullscreenOverrideEnabled=false cameraCompatControlState=hidden}}, pipTask = null, remoteTransition = null, displayChange = null, flags = 0, debugId = 1644 }
09-11 06:11:32.919 W/powerhal-libperfmgr(  716): sched_setattr failed for thread 21666, err=3
09-11 06:11:32.919 W/powerhal-libperfmgr(  716): sched_setattr failed for thread 21667, err=3
09-11 06:11:32.919 W/powerhal-libperfmgr(  716): sched_setattr failed for thread 21604, err=3
09-11 06:11:32.921 D/VRI[0 fl=}](22555): visibilityChanged oldVisibility=false newVisibility=true
09-11 06:11:32.929 I/ActivityManager( 1664): Force stopping com.zebra.soho_app appid=10315 user=-1: clearApplicationUserData
09-11 06:11:32.931 D/StatsLog(28186): LAUNCHER_ONRESUME
09-11 06:11:32.933 I/WindowManager( 1664):   Force removing ActivityRecord{f282195 u0 com.zebra.soho_app/.MainActivity t4126 f} isExiting}
09-11 06:11:32.933 W/WindowManager( 1664): removeAppToken: Attempted to remove non-existing token: Token{9617f76 ActivityRecord{f282195 u0 com.zebra.soho_app/.MainActivity t4126 f} isExiting}}
09-11 06:11:32.934 W/IPCThreadState( 1664): Sending oneway calls to frozen process.
09-11 06:11:32.934 W/IPCThreadState( 1664): Sending oneway calls to frozen process.
09-11 06:11:32.935 W/IPCThreadState( 1664): Sending oneway calls to frozen process.
09-11 06:11:32.935 W/IPCThreadState( 1664): Sending oneway calls to frozen process.
09-11 06:11:32.935 W/IPCThreadState( 1664): Sending oneway calls to frozen process.
09-11 06:11:32.935 W/IPCThreadState( 1664): Sending oneway calls to frozen process.
09-11 06:11:32.935 W/IPCThreadState( 1664): Sending oneway calls to frozen process.
09-11 06:11:32.935 W/IPCThreadState( 1664): Sending oneway calls to frozen process.
09-11 06:11:32.936 D/NexusLauncherModelDelegate(28186): notifySmartspaceEvent: SmartspaceTargetEvent{mSmartspaceTarget=null, mSmartspaceActionId='null', mEventType=6}
09-11 06:11:32.939 W/gralloc4(  556): Unable to set buffer name VRI[0 fl=}]#11(BLAST Consumer)11: Invalid argument
09-11 06:11:32.943 W/gralloc4(  556): Unable to set buffer name VRI[0 fl=}]#11(BLAST Consumer)11: Invalid argument
09-11 06:11:32.944 I/AiAiEcho( 4351): (REDACTED) Predicting[%d]: %s
09-11 06:11:32.944 I/AiAiEcho( 4351): (REDACTED) EchoTargets: %s
09-11 06:11:32.944 I/AiAiEcho( 4351): Filtered by AiAi flag check: %s
09-11 06:11:32.944 D/BaseDepthController(28186): setSurface:
09-11 06:11:32.944 D/BaseDepthController(28186): 	mWaitingOnSurfaceValidity: false
09-11 06:11:32.944 D/BaseDepthController(28186): 	mSurface: Surface(name=com.google.android.apps.nexuslauncher/com.google.android.apps.nexuslauncher.NexusLauncherActivity)/@0xcb11f1e
09-11 06:11:32.944 I/AiAiEcho( 4351): (REDACTED) Ranked targets strategy: %s, count: %d, ranking metadata: %s
09-11 06:11:32.945 W/gralloc4(  556): Unable to set buffer name VRI[NexusLauncherActivity]#11(BLAST Consumer)11: File name too long
09-11 06:11:32.946 I/AiAiEcho( 4351): #remoteViewsTwiddler: feature disabled.
09-11 06:11:32.946 W/gralloc4(  556): Unable to set buffer name VRI[NexusLauncherActivity]#11(BLAST Consumer)11: File name too long
09-11 06:11:32.946 W/gralloc4(  556): Unable to set buffer name VRI[0 fl=}]#11(BLAST Consumer)11: Invalid argument
09-11 06:11:32.946 W/gralloc4(  556): Unable to set buffer name VRI[NexusLauncherActivity]#11(BLAST Consumer)11: File name too long
09-11 06:11:32.947 W/gralloc4(  556): Unable to set buffer name VRI[NexusLauncherActivity]#11(BLAST Consumer)11: File name too long
09-11 06:11:32.948 I/A       (22555): onStart
09-11 06:11:32.948 W/gralloc4(  556): Unable to set buffer name VRI[NexusLauncherActivity]#11(BLAST Consumer)11: File name too long
09-11 06:11:32.948 I/AiAiEcho( 4351): (REDACTED) #postPredictionTargets: Sending updates to UISurface %s with targets# %s (types=[%s])
09-11 06:11:32.951 D/WindowManagerShell( 2342): setLauncherKeepClearAreaHeight: visible=true, height=527
09-11 06:11:32.952 D/SearchTargetUtil(28186):  query= size=34
09-11 06:11:32.952 D/SearchTargetUtil(28186): layoutType=short_icon_row resultType=131072 packageName=com.google.android.googlequicksearchbox extras=Bundle{suggestion_type=36,suggest_truncate_start=false,is_answer=false,is_entity=false,is_personal=true,suggest_raw_text=software,input_query=android.app.search.Query@72848df,group_id=web1042539911,zero_state_cache=[B@dd5292c,response_id=68a4698d-fe6f-4c3e-8897-036234634441,support_query_builder=true,} searchAction=software searchActionExtras=Bundle{learn_more_url=https://support.google.com/websearch/?p=delete_recent_history&hl=en,suggestion_action_text=Delete,should_start_for_result=true,allow_pinning=true,skip_logging_in_target_handler=true,suggestion_action_rpc=1,}ParentID: null targetID: 98c487a2-bd34-42f0-adaf-a609094e401b
09-11 06:11:32.952 D/SearchTargetUtil(28186): layoutType=short_icon_row resultType=131072 packageName=com.google.android.googlequicksearchbox extras=Bundle{suggestion_type=36,suggest_truncate_start=false,is_answer=false,is_entity=false,is_personal=true,suggest_raw_text=windows crash,input_query=android.app.search.Query@72848df,group_id=web1042539911,response_id=68a4698d-fe6f-4c3e-8897-036234634441,support_query_builder=true,} searchAction=windows crash searchActionExtras=Bundle{learn_more_url=https://support.google.com/websearch/?p=delete_recent_history&hl=en,suggestion_action_text=Delete,should_start_for_result=true,allow_pinning=true,skip_logging_in_target_handler=true,suggestion_action_rpc=1,}ParentID: null targetID: 95dd4bf5-d1e4-432c-b330-a1487a026cc2
09-11 06:11:32.952 D/SearchTargetUtil(28186): layoutType=short_icon_row resultType=131072 packageName=com.google.android.googlequicksearchbox extras=Bundle{suggestion_type=36,suggest_truncate_start=false,is_answer=false,is_entity=false,is_personal=true,suggest_raw_text=windows crash today,input_query=android.app.search.Query@72848df,group_id=web1042539911,response_id=68a4698d-fe6f-4c3e-8897-036234634441,support_query_builder=true,} searchAction=windows crash today searchActionExtras=Bundle{learn_more_url=https://support.google.com/websearch/?p=delete_recent_history&hl=en,suggestion_action_text=Delete,should_start_for_result=true,allow_pinning=true,skip_logging_in_target_handler=true,suggestion_action_rpc=1,}ParentID: null targetID: 22555d61-0150-4364-bff5-1304dd45bf31
09-11 06:11:32.952 D/SearchTargetUtil(28186): layoutType=short_icon_row resultType=131072 packageName=com.google.android.googlequicksearchbox extras=Bundle{suggestion_type=36,suggest_truncate_start=false,is_answer=false,is_entity=false,is_personal=true,suggest_raw_text=windows 10 crash blue screen,input_query=android.app.search.Query@72848df,group_id=web1042539911,response_id=68a4698d-fe6f-4c3e-8897-036234634441,support_query_builder=true,} searchAction=windows 10 crash blue screen searchActionExtras=Bundle{learn_more_url=https://support.google.com/websearch/?p=delete_recent_history&hl=en,suggestion_action_text=Delete,should_start_for_result=true,allow_pinning=true,skip_logging_in_target_handler=true,suggestion_action_rpc=1,}ParentID: null targetID: bf58d2ac-145a-4fa4-93d1-d6a08cc1355d
09-11 06:11:32.952 D/SearchTargetUtil(28186): layoutType=short_icon_row resultType=131072 packageName=com.google.android.googlequicksearchbox extras=Bundle{suggestion_type=36,suggest_truncate_start=false,is_answer=false,is_entity=false,is_personal=true,suggest_raw_text=gmail,input_query=android.app.search.Query@72848df,group_id=web1042539911,response_id=68a4698d-fe6f-4c3e-8897-036234634441,support_query_builder=true,} searchAction=gmail searchActionExtras=Bundle{learn_more_url=https://support.google.com/websearch/?p=delete_recent_history&hl=en,suggestion_action_text=Delete,should_start_for_result=true,allow_pinning=true,skip_logging_in_target_handler=true,suggestion_action_rpc=1,}ParentID: null targetID: de863f61-f212-4f50-9960-b3cafc415069
09-11 06:11:32.952 D/SearchTargetUtil(28186): layoutType=short_icon_row resultType=131072 packageName=com.google.android.googlequicksearchbox extras=Bundle{suggestion_type=36,suggest_truncate_start=false,is_answer=false,is_entity=false,is_personal=true,suggest_raw_text=kongu express 12647,input_query=android.app.search.Query@72848df,group_id=web1042539911,response_id=68a4698d-fe6f-4c3e-8897-036234634441,support_query_builder=true,} searchAction=kongu express 12647 searchActionExtras=Bundle{learn_more_url=https://support.google.com/websearch/?p=delete_recent_history&hl=en,suggestion_action_text=Delete,should_start_for_result=true,allow_pinning=true,skip_logging_in_target_handler=true,suggestion_action_rpc=1,}ParentID: null targetID: a4b187f6-c810-4b8b-87e0-55b3d743b800
09-11 06:11:32.952 D/SearchTargetUtil(28186): layoutType=short_icon_row resultType=131072 packageName=com.google.android.googlequicksearchbox extras=Bundle{suggestion_type=36,suggest_truncate_start=false,is_answer=false,is_entity=false,is_personal=true,suggest_raw_text=zee anmol cinema 2,input_query=android.app.search.Query@72848df,group_id=web1042539911,response_id=68a4698d-fe6f-4c3e-8897-036234634441,support_query_builder=true,} searchAction=zee anmol cinema 2 searchActionExtras=Bundle{learn_more_url=https://support.google.com/websearch/?p=delete_recent_history&hl=en,suggestion_action_text=Delete,should_start_for_result=true,allow_pinning=true,skip_logging_in_target_handler=true,suggestion_action_rpc=1,}ParentID: null targetID: c65fc0ea-1bf6-4503-890d-23c6d63fbe2a
09-11 06:11:32.952 D/SearchTargetUtil(28186): layoutType=short_icon_row resultType=131072 packageName=com.google.android.googlequicksearchbox extras=Bundle{suggestion_type=36,suggest_truncate_start=false,is_answer=false,is_entity=false,is_personal=true,suggest_raw_text=train 18309 route,input_query=android.app.search.Query@72848df,group_id=web1042539911,response_id=68a4698d-fe6f-4c3e-8897-036234634441,support_query_builder=true,} searchAction=train 18309 route searchActionExtras=Bundle{learn_more_url=https://support.google.com/websearch/?p=delete_recent_history&hl=en,suggestion_action_text=Delete,should_start_for_result=true,allow_pinning=true,skip_logging_in_target_handler=true,suggestion_action_rpc=1,}ParentID: null targetID: 3bfb6ba1-c791-4d66-9490-b5de8d317e71
