06-11 16:13:33.581  1593  1939 D CompatibilityChangeReporter: Compat change id reported: 207557677; UID 10275; state: ENABLED
06-11 16:13:33.799  1593  1996 I DisplayPowerController2[0]: Blocking screen on until initial contents have been drawn.
06-11 16:13:33.801  1593  1996 I DisplayBrightnessStrategySelector: Changing the DisplayBrightnessStrategy from ScreenOffBrightnessStrategy to DozeBrightnessStrategy for display 0
06-11 16:13:33.812  1593  1996 V DisplayPowerController2[0]: Brightness [0.12992126] reason changing to: 'doze', previous reason: 'screen_off'.
06-11 16:13:33.812  1593  1996 I DisplayPowerController2[0]: BrightnessEvent: disp=0, physDisp=local:4619827677550801152, brt=0.12992126, initBrt=0.0, rcmdBrt=NaN, preBrt=NaN, lux=0.0, preLux=0.0, hbmMax=0.5, hbmMode=off, rbcStrength=50, thrmMax=1.0, powerFactor=1.0, wasShortTermModelActive=false, flags=, reason=doze, autoBrightness=true, strategy=DozeBrightnessStrategy
06-11 16:13:33.814  1593  1925 I DisplayDeviceRepository: Display device changed state: "Built-in Screen", ON
06-11 16:13:33.815  1593  1996 D BrightnessPowerClamper: Power throttling data is missing for configuration data.
06-11 16:13:33.822  1593  1926 I DisplayDevice: [0] Layerstack set to 0 for local:4619827677550801152
06-11 16:13:33.835  1593  1939 W ActivityManager: Slow operation: 259ms so far, now at startProcess: returned from zygote!
06-11 16:13:33.835  1593  1939 W ActivityManager: Slow operation: 259ms so far, now at startProcess: done updating battery stats
06-11 16:13:33.835  1593  1939 W ActivityManager: Slow operation: 259ms so far, now at startProcess: building log message
06-11 16:13:33.835  1593  1939 I ActivityManager: Start proc 13535:com.microsoft.emmx:sandboxed_process0:org.chromium.content.app.SandboxedProcessService0:0/u0ai0 for  {com.microsoft.emmx/org.chromium.content.app.SandboxedProcessService0:0}
06-11 16:13:33.835  1593  1939 W ActivityManager: Slow operation: 259ms so far, now at startProcess: starting to update pids map
06-11 16:13:33.835  1593  1939 W ActivityManager: Slow operation: 259ms so far, now at startProcess: done updating pids map
06-11 16:13:33.842  1593  1996 I DisplayPowerController2[0]: BrightnessEvent: disp=0, physDisp=local:4619827677550801152, brt=0.047244094, initBrt=0.12992126, rcmdBrt=NaN, preBrt=NaN, lux=0.0, preLux=0.0, hbmMax=0.5, hbmMode=off, rbcStrength=50, thrmMax=1.0, powerFactor=1.0, wasShortTermModelActive=false, flags=, reason=doze, autoBrightness=true, strategy=DozeBrightnessStrategy
06-11 16:13:33.861  1593  1996 I DisplayPowerController2[0]: Unblocked screen on after 63 ms
06-11 16:13:33.866  1593  5248 D CompatibilityChangeReporter: Compat change id reported: 168419799; UID 10275; state: DISABLED
06-11 16:13:33.866  1593  5248 D CompatibilityChangeReporter: Compat change id reported: 273564678; UID 10275; state: DISABLED
06-11 16:13:33.973   997  2108 I Lyric   : spectral_driver.cc:150: Ambient light sampling enabled with mode: 2 stream consumer count: 0
06-11 16:13:33.978  1593  1925 I DisplayDeviceRepository: Display device changed state: "Built-in Screen", ON
06-11 16:13:33.980  1593  1996 D BrightnessPowerClamper: Power throttling data is missing for configuration data.
06-11 16:13:34.080  1593  1749 I ActivityManager: Killing 13535:com.microsoft.emmx:sandboxed_process0:org.chromium.content.app.SandboxedProcessService0:0/u0a275i-9000 (adj 0): isolated not needed
06-11 16:13:34.125  1593  1923 D DisplayManagerService: Drop pending events for gone uid 90000
06-11 16:13:34.336  1593  5248 D CompatibilityChangeReporter: Compat change id reported: 161252188; UID 10275; state: DISABLED
06-11 16:13:34.352  1593  1939 D CompatibilityChangeReporter: Compat change id reported: 143937733; UID 10275; state: ENABLED
06-11 16:13:34.376  1070  1070 I vendor.google.wifi_ext-service-vendor: Wifi: Setting SAR Scenario to 3
06-11 16:13:34.377  1593  1939 I ActivityManager: Start proc 13569:com.microsoft.emmx:sandboxed_process0:org.chromium.content.app.SandboxedProcessService0:1/u0ai1 for  {com.microsoft.emmx/org.chromium.content.app.SandboxedProcessService0:1}
06-11 16:13:34.566  1593  5248 I ActivityManager: Killing 13569:com.microsoft.emmx:sandboxed_process0:org.chromium.content.app.SandboxedProcessService0:1/u0a275i-8999 (adj 0): isolated not needed
06-11 16:13:34.662  1593  1923 D DisplayManagerService: Drop pending events for gone uid 90001
06-11 16:13:35.287  1593  1969 D CompatibilityChangeReporter: Compat change id reported: 161252188; UID 10275; state: DISABLED
06-11 16:13:35.296  1593  1939 D CompatibilityChangeReporter: Compat change id reported: 143937733; UID 10275; state: ENABLED
06-11 16:13:35.337  1593  1939 I ActivityManager: Start proc 13593:com.microsoft.emmx:sandboxed_process0:org.chromium.content.app.SandboxedProcessService0:2/u0ai2 for  {com.microsoft.emmx/org.chromium.content.app.SandboxedProcessService0:2}
06-11 16:13:35.573  1593  1969 I ActivityManager: Killing 13593:com.microsoft.emmx:sandboxed_process0:org.chromium.content.app.SandboxedProcessService0:2/u0a275i-8998 (adj 0): isolated not needed
06-11 16:13:35.636  1593  1923 D DisplayManagerService: Drop pending events for gone uid 90002
06-11 16:13:39.500  1593  1996 I DisplayPowerController2[0]: Blocking screen off
06-11 16:13:39.500  1593  1996 I DisplayPowerController2[0]: Unblocked screen off after 1 ms
06-11 16:13:39.502  1593  1996 I DisplayBrightnessStrategySelector: Changing the DisplayBrightnessStrategy from DozeBrightnessStrategy to ScreenOffBrightnessStrategy for display 0
06-11 16:13:39.514  1593  1996 V DisplayPowerController2[0]: Brightness [0.0] reason changing to: 'screen_off', previous reason: 'doze'.
06-11 16:13:39.514  1593  1996 I DisplayPowerController2[0]: BrightnessEvent: disp=0, physDisp=local:4619827677550801152, brt=0.0, initBrt=0.047244094, rcmdBrt=NaN, preBrt=NaN, lux=0.0, preLux=0.0, hbmMax=0.5, hbmMode=off, rbcStrength=50, thrmMax=1.0, powerFactor=1.0, wasShortTermModelActive=false, flags=, reason=screen_off, autoBrightness=true, strategy=ScreenOffBrightnessStrategy
06-11 16:13:39.519  1593  1925 I DisplayDeviceRepository: Display device changed state: "Built-in Screen", OFF
06-11 16:13:39.522  1593  1996 D BrightnessPowerClamper: Power throttling data is missing for configuration data.
06-11 16:13:39.543  1593  1926 I DisplayDevice: [0] Layerstack set to -1 for local:4619827677550801152
06-11 16:13:39.647  1593  1925 I DisplayDeviceRepository: Display device changed: DisplayDeviceInfo{"Built-in Screen": uniqueId="local:4619827677550801152", 1080 x 2400, modeId 1, renderFrameRate 60.0, defaultModeId 1, userPreferredModeId 1, supportedModes [{id=1, width=1080, height=2400, fps=60.0, vsync=60.0, alternativeRefreshRates=[90.0], supportedHdrTypes=[2, 3, 4]}, {id=2, width=1080, height=2400, fps=90.0, vsync=90.0, alternativeRefreshRates=[60.0], supportedHdrTypes=[2, 3, 4]}], colorMode 0, supportedColorModes [0, 7, 9], hdrCapabilities HdrCapabilities{mSupportedHdrTypes=[2, 3, 4], mMaxLuminance=1000.0, mMaxAverageLuminance=120.0, mMinLuminance=5.0E-4}, allmSupported false, gameContentTypeSupported false, density 420, 415.636 x 417.534 dpi, appVsyncOff 6233334, presDeadline 11500000, cutout DisplayCutout{insets=Rect(0, 136 - 0, 0) waterfall=Insets{left=0, top=0, right=0, bottom=0} boundingRect={Bounds=[Rect(0, 0 - 0, 0), Rect(480, 0 - 625, 136), Rect(0, 0 - 0, 0), Rect(0, 0 - 0, 0)]} cutoutPathParserInfo={CutoutPathParserInfo{displayWidth=1080 displayHeight=2400 physicalDisplayWidth=1080 physicalDisplayHeight=2400 density={2.625} cutoutSpec={M 506,68 a 34,34 0 1 0 68,0 34,34 0 1 0 -68,0 Z @left} rotation={0} scale={1.0} physicalPixelDisplaySizeRatio={1.0}}}}, touch INTERNAL, rotation 0, type INTERNAL, address {port=0, model=0x401ceccbbbeef1}, deviceProductInfo DeviceProductInfo{name=Common Panel, manufacturerPnpId=GGL, productId=0, modelYear=null, manufactureDate=ManufactureDate{week=1, year=1990}, connectionToSinkType=0}, state OFF, committedState OFF, frameRateOverride , brightnessMinimum 0.0, brightnessMaximum 1.0, brightnessDefault 0.17429718, hdrSdrRatio 1.0, roundedCorners RoundedCorners{[RoundedCorner{position=TopLeft, radius=47, center=Point(47, 47)}, RoundedCorner{position=TopRight, radius=47, center=Point(1033, 47)}, RoundedCorner{position=BottomRight, radius=48, center=Point(1032, 2352)}, RoundedCorner{position=BottomLeft, radius=48, center=Point(48, 2352)}]}, FLAG_ALLOWED_TO_BE_DEFAULT_DISPLAY, FLAG_ROTATES_WITH_CONTENT, FLAG_SECURE, FLAG_SUPPORTS_PROTECTED_BUFFERS, FLAG_TRUSTED, installOrientation 0, displayShape DisplayShape{ spec=-552977240 displayWidth=1080 displayHeight=2400 physicalPixelDisplaySizeRatio=1.0 rotation=0 offsetX=0 offsetY=0 scale=1.0}}
06-11 16:13:39.649  1593  1996 D BrightnessPowerClamper: Power throttling data is missing for configuration data.
06-11 16:13:39.649  1593  1925 I DisplayDeviceRepository: Display device changed: DisplayDeviceInfo{"Built-in Screen": uniqueId="local:4619827677550801152", 1080 x 2400, modeId 1, renderFrameRate 60.0, defaultModeId 1, userPreferredModeId 1, supportedModes [{id=1, width=1080, height=2400, fps=60.0, vsync=60.0, alternativeRefreshRates=[90.0], supportedHdrTypes=[2, 3, 4]}, {id=2, width=1080, height=2400, fps=90.0, vsync=90.0, alternativeRefreshRates=[60.0], supportedHdrTypes=[2, 3, 4]}], colorMode 0, supportedColorModes [0, 7, 9], hdrCapabilities HdrCapabilities{mSupportedHdrTypes=[2, 3, 4], mMaxLuminance=1000.0, mMaxAverageLuminance=120.0, mMinLuminance=5.0E-4}, allmSupported false, gameContentTypeSupported false, density 420, 415.636 x 417.534 dpi, appVsyncOff 6233334, presDeadline 11500000, cutout DisplayCutout{insets=Rect(0, 136 - 0, 0) waterfall=Insets{left=0, top=0, right=0, bottom=0} boundingRect={Bounds=[Rect(0, 0 - 0, 0), Rect(480, 0 - 625, 136), Rect(0, 0 - 0, 0), Rect(0, 0 - 0, 0)]} cutoutPathParserInfo={CutoutPathParserInfo{displayWidth=1080 displayHeight=2400 physicalDisplayWidth=1080 physicalDisplayHeight=2400 density={2.625} cutoutSpec={M 506,68 a 34,34 0 1 0 68,0 34,34 0 1 0 -68,0 Z @left} rotation={0} scale={1.0} physicalPixelDisplaySizeRatio={1.0}}}}, touch INTERNAL, rotation 0, type INTERNAL, address {port=0, model=0x401ceccbbbeef1}, deviceProductInfo DeviceProductInfo{name=Common Panel, manufacturerPnpId=GGL, productId=0, modelYear=null, manufactureDate=ManufactureDate{week=1, year=1990}, connectionToSinkType=0}, state OFF, committedState OFF, frameRateOverride , brightnessMinimum 0.0, brightnessMaximum 1.0, brightnessDefault 0.17429718, hdrSdrRatio 1.0, roundedCorners RoundedCorners{[RoundedCorner{position=TopLeft, radius=47, center=Point(47, 47)}, RoundedCorner{position=TopRight, radius=47, center=Point(1033, 47)}, RoundedCorner{position=BottomRight, radius=48, center=Point(1032, 2352)}, RoundedCorner{position=BottomLeft, radius=48, center=Point(48, 2352)}]}, FLAG_ALLOWED_TO_BE_DEFAULT_DISPLAY, FLAG_ROTATES_WITH_CONTENT, FLAG_SECURE, FLAG_SUPPORTS_PROTECTED_BUFFERS, FLAG_TRUSTED, installOrientation 0, displayShape DisplayShape{ spec=-552977240 displayWidth=1080 displayHeight=2400 physicalPixelDisplaySizeRatio=1.0 rotation=0 offsetX=0 offsetY=0 scale=1.0}}
06-11 16:13:39.651  1593  1925 D DisplayManagerService: Ignore redundant display event 0/2 to 10275/5783
06-11 16:13:39.651  1593  1925 D DisplayManagerService: Ignore redundant display event 0/2 to 10374/6075
06-11 16:13:39.652  1593  1925 D DisplayManagerService: Ignore redundant display event 0/2 to 10251/12612
06-11 16:13:39.652  1593  1925 D DisplayManagerService: Ignore redundant display event 0/2 to 10094/14482
06-11 16:13:39.652  1593  1925 D DisplayManagerService: Ignore redundant display event 0/2 to 10165/16664
06-11 16:13:39.652  1593  1925 D DisplayManagerService: Ignore redundant display event 0/2 to 10270/16864
06-11 16:13:39.652  1593  1925 D DisplayManagerService: Ignore redundant display event 0/2 to 10189/30307
06-11 16:13:39.654  1593  1925 I DisplayDeviceRepository: Display device changed: DisplayDeviceInfo{"Built-in Screen": uniqueId="local:4619827677550801152", 1080 x 2400, modeId 2, renderFrameRate 90.0, defaultModeId 1, userPreferredModeId 1, supportedModes [{id=1, width=1080, height=2400, fps=60.0, vsync=60.0, alternativeRefreshRates=[90.0], supportedHdrTypes=[2, 3, 4]}, {id=2, width=1080, height=2400, fps=90.0, vsync=90.0, alternativeRefreshRates=[60.0], supportedHdrTypes=[2, 3, 4]}], colorMode 0, supportedColorModes [0, 7, 9], hdrCapabilities HdrCapabilities{mSupportedHdrTypes=[2, 3, 4], mMaxLuminance=1000.0, mMaxAverageLuminance=120.0, mMinLuminance=5.0E-4}, allmSupported false, gameContentTypeSupported false, density 420, 415.636 x 417.534 dpi, appVsyncOff 6233333, presDeadline 11500000, cutout DisplayCutout{insets=Rect(0, 136 - 0, 0) waterfall=Insets{left=0, top=0, right=0, bottom=0} boundingRect={Bounds=[Rect(0, 0 - 0, 0), Rect(480, 0 - 625, 136), Rect(0, 0 - 0, 0), Rect(0, 0 - 0, 0)]} cutoutPathParserInfo={CutoutPathParserInfo{displayWidth=1080 displayHeight=2400 physicalDisplayWidth=1080 physicalDisplayHeight=2400 density={2.625} cutoutSpec={M 506,68 a 34,34 0 1 0 68,0 34,34 0 1 0 -68,0 Z @left} rotation={0} scale={1.0} physicalPixelDisplaySizeRatio={1.0}}}}, touch INTERNAL, rotation 0, type INTERNAL, address {port=0, model=0x401ceccbbbeef1}, deviceProductInfo DeviceProductInfo{name=Common Panel, manufacturerPnpId=GGL, productId=0, modelYear=null, manufactureDate=ManufactureDate{week=1, year=1990}, connectionToSinkType=0}, state OFF, committedState OFF, frameRateOverride , brightnessMinimum 0.0, brightnessMaximum 1.0, brightnessDefault 0.17429718, hdrSdrRatio 1.0, roundedCorners RoundedCorners{[RoundedCorner{position=TopLeft, radius=47, center=Point(47, 47)}, RoundedCorner{position=TopRight, radius=47, center=Point(1033, 47)}, RoundedCorner{position=BottomRight, radius=48, center=Point(1032, 2352)}, RoundedCorner{position=BottomLeft, radius=48, center=Point(48, 2352)}]}, FLAG_ALLOWED_TO_BE_DEFAULT_DISPLAY, FLAG_ROTATES_WITH_CONTENT, FLAG_SECURE, FLAG_SUPPORTS_PROTECTED_BUFFERS, FLAG_TRUSTED, installOrientation 0, displayShape DisplayShape{ spec=-552977240 displayWidth=1080 displayHeight=2400 physicalPixelDisplaySizeRatio=1.0 rotation=0 offsetX=0 offsetY=0 scale=1.0}}
06-11 16:13:39.655   997  2108 I Lyric   : spectral_driver.cc:137: Ambient light sampling has been disabled. Stream consumer count: 0
06-11 16:13:39.657  1593  1996 D BrightnessPowerClamper: Power throttling data is missing for configuration data.
06-11 16:13:39.661  1593  1925 D DisplayManagerService: Ignore redundant display event 0/2 to 10275/5783
06-11 16:13:39.661  1593  1925 D DisplayManagerService: Ignore redundant display event 0/2 to 10374/6075
06-11 16:13:39.661  1593  1925 D DisplayManagerService: Ignore redundant display event 0/2 to 10251/12612
06-11 16:13:39.661  1593  1925 D DisplayManagerService: Ignore redundant display event 0/2 to 10094/14482
06-11 16:13:39.661  1593  1925 D DisplayManagerService: Ignore redundant display event 0/2 to 10165/16664
06-11 16:13:39.661  1593  1925 D DisplayManagerService: Ignore redundant display event 0/2 to 10270/16864
06-11 16:13:39.661  1593  1925 D DisplayManagerService: Ignore redundant display event 0/2 to 10189/30307
06-11 16:13:42.588  2338  8171 D PowerUI : can't show warning due to - plugged: true status unknown: false
06-11 16:13:52.507  1593  2084 D ActivityManager: freezing 5783 com.microsoft.emmx
06-11 16:13:59.834  1070  1070 I vendor.google.wifi_ext-service-vendor: Wifi: Resetting SAR Scenario to default
06-11 16:14:42.581  2338 10158 D PowerUI : can't show warning due to - plugged: true status unknown: false
06-11 16:16:42.582  2338 12266 D PowerUI : can't show warning due to - plugged: true status unknown: false
06-11 16:17:42.588  2338 12295 D PowerUI : can't show warning due to - plugged: true status unknown: false
06-11 16:18:02.333  1593  2076 D ActivityManager: sync unfroze 15598 com.google.android.apps.turbo for 6
06-11 16:18:08.384  1593  1937 I UsageStatsService: User[0] Flushing usage stats to disk
06-11 16:18:12.415  1593  2084 D ActivityManager: freezing 15598 com.google.android.apps.turbo
06-11 16:18:44.993  1593  2076 D ActivityManager: sync unfroze 4152 com.google.android.apps.photos for 6
06-11 16:18:45.072  1593  2076 D ActivityManager: sync unfroze 18542 com.google.android.tts for 6
06-11 16:18:45.104  1593  3937 D ActivityManager: sync unfroze 4495 com.google.android.apps.messaging for 6
06-11 16:18:45.134  1593  5122 D ActivityManager: sync unfroze 16773 com.google.android.settings.intelligence for 6
06-11 16:18:45.141  1593  1969 D ActivityManager: sync unfroze 9863 com.google.process.gservices for 7
06-11 16:18:45.158  1593  2076 W JobServiceContext: Sending onNetworkChanged for a job that isn't started. JobStatus{dcff0cb androidx.work.systemjobscheduler:u0a206/555002155 @androidx.work.systemjobscheduler@com.google.android.apps.photos/androidx.work.impl.background.systemjob.SystemJobService u=0 s=10206 TIME=-44m41s181ms:none NET READY}
06-11 16:18:45.204  1593  2297 D ActivityManager: sync unfroze 7790 com.google.android.keep for 6
06-11 16:18:45.213  1593  3937 D CompatibilityChangeReporter: Compat change id reported: 271850009; UID 10124; state: ENABLED
06-11 16:18:45.219  1593  3937 D ActivityManager: sync unfroze 16831 com.google.android.apps.healthdata for 6
06-11 16:18:45.258  1593  1593 V BackupManagerConstants: getFullBackupIntervalMilliseconds(...) returns 86400000
06-11 16:18:45.258  1593  1593 V BackupManagerConstants: getKeyValueBackupIntervalMilliseconds(...) returns 14400000
06-11 16:18:45.258  1593  1593 I BackupManagerService: [UserID:0] Beginning scheduled full backup operation
06-11 16:18:45.259  1593  1593 I BackupManagerService: [UserID:0] Full backup time but com.google.android.apps.cbrsnetworkmonitor is busy; deferring to 2024-06-11 19:09:06
06-11 16:18:45.259  1593  1593 I BackupManagerService: [UserID:0] Full backup time but com.shannon.rcsservice is busy; deferring to 2024-06-11 18:39:09
06-11 16:18:45.259  1593  1593 I BackupManagerService: [UserID:0] Full backup time but com.android.hbmsvmanager is busy; deferring to 2024-06-11 19:05:40
06-11 16:18:45.261  1593  1593 I BackupManagerService: [UserID:0] Full backup time but com.netease.open.pocoservice is busy; deferring to 2024-06-11 17:29:43
06-11 16:18:45.261  1593  1593 I BackupManagerService: [UserID:0] Full backup time but com.google.android.connectivitythermalpowermanager is busy; deferring to 2024-06-11 19:02:20
06-11 16:18:45.261  1593  1593 I BackupManagerService: [UserID:0] Full backup time but com.google.android.ext.services is busy; deferring to 2024-06-11 18:51:14
06-11 16:18:45.261  1593  1593 I BackupManagerService: [UserID:0] Full backup time but com.google.android.grilservice is busy; deferring to 2024-06-11 19:05:11
06-11 16:18:45.262  1593  1593 I BackupManagerService: [UserID:0] Full backup time but com.google.android.apps.chromecast.app is busy; deferring to 2024-06-11 17:22:57
06-11 16:18:45.262  1593  1593 I BackupManagerService: [UserID:0] Nothing pending full backup or failed to start the operation; rescheduling +3852271
06-11 16:18:45.262  1593  1593 V BackupManagerConstants: getFullBackupRequiredNetworkType(...) returns 2
06-11 16:18:45.262  1593  1593 V BackupManagerConstants: getFullBackupRequireCharging(...) returns true
06-11 16:18:45.265  1593  1593 W JobScheduler: Job didn't exist in JobStore: fdcc3a6 #1000/52418896 android/com.android.server.backup.FullBackupJob
06-11 16:18:45.267  1593  1593 D ActivityManager: sync unfroze 16503 com.zebra.zsdemo for 6
06-11 16:18:45.283  1593  5248 D ActivityManager: sync unfroze 9796 com.android.settings for 7
06-11 16:18:45.402  1593  5248 D ActivityManager: sync unfroze 3645 com.google.android.apps.nbu.files for 6
06-11 16:18:45.599  1593  4472 D ActivityManager: sync unfroze 5047 com.google.android.gms for 6
06-11 16:18:46.101  1593  4472 D CompatibilityChangeReporter: Compat change id reported: 135634846; UID 10124; state: DISABLED
06-11 16:18:46.101  1593  4472 D CompatibilityChangeReporter: Compat change id reported: 177438394; UID 10124; state: DISABLED
06-11 16:18:46.101  1593  4472 D CompatibilityChangeReporter: Compat change id reported: 135772972; UID 10124; state: DISABLED
06-11 16:18:46.101  1593  4472 D CompatibilityChangeReporter: Compat change id reported: 135754954; UID 10124; state: ENABLED
06-11 16:18:46.102  1593  1939 D CompatibilityChangeReporter: Compat change id reported: 143937733; UID 10124; state: ENABLED
06-11 16:18:46.127  1593  1939 I ActivityManager: Start proc 13797:com.google.android.apps.healthdata:learning_bg/u0a124 for service {com.google.android.apps.healthdata/com.google.android.gms.learning.internal.training.InAppTrainingService}
06-11 16:18:46.149  1593  5248 D CompatibilityChangeReporter: Compat change id reported: 168419799; UID 10124; state: DISABLED
06-11 16:18:46.149  1593  5248 D CompatibilityChangeReporter: Compat change id reported: 273564678; UID 10124; state: DISABLED
06-11 16:18:46.209  1593  1969 D CompatibilityChangeReporter: Compat change id reported: 161252188; UID 10312; state: DISABLED
06-11 16:18:46.317  1593  1969 D ActivityManager: sync unfroze 15598 com.google.android.apps.turbo for 6
06-11 16:18:46.715  1593  5248 D ActivityManager: sync unfroze 32488 com.google.android.apps.wellbeing for 6
06-11 16:18:46.843  1593  4472 D ActivityManager: sync unfroze 4856 com.google.android.as.oss for 6
06-11 16:18:46.867  1593  2389 D ActivityManager: sync unfroze 16664 com.android.vending for 6
06-11 16:18:46.872  1593  5248 D ActivityManager: sync unfroze 681 com.google.android.gms.unstable for 6
06-11 16:18:47.398  1593  2007 D PackageManager: Deleting system pkg from data partition
06-11 16:18:47.402  1593  1938 I ActivityManager: Force stopping com.google.android.trichromelibrary_609919332 appid=10235 user=-1: deletePackageX
06-11 16:18:47.509  1593  2007 I PackageManager: /product/app/TrichromeLibrary-Stub changed; collecting certs
06-11 16:18:47.521  1593  2007 I PackageManager: Update system package com.google.android.trichromelibrary_609919332 code path from /data/app/~~_tCuWbQL0B1BIsFxTJYWQg==/com.google.android.trichromelibrary_609919332-NzaxNZxGSzWeemni2QF4fw== to /product/app/TrichromeLibrary-Stub; Retain data and using new
06-11 16:18:47.647  1593  2076 D ActivityManager: sync unfroze 6702 com.google.android.dialer for 6
06-11 16:18:47.657  1593  5125 D ActivityManager: sync unfroze 22800 com.google.android.as.oss:learning_bg for 6
06-11 16:18:47.731  1593  5125 D CompatibilityChangeReporter: Compat change id reported: 161145287; UID 10124; state: ENABLED
06-11 16:18:47.747  1593  1938 I ActivityManager: Force stopping com.google.android.trichromelibrary_609919332 appid=10235 user=-1: setEnabledSetting
06-11 16:18:47.884  1593  2389 D ActivityManager: sync unfroze 20202 android.process.media for 6
06-11 16:18:47.889  1593  2389 D CompatibilityChangeReporter: Compat change id reported: 261072174; UID 10124; state: ENABLED
06-11 16:18:47.917 20202 28250 D DownloadManager: Removed 0 stale downloads
06-11 16:18:47.921 20202 28250 D DownloadManager: Found 4 files in database
06-11 16:18:47.921 20202 28250 D DownloadManager: Found 0 files on disk
06-11 16:18:47.953  1593  1593 D ActivityManager: sync unfroze 6753 com.google.android.apps.turbo:ssb for 6
06-11 16:18:47.992  1593  2389 D ActivityManager: sync unfroze 17587 com.google.process.gapps for 7
06-11 16:18:48.153  1593  4429 I Telecom : PhoneAccountRegistrar: getSimCallManager: SimCallManager for subId -1 queried, returning: null: TSI.gPA(cas)@SYI
06-11 16:18:48.226  1593  5125 D ActivityManager: Checking cgroup freezer: /sys/fs/cgroup/uid_0/pid_981/cgroup.freeze
06-11 16:18:48.227  1593  5125 D ActivityManager: Checking binder freezer ioctl
06-11 16:18:48.227  1593  5125 D ActivityManager: Checking freezer profiles
06-11 16:18:48.227  1593  5125 D ActivityManager: Freezer supported: true
06-11 16:18:48.389  1593  5125 D ActivityManager: sync unfroze 10279 com.android.angle for 7
06-11 16:18:48.394  1593  5125 D ActivityManager: sync unfroze 10250 com.android.traceur for 7
06-11 16:18:48.400  1593  3148 W ProcessStats: Tracking association SourceState{7fd7e02 com.google.android.settings.intelligence/10166 ImpBg #513222} whose proc state 6 is better than process ProcessState{b7b247 com.google.android.GoogleCamera/10119 pkg=com.google.android.GoogleCamera} proc state 8 (5 skipped)
06-11 16:18:48.407  1593  3148 D ActivityManager: sync unfroze 5805 com.google.android.accessibility.switchaccess for 7
06-11 16:18:48.426  1593  3148 D ActivityManager: sync unfroze 10354 com.google.android.apps.pixel.support:projection for 7
06-11 16:18:48.440  1593  3476 D ActivityManager: sync unfroze 24395 com.google.android.apps.safetyhub for 7
06-11 16:18:48.477  1593  3148 D ActivityManager: sync unfroze 10318 com.google.android.cellbroadcastreceiver for 7
06-11 16:18:48.527  1593  5125 W ActivityManager: pid 16773 com.google.android.settings.intelligence sent binder code 1 with flags 0 to frozen apps and got error -2147483646
06-11 16:18:48.527 16773 13726 I ActivityThread: Removing dead content provider:android.content.ContentProviderProxy@8480447
06-11 16:18:48.527  1593  5125 I ActivityManager: Process com.google.android.gms.ui (pid 10231) early provider death
06-11 16:18:48.529  1593  5125 I ActivityManager: Process com.google.android.gms.ui (pid 10231) has died: cch+25 TRNB
06-11 16:18:48.676 16773 13722 I ActivityThread: Removing dead content provider:android.content.ContentProviderProxy@28d3227
06-11 16:18:48.678  1593  5125 W ActivityManager: pid 16773 com.google.android.settings.intelligence sent binder code 1 with flags 0 to frozen apps and got error -32
06-11 16:18:48.678  1593  5125 D ActivityManager: Too many transaction errors, throttling freezer binder callback.
06-11 16:18:48.678  1593  3476 W ActivityManager: ProcessRecord{da2ea87 0:com.google.android.gms.ui/u0a148} is attached to a previous process 10231
06-11 16:18:48.679  1593  3476 D CompatibilityChangeReporter: Compat change id reported: 135634846; UID 10148; state: DISABLED
06-11 16:18:48.679  1593  3476 D CompatibilityChangeReporter: Compat change id reported: 177438394; UID 10148; state: DISABLED
06-11 16:18:48.679  1593  3476 D CompatibilityChangeReporter: Compat change id reported: 135772972; UID 10148; state: DISABLED
06-11 16:18:48.679  1593  3476 D CompatibilityChangeReporter: Compat change id reported: 135754954; UID 10148; state: ENABLED
06-11 16:18:48.688  1593  3896 D ActivityManager: sync unfroze 10392 com.google.android.healthconnect.controller for 7
06-11 16:18:48.690  1593  3936 D ActivityManager: sync unfroze 7253 com.google.android.marvin.talkback for 7
06-11 16:18:48.696  1593  5248 W ActivityManager: pid 16773 com.google.android.settings.intelligence sent binder code 1 with flags 0 to frozen apps and got error -2147483646
06-11 16:18:48.696 16773 13907 I ActivityThread: Removing dead content provider:android.content.ContentProviderProxy@8042579
06-11 16:18:48.696  1593  5248 D ActivityManager: Too many transaction errors, throttling freezer binder callback.
06-11 16:18:48.696  1593  3148 D ActivityManager: sync unfroze 10309 com.google.android.projection.gearhead:projection for 7
06-11 16:18:48.697  1593  3148 D ActivityManager: sync unfroze 6523 com.google.android.projection.gearhead:shared for 7
06-11 16:18:48.698  1593  3148 D ActivityManager: sync unfroze 6554 com.google.android.projection.gearhead:car for 7
06-11 16:18:48.700  1593  3896 I ActivityManager: Process com.google.android.permissioncontroller (pid 12612) early provider death
06-11 16:18:48.700  1593  3896 I ActivityManager: Process com.google.android.permissioncontroller (pid 12612) has died: cch+5 TRNB
06-11 16:18:48.701  1593  1923 D DisplayManagerService: Drop pending events for gone uid 10251
06-11 16:18:48.704  1593  5125 W ActivityManager: ProcessRecord{da2ea87 0:com.google.android.gms.ui/u0a148} is attached to a previous process 10231
06-11 16:18:48.707  1593  3896 W ActivityManager: ProcessRecord{e2c4b25 0:com.google.android.permissioncontroller/u0a251} is attached to a previous process 12612
06-11 16:18:48.707  1593  3896 D CompatibilityChangeReporter: Compat change id reported: 135634846; UID 10251; state: DISABLED
06-11 16:18:48.707  1593  3896 D CompatibilityChangeReporter: Compat change id reported: 177438394; UID 10251; state: DISABLED
06-11 16:18:48.707  1593  3896 D CompatibilityChangeReporter: Compat change id reported: 135772972; UID 10251; state: DISABLED
06-11 16:18:48.707  1593  3896 D CompatibilityChangeReporter: Compat change id reported: 135754954; UID 10251; state: ENABLED
06-11 16:18:48.711 16773 13904 I ActivityThread: Removing dead content provider:android.content.ContentProviderProxy@98c826c
06-11 16:18:48.711  1593  3896 W ActivityManager: pid 16773 com.google.android.settings.intelligence sent binder code 1 with flags 0 to frozen apps and got error -2147483646
06-11 16:18:48.711  1593  3896 D ActivityManager: Too many transaction errors, throttling freezer binder callback.
06-11 16:18:48.713  1593  3896 W ActivityManager: ProcessRecord{e2c4b25 0:com.google.android.permissioncontroller/u0a251} is attached to a previous process 12612
06-11 16:18:48.732  1593  3896 W ActivityManager: pid 16773 com.google.android.settings.intelligence sent binder code 1 with flags 0 to frozen apps and got error -2147483646
06-11 16:18:48.732  1593  3896 D ActivityManager: Too many transaction errors, throttling freezer binder callback.
06-11 16:18:48.732 16773 13897 I ActivityThread: Removing dead content provider:android.content.ContentProviderProxy@3f55958
06-11 16:18:48.740  1593  3896 W ActivityManager: ProcessRecord{e2c4b25 0:com.google.android.permissioncontroller/u0a251} is attached to a previous process 12612
06-11 16:18:48.786  1593  3148 V ActivityManager: Got obituary of 12612:com.google.android.permissioncontroller
06-11 16:18:48.786  1593  5125 W WindowManager: Cannot find window which accessibility connection is added to
06-11 16:18:48.787  1593  1925 W ActivityManager: setHasOverlayUi called on unknown pid: 12612
06-11 16:18:48.787  1593  1939 W ActivityManager: Slow operation: 80ms so far, now at startProcess: asking zygote to start proc
06-11 16:18:48.787  1593  4429 W WindowManager: Cannot find window which accessibility connection is added to
06-11 16:18:48.787  1593  1939 D CompatibilityChangeReporter: Compat change id reported: 143937733; UID 10251; state: ENABLED
06-11 16:18:48.797  1593  1939 W ActivityManager: Slow operation: 89ms so far, now at startProcess: returned from zygote!
06-11 16:18:48.797  1593  1939 W ActivityManager: Slow operation: 90ms so far, now at startProcess: done updating battery stats
06-11 16:18:48.797  1593  1939 W ActivityManager: Slow operation: 90ms so far, now at startProcess: building log message
06-11 16:18:48.797  1593  1939 I ActivityManager: Start proc 13975:com.google.android.permissioncontroller/u0a251 for content provider {com.google.android.permissioncontroller/com.android.permissioncontroller.safetycenter.service.SafetyCenterSearchIndexablesProvider}
06-11 16:18:48.797  1593  1939 W ActivityManager: Slow operation: 90ms so far, now at startProcess: starting to update pids map
06-11 16:18:48.797  1593  1939 W ActivityManager: Slow operation: 90ms so far, now at startProcess: done updating pids map
06-11 16:18:48.812  1593  3936 V ActivityManager: Got obituary of 10231:com.google.android.gms.ui
06-11 16:18:48.813  1593  1939 W ActivityManager: Slow operation: 135ms so far, now at startProcess: asking zygote to start proc
06-11 16:18:48.813  1593  1939 D CompatibilityChangeReporter: Compat change id reported: 143937733; UID 10148; state: ENABLED
06-11 16:18:48.818  1593  1925 W ActivityManager: setHasOverlayUi called on unknown pid: 10231
06-11 16:18:48.826  1593  2388 D CompatibilityChangeReporter: Compat change id reported: 170503758; UID 10251; state: ENABLED
06-11 16:18:48.830  1593  1939 W ActivityManager: Slow operation: 151ms so far, now at startProcess: returned from zygote!
06-11 16:18:48.830  1593  1939 W ActivityManager: Slow operation: 152ms so far, now at startProcess: done updating battery stats
06-11 16:18:48.830  1593  1939 W ActivityManager: Slow operation: 152ms so far, now at startProcess: building log message
06-11 16:18:48.830  1593  1939 I ActivityManager: Start proc 13994:com.google.android.gms.ui/u0a148 for content provider {com.google.android.gms/com.google.android.gms.app.search.GmsSearchIndexablesProvider}
06-11 16:18:48.830  1593  1939 W ActivityManager: Slow operation: 152ms so far, now at startProcess: starting to update pids map
06-11 16:18:48.831  1593  1939 W ActivityManager: Slow operation: 152ms so far, now at startProcess: done updating pids map
06-11 16:18:48.855  1593  4458 D CompatibilityChangeReporter: Compat change id reported: 168419799; UID 10148; state: DISABLED
06-11 16:18:48.855  1593  4458 D CompatibilityChangeReporter: Compat change id reported: 273564678; UID 10148; state: DISABLED
06-11 16:18:48.866  1593  2388 D CompatibilityChangeReporter: Compat change id reported: 170503758; UID 10148; state: ENABLED
06-11 16:18:48.897  1593  4458 D CompatibilityChangeReporter: Compat change id reported: 261072174; UID 10180; state: ENABLED
06-11 16:18:48.934  1593  5248 D CompatibilityChangeReporter: Compat change id reported: 161252188; UID 10148; state: DISABLED
06-11 16:18:48.961  1593  4458 D CompatibilityChangeReporter: Compat change id reported: 161145287; UID 10148; state: ENABLED
06-11 16:18:49.192  1593  5248 D CompatibilityChangeReporter: Compat change id reported: 158482162; UID 10148; state: ENABLED
06-11 16:18:49.972  1593  2007 I PackageManager: /data/app/~~JMekfrsCgqiewsfa-1IFaw==/com.google.android.trichromelibrary_609919332-wyX0DfX7qpAsXLbfUwdPqw== changed; collecting certs
06-11 16:18:50.169  1593  2007 I PackageManager: Update system package com.google.android.trichromelibrary_609919332 code path from /product/app/TrichromeLibrary-Stub to /data/app/~~JMekfrsCgqiewsfa-1IFaw==/com.google.android.trichromelibrary_609919332-wyX0DfX7qpAsXLbfUwdPqw==; Retain data and using new
06-11 16:18:50.209  1593  2120 W PackageConfigPersister: App-specific configuration not found for packageName: com.google.android.trichromelibrary_609919332 and userId: 0
06-11 16:18:50.218  1593  1593 W SignedConfig: Got null PackageInfo for com.google.android.trichromelibrary_609919332; user 0
06-11 16:18:50.223  1593  1593 W BackupManagerService: [UserID:0] Can't resolve new app com.google.android.trichromelibrary_609919332
06-11 16:18:50.227  1593  1593 W AlarmManager: Package com.google.android.trichromelibrary_609919332, uid 10235 lost permission to set exact alarms!
06-11 16:18:50.229  1593  2007 W ActivityManager: Dropping ACTION_PACKAGE_REPLACED for non-existent pkg: ssp=com.google.android.trichromelibrary_609919332 data=package:com.google.android.trichromelibrary_609919332
06-11 16:18:50.230  1593  5248 D ActivityManager: sync unfroze 3071 com.google.android.euicc for 6
06-11 16:18:50.246  1593  5215 D ActivityManager: sync unfroze 8407 com.google.android.rkpdapp for 6
06-11 16:18:50.361  1593  4458 D CompatibilityChangeReporter: Compat change id reported: 261072174; UID 10148; state: ENABLED
06-11 16:18:50.406  1593  1937 W MagnificationConnectionManager: requestConnection duplicated request: connect=false, mConnectionState=DISCONNECTED
06-11 16:18:50.415  1593  1937 W MagnificationConnectionManager: requestConnection duplicated request: connect=false, mConnectionState=DISCONNECTED
06-11 16:18:50.419  1593  4458 D CompatibilityChangeReporter: Compat change id reported: 161145287; UID 10251; state: ENABLED
06-11 16:18:50.435  1593  1593 D ActivityManager: sync unfroze 8356 com.google.android.odad for 6
06-11 16:18:50.485  1593  1593 I RemoteContentProtectionService: Connection status for: ComponentInfo{com.google.android.odad/com.google.android.apps.miphone.odad.contentprotection.ContentProtectionService} changed to: connected
06-11 16:18:51.316  1593  5125 W JobScheduler: Job didn't exist in JobStore: 6eef6c7 #u0a168/-939763582 com.google.android.as.oss/com.google.android.gms.learning.internal.training.InAppJobService
06-11 16:18:52.654  1593  5125 D ActivityManager: sync unfroze 10214 com.android.vending:background for 6
06-11 16:18:53.490  1593  1593 I RemoteContentProtectionService: Connection status for: ComponentInfo{com.google.android.odad/com.google.android.apps.miphone.odad.contentprotection.ContentProtectionService} changed to: disconnected
06-11 16:18:55.658  1593  2084 D ActivityManager: freezing 18542 com.google.android.tts
06-11 16:18:56.310  1593  2084 D ActivityManager: freezing 16503 com.zebra.zsdemo
06-11 16:18:56.524  1593  2084 D ActivityManager: freezing 15598 com.google.android.apps.turbo
06-11 16:18:57.888  1593  2084 D ActivityManager: freezing 6702 com.google.android.dialer
06-11 16:18:57.964  1593  2084 D ActivityManager: freezing 20202 android.process.media
06-11 16:18:58.056  1593  2084 D ActivityManager: freezing 7790 com.google.android.keep
06-11 16:18:58.903  1593  2084 D ActivityManager: freezing 6554 com.google.android.projection.gearhead:car
06-11 16:18:58.960  1593  2084 D ActivityManager: freezing 6523 com.google.android.projection.gearhead:shared
06-11 16:18:58.961  1593  2084 D ActivityManager: freezing 6753 com.google.android.apps.turbo:ssb
06-11 16:18:59.058  1593  2084 D ActivityManager: freezing 3645 com.google.android.apps.nbu.files
06-11 16:19:00.264  1593  2084 D ActivityManager: freezing 8407 com.google.android.rkpdapp
06-11 16:19:00.471  1593  3476 W ProcessStats: Tracking association SourceState{596baad com.android.phone/1001 BFgs #513491} whose proc state 4 is better than process ProcessState{5e3dd08 com.google.android.euicc/10150 pkg=com.google.android.euicc} proc state 15 (1062 skipped)
06-11 16:19:00.475  1593  2076 D CompatibilityChangeReporter: Compat change id reported: 265195908; UID 10251; state: ENABLED
06-11 16:19:01.250   546 14067 I keystore2: system/security/keystore2/watchdog/src/lib.rs:319 - Watchdog thread idle -> terminating. Have a great day.
06-11 16:19:01.304  1593  2084 D ActivityManager: freezing 22800 com.google.android.as.oss:learning_bg
06-11 16:19:01.357  1593  2084 D ActivityManager: freezing 4856 com.google.android.as.oss
06-11 16:19:01.358  1593  2084 D ActivityManager: freezing 16773 com.google.android.settings.intelligence
06-11 16:19:01.359  1593  2084 D ActivityManager: freezing 10309 com.google.android.projection.gearhead:projection
06-11 16:19:01.360  1593  2084 D ActivityManager: freezing 7253 com.google.android.marvin.talkback
06-11 16:19:01.360  1593  2084 D ActivityManager: freezing 10392 com.google.android.healthconnect.controller
06-11 16:19:01.361  1593  2084 D ActivityManager: freezing 10318 com.google.android.cellbroadcastreceiver
06-11 16:19:01.361  1593  2084 D ActivityManager: freezing 10354 com.google.android.apps.pixel.support:projection
06-11 16:19:01.362  1593  2084 D ActivityManager: freezing 24395 com.google.android.apps.safetyhub
06-11 16:19:01.363  1593  2084 D ActivityManager: freezing 4495 com.google.android.apps.messaging
06-11 16:19:01.364  1593  2084 D ActivityManager: freezing 5805 com.google.android.accessibility.switchaccess
06-11 16:19:01.365  1593  2084 D ActivityManager: freezing 10250 com.android.traceur
06-11 16:19:01.365  1593  2084 D ActivityManager: freezing 10279 com.android.angle
06-11 16:19:01.366  1593  2084 D ActivityManager: freezing 9796 com.android.settings
06-11 16:19:02.426  1593  1956 D KernelCpuUidUserSysTimeReader: Removing uids 90000-90000
06-11 16:19:02.427  1593  1956 D KernelCpuUidUserSysTimeReader: Removing uids 90001-90001
06-11 16:19:02.428  1593  1956 D KernelCpuUidUserSysTimeReader: Removing uids 90002-90002
06-11 16:19:02.699  1593  2084 D ActivityManager: freezing 681 com.google.android.gms.unstable
06-11 16:19:03.496  1593  2084 D ActivityManager: freezing 8356 com.google.android.odad
06-11 16:19:07.206  1593  1938 D CompatibilityChangeReporter: Compat change id reported: 177438394; UID 10180; state: DISABLED
06-11 16:19:07.207  1593  1938 D CompatibilityChangeReporter: Compat change id reported: 135772972; UID 10180; state: DISABLED
06-11 16:19:07.207  1593  1938 D CompatibilityChangeReporter: Compat change id reported: 135754954; UID 10180; state: ENABLED
06-11 16:19:07.208  1593  1938 D ActivityManager: sync unfroze 12192 com.google.android.apps.maps for 3
06-11 16:19:07.209  1593  1939 D CompatibilityChangeReporter: Compat change id reported: 143937733; UID 10180; state: ENABLED
06-11 16:19:07.223  1593  1939 I ActivityManager: Start proc 14207:com.google.android.apps.maps:server_recovery_process/u0a180 for broadcast {com.google.android.apps.maps/com.google.android.apps.gmm.plugins.serverrecovery.PhenotypeServerRecoveryHandlerImpl}
06-11 16:19:07.225  1593  1938 D ActivityManager: sync unfroze 29707 com.google.android.apps.translate for 3
06-11 16:19:07.229  1593  1938 D ActivityManager: sync unfroze 8985 com.google.android.apps.dreamliner for 3
06-11 16:19:07.239  1593  1938 D ActivityManager: sync unfroze 1553 com.google.android.apps.tachyon for 3
06-11 16:19:07.249  1593  2914 D ActivityManager: sync unfroze 6554 com.google.android.projection.gearhead:car for 5
06-11 16:19:07.258  1593  5248 D CompatibilityChangeReporter: Compat change id reported: 168419799; UID 10180; state: DISABLED
06-11 16:19:07.258  1593  5248 D CompatibilityChangeReporter: Compat change id reported: 273564678; UID 10180; state: DISABLED
06-11 16:19:07.273  1593  1938 D ActivityManager: sync unfroze 4815 com.google.android.apps.youtube.music for 3
06-11 16:19:07.274  1593  5248 D CompatibilityChangeReporter: Compat change id reported: 170503758; UID 10180; state: ENABLED
06-11 16:19:07.277  1593  1938 W ActivityManager: pid 1593 system sent binder code 14 with flags 1 to frozen apps and got error -2147483646
06-11 16:19:07.277  1593  1938 W BroadcastQueue: Failed to schedule BroadcastRecord{386d1c android.intent.action.BATTERY_CHANGED/u-1} to BroadcastFilter{9598186 10204/u0 ReceiverList{483c261 4815 com.google.android.apps.youtube.music/10204/u0 remote:dfb61c8}} via ProcessRecord{4b99ba9 4815:com.google.android.apps.youtube.music/u0a204}: android.os.DeadObjectException: Transaction failed on small parcel; remote process probably died, but this could also be caused by running out of binder buffer space
06-11 16:19:07.277  1593  1938 I ActivityManager: Killing 4815:com.google.android.apps.youtube.music/u0a204 (adj 985): Can't deliver broadcast
06-11 16:19:07.421  1593  5248 D CompatibilityChangeReporter: Compat change id reported: 261072174; UID 10180; state: ENABLED
06-11 16:19:07.424  1593  1923 D DisplayManagerService: Drop pending events for gone uid 10204
06-11 16:19:07.432  1593  2091 I RescueParty: Starting to observe: [com.google.android.adservices.api, android], updated namespace: adservices
06-11 16:19:07.433  1593  5215 D CompatibilityChangeReporter: Compat change id reported: 161145287; UID 10180; state: ENABLED
06-11 16:19:07.434  1593  2914 W ActivityManager: Slow operation: 101ms so far, now at finishAttachApplicationInner: after mServices.attachApplicationLocked
06-11 16:19:07.434  1593  2914 W ActivityManager: Slow operation: 101ms so far, now at finishAttachApplicationInner: after dispatching broadcasts
06-11 16:19:07.489  1593  1938 D CompatibilityChangeReporter: Compat change id reported: 177438394; UID 10204; state: DISABLED
06-11 16:19:07.490  1593  1938 D CompatibilityChangeReporter: Compat change id reported: 135772972; UID 10204; state: DISABLED
06-11 16:19:07.490  1593  1938 D CompatibilityChangeReporter: Compat change id reported: 135754954; UID 10204; state: ENABLED
06-11 16:19:07.490  1593  1939 D CompatibilityChangeReporter: Compat change id reported: 143937733; UID 10204; state: ENABLED
06-11 16:19:07.513  1593  1939 I ActivityManager: Start proc 14248:com.google.android.apps.youtube.music/u0a204 for broadcast {com.google.android.apps.youtube.music/com.google.android.libraries.phenotype.client.stable.PhenotypeUpdateBackgroundBroadcastReceiver}
06-11 16:19:07.554  1593  2914 D CompatibilityChangeReporter: Compat change id reported: 168419799; UID 10204; state: DISABLED
06-11 16:19:07.554  1593  2914 D CompatibilityChangeReporter: Compat change id reported: 273564678; UID 10204; state: DISABLED
06-11 16:19:07.558  1593  1937 I PackageWatchdog: Syncing state, reason: observing new packages
06-11 16:19:07.559  1593  1937 D PackageWatchdog: rescue-party-observer added the following packages to monitor [com.google.android.adservices.api, android]
06-11 16:19:07.559  1593  2076 D CompatibilityChangeReporter: Compat change id reported: 265195908; UID 10204; state: ENABLED
06-11 16:19:07.559  1593  1937 I PackageWatchdog: Syncing state, reason: updated observers
06-11 16:19:07.559  1593  1593 I PackageWatchdog: Syncing health check requests for packages: {}
06-11 16:19:07.559  1593  1593 I ExplicitHealthCheckController: Service not ready to get health check supported packages. Binding...
06-11 16:19:07.559  1593  1937 I PackageWatchdog: Saving observer state to file
06-11 16:19:07.560  1593  2777 D CompatibilityChangeReporter: Compat change id reported: 170503758; UID 10204; state: ENABLED
06-11 16:19:07.561  1593  1593 I ExplicitHealthCheckController: Explicit health check service is bound
06-11 16:19:07.571  1593  1593 I PackageWatchdog: Syncing health check requests for packages: {}
06-11 16:19:07.571  1593  1593 I ExplicitHealthCheckController: Service not ready to get health check supported packages. Binding...
06-11 16:19:07.571  1593  1593 I ExplicitHealthCheckController: Not binding to service, service already connecting
06-11 16:19:07.580  1593  3476 I ActivityManager: Process com.google.android.apps.maps:server_recovery_process (pid 14207) has died: fg  RCVR
06-11 16:19:07.600  1593  1938 D ActivityManager: sync unfroze 9028 com.google.android.setupwizard for 3
06-11 16:19:07.610  1593  1593 I ExplicitHealthCheckController: Explicit health check service is connected ComponentInfo{com.google.android.ext.services/android.ext.services.watchdog.ExplicitHealthCheckServiceImpl}
06-11 16:19:07.610  1593  1593 I ExplicitHealthCheckController: Service initialized, syncing requests
06-11 16:19:07.610  1593  1593 I PackageWatchdog: Syncing health check requests for packages: {}
06-11 16:19:07.610  1593  1593 D ExplicitHealthCheckController: Getting health check supported packages
06-11 16:19:07.615  1593  4429 I ExplicitHealthCheckController: Explicit health check supported packages [PackageConfig{com.google.android.networkstack, 86400000}]
06-11 16:19:07.615  1593  4429 D PackageWatchdog: Received supported packages [PackageConfig{com.google.android.networkstack, 86400000}]
06-11 16:19:07.615  1593  4429 D ExplicitHealthCheckController: Getting health check requested packages
06-11 16:19:07.616  1593  3476 I ExplicitHealthCheckController: Explicit health check requested packages []
06-11 16:19:07.616  1593  3476 I ExplicitHealthCheckController: No more health check requests, unbinding...
06-11 16:19:07.620  1593  3476 I ExplicitHealthCheckController: Explicit health check service is unbound
06-11 16:19:07.626  1593  2076 D CompatibilityChangeReporter: Compat change id reported: 265195908; UID 10180; state: ENABLED
06-11 16:19:07.641  1593  2777 D CompatibilityChangeReporter: Compat change id reported: 172251878; UID 10148; state: ENABLED
06-11 16:19:07.651  1593  5215 D CompatibilityChangeReporter: Compat change id reported: 241766793; UID 10148; state: ENABLED
06-11 16:19:07.809  1593  1938 D ActivityManager: sync unfroze 4495 com.google.android.apps.messaging for 3
06-11 16:19:07.817  1593  1938 D ActivityManager: sync unfroze 30307 com.google.android.videos for 3
06-11 16:19:07.886  1593  1938 D ActivityManager: sync unfroze 16864 com.google.android.apps.nbu.paisa.user for 3
06-11 16:19:07.911  1593  2988 D CompatibilityChangeReporter: Compat change id reported: 271850009; UID 10180; state: ENABLED
06-11 16:19:07.911  1593  2988 D CompatibilityChangeReporter: Compat change id reported: 253665015; UID 10180; state: ENABLED
06-11 16:19:07.911  1593  2988 D CompatibilityChangeReporter: Compat change id reported: 194532703; UID 10180; state: ENABLED
06-11 16:19:07.911  1593  2988 D CompatibilityChangeReporter: Compat change id reported: 311402873; UID 10180; state: DISABLED
06-11 16:19:07.911  1593  5215 D CompatibilityChangeReporter: Compat change id reported: 161145287; UID 10204; state: ENABLED
06-11 16:19:07.916  1593  2988 D CompatibilityChangeReporter: Compat change id reported: 161252188; UID 10204; state: DISABLED
06-11 16:19:07.995  1593  1938 D ActivityManager: sync unfroze 30551 com.google.android.apps.magazines for 3
06-11 16:19:08.034  1593  3476 D CompatibilityChangeReporter: Compat change id reported: 261072174; UID 10204; state: ENABLED
06-11 16:19:08.048  1593  1938 D ActivityManager: sync unfroze 6136 com.google.android.youtube for 3
06-11 16:19:08.065  1593  2084 D ActivityManager: freezing 13994 com.google.android.gms.ui
06-11 16:19:08.079  1593  3476 W ActivityManager: Unable to start service Intent { act=com.google.android.gms.credential.manager.tasks.PasswordSharingSubscriptionTaskBoundService.ACTION_TASK_READY pkg=com.google.android.gms } U=0: not found
06-11 16:19:08.127  1593  1750 W PackageConfigPersister: App-specific configuration not found for packageName: com.google.android.videos and userId: 0
06-11 16:19:08.186  1593  2513 W PackageConfigPersister: App-specific configuration not found for packageName: com.google.android.videos and userId: 0
06-11 16:19:08.200  1593  4429 W PackageConfigPersister: App-specific configuration not found for packageName: com.google.android.videos and userId: 0
06-11 16:19:08.201  1593  4429 W PackageConfigPersister: App-specific configuration not found for packageName: com.google.android.videos and userId: 0
