06-11 15:42:20.027  1593  2076 W ProcessStats: Tracking association SourceState{a135a4d com.google.android.googlequicksearchbox:search/10158 BTop #510436} whose proc state 2 is better than process ProcessState{e7d9fe8 com.google.android.googlequicksearchbox:interactor/10158 pkg=com.google.android.googlequicksearchbox} proc state 4 (13 skipped)
06-11 15:42:20.056  1593  1974 W JobScheduler: Job didn't exist in JobStore: a725077 #u0a177/10 com.google.android.calendar/.jobservices.CalendarProviderObserverForNotificationsJobService
06-11 15:42:30.136  1593  2084 D ActivityManager: freezing 8492 com.google.android.calendar
06-11 15:42:32.393  1593  1938 W ProcessStats: Tracking association SourceState{a135a4d com.google.android.googlequicksearchbox:search/10158 BTop #510449} whose proc state 2 is better than process ProcessState{e7d9fe8 com.google.android.googlequicksearchbox:interactor/10158 pkg=com.google.android.googlequicksearchbox} proc state 4 (5 skipped)
06-11 15:42:32.490  1593  2297 D ActivityManager: sync unfroze 7790 com.google.android.keep for 6
06-11 15:42:32.492  1593  2388 W AppOps  : Noting op not finished: uid 10148 pkg com.google.android.gms code 113 startTime of in progress event=1718100639850
06-11 15:42:32.499  1593  5270 W AppOps  : Noting op not finished: uid 10148 pkg com.google.android.gms code 113 startTime of in progress event=1718100639851
06-11 15:42:32.503  1593  1593 W JobScheduler: Job didn't exist in JobStore: 3953dcc {SyncManager} #1000/1690 @SyncManager@com.google.android.keep/com.google:android
06-11 15:42:32.508  1593  2388 W AppOps  : Noting op not finished: uid 10148 pkg com.google.android.gms code 79 startTime of in progress event=1718100639850
06-11 15:42:32.514  1593  5270 W AppOps  : Noting op not finished: uid 10148 pkg com.google.android.gms code 113 startTime of in progress event=1718100639851
06-11 15:42:32.518  1593  2388 W AppOps  : Noting op not finished: uid 10148 pkg com.google.android.gms code 113 startTime of in progress event=1718100639851
06-11 15:42:32.526  1593  2297 D ActivityManager: sync unfroze 8492 com.google.android.calendar for 6
06-11 15:42:32.533  5047 12665 E ActivityThread: Failed to find provider info for subscribedfeeds
06-11 15:42:32.533  5047 12665 E ActivityThread: Failed to find provider info for subscribedfeeds
06-11 15:42:34.614  1593  1593 W JobScheduler: Job didn't exist in JobStore: 7ae8f40 {SyncManager} #1000/1693 @SyncManager@com.android.calendar/com.google:android
06-11 15:42:34.776  1593  2297 D ActivityManager: sync unfroze 9632 com.google.android.gm for 6
06-11 15:42:35.037  5047  5101 E ActivityThread: Failed to find provider info for gmail-ofls
06-11 15:42:36.154  5047  5101 E ActivityThread: Failed to find provider info for gmail-ofls
06-11 15:42:37.222  1593  1996 V DisplayPowerController2[0]: Brightness [0.025905527] reason changing to: 'automatic [ dim ]', previous reason: 'automatic'.
06-11 15:42:37.222  1593  1996 I DisplayPowerController2[0]: BrightnessEvent: disp=0, physDisp=local:4619827677550801152, brt=0.025905527, initBrt=0.06590553, rcmdBrt=0.06590553, preBrt=0.04568613, lux=478.69147, preLux=273.12415, hbmMax=0.5, hbmMode=off, rbcStrength=50, thrmMax=1.0, powerFactor=1.0, wasShortTermModelActive=false, flags=, reason=automatic [ dim ], autoBrightness=true, strategy=InvalidBrightnessStrategy
06-11 15:42:37.366  1593  2250 D ActivityManager: sync unfroze 30380 android.process.acore for 7
06-11 15:42:37.405  1593  2388 I AS.FadeOutManager: unfadeOutUid() uid:10237
06-11 15:42:37.412  1593  1593 W NotificationHistory: Attempted to add notif for locked/gone/disabled user 0
06-11 15:42:37.451  1593  1925 I DisplayDeviceRepository: Display device changed: DisplayDeviceInfo{"Built-in Screen": uniqueId="local:4619827677550801152", 1080 x 2400, modeId 1, renderFrameRate 60.0, defaultModeId 1, userPreferredModeId 1, supportedModes [{id=1, width=1080, height=2400, fps=60.0, vsync=60.0, alternativeRefreshRates=[90.0], supportedHdrTypes=[2, 3, 4]}, {id=2, width=1080, height=2400, fps=90.0, vsync=90.0, alternativeRefreshRates=[60.0], supportedHdrTypes=[2, 3, 4]}], colorMode 0, supportedColorModes [0, 7, 9], hdrCapabilities HdrCapabilities{mSupportedHdrTypes=[2, 3, 4], mMaxLuminance=1000.0, mMaxAverageLuminance=120.0, mMinLuminance=5.0E-4}, allmSupported false, gameContentTypeSupported false, density 420, 415.636 x 417.534 dpi, appVsyncOff 6233334, presDeadline 11500000, cutout DisplayCutout{insets=Rect(0, 136 - 0, 0) waterfall=Insets{left=0, top=0, right=0, bottom=0} boundingRect={Bounds=[Rect(0, 0 - 0, 0), Rect(480, 0 - 625, 136), Rect(0, 0 - 0, 0), Rect(0, 0 - 0, 0)]} cutoutPathParserInfo={CutoutPathParserInfo{displayWidth=1080 displayHeight=2400 physicalDisplayWidth=1080 physicalDisplayHeight=2400 density={2.625} cutoutSpec={M 506,68 a 34,34 0 1 0 68,0 34,34 0 1 0 -68,0 Z @left} rotation={0} scale={1.0} physicalPixelDisplaySizeRatio={1.0}}}}, touch INTERNAL, rotation 0, type INTERNAL, address {port=0, model=0x401ceccbbbeef1}, deviceProductInfo DeviceProductInfo{name=Common Panel, manufacturerPnpId=GGL, productId=0, modelYear=null, manufactureDate=ManufactureDate{week=1, year=1990}, connectionToSinkType=0}, state ON, committedState ON, frameRateOverride , brightnessMinimum 0.0, brightnessMaximum 1.0, brightnessDefault 0.17429718, hdrSdrRatio 1.0, roundedCorners RoundedCorners{[RoundedCorner{position=TopLeft, radius=47, center=Point(47, 47)}, RoundedCorner{position=TopRight, radius=47, center=Point(1033, 47)}, RoundedCorner{position=BottomRight, radius=48, center=Point(1032, 2352)}, RoundedCorner{position=BottomLeft, radius=48, center=Point(48, 2352)}]}, FLAG_ALLOWED_TO_BE_DEFAULT_DISPLAY, FLAG_ROTATES_WITH_CONTENT, FLAG_SECURE, FLAG_SUPPORTS_PROTECTED_BUFFERS, FLAG_TRUSTED, installOrientation 0, displayShape DisplayShape{ spec=-552977240 displayWidth=1080 displayHeight=2400 physicalPixelDisplaySizeRatio=1.0 rotation=0 offsetX=0 offsetY=0 scale=1.0}}
06-11 15:42:37.452  1593  1593 W NotificationHistory: Attempted to add notif for locked/gone/disabled user 0
06-11 15:42:37.452  1593  1996 D BrightnessPowerClamper: Power throttling data is missing for configuration data.
06-11 15:42:37.486  1593  1593 W NotificationHistory: Attempted to add notif for locked/gone/disabled user 0
06-11 15:42:40.712  1593  5270 W JobScheduler: Job didn't exist in JobStore: 2e498d5 #u0a177/1 com.google.android.calendar/.jobservices.CalendarProviderObserverJobService
06-11 15:42:42.614  2338  9687 D PowerUI : can't show warning due to - plugged: true status unknown: false
06-11 15:42:42.656  1593  1925 I DisplayDeviceRepository: Display device changed: DisplayDeviceInfo{"Built-in Screen": uniqueId="local:4619827677550801152", 1080 x 2400, modeId 2, renderFrameRate 90.0, defaultModeId 1, userPreferredModeId 1, supportedModes [{id=1, width=1080, height=2400, fps=60.0, vsync=60.0, alternativeRefreshRates=[90.0], supportedHdrTypes=[2, 3, 4]}, {id=2, width=1080, height=2400, fps=90.0, vsync=90.0, alternativeRefreshRates=[60.0], supportedHdrTypes=[2, 3, 4]}], colorMode 0, supportedColorModes [0, 7, 9], hdrCapabilities HdrCapabilities{mSupportedHdrTypes=[2, 3, 4], mMaxLuminance=1000.0, mMaxAverageLuminance=120.0, mMinLuminance=5.0E-4}, allmSupported false, gameContentTypeSupported false, density 420, 415.636 x 417.534 dpi, appVsyncOff 6233333, presDeadline 11500000, cutout DisplayCutout{insets=Rect(0, 136 - 0, 0) waterfall=Insets{left=0, top=0, right=0, bottom=0} boundingRect={Bounds=[Rect(0, 0 - 0, 0), Rect(480, 0 - 625, 136), Rect(0, 0 - 0, 0), Rect(0, 0 - 0, 0)]} cutoutPathParserInfo={CutoutPathParserInfo{displayWidth=1080 displayHeight=2400 physicalDisplayWidth=1080 physicalDisplayHeight=2400 density={2.625} cutoutSpec={M 506,68 a 34,34 0 1 0 68,0 34,34 0 1 0 -68,0 Z @left} rotation={0} scale={1.0} physicalPixelDisplaySizeRatio={1.0}}}}, touch INTERNAL, rotation 0, type INTERNAL, address {port=0, model=0x401ceccbbbeef1}, deviceProductInfo DeviceProductInfo{name=Common Panel, manufacturerPnpId=GGL, productId=0, modelYear=null, manufactureDate=ManufactureDate{week=1, year=1990}, connectionToSinkType=0}, state ON, committedState ON, frameRateOverride , brightnessMinimum 0.0, brightnessMaximum 1.0, brightnessDefault 0.17429718, hdrSdrRatio 1.0, roundedCorners RoundedCorners{[RoundedCorner{position=TopLeft, radius=47, center=Point(47, 47)}, RoundedCorner{position=TopRight, radius=47, center=Point(1033, 47)}, RoundedCorner{position=BottomRight, radius=48, center=Point(1032, 2352)}, RoundedCorner{position=BottomLeft, radius=48, center=Point(48, 2352)}]}, FLAG_ALLOWED_TO_BE_DEFAULT_DISPLAY, FLAG_ROTATES_WITH_CONTENT, FLAG_SECURE, FLAG_SUPPORTS_PROTECTED_BUFFERS, FLAG_TRUSTED, installOrientation 0, displayShape DisplayShape{ spec=-552977240 displayWidth=1080 displayHeight=2400 physicalPixelDisplaySizeRatio=1.0 rotation=0 offsetX=0 offsetY=0 scale=1.0}}
06-11 15:42:42.658  1593  1996 D BrightnessPowerClamper: Power throttling data is missing for configuration data.
06-11 15:42:42.660  1593  1925 D DisplayManagerService: Ignore redundant display event 0/2 to 10275/5783
06-11 15:42:42.660  1593  1925 D DisplayManagerService: Ignore redundant display event 0/2 to 10374/6075
06-11 15:42:42.660  1593  1925 D DisplayManagerService: Ignore redundant display event 0/2 to 10251/12612
06-11 15:42:42.660  1593  1925 D DisplayManagerService: Ignore redundant display event 0/2 to 10094/14482
06-11 15:42:42.661  1593  1925 D DisplayManagerService: Ignore redundant display event 0/2 to 10165/16664
06-11 15:42:42.661  1593  1925 D DisplayManagerService: Ignore redundant display event 0/2 to 10270/16864
06-11 15:42:42.661  1593  1925 D DisplayManagerService: Ignore redundant display event 0/2 to 10189/30307
06-11 15:42:42.710  1593  2084 D ActivityManager: freezing 7790 com.google.android.keep
06-11 15:42:42.862  1593  2076 W ProcessStats: Tracking association SourceState{a135a4d com.google.android.googlequicksearchbox:search/10158 BTop #510570} whose proc state 2 is better than process ProcessState{e7d9fe8 com.google.android.googlequicksearchbox:interactor/10158 pkg=com.google.android.googlequicksearchbox} proc state 4 (121 skipped)
06-11 15:42:44.218  1593  1996 I PowerGroup: Powering off display group due to timeout (groupId= 0, uid= 1000, millisSinceLastUserActivity=121001, lastUserActivityEvent=touch)...
06-11 15:42:44.219  1593  1996 I PowerManagerService: Going to sleep due to timeout (uid 1000, screenOffTimeout=121000, activityTimeoutWM=-1, maxDimRatio=0.20000005, maxDimDur=7000)...
06-11 15:42:44.317  1593  1996 V DisplayPowerController2[0]: Brightness [0.06590553] reason changing to: 'automatic', previous reason: 'automatic [ dim ]'.
06-11 15:42:44.317  1593  1996 I DisplayPowerController2[0]: BrightnessEvent: disp=0, physDisp=local:4619827677550801152, brt=0.06590553, initBrt=0.025905527, rcmdBrt=0.06590553, preBrt=0.04568613, lux=478.69147, preLux=273.12415, hbmMax=0.5, hbmMode=off, rbcStrength=50, thrmMax=1.0, powerFactor=1.0, wasShortTermModelActive=false, flags=, reason=automatic, autoBrightness=true, strategy=InvalidBrightnessStrategy
06-11 15:42:44.724  1593  1996 I DisplayPowerController2[0]: Blocking screen off
06-11 15:42:44.725  1593  1996 I DisplayPowerController2[0]: Unblocked screen off after 1 ms
06-11 15:42:44.728  1593  1996 D ActivityTaskManager: Top Process State changed to PROCESS_STATE_TOP_SLEEPING
06-11 15:42:44.746  1593  1996 I DisplayBrightnessStrategySelector: Changing the DisplayBrightnessStrategy from InvalidBrightnessStrategy to ScreenOffBrightnessStrategy for display 0
06-11 15:42:44.777  1593  1996 V DisplayPowerController2[0]: Brightness [0.0] reason changing to: 'screen_off', previous reason: 'automatic'.
06-11 15:42:44.777  1593  1996 I DisplayPowerController2[0]: BrightnessEvent: disp=0, physDisp=local:4619827677550801152, brt=0.0, initBrt=0.06590553, rcmdBrt=NaN, preBrt=NaN, lux=0.0, preLux=0.0, hbmMax=0.5, hbmMode=off, rbcStrength=50, thrmMax=1.0, powerFactor=1.0, wasShortTermModelActive=false, flags=, reason=screen_off, autoBrightness=true, strategy=ScreenOffBrightnessStrategy
06-11 15:42:44.778  1593  1925 D DisplayManagerService: Ignore redundant display event 0/4 to 10275/5783
06-11 15:42:44.778  1593  1925 D DisplayManagerService: Ignore redundant display event 0/4 to 10374/6075
06-11 15:42:44.778  1593  1925 D DisplayManagerService: Ignore redundant display event 0/4 to 10251/12612
06-11 15:42:44.778  1593  1925 D DisplayManagerService: Ignore redundant display event 0/4 to 10094/14482
06-11 15:42:44.778  1593  1925 D DisplayManagerService: Ignore redundant display event 0/4 to 10165/16664
06-11 15:42:44.778  1593  1925 D DisplayManagerService: Ignore redundant display event 0/4 to 10270/16864
06-11 15:42:44.778  1593  1925 D DisplayManagerService: Ignore redundant display event 0/4 to 10189/30307
06-11 15:42:44.778  1593  1925 I DisplayDeviceRepository: Display device changed state: "Built-in Screen", OFF
06-11 15:42:44.780  1593  1996 D BrightnessPowerClamper: Power throttling data is missing for configuration data.
06-11 15:42:44.783  1593  2076 D ActivityManager: sync unfroze 16664 com.android.vending for 6
06-11 15:42:44.785  1593  1926 I DisplayDevice: [0] Layerstack set to -1 for local:4619827677550801152
06-11 15:42:44.809  1593  2297 D ActivityManager: sync unfroze 7790 com.google.android.keep for 6
06-11 15:42:44.903  1593  1996 I DreamManagerService: Entering dreamland.
06-11 15:42:44.904  1593  1996 I PowerManagerService: Dozing...
06-11 15:42:44.904  1593  1925 I DisplayDeviceRepository: Display device changed state: "Built-in Screen", OFF
06-11 15:42:44.905   997  2108 I Lyric   : spectral_driver.cc:137: Ambient light sampling has been disabled. Stream consumer count: 0
06-11 15:42:44.907  1593  1922 I DreamController: Starting dream: name=ComponentInfo{com.android.systemui/com.android.systemui.doze.DozeService}, isPreviewMode=false, canDoze=true, userId=0, reason='power manager request'
06-11 15:42:44.909  1593  1996 D BrightnessPowerClamper: Power throttling data is missing for configuration data.
06-11 15:42:44.910  1593  1925 D DisplayManagerService: Ignore redundant display event 0/2 to 10275/5783
06-11 15:42:44.910  1593  1925 D DisplayManagerService: Ignore redundant display event 0/2 to 10374/6075
06-11 15:42:44.910  1593  1925 D DisplayManagerService: Ignore redundant display event 0/2 to 10251/12612
06-11 15:42:44.910  1593  1925 D DisplayManagerService: Ignore redundant display event 0/2 to 10094/14482
06-11 15:42:44.910  1593  1925 D DisplayManagerService: Ignore redundant display event 0/2 to 10270/16864
06-11 15:42:44.910  1593  1925 D DisplayManagerService: Ignore redundant display event 0/2 to 10189/30307
06-11 15:42:44.963  1593  1593 I PowerManagerService: onFlip(): Face up.
06-11 15:42:44.979  1593  2388 D SystemServerTiming: getUserSwitchability-0
06-11 15:42:44.979  1593  2388 D SystemServerTiming: TM.isInCall
06-11 15:42:44.980  1593  2388 D SystemServerTiming: hasUserRestriction-DISALLOW_USER_SWITCH
06-11 15:42:44.980  1593  2388 D SystemServerTiming: getInt-ALLOW_USER_SWITCHING_WHEN_SYSTEM_USER_LOCKED
06-11 15:42:44.980  1593  2388 D SystemServerTiming: isUserUnlocked-USER_SYSTEM
06-11 15:42:44.981  1593  5270 D SystemServerTiming: getUserSwitchability-0
06-11 15:42:44.981  1593  5270 D SystemServerTiming: TM.isInCall
06-11 15:42:44.981  1593  5270 D SystemServerTiming: hasUserRestriction-DISALLOW_USER_SWITCH
06-11 15:42:44.981  1593  5270 D SystemServerTiming: getInt-ALLOW_USER_SWITCHING_WHEN_SYSTEM_USER_LOCKED
06-11 15:42:44.981  1593  5270 D SystemServerTiming: isUserUnlocked-USER_SYSTEM
06-11 15:42:45.033  1593  1938 D ActivityManager: sync unfroze 32488 com.google.android.apps.wellbeing for 3
06-11 15:42:45.732  1593  1922 V WindowManager: Sent Transition (#2899) createdAt=06-11 15:42:45.730 via request=TransitionRequestInfo { type = SLEEP, triggerTask = null, pipTask = null, remoteTransition = null, displayChange = null, flags = 0, debugId = 2899 }
06-11 15:42:45.732  1593  1922 V WindowManager:     startWCT=null
06-11 15:42:45.732  1593  1922 V WindowManager:     info={id=2899 t=SLEEP f=0x0 trk=0 r=[] c=[]}
06-11 15:42:45.732  2338  2376 V WindowManagerShell: Transition requested (#2899): android.os.BinderProxy@5c1c934 TransitionRequestInfo { type = SLEEP, triggerTask = null, pipTask = null, remoteTransition = null, displayChange = null, flags = 0, debugId = 2899 }
06-11 15:42:45.733  1593  5270 W Transition: Transition already started id=2899 state=2
06-11 15:42:45.734  2338  2376 V WindowManagerShell: onTransitionReady (#2899) android.os.BinderProxy@5c1c934: {id=2899 t=SLEEP f=0x0 trk=0 r=[] c=[]}
06-11 15:42:45.734  2338  2376 V WindowManagerShell: No transition roots in (#2899) android.os.BinderProxy@5c1c934@0 so abort
06-11 15:42:45.735  1593  2988 W UserManagerService: Requested status bar icon for non-badged user 0
06-11 15:42:45.735  2338  2376 V WindowManagerShell: Transition animation finished (aborted=true), notifying core (#2899) android.os.BinderProxy@5c1c934@0
06-11 15:42:45.737  1593  1922 V WindowManager: Finish Transition (#2899): created at 06-11 15:42:45.730 collect-started=0.036ms request-sent=0.133ms started=0.557ms ready=0.554ms sent=0.738ms finished=6.132ms
06-11 15:42:45.738  2338  2376 V WindowManagerShell: Track 0 became idle
06-11 15:42:45.738  2338  2376 V WindowManagerShell: All active transition animations finished
06-11 15:42:45.803  1593  2988 I ContentCaptureManagerService: Data share request accepted by Content Capture service
06-11 15:42:47.324  1593  2084 D ActivityManager: freezing 9632 com.google.android.gm
06-11 15:42:49.740  1593  1593 W JobScheduler: Job didn't exist in JobStore: b40cb45 {SyncManager} #1000/1708 @SyncManager@com.android.calendar/com.google:android
06-11 15:42:50.684  1593  1974 W JobScheduler: Job didn't exist in JobStore: 9efadec #u0a177/10 com.google.android.calendar/.jobservices.CalendarProviderObserverForNotificationsJobService
06-11 15:42:56.276  1593  2084 D ActivityManager: freezing 16664 com.android.vending
06-11 15:42:56.880  1593  5125 W JobScheduler: Job didn't exist in JobStore: 8353887 #u0a177/1 com.google.android.calendar/.jobservices.CalendarProviderObserverJobService
06-11 15:43:02.096  1593  3344 I ContentCaptureManagerService: Data share request accepted by Content Capture service
06-11 15:43:02.389  1593  2084 D ActivityManager: freezing 7790 com.google.android.keep
06-11 15:43:06.854  1593  1974 W JobScheduler: Job didn't exist in JobStore: 9be8257 #u0a177/10 com.google.android.calendar/.jobservices.CalendarProviderObserverForNotificationsJobService
06-11 15:43:15.146  1593  2084 D ActivityManager: freezing 30380 android.process.acore
06-11 15:43:16.877  1593  2084 D ActivityManager: freezing 8492 com.google.android.calendar
06-11 15:43:20.071  1593  2084 D ActivityManager: freezing 32488 com.google.android.apps.wellbeing
06-11 15:43:23.902  1593  1593 I RemoteSpeechRecognitionService: Connection to speech recognition service lost, but no #startListening has been invoked yet.
06-11 15:43:40.087  1593  2076 D ActivityManager: sync unfroze 7790 com.google.android.keep for 6
06-11 15:43:40.210  1593  2297 E SyncManager: Job params not found for 1693
06-11 15:43:40.221  1593  2388 W AppOps  : Noting op not finished: uid 10148 pkg com.google.android.gms code 113 startTime of in progress event=1718100764741
06-11 15:43:40.230  1593  2388 W AppOps  : Noting op not finished: uid 10148 pkg com.google.android.gms code 113 startTime of in progress event=1718100764741
06-11 15:43:40.232  1593  1593 W JobScheduler: Job didn't exist in JobStore: dc8c101 {SyncManager} #1000/1695 @SyncManager@com.google.android.keep/com.google:android
06-11 15:43:40.240  1593  1593 W JobScheduler: Job didn't exist in JobStore: a617b00 {SyncManager} #1000/1696 @SyncManager@com.google.android.keep/com.google:android
06-11 15:43:40.245  1593  2389 W AppOps  : Noting op not finished: uid 10148 pkg com.google.android.gms code 79 startTime of in progress event=1718100764741
06-11 15:43:40.249  1593  1593 W JobScheduler: Job didn't exist in JobStore: c7ce5f5 {SyncManager} #1000/1698 @SyncManager@com.google.android.keep/com.google:android
06-11 15:43:40.256  1593  1593 W JobScheduler: Job didn't exist in JobStore: a82ec71 {SyncManager} #1000/1699 @SyncManager@com.google.android.keep/com.google:android
06-11 15:43:40.260  1593  2389 W AppOps  : Noting op not finished: uid 10148 pkg com.google.android.gms code 113 startTime of in progress event=1718100764741
06-11 15:43:40.265  1593  1593 W JobScheduler: Job didn't exist in JobStore: 81b8a9 {SyncManager} #1000/1701 @SyncManager@com.google.android.keep/com.google:android
06-11 15:43:40.265  1593  2389 W AppOps  : Noting op not finished: uid 10148 pkg com.google.android.gms code 113 startTime of in progress event=1718100764741
06-11 15:43:40.278  1593  1593 W JobScheduler: Job didn't exist in JobStore: 24927eb {SyncManager} #1000/1704 @SyncManager@com.google.android.keep/com.google:android
06-11 15:43:40.283  1593  1593 W JobScheduler: Job didn't exist in JobStore: e11c948 {SyncManager} #1000/1705 @SyncManager@com.google.android.keep/com.google:android
06-11 15:43:40.287  1593  1593 W JobScheduler: Job didn't exist in JobStore: 19057c7 {SyncManager} #1000/1706 @SyncManager@com.google.android.keep/com.google:android
06-11 15:43:40.291  1593  1593 W JobScheduler: Job didn't exist in JobStore: 1e31f4 {SyncManager} #1000/1707 @SyncManager@com.google.android.keep/com.google:android
06-11 15:43:42.592  2338  8171 D PowerUI : can't show warning due to - plugged: true status unknown: false
06-11 15:43:43.020  1593  2084 D ActivityManager: freezing 23075 com.android.providers.calendar
06-11 15:43:50.329  1593  2084 D ActivityManager: freezing 7790 com.google.android.keep
06-11 15:44:08.134  1593  2084 D ActivityManager: freezing 9863 com.google.process.gservices
06-11 15:44:23.095  1593  3937 D ActivityManager: sync unfroze 9863 com.google.process.gservices for 7
06-11 15:44:33.295  1593  2076 D ActivityManager: sync unfroze 16664 com.android.vending for 6
06-11 15:44:33.326  1593  2297 D ActivityManager: sync unfroze 7790 com.google.android.keep for 6
06-11 15:44:33.359  1593  2297 E SyncManager: Job params not found for 1693
06-11 15:44:33.377  1593  1593 W JobScheduler: Job didn't exist in JobStore: d441053 {SyncManager} #1000/1696 @SyncManager@com.google.android.keep/com.google:android
06-11 15:44:33.390  1593  1593 W JobScheduler: Job didn't exist in JobStore: ca7a68e {SyncManager} #1000/1698 @SyncManager@com.google.android.keep/com.google:android
06-11 15:44:33.425  1593  1593 W JobScheduler: Job didn't exist in JobStore: 1c336cb {SyncManager} #1000/1701 @SyncManager@com.google.android.keep/com.google:android
06-11 15:44:33.433  1593  1593 W JobScheduler: Job didn't exist in JobStore: e59adc1 {SyncManager} #1000/1703 @SyncManager@com.google.android.keep/com.google:android
06-11 15:44:33.438  1593  2388 W PackageConfigPersister: App-specific configuration not found for packageName: com.google.android.apps.wellbeing and userId: 0
06-11 15:44:33.439  1593  2388 W PackageConfigPersister: App-specific configuration not found for packageName: com.google.ar.core and userId: 0
06-11 15:44:33.440  1593  3937 W PackageConfigPersister: App-specific configuration not found for packageName: com.google.android.apps.pixel.support and userId: 0
06-11 15:44:33.441  1593  3937 W PackageConfigPersister: App-specific configuration not found for packageName: com.google.android.apps.recorder and userId: 0
06-11 15:44:33.442  1593  3937 W PackageConfigPersister: App-specific configuration not found for packageName: com.google.android.apps.work.clouddpc and userId: 0
06-11 15:44:33.442  1593  3937 W PackageConfigPersister: App-specific configuration not found for packageName: com.google.android.apps.restore and userId: 0
06-11 15:44:33.443  1593  4472 W PackageConfigPersister: App-specific configuration not found for packageName: com.google.android.partnersetup and userId: 0
06-11 15:44:33.443  1593  1593 W JobScheduler: Job didn't exist in JobStore: 365f966 {SyncManager} #1000/1704 @SyncManager@com.google.android.keep/com.google:android
06-11 15:44:33.443  1593  4472 W PackageConfigPersister: App-specific configuration not found for packageName: com.google.android.tts and userId: 0
06-11 15:44:33.444  1593  4472 W PackageConfigPersister: App-specific configuration not found for packageName: com.google.android.apps.photos and userId: 0
06-11 15:44:33.445  1593  4472 W PackageConfigPersister: App-specific configuration not found for packageName: com.google.android.apps.accessibility.voiceaccess and userId: 0
06-11 15:44:33.446  1593  3937 W PackageConfigPersister: App-specific configuration not found for packageName: com.google.android.apps.emojiwallpaper and userId: 0
06-11 15:44:33.447  1593  2388 W PackageConfigPersister: App-specific configuration not found for packageName: com.google.android.apps.weather and userId: 0
06-11 15:44:33.448  1593  2388 W PackageConfigPersister: App-specific configuration not found for packageName: com.google.android.GoogleCamera and userId: 0
06-11 15:44:33.448  1593  2388 W PackageConfigPersister: App-specific configuration not found for packageName: com.google.android.apps.youtube.music and userId: 0
06-11 15:44:33.449  1593  2388 W PackageConfigPersister: App-specific configuration not found for packageName: com.google.android.webview and userId: 0
06-11 15:44:33.449  1593  3937 W PackageConfigPersister: App-specific configuration not found for packageName: com.google.android.apps.helprtc and userId: 0
06-11 15:44:33.450  1593  3937 W PackageConfigPersister: App-specific configuration not found for packageName: com.koushikdutta.vysor and userId: 0
06-11 15:44:33.451  1593  3937 W PackageConfigPersister: App-specific configuration not found for packageName: com.google.android.apps.docs.editors.docs and userId: 0
06-11 15:44:33.452  1593  3937 W PackageConfigPersister: App-specific configuration not found for packageName: com.google.android.apps.healthdata and userId: 0
06-11 15:44:33.452  1593  1593 W JobScheduler: Job didn't exist in JobStore: f4c74a7 {SyncManager} #1000/1705 @SyncManager@com.google.android.keep/com.google:android
06-11 15:44:33.452  1593  4472 W PackageConfigPersister: App-specific configuration not found for packageName: com.google.android.apps.docs and userId: 0
06-11 15:44:33.453  1593  4472 W PackageConfigPersister: App-specific configuration not found for packageName: com.google.pixel.livewallpaper and userId: 0
06-11 15:44:33.454  1593  4472 W PackageConfigPersister: App-specific configuration not found for packageName: com.google.android.gms and userId: 0
06-11 15:44:33.455  1593  3937 W PackageConfigPersister: App-specific configuration not found for packageName: com.google.android.videos and userId: 0
06-11 15:44:33.456  1593  3937 W PackageConfigPersister: App-specific configuration not found for packageName: com.google.android.marvin.talkback and userId: 0
06-11 15:44:33.457  1593  3937 W PackageConfigPersister: App-specific configuration not found for packageName: com.google.android.projection.gearhead and userId: 0
06-11 15:44:33.458  1593  4472 W PackageConfigPersister: App-specific configuration not found for packageName: com.google.ambient.streaming and userId: 0
06-11 15:44:33.458  1593  1593 W JobScheduler: Job didn't exist in JobStore: 34845f2 {SyncManager} #1000/1706 @SyncManager@com.google.android.keep/com.google:android
06-11 15:44:33.459  1593  3937 W PackageConfigPersister: App-specific configuration not found for packageName: com.google.android.apps.magazines and userId: 0
06-11 15:44:33.459  1593  3896 W PackageConfigPersister: App-specific configuration not found for packageName: com.google.android.apps.dreamliner and userId: 0
06-11 15:44:33.460  1593  3896 W PackageConfigPersister: App-specific configuration not found for packageName: com.google.android.keep and userId: 0
06-11 15:44:33.460  1593  3896 W PackageConfigPersister: App-specific configuration not found for packageName: com.google.android.deskclock and userId: 0
06-11 15:44:33.461  1593  3896 W PackageConfigPersister: App-specific configuration not found for packageName: com.google.android.apps.nbu.paisa.user and userId: 0
06-11 15:44:33.462  1593  3896 W PackageConfigPersister: App-specific configuration not found for packageName: com.google.android.apps.maps and userId: 0
06-11 15:44:33.462  1593  3896 W PackageConfigPersister: App-specific configuration not found for packageName: com.google.android.apps.tachyon and userId: 0
06-11 15:44:33.463  1593  3896 W PackageConfigPersister: App-specific configuration not found for packageName: com.google.android.apps.messaging and userId: 0
06-11 15:44:33.464  1593  3896 W PackageConfigPersister: App-specific configuration not found for packageName: com.google.android.googlequicksearchbox and userId: 0
06-11 15:44:33.464  1593  3896 W PackageConfigPersister: App-specific configuration not found for packageName: com.google.audio.hearing.visualization.accessibility.scribe and userId: 0
06-11 15:44:33.465  1593  3896 W PackageConfigPersister: App-specific configuration not found for packageName: com.google.android.as.oss and userId: 0
06-11 15:44:33.466  1593  3896 W PackageConfigPersister: App-specific configuration not found for packageName: com.google.android.calculator and userId: 0
06-11 15:44:33.466  1593  3896 W PackageConfigPersister: App-specific configuration not found for packageName: com.google.android.apps.turbo and userId: 0
06-11 15:44:33.467  1593  3896 W PackageConfigPersister: App-specific configuration not found for packageName: com.zebra.soho_app and userId: 0
06-11 15:44:33.467  1593  1593 W JobScheduler: Job didn't exist in JobStore: 641b443 {SyncManager} #1000/1707 @SyncManager@com.google.android.keep/com.google:android
06-11 15:44:33.467  1593  3896 W PackageConfigPersister: App-specific configuration not found for packageName: com.siliconlabs.bledemo and userId: 0
06-11 15:44:33.468  1593  3896 W PackageConfigPersister: App-specific configuration not found for packageName: com.google.android.apps.camera.services and userId: 0
06-11 15:44:33.468  1593  3896 W PackageConfigPersister: App-specific configuration not found for packageName: com.android.vending and userId: 0
06-11 15:44:33.469  1593  3896 W PackageConfigPersister: App-specific configuration not found for packageName: com.google.android.apps.nbu.files and userId: 0
06-11 15:44:33.470  1593  3896 W PackageConfigPersister: App-specific configuration not found for packageName: com.android.chrome and userId: 0
06-11 15:44:33.470  1593  3896 W PackageConfigPersister: App-specific configuration not found for packageName: com.zebra.zsdemo and userId: 0
06-11 15:44:33.471  1593  3896 W PackageConfigPersister: App-specific configuration not found for packageName: com.google.android.apps.scone and userId: 0
06-11 15:44:33.471  1593  3896 W PackageConfigPersister: App-specific configuration not found for packageName: com.google.android.apps.chromecast.app and userId: 0
06-11 15:44:33.472  1593  4472 W PackageConfigPersister: App-specific configuration not found for packageName: com.google.android.youtube and userId: 0
06-11 15:44:33.473  1593  4472 W PackageConfigPersister: App-specific configuration not found for packageName: com.google.android.apps.tips and userId: 0
06-11 15:44:33.473  1593  4472 W PackageConfigPersister: App-specific configuration not found for packageName: com.google.android.contacts and userId: 0
06-11 15:44:33.474  1593  4472 W PackageConfigPersister: App-specific configuration not found for packageName: com.google.android.accessibility.soundamplifier and userId: 0
06-11 15:44:33.475  1593  4472 W PackageConfigPersister: App-specific configuration not found for packageName: com.google.android.accessibility.switchaccess and userId: 0
06-11 15:44:33.475  1593  4472 W PackageConfigPersister: App-specific configuration not found for packageName: com.google.android.gm and userId: 0
06-11 15:44:33.476  1593  4472 W PackageConfigPersister: App-specific configuration not found for packageName: com.google.android.inputmethod.latin and userId: 0
06-11 15:44:33.476  1593  4472 W PackageConfigPersister: App-specific configuration not found for packageName: com.google.android.calendar and userId: 0
06-11 15:44:34.946  5047 12805 E ActivityThread: Failed to find provider info for subscribedfeeds
06-11 15:44:34.946  5047 12805 E ActivityThread: Failed to find provider info for subscribedfeeds
06-11 15:44:42.585  2338 10158 D PowerUI : can't show warning due to - plugged: true status unknown: false
06-11 15:44:43.523  1593  2084 D ActivityManager: freezing 7790 com.google.android.keep
06-11 15:44:44.932  1593  2084 D ActivityManager: freezing 16664 com.android.vending
06-11 15:44:46.544  1593  2235 W ContextImpl: Calling a method in the system process without a qualified user: android.app.ContextImpl.sendStickyBroadcast:1627 com.android.server.wifi.ClientModeImpl.sendNetworkChangeBroadcast:3047 com.android.server.wifi.ClientModeImpl.lambda$sendNetworkChangeBroadcastWithCurrentState$14:3024 com.android.server.wifi.ClientModeImpl.$r8$lambda$q-j88Pjw4gROgoJFr8wBlBVbuJI:0 com.android.server.wifi.ClientModeImpl$$ExternalSyntheticLambda4.send:0 
06-11 15:44:47.990  1593  4472 W AppOps  : Noting op not finished: uid 10148 pkg com.google.android.gms code 113 startTime of in progress event=1718100764741
06-11 15:44:48.009  1593  4472 W AppOps  : Noting op not finished: uid 10148 pkg com.google.android.gms code 113 startTime of in progress event=1718100764741
06-11 15:44:48.017  1593  4472 W AppOps  : Noting op not finished: uid 10148 pkg com.google.android.gms code 79 startTime of in progress event=1718100764741
06-11 15:44:48.023  1593  2388 W AppOps  : Noting op not finished: uid 10148 pkg com.google.android.gms code 113 startTime of in progress event=1718100764741
06-11 15:44:48.027  1593  2388 W AppOps  : Noting op not finished: uid 10148 pkg com.google.android.gms code 113 startTime of in progress event=1718100764741
06-11 15:45:33.472  1593  2076 D ActivityManager: sync unfroze 4495 com.google.android.apps.messaging for 6
06-11 15:45:33.513  1593  2297 D ActivityManager: sync unfroze 7790 com.google.android.keep for 6
06-11 15:45:33.547  1593  2297 E SyncManager: Job params not found for 350
06-11 15:45:33.559  1593  1593 W JobScheduler: Job didn't exist in JobStore: 6f0dbac {SyncManager} #1000/1700 @SyncManager@com.google.android.keep/com.google:android
06-11 15:45:33.578  1593  1593 W JobScheduler: Job didn't exist in JobStore: 466dc03 {SyncManager} #1000/1699 @SyncManager@com.google.android.keep/com.google:android
06-11 15:45:33.596  1593  3896 W JobScheduler: Job didn't exist in JobStore: 5ef7455 {androidx.work.systemjobscheduler} #u0a135/2260 @androidx.work.systemjobscheduler@com.google.android.apps.messaging/androidx.work.impl.background.systemjob.SystemJobService
06-11 15:45:33.616  1593  2388 W JobScheduler: Job didn't exist in JobStore: b249e6a {androidx.work.systemjobscheduler} #u0a135/2261 @androidx.work.systemjobscheduler@com.google.android.apps.messaging/androidx.work.impl.background.systemjob.SystemJobService
06-11 15:45:33.637  1593  2297 E SyncManager: Job params not found for 1693
06-11 15:45:33.654  1593  1593 W JobScheduler: Job didn't exist in JobStore: 8dc3ad6 {SyncManager} #1000/1701 @SyncManager@com.google.android.keep/com.google:android
06-11 15:45:33.678  5047 12821 E ActivityThread: Failed to find provider info for subscribedfeeds
06-11 15:45:33.678  5047 12821 E ActivityThread: Failed to find provider info for subscribedfeeds
06-11 15:45:33.682  1593  1593 W JobScheduler: Job didn't exist in JobStore: 6ce92d {SyncManager} #1000/1704 @SyncManager@com.google.android.keep/com.google:android
06-11 15:45:33.691  1593  1593 W JobScheduler: Job didn't exist in JobStore: a3b10b0 {SyncManager} #1000/1705 @SyncManager@com.google.android.keep/com.google:android
06-11 15:45:33.706  1593  1593 W JobScheduler: Job didn't exist in JobStore: d7fceae {SyncManager} #1000/1707 @SyncManager@com.google.android.keep/com.google:android
06-11 15:45:33.715  5047 12823 E ActivityThread: Failed to find provider info for subscribedfeeds
06-11 15:45:33.716  5047 12823 E ActivityThread: Failed to find provider info for subscribedfeeds
06-11 15:45:38.391  1593  2084 D ActivityManager: freezing 9863 com.google.process.gservices
06-11 15:45:42.604  2338 12266 D PowerUI : can't show warning due to - plugged: true status unknown: false
06-11 15:45:43.639  1593  2084 D ActivityManager: freezing 4495 com.google.android.apps.messaging
06-11 15:45:44.039  1593  2084 D ActivityManager: freezing 7790 com.google.android.keep
06-11 15:45:55.698  1593  2388 W AppOps  : Noting op not finished: uid 10148 pkg com.google.android.gms code 113 startTime of in progress event=1718100764741
06-11 15:45:55.716  1593  2388 W AppOps  : Noting op not finished: uid 10148 pkg com.google.android.gms code 113 startTime of in progress event=1718100764741
06-11 15:45:55.721  1593  2388 W AppOps  : Noting op not finished: uid 10148 pkg com.google.android.gms code 79 startTime of in progress event=1718100764741
06-11 15:45:55.729  1593  2388 W AppOps  : Noting op not finished: uid 10148 pkg com.google.android.gms code 113 startTime of in progress event=1718100764741
06-11 15:45:55.736  1593  2388 W AppOps  : Noting op not finished: uid 10148 pkg com.google.android.gms code 113 startTime of in progress event=1718100764741
06-11 15:46:26.929  1593  1593 I ContentCaptureManagerService: Content capture data sharing session terminated successfully for package 'com.google.android.googlequicksearchbox'
06-11 15:46:33.570  1593  2076 D ActivityManager: sync unfroze 4856 com.google.android.as.oss for 6
06-11 15:46:33.617  1593  1593 V BackupManagerService: [UserID:0] Scheduling immediate backup pass
06-11 15:46:33.627  1593  1593 W JobScheduler: Job didn't exist in JobStore: db7c06b #1000/52417896 android/com.android.server.backup.KeyValueBackupJob
06-11 15:46:33.645  1593  2297 D ActivityManager: sync unfroze 7790 com.google.android.keep for 6
06-11 15:46:33.657  1593  1593 W JobScheduler: Job didn't exist in JobStore: c42a6a9 {SyncManager} #1000/1703 @SyncManager@com.google.android.keep/com.google:android
06-11 15:46:33.663  1593  2389 D ActivityManager: sync unfroze 22800 com.google.android.as.oss:learning_bg for 6
06-11 15:46:33.670  1593  1593 W JobScheduler: Job didn't exist in JobStore: 6bf58a {SyncManager} #1000/1698 @SyncManager@com.google.android.keep/com.google:android
06-11 15:46:33.674  1593  1593 W JobScheduler: Job didn't exist in JobStore: c2ad5c4 {SyncManager} #1000/1696 @SyncManager@com.google.android.keep/com.google:android
06-11 15:46:33.678  1593  1593 W JobScheduler: Job didn't exist in JobStore: 6fd3b73 {SyncManager} #1000/1701 @SyncManager@com.google.android.keep/com.google:android
06-11 15:46:33.680  1593  1593 W JobScheduler: Job didn't exist in JobStore: 8a6f01 {SyncManager} #1000/1700 @SyncManager@com.google.android.keep/com.google:android
06-11 15:46:33.682  1593  1593 W JobScheduler: Job didn't exist in JobStore: 6dea42e {SyncManager} #1000/1704 @SyncManager@com.google.android.keep/com.google:android
06-11 15:46:33.685  1593  1593 W JobScheduler: Job didn't exist in JobStore: bb4d53a {SyncManager} #1000/1705 @SyncManager@com.google.android.keep/com.google:android
06-11 15:46:33.690  1593  1593 W JobScheduler: Job didn't exist in JobStore: 9d2a5eb {SyncManager} #1000/1706 @SyncManager@com.google.android.keep/com.google:android
06-11 15:46:33.693  1593  1593 I TransportConnection: BackupTransportService#1357: Notifying [BH/MSG_RUN_BACKUP] transport = BackupTransportClient
06-11 15:46:33.694  1593  1593 W JobScheduler: Job didn't exist in JobStore: c006f48 {SyncManager} #1000/1707 @SyncManager@com.google.android.keep/com.google:android
06-11 15:46:33.694  1593  3704 V BackupManagerService: Running a backup pass
06-11 15:46:33.695  1593  3704 V BackupManagerService: [UserID:0] Acquired wakelock:*backup*-0-3704
06-11 15:46:33.698  1593  3704 V BackupManagerService: clearing pending backups
06-11 15:46:33.698  1593  1593 W JobScheduler: Job didn't exist in JobStore: ac4e6f0 {SyncManager} #1000/350 @SyncManager@com.google.android.keep/com.google:android
06-11 15:46:33.703  1593  3704 D KeyValueBackupTask: Spinning thread key-value-backup-13
06-11 15:46:33.703  1593 12859 D PFTBT   : backupmanager pftbt token=7043a31a
06-11 15:46:33.703  1593 12859 V KeyValueBackupTask: Beginning backup of 5 targets
06-11 15:46:33.703  1593  3937 D BackupTransportManager: [UserID:0] Transport com.google.android.gms/.backup.BackupTransportService updated its attributes
06-11 15:46:33.710  1593 12859 D KeyValueBackupTask: Starting key-value backup of @pm@
06-11 15:46:33.719  1593 12859 D KeyValueBackupTask: Invoking agent on @pm@
06-11 15:46:33.728  1593 12859 I BackupRestoreController: Getting widget state for user: 0
06-11 15:46:35.418  1593 12859 D KeyValueBackupTask: Starting key-value backup of com.google.android.apps.maps
06-11 15:46:35.423  1593  2076 D CompatibilityChangeReporter: Compat change id reported: 265195908; UID 10180; state: ENABLED
06-11 15:46:35.433  1593 12859 D ActivityManager: sync unfroze 12192 com.google.android.apps.maps for 22
06-11 15:46:35.439  1593 12859 D BackupManagerService: [UserID:0] awaiting agent for ApplicationInfo{374d88 com.google.android.apps.maps}
06-11 15:46:35.451  1593  3937 D CompatibilityChangeReporter: Compat change id reported: 170503758; UID 10180; state: ENABLED
06-11 15:46:35.452  1593  2388 D ActivityManager: sync unfroze 8407 com.google.android.rkpdapp for 6
06-11 15:46:35.469  1593  4472 D BackupManagerService: [UserID:0] agentConnected pkg=com.google.android.apps.maps agent=android.os.BinderProxy@73045a0
06-11 15:46:35.470  1593 12859 I BackupManagerService: [UserID:0] got agent android.app.IBackupAgent$Stub$Proxy@e849559
06-11 15:46:35.470  1593 12859 D KeyValueBackupTask: Invoking agent on com.google.android.apps.maps
06-11 15:46:35.487  1593 12859 W KeyValueBackupTask: Agent com.google.android.apps.maps error in onBackup()
06-11 15:46:35.493  1593 12859 V BackupManagerConstants: getKeyValueBackupIntervalMilliseconds(...) returns 14400000
06-11 15:46:35.494  1593 12859 V BackupManagerConstants: getKeyValueBackupFuzzMilliseconds(...) returns 600000
06-11 15:46:35.494  1593 12859 V BackupManagerConstants: getKeyValueBackupRequiredNetworkType(...) returns 1
06-11 15:46:35.494  1593 12859 V BackupManagerConstants: getKeyValueBackupRequireCharging(...) returns true
06-11 15:46:35.494  1593 12859 V KeyValueBackupJob: Scheduling k/v pass in 240 minutes
06-11 15:46:35.537  1593 12859 D KeyValueBackupTask: Starting key-value backup of android
06-11 15:46:35.540  1593 12859 D BackupManagerService: [UserID:0] awaiting agent for ApplicationInfo{5d81864 android}
06-11 15:46:35.550  1593  1593 D BackupManagerService: [UserID:0] agentConnected pkg=android agent=android.app.backup.BackupAgent$BackupServiceBinder@48248ef
06-11 15:46:35.551  1593 12859 I BackupManagerService: [UserID:0] got agent android.app.backup.BackupAgent$BackupServiceBinder@48248ef
06-11 15:46:35.551  1593 12859 D KeyValueBackupTask: Invoking agent on android
06-11 15:46:35.714  1593 12859 W PackageConfigPersister: App-specific configuration not found for packageName: com.google.android.uvexposurereporter and userId: 0
06-11 15:46:35.714  1593 12859 W PackageConfigPersister: App-specific configuration not found for packageName: com.android.internal.display.cutout.emulation.noCutout and userId: 0
06-11 15:46:35.714  1593 12859 W PackageConfigPersister: App-specific configuration not found for packageName: com.google.android.networkstack.tethering and userId: 0
06-11 15:46:35.714  1593 12859 W PackageConfigPersister: App-specific configuration not found for packageName: com.google.android.overlay.trafficlightfaceoverlay and userId: 0
06-11 15:46:35.714  1593 12859 W PackageConfigPersister: App-specific configuration not found for packageName: com.google.omadm.trigger and userId: 0
06-11 15:46:35.714  1593 12859 W PackageConfigPersister: App-specific configuration not found for packageName: com.google.android.carriersetup and userId: 0
06-11 15:46:35.714  1593 12859 W PackageConfigPersister: App-specific configuration not found for packageName: com.android.systemui.clocks.metro and userId: 0
06-11 15:46:35.715  1593 12859 W PackageConfigPersister: App-specific configuration not found for packageName: com.google.android.apps.subscriptions.red and userId: 0
06-11 15:46:35.715  1593 12859 W PackageConfigPersister: App-specific configuration not found for packageName: com.android.cts.priv.ctsshim and userId: 0
06-11 15:46:35.715  1593 12859 W PackageConfigPersister: App-specific configuration not found for packageName: com.google.android.youtube and userId: 0
06-11 15:46:35.715  1593 12859 W PackageConfigPersister: App-specific configuration not found for packageName: com.vzw.apnlib and userId: 0
06-11 15:46:35.715  1593 12859 W PackageConfigPersister: App-specific configuration not found for packageName: com.android.internal.display.cutout.emulation.corner and userId: 0
06-11 15:46:35.715  1593 12859 W PackageConfigPersister: App-specific configuration not found for packageName: com.google.android.ext.services and userId: 0
06-11 15:46:35.715  1593 12859 W PackageConfigPersister: App-specific configuration not found for packageName: com.google.android.apps.weather and userId: 0
06-11 15:46:35.715  1593 12859 W PackageConfigPersister: App-specific configuration not found for packageName: com.android.internal.display.cutout.emulation.double and userId: 0
06-11 15:46:35.715  1593 12859 W PackageConfigPersister: App-specific configuration not found for packageName: com.google.android.overlay.pixelconfig2018 and userId: 0
06-11 15:46:35.715  1593 12859 W PackageConfigPersister: App-specific configuration not found for packageName: com.google.android.overlay.pixelconfig2019 and userId: 0
06-11 15:46:35.715  1593 12859 W PackageConfigPersister: App-specific configuration not found for packageName: com.google.android.overlay.pixelconfig2021 and userId: 0
06-11 15:46:35.715  1593 12859 W PackageConfigPersister: App-specific configuration not found for packageName: com.android.providers.telephony and userId: 0
06-11 15:46:35.715  1593 12859 W PackageConfigPersister: App-specific configuration not found for packageName: com.google.android.carrierlocation and userId: 0
06-11 15:46:35.715  1593 12859 W PackageConfigPersister: App-specific configuration not found for packageName: com.android.dynsystem and userId: 0
06-11 15:46:35.715  1593 12859 W PackageConfigPersister: App-specific configuration not found for packageName: com.google.android.apps.retaildemo.preload and userId: 0
06-11 15:46:35.716  1593 12859 W PackageConfigPersister: App-specific configuration not found for packageName: com.android.sdm.plugins.connmo and userId: 0
06-11 15:46:35.716  1593 12859 W PackageConfigPersister: App-specific configuration not found for packageName: com.google.android.googlequicksearchbox and userId: 0
06-11 15:46:35.716  1593 12859 W PackageConfigPersister: App-specific configuration not found for packageName: com.google.android.cellbroadcastservice and userId: 0
06-11 15:46:35.716  1593 12859 W PackageConfigPersister: App-specific configuration not found for packageName: com.verizon.mips.services and userId: 0
06-11 15:46:35.716  1593 12859 W PackageConfigPersister: App-specific configuration not found for packageName: com.google.android.flipendo.auto_generated_rro_vendor__ and userId: 0
06-11 15:46:35.716  1593 12859 W PackageConfigPersister: App-specific configuration not found for packageName: com.android.providers.calendar and userId: 0
06-11 15:46:35.716  1593 12859 W PackageConfigPersister: App-specific configuration not found for packageName: com.google.android.googlequicksearchbox.nga_resources and userId: 0
06-11 15:46:35.716  1593 12859 W PackageConfigPersister: App-specific configuration not found for packageName: com.android.providers.media and userId: 0
06-11 15:46:35.716  1593 12859 W PackageConfigPersister: App-specific configuration not found for packageName: com.google.pixel.livewallpaper and userId: 0
06-11 15:46:35.716  1593 12859 W PackageConfigPersister: App-specific configuration not found for packageName: com.google.android.apps.docs.editors.docs and userId: 0
06-11 15:46:35.716  1593 12859 W PackageConfigPersister: App-specific configuration not found for packageName: com.google.android.onetimeinitializer and userId: 0
06-11 15:46:35.716  1593 12859 W PackageConfigPersister: App-specific configuration not found for packageName: com.google.android.ext.shared and userId: 0
06-11 15:46:35.716  1593 12859 W PackageConfigPersister: App-specific configuration not found for packageName: com.android.nfc.overlay and userId: 0
06-11 15:46:35.716  1593 12859 W PackageConfigPersister: App-specific configuration not found for packageName: com.android.internal.systemui.navbar.gestural_wide_back and userId: 0
06-11 15:46:35.716  1593 12859 W PackageConfigPersister: App-specific configuration not found for packageName: com.android.hbmsvmanager and userId: 0
06-11 15:46:35.716  1593 12859 W PackageConfigPersister: App-specific configuration not found for packageName: com.google.android.euiccoverlay and userId: 0
06-11 15:46:35.717  1593 12859 W PackageConfigPersister: App-specific configuration not found for packageName: com.google.android.federatedcompute and userId: 0
06-11 15:46:35.717  1593 12859 W PackageConfigPersister: App-specific configuration not found for packageName: com.google.android.settings.future.biometrics.faceenroll and userId: 0
06-11 15:46:35.717  1593 12859 W PackageConfigPersister: App-specific configuration not found for packageName: com.google.android.apps.diagnosticstool and userId: 0
