06-10 16:55:31.143  7518  7518 F DEBUG   :     lr  00000071df3971a8  sp  0000007ff8f4f410  pc  00000071df3972d0  pst 0000000060001000
06-10 16:55:31.143  7518  7518 F DEBUG   : 4 total frames
06-10 16:55:31.143  7518  7518 F DEBUG   : backtrace:
06-10 16:55:31.143  7518  7518 F DEBUG   :   NOTE: Function names and BuildId information is missing for some frames due
06-10 16:55:31.143  7518  7518 F DEBUG   :   NOTE: to unreadable libraries. For unwinds of apps, only shared libraries
06-10 16:55:31.143  7518  7518 F DEBUG   :   NOTE: found under the lib/ directory are readable.
06-10 16:55:31.143  7518  7518 F DEBUG   :   NOTE: On this device, run setenforce 0 to make the libraries readable.
06-10 16:55:31.143  7518  7518 F DEBUG   :   NOTE: Unreadable libraries:
06-10 16:55:31.143  7518  7518 F DEBUG   :   NOTE:   /data/local/tmp/minicap
06-10 16:55:31.143  7518  7518 F DEBUG   :   NOTE:   /data/local/tmp/minicap.so
06-10 16:55:31.143  7518  7518 F DEBUG   :       #00 pc 00000000000112d0  /data/local/tmp/minicap.so
06-10 16:55:31.143  7518  7518 F DEBUG   :       #01 pc 00000000000111a4  /data/local/tmp/minicap.so
06-10 16:55:31.143  7518  7518 F DEBUG   :       #02 pc 000000000000aed0  /data/local/tmp/minicap
06-10 16:55:31.143  7518  7518 F DEBUG   :       #03 pc 0000000000056e18  /apex/com.android.runtime/lib64/bionic/libc.so (__libc_init+104) (BuildId: 33ad5959e2b38fc822cda3c642e16c94)
06-10 16:55:32.067  7550  7567 E AndroidRuntime: FATAL EXCEPTION: Thread-1
06-10 16:55:32.067  7550  7567 E AndroidRuntime: PID: 7550
06-10 16:55:32.067  7550  7567 E AndroidRuntime: java.lang.UnsupportedOperationException: InputManagerEventInjector is not supported
06-10 16:55:32.067  7550  7567 E AndroidRuntime: 	at com.netease.nie.yosemite.compat.WindowManagerWrapper$SetRotationRotationInjector.<init>(WindowManagerWrapper.java:179)
06-10 16:55:32.067  7550  7567 E AndroidRuntime: 	at com.netease.nie.yosemite.compat.WindowManagerWrapper.<init>(WindowManagerWrapper.java:30)
06-10 16:55:32.067  7550  7567 E AndroidRuntime: 	at com.netease.nie.yosemite.compat.ScreenshotManagerWrapper.<init>(ScreenshotManagerWrapper.java:29)
06-10 16:55:32.067  7550  7567 E AndroidRuntime: 	at com.netease.nie.yosemite.Capture$InputClient.run(Capture.java:162)
06-10 17:14:45.229 13573 13573 F libc    : Fatal signal 11 (SIGSEGV), code 1 (SEGV_MAPERR), fault addr 0xffffffffffffffff in tid 13573 (minicap), pid 13573 (minicap)
06-10 17:14:45.315 13579 13579 F DEBUG   : *** *** *** *** *** *** *** *** *** *** *** *** *** *** *** ***
06-10 17:14:45.315 13579 13579 F DEBUG   : Build fingerprint: 'google/panther/panther:14/AP1A.240505.005/11677807:user/release-keys'
06-10 17:14:45.315 13579 13579 F DEBUG   : Revision: 'MP1.0'
06-10 17:14:45.315 13579 13579 F DEBUG   : ABI: 'arm64'
06-10 17:14:45.315 13579 13579 F DEBUG   : Timestamp: 2024-06-10 17:14:45.263214377+0530
06-10 17:14:45.315 13579 13579 F DEBUG   : Process uptime: 2s
06-10 17:14:45.315 13579 13579 F DEBUG   : Cmdline: /data/local/tmp/minicap -n airtest_minicap -P 1080x2400@1080x2400/0 -s
06-10 17:14:45.315 13579 13579 F DEBUG   : pid: 13573, tid: 13573, name: minicap  >>> /data/local/tmp/minicap <<<
06-10 17:14:45.315 13579 13579 F DEBUG   : uid: 2000
06-10 17:14:45.315 13579 13579 F DEBUG   : tagged_addr_ctrl: 0000000000000001 (PR_TAGGED_ADDR_ENABLE)
06-10 17:14:45.315 13579 13579 F DEBUG   : signal 11 (SIGSEGV), code 1 (SEGV_MAPERR), fault addr 0xffffffffffffffff
06-10 17:14:45.315 13579 13579 F DEBUG   :     x0  0000000000000000  x1  0000007fdd888c08  x2  0000007d55dd7790  x3  0000007fdd888858
06-10 17:14:45.315 13579 13579 F DEBUG   :     x4  0000000000000040  x5  00000000ffffffff  x6  00000000ffffffff  x7  0000000000000000
06-10 17:14:45.315 13579 13579 F DEBUG   :     x8  ffffffffffffffff  x9  1d50cac301f03b96  x10 0000000000000050  x11 0000000000001aa0
06-10 17:14:45.315 13579 13579 F DEBUG   :     x12 ffffff80ffffffd0  x13 0000000000000000  x14 0000000000000000  x15 000000000000001c
06-10 17:14:45.315 13579 13579 F DEBUG   :     x16 0000006168fdfba8  x17 0000007f660513f0  x18 0000000000000001  x19 0000007fdd888b10
06-10 17:14:45.315 13579 13579 F DEBUG   :     x20 0000000000000000  x21 0000000000000000  x22 b400007db5dcd3b0  x23 b400007dc5dd5900
06-10 17:14:45.315 13579 13579 F DEBUG   :     x24 b400007ea5dd78a0  x25 b400007db5dcd3d0  x26 b400007ea5dd78b0  x27 0000000000000000
06-10 17:14:45.315 13579 13579 F DEBUG   :     x28 0000007f660e7210  x29 0000007fdd888aa0
06-10 17:14:45.315 13579 13579 F DEBUG   :     lr  0000007f65e5e1a8  sp  0000007fdd888aa0  pc  0000007f65e5e2d0  pst 0000000060001000
06-10 17:14:45.316 13579 13579 F DEBUG   : 4 total frames
06-10 17:14:45.316 13579 13579 F DEBUG   : backtrace:
06-10 17:14:45.316 13579 13579 F DEBUG   :   NOTE: Function names and BuildId information is missing for some frames due
06-10 17:14:45.316 13579 13579 F DEBUG   :   NOTE: to unreadable libraries. For unwinds of apps, only shared libraries
06-10 17:14:45.316 13579 13579 F DEBUG   :   NOTE: found under the lib/ directory are readable.
06-10 17:14:45.316 13579 13579 F DEBUG   :   NOTE: On this device, run setenforce 0 to make the libraries readable.
06-10 17:14:45.316 13579 13579 F DEBUG   :   NOTE: Unreadable libraries:
06-10 17:14:45.316 13579 13579 F DEBUG   :   NOTE:   /data/local/tmp/minicap
06-10 17:14:45.316 13579 13579 F DEBUG   :   NOTE:   /data/local/tmp/minicap.so
06-10 17:14:45.316 13579 13579 F DEBUG   :       #00 pc 00000000000112d0  /data/local/tmp/minicap.so
06-10 17:14:45.316 13579 13579 F DEBUG   :       #01 pc 00000000000111a4  /data/local/tmp/minicap.so
06-10 17:14:45.316 13579 13579 F DEBUG   :       #02 pc 000000000000aed0  /data/local/tmp/minicap
06-10 17:14:45.316 13579 13579 F DEBUG   :       #03 pc 0000000000056e18  /apex/com.android.runtime/lib64/bionic/libc.so (__libc_init+104) (BuildId: 33ad5959e2b38fc822cda3c642e16c94)
06-10 17:14:46.269 13614 13631 E AndroidRuntime: FATAL EXCEPTION: Thread-1
06-10 17:14:46.269 13614 13631 E AndroidRuntime: PID: 13614
06-10 17:14:46.269 13614 13631 E AndroidRuntime: java.lang.UnsupportedOperationException: InputManagerEventInjector is not supported
06-10 17:14:46.269 13614 13631 E AndroidRuntime: 	at com.netease.nie.yosemite.compat.WindowManagerWrapper$SetRotationRotationInjector.<init>(WindowManagerWrapper.java:179)
06-10 17:14:46.269 13614 13631 E AndroidRuntime: 	at com.netease.nie.yosemite.compat.WindowManagerWrapper.<init>(WindowManagerWrapper.java:30)
06-10 17:14:46.269 13614 13631 E AndroidRuntime: 	at com.netease.nie.yosemite.compat.ScreenshotManagerWrapper.<init>(ScreenshotManagerWrapper.java:29)
06-10 17:14:46.269 13614 13631 E AndroidRuntime: 	at com.netease.nie.yosemite.Capture$InputClient.run(Capture.java:162)
06-11 12:06:50.025 19557 19557 F libc    : Fatal signal 11 (SIGSEGV), code 1 (SEGV_MAPERR), fault addr 0xffffffffffffffff in tid 19557 (minicap), pid 19557 (minicap)
06-11 12:06:50.158 19564 19564 F DEBUG   : *** *** *** *** *** *** *** *** *** *** *** *** *** *** *** ***
06-11 12:06:50.158 19564 19564 F DEBUG   : Build fingerprint: 'google/panther/panther:14/AP1A.240505.005/11677807:user/release-keys'
06-11 12:06:50.158 19564 19564 F DEBUG   : Revision: 'MP1.0'
06-11 12:06:50.158 19564 19564 F DEBUG   : ABI: 'arm64'
06-11 12:06:50.158 19564 19564 F DEBUG   : Timestamp: 2024-06-11 12:06:50.077430499+0530
06-11 12:06:50.158 19564 19564 F DEBUG   : Process uptime: 1s
06-11 12:06:50.158 19564 19564 F DEBUG   : Cmdline: /data/local/tmp/minicap -n airtest_minicap -P 1080x2400@1080x2400/0 -s
06-11 12:06:50.158 19564 19564 F DEBUG   : pid: 19557, tid: 19557, name: minicap  >>> /data/local/tmp/minicap <<<
06-11 12:06:50.158 19564 19564 F DEBUG   : uid: 2000
06-11 12:06:50.158 19564 19564 F DEBUG   : tagged_addr_ctrl: 0000000000000001 (PR_TAGGED_ADDR_ENABLE)
06-11 12:06:50.158 19564 19564 F DEBUG   : signal 11 (SIGSEGV), code 1 (SEGV_MAPERR), fault addr 0xffffffffffffffff
06-11 12:06:50.158 19564 19564 F DEBUG   :     x0  0000000000000000  x1  0000007fc8a36a88  x2  0000007394c90b50  x3  0000007fc8a366d8
06-11 12:06:50.158 19564 19564 F DEBUG   :     x4  0000000000000040  x5  00000000ffffffff  x6  00000000ffffffff  x7  0000000000000000
06-11 12:06:50.158 19564 19564 F DEBUG   :     x8  ffffffffffffffff  x9  e51f0764366a232c  x10 0000000000000050  x11 0000000000005281
06-11 12:06:50.158 19564 19564 F DEBUG   :     x12 ffffff80ffffffd0  x13 0000000000000000  x14 0000000000000000  x15 000000000000001c
06-11 12:06:50.158 19564 19564 F DEBUG   :     x16 0000005a9c50fba8  x17 00000075268533f0  x18 0000000000000001  x19 0000007fc8a36990
06-11 12:06:50.158 19564 19564 F DEBUG   :     x20 0000000000000000  x21 0000000000000000  x22 b400007434c934f0  x23 b400007364c940d0
06-11 12:06:50.158 19564 19564 F DEBUG   :     x24 b400007424c8e630  x25 b400007434c93510  x26 b400007424c8e640  x27 0000000000000000
06-11 12:06:50.158 19564 19564 F DEBUG   :     x28 00000075268e9210  x29 0000007fc8a36920
06-11 12:06:50.158 19564 19564 F DEBUG   :     lr  00000075265161a8  sp  0000007fc8a36920  pc  00000075265162d0  pst 0000000060001000
06-11 12:06:50.158 19564 19564 F DEBUG   : 4 total frames
06-11 12:06:50.158 19564 19564 F DEBUG   : backtrace:
06-11 12:06:50.158 19564 19564 F DEBUG   :   NOTE: Function names and BuildId information is missing for some frames due
06-11 12:06:50.158 19564 19564 F DEBUG   :   NOTE: to unreadable libraries. For unwinds of apps, only shared libraries
06-11 12:06:50.158 19564 19564 F DEBUG   :   NOTE: found under the lib/ directory are readable.
06-11 12:06:50.158 19564 19564 F DEBUG   :   NOTE: On this device, run setenforce 0 to make the libraries readable.
06-11 12:06:50.158 19564 19564 F DEBUG   :   NOTE: Unreadable libraries:
06-11 12:06:50.158 19564 19564 F DEBUG   :   NOTE:   /data/local/tmp/minicap
06-11 12:06:50.158 19564 19564 F DEBUG   :   NOTE:   /data/local/tmp/minicap.so
06-11 12:06:50.158 19564 19564 F DEBUG   :       #00 pc 00000000000112d0  /data/local/tmp/minicap.so
06-11 12:06:50.158 19564 19564 F DEBUG   :       #01 pc 00000000000111a4  /data/local/tmp/minicap.so
06-11 12:06:50.158 19564 19564 F DEBUG   :       #02 pc 000000000000aed0  /data/local/tmp/minicap
06-11 12:06:50.158 19564 19564 F DEBUG   :       #03 pc 0000000000056e18  /apex/com.android.runtime/lib64/bionic/libc.so (__libc_init+104) (BuildId: 33ad5959e2b38fc822cda3c642e16c94)
06-11 12:06:51.130 19616 19635 E AndroidRuntime: FATAL EXCEPTION: Thread-1
06-11 12:06:51.130 19616 19635 E AndroidRuntime: PID: 19616
06-11 12:06:51.130 19616 19635 E AndroidRuntime: java.lang.UnsupportedOperationException: InputManagerEventInjector is not supported
06-11 12:06:51.130 19616 19635 E AndroidRuntime: 	at com.netease.nie.yosemite.compat.WindowManagerWrapper$SetRotationRotationInjector.<init>(WindowManagerWrapper.java:179)
06-11 12:06:51.130 19616 19635 E AndroidRuntime: 	at com.netease.nie.yosemite.compat.WindowManagerWrapper.<init>(WindowManagerWrapper.java:30)
06-11 12:06:51.130 19616 19635 E AndroidRuntime: 	at com.netease.nie.yosemite.compat.ScreenshotManagerWrapper.<init>(ScreenshotManagerWrapper.java:29)
06-11 12:06:51.130 19616 19635 E AndroidRuntime: 	at com.netease.nie.yosemite.Capture$InputClient.run(Capture.java:162)
06-11 12:09:41.986 20455 20455 F libc    : Fatal signal 11 (SIGSEGV), code 1 (SEGV_MAPERR), fault addr 0xffffffffffffffff in tid 20455 (minicap), pid 20455 (minicap)
06-11 12:09:42.055 20462 20462 F DEBUG   : *** *** *** *** *** *** *** *** *** *** *** *** *** *** *** ***
06-11 12:09:42.055 20462 20462 F DEBUG   : Build fingerprint: 'google/panther/panther:14/AP1A.240505.005/11677807:user/release-keys'
06-11 12:09:42.055 20462 20462 F DEBUG   : Revision: 'MP1.0'
06-11 12:09:42.055 20462 20462 F DEBUG   : ABI: 'arm64'
06-11 12:09:42.055 20462 20462 F DEBUG   : Timestamp: 2024-06-11 12:09:42.025044678+0530
06-11 12:09:42.055 20462 20462 F DEBUG   : Process uptime: 1s
06-11 12:09:42.055 20462 20462 F DEBUG   : Cmdline: /data/local/tmp/minicap -n airtest_minicap -P 1080x2400@1080x2400/0 -s
06-11 12:09:42.055 20462 20462 F DEBUG   : pid: 20455, tid: 20455, name: minicap  >>> /data/local/tmp/minicap <<<
06-11 12:09:42.055 20462 20462 F DEBUG   : uid: 2000
06-11 12:09:42.055 20462 20462 F DEBUG   : tagged_addr_ctrl: 0000000000000001 (PR_TAGGED_ADDR_ENABLE)
06-11 12:09:42.055 20462 20462 F DEBUG   : signal 11 (SIGSEGV), code 1 (SEGV_MAPERR), fault addr 0xffffffffffffffff
06-11 12:09:42.055 20462 20462 F DEBUG   :     x0  0000000000000000  x1  0000007ff97bdda8  x2  00000078ad534ba0  x3  0000007ff97bd9f8
06-11 12:09:42.055 20462 20462 F DEBUG   :     x4  0000000000000040  x5  00000000ffffffff  x6  00000000ffffffff  x7  0000000000000000
06-11 12:09:42.056 20462 20462 F DEBUG   :     x8  ffffffffffffffff  x9  2b7faa0a9add87c0  x10 0000000000000050  x11 0000000000004727
06-11 12:09:42.056 20462 20462 F DEBUG   :     x12 ffffff80ffffffd0  x13 0000000000000000  x14 0000000000000000  x15 000000000000001c
06-11 12:09:42.056 20462 20462 F DEBUG   :     x16 00000055684bfba8  x17 00000079bdea33f0  x18 0000000000000001  x19 0000007ff97bdcb0
06-11 12:09:42.056 20462 20462 F DEBUG   :     x20 0000000000000000  x21 0000000000000000  x22 b4000079ad52e870  x23 b4000077ed53c130
06-11 12:09:42.056 20462 20462 F DEBUG   :     x24 b4000078bd5304b0  x25 b4000079ad52e890  x26 b4000078bd5304c0  x27 0000000000000000
06-11 12:09:42.056 20462 20462 F DEBUG   :     x28 00000079bdf39210  x29 0000007ff97bdc40
06-11 12:09:42.056 20462 20462 F DEBUG   :     lr  00000079c63de1a8  sp  0000007ff97bdc40  pc  00000079c63de2d0  pst 0000000060001000
06-11 12:09:42.056 20462 20462 F DEBUG   : 4 total frames
06-11 12:09:42.056 20462 20462 F DEBUG   : backtrace:
06-11 12:09:42.056 20462 20462 F DEBUG   :   NOTE: Function names and BuildId information is missing for some frames due
06-11 12:09:42.056 20462 20462 F DEBUG   :   NOTE: to unreadable libraries. For unwinds of apps, only shared libraries
06-11 12:09:42.056 20462 20462 F DEBUG   :   NOTE: found under the lib/ directory are readable.
06-11 12:09:42.056 20462 20462 F DEBUG   :   NOTE: On this device, run setenforce 0 to make the libraries readable.
06-11 12:09:42.056 20462 20462 F DEBUG   :   NOTE: Unreadable libraries:
06-11 12:09:42.056 20462 20462 F DEBUG   :   NOTE:   /data/local/tmp/minicap
06-11 12:09:42.056 20462 20462 F DEBUG   :   NOTE:   /data/local/tmp/minicap.so
06-11 12:09:42.056 20462 20462 F DEBUG   :       #00 pc 00000000000112d0  /data/local/tmp/minicap.so
06-11 12:09:42.056 20462 20462 F DEBUG   :       #01 pc 00000000000111a4  /data/local/tmp/minicap.so
06-11 12:09:42.056 20462 20462 F DEBUG   :       #02 pc 000000000000aed0  /data/local/tmp/minicap
06-11 12:09:42.056 20462 20462 F DEBUG   :       #03 pc 0000000000056e18  /apex/com.android.runtime/lib64/bionic/libc.so (__libc_init+104) (BuildId: 33ad5959e2b38fc822cda3c642e16c94)
06-11 12:09:42.878 20482 20498 E AndroidRuntime: FATAL EXCEPTION: Thread-1
06-11 12:09:42.878 20482 20498 E AndroidRuntime: PID: 20482
06-11 12:09:42.878 20482 20498 E AndroidRuntime: java.lang.UnsupportedOperationException: InputManagerEventInjector is not supported
06-11 12:09:42.878 20482 20498 E AndroidRuntime: 	at com.netease.nie.yosemite.compat.WindowManagerWrapper$SetRotationRotationInjector.<init>(WindowManagerWrapper.java:179)
06-11 12:09:42.878 20482 20498 E AndroidRuntime: 	at com.netease.nie.yosemite.compat.WindowManagerWrapper.<init>(WindowManagerWrapper.java:30)
06-11 12:09:42.878 20482 20498 E AndroidRuntime: 	at com.netease.nie.yosemite.compat.ScreenshotManagerWrapper.<init>(ScreenshotManagerWrapper.java:29)
06-11 12:09:42.878 20482 20498 E AndroidRuntime: 	at com.netease.nie.yosemite.Capture$InputClient.run(Capture.java:162)
06-11 12:11:42.725 21135 21135 F libc    : Fatal signal 11 (SIGSEGV), code 1 (SEGV_MAPERR), fault addr 0xffffffffffffffff in tid 21135 (minicap), pid 21135 (minicap)
06-11 12:11:42.819 21142 21142 F DEBUG   : *** *** *** *** *** *** *** *** *** *** *** *** *** *** *** ***
06-11 12:11:42.819 21142 21142 F DEBUG   : Build fingerprint: 'google/panther/panther:14/AP1A.240505.005/11677807:user/release-keys'
06-11 12:11:42.819 21142 21142 F DEBUG   : Revision: 'MP1.0'
06-11 12:11:42.819 21142 21142 F DEBUG   : ABI: 'arm64'
06-11 12:11:42.819 21142 21142 F DEBUG   : Timestamp: 2024-06-11 12:11:42.763601622+0530
06-11 12:11:42.819 21142 21142 F DEBUG   : Process uptime: 1s
06-11 12:11:42.819 21142 21142 F DEBUG   : Cmdline: /data/local/tmp/minicap -n airtest_minicap -P 1080x2400@1080x2400/0 -s
06-11 12:11:42.819 21142 21142 F DEBUG   : pid: 21135, tid: 21135, name: minicap  >>> /data/local/tmp/minicap <<<
06-11 12:11:42.819 21142 21142 F DEBUG   : uid: 2000
06-11 12:11:42.819 21142 21142 F DEBUG   : tagged_addr_ctrl: 0000000000000001 (PR_TAGGED_ADDR_ENABLE)
06-11 12:11:42.819 21142 21142 F DEBUG   : signal 11 (SIGSEGV), code 1 (SEGV_MAPERR), fault addr 0xffffffffffffffff
06-11 12:11:42.819 21142 21142 F DEBUG   :     x0  0000000000000000  x1  0000007fc816afc8  x2  0000007d9487b420  x3  0000007fc816ac18
06-11 12:11:42.819 21142 21142 F DEBUG   :     x4  0000000000000040  x5  00000000ffffffff  x6  00000000ffffffff  x7  0000000000000000
06-11 12:11:42.819 21142 21142 F DEBUG   :     x8  ffffffffffffffff  x9  f03165f6527da110  x10 0000000000000050  x11 000000000000aff3
06-11 12:11:42.819 21142 21142 F DEBUG   :     x12 ffffff80ffffffd0  x13 0000000000000000  x14 0000000000000000  x15 000000000000001c
06-11 12:11:42.819 21142 21142 F DEBUG   :     x16 0000006146bcfba8  x17 0000007e154a73f0  x18 0000000000000001  x19 0000007fc816aed0
06-11 12:11:42.819 21142 21142 F DEBUG   :     x20 0000000000000000  x21 0000000000000000  x22 b400007d24876e30  x23 b400007d5487b0d0
06-11 12:11:42.819 21142 21142 F DEBUG   :     x24 b400007d44873a50  x25 b400007d24876e50  x26 b400007d44873a60  x27 0000000000000000
06-11 12:11:42.819 21142 21142 F DEBUG   :     x28 0000007e1553d210  x29 0000007fc816ae60
06-11 12:11:42.819 21142 21142 F DEBUG   :     lr  0000007e199191a8  sp  0000007fc816ae60  pc  0000007e199192d0  pst 0000000060001000
06-11 12:11:42.819 21142 21142 F DEBUG   : 4 total frames
06-11 12:11:42.819 21142 21142 F DEBUG   : backtrace:
06-11 12:11:42.819 21142 21142 F DEBUG   :   NOTE: Function names and BuildId information is missing for some frames due
06-11 12:11:42.819 21142 21142 F DEBUG   :   NOTE: to unreadable libraries. For unwinds of apps, only shared libraries
06-11 12:11:42.819 21142 21142 F DEBUG   :   NOTE: found under the lib/ directory are readable.
06-11 12:11:42.819 21142 21142 F DEBUG   :   NOTE: On this device, run setenforce 0 to make the libraries readable.
06-11 12:11:42.819 21142 21142 F DEBUG   :   NOTE: Unreadable libraries:
06-11 12:11:42.819 21142 21142 F DEBUG   :   NOTE:   /data/local/tmp/minicap
06-11 12:11:42.819 21142 21142 F DEBUG   :   NOTE:   /data/local/tmp/minicap.so
06-11 12:11:42.819 21142 21142 F DEBUG   :       #00 pc 00000000000112d0  /data/local/tmp/minicap.so
06-11 12:11:42.819 21142 21142 F DEBUG   :       #01 pc 00000000000111a4  /data/local/tmp/minicap.so
06-11 12:11:42.819 21142 21142 F DEBUG   :       #02 pc 000000000000aed0  /data/local/tmp/minicap
06-11 12:11:42.819 21142 21142 F DEBUG   :       #03 pc 0000000000056e18  /apex/com.android.runtime/lib64/bionic/libc.so (__libc_init+104) (BuildId: 33ad5959e2b38fc822cda3c642e16c94)
06-11 12:11:43.839 21156 21171 E AndroidRuntime: FATAL EXCEPTION: Thread-1
06-11 12:11:43.839 21156 21171 E AndroidRuntime: PID: 21156
06-11 12:11:43.839 21156 21171 E AndroidRuntime: java.lang.UnsupportedOperationException: InputManagerEventInjector is not supported
06-11 12:11:43.839 21156 21171 E AndroidRuntime: 	at com.netease.nie.yosemite.compat.WindowManagerWrapper$SetRotationRotationInjector.<init>(WindowManagerWrapper.java:179)
06-11 12:11:43.839 21156 21171 E AndroidRuntime: 	at com.netease.nie.yosemite.compat.WindowManagerWrapper.<init>(WindowManagerWrapper.java:30)
06-11 12:11:43.839 21156 21171 E AndroidRuntime: 	at com.netease.nie.yosemite.compat.ScreenshotManagerWrapper.<init>(ScreenshotManagerWrapper.java:29)
06-11 12:11:43.839 21156 21171 E AndroidRuntime: 	at com.netease.nie.yosemite.Capture$InputClient.run(Capture.java:162)
--------- beginning of system
06-11 15:40:39.877  2338  2376 D RemoteTransitionHandler: Found filterPair{{types=[] flags=0x0] notFlags=0x100 checks=[{atype=home independent=true modes=[OPEN,TO_FRONT] flags=NONE mustBeTask=false order=TOP topActivity=ComponentInfo{com.google.android.apps.nexuslauncher/com.google.android.apps.nexuslauncher.NexusLauncherActivity}},{atype=standard independent=true modes=[CLOSE,TO_BACK] flags=NONE mustBeTask=false order=ANY topActivity=null}]} RemoteTransition { remoteTransition = android.window.IRemoteTransition$Stub$Proxy@91bd134, appThread = android.app.IApplicationThread$Stub$Proxy@cce1b5d, debugName = QuickstepLaunchHome }}
06-11 15:40:39.877  2338  2376 V WindowManagerShell:  Delegate animation for (#2898) to RemoteTransition { remoteTransition = android.window.IRemoteTransition$Stub$Proxy@91bd134, appThread = android.app.IApplicationThread$Stub$Proxy@cce1b5d, debugName = QuickstepLaunchHome }
06-11 15:40:39.881  1593  1922 V WindowManager: Sent Transition (#2898) createdAt=06-11 15:40:39.792 via request=TransitionRequestInfo { type = CLOSE, triggerTask = TaskInfo{userId=0 taskId=711 displayId=0 isRunning=false baseIntent=Intent { act=android.intent.action.VOICE_ASSIST flg=0x10008000 pkg=com.google.android.googlequicksearchbox cmp=com.google.android.googlequicksearchbox/.GoogleAppVoiceAssistEntrypoint } baseActivity=null topActivity=null origActivity=ComponentInfo{com.google.android.googlequicksearchbox/com.google.android.googlequicksearchbox.GoogleAppVoiceAssistEntrypoint} realActivity=ComponentInfo{com.google.android.googlequicksearchbox/com.google.android.apps.search.googleapp.activity.GoogleAppActivity} numActivities=0 lastActiveTime=491022038 supportsMultiWindow=true resizeMode=2 isResizeable=true minWidth=-1 minHeight=-1 defaultMinSize=220 token=WCT{RemoteToken{d3386e8 Task{d521f64 #711 type=standard A=10158:com.google.android.googlequicksearchbox.googleapp}}} topActivityType=1 pictureInPictureParams=null shouldDockBigOverlays=false launchIntoPipHostTaskId=-1 lastParentTaskIdBeforePip=-1 displayCutoutSafeInsets=null topActivityInfo=null launchCookies=[] positionInParent=Point(0, 0) parentTaskId=-1 isFocused=true isVisible=true isVisibleRequested=true isSleeping=false locusId=null displayAreaFeatureId=1 isTopActivityTransparent=false appCompatTaskInfo=AppCompatTaskInfo { topActivityInSizeCompat=false topActivityEligibleForLetterboxEducation= false isLetterboxDoubleTapEnabled= false topActivityEligibleForUserAspectRatioButton= false topActivityBoundsLetterboxed= false isFromLetterboxDoubleTap= false topActivityLetterboxVerticalPosition= -1 topActivityLetterboxHorizontalPosition= -1 topActivityLetterboxWidth=-1 topActivityLetterboxHeight=-1 isUserFullscreenOverrideEnabled=false cameraCompatControlState=hidden}}, pipTask = null, remoteTransition = null, displayChange = null, flags = 0, debugId = 2898 }
06-11 15:40:39.881  1593  1922 V WindowManager:     startWCT=WindowContainerTransaction { changes = {} hops = [] errorCallbackToken=null taskFragmentOrganizer=null }
06-11 15:40:39.882  1593  1922 V WindowManager:     info={id=2898 t=CLOSE f=0x0 trk=0 r=[0@Point(0, 0)] c=[
06-11 15:40:39.882  1593  1922 V WindowManager:         {WCT{RemoteToken{f3b535d Task{ae39ed #1 type=home}}} m=TO_FRONT f=SHOW_WALLPAPER leash=Surface(name=Task=1)/@0xcb2c9b sb=Rect(0, 0 - 1080, 2400) eb=Rect(0, 0 - 1080, 2400) d=0},
06-11 15:40:39.882  1593  1922 V WindowManager:         {WCT{RemoteToken{d3386e8 Task{d521f64 #711 type=standard A=10158:com.google.android.googlequicksearchbox.googleapp}}} m=CLOSE f=NONE leash=Surface(name=Task=711)/@0x52185 sb=Rect(0, 0 - 1080, 2400) eb=Rect(0, 0 - 1080, 2400) d=0},
06-11 15:40:39.882  1593  1922 V WindowManager:         {null m=TO_FRONT f=IS_WALLPAPER leash=Surface(name=WallpaperWindowToken{ceaa936 token=android.os.Binder@a66fad1})/@0xf0af66e sb=Rect(0, 0 - 1080, 2400) eb=Rect(0, 0 - 1080, 2400) d=0}
06-11 15:40:39.882  1593  1922 V WindowManager:     ]}
06-11 15:40:39.885  2338  2376 V WindowManagerShell:  animated by com.android.wm.shell.transition.RemoteTransitionHandler@1a3543e
06-11 15:40:39.888  1593  4762 W UserManagerService: Requested status bar icon for non-badged user 0
06-11 15:40:39.895  1593  1974 W PackageConfigPersister: App-specific configuration not found for packageName: com.google.android.apps.nexuslauncher and userId: 0
06-11 15:40:40.256  2338  2376 V WindowManagerShell: Transition animation finished (aborted=false), notifying core (#2898) android.os.BinderProxy@4b9975d@0
06-11 15:40:40.257  1593  1922 V WindowManager: Finish Transition (#2898): created at 06-11 15:40:39.792 collect-started=0.043ms request-sent=0.3ms started=9.87ms ready=33.723ms sent=82.327ms finished=464.707ms
06-11 15:40:40.260  2338  2376 V WindowManagerShell: Track 0 became idle
06-11 15:40:40.260  2338  2376 V WindowManagerShell: All active transition animations finished
06-11 15:40:40.261  1593  4948 W UserManagerService: Requested status bar icon for non-badged user 0
06-11 15:40:40.262  1593  4948 W UserManagerService: Requested status bar icon for non-badged user 0
06-11 15:40:40.295  1593  5270 D CoreBackPreview: Window{a2b4d02 u0 com.google.android.googlequicksearchbox/com.google.android.googlequicksearchbox.GoogleAppVoiceAssistEntrypoint}: Setting back callback null
06-11 15:40:40.752  1593  1996 I DisplayPowerController2[0]: BrightnessEvent: disp=0, physDisp=local:4619827677550801152, brt=0.069771364, initBrt=0.03862337, rcmdBrt=0.069771364, preBrt=0.03862337, lux=514.13196, preLux=126.98241, hbmMax=0.5, hbmMode=off, rbcStrength=50, thrmMax=1.0, powerFactor=1.0, wasShortTermModelActive=false, flags=, reason=automatic, autoBrightness=true, strategy=InvalidBrightnessStrategy
06-11 15:40:40.754  1593  1593 I BrightnessSynchronizer: [1117] New Update 0.069771364(f) set brightness values:  19(i)
06-11 15:40:40.757  1593  1593 I BrightnessSynchronizer: Swallowing update of 19(i) by update: {[1117] 0.069771364(f), mUpdatedTypes=1, mConfirmedTypes=1, mTimeUpdated=491025976}
06-11 15:40:40.757  1593  1593 I BrightnessSynchronizer: Completed Update: {[1117] 0.069771364(f), mUpdatedTypes=1, mConfirmedTypes=1, mTimeUpdated=491025976}
06-11 15:40:40.791   546 12166 I keystore2: system/security/keystore2/watchdog/src/lib.rs:319 - Watchdog thread idle -> terminating. Have a great day.
06-11 15:40:42.562  2338 12266 D PowerUI : can't show warning due to - plugged: true status unknown: false
06-11 15:40:42.672  1593  5270 W JobScheduler: Job didn't exist in JobStore: 5c7c2e1 #u0a144/201471527 com.google.android.apps.scone/.awareness.OosObserver
06-11 15:40:42.693  1593  2084 D ActivityManager: freezing 10318 com.google.android.cellbroadcastreceiver
06-11 15:40:43.170  1593  2084 D ActivityManager: freezing 29906 com.google.android.apps.docs.editors.docs
06-11 15:40:43.932  1593  2084 D ActivityManager: freezing 7790 com.google.android.keep
06-11 15:40:47.565  1593  1938 W ProcessStats: Tracking association SourceState{a135a4d com.google.android.googlequicksearchbox:search/10158 BTop #510013} whose proc state 2 is better than process ProcessState{e7d9fe8 com.google.android.googlequicksearchbox:interactor/10158 pkg=com.google.android.googlequicksearchbox} proc state 4 (81 skipped)
06-11 15:40:47.727  1593  1996 I DisplayPowerController2[0]: BrightnessEvent: disp=0, physDisp=local:4619827677550801152, brt=0.04568613, initBrt=0.069771364, rcmdBrt=0.04568613, preBrt=0.069771364, lux=273.12415, preLux=514.13196, hbmMax=0.5, hbmMode=off, rbcStrength=50, thrmMax=1.0, powerFactor=1.0, wasShortTermModelActive=false, flags=, reason=automatic, autoBrightness=true, strategy=InvalidBrightnessStrategy
06-11 15:40:47.729  1593  1925 D DisplayManagerService: Ignore redundant display event 0/4 to 10275/5783
06-11 15:40:47.730  1593  1925 D DisplayManagerService: Ignore redundant display event 0/4 to 10374/6075
06-11 15:40:47.730  1593  1925 D DisplayManagerService: Ignore redundant display event 0/4 to 10251/12612
06-11 15:40:47.730  1593  1925 D DisplayManagerService: Ignore redundant display event 0/4 to 10094/14482
06-11 15:40:47.730  1593  1925 D DisplayManagerService: Ignore redundant display event 0/4 to 10165/16664
06-11 15:40:47.730  1593  1925 D DisplayManagerService: Ignore redundant display event 0/4 to 10270/16864
06-11 15:40:47.730  1593  1925 D DisplayManagerService: Ignore redundant display event 0/4 to 10189/30307
06-11 15:40:47.731  1593  1593 I BrightnessSynchronizer: [1118] New Update 0.04568613(f) set brightness values:  13(i)
06-11 15:40:47.734  1593  1593 I BrightnessSynchronizer: Swallowing update of 13(i) by update: {[1118] 0.04568613(f), mUpdatedTypes=1, mConfirmedTypes=1, mTimeUpdated=491032953}
06-11 15:40:47.734  1593  1593 I BrightnessSynchronizer: Completed Update: {[1118] 0.04568613(f), mUpdatedTypes=1, mConfirmedTypes=1, mTimeUpdated=491032953}
06-11 15:40:47.984  1593  5122 I UsbPortManager: AIDL UsbDataStatus:1
06-11 15:40:47.984  1593  5122 I UsbPortManager: ClientCallback AIDL V1: port0
06-11 15:40:48.018  2338 12295 D PowerUI : can't show warning due to - plugged: true status unknown: false
06-11 15:40:48.125  1593  5122 I UsbPortManager: AIDL UsbDataStatus:1
06-11 15:40:48.125  1593  5122 I UsbPortManager: ClientCallback AIDL V1: port0
06-11 15:40:48.137  2338 12461 D PowerUI : can't show warning due to - plugged: true status unknown: false
06-11 15:40:48.143  1593  5122 I UsbPortManager: AIDL UsbDataStatus:1
06-11 15:40:48.143  1593  5122 I UsbPortManager: ClientCallback AIDL V1: port0
06-11 15:40:48.165  1593  5122 I UsbPortManager: AIDL UsbDataStatus:1
06-11 15:40:48.165  1593  5122 I UsbPortManager: ClientCallback AIDL V1: port0
06-11 15:40:48.257  2338  2972 D PowerUI : can't show warning due to - plugged: true status unknown: false
06-11 15:40:48.969  1593  5122 I UsbPortManager: AIDL UsbDataStatus:1
06-11 15:40:48.969  1593  5122 I UsbPortManager: ClientCallback AIDL V1: port0
06-11 15:40:49.101  1593  5270 I UsbPortManager: AIDL UsbDataStatus:1
06-11 15:40:49.101  1593  5270 I UsbPortManager: ClientCallback AIDL V1: port0
06-11 15:40:49.117  1593  5270 I UsbPortManager: AIDL UsbDataStatus:1
06-11 15:40:49.117  1593  5270 I UsbPortManager: ClientCallback AIDL V1: port0
06-11 15:40:49.127  1593  5270 I UsbPortManager: AIDL UsbDataStatus:1
06-11 15:40:49.127  1593  5270 I UsbPortManager: ClientCallback AIDL V1: port0
06-11 15:40:49.138  1593  5270 I UsbPortManager: AIDL UsbDataStatus:1
06-11 15:40:49.138  1593  5270 I UsbPortManager: ClientCallback AIDL V1: port0
06-11 15:40:49.141  2338  3147 D PowerUI : can't show warning due to - plugged: true status unknown: false
06-11 15:40:49.334  2338  9687 D PowerUI : can't show warning due to - plugged: true status unknown: false
06-11 15:40:53.242  1593  1996 I DisplayPowerController2[0]: BrightnessEvent: disp=0, physDisp=local:4619827677550801152, brt=0.06590553, initBrt=0.04568613, rcmdBrt=0.06590553, preBrt=0.04568613, lux=478.69147, preLux=273.12415, hbmMax=0.5, hbmMode=off, rbcStrength=50, thrmMax=1.0, powerFactor=1.0, wasShortTermModelActive=false, flags=, reason=automatic, autoBrightness=true, strategy=InvalidBrightnessStrategy
06-11 15:40:53.246  1593  1925 D DisplayManagerService: Ignore redundant display event 0/4 to 10275/5783
06-11 15:40:53.246  1593  1925 D DisplayManagerService: Ignore redundant display event 0/4 to 10374/6075
06-11 15:40:53.246  1593  1925 D DisplayManagerService: Ignore redundant display event 0/4 to 10251/12612
06-11 15:40:53.246  1593  1925 D DisplayManagerService: Ignore redundant display event 0/4 to 10094/14482
06-11 15:40:53.246  1593  1925 D DisplayManagerService: Ignore redundant display event 0/4 to 10165/16664
06-11 15:40:53.246  1593  1925 D DisplayManagerService: Ignore redundant display event 0/4 to 10270/16864
06-11 15:40:53.246  1593  1925 D DisplayManagerService: Ignore redundant display event 0/4 to 10189/30307
06-11 15:40:53.249  1593  1593 I BrightnessSynchronizer: [1119] New Update 0.06590553(f) set brightness values:  18(i)
06-11 15:40:53.255  1593  1593 I BrightnessSynchronizer: Swallowing update of 18(i) by update: {[1119] 0.06590553(f), mUpdatedTypes=1, mConfirmedTypes=1, mTimeUpdated=491038471}
06-11 15:40:53.255  1593  1593 I BrightnessSynchronizer: Completed Update: {[1119] 0.06590553(f), mUpdatedTypes=1, mConfirmedTypes=1, mTimeUpdated=491038471}
06-11 15:40:56.152  1593  2076 D ActivityManager: sync unfroze 16664 com.android.vending for 6
06-11 15:40:56.185  1593  2297 D ActivityManager: sync unfroze 29906 com.google.android.apps.docs.editors.docs for 6
06-11 15:40:56.194  1593  1593 W JobScheduler: Job didn't exist in JobStore: f076d50 {SyncManager} #1000/1665 @SyncManager@com.google.android.apps.docs.editors.kix/com.google:android
06-11 15:40:56.200  1593  1593 W JobScheduler: Job didn't exist in JobStore: 97824fe {SyncManager} #1000/1670 @SyncManager@com.google.android.apps.docs.editors.kix/com.google:android
06-11 15:40:56.206  5047 12459 E ActivityThread: Failed to find provider info for subscribedfeeds
06-11 15:40:56.206  5047 12459 E ActivityThread: Failed to find provider info for subscribedfeeds
06-11 15:40:57.586  1593  2076 W ProcessStats: Tracking association SourceState{a135a4d com.google.android.googlequicksearchbox:search/10158 BTop #510055} whose proc state 2 is better than process ProcessState{e7d9fe8 com.google.android.googlequicksearchbox:interactor/10158 pkg=com.google.android.googlequicksearchbox} proc state 4 (26 skipped)
06-11 15:41:02.867  1593  2084 D ActivityManager: freezing 10231 com.google.android.gms.ui
06-11 15:41:02.873  1593  2084 D ActivityManager: freezing 31047 com.google.android.gms:snet
06-11 15:41:02.875  1593  2084 D ActivityManager: freezing 681 com.google.android.gms.unstable
06-11 15:41:02.878  1593  2084 D ActivityManager: freezing 17587 com.google.process.gapps
06-11 15:41:06.236  1593  2084 D ActivityManager: freezing 29906 com.google.android.apps.docs.editors.docs
06-11 15:41:06.914  1593  2084 D ActivityManager: freezing 9863 com.google.process.gservices
06-11 15:41:07.588  1593  2084 D ActivityManager: freezing 3295 .ShannonImsService
06-11 15:41:07.839  1593  2084 D ActivityManager: freezing 16773 com.google.android.settings.intelligence
06-11 15:41:08.037  1593  2084 D ActivityManager: freezing 16664 com.android.vending
06-11 15:41:08.783  1593  2270 W ProcessStats: Tracking association SourceState{a135a4d com.google.android.googlequicksearchbox:search/10158 BTop #510076} whose proc state 2 is better than process ProcessState{e7d9fe8 com.google.android.googlequicksearchbox:interactor/10158 pkg=com.google.android.googlequicksearchbox} proc state 4 (8 skipped)
06-11 15:41:08.795  1070  1070 I vendor.google.wifi_ext-service-vendor: Wifi: Resetting SAR Scenario to default
06-11 15:41:19.148  1593  4948 I UsbPortManager: AIDL UsbDataStatus:1
06-11 15:41:19.148  1593  4948 I UsbPortManager: ClientCallback AIDL V1: port0
06-11 15:41:19.184  2338  8171 D PowerUI : can't show warning due to - plugged: true status unknown: false
06-11 15:41:19.207  2338 10158 D PowerUI : can't show warning due to - plugged: true status unknown: false
06-11 15:41:19.258  1593  4948 I UsbPortManager: AIDL UsbDataStatus:1
06-11 15:41:19.259  1593  4948 I UsbPortManager: ClientCallback AIDL V1: port0
06-11 15:41:19.265  1593  4948 I UsbPortManager: AIDL UsbDataStatus:1
06-11 15:41:19.265  1593  4948 I UsbPortManager: ClientCallback AIDL V1: port0
06-11 15:41:19.287  2338 12266 D PowerUI : can't show warning due to - plugged: true status unknown: false
06-11 15:41:19.297  1593  4948 I UsbPortManager: AIDL UsbDataStatus:1
06-11 15:41:19.297  1593  4948 I UsbPortManager: ClientCallback AIDL V1: port0
06-11 15:41:19.307  1593  4948 I UsbPortManager: AIDL UsbDataStatus:1
06-11 15:41:19.307  1593  4948 I UsbPortManager: ClientCallback AIDL V1: port0
06-11 15:41:19.317  1593  4948 I UsbPortManager: AIDL UsbDataStatus:1
06-11 15:41:19.318  1593  4948 I UsbPortManager: ClientCallback AIDL V1: port0
06-11 15:41:19.811  1593  4948 W ProcessStats: Tracking association SourceState{a135a4d com.google.android.googlequicksearchbox:search/10158 BTop #510088} whose proc state 2 is better than process ProcessState{e7d9fe8 com.google.android.googlequicksearchbox:interactor/10158 pkg=com.google.android.googlequicksearchbox} proc state 4 (7 skipped)
06-11 15:41:21.161  1593  4762 I UsbPortManager: AIDL UsbDataStatus:1
06-11 15:41:21.161  1593  4762 I UsbPortManager: ClientCallback AIDL V1: port0
06-11 15:41:21.193  2338 12295 D PowerUI : can't show warning due to - plugged: true status unknown: false
06-11 15:41:21.276  1593  4762 I UsbPortManager: AIDL UsbDataStatus:1
06-11 15:41:21.276  1593  4762 I UsbPortManager: ClientCallback AIDL V1: port0
06-11 15:41:21.289  1593  4762 I UsbPortManager: AIDL UsbDataStatus:1
06-11 15:41:21.289  1593  4762 I UsbPortManager: ClientCallback AIDL V1: port0
06-11 15:41:21.310  2338 12461 D PowerUI : can't show warning due to - plugged: true status unknown: false
06-11 15:41:21.315  1593  4762 I UsbPortManager: AIDL UsbDataStatus:1
06-11 15:41:21.315  1593  4762 I UsbPortManager: ClientCallback AIDL V1: port0
06-11 15:41:21.335  2338  2972 D PowerUI : can't show warning due to - plugged: true status unknown: false
06-11 15:41:21.339  1593  4762 I UsbPortManager: AIDL UsbDataStatus:1
06-11 15:41:21.339  1593  4762 I UsbPortManager: ClientCallback AIDL V1: port0
06-11 15:41:21.348  1593  4762 I UsbPortManager: AIDL UsbDataStatus:1
06-11 15:41:21.349  1593  4762 I UsbPortManager: ClientCallback AIDL V1: port0
06-11 15:41:24.749  1593  2297 D ActivityManager: sync unfroze 7790 com.google.android.keep for 6
06-11 15:41:24.781  1593  2297 D ActivityManager: sync unfroze 29906 com.google.android.apps.docs.editors.docs for 6
06-11 15:41:24.792  1593  1593 W JobScheduler: Job didn't exist in JobStore: cd43d91 {SyncManager} #1000/1670 @SyncManager@com.google.android.apps.docs.editors.kix/com.google:android
06-11 15:41:24.798  5047 12495 E ActivityThread: Failed to find provider info for subscribedfeeds
06-11 15:41:24.798  5047 12495 E ActivityThread: Failed to find provider info for subscribedfeeds
06-11 15:41:24.809  1593  4948 W AppOps  : Noting op not finished: uid 10148 pkg com.google.android.gms code 113 startTime of in progress event=1718100639850
06-11 15:41:24.823  1593  4948 W AppOps  : Noting op not finished: uid 10148 pkg com.google.android.gms code 113 startTime of in progress event=1718100639851
06-11 15:41:24.828  1593  5270 W AppOps  : Noting op not finished: uid 10148 pkg com.google.android.gms code 79 startTime of in progress event=1718100639850
06-11 15:41:24.828  1593  1593 W JobScheduler: Job didn't exist in JobStore: f58d2ba {SyncManager} #1000/1688 @SyncManager@com.google.android.gms.chromesync/com.google:android
06-11 15:41:24.833  1593  5270 W AppOps  : Noting op not finished: uid 10148 pkg com.google.android.gms code 113 startTime of in progress event=1718100639851
06-11 15:41:24.837  1593  5122 W AppOps  : Noting op not finished: uid 10148 pkg com.google.android.gms code 113 startTime of in progress event=1718100639851
06-11 15:41:24.839  1593  1593 W JobScheduler: Job didn't exist in JobStore: 8316086 {SyncManager} #1000/1685 @SyncManager@com.google.android.gms.chromesync/com.google:android
06-11 15:41:24.843  1593  5270 W AppOps  : Noting op not finished: uid 10148 pkg com.google.android.gms code 113 startTime of in progress event=1718100639850
06-11 15:41:24.851  1593  4762 W AppOps  : Noting op not finished: uid 10148 pkg com.google.android.gms code 113 startTime of in progress event=1718100639851
06-11 15:41:24.854  1593  5122 W AppOps  : Noting op not finished: uid 10148 pkg com.google.android.gms code 79 startTime of in progress event=1718100639850
06-11 15:41:24.858  1593  1974 W AppOps  : Noting op not finished: uid 10148 pkg com.google.android.gms code 113 startTime of in progress event=1718100639851
06-11 15:41:24.862  1593  1974 W AppOps  : Noting op not finished: uid 10148 pkg com.google.android.gms code 113 startTime of in progress event=1718100639851
06-11 15:41:25.590  1593  1938 D ActivityManager: sync unfroze 17184 com.google.android.googlequicksearchbox for 10
06-11 15:41:25.593  1593  1938 D ActivityManager: sync unfroze 26674 com.google.android.googlequicksearchbox:train for 10
06-11 15:41:25.688  1593  3476 D ActivityManager: sync unfroze 9863 com.google.process.gservices for 7
06-11 15:41:25.692  1593  4948 D ActivityManager: sync unfroze 23075 com.android.providers.calendar for 7
06-11 15:41:26.924  1593  4948 I ContentCaptureManagerService: Data share request accepted by Content Capture service
06-11 15:41:29.990  1593  3476 W ProcessStats: Tracking association SourceState{a135a4d com.google.android.googlequicksearchbox:search/10158 BTop #510187} whose proc state 2 is better than process ProcessState{e7d9fe8 com.google.android.googlequicksearchbox:interactor/10158 pkg=com.google.android.googlequicksearchbox} proc state 4 (56 skipped)
06-11 15:41:34.928  1593  2084 D ActivityManager: freezing 29906 com.google.android.apps.docs.editors.docs
06-11 15:41:35.059  1593  2084 D ActivityManager: freezing 7790 com.google.android.keep
06-11 15:41:40.770  1593  4948 W ProcessStats: Tracking association SourceState{a135a4d com.google.android.googlequicksearchbox:search/10158 BTop #510205} whose proc state 2 is better than process ProcessState{e7d9fe8 com.google.android.googlequicksearchbox:interactor/10158 pkg=com.google.android.googlequicksearchbox} proc state 4 (7 skipped)
06-11 15:41:42.592  2338  3147 D PowerUI : can't show warning due to - plugged: true status unknown: false
06-11 15:41:45.671  1593  2084 D ActivityManager: freezing 17184 com.google.android.googlequicksearchbox
06-11 15:41:45.675  1593  2084 D ActivityManager: freezing 26674 com.google.android.googlequicksearchbox:train
06-11 15:41:57.771  1593  2076 W ProcessStats: Tracking association SourceState{a135a4d com.google.android.googlequicksearchbox:search/10158 BTop #510214} whose proc state 2 is better than process ProcessState{e7d9fe8 com.google.android.googlequicksearchbox:interactor/10158 pkg=com.google.android.googlequicksearchbox} proc state 4 (5 skipped)
06-11 15:42:00.109  1593  1925 I DisplayDeviceRepository: Display device changed: DisplayDeviceInfo{"Built-in Screen": uniqueId="local:4619827677550801152", 1080 x 2400, modeId 1, renderFrameRate 60.0, defaultModeId 1, userPreferredModeId 1, supportedModes [{id=1, width=1080, height=2400, fps=60.0, vsync=60.0, alternativeRefreshRates=[90.0], supportedHdrTypes=[2, 3, 4]}, {id=2, width=1080, height=2400, fps=90.0, vsync=90.0, alternativeRefreshRates=[60.0], supportedHdrTypes=[2, 3, 4]}], colorMode 0, supportedColorModes [0, 7, 9], hdrCapabilities HdrCapabilities{mSupportedHdrTypes=[2, 3, 4], mMaxLuminance=1000.0, mMaxAverageLuminance=120.0, mMinLuminance=5.0E-4}, allmSupported false, gameContentTypeSupported false, density 420, 415.636 x 417.534 dpi, appVsyncOff 6233334, presDeadline 11500000, cutout DisplayCutout{insets=Rect(0, 136 - 0, 0) waterfall=Insets{left=0, top=0, right=0, bottom=0} boundingRect={Bounds=[Rect(0, 0 - 0, 0), Rect(480, 0 - 625, 136), Rect(0, 0 - 0, 0), Rect(0, 0 - 0, 0)]} cutoutPathParserInfo={CutoutPathParserInfo{displayWidth=1080 displayHeight=2400 physicalDisplayWidth=1080 physicalDisplayHeight=2400 density={2.625} cutoutSpec={M 506,68 a 34,34 0 1 0 68,0 34,34 0 1 0 -68,0 Z @left} rotation={0} scale={1.0} physicalPixelDisplaySizeRatio={1.0}}}}, touch INTERNAL, rotation 0, type INTERNAL, address {port=0, model=0x401ceccbbbeef1}, deviceProductInfo DeviceProductInfo{name=Common Panel, manufacturerPnpId=GGL, productId=0, modelYear=null, manufactureDate=ManufactureDate{week=1, year=1990}, connectionToSinkType=0}, state ON, committedState ON, frameRateOverride , brightnessMinimum 0.0, brightnessMaximum 1.0, brightnessDefault 0.17429718, hdrSdrRatio 1.0, roundedCorners RoundedCorners{[RoundedCorner{position=TopLeft, radius=47, center=Point(47, 47)}, RoundedCorner{position=TopRight, radius=47, center=Point(1033, 47)}, RoundedCorner{position=BottomRight, radius=48, center=Point(1032, 2352)}, RoundedCorner{position=BottomLeft, radius=48, center=Point(48, 2352)}]}, FLAG_ALLOWED_TO_BE_DEFAULT_DISPLAY, FLAG_ROTATES_WITH_CONTENT, FLAG_SECURE, FLAG_SUPPORTS_PROTECTED_BUFFERS, FLAG_TRUSTED, installOrientation 0, displayShape DisplayShape{ spec=-552977240 displayWidth=1080 displayHeight=2400 physicalPixelDisplaySizeRatio=1.0 rotation=0 offsetX=0 offsetY=0 scale=1.0}}
06-11 15:42:00.114  1593  1996 D BrightnessPowerClamper: Power throttling data is missing for configuration data.
06-11 15:42:01.374  1593  2297 D ActivityManager: sync unfroze 7790 com.google.android.keep for 6
06-11 15:42:01.438  1593  2297 E SyncManager: SYNC_OP_STATE_INVALID: disallowed by settings/network
06-11 15:42:01.474  1593  2297 E SyncManager: SYNC_OP_STATE_INVALID: disallowed by settings/network
06-11 15:42:01.483  1593  2297 D ActivityManager: sync unfroze 8492 com.google.android.calendar for 6
06-11 15:42:01.527  1593  2076 D CompatibilityChangeReporter: Compat change id reported: 265195908; UID 10205; state: ENABLED
06-11 15:42:01.528  1593  2297 D ActivityManager: sync unfroze 9632 com.google.android.gm for 6
06-11 15:42:01.546  1593  1925 I DisplayDeviceRepository: Display device changed: DisplayDeviceInfo{"Built-in Screen": uniqueId="local:4619827677550801152", 1080 x 2400, modeId 2, renderFrameRate 90.0, defaultModeId 1, userPreferredModeId 1, supportedModes [{id=1, width=1080, height=2400, fps=60.0, vsync=60.0, alternativeRefreshRates=[90.0], supportedHdrTypes=[2, 3, 4]}, {id=2, width=1080, height=2400, fps=90.0, vsync=90.0, alternativeRefreshRates=[60.0], supportedHdrTypes=[2, 3, 4]}], colorMode 0, supportedColorModes [0, 7, 9], hdrCapabilities HdrCapabilities{mSupportedHdrTypes=[2, 3, 4], mMaxLuminance=1000.0, mMaxAverageLuminance=120.0, mMinLuminance=5.0E-4}, allmSupported false, gameContentTypeSupported false, density 420, 415.636 x 417.534 dpi, appVsyncOff 6233333, presDeadline 11500000, cutout DisplayCutout{insets=Rect(0, 136 - 0, 0) waterfall=Insets{left=0, top=0, right=0, bottom=0} boundingRect={Bounds=[Rect(0, 0 - 0, 0), Rect(480, 0 - 625, 136), Rect(0, 0 - 0, 0), Rect(0, 0 - 0, 0)]} cutoutPathParserInfo={CutoutPathParserInfo{displayWidth=1080 displayHeight=2400 physicalDisplayWidth=1080 physicalDisplayHeight=2400 density={2.625} cutoutSpec={M 506,68 a 34,34 0 1 0 68,0 34,34 0 1 0 -68,0 Z @left} rotation={0} scale={1.0} physicalPixelDisplaySizeRatio={1.0}}}}, touch INTERNAL, rotation 0, type INTERNAL, address {port=0, model=0x401ceccbbbeef1}, deviceProductInfo DeviceProductInfo{name=Common Panel, manufacturerPnpId=GGL, productId=0, modelYear=null, manufactureDate=ManufactureDate{week=1, year=1990}, connectionToSinkType=0}, state ON, committedState ON, frameRateOverride , brightnessMinimum 0.0, brightnessMaximum 1.0, brightnessDefault 0.17429718, hdrSdrRatio 1.0, roundedCorners RoundedCorners{[RoundedCorner{position=TopLeft, radius=47, center=Point(47, 47)}, RoundedCorner{position=TopRight, radius=47, center=Point(1033, 47)}, RoundedCorner{position=BottomRight, radius=48, center=Point(1032, 2352)}, RoundedCorner{position=BottomLeft, radius=48, center=Point(48, 2352)}]}, FLAG_ALLOWED_TO_BE_DEFAULT_DISPLAY, FLAG_ROTATES_WITH_CONTENT, FLAG_SECURE, FLAG_SUPPORTS_PROTECTED_BUFFERS, FLAG_TRUSTED, installOrientation 0, displayShape DisplayShape{ spec=-552977240 displayWidth=1080 displayHeight=2400 physicalPixelDisplaySizeRatio=1.0 rotation=0 offsetX=0 offsetY=0 scale=1.0}}
06-11 15:42:01.548  1593  1996 D BrightnessPowerClamper: Power throttling data is missing for configuration data.
06-11 15:42:01.549  1593  1925 D DisplayManagerService: Ignore redundant display event 0/2 to 10275/5783
06-11 15:42:01.549  1593  1925 D DisplayManagerService: Ignore redundant display event 0/2 to 10374/6075
06-11 15:42:01.549  1593  1925 D DisplayManagerService: Ignore redundant display event 0/2 to 10251/12612
06-11 15:42:01.549  1593  1925 D DisplayManagerService: Ignore redundant display event 0/2 to 10094/14482
06-11 15:42:01.549  1593  1925 D DisplayManagerService: Ignore redundant display event 0/2 to 10165/16664
06-11 15:42:01.549  1593  1925 D DisplayManagerService: Ignore redundant display event 0/2 to 10270/16864
06-11 15:42:01.550  1593  1925 D DisplayManagerService: Ignore redundant display event 0/2 to 10189/30307
06-11 15:42:01.560  1593  2297 D ActivityManager: sync unfroze 29906 com.google.android.apps.docs.editors.docs for 6
06-11 15:42:01.641  5047 12566 E ActivityThread: Failed to find provider info for subscribedfeeds
06-11 15:42:10.007  1593  2076 W ProcessStats: Tracking association SourceState{a135a4d com.google.android.googlequicksearchbox:search/10158 BTop #510410} whose proc state 2 is better than process ProcessState{e7d9fe8 com.google.android.googlequicksearchbox:interactor/10158 pkg=com.google.android.googlequicksearchbox} proc state 4 (322 skipped)
06-11 15:42:10.065  1593  4948 W JobScheduler: Job didn't exist in JobStore: 88bcf2d #u0a177/1 com.google.android.calendar/.jobservices.CalendarProviderObserverJobService
06-11 15:42:11.598  1593  2084 D ActivityManager: freezing 29906 com.google.android.apps.docs.editors.docs
06-11 15:42:12.116  1593  2084 D ActivityManager: freezing 9632 com.google.android.gm
06-11 15:42:13.259  1593  2084 D ActivityManager: freezing 7790 com.google.android.keep
06-11 15:42:15.325  1593  5125 I ContentCaptureManagerService: Data share request accepted by Content Capture service
