06-11 15:46:41.342  1593 12859 D KeyValueBackupTask: Invoking agent on com.android.providers.settings
06-11 15:46:41.383  1593 12859 I BackupRestoreController: Getting widget state for user: 0
06-11 15:46:41.383  1593 12859 V BackupManagerConstants: getBackupFinishedNotificationReceivers(...) returns 
06-11 15:46:41.385  1593 12859 D KeyValueBackupTask: Starting key-value backup of com.google.android.inputmethod.latin
06-11 15:46:41.386  1593 12859 D BackupManagerService: [UserID:0] awaiting agent for ApplicationInfo{fd595b5 com.google.android.inputmethod.latin}
06-11 15:46:41.392  1593  4472 D BackupManagerService: [UserID:0] agentConnected pkg=com.google.android.inputmethod.latin agent=android.os.BinderProxy@c58ecd8
06-11 15:46:41.393  1593 12859 I BackupManagerService: [UserID:0] got agent android.app.IBackupAgent$Stub$Proxy@116d831
06-11 15:46:41.393  1593 12859 D KeyValueBackupTask: Invoking agent on com.google.android.inputmethod.latin
06-11 15:46:41.455  1593 12859 I BackupRestoreController: Getting widget state for user: 0
06-11 15:46:42.410  1593 12859 V BackupManagerConstants: getBackupFinishedNotificationReceivers(...) returns 
06-11 15:46:42.557  2338 12295 D PowerUI : can't show warning due to - plugged: true status unknown: false
06-11 15:46:42.608  1593 12859 I KeyValueBackupTask: K/V backup pass finished
06-11 15:46:42.613  1593 12859 V BackupManagerService: [UserID:0] Released wakelock:*backup*-0-3704
06-11 15:46:45.515  1593  2084 D ActivityManager: freezing 8407 com.google.android.rkpdapp
06-11 15:46:45.547  1593  2084 D ActivityManager: freezing 12192 com.google.android.apps.maps
06-11 15:46:45.742  1593  2084 D ActivityManager: freezing 7790 com.google.android.keep
06-11 15:46:46.359   546 12864 I keystore2: system/security/keystore2/watchdog/src/lib.rs:319 - Watchdog thread idle -> terminating. Have a great day.
06-11 15:46:46.424  1593  2084 D ActivityManager: freezing 22800 com.google.android.as.oss:learning_bg
06-11 15:46:46.495  1593  2084 D ActivityManager: freezing 4856 com.google.android.as.oss
06-11 15:46:57.422  1593  1938 D ActivityManager: sync unfroze 16664 com.android.vending for 3
06-11 15:46:59.077  1593  2084 D ActivityManager: freezing 12612 com.google.android.permissioncontroller
06-11 15:47:03.371  1593  4472 W AppOps  : Noting op not finished: uid 10148 pkg com.google.android.gms code 113 startTime of in progress event=1718100764741
06-11 15:47:03.382  1593  3936 W AppOps  : Noting op not finished: uid 10148 pkg com.google.android.gms code 113 startTime of in progress event=1718100764741
06-11 15:47:03.385  1593  3936 W AppOps  : Noting op not finished: uid 10148 pkg com.google.android.gms code 79 startTime of in progress event=1718100764741
06-11 15:47:03.390  1593  3936 W AppOps  : Noting op not finished: uid 10148 pkg com.google.android.gms code 113 startTime of in progress event=1718100764741
06-11 15:47:03.394  1593  3936 W AppOps  : Noting op not finished: uid 10148 pkg com.google.android.gms code 113 startTime of in progress event=1718100764741
06-11 15:47:15.328  1593  1593 I ContentCaptureManagerService: Content capture data sharing session terminated successfully for package 'com.google.android.googlequicksearchbox'
06-11 15:47:18.118  1593  2084 D ActivityManager: freezing 16664 com.android.vending
06-11 15:47:33.727  1593  2076 D ActivityManager: sync unfroze 4856 com.google.android.as.oss for 6
06-11 15:47:33.813  1593  2297 D ActivityManager: sync unfroze 7790 com.google.android.keep for 6
06-11 15:47:33.828  1593  3937 D ActivityManager: sync unfroze 22800 com.google.android.as.oss:learning_bg for 6
06-11 15:47:33.831  1593  1593 W JobScheduler: Job didn't exist in JobStore: d5436e3 {SyncManager} #1000/1703 @SyncManager@com.google.android.keep/com.google:android
06-11 15:47:33.842  1593  5248 W JobScheduler: Job didn't exist in JobStore: f07e32e #u0a168/-638764459 com.google.android.as.oss/com.google.android.gms.learning.internal.training.InAppJobService
06-11 15:47:33.862  1593  1593 W JobScheduler: Job didn't exist in JobStore: 46027a4 {SyncManager} #1000/1701 @SyncManager@com.google.android.keep/com.google:android
06-11 15:47:33.868  1593  4472 W JobScheduler: Job didn't exist in JobStore: df0648a #u0a168/-1679289975 com.google.android.as.oss/com.google.android.gms.learning.internal.training.InAppJobService
06-11 15:47:33.897  1593  1593 W JobScheduler: Job didn't exist in JobStore: cb74cc5 {SyncManager} #1000/1706 @SyncManager@com.google.android.keep/com.google:android
06-11 15:47:33.902  1593  1593 W JobScheduler: Job didn't exist in JobStore: 8cde61a {SyncManager} #1000/1707 @SyncManager@com.google.android.keep/com.google:android
06-11 15:47:42.586  2338 12461 D PowerUI : can't show warning due to - plugged: true status unknown: false
06-11 15:47:43.913  1593  2084 D ActivityManager: freezing 22800 com.google.android.as.oss:learning_bg
06-11 15:47:43.917  1593  2084 D ActivityManager: freezing 4856 com.google.android.as.oss
06-11 15:47:43.966  1593  2084 D ActivityManager: freezing 7790 com.google.android.keep
06-11 15:47:45.808  1593  1593 I ContentCaptureManagerService: Content capture data sharing session terminated successfully for package 'com.google.android.googlequicksearchbox'
06-11 15:47:59.880  1593  2084 D ActivityManager: freezing 5047 com.google.android.gms
06-11 15:48:02.097  1593  1593 I ContentCaptureManagerService: Content capture data sharing session terminated successfully for package 'com.google.android.googlequicksearchbox'
06-11 15:48:10.936  1593  2088 D CompatibilityChangeReporter: Compat change id reported: 161252188; UID 10180; state: DISABLED
06-11 15:48:10.941  1593  1938 D CompatibilityChangeReporter: Compat change id reported: 177438394; UID 10180; state: DISABLED
06-11 15:48:10.941  1593  1938 D CompatibilityChangeReporter: Compat change id reported: 135772972; UID 10180; state: DISABLED
06-11 15:48:10.941  1593  1938 D CompatibilityChangeReporter: Compat change id reported: 135754954; UID 10180; state: ENABLED
06-11 15:48:10.945  1593  1939 D CompatibilityChangeReporter: Compat change id reported: 143937733; UID 10180; state: ENABLED
06-11 15:48:10.960  1593  2076 D ActivityManager: sync unfroze 15598 com.google.android.apps.turbo for 6
06-11 15:48:10.965  1593  1939 I ActivityManager: Start proc 12965:com.google.android.apps.maps:server_recovery_process_scheduled/u0a180 for broadcast {com.google.android.apps.maps/com.google.android.apps.gmm.plugins.serverrecovery.ScheduledRecoverySignalHandlerImpl}
06-11 15:48:10.976  1593  2076 D ActivityManager: sync unfroze 4856 com.google.android.as.oss for 6
06-11 15:48:10.995  1593  2297 D ActivityManager: sync unfroze 7790 com.google.android.keep for 6
06-11 15:48:10.998  1593  1593 W JobScheduler: Job didn't exist in JobStore: d8f9c3 {SyncManager} #1000/1700 @SyncManager@com.google.android.keep/com.google:android
06-11 15:48:11.007  1593  1593 W JobScheduler: Job didn't exist in JobStore: 405dcd4 {SyncManager} #1000/1696 @SyncManager@com.google.android.keep/com.google:android
06-11 15:48:11.011  1593  3936 D CompatibilityChangeReporter: Compat change id reported: 168419799; UID 10180; state: DISABLED
06-11 15:48:11.011  1593  3936 D CompatibilityChangeReporter: Compat change id reported: 273564678; UID 10180; state: DISABLED
06-11 15:48:11.013  1593  3936 W AppOps  : Noting op not finished: uid 10148 pkg com.google.android.gms code 113 startTime of in progress event=1718100764741
06-11 15:48:11.013  1593  3937 D ActivityManager: sync unfroze 22800 com.google.android.as.oss:learning_bg for 6
06-11 15:48:11.016  1593  3896 W AppOps  : Noting op not finished: uid 10148 pkg com.google.android.gms code 113 startTime of in progress event=1718100764741
06-11 15:48:11.019  1593  3937 W AppOps  : Noting op not finished: uid 10148 pkg com.google.android.gms code 79 startTime of in progress event=1718100764741
06-11 15:48:11.022  1593  4472 D CompatibilityChangeReporter: Compat change id reported: 170503758; UID 10180; state: ENABLED
06-11 15:48:11.024  1593  3936 W AppOps  : Noting op not finished: uid 10148 pkg com.google.android.gms code 113 startTime of in progress event=1718100764741
06-11 15:48:11.030  1593  3937 W AppOps  : Noting op not finished: uid 10148 pkg com.google.android.gms code 113 startTime of in progress event=1718100764741
06-11 15:48:11.035  1593  1593 W JobScheduler: Job didn't exist in JobStore: 502991a {SyncManager} #1000/1703 @SyncManager@com.google.android.keep/com.google:android
06-11 15:48:11.038  1593  5248 W JobScheduler: Job didn't exist in JobStore: 46c423a #u0a168/-939763582 com.google.android.as.oss/com.google.android.gms.learning.internal.training.InAppJobService
06-11 15:48:11.040  1593  1593 W JobScheduler: Job didn't exist in JobStore: 7433172 {SyncManager} #1000/1701 @SyncManager@com.google.android.keep/com.google:android
06-11 15:48:11.049  1593  1593 W JobScheduler: Job didn't exist in JobStore: 84df240 {SyncManager} #1000/1704 @SyncManager@com.google.android.keep/com.google:android
06-11 15:48:11.055  1593  1593 W JobScheduler: Job didn't exist in JobStore: c0ef2be {SyncManager} #1000/1706 @SyncManager@com.google.android.keep/com.google:android
06-11 15:48:11.056  1593  5248 W JobScheduler: Job didn't exist in JobStore: 45ea8eb #u0a168/-648439940 com.google.android.as.oss/com.google.android.gms.learning.internal.training.InAppJobService
06-11 15:48:11.058  1593  1593 W JobScheduler: Job didn't exist in JobStore: d476f1f {SyncManager} #1000/1707 @SyncManager@com.google.android.keep/com.google:android
06-11 15:48:11.061  1593  1593 W JobScheduler: Job didn't exist in JobStore: c3ff26c {SyncManager} #1000/350 @SyncManager@com.google.android.keep/com.google:android
06-11 15:48:11.144  1593  2076 D CompatibilityChangeReporter: Compat change id reported: 265195908; UID 10180; state: ENABLED
06-11 15:48:11.188  1593  5248 D CompatibilityChangeReporter: Compat change id reported: 161145287; UID 10180; state: ENABLED
06-11 15:48:11.301  1593  5248 I ActivityManager: Process com.google.android.apps.maps:server_recovery_process_scheduled (pid 12965) has died: cch+5 CEM 
06-11 15:48:21.084  1593  2084 D ActivityManager: freezing 15598 com.google.android.apps.turbo
06-11 15:48:21.090  1593  2084 D ActivityManager: freezing 22800 com.google.android.as.oss:learning_bg
06-11 15:48:21.095  1593  2084 D ActivityManager: freezing 4856 com.google.android.as.oss
06-11 15:48:21.101  1593  2084 D ActivityManager: freezing 7790 com.google.android.keep
06-11 15:48:42.581  2338  2972 D PowerUI : can't show warning due to - plugged: true status unknown: false
06-11 15:49:04.026  1593  2297 D ActivityManager: sync unfroze 7790 com.google.android.keep for 6
06-11 15:49:04.033  1593  1593 W JobScheduler: Job didn't exist in JobStore: 1174ca9 {SyncManager} #1000/350 @SyncManager@com.google.android.keep/com.google:android
06-11 15:49:04.045  1593  2297 E SyncManager: Job params not found for 350
06-11 15:49:04.059  1593  1593 W JobScheduler: Job didn't exist in JobStore: f7c3ed7 {SyncManager} #1000/1704 @SyncManager@com.google.android.keep/com.google:android
06-11 15:49:04.065  1593  1593 W JobScheduler: Job didn't exist in JobStore: 18ace56 {SyncManager} #1000/1701 @SyncManager@com.google.android.keep/com.google:android
06-11 15:49:04.073  1593  1593 W JobScheduler: Job didn't exist in JobStore: 2290830 {SyncManager} #1000/1707 @SyncManager@com.google.android.keep/com.google:android
06-11 15:49:04.081  1593  1593 W JobScheduler: Job didn't exist in JobStore: f2a0de7 {SyncManager} #1000/1700 @SyncManager@com.google.android.keep/com.google:android
06-11 15:49:04.089  1593  1593 W JobScheduler: Job didn't exist in JobStore: 5a8038a {SyncManager} #1000/1696 @SyncManager@com.google.android.keep/com.google:android
06-11 15:49:04.097  1593  1593 W JobScheduler: Job didn't exist in JobStore: dad32ad {SyncManager} #1000/1706 @SyncManager@com.google.android.keep/com.google:android
06-11 15:49:14.176  1593  2084 D ActivityManager: freezing 7790 com.google.android.keep
06-11 15:49:18.704  1593  1969 W AppOps  : Noting op not finished: uid 10148 pkg com.google.android.gms code 113 startTime of in progress event=1718100764741
06-11 15:49:18.709  1593  1969 W AppOps  : Noting op not finished: uid 10148 pkg com.google.android.gms code 113 startTime of in progress event=1718100764741
06-11 15:49:18.714  1593  3896 W AppOps  : Noting op not finished: uid 10148 pkg com.google.android.gms code 79 startTime of in progress event=1718100764741
06-11 15:49:18.721  1593  1969 W AppOps  : Noting op not finished: uid 10148 pkg com.google.android.gms code 113 startTime of in progress event=1718100764741
06-11 15:49:18.724  1593  5248 W AppOps  : Noting op not finished: uid 10148 pkg com.google.android.gms code 113 startTime of in progress event=1718100764741
06-11 15:49:42.588  2338  3147 D PowerUI : can't show warning due to - plugged: true status unknown: false
06-11 15:50:04.157  1593  2076 D ActivityManager: sync unfroze 4856 com.google.android.as.oss for 6
06-11 15:50:04.184  1593  2076 D ActivityManager: sync unfroze 24395 com.google.android.apps.safetyhub for 6
06-11 15:50:04.220  1593  2297 D ActivityManager: sync unfroze 7790 com.google.android.keep for 6
06-11 15:50:04.229  1593  1593 W JobScheduler: Job didn't exist in JobStore: 6c3f69f {SyncManager} #1000/350 @SyncManager@com.google.android.keep/com.google:android
06-11 15:50:04.242  1593  2297 E SyncManager: Job params not found for 350
06-11 15:50:04.275  1593  3896 D ActivityManager: sync unfroze 22800 com.google.android.as.oss:learning_bg for 6
06-11 15:50:04.278  1593  1593 W JobScheduler: Job didn't exist in JobStore: b078484 {SyncManager} #1000/1696 @SyncManager@com.google.android.keep/com.google:android
06-11 15:50:04.286  1593  1593 W JobScheduler: Job didn't exist in JobStore: eabd46d {SyncManager} #1000/1706 @SyncManager@com.google.android.keep/com.google:android
06-11 15:50:04.301  1593  1593 W JobScheduler: Job didn't exist in JobStore: 6b812d8 {SyncManager} #1000/1704 @SyncManager@com.google.android.keep/com.google:android
06-11 15:50:05.233  1593  3937 D ActivityManager: sync unfroze 8407 com.google.android.rkpdapp for 6
06-11 15:50:07.696  1593  3937 W JobScheduler: Job didn't exist in JobStore: 6f97e5c #u0a168/-144569728 com.google.android.as.oss/com.google.android.gms.learning.internal.training.InAppJobService
06-11 15:50:14.341  1593  2084 D ActivityManager: freezing 24395 com.google.android.apps.safetyhub
06-11 15:50:14.347  1593  2084 D ActivityManager: freezing 7790 com.google.android.keep
06-11 15:50:15.254  1593  2084 D ActivityManager: freezing 8407 com.google.android.rkpdapp
06-11 15:50:16.563   546 13028 I keystore2: system/security/keystore2/watchdog/src/lib.rs:319 - Watchdog thread idle -> terminating. Have a great day.
06-11 15:50:17.675  1593  2084 D ActivityManager: freezing 22800 com.google.android.as.oss:learning_bg
06-11 15:50:17.752  1593  2084 D ActivityManager: freezing 4856 com.google.android.as.oss
06-11 15:50:26.354  1593  5248 W AppOps  : Noting op not finished: uid 10148 pkg com.google.android.gms code 113 startTime of in progress event=1718100764741
06-11 15:50:26.360  1593  5248 W AppOps  : Noting op not finished: uid 10148 pkg com.google.android.gms code 113 startTime of in progress event=1718100764741
06-11 15:50:26.370  1593  3896 W AppOps  : Noting op not finished: uid 10148 pkg com.google.android.gms code 79 startTime of in progress event=1718100764741
06-11 15:50:26.378  1593  5248 W AppOps  : Noting op not finished: uid 10148 pkg com.google.android.gms code 113 startTime of in progress event=1718100764741
06-11 15:50:26.384  1593  1969 W AppOps  : Noting op not finished: uid 10148 pkg com.google.android.gms code 113 startTime of in progress event=1718100764741
06-11 15:50:42.587  2338  9687 D PowerUI : can't show warning due to - plugged: true status unknown: false
06-11 15:50:57.015  1593  2297 D ActivityManager: sync unfroze 7790 com.google.android.keep for 6
06-11 15:50:57.036  1593  1593 W JobScheduler: Job didn't exist in JobStore: 537feb9 {SyncManager} #1000/350 @SyncManager@com.google.android.keep/com.google:android
06-11 15:50:57.063  1593  2297 E SyncManager: Job params not found for 350
06-11 15:50:57.100  1593  1593 W JobScheduler: Job didn't exist in JobStore: 2c973d6 {SyncManager} #1000/1696 @SyncManager@com.google.android.keep/com.google:android
06-11 15:50:57.114  1593  1593 W JobScheduler: Job didn't exist in JobStore: 140f762 {SyncManager} #1000/1706 @SyncManager@com.google.android.keep/com.google:android
06-11 15:50:57.127  1593  1593 W JobScheduler: Job didn't exist in JobStore: c5681b0 {SyncManager} #1000/1704 @SyncManager@com.google.android.keep/com.google:android
06-11 15:50:57.137  1593  1593 W JobScheduler: Job didn't exist in JobStore: a790829 {SyncManager} #1000/1707 @SyncManager@com.google.android.keep/com.google:android
06-11 15:51:07.190  1593  2084 D ActivityManager: freezing 7790 com.google.android.keep
06-11 15:51:42.584  2338  8171 D PowerUI : can't show warning due to - plugged: true status unknown: false
06-11 15:52:04.442  1593  2297 D ActivityManager: sync unfroze 7790 com.google.android.keep for 6
06-11 15:52:04.460  1593  1593 W JobScheduler: Job didn't exist in JobStore: 4c951b1 {SyncManager} #1000/1704 @SyncManager@com.google.android.keep/com.google:android
06-11 15:52:04.478  1593  1593 W JobScheduler: Job didn't exist in JobStore: 4cb5c58 {SyncManager} #1000/1706 @SyncManager@com.google.android.keep/com.google:android
06-11 15:52:04.491  1593  1593 W JobScheduler: Job didn't exist in JobStore: a0fdd3b {SyncManager} #1000/1696 @SyncManager@com.google.android.keep/com.google:android
06-11 15:52:04.503  1593  1593 W JobScheduler: Job didn't exist in JobStore: cf9ddbe {SyncManager} #1000/350 @SyncManager@com.google.android.keep/com.google:android
06-11 15:52:14.592  1593  2084 D ActivityManager: freezing 7790 com.google.android.keep
06-11 15:52:42.580  2338 10158 D PowerUI : can't show warning due to - plugged: true status unknown: false
06-11 15:53:04.531  1593  2076 D ActivityManager: sync unfroze 16831 com.google.android.apps.healthdata for 6
06-11 15:53:04.578  1593  2297 D ActivityManager: sync unfroze 7790 com.google.android.keep for 6
06-11 15:53:04.595  1593  1593 W JobScheduler: Job didn't exist in JobStore: 208baa6 {SyncManager} #1000/350 @SyncManager@com.google.android.keep/com.google:android
06-11 15:53:04.618  1593  2297 E SyncManager: Job params not found for 350
06-11 15:53:04.644  1593  1593 W JobScheduler: Job didn't exist in JobStore: e38fb0b {SyncManager} #1000/1704 @SyncManager@com.google.android.keep/com.google:android
06-11 15:53:04.654  1593  1593 W JobScheduler: Job didn't exist in JobStore: 426de8 {SyncManager} #1000/1706 @SyncManager@com.google.android.keep/com.google:android
06-11 15:53:14.696  1593  2084 D ActivityManager: freezing 7790 com.google.android.keep
06-11 15:53:14.717  1593  2084 D ActivityManager: freezing 16831 com.google.android.apps.healthdata
06-11 15:54:42.585  2338 12266 D PowerUI : can't show warning due to - plugged: true status unknown: false
06-11 15:55:04.875  1593  2076 D ActivityManager: sync unfroze 30617 com.android.vending:instant_app_installer for 6
06-11 15:55:04.901  1593  2076 D ActivityManager: sync unfroze 16664 com.android.vending for 6
06-11 15:55:04.965  1593  4472 D ActivityManager: sync unfroze 9863 com.google.process.gservices for 7
06-11 15:55:04.971  1593  3936 W JobScheduler: Job didn't exist in JobStore: 83150c #u0a165/165064389 com.android.vending/com.google.android.finsky.instantapps.metrics.LogFlushJob
06-11 15:55:15.037  1593  2084 D ActivityManager: freezing 30617 com.android.vending:instant_app_installer
06-11 15:55:15.157  1593  2084 D ActivityManager: freezing 16664 com.android.vending
06-11 15:55:21.052  1593  2084 D ActivityManager: freezing 9863 com.google.process.gservices
06-11 15:55:42.585  2338 12295 D PowerUI : can't show warning due to - plugged: true status unknown: false
06-11 15:55:48.118  2338 12461 D PowerUI : can't show warning due to - plugged: true status unknown: false
06-11 15:56:04.986  1593  2076 D ActivityManager: sync unfroze 16773 com.google.android.settings.intelligence for 6
06-11 15:56:11.551  1593  3896 I UsbPortManager: AIDL UsbDataStatus:1
06-11 15:56:11.552  1593  3896 I UsbPortManager: ClientCallback AIDL V1: port0
06-11 15:56:11.660  1593  3896 I UsbPortManager: AIDL UsbDataStatus:1
06-11 15:56:11.661  1593  3896 I UsbPortManager: ClientCallback AIDL V1: port0
06-11 15:56:11.676  2338  2972 D PowerUI : can't show warning due to - plugged: true status unknown: false
06-11 15:56:11.676  1593  3896 I UsbPortManager: AIDL UsbDataStatus:1
06-11 15:56:11.676  1593  3896 I UsbPortManager: ClientCallback AIDL V1: port0
06-11 15:56:11.687  1593  3896 I UsbPortManager: AIDL UsbDataStatus:1
06-11 15:56:11.687  1593  3896 I UsbPortManager: ClientCallback AIDL V1: port0
06-11 15:56:11.713  1593  3896 I UsbPortManager: AIDL UsbDataStatus:1
06-11 15:56:11.713  1593  3896 I UsbPortManager: ClientCallback AIDL V1: port0
06-11 15:56:11.725  1593  3896 I UsbPortManager: AIDL UsbDataStatus:1
06-11 15:56:11.726  1593  3896 I UsbPortManager: ClientCallback AIDL V1: port0
06-11 15:56:12.511  1593  3936 I UsbPortManager: AIDL UsbDataStatus:1
06-11 15:56:12.511  1593  3936 I UsbPortManager: ClientCallback AIDL V1: port0
06-11 15:56:12.544  2338  3147 D PowerUI : can't show warning due to - plugged: true status unknown: false
06-11 15:56:12.641  1593  3936 I UsbPortManager: AIDL UsbDataStatus:1
06-11 15:56:12.641  1593  3936 I UsbPortManager: ClientCallback AIDL V1: port0
06-11 15:56:12.662  1593  3896 I UsbPortManager: AIDL UsbDataStatus:1
06-11 15:56:12.662  1593  3896 I UsbPortManager: ClientCallback AIDL V1: port0
06-11 15:56:12.681  1593  3896 I UsbPortManager: AIDL UsbDataStatus:1
06-11 15:56:12.681  1593  3896 I UsbPortManager: ClientCallback AIDL V1: port0
06-11 15:56:12.684  2338  9687 D PowerUI : can't show warning due to - plugged: true status unknown: false
06-11 15:56:12.701  1593  3896 I UsbPortManager: AIDL UsbDataStatus:1
06-11 15:56:12.701  1593  3896 I UsbPortManager: ClientCallback AIDL V1: port0
06-11 15:56:12.733  2338  8171 D PowerUI : can't show warning due to - plugged: true status unknown: false
06-11 15:56:14.884  1593  3896 I UsbPortManager: AIDL UsbDataStatus:1
06-11 15:56:14.885  1593  3896 I UsbPortManager: ClientCallback AIDL V1: port0
06-11 15:56:14.909  2338 10158 D PowerUI : can't show warning due to - plugged: true status unknown: false
06-11 15:56:14.997  1593  3896 I UsbPortManager: AIDL UsbDataStatus:1
06-11 15:56:14.997  1593  3896 I UsbPortManager: ClientCallback AIDL V1: port0
06-11 15:56:14.999  1593  3896 I UsbPortManager: AIDL UsbDataStatus:1
06-11 15:56:14.999  1593  3896 I UsbPortManager: ClientCallback AIDL V1: port0
06-11 15:56:15.011  1593  3896 I UsbPortManager: AIDL UsbDataStatus:1
06-11 15:56:15.011  1593  3896 I UsbPortManager: ClientCallback AIDL V1: port0
06-11 15:56:15.013  2338 12266 D PowerUI : can't show warning due to - plugged: true status unknown: false
06-11 15:56:15.041  1593  3896 I UsbPortManager: AIDL UsbDataStatus:1
06-11 15:56:15.041  1593  3896 I UsbPortManager: ClientCallback AIDL V1: port0
06-11 15:56:15.094  1593  2084 D ActivityManager: freezing 16773 com.google.android.settings.intelligence
06-11 15:56:42.580  2338 12295 D PowerUI : can't show warning due to - plugged: true status unknown: false
06-11 15:57:42.582  2338 12461 D PowerUI : can't show warning due to - plugged: true status unknown: false
06-11 15:57:45.690  1593  1938 D ActivityManager: sync unfroze 5047 com.google.android.gms for 3
06-11 15:57:45.692  1593  1938 D ActivityManager: sync unfroze 9632 com.google.android.gm for 3
06-11 15:57:45.697  1593  1938 W ProcessStats: Tracking association SourceState{f715e07 com.google.android.gm/10205 Receivr #511818} whose proc state 10 is better than process ProcessState{12966ae com.google.android.gms/10148 pkg=com.google.android.gms} proc state 14 (2 skipped)
06-11 15:57:45.814  1593  3937 D ActivityManager: sync unfroze 681 com.google.android.gms.unstable for 6
06-11 15:57:45.820  1593  3937 D ActivityManager: sync unfroze 9863 com.google.process.gservices for 7
06-11 15:57:46.761  1593  1593 W NotificationHistory: Attempted to add notif for locked/gone/disabled user 0
06-11 15:57:46.806  1593  1969 I AS.FadeOutManager: unfadeOutUid() uid:10237
06-11 15:57:47.204  1593  1996 I DisplayPowerController2[0]: Blocking screen on until initial contents have been drawn.
06-11 15:57:47.208  1593  1996 I DisplayBrightnessStrategySelector: Changing the DisplayBrightnessStrategy from ScreenOffBrightnessStrategy to DozeBrightnessStrategy for display 0
06-11 15:57:47.229  1593  1996 V DisplayPowerController2[0]: Brightness [0.12992126] reason changing to: 'doze', previous reason: 'screen_off'.
06-11 15:57:47.229  1593  1996 I DisplayPowerController2[0]: BrightnessEvent: disp=0, physDisp=local:4619827677550801152, brt=0.12992126, initBrt=0.0, rcmdBrt=NaN, preBrt=NaN, lux=0.0, preLux=0.0, hbmMax=0.5, hbmMode=off, rbcStrength=50, thrmMax=1.0, powerFactor=1.0, wasShortTermModelActive=false, flags=, reason=doze, autoBrightness=true, strategy=DozeBrightnessStrategy
06-11 15:57:47.231  1593  1925 I DisplayDeviceRepository: Display device changed state: "Built-in Screen", ON
06-11 15:57:47.232  1593  1996 D BrightnessPowerClamper: Power throttling data is missing for configuration data.
06-11 15:57:47.234  1593  1926 I DisplayDevice: [0] Layerstack set to 0 for local:4619827677550801152
06-11 15:57:47.247  1593  1996 I DisplayPowerController2[0]: BrightnessEvent: disp=0, physDisp=local:4619827677550801152, brt=0.047244094, initBrt=0.12992126, rcmdBrt=NaN, preBrt=NaN, lux=0.0, preLux=0.0, hbmMax=0.5, hbmMode=off, rbcStrength=50, thrmMax=1.0, powerFactor=1.0, wasShortTermModelActive=false, flags=, reason=doze, autoBrightness=true, strategy=DozeBrightnessStrategy
06-11 15:57:47.283  1593  1996 I DisplayPowerController2[0]: Unblocked screen on after 80 ms
06-11 15:57:47.389   997  2108 I Lyric   : spectral_driver.cc:150: Ambient light sampling enabled with mode: 2 stream consumer count: 0
06-11 15:57:47.397  1593  1925 I DisplayDeviceRepository: Display device changed state: "Built-in Screen", ON
06-11 15:57:47.399  1593  1996 D BrightnessPowerClamper: Power throttling data is missing for configuration data.
06-11 15:57:47.824  1070  1070 I vendor.google.wifi_ext-service-vendor: Wifi: Setting SAR Scenario to 3
06-11 15:57:47.848  1593  3936 D ActivityManager: sync unfroze 17587 com.google.process.gapps for 7
06-11 15:57:50.171  5047 13258 E ActivityThread: Failed to find provider info for subscribedfeeds
06-11 15:57:50.172  5047 13258 E ActivityThread: Failed to find provider info for subscribedfeeds
06-11 15:57:50.655  5047 13259 E ActivityThread: Failed to find provider info for subscribedfeeds
06-11 15:57:50.655  5047 13259 E ActivityThread: Failed to find provider info for subscribedfeeds
06-11 15:57:52.893  1593  1996 I DisplayPowerController2[0]: Blocking screen off
06-11 15:57:52.894  1593  1996 I DisplayPowerController2[0]: Unblocked screen off after 1 ms
06-11 15:57:52.903  1593  1996 I DisplayBrightnessStrategySelector: Changing the DisplayBrightnessStrategy from DozeBrightnessStrategy to ScreenOffBrightnessStrategy for display 0
06-11 15:57:52.923  1593  1996 V DisplayPowerController2[0]: Brightness [0.0] reason changing to: 'screen_off', previous reason: 'doze'.
06-11 15:57:52.923  1593  1996 I DisplayPowerController2[0]: BrightnessEvent: disp=0, physDisp=local:4619827677550801152, brt=0.0, initBrt=0.047244094, rcmdBrt=NaN, preBrt=NaN, lux=0.0, preLux=0.0, hbmMax=0.5, hbmMode=off, rbcStrength=50, thrmMax=1.0, powerFactor=1.0, wasShortTermModelActive=false, flags=, reason=screen_off, autoBrightness=true, strategy=ScreenOffBrightnessStrategy
06-11 15:57:52.925  1593  1925 I DisplayDeviceRepository: Display device changed state: "Built-in Screen", OFF
06-11 15:57:52.927  1593  1996 D BrightnessPowerClamper: Power throttling data is missing for configuration data.
06-11 15:57:52.948  1593  1926 I DisplayDevice: [0] Layerstack set to -1 for local:4619827677550801152
06-11 15:57:53.051  1593  1925 I DisplayDeviceRepository: Display device changed: DisplayDeviceInfo{"Built-in Screen": uniqueId="local:4619827677550801152", 1080 x 2400, modeId 1, renderFrameRate 60.0, defaultModeId 1, userPreferredModeId 1, supportedModes [{id=1, width=1080, height=2400, fps=60.0, vsync=60.0, alternativeRefreshRates=[90.0], supportedHdrTypes=[2, 3, 4]}, {id=2, width=1080, height=2400, fps=90.0, vsync=90.0, alternativeRefreshRates=[60.0], supportedHdrTypes=[2, 3, 4]}], colorMode 0, supportedColorModes [0, 7, 9], hdrCapabilities HdrCapabilities{mSupportedHdrTypes=[2, 3, 4], mMaxLuminance=1000.0, mMaxAverageLuminance=120.0, mMinLuminance=5.0E-4}, allmSupported false, gameContentTypeSupported false, density 420, 415.636 x 417.534 dpi, appVsyncOff 6233334, presDeadline 11500000, cutout DisplayCutout{insets=Rect(0, 136 - 0, 0) waterfall=Insets{left=0, top=0, right=0, bottom=0} boundingRect={Bounds=[Rect(0, 0 - 0, 0), Rect(480, 0 - 625, 136), Rect(0, 0 - 0, 0), Rect(0, 0 - 0, 0)]} cutoutPathParserInfo={CutoutPathParserInfo{displayWidth=1080 displayHeight=2400 physicalDisplayWidth=1080 physicalDisplayHeight=2400 density={2.625} cutoutSpec={M 506,68 a 34,34 0 1 0 68,0 34,34 0 1 0 -68,0 Z @left} rotation={0} scale={1.0} physicalPixelDisplaySizeRatio={1.0}}}}, touch INTERNAL, rotation 0, type INTERNAL, address {port=0, model=0x401ceccbbbeef1}, deviceProductInfo DeviceProductInfo{name=Common Panel, manufacturerPnpId=GGL, productId=0, modelYear=null, manufactureDate=ManufactureDate{week=1, year=1990}, connectionToSinkType=0}, state OFF, committedState OFF, frameRateOverride , brightnessMinimum 0.0, brightnessMaximum 1.0, brightnessDefault 0.17429718, hdrSdrRatio 1.0, roundedCorners RoundedCorners{[RoundedCorner{position=TopLeft, radius=47, center=Point(47, 47)}, RoundedCorner{position=TopRight, radius=47, center=Point(1033, 47)}, RoundedCorner{position=BottomRight, radius=48, center=Point(1032, 2352)}, RoundedCorner{position=BottomLeft, radius=48, center=Point(48, 2352)}]}, FLAG_ALLOWED_TO_BE_DEFAULT_DISPLAY, FLAG_ROTATES_WITH_CONTENT, FLAG_SECURE, FLAG_SUPPORTS_PROTECTED_BUFFERS, FLAG_TRUSTED, installOrientation 0, displayShape DisplayShape{ spec=-552977240 displayWidth=1080 displayHeight=2400 physicalPixelDisplaySizeRatio=1.0 rotation=0 offsetX=0 offsetY=0 scale=1.0}}
06-11 15:57:53.052  1593  1996 D BrightnessPowerClamper: Power throttling data is missing for configuration data.
06-11 15:57:53.053  1593  1925 I DisplayDeviceRepository: Display device changed: DisplayDeviceInfo{"Built-in Screen": uniqueId="local:4619827677550801152", 1080 x 2400, modeId 1, renderFrameRate 60.0, defaultModeId 1, userPreferredModeId 1, supportedModes [{id=1, width=1080, height=2400, fps=60.0, vsync=60.0, alternativeRefreshRates=[90.0], supportedHdrTypes=[2, 3, 4]}, {id=2, width=1080, height=2400, fps=90.0, vsync=90.0, alternativeRefreshRates=[60.0], supportedHdrTypes=[2, 3, 4]}], colorMode 0, supportedColorModes [0, 7, 9], hdrCapabilities HdrCapabilities{mSupportedHdrTypes=[2, 3, 4], mMaxLuminance=1000.0, mMaxAverageLuminance=120.0, mMinLuminance=5.0E-4}, allmSupported false, gameContentTypeSupported false, density 420, 415.636 x 417.534 dpi, appVsyncOff 6233334, presDeadline 11500000, cutout DisplayCutout{insets=Rect(0, 136 - 0, 0) waterfall=Insets{left=0, top=0, right=0, bottom=0} boundingRect={Bounds=[Rect(0, 0 - 0, 0), Rect(480, 0 - 625, 136), Rect(0, 0 - 0, 0), Rect(0, 0 - 0, 0)]} cutoutPathParserInfo={CutoutPathParserInfo{displayWidth=1080 displayHeight=2400 physicalDisplayWidth=1080 physicalDisplayHeight=2400 density={2.625} cutoutSpec={M 506,68 a 34,34 0 1 0 68,0 34,34 0 1 0 -68,0 Z @left} rotation={0} scale={1.0} physicalPixelDisplaySizeRatio={1.0}}}}, touch INTERNAL, rotation 0, type INTERNAL, address {port=0, model=0x401ceccbbbeef1}, deviceProductInfo DeviceProductInfo{name=Common Panel, manufacturerPnpId=GGL, productId=0, modelYear=null, manufactureDate=ManufactureDate{week=1, year=1990}, connectionToSinkType=0}, state OFF, committedState OFF, frameRateOverride , brightnessMinimum 0.0, brightnessMaximum 1.0, brightnessDefault 0.17429718, hdrSdrRatio 1.0, roundedCorners RoundedCorners{[RoundedCorner{position=TopLeft, radius=47, center=Point(47, 47)}, RoundedCorner{position=TopRight, radius=47, center=Point(1033, 47)}, RoundedCorner{position=BottomRight, radius=48, center=Point(1032, 2352)}, RoundedCorner{position=BottomLeft, radius=48, center=Point(48, 2352)}]}, FLAG_ALLOWED_TO_BE_DEFAULT_DISPLAY, FLAG_ROTATES_WITH_CONTENT, FLAG_SECURE, FLAG_SUPPORTS_PROTECTED_BUFFERS, FLAG_TRUSTED, installOrientation 0, displayShape DisplayShape{ spec=-552977240 displayWidth=1080 displayHeight=2400 physicalPixelDisplaySizeRatio=1.0 rotation=0 offsetX=0 offsetY=0 scale=1.0}}
06-11 15:57:53.053   997  2108 I Lyric   : spectral_driver.cc:137: Ambient light sampling has been disabled. Stream consumer count: 0
06-11 15:57:53.054  1593  1925 D DisplayManagerService: Ignore redundant display event 0/2 to 10275/5783
06-11 15:57:53.054  1593  1925 D DisplayManagerService: Ignore redundant display event 0/2 to 10374/6075
06-11 15:57:53.054  1593  1925 D DisplayManagerService: Ignore redundant display event 0/2 to 10251/12612
06-11 15:57:53.054  1593  1925 D DisplayManagerService: Ignore redundant display event 0/2 to 10094/14482
06-11 15:57:53.054  1593  1925 D DisplayManagerService: Ignore redundant display event 0/2 to 10165/16664
06-11 15:57:53.054  1593  1925 D DisplayManagerService: Ignore redundant display event 0/2 to 10270/16864
06-11 15:57:53.054  1593  1925 D DisplayManagerService: Ignore redundant display event 0/2 to 10189/30307
06-11 15:57:53.060  1593  1925 I DisplayDeviceRepository: Display device changed: DisplayDeviceInfo{"Built-in Screen": uniqueId="local:4619827677550801152", 1080 x 2400, modeId 2, renderFrameRate 90.0, defaultModeId 1, userPreferredModeId 1, supportedModes [{id=1, width=1080, height=2400, fps=60.0, vsync=60.0, alternativeRefreshRates=[90.0], supportedHdrTypes=[2, 3, 4]}, {id=2, width=1080, height=2400, fps=90.0, vsync=90.0, alternativeRefreshRates=[60.0], supportedHdrTypes=[2, 3, 4]}], colorMode 0, supportedColorModes [0, 7, 9], hdrCapabilities HdrCapabilities{mSupportedHdrTypes=[2, 3, 4], mMaxLuminance=1000.0, mMaxAverageLuminance=120.0, mMinLuminance=5.0E-4}, allmSupported false, gameContentTypeSupported false, density 420, 415.636 x 417.534 dpi, appVsyncOff 6233333, presDeadline 11500000, cutout DisplayCutout{insets=Rect(0, 136 - 0, 0) waterfall=Insets{left=0, top=0, right=0, bottom=0} boundingRect={Bounds=[Rect(0, 0 - 0, 0), Rect(480, 0 - 625, 136), Rect(0, 0 - 0, 0), Rect(0, 0 - 0, 0)]} cutoutPathParserInfo={CutoutPathParserInfo{displayWidth=1080 displayHeight=2400 physicalDisplayWidth=1080 physicalDisplayHeight=2400 density={2.625} cutoutSpec={M 506,68 a 34,34 0 1 0 68,0 34,34 0 1 0 -68,0 Z @left} rotation={0} scale={1.0} physicalPixelDisplaySizeRatio={1.0}}}}, touch INTERNAL, rotation 0, type INTERNAL, address {port=0, model=0x401ceccbbbeef1}, deviceProductInfo DeviceProductInfo{name=Common Panel, manufacturerPnpId=GGL, productId=0, modelYear=null, manufactureDate=ManufactureDate{week=1, year=1990}, connectionToSinkType=0}, state OFF, committedState OFF, frameRateOverride , brightnessMinimum 0.0, brightnessMaximum 1.0, brightnessDefault 0.17429718, hdrSdrRatio 1.0, roundedCorners RoundedCorners{[RoundedCorner{position=TopLeft, radius=47, center=Point(47, 47)}, RoundedCorner{position=TopRight, radius=47, center=Point(1033, 47)}, RoundedCorner{position=BottomRight, radius=48, center=Point(1032, 2352)}, RoundedCorner{position=BottomLeft, radius=48, center=Point(48, 2352)}]}, FLAG_ALLOWED_TO_BE_DEFAULT_DISPLAY, FLAG_ROTATES_WITH_CONTENT, FLAG_SECURE, FLAG_SUPPORTS_PROTECTED_BUFFERS, FLAG_TRUSTED, installOrientation 0, displayShape DisplayShape{ spec=-552977240 displayWidth=1080 displayHeight=2400 physicalPixelDisplaySizeRatio=1.0 rotation=0 offsetX=0 offsetY=0 scale=1.0}}
06-11 15:57:53.061  1593  1996 D BrightnessPowerClamper: Power throttling data is missing for configuration data.
06-11 15:57:53.062  1593  1925 D DisplayManagerService: Ignore redundant display event 0/2 to 10275/5783
06-11 15:57:53.062  1593  1925 D DisplayManagerService: Ignore redundant display event 0/2 to 10374/6075
06-11 15:57:53.062  1593  1925 D DisplayManagerService: Ignore redundant display event 0/2 to 10251/12612
06-11 15:57:53.062  1593  1925 D DisplayManagerService: Ignore redundant display event 0/2 to 10094/14482
06-11 15:57:53.062  1593  1925 D DisplayManagerService: Ignore redundant display event 0/2 to 10165/16664
06-11 15:57:53.062  1593  1925 D DisplayManagerService: Ignore redundant display event 0/2 to 10270/16864
06-11 15:57:53.062  1593  1925 D DisplayManagerService: Ignore redundant display event 0/2 to 10189/30307
06-11 15:57:53.751  1593  5248 D CompatibilityChangeReporter: Compat change id reported: 229362273; UID 10148; state: ENABLED
06-11 15:57:53.756  1593  1938 D ActivityManager: sync unfroze 10214 com.android.vending:background for 3
06-11 15:57:53.759  1593  1938 D ActivityManager: sync unfroze 3071 com.google.android.euicc for 3
06-11 15:58:03.110  1593  5125 W ProcessStats: Tracking association SourceState{7e4b74f com.google.android.gms.persistent/10148 ImpBg #511985} whose proc state 6 is better than process ProcessState{12966ae com.google.android.gms/10148 pkg=com.google.android.gms} proc state 8 (11 skipped)
06-11 15:58:03.134  1593  5248 W ActivityManager: Unable to start service Intent { act=com.google.android.gms.credential.manager.tasks.PasswordSharingSubscriptionTaskBoundService.ACTION_TASK_READY pkg=com.google.android.gms } U=0: not found
06-11 15:58:03.139  5047 13276 E ActivityThread: Failed to find provider info for subscribedfeeds
06-11 15:58:03.140  5047 13276 E ActivityThread: Failed to find provider info for subscribedfeeds
06-11 15:58:03.551  5047 13281 W PackageParser: Unknown element under <manifest>: queries at /data/user_de/0/com.google.android.gms/app_chimera/m/000000f2/dl-AdsFdrDynamite.integ_241199801100000.apk Binary XML file line #15
06-11 15:58:03.871  1593  2084 D ActivityManager: freezing 10214 com.android.vending:background
06-11 15:58:03.879  1593  2084 D ActivityManager: freezing 3071 com.google.android.euicc
06-11 15:58:05.699  1593  2084 D ActivityManager: freezing 9632 com.google.android.gm
06-11 15:58:08.271  1593  2084 D ActivityManager: freezing 681 com.google.android.gms.unstable
06-11 15:58:08.343  1593  1937 I UsageStatsService: User[0] Flushing usage stats to disk
06-11 15:58:13.229  1593  2270 W ProcessStats: Tracking association SourceState{e0a2b8e com.google.android.gms.persistent/10148 Fgs #512111} whose proc state 3 is better than process ProcessState{12966ae com.google.android.gms/10148 pkg=com.google.android.gms} proc state 8 (455 skipped)
06-11 15:58:13.242  1070  1070 I vendor.google.wifi_ext-service-vendor: Wifi: Resetting SAR Scenario to default
06-11 15:58:25.261  1593  2084 D ActivityManager: freezing 17587 com.google.process.gapps
06-11 15:58:28.386  1593  2084 D ActivityManager: freezing 5047 com.google.android.gms
06-11 15:58:30.275  1593  2084 D ActivityManager: freezing 9863 com.google.process.gservices
06-11 15:58:42.583  2338  2972 D PowerUI : can't show warning due to - plugged: true status unknown: false
06-11 15:58:44.745  1593  2389 W JobScheduler: Job didn't exist in JobStore: 1e8d42e {androidx.work.systemjobscheduler} #u0a158/6236 @androidx.work.systemjobscheduler@com.google.android.googlequicksearchbox/androidx.work.impl.background.systemjob.SystemJobService
06-11 15:59:35.742  1593  1938 D ActivityManager: sync unfroze 5047 com.google.android.gms for 3
06-11 15:59:35.824  5047 13301 E ActivityThread: Failed to find provider info for subscribedfeeds
06-11 15:59:35.827  5047 13301 E ActivityThread: Failed to find provider info for subscribedfeeds
06-11 15:59:50.629  5047 13304 E ActivityThread: Failed to find provider info for subscribedfeeds
06-11 15:59:50.630  5047 13304 E ActivityThread: Failed to find provider info for subscribedfeeds
06-11 16:00:08.569  1593  2084 D ActivityManager: freezing 5047 com.google.android.gms
06-11 16:00:42.579  2338  3147 D PowerUI : can't show warning due to - plugged: true status unknown: false
06-11 16:00:45.942  1593  1938 D ActivityManager: sync unfroze 9632 com.google.android.gm for 3
06-11 16:00:46.030  1593  4472 D ActivityManager: sync unfroze 5047 com.google.android.gms for 4
06-11 16:00:46.046  5047  5101 E ActivityThread: Failed to find provider info for gmail-ofls
06-11 16:00:46.050  5047  5101 E ActivityThread: Failed to find provider info for gmail-ofls
06-11 16:00:46.088  1593  2297 W ProcessStats: Tracking association SourceState{f715e07 com.google.android.gm/10205 ImpBg #512264} whose proc state 6 is better than process ProcessState{12966ae com.google.android.gms/10148 pkg=com.google.android.gms} proc state 8 (17 skipped)
06-11 16:00:46.167  5047  5101 E ActivityThread: Failed to find provider info for gmail-ofls
06-11 16:00:46.171  5047  5101 E ActivityThread: Failed to find provider info for gmail-ofls
06-11 16:00:46.175  5047  5101 E ActivityThread: Failed to find provider info for gmail-ofls
06-11 16:00:46.178  5047  5101 E ActivityThread: Failed to find provider info for gmail-ofls
06-11 16:00:46.180  5047  5101 E ActivityThread: Failed to find provider info for gmail-ofls
06-11 16:00:46.184  5047  5101 E ActivityThread: Failed to find provider info for gmail-ofls
06-11 16:00:46.186  5047  5101 E ActivityThread: Failed to find provider info for gmail-ofls
06-11 16:00:46.189  5047  5101 E ActivityThread: Failed to find provider info for gmail-ofls
06-11 16:00:46.192  5047  5101 E ActivityThread: Failed to find provider info for gmail-ofls
06-11 16:00:47.312  5047  5101 E ActivityThread: Failed to find provider info for gmail-ofls
06-11 16:00:47.322  5047  5101 E ActivityThread: Failed to find provider info for gmail-ofls
06-11 16:00:47.408  5047  5101 E ActivityThread: Failed to find provider info for gmail-ofls
06-11 16:00:47.423  5047  5101 E ActivityThread: Failed to find provider info for gmail-ofls
06-11 16:00:47.433  5047  5101 E ActivityThread: Failed to find provider info for gmail-ofls
06-11 16:00:47.440  5047  5101 E ActivityThread: Failed to find provider info for gmail-ofls
06-11 16:00:47.447  5047  5101 E ActivityThread: Failed to find provider info for gmail-ofls
06-11 16:00:47.452  5047  5101 E ActivityThread: Failed to find provider info for gmail-ofls
06-11 16:00:47.457  5047  5101 E ActivityThread: Failed to find provider info for gmail-ofls
06-11 16:00:47.460  5047  5101 E ActivityThread: Failed to find provider info for gmail-ofls
06-11 16:00:47.465  5047  5101 E ActivityThread: Failed to find provider info for gmail-ofls
06-11 16:00:48.543  5047  5101 E ActivityThread: Failed to find provider info for gmail-ofls
06-11 16:00:48.554  5047  5101 E ActivityThread: Failed to find provider info for gmail-ofls
06-11 16:00:58.633  1593  2084 D ActivityManager: freezing 5047 com.google.android.gms
06-11 16:01:05.977  1593  2084 D ActivityManager: freezing 9632 com.google.android.gm
06-11 16:01:42.584  2338  9687 D PowerUI : can't show warning due to - plugged: true status unknown: false
06-11 16:02:05.920  1593  2076 D ActivityManager: sync unfroze 4856 com.google.android.as.oss for 6
06-11 16:02:06.007  1593  3476 D ActivityManager: sync unfroze 22800 com.google.android.as.oss:learning_bg for 6
06-11 16:02:08.568  1593  5248 D ActivityManager: sync unfroze 8407 com.google.android.rkpdapp for 6
06-11 16:02:11.734  1593  5248 W JobScheduler: Job didn't exist in JobStore: fbfce7d #u0a168/-1679289975 com.google.android.as.oss/com.google.android.gms.learning.internal.training.InAppJobService
06-11 16:02:18.652  1593  2084 D ActivityManager: freezing 8407 com.google.android.rkpdapp
06-11 16:02:20.352   546 13352 I keystore2: system/security/keystore2/watchdog/src/lib.rs:319 - Watchdog thread idle -> terminating. Have a great day.
06-11 16:02:21.720  1593  2084 D ActivityManager: freezing 22800 com.google.android.as.oss:learning_bg
06-11 16:02:21.823  1593  2084 D ActivityManager: freezing 4856 com.google.android.as.oss
06-11 16:03:06.071  1593  2076 D ActivityManager: sync unfroze 4856 com.google.android.as.oss for 6
06-11 16:03:06.100  1593  2076 D ActivityManager: sync unfroze 15598 com.google.android.apps.turbo for 6
06-11 16:03:06.174  1593  3476 D ActivityManager: sync unfroze 22800 com.google.android.as.oss:learning_bg for 6
06-11 16:03:06.194  1593  4472 W JobScheduler: Job didn't exist in JobStore: 93a8e18 #u0a168/-939763582 com.google.android.as.oss/com.google.android.gms.learning.internal.training.InAppJobService
06-11 16:03:06.216  1593  3476 W JobScheduler: Job didn't exist in JobStore: dd4c4b #u0a168/-638764459 com.google.android.as.oss/com.google.android.gms.learning.internal.training.InAppJobService
06-11 16:03:16.219  1593  2084 D ActivityManager: freezing 15598 com.google.android.apps.turbo
06-11 16:03:16.225  1593  2084 D ActivityManager: freezing 22800 com.google.android.as.oss:learning_bg
06-11 16:03:16.229  1593  2084 D ActivityManager: freezing 4856 com.google.android.as.oss
06-11 16:03:42.591  2338  8171 D PowerUI : can't show warning due to - plugged: true status unknown: false
06-11 16:04:21.391  1593  2076 D ActivityManager: sync unfroze 4856 com.google.android.as.oss for 6
06-11 16:04:21.471  1593  3476 D ActivityManager: sync unfroze 22800 com.google.android.as.oss:learning_bg for 6
06-11 16:04:24.244  1593  2389 D ActivityManager: sync unfroze 8407 com.google.android.rkpdapp for 6
06-11 16:04:25.990  1593  2389 W JobScheduler: Job didn't exist in JobStore: 45673c4 #u0a168/-648439940 com.google.android.as.oss/com.google.android.gms.learning.internal.training.InAppJobService
06-11 16:04:34.312  1593  2084 D ActivityManager: freezing 8407 com.google.android.rkpdapp
06-11 16:04:35.619   546 13390 I keystore2: system/security/keystore2/watchdog/src/lib.rs:319 - Watchdog thread idle -> terminating. Have a great day.
06-11 16:04:35.970  1593  2084 D ActivityManager: freezing 22800 com.google.android.as.oss:learning_bg
06-11 16:04:36.115  1593  2084 D ActivityManager: freezing 4856 com.google.android.as.oss
06-11 16:04:42.585  2338 10158 D PowerUI : can't show warning due to - plugged: true status unknown: false
06-11 16:05:51.579  1593  2076 D ActivityManager: sync unfroze 24395 com.google.android.apps.safetyhub for 6
06-11 16:06:01.742  1593  2084 D ActivityManager: freezing 24395 com.google.android.apps.safetyhub
06-11 16:06:35.703  1593  2389 D ActivityManager: sync unfroze 26674 com.google.android.googlequicksearchbox:train for 6
06-11 16:06:36.192  1593  2389 D ActivityManager: sync unfroze 16664 com.android.vending for 6
06-11 16:06:42.592  2338 12266 D PowerUI : can't show warning due to - plugged: true status unknown: false
06-11 16:06:46.285  1593  2084 D ActivityManager: freezing 16664 com.android.vending
06-11 16:07:04.833  1593  4472 D ActivityManager: sync unfroze 9863 com.google.process.gservices for 7
06-11 16:07:42.583  2338 12295 D PowerUI : can't show warning due to - plugged: true status unknown: false
06-11 16:07:51.335  1593  2084 D ActivityManager: freezing 26674 com.google.android.googlequicksearchbox:train
06-11 16:08:11.888  1593  2084 D ActivityManager: freezing 9863 com.google.process.gservices
06-11 16:08:42.585  2338 12461 D PowerUI : can't show warning due to - plugged: true status unknown: false
06-11 16:09:42.579  2338  2972 D PowerUI : can't show warning due to - plugged: true status unknown: false
06-11 16:10:42.582  2338  3147 D PowerUI : can't show warning due to - plugged: true status unknown: false
06-11 16:11:00.820  1593  2297 D ActivityManager: sync unfroze 7790 com.google.android.keep for 6
06-11 16:11:00.843  1593  1593 W JobScheduler: Job didn't exist in JobStore: 31afdd5 {SyncManager} #1000/350 @SyncManager@com.google.android.keep/com.google:android
06-11 16:11:00.874  1593  2297 E SyncManager: Job params not found for 350
06-11 16:11:00.912  1593  1593 W JobScheduler: Job didn't exist in JobStore: 5af63b7 {SyncManager} #1000/1706 @SyncManager@com.google.android.keep/com.google:android
06-11 16:11:10.999  1593  2084 D ActivityManager: freezing 7790 com.google.android.keep
06-11 16:11:42.589  2338  9687 D PowerUI : can't show warning due to - plugged: true status unknown: false
06-11 16:13:22.793  1593  2076 D ActivityManager: sync unfroze 27516 com.google.android.apps.work.clouddpc for 6
06-11 16:13:32.459  1593  1938 D ActivityManager: sync unfroze 5783 com.microsoft.emmx for 3
06-11 16:13:32.498  1593  2076 D CompatibilityChangeReporter: Compat change id reported: 265195908; UID 10275; state: ENABLED
06-11 16:13:32.895  1593  2084 D ActivityManager: freezing 27516 com.google.android.apps.work.clouddpc
06-11 16:13:32.950  1593  1749 D CompatibilityChangeReporter: Compat change id reported: 253665015; UID 10275; state: ENABLED
06-11 16:13:32.950  1593  1749 D CompatibilityChangeReporter: Compat change id reported: 194532703; UID 10275; state: ENABLED
06-11 16:13:32.951  1593  1749 D CompatibilityChangeReporter: Compat change id reported: 311402873; UID 10275; state: DISABLED
06-11 16:13:33.493  1593  1593 W NotificationHistory: Attempted to add notif for locked/gone/disabled user 0
06-11 16:13:33.555  1593  3896 I AS.FadeOutManager: unfadeOutUid() uid:10237
06-11 16:13:33.575  1593  3896 D CompatibilityChangeReporter: Compat change id reported: 161252188; UID 10275; state: DISABLED
06-11 16:13:33.579  1593  1939 D CompatibilityChangeReporter: Compat change id reported: 143937733; UID 10275; state: ENABLED
06-11 16:13:33.580  1593  1939 D CompatibilityChangeReporter: Compat change id reported: 135634846; UID 10275; state: DISABLED
