09-18 07:58:06.386 D/BluetoothGattServer( 2206): onServerConnectionState() - status=0 serverIf=9 device=00:07:4D:DD:D0:A9
09-18 07:58:06.386 D/TbsGatt ( 2206): BluetoothGattServerCallback: onConnectionStateChange
09-18 07:58:06.386 D/TbsGatt ( 2206): clearUnauthorizedGattOperationss device: XX:XX:XX:XX:D0:A9
09-18 07:58:06.387 D/BtGatt.GattService( 2206): onClientConnected() uid_not_found=android.uid.bluetooth:1002
09-18 07:58:06.387 D/BluetoothGattServer( 2206): onServerConnectionState() - status=0 serverIf=12 device=00:07:4D:DD:D0:A9
09-18 07:58:06.388 D/BtGatt.GattService( 2206): onDisconnected() - removing permit for address=00:07:4D:DD:D0:A9
09-18 07:58:06.389 D/BluetoothGatt( 8637): onClientConnectionState() - status=8 clientIf=13 device=00:07:4D:DD:D0:A9
09-18 07:58:06.389 D/BluetoothGatt( 8637): refresh() - device: 00:07:4D:DD:D0:A9
09-18 07:58:06.390 D/BluetoothGatt( 8637): cancelOpen() - device: 00:07:4D:DD:D0:A9
09-18 07:58:06.394 I/bt_btif_dm( 2206): packages/modules/Bluetooth/system/btif/src/btif_dm.cc:914 - btif_dm_get_connection_state: Acl is not connected to peer:xx:xx:xx:xx:d0:a9
09-18 07:58:06.395 I/bt_btif_dm( 2206): packages/modules/Bluetooth/system/btif/src/btif_dm.cc:914 - btif_dm_get_connection_state: Acl is not connected to peer:xx:xx:xx:xx:d0:a9
09-18 07:58:06.395 V/BluetoothDatabase( 2206): getProfileConnectionPolicy: device XX:XX:XX:XX:D0:A9 profile=A2DP, connectionPolicy=-1
09-18 07:58:06.395 V/BluetoothDatabase( 2206): getProfileConnectionPolicy: device XX:XX:XX:XX:D0:A9 profile=HEADSET, connectionPolicy=-1
09-18 07:58:06.395 V/BluetoothDatabase( 2206): getProfileConnectionPolicy: device XX:XX:XX:XX:D0:A9 profile=HID_HOST, connectionPolicy=-1
09-18 07:58:06.396 V/BluetoothDatabase( 2206): getProfileConnectionPolicy: device XX:XX:XX:XX:D0:A9 profile=PAN, connectionPolicy=-1
09-18 07:58:06.396 V/BluetoothDatabase( 2206): getProfileConnectionPolicy: device XX:XX:XX:XX:D0:A9 profile=HEARING_AID, connectionPolicy=-1
09-18 07:58:06.396 V/BluetoothDatabase( 2206): getProfileConnectionPolicy: device XX:XX:XX:XX:D0:A9 profile=HAP_CLIENT, connectionPolicy=-1
09-18 07:58:06.396 V/BluetoothDatabase( 2206): getProfileConnectionPolicy: device XX:XX:XX:XX:D0:A9 profile=VOLUME_CONTROL, connectionPolicy=-1
09-18 07:58:06.396 V/BluetoothDatabase( 2206): getProfileConnectionPolicy: device XX:XX:XX:XX:D0:A9 profile=CSIP_SET_COORDINATOR, connectionPolicy=-1
09-18 07:58:06.396 V/BluetoothDatabase( 2206): getProfileConnectionPolicy: device XX:XX:XX:XX:D0:A9 profile=LE_AUDIO, connectionPolicy=-1
09-18 07:58:06.396 D/LeAudioService( 2206): XX:XX:XX:XX:D0:A9 connection policy = -1
09-18 07:58:06.400 E/BluetoothRemoteDevices( 2206): RemoteException in calling IBluetoothConnectionCallback
09-18 07:58:06.401 W/ActivityManager( 1449): pid 2206 com.google.android.bluetooth sent binder code 2 with flags 1 to frozen apps and got error -32
09-18 07:58:06.401 D/ActivityManager( 1449): Too many transaction errors, throttling freezer binder callback.
09-18 07:58:06.401 E/BluetoothRemoteDevices( 2206): RemoteException in calling IBluetoothConnectionCallback
09-18 07:58:06.401 W/ActivityManager( 1449): pid 2206 com.google.android.bluetooth sent binder code 2 with flags 1 to frozen apps and got error -32
09-18 07:58:06.401 E/BluetoothRemoteDevices( 2206): RemoteException in calling IBluetoothConnectionCallback
09-18 07:58:06.401 D/ActivityManager( 1449): Too many transaction errors, throttling freezer binder callback.
09-18 07:58:06.401 W/ActivityManager( 1449): pid 2206 com.google.android.bluetooth sent binder code 2 with flags 1 to frozen apps and got error -32
09-18 07:58:06.401 D/ActivityManager( 1449): Too many transaction errors, throttling freezer binder callback.
09-18 07:58:06.401 E/BluetoothRemoteDevices( 2206): RemoteException in calling IBluetoothConnectionCallback
09-18 07:58:06.401 W/ActivityManager( 1449): pid 2206 com.google.android.bluetooth sent binder code 2 with flags 1 to frozen apps and got error -32
09-18 07:58:06.401 D/ActivityManager( 1449): Too many transaction errors, throttling freezer binder callback.
09-18 07:58:06.401 E/BluetoothRemoteDevices( 2206): RemoteException in calling IBluetoothConnectionCallback
09-18 07:58:06.401 W/ActivityManager( 1449): pid 2206 com.google.android.bluetooth sent binder code 2 with flags 1 to frozen apps and got error -32
09-18 07:58:06.401 D/ActivityManager( 1449): Too many transaction errors, throttling freezer binder callback.
09-18 07:58:06.401 E/BluetoothRemoteDevices( 2206): RemoteException in calling IBluetoothConnectionCallback
09-18 07:58:06.401 W/ActivityManager( 1449): pid 2206 com.google.android.bluetooth sent binder code 2 with flags 1 to frozen apps and got error -32
09-18 07:58:06.401 D/ActivityManager( 1449): Too many transaction errors, throttling freezer binder callback.
09-18 07:58:06.401 E/BluetoothRemoteDevices( 2206): RemoteException in calling IBluetoothConnectionCallback
09-18 07:58:06.401 W/ActivityManager( 1449): pid 2206 com.google.android.bluetooth sent binder code 2 with flags 1 to frozen apps and got error -32
09-18 07:58:06.401 D/ActivityManager( 1449): Too many transaction errors, throttling freezer binder callback.
09-18 07:58:06.401 E/BluetoothRemoteDevices( 2206): RemoteException in calling IBluetoothConnectionCallback
09-18 07:58:06.401 W/ActivityManager( 1449): pid 2206 com.google.android.bluetooth sent binder code 2 with flags 1 to frozen apps and got error -32
09-18 07:58:06.401 D/ActivityManager( 1449): Too many transaction errors, throttling freezer binder callback.
09-18 07:58:06.401 E/BluetoothRemoteDevices( 2206): RemoteException in calling IBluetoothConnectionCallback
09-18 07:58:06.402 W/ActivityManager( 1449): pid 2206 com.google.android.bluetooth sent binder code 2 with flags 1 to frozen apps and got error -32
09-18 07:58:06.402 D/ActivityManager( 1449): Too many transaction errors, throttling freezer binder callback.
09-18 07:58:06.402 E/BluetoothRemoteDevices( 2206): RemoteException in calling IBluetoothConnectionCallback
09-18 07:58:06.402 W/ActivityManager( 1449): pid 2206 com.google.android.bluetooth sent binder code 2 with flags 1 to frozen apps and got error -32
09-18 07:58:06.402 D/ActivityManager( 1449): Too many transaction errors, throttling freezer binder callback.
09-18 07:58:06.402 E/BluetoothRemoteDevices( 2206): RemoteException in calling IBluetoothConnectionCallback
09-18 07:58:06.402 W/ActivityManager( 1449): pid 2206 com.google.android.bluetooth sent binder code 2 with flags 1 to frozen apps and got error -32
09-18 07:58:06.402 D/ActivityManager( 1449): Too many transaction errors, throttling freezer binder callback.
09-18 07:58:06.402 I/bt_btif_gattc( 2206): packages/modules/Bluetooth/system/btif/src/btif_gatt_client.cc:360 - btif_gattc_close_impl: client_if=13, conn_id=0, address=xx:xx:xx:xx:d0:a9
09-18 07:58:06.402 E/bt_bta_gattc( 2206): bta_gattc_process_api_open_cancel: No such connection need to be cancelled
09-18 07:58:06.402 E/bt_bta_gattc( 2206): bta_gattc_mark_bg_conn: unable to find the bg connection mask for bd_addr=xx:xx:xx:xx:d0:a9
09-18 07:58:06.402 W/BluetoothEventManager( 1984): AclStateChangedHandler: activeDevice is null
09-18 07:58:06.408 I/BistoBR ( 5424): onReceive
09-18 07:58:06.411 I/CommBcstIntentHandler( 5424): (REDACTED) bluetoothConnectionStateChanged. Action: %s
09-18 07:58:06.418 W/FA      ( 8637): Failed to retrieve Firebase Instance Id
09-18 07:58:06.418 W/Maestro_cqk( 4530): Device 00:07:4D:DD:D0:A9 doesn't have any uuid.
09-18 07:58:06.424 W/Maestro_cqk( 4530): Device 00:07:4D:DD:D0:A9 doesn't have any uuid.
09-18 07:58:06.426 W/FA      ( 8637): Failed to retrieve Firebase Instance Id
09-18 07:58:06.430 I/Nearby  (17809): (REDACTED) is blocked device type %s, isAuto=%s, isIot=%s, isLatchsky=%s, isChinaWearable=%s, isTv=%s, isWearable=%s (supportWearOs=%s), isChromeOsDevice=%s (supportChromeOs=%s)
09-18 07:58:06.433 W/FA      ( 8637): Failed to retrieve Firebase Instance Id
09-18 07:58:06.436 W/FA      ( 8637): Failed to retrieve Firebase Instance Id
09-18 07:58:06.438 I/NearbyDiscovery(17809): (REDACTED) DiscoveryService onStartCommand action: %s
09-18 07:58:06.439 I/NearbyDiscovery(17809): (REDACTED) onAclChange: state=%s, %s
09-18 07:58:06.787 D/AdvertisingIdClient( 9247): AdvertisingIdClient already created.
09-18 07:58:06.793 I/AdvertisingIdClient( 9247): shouldSendLog 1810123598
09-18 07:58:06.793 I/AdvertisingIdClient( 9247): GetInfoInternal elapse 5ms
09-18 07:58:06.858 W/NetworkScheduler(17809): Error inserting flex_time=63000 job_id=-1 period=127000 source=16 requires_charging=0 preferred_network_type=1 target_class=com.google.android.gms.measurement.PackageMeasurementTaskService user_id=0 target_package=com.google.android.gms tag=Measurement.PackageMeasurementTaskService.UPLOAD_TASK_TAG task_type=0 required_idleness_state=0 service_kind=0 source_version=243433000 persistence_level=1 preferred_charging_state=1 required_network_type=0 runtime=1726660686850 retry_strategy={"maximum_backoff_seconds":{"3600":0},"initial_backoff_seconds":{"30":0},"retry_policy":{"0":0}} last_runtime=0 [CONTEXT service_id=218 ]
09-18 07:58:06.858 W/NetworkScheduler(17809): android.database.sqlite.SQLiteConstraintException: UNIQUE constraint failed: pending_ops.tag, pending_ops.target_class, pending_ops.target_package, pending_ops.user_id (code 2067 SQLITE_CONSTRAINT_UNIQUE)
09-18 07:58:06.858 W/NetworkScheduler(17809): 	at android.database.sqlite.SQLiteConnection.nativeExecuteForLastInsertedRowId(Native Method)
09-18 07:58:06.858 W/NetworkScheduler(17809): 	at android.database.sqlite.SQLiteConnection.executeForLastInsertedRowId(SQLiteConnection.java:974)
09-18 07:58:06.858 W/NetworkScheduler(17809): 	at android.database.sqlite.SQLiteSession.executeForLastInsertedRowId(SQLiteSession.java:814)
09-18 07:58:06.858 W/NetworkScheduler(17809): 	at android.database.sqlite.SQLiteStatement.executeInsert(SQLiteStatement.java:89)
09-18 07:58:06.858 W/NetworkScheduler(17809): 	at android.database.sqlite.SQLiteDatabase.insertWithOnConflict(SQLiteDatabase.java:1976)
09-18 07:58:06.858 W/NetworkScheduler(17809): 	at android.database.sqlite.SQLiteDatabase.insertOrThrow(SQLiteDatabase.java:1870)
09-18 07:58:06.858 W/NetworkScheduler(17809): 	at dejz.d(:com.google.android.gms@243433038@24.34.33 (190400-666809342):735)
09-18 07:58:06.858 W/NetworkScheduler(17809): 	at dehl.n(:com.google.android.gms@243433038@24.34.33 (190400-666809342):29)
09-18 07:58:06.858 W/NetworkScheduler(17809): 	at dehl.u(:com.google.android.gms@243433038@24.34.33 (190400-666809342):360)
09-18 07:58:06.858 W/NetworkScheduler(17809): 	at dehl.h(:com.google.android.gms@243433038@24.34.33 (190400-666809342):51)
09-18 07:58:06.858 W/NetworkScheduler(17809): 	at decf.run(:com.google.android.gms@243433038@24.34.33 (190400-666809342):72)
09-18 07:58:06.858 W/NetworkScheduler(17809): 	at amze.c(:com.google.android.gms@243433038@24.34.33 (190400-666809342):50)
09-18 07:58:06.858 W/NetworkScheduler(17809): 	at amze.run(:com.google.android.gms@243433038@24.34.33 (190400-666809342):76)
09-18 07:58:06.858 W/NetworkScheduler(17809): 	at java.util.concurrent.ThreadPoolExecutor.runWorker(ThreadPoolExecutor.java:1145)
09-18 07:58:06.858 W/NetworkScheduler(17809): 	at java.util.concurrent.ThreadPoolExecutor$Worker.run(ThreadPoolExecutor.java:644)
09-18 07:58:06.858 W/NetworkScheduler(17809): 	at aneq.run(:com.google.android.gms@243433038@24.34.33 (190400-666809342):8)
09-18 07:58:06.858 W/NetworkScheduler(17809): 	at java.lang.Thread.run(Thread.java:1012)
09-18 07:58:06.878 W/NetworkScheduler(17809): Error inserting flex_time=63000 job_id=-1 period=127000 source=16 requires_charging=0 preferred_network_type=1 target_class=com.google.android.gms.measurement.PackageMeasurementTaskService user_id=0 target_package=com.google.android.gms tag=Measurement.PackageMeasurementTaskService.UPLOAD_TASK_TAG task_type=0 required_idleness_state=0 service_kind=0 source_version=243433000 persistence_level=1 preferred_charging_state=1 required_network_type=0 runtime=1726660686876 retry_strategy={"maximum_backoff_seconds":{"3600":0},"initial_backoff_seconds":{"30":0},"retry_policy":{"0":0}} last_runtime=0 [CONTEXT service_id=218 ]
09-18 07:58:06.878 W/NetworkScheduler(17809): android.database.sqlite.SQLiteConstraintException: UNIQUE constraint failed: pending_ops.tag, pending_ops.target_class, pending_ops.target_package, pending_ops.user_id (code 2067 SQLITE_CONSTRAINT_UNIQUE)
09-18 07:58:06.878 W/NetworkScheduler(17809): 	at android.database.sqlite.SQLiteConnection.nativeExecuteForLastInsertedRowId(Native Method)
09-18 07:58:06.878 W/NetworkScheduler(17809): 	at android.database.sqlite.SQLiteConnection.executeForLastInsertedRowId(SQLiteConnection.java:974)
09-18 07:58:06.878 W/NetworkScheduler(17809): 	at android.database.sqlite.SQLiteSession.executeForLastInsertedRowId(SQLiteSession.java:814)
09-18 07:58:06.878 W/NetworkScheduler(17809): 	at android.database.sqlite.SQLiteStatement.executeInsert(SQLiteStatement.java:89)
09-18 07:58:06.878 W/NetworkScheduler(17809): 	at android.database.sqlite.SQLiteDatabase.insertWithOnConflict(SQLiteDatabase.java:1976)
09-18 07:58:06.878 W/NetworkScheduler(17809): 	at android.database.sqlite.SQLiteDatabase.insertOrThrow(SQLiteDatabase.java:1870)
09-18 07:58:06.878 W/NetworkScheduler(17809): 	at dejz.d(:com.google.android.gms@243433038@24.34.33 (190400-666809342):735)
09-18 07:58:06.878 W/NetworkScheduler(17809): 	at dehl.n(:com.google.android.gms@243433038@24.34.33 (190400-666809342):29)
09-18 07:58:06.878 W/NetworkScheduler(17809): 	at dehl.u(:com.google.android.gms@243433038@24.34.33 (190400-666809342):360)
09-18 07:58:06.878 W/NetworkScheduler(17809): 	at dehl.h(:com.google.android.gms@243433038@24.34.33 (190400-666809342):51)
09-18 07:58:06.878 W/NetworkScheduler(17809): 	at decf.run(:com.google.android.gms@243433038@24.34.33 (190400-666809342):72)
09-18 07:58:06.878 W/NetworkScheduler(17809): 	at amze.c(:com.google.android.gms@243433038@24.34.33 (190400-666809342):50)
09-18 07:58:06.878 W/NetworkScheduler(17809): 	at amze.run(:com.google.android.gms@243433038@24.34.33 (190400-666809342):76)
09-18 07:58:06.878 W/NetworkScheduler(17809): 	at java.util.concurrent.ThreadPoolExecutor.runWorker(ThreadPoolExecutor.java:1145)
09-18 07:58:06.878 W/NetworkScheduler(17809): 	at java.util.concurrent.ThreadPoolExecutor$Worker.run(ThreadPoolExecutor.java:644)
09-18 07:58:06.878 W/NetworkScheduler(17809): 	at aneq.run(:com.google.android.gms@243433038@24.34.33 (190400-666809342):8)
09-18 07:58:06.878 W/NetworkScheduler(17809): 	at java.lang.Thread.run(Thread.java:1012)
09-18 07:58:06.968 I/WifiHAL (  959): Creating message to get link statistics; iface = 48
09-18 07:58:07.018 I/WifiHAL (  959): In GetLinkStatsCommand::handleResponse
09-18 07:58:07.073 D/ConnectivityService( 1449): NetReassign [no changes] [c 0] [a 1] [i 3]
09-18 07:58:07.371 D/TrafficStats(13579): tagSocket(5) with statsTag=0xffffffff, statsUid=-1
09-18 07:58:07.375 D/TrafficStats(13579): tagSocket(96) with statsTag=0xffffffff, statsUid=-1
09-18 07:58:07.381 D/TrafficStats(13579): tagSocket(97) with statsTag=0xffffffff, statsUid=-1
09-18 07:58:07.387 D/TrafficStats(13579): tagSocket(98) with statsTag=0xffffffff, statsUid=-1
09-18 07:58:07.389 D/TrafficStats(13579): tagSocket(99) with statsTag=0xffffffff, statsUid=-1
09-18 07:58:07.401 D/TrafficStats(13579): tagSocket(100) with statsTag=0xffffffff, statsUid=-1
09-18 07:58:07.872 D/ActivityManager( 1449): freezing 30161 com.google.android.apps.privacy.wildlife
09-18 07:58:07.887 D/InetDiagMessage( 1449): Destroyed 0 sockets, proto=IPPROTO_TCP, family=AF_INET, states=14
09-18 07:58:07.898 D/InetDiagMessage( 1449): Destroyed 0 sockets, proto=IPPROTO_TCP, family=AF_INET6, states=14
09-18 07:58:07.898 D/InetDiagMessage( 1449): Destroyed live tcp sockets for uids={10280} in 20ms
09-18 07:58:07.903 D/BluetoothGatt( 8637): close()
09-18 07:58:07.903 D/BluetoothGatt( 8637): unregisterApp() - mClientIf=13
09-18 07:58:07.911 I/gatt_api( 2206): GATT_Deregister: gatt_if=13
09-18 07:58:08.462 D/TrafficStats(13579): tagSocket(5) with statsTag=0xffffffff, statsUid=-1
09-18 07:58:08.466 D/TrafficStats(13579): tagSocket(96) with statsTag=0xffffffff, statsUid=-1
09-18 07:58:08.483 D/TrafficStats(13579): tagSocket(97) with statsTag=0xffffffff, statsUid=-1
09-18 07:58:08.484 D/TrafficStats(13579): tagSocket(98) with statsTag=0xffffffff, statsUid=-1
09-18 07:58:08.485 D/TrafficStats(13579): tagSocket(99) with statsTag=0xffffffff, statsUid=-1
09-18 07:58:08.486 D/TrafficStats(13579): tagSocket(100) with statsTag=0xffffffff, statsUid=-1
09-18 07:58:09.546 D/TrafficStats(13579): tagSocket(5) with statsTag=0xffffffff, statsUid=-1
09-18 07:58:09.557 D/TrafficStats(13579): tagSocket(96) with statsTag=0xffffffff, statsUid=-1
09-18 07:58:09.566 D/TrafficStats(13579): tagSocket(97) with statsTag=0xffffffff, statsUid=-1
09-18 07:58:09.582 D/TrafficStats(13579): tagSocket(98) with statsTag=0xffffffff, statsUid=-1
09-18 07:58:09.586 D/TrafficStats(13579): tagSocket(99) with statsTag=0xffffffff, statsUid=-1
09-18 07:58:09.589 D/TrafficStats(13579): tagSocket(100) with statsTag=0xffffffff, statsUid=-1
09-18 07:58:09.695 W/System  (13579): A resource failed to call end. 
09-18 07:58:09.695 W/System  (13579): A resource failed to call end. 
09-18 07:58:09.695 W/System  (13579): A resource failed to call end. 
09-18 07:58:09.695 W/System  (13579): A resource failed to call end. 
09-18 07:58:09.695 W/System  (13579): A resource failed to call end. 
09-18 07:58:09.695 W/System  (13579): A resource failed to call end. 
09-18 07:58:09.696 W/System  (13579): A resource failed to call end. 
09-18 07:58:09.696 W/System  (13579): A resource failed to call end. 
09-18 07:58:09.696 W/System  (13579): A resource failed to call end. 
09-18 07:58:09.696 W/System  (13579): A resource failed to call end. 
09-18 07:58:09.696 W/System  (13579): A resource failed to call end. 
09-18 07:58:09.696 W/System  (13579): A resource failed to call end. 
09-18 07:58:09.697 W/System  (13579): A resource failed to call end. 
09-18 07:58:09.697 W/System  (13579): A resource failed to call end. 
09-18 07:58:09.697 W/System  (13579): A resource failed to call end. 
09-18 07:58:09.697 W/System  (13579): A resource failed to call end. 
09-18 07:58:09.697 W/System  (13579): A resource failed to call end. 
09-18 07:58:09.697 W/System  (13579): A resource failed to call end. 
09-18 07:58:09.698 W/System  (13579): A resource failed to call end. 
09-18 07:58:09.699 W/System  (13579): A resource failed to call end. 
09-18 07:58:09.699 W/System  (13579): A resource failed to call end. 
09-18 07:58:09.699 W/System  (13579): A resource failed to call end. 
09-18 07:58:10.065 I/WifiHAL (  959): Creating message to get link statistics; iface = 48
09-18 07:58:10.131 I/WifiHAL (  959): In GetLinkStatsCommand::handleResponse
09-18 07:58:10.206 D/ConnectivityService( 1449): NetReassign [no changes] [c 1] [a 1] [i 15]
09-18 07:58:10.233 I/bthal.activity(  881): bt_power: LeAdvStat: 07:58:09:186 - 07:58:10:232, duration: 1046, le_adv_count: 3, total_le_adv_count: 1468606, total_event_count: 0
09-18 07:58:10.332 I/NearbyMediums(17809): Found Fast Ble Advertisements :
09-18 07:58:10.332 I/NearbyMediums(17809): BleAdvertisement { version=2, socketVersion=2, isFast=true, serviceIdHash=null, data=[ 0x23 0x56 0x53 0x4f 0x58 0x11 0x32 0x80 0x38 0x95 0xf0 0xe2 0xdd 0x6f 0x14 0x35 0x04 0x65 0x4c 0xbe 0x5c 0x93 0xcb ], deviceToken=[ 0x2f 0xc3 ], rxAdvertisement=null } : 1 times.
09-18 07:58:10.332 I/NearbyMediums(17809): BleAdvertisement { version=2, socketVersion=2, isFast=true, serviceIdHash=null, data=[ 0x23 0x4a 0x47 0x48 0x52 0x11 0x32 0x52 0xbf 0x40 0x4c 0xb6 0x51 0x85 0xd1 0xa9 0x96 0x5f 0x15 0x4d 0x92 0xf0 0x1c ], deviceToken=[ 0xb9 0xc2 ], rxAdvertisement=null } : 2 times.
09-18 07:58:10.332 I/NearbyMediums(17809): Total 3 fast advertisements.
09-18 07:58:10.624 I/NearbyMediums(17809): This GATT advertisement BleAdvertisement { version=2, socketVersion=2, isFast=true, serviceIdHash=null, data=[ 0x23 0x48 0x46 0x43 0x33 0x11 0x32 0x19 0x2b 0x37 0x16 0xd5 0xcd 0x1a 0xb3 0x7f 0x10 0xa4 0x3f 0x5e 0xbe 0xe5 0x18 ], deviceToken=[ 0x2f 0xc3 ], rxAdvertisement=null } is a Fast Advertisement and matched UUID 0000fef3-0000-1000-8000-00805f9b34fb in fastAdvertisementServiceUuids map with serviceID NearbySharing
09-18 07:58:10.626 I/NearbyConnections(17809): Found BleAdvertisement [ 0x23 0x48 0x46 0x43 0x33 0x11 0x32 0x19 0x2b 0x37 0x16 0xd5 0xcd 0x1a 0xb3 0x7f 0x10 0xa4 0x3f 0x5e 0xbe 0xe5 0x18 ] (with EndpointId HFC3 and EndpointInfo [ 0x32 0x19 0x2b 0x37 0x16 0xd5 0xcd 0x1a 0xb3 0x7f 0x10 0xa4 0x3f 0x5e 0xbe 0xe5 0x18 ])
09-18 07:58:10.628 I/NearbyConnections(17809): ClientProxy(18057172) reporting onEndpointFound(HFC3)
09-18 07:58:10.628 I/NearbySharing(17809): Endpoint HFC3 discovered over Nearby Connections
09-18 07:58:10.628 I/NearbyConnections(17809): ClientProxy(18057172) reporting onEndpointDistanceChanged(HFC3, UNKNOWN)
09-18 07:58:10.628 I/NearbyConnections(17809): No Bluetooth Classic MAC address found in [ 0x23 0x48 0x46 0x43 0x33 0x11 0x32 0x19 0x2b 0x37 0x16 0xd5 0xcd 0x1a 0xb3 0x7f 0x10 0xa4 0x3f 0x5e 0xbe 0xe5 0x18 ]
09-18 07:58:10.641 I/NearbySharing(17809): Failed to convert given advertisement (HFC3)[ 0x32 0x19 0x2b 0x37 0x16 0xd5 0xcd 0x1a 0xb3 0x7f 0x10 0xa4 0x3f 0x5e 0xbe 0xe5 0x18 ] to share target from discovered advertisement. Ignoring.
09-18 07:58:10.641 I/NearbySharing(17809): Report endpoint HFC3 as lost, since we cannot recognize this endpoint anymore
09-18 07:58:10.642 I/NearbySharing(17809): Ignoring lost endpoint HFC3 because we don't have an associated ShareTarget
09-18 07:58:10.646 D/TrafficStats(13579): tagSocket(5) with statsTag=0xffffffff, statsUid=-1
09-18 07:58:10.649 D/TrafficStats(13579): tagSocket(96) with statsTag=0xffffffff, statsUid=-1
09-18 07:58:10.665 D/TrafficStats(13579): tagSocket(97) with statsTag=0xffffffff, statsUid=-1
09-18 07:58:10.671 D/TrafficStats(13579): tagSocket(98) with statsTag=0xffffffff, statsUid=-1
09-18 07:58:10.676 D/TrafficStats(13579): tagSocket(99) with statsTag=0xffffffff, statsUid=-1
09-18 07:58:10.681 D/TrafficStats(13579): tagSocket(100) with statsTag=0xffffffff, statsUid=-1
09-18 07:58:11.655 I/bthal.activity(  881): bt_power: LeAdvStat: 07:58:10:612 - 07:58:11:654, duration: 1041, le_adv_count: 4, total_le_adv_count: 1468610, total_event_count: 4
09-18 07:58:11.709 D/TrafficStats(13579): tagSocket(5) with statsTag=0xffffffff, statsUid=-1
09-18 07:58:11.745 D/TrafficStats(13579): tagSocket(96) with statsTag=0xffffffff, statsUid=-1
09-18 07:58:11.755 D/TrafficStats(13579): tagSocket(97) with statsTag=0xffffffff, statsUid=-1
09-18 07:58:11.763 D/TrafficStats(13579): tagSocket(98) with statsTag=0xffffffff, statsUid=-1
09-18 07:58:11.778 D/TrafficStats(13579): tagSocket(99) with statsTag=0xffffffff, statsUid=-1
09-18 07:58:11.793 D/TrafficStats(13579): tagSocket(100) with statsTag=0xffffffff, statsUid=-1
09-18 07:58:11.845 D/TrafficStats(13579): tagSocket(5) with statsTag=0xffffffff, statsUid=-1
09-18 07:58:11.849 I/System.out(13579): {"id":"5692f611-10e8-4af7-8349-96fe35eb873f","uri":"poco-uiautomation-framework","method":[["getattr","selector"],["getattr","select"],["call",[["",["and",[["attr=",["name","Open navigation menu"]]]]],["",false]]]],"session_id":"d28e0446-8732-4c2c-bf67-ecb772c401be"}
09-18 07:58:11.884 D/TrafficStats(13579): tagSocket(5) with statsTag=0xffffffff, statsUid=-1
09-18 07:58:11.889 I/System.out(13579): {"id":"6d68cc0b-bdde-456c-9cb5-a0167e6eab1b","uri":"[Lcom.netease.open.libpoco.sdk.AbstractNode;@c303a7d(76c6267f-3371-4446-8c23-04a6f076a79e)","method":[["len",[]]],"session_id":"d28e0446-8732-4c2c-bf67-ecb772c401be"}
09-18 07:58:11.904 D/TrafficStats(13579): tagSocket(5) with statsTag=0xffffffff, statsUid=-1
09-18 07:58:11.909 I/System.out(13579): {"id":"d5a9b287-4c51-45f4-aee5-00e2c353f3fa","uri":"[Lcom.netease.open.libpoco.sdk.AbstractNode;@c303a7d(76c6267f-3371-4446-8c23-04a6f076a79e)","method":[["len",[]]],"session_id":"d28e0446-8732-4c2c-bf67-ecb772c401be"}
09-18 07:58:11.920 D/TrafficStats(13579): tagSocket(5) with statsTag=0xffffffff, statsUid=-1
09-18 07:58:11.925 I/System.out(13579): {"id":"10363589-ab08-4a68-a2b5-0484169e71fa","uri":"poco-uiautomation-framework","method":[["getattr","attributor"],["getattr","getAttr"],["call",[["uri","[Lcom.netease.open.libpoco.sdk.AbstractNode;@c303a7d(76c6267f-3371-4446-8c23-04a6f076a79e)"],["","pos"]]]],"session_id":"d28e0446-8732-4c2c-bf67-ecb772c401be"}
09-18 07:58:11.943 D/TrafficStats(13579): tagSocket(5) with statsTag=0xffffffff, statsUid=-1
09-18 07:58:11.949 I/System.out(13579): {"id":"419335f9-c88b-4aac-aff1-4d701f407b46","uri":"poco-uiautomation-framework","method":[["getattr","attributor"],["getattr","getAttr"],["call",[["uri","[Lcom.netease.open.libpoco.sdk.AbstractNode;@c303a7d(76c6267f-3371-4446-8c23-04a6f076a79e)"],["","size"]]]],"session_id":"d28e0446-8732-4c2c-bf67-ecb772c401be"}
09-18 07:58:11.965 D/TrafficStats(13579): tagSocket(5) with statsTag=0xffffffff, statsUid=-1
09-18 07:58:11.972 I/System.out(13579): {"id":"239e620a-e0be-4596-9792-e716af0093e9","uri":"poco-uiautomation-framework","method":[["getattr","attributor"],["getattr","getAttr"],["call",[["uri","[Lcom.netease.open.libpoco.sdk.AbstractNode;@c303a7d(76c6267f-3371-4446-8c23-04a6f076a79e)"],["","anchorPoint"]]]],"session_id":"d28e0446-8732-4c2c-bf67-ecb772c401be"}
09-18 07:58:12.395 D/AndroidRuntime(14274): >>>>>> START com.android.internal.os.RuntimeInit uid 2000 <<<<<<
09-18 07:58:12.399 I/AndroidRuntime(14274): Using default boot image
09-18 07:58:12.399 I/AndroidRuntime(14274): Leaving lock profiling enabled
09-18 07:58:12.403 I/app_process(14274): Using CollectorTypeCMC GC.
09-18 07:58:12.464 D/nativeloader(14274): InitDefaultPublicLibraries for_preload=1: libandroid.so:libaaudio.so:libamidi.so:libbinder_ndk.so:libc.so:libcamera2ndk.so:libdl.so:libEGL.so:libGLESv1_CM.so:libGLESv2.so:libGLESv3.so:libicu.so:libicui18n.so:libicuuc.so:libjnigraphics.so:liblog.so:libmediandk.so:libm.so:libnativehelper.so:libnativewindow.so:libOpenMAXAL.so:libOpenSLES.so:libRS.so:libstdc++.so:libsync.so:libvulkan.so:libwebviewchromium_plat_support.so:libz.so
09-18 07:58:12.472 D/app_process(14274): Time zone APEX ICU file found: /apex/com.android.tzdata/etc/icu/icu_tzdata.dat
09-18 07:58:12.472 D/app_process(14274): I18n APEX ICU file found: /apex/com.android.i18n/etc/icu/icudt72l.dat
09-18 07:58:12.478 W/ziparchive(14274): Unable to open '/data/local/tmp/rotationwatcher.dm': No such file or directory
09-18 07:58:12.493 D/AndroidRuntime(14274): Calling main entry com.example.rotationwatcher.Main
09-18 07:58:12.813 D/TrafficStats(13579): tagSocket(5) with statsTag=0xffffffff, statsUid=-1
09-18 07:58:12.871 D/TrafficStats(13579): tagSocket(96) with statsTag=0xffffffff, statsUid=-1
09-18 07:58:12.877 D/TrafficStats(13579): tagSocket(97) with statsTag=0xffffffff, statsUid=-1
09-18 07:58:12.902 D/TrafficStats(13579): tagSocket(98) with statsTag=0xffffffff, statsUid=-1
09-18 07:58:12.904 D/TrafficStats(13579): tagSocket(99) with statsTag=0xffffffff, statsUid=-1
09-18 07:58:12.905 D/TrafficStats(13579): tagSocket(101) with statsTag=0xffffffff, statsUid=-1
09-18 07:58:12.974 W/System  (13579): A resource failed to call end. 
09-18 07:58:12.975 W/System  (13579): A resource failed to call end. 
09-18 07:58:12.975 W/System  (13579): A resource failed to call end. 
09-18 07:58:12.975 W/System  (13579): A resource failed to call end. 
09-18 07:58:12.975 W/System  (13579): A resource failed to call end. 
09-18 07:58:12.975 W/System  (13579): A resource failed to call end. 
09-18 07:58:12.975 W/System  (13579): A resource failed to call end. 
09-18 07:58:12.975 W/System  (13579): A resource failed to call end. 
09-18 07:58:12.975 W/System  (13579): A resource failed to call end. 
09-18 07:58:12.976 W/System  (13579): A resource failed to call end. 
09-18 07:58:12.976 W/System  (13579): A resource failed to call end. 
09-18 07:58:12.976 W/System  (13579): A resource failed to call end. 
09-18 07:58:12.976 W/System  (13579): A resource failed to call end. 
09-18 07:58:12.976 W/System  (13579): A resource failed to call end. 
09-18 07:58:12.977 W/System  (13579): A resource failed to call end. 
09-18 07:58:12.977 W/System  (13579): A resource failed to call end. 
09-18 07:58:12.977 W/System  (13579): A resource failed to call end. 
09-18 07:58:12.978 W/System  (13579): A resource failed to call end. 
09-18 07:58:12.980 W/System  (13579): A resource failed to call end. 
09-18 07:58:12.982 W/System  (13579): A resource failed to call end. 
09-18 07:58:12.982 W/System  (13579): A resource failed to call end. 
09-18 07:58:13.049 I/bthal.activity(  881): bt_power: LeAdvStat: 07:58:12:046 - 07:58:13:049, duration: 1002, le_adv_count: 2, total_le_adv_count: 1468612, total_event_count: 2
09-18 07:58:13.186 I/WifiHAL (  959): Creating message to get link statistics; iface = 48
09-18 07:58:13.253 I/WifiHAL (  959): In GetLinkStatsCommand::handleResponse
09-18 07:58:13.293 D/ConnectivityService( 1449): NetReassign [no changes] [c 0] [a 0] [i 2]
09-18 07:58:13.720 D/hwc-display(  564): PrimaryDisplay: edid_property is supported but blob is not valid
09-18 07:58:13.720 D/hwc-display(  564): using Display Fake Edid
09-18 07:58:13.720 D/hwc-display(  564): PrimaryDisplay: edid_property is supported but blob is not valid
09-18 07:58:13.720 D/hwc-display(  564): using Display Fake Edid
09-18 07:58:13.720 W/DisplayIdentification(  562): Invalid EDID: model year or manufacture year cannot be in the range [0x0, 0xf].
09-18 07:58:13.907 D/TrafficStats(13579): tagSocket(5) with statsTag=0xffffffff, statsUid=-1
09-18 07:58:13.976 D/TrafficStats(13579): tagSocket(96) with statsTag=0xffffffff, statsUid=-1
09-18 07:58:13.980 D/TrafficStats(13579): tagSocket(97) with statsTag=0xffffffff, statsUid=-1
09-18 07:58:13.983 D/TrafficStats(13579): tagSocket(98) with statsTag=0xffffffff, statsUid=-1
09-18 07:58:13.996 D/TrafficStats(13579): tagSocket(99) with statsTag=0xffffffff, statsUid=-1
09-18 07:58:14.000 D/TrafficStats(13579): tagSocket(100) with statsTag=0xffffffff, statsUid=-1
09-18 07:58:14.807 D/AndroidRuntime(14328): >>>>>> START com.android.internal.os.RuntimeInit uid 2000 <<<<<<
09-18 07:58:14.812 I/AndroidRuntime(14328): Using default boot image
09-18 07:58:14.812 I/AndroidRuntime(14328): Leaving lock profiling enabled
09-18 07:58:14.815 I/app_process(14328): Using CollectorTypeCMC GC.
09-18 07:58:14.879 D/nativeloader(14328): InitDefaultPublicLibraries for_preload=1: libandroid.so:libaaudio.so:libamidi.so:libbinder_ndk.so:libc.so:libcamera2ndk.so:libdl.so:libEGL.so:libGLESv1_CM.so:libGLESv2.so:libGLESv3.so:libicu.so:libicui18n.so:libicuuc.so:libjnigraphics.so:liblog.so:libmediandk.so:libm.so:libnativehelper.so:libnativewindow.so:libOpenMAXAL.so:libOpenSLES.so:libRS.so:libstdc++.so:libsync.so:libvulkan.so:libwebviewchromium_plat_support.so:libz.so
09-18 07:58:14.888 D/app_process(14328): Time zone APEX ICU file found: /apex/com.android.tzdata/etc/icu/icu_tzdata.dat
09-18 07:58:14.888 D/app_process(14328): I18n APEX ICU file found: /apex/com.android.i18n/etc/icu/icudt72l.dat
09-18 07:58:14.894 W/ziparchive(14328): Unable to open '/data/local/tmp/maxpresent.dm': No such file or directory
09-18 07:58:14.930 D/AndroidRuntime(14328): Calling main entry com.netease.maxpresent.MaxPresent
09-18 07:58:14.965 I/flutter (13836): [2024-09-18 07:58:14.965690] initState #5
09-18 07:58:14.966 I/flutter (13836): [2024-09-18 07:58:14.966167] initState #6
09-18 07:58:15.011 D/TrafficStats(13579): tagSocket(5) with statsTag=0xffffffff, statsUid=-1
09-18 07:58:15.073 D/TrafficStats(13579): tagSocket(5) with statsTag=0xffffffff, statsUid=-1
09-18 07:58:15.080 D/TrafficStats(13579): tagSocket(96) with statsTag=0xffffffff, statsUid=-1
09-18 07:58:15.087 D/TrafficStats(13579): tagSocket(97) with statsTag=0xffffffff, statsUid=-1
09-18 07:58:15.090 D/TrafficStats(13579): tagSocket(98) with statsTag=0xffffffff, statsUid=-1
09-18 07:58:15.092 D/TrafficStats(13579): tagSocket(99) with statsTag=0xffffffff, statsUid=-1
09-18 07:58:15.170 I/flutter (13836): [2024-09-18 07:58:15.170466] Active subscriptions (2)
09-18 07:58:15.630 D/ImpulseConnection( 2221): timeout didn't happen: com.google.android.apps.turbo
09-18 07:58:15.653 I/pixel-thermal( 1630): VIRTUAL-SKIN:28.2085 raw data: VIRTUAL-GNSS-DISP:28208.5 VIRTUAL-NEUTRAL-QUIET:27372.5 VIRTUAL-QUIET-USB2:26438.7 VIRTUAL-SKIN:28208.5 VIRTUAL-USB2-QUIET:25898.5 disp_therm:27832 gnss_tcxo_therm:29257 neutral_therm:28144 quiet_therm:27632 usb_pwr_therm2:27699 
09-18 07:58:15.655 D/TemperatureStateSource( 2221): getDeviceTemperatures: deviceTemperatureType=3 temperatureSource=0 temperatures=[28.2085]
09-18 07:58:15.656 D/BusinessScope( 2221): Start running the #362094 block
09-18 07:58:15.657 D/BusinessScope( 2221): Finish running the #362094 block
09-18 07:58:15.657 D/BusinessScope( 2221): Start running the #362095 block
09-18 07:58:15.657 D/BusinessScope( 2221): Finish running the #362095 block
09-18 07:58:15.772 W/QueryController(13579): Could not detect idle state.
09-18 07:58:15.772 W/QueryController(13579): Could not detect idle state.
09-18 07:58:15.774 W/QueryController(13579): Could not detect idle state.
09-18 07:58:15.779 W/QueryController(13579): Could not detect idle state.
09-18 07:58:15.781 W/QueryController(13579): Could not detect idle state.
09-18 07:58:15.831 W/ProcessStats( 1449): Tracking association SourceState{4cbe64b system/1000 BFgs #1857910} whose proc state 4 is better than process ProcessState{3fe1828 com.google.android.googlequicksearchbox:interactor/10165 pkg=com.google.android.googlequicksearchbox} proc state 14 (121 skipped)
09-18 07:58:16.049 D/TrafficStats(13579): tagSocket(5) with statsTag=0xffffffff, statsUid=-1
09-18 07:58:16.137 I/android.hardware.health-service.gs201(  903): Recording a sample at time 1810462
09-18 07:58:16.155 D/DLObserver( 1984): onReceive(); android.intent.action.BATTERY_CHANGED
09-18 07:58:16.155 D/DLObserver( 1984): plugged=2
09-18 07:58:16.159 I/ReverseChargingControl( 1984): handleIntentForReverseCharging(): rtx=0 wlc=0 plgac=0 ac=0 acrtx=0 extra=2 this=com.google.android.systemui.reversecharging.ReverseChargingController@d087153
09-18 07:58:16.159 D/SystemEventDataSource( 1984): onReceive: intentAction
09-18 07:58:16.159 D/PowerNotificationWarningsGoogleImpl( 1984): onReceive: android.intent.action.BATTERY_CHANGED
09-18 07:58:16.160 D/IncompatibleChargerNotification( 1984): dispatchIntent: android.intent.action.BATTERY_CHANGED
09-18 07:58:16.162 D/PowerUI ( 1984): can't show warning due to - plugged: true status unknown: false
09-18 07:58:16.166 D/GoogleBatteryDataSource( 1984): fetchDwellDefendStatus: ACTIVE
09-18 07:58:16.166 D/GoogleBatteryDataSource( 1984): fetchTempDefendStatus: t_sum=0, time_sum=0 t_avg=0 lst_v=0 lst_t=0 lst_u=0, dt=0, t=0 e=0
09-18 07:58:16.166 D/SystemEventDataSource( 1984): updatedEventData: SystemEventData(intentAction=android.intent.action.BATTERY_CHANGED, plugged=EventData(value=2), batteryScale=EventData(value=100), batteryLevel=EventData(value=80), chargingStatus=EventData(value=4), maxChargingCurrent=EventData(value=3000000), maxChargingVoltage=EventData(value=5000000), batteryStatus=EventData(value=4), halEventData=HalEventData(dockDefendStatus=EventData(value=-3), tempDefendEventData=EventData(value=false), dwellDefendEventData=EventData(value=true)), settingsEventData=SettingsEventData(dockDefenderBypass=EventData(value=0)), frameworkApiEventData=FrameworkApiEventData(batterySaverState=EventData(value=false), extremeBatterySaverState=EventData(value=false)))
09-18 07:58:16.166 D/SystemEventDataSource( 1984): extra doesn't changed, no need to onEventSourceUpdate
09-18 07:58:16.294 I/WifiHAL (  959): Creating message to get link statistics; iface = 48
09-18 07:58:16.355 I/WifiHAL (  959): In GetLinkStatsCommand::handleResponse
09-18 07:58:16.423 D/IwlanDataService( 2649): onCapabilitiesChanged: 171 [ Transports: WIFI Capabilities: NOT_METERED&INTERNET&NOT_RESTRICTED&TRUSTED&NOT_VPN&VALIDATED&NOT_ROAMING&FOREGROUND&NOT_CONGESTED&NOT_SUSPENDED&NOT_VCN_MANAGED LinkUpBandwidth>=12000Kbps LinkDnBandwidth>=60000Kbps TransportInfo: <SSID: <unknown ssid>, BSSID: 02:00:00:00:00:00, MAC: 02:00:00:00:00:00, IP: /10.117.202.136, Security type: 0, Supplicant state: COMPLETED, Wi-Fi standard: 6, RSSI: -65, Link speed: 286Mbps, Tx Link speed: 286Mbps, Max Supported Tx Link speed: 286Mbps, Rx Link speed: 172Mbps, Max Supported Rx Link speed: 286Mbps, Frequency: 5240MHz, Net ID: -1, Metered hint: false, score: 60, isUsable: true, CarrierMerged: false, SubscriptionId: -1, IsPrimary: 1, Trusted: true, Restricted: false, Ephemeral: false, OEM paid: false, OEM private: false, OSU AP: false, FQDN: <none>, Provider friendly name: <none>, Requesting package name: <none><none>MLO Information: , Is TID-To-Link negotiation supported by the AP: false, AP MLD Address: <none>, AP MLO Link Id: <none>, AP MLO Affiliated links: <none>> SignalStrength: -65 AdminUids: [10221] SSID: "ZGuest" UnderlyingNetworks: Null]
09-18 07:58:16.424 D/IwlanDataService( 2649): Network 171 connected using transport WIFI
09-18 07:58:16.424 D/IwlanNetworkStatusTracker( 2733): onCapabilitiesChanged: 171
09-18 07:58:16.424 D/IwlanNetworkStatusTracker( 2733): OnCapability : Wifi Available already true
09-18 07:58:16.425 D/IwlanNetworkService( 2649): onCapabilitiesChanged: 171
09-18 07:58:16.434 D/DeviceStateHelper(19714): Wifi freq: 5240
09-18 07:58:16.439 I/BugleRcsEngine(19053): handleMessage processing message:[NOTIFY_UPTIME_IGNORE_STATE_CHANGED] with [non-null]:RcsEngineImpl reference [CONTEXT log_prefix="RcsEngineImpl[DUAL_REG]:[e87b795b-ace6]>Handler" thread_id=127 ]
09-18 07:58:16.439 I/BugleRcsEngine(19053): Connected state: [1], networkType: [WIFI] [CONTEXT thread_id=122 ]
09-18 07:58:16.443 E/PhoneInterfaceManager( 2403): getCarrierPrivilegeStatusForUid: Invalid subId
09-18 07:58:16.445 I/BugleRcsEngine(19053): RCS Configuration storage in Bugle is disabled by p/h flag, using ProvisioningEngineStateCacheUtil.getProvisioningConfigurationForGivenSimIfExist() [CONTEXT log_prefix="ProvisioningEngineDataRetriever" thread_id=127 ]
09-18 07:58:16.453 D/ConnectivityService( 1449): NetReassign [no changes] [c 0] [a 1] [i 5]
09-18 07:58:16.454 D/ActivityManager( 1449): sync unfroze 30161 com.google.android.apps.privacy.wildlife for 3
09-18 07:58:16.458 I/Wildlife_WildlifeVpnReceiver(30161): ACTION_WIFI_STATE_CHANGED
09-18 07:58:16.475 I/Wildlife_WildlifeVpnManagerImpl(30161): toggleVpnByFeaturePreferences, -1, 1, -1, 1
09-18 07:58:16.475 I/Wildlife_WildlifeVpnManagerImpl(30161): handleFirstTimePromptNotification() Same network. Ignored.
09-18 07:58:16.476 I/Wildlife_WildlifeVpnManagerImpl(30161): restoreSettingsFromBackupIfNecessary() false, false, false
09-18 07:58:16.737 D/TrafficStats(13579): tagSocket(5) with statsTag=0xffffffff, statsUid=-1
09-18 07:58:16.751 I/System.out(13579): {"id":"","uri":"[Lcom.netease.open.libpoco.sdk.AbstractNode;@c303a7d(76c6267f-3371-4446-8c23-04a6f076a79e)","method":[["del",[]]],"session_id":"d28e0446-8732-4c2c-bf67-ecb772c401be"}
09-18 07:58:16.829 D/BoundBrokerSvc( 9247): onUnbind: Intent { act=com.google.android.gms.measurement.START pkg=com.google.android.gms }
09-18 07:58:16.983 D/TrafficStats(13579): tagSocket(5) with statsTag=0xffffffff, statsUid=-1
09-18 07:58:16.996 D/TrafficStats(13579): tagSocket(96) with statsTag=0xffffffff, statsUid=-1
09-18 07:58:17.004 D/TrafficStats(13579): tagSocket(97) with statsTag=0xffffffff, statsUid=-1
09-18 07:58:17.011 D/TrafficStats(13579): tagSocket(98) with statsTag=0xffffffff, statsUid=-1
09-18 07:58:17.022 D/TrafficStats(13579): tagSocket(99) with statsTag=0xffffffff, statsUid=-1
09-18 07:58:17.099 I/bthal.activity(  881): bt_power: LeAdvStat: 07:58:16:097 - 07:58:17:099, duration: 1001, le_adv_count: 2, total_le_adv_count: 1468614, total_event_count: 2
09-18 07:58:17.155 D/TrafficStats(13579): tagSocket(5) with statsTag=0xffffffff, statsUid=-1
09-18 07:58:17.528 I/WifiHAL (  959): Creating message to get link statistics; iface = 48
09-18 07:58:17.552 I/bthal.flowcontrol(  881): HciEventPreProcess: HCI Event 0xe Opcode 0xfd59 Length 22 unhandled by ControllerActivityWatcher
09-18 07:58:17.592 I/WifiHAL (  959): In GetLinkStatsCommand::handleResponse
09-18 07:58:18.073 D/TrafficStats(13579): tagSocket(5) with statsTag=0xffffffff, statsUid=-1
09-18 07:58:18.100 D/TrafficStats(13579): tagSocket(96) with statsTag=0xffffffff, statsUid=-1
09-18 07:58:18.105 D/TrafficStats(13579): tagSocket(97) with statsTag=0xffffffff, statsUid=-1
09-18 07:58:18.110 D/TrafficStats(13579): tagSocket(98) with statsTag=0xffffffff, statsUid=-1
09-18 07:58:18.112 D/TrafficStats(13579): tagSocket(99) with statsTag=0xffffffff, statsUid=-1
09-18 07:58:18.247 I/pen.pocoservice(13579): Background concurrent mark compact GC freed 813326(35MB) AllocSpace objects, 210(11MB) LOS objects, 80% free, 5828KB/29MB, paused 1.343ms,4.873ms total 102.167ms
09-18 07:58:18.247 D/TrafficStats(13579): tagSocket(5) with statsTag=0xffffffff, statsUid=-1
09-18 07:58:18.249 W/System  (13579): A resource failed to call end. 
09-18 07:58:18.249 W/System  (13579): A resource failed to call end. 
09-18 07:58:18.249 W/System  (13579): A resource failed to call end. 
09-18 07:58:18.249 W/System  (13579): A resource failed to call end. 
09-18 07:58:18.250 W/System  (13579): A resource failed to call end. 
09-18 07:58:18.250 W/System  (13579): A resource failed to call end. 
09-18 07:58:18.250 W/System  (13579): A resource failed to call end. 
09-18 07:58:18.250 W/System  (13579): A resource failed to call end. 
09-18 07:58:18.250 W/System  (13579): A resource failed to call end. 
09-18 07:58:18.250 W/System  (13579): A resource failed to call end. 
09-18 07:58:18.251 W/System  (13579): A resource failed to call end. 
09-18 07:58:18.251 W/System  (13579): A resource failed to call end. 
09-18 07:58:18.251 W/System  (13579): A resource failed to call end. 
09-18 07:58:18.257 W/System  (13579): A resource failed to call end. 
09-18 07:58:18.257 W/System  (13579): A resource failed to call end. 
09-18 07:58:18.257 W/System  (13579): A resource failed to call end. 
09-18 07:58:18.258 W/System  (13579): A resource failed to call end. 
09-18 07:58:18.259 W/System  (13579): A resource failed to call end. 
09-18 07:58:18.263 W/System  (13579): A resource failed to call end. 
09-18 07:58:18.266 W/System  (13579): A resource failed to call end. 
09-18 07:58:18.266 W/System  (13579): A resource failed to call end. 
09-18 07:58:18.266 W/System  (13579): A resource failed to call end. 
09-18 07:58:18.267 W/System  (13579): A resource failed to call end. 
09-18 07:58:18.267 W/System  (13579): A resource failed to call end. 
09-18 07:58:18.267 W/System  (13579): A resource failed to call end. 
09-18 07:58:18.533 I/bthal.activity(  881): bt_power: LeAdvStat: 07:58:17:527 - 07:58:18:533, duration: 1006, le_adv_count: 2, total_le_adv_count: 1468616, total_event_count: 3
09-18 07:58:18.594 W/statsd  (  868): StateTracker not found for state atom 805
09-18 07:58:18.594 W/statsd  (  868): StateTracker not found for state atom 854
09-18 07:58:19.215 D/TrafficStats(13579): tagSocket(5) with statsTag=0xffffffff, statsUid=-1
09-18 07:58:19.219 D/TrafficStats(13579): tagSocket(96) with statsTag=0xffffffff, statsUid=-1
09-18 07:58:19.227 D/TrafficStats(13579): tagSocket(97) with statsTag=0xffffffff, statsUid=-1
09-18 07:58:19.229 D/TrafficStats(13579): tagSocket(98) with statsTag=0xffffffff, statsUid=-1
09-18 07:58:19.235 D/TrafficStats(13579): tagSocket(99) with statsTag=0xffffffff, statsUid=-1
09-18 07:58:19.301 D/TrafficStats(13579): tagSocket(5) with statsTag=0xffffffff, statsUid=-1
09-18 07:58:19.417 I/WifiHAL (  959): Creating message to get link statistics; iface = 48
09-18 07:58:19.482 I/WifiHAL (  959): In GetLinkStatsCommand::handleResponse
09-18 07:58:19.535 D/ConnectivityService( 1449): NetReassign [no changes] [c 0] [a 0] [i 4]
09-18 07:58:19.561 I/CHRE    (  894): @ 1810467.608: [ImuCal] [GYRO_RPS] (s0, c0) Offset | Temp [C] | Quality: 0.000240, 0.000439, -.001384 | 26.53 | 4
09-18 07:58:19.562 I/CHRE    (  894): @ 1810467.609: [ImuCal] [GYRO_RPS] (s0) Temp Sensitivity: -.000030, 0.000013, 0.000038
09-18 07:58:19.562 I/CHRE    (  894): @ 1810467.609: [ImuCal] [GYRO_RPS] (s0) Temp Intercept: 0.000987, 0.000098, -.002536
09-18 07:58:19.963 I/bthal.activity(  881): bt_power: LeAdvStat: 07:58:18:959 - 07:58:19:963, duration: 1003, le_adv_count: 2, total_le_adv_count: 1468618, total_event_count: 2
09-18 07:58:20.067 I/BistoHotwordHelper( 5424): (REDACTED) getHotwordActive::active query: %s, watch: %s, devices connected: %s
09-18 07:58:20.275 D/TrafficStats(13579): tagSocket(5) with statsTag=0xffffffff, statsUid=-1
09-18 07:58:20.299 D/TrafficStats(13579): tagSocket(96) with statsTag=0xffffffff, statsUid=-1
09-18 07:58:20.303 D/TrafficStats(13579): tagSocket(97) with statsTag=0xffffffff, statsUid=-1
09-18 07:58:20.307 D/TrafficStats(13579): tagSocket(98) with statsTag=0xffffffff, statsUid=-1
09-18 07:58:20.323 D/TrafficStats(13579): tagSocket(99) with statsTag=0xffffffff, statsUid=-1
09-18 07:58:20.334 I/NearbyMediums(17809): Found Fast Ble Advertisements :
09-18 07:58:20.334 I/NearbyMediums(17809): BleAdvertisement { version=2, socketVersion=2, isFast=true, serviceIdHash=null, data=[ 0x23 0x4a 0x47 0x48 0x52 0x11 0x32 0x52 0xbf 0x40 0x4c 0xb6 0x51 0x85 0xd1 0xa9 0x96 0x5f 0x15 0x4d 0x92 0xf0 0x1c ], deviceToken=[ 0xb9 0xc2 ], rxAdvertisement=null } : 4 times.
09-18 07:58:20.334 I/NearbyMediums(17809): BleAdvertisement { version=2, socketVersion=2, isFast=true, serviceIdHash=null, data=[ 0x23 0x48 0x46 0x43 0x33 0x11 0x32 0x19 0x2b 0x37 0x16 0xd5 0xcd 0x1a 0xb3 0x7f 0x10 0xa4 0x3f 0x5e 0xbe 0xe5 0x18 ], deviceToken=[ 0x2f 0xc3 ], rxAdvertisement=null } : 1 times.
09-18 07:58:20.334 I/NearbyMediums(17809): Total 5 fast advertisements.
09-18 07:58:20.336 I/NearbyConnections(17809): Processing lost BlePeripheral BlePeripheral{advertisement=BleAdvertisement { version=2, socketVersion=2, isFast=true, serviceIdHash=null, data=[ 0x23 0x56 0x53 0x4f 0x58 0x11 0x32 0x80 0x38 0x95 0xf0 0xe2 0xdd 0x6f 0x14 0x35 0x04 0x65 0x4c 0xbe 0x5c 0x93 0xcb ], deviceToken=[ 0x2f 0xc3 ], rxAdvertisement=null }, address=null, psm=0, deviceToken=<ByteString@1d7679d size=2 contents="/\303">, isSecondProfile=false, rxInstantConnectionAdv=null}.
09-18 07:58:20.364 D/TrafficStats(13579): tagSocket(100) with statsTag=0xffffffff, statsUid=-1
09-18 07:58:21.388 I/bthal.activity(  881): bt_power: LeAdvStat: 07:58:20:385 - 07:58:21:387, duration: 1002, le_adv_count: 2, total_le_adv_count: 1468620, total_event_count: 2
09-18 07:58:21.401 D/TrafficStats(13579): tagSocket(5) with statsTag=0xffffffff, statsUid=-1
09-18 07:58:21.408 D/TrafficStats(13579): tagSocket(96) with statsTag=0xffffffff, statsUid=-1
09-18 07:58:21.415 D/TrafficStats(13579): tagSocket(97) with statsTag=0xffffffff, statsUid=-1
09-18 07:58:21.428 D/TrafficStats(13579): tagSocket(98) with statsTag=0xffffffff, statsUid=-1
09-18 07:58:21.437 D/TrafficStats(13579): tagSocket(99) with statsTag=0xffffffff, statsUid=-1
09-18 07:58:21.445 D/TrafficStats(13579): tagSocket(100) with statsTag=0xffffffff, statsUid=-1
09-18 07:58:21.530 W/System  (13579): A resource failed to call end. 
09-18 07:58:21.530 W/System  (13579): A resource failed to call end. 
09-18 07:58:21.530 W/System  (13579): A resource failed to call end. 
09-18 07:58:21.530 W/System  (13579): A resource failed to call end. 
09-18 07:58:21.530 W/System  (13579): A resource failed to call end. 
09-18 07:58:21.531 W/System  (13579): A resource failed to call end. 
09-18 07:58:21.531 W/System  (13579): A resource failed to call end. 
09-18 07:58:21.531 W/System  (13579): A resource failed to call end. 
09-18 07:58:21.531 W/System  (13579): A resource failed to call end. 
09-18 07:58:21.531 W/System  (13579): A resource failed to call end. 
09-18 07:58:21.531 W/System  (13579): A resource failed to call end. 
09-18 07:58:21.531 W/System  (13579): A resource failed to call end. 
09-18 07:58:21.531 W/System  (13579): A resource failed to call end. 
09-18 07:58:21.531 W/System  (13579): A resource failed to call end. 
09-18 07:58:21.532 W/System  (13579): A resource failed to call end. 
09-18 07:58:21.532 W/System  (13579): A resource failed to call end. 
09-18 07:58:21.532 W/System  (13579): A resource failed to call end. 
09-18 07:58:21.532 W/System  (13579): A resource failed to call end. 
09-18 07:58:21.770 D/TrafficStats(13579): tagSocket(5) with statsTag=0xffffffff, statsUid=-1
09-18 07:58:21.785 I/System.out(13579): {"id":"937265c9-7e5e-4be9-bd35-e09d0729a674","uri":"poco-uiautomation-framework","method":[["getattr","selector"],["getattr","select"],["call",[["",["and",[["attr=",["name","My Data"]]]]],["",false]]]],"session_id":"d28e0446-8732-4c2c-bf67-ecb772c401be"}
09-18 07:58:21.858 D/TrafficStats(13579): tagSocket(5) with statsTag=0xffffffff, statsUid=-1
09-18 07:58:21.865 I/System.out(13579): {"id":"9cb4c7b1-7ce8-456a-8eee-75d57bbccedc","uri":"[Lcom.netease.open.libpoco.sdk.AbstractNode;@526bda(356d3602-b0fd-4849-ba30-c9d949ebfd5e)","method":[["len",[]]],"session_id":"d28e0446-8732-4c2c-bf67-ecb772c401be"}
09-18 07:58:21.882 D/TrafficStats(13579): tagSocket(5) with statsTag=0xffffffff, statsUid=-1
09-18 07:58:21.888 I/System.out(13579): {"id":"9147527d-6d71-4fea-be98-dd03eb88b658","uri":"[Lcom.netease.open.libpoco.sdk.AbstractNode;@526bda(356d3602-b0fd-4849-ba30-c9d949ebfd5e)","method":[["len",[]]],"session_id":"d28e0446-8732-4c2c-bf67-ecb772c401be"}
09-18 07:58:21.903 D/TrafficStats(13579): tagSocket(5) with statsTag=0xffffffff, statsUid=-1
