09-18 07:57:43.576 D/EuiccConnector( 2403): moveTempStackToStateStack: i=0,j=0
09-18 07:57:43.576 D/EuiccConnector( 2403): moveTempStackToStateStack: X mStateStackTop=0,startingIndex=0,Top=DisconnectedState
09-18 07:57:43.576 D/EuiccConnector( 2403): invokeEnterMethods: DisconnectedState
09-18 07:57:43.576 D/EuiccConnector( 2403): handleMessage: X
09-18 07:57:43.576 D/EuiccConnector( 2403): handleMessage: E msg.what=103
09-18 07:57:43.576 D/EuiccConnector( 2403): processMsg: DisconnectedState
09-18 07:57:43.576 D/EuiccConnector( 2403): deferMessage: msg=103
09-18 07:57:43.576 D/EuiccConnector( 2403): handleMessage: X
09-18 07:57:43.576 V/WindowManagerShell( 1984): loadAnimation: anim=android.view.animation.AnimationSet@79c7cc1 animAttr=0x11 type=CLOSE isEntrance=false
09-18 07:57:43.577 V/WindowManagerShell( 1984):  animated by com.android.wm.shell.transition.DefaultTransitionHandler@d99390d
09-18 07:57:43.579 I/RegisteredServicesCache( 3024): New Services => 
09-18 07:57:43.579 I/RegisteredServicesCache( 3024): Removed Services => 
09-18 07:57:43.580 D/SecureElementService( 2329): getReaders() for com.android.nfc
09-18 07:57:43.582 I/SecureElement-Terminal-SIM2( 2329): isNfcEventAllowed: No access rules for checking.
09-18 07:57:43.583 D/QuickstepModelDelegate(21117): notifyAppTargetEvent action=1 launchLocation=workspace/0/[-1,-1]/[1,1]
09-18 07:57:43.584 V/WindowManager( 1449): Sent Transition (#4453) createdAt=09-18 07:57:43.517 via request=TransitionRequestInfo { type = CLOSE, triggerTask = TaskInfo{userId=0 taskId=1682 displayId=0 isRunning=false baseIntent=Intent { act=android.intent.action.MAIN cat=[android.intent.category.LAUNCHER] flg=0x10200000 cmp=com.zebra.soho_app/.MainActivity } baseActivity=null topActivity=null origActivity=null realActivity=ComponentInfo{com.zebra.soho_app/com.zebra.soho_app.MainActivity} numActivities=0 lastActiveTime=1810412467 supportsMultiWindow=true resizeMode=1 isResizeable=true minWidth=-1 minHeight=-1 defaultMinSize=220 token=WCT{RemoteToken{95829a6 Task{a27e0cc #1682 type=standard A=10366:com.zebra.soho_app}}} topActivityType=1 pictureInPictureParams=null shouldDockBigOverlays=false launchIntoPipHostTaskId=-1 lastParentTaskIdBeforePip=-1 displayCutoutSafeInsets=Rect(0, 108 - 0, 0) topActivityInfo=null launchCookies=[] positionInParent=Point(0, 0) parentTaskId=-1 isFocused=true isVisible=true isVisibleRequested=true isSleeping=false locusId=null displayAreaFeatureId=1 isTopActivityTransparent=false appCompatTaskInfo=AppCompatTaskInfo { topActivityInSizeCompat=false topActivityEligibleForLetterboxEducation= false isLetterboxDoubleTapEnabled= false topActivityEligibleForUserAspectRatioButton= false topActivityBoundsLetterboxed= false isFromLetterboxDoubleTap= false topActivityLetterboxVerticalPosition= -1 topActivityLetterboxHorizontalPosition= -1 topActivityLetterboxWidth=-1 topActivityLetterboxHeight=-1 isUserFullscreenOverrideEnabled=false isSystemFullscreenOverrideEnabled=false cameraCompatControlState=hidden}}, pipTask = null, remoteTransition = null, displayChange = null, flags = 0, debugId = 4453 }
09-18 07:57:43.584 V/WindowManager( 1449):     startWCT=WindowContainerTransaction { changes = {} hops = [] errorCallbackToken=null taskFragmentOrganizer=null }
09-18 07:57:43.584 V/WindowManager( 1449):     info={id=4453 t=CLOSE f=0x0 trk=0 r=[0@Point(0, 0)] c=[
09-18 07:57:43.584 V/WindowManager( 1449):         {WCT{RemoteToken{95829a6 Task{a27e0cc #1682 type=standard A=10366:com.zebra.soho_app}}} m=CLOSE f=NONE leash=Surface(name=Task=1682)/@0x23284e8 sb=Rect(0, 0 - 1080, 2340) eb=Rect(0, 0 - 1080, 2340) d=0},
09-18 07:57:43.584 V/WindowManager( 1449):         {WCT{RemoteToken{e6c322c Task{17ef99a #7 type=undefined}}} m=TO_FRONT f=SHOW_WALLPAPER leash=Surface(name=Task=7)/@0x9abbc7e sb=Rect(0, 0 - 1080, 2340) eb=Rect(0, 0 - 1080, 2340) d=0},
09-18 07:57:43.584 V/WindowManager( 1449):         {null m=TO_FRONT f=IS_WALLPAPER leash=Surface(name=WallpaperWindowToken{8b7bce3 token=android.os.Binder@1648d12})/@0xd81d104 sb=Rect(0, 0 - 1080, 2340) eb=Rect(0, 0 - 1080, 2340) d=0}
09-18 07:57:43.584 V/WindowManager( 1449):     ]}
09-18 07:57:43.584 D/QuickstepLauncher(21117): Bind extra container items. ContainerId = -111
09-18 07:57:43.585 D/SsBaseTemplateCard(21117): No text view can be set up
09-18 07:57:43.586 I/SsBaseTemplateCard(21117): setFormattedContentDescription: text=30C, iconDescription=Partly cloudy, contentDescription=Partly cloudy, 30C
09-18 07:57:43.586 D/SsBaseTemplateCard(21117): Passed-in item info is null
09-18 07:57:43.587 I/SsBaseTemplateCard(21117): Secondary card pane is null
09-18 07:57:43.588 V/WindowManager( 1449): Loading animations: layout params pkg=com.google.android.apps.nexuslauncher resId=0x10302fc
09-18 07:57:43.588 V/WindowManager( 1449): Loading animations: picked package=android
09-18 07:57:43.589 W/UserManagerService( 1449): Requested status bar icon for non-badged user 0
09-18 07:57:43.597 D/TrafficStats(13579): tagSocket(5) with statsTag=0xffffffff, statsUid=-1
09-18 07:57:43.598 D/BoundBrokerSvc( 9247): onBind: Intent { act=com.google.android.gms.inappreach.service.START dat=chimera-action:/... cmp=com.google.android.gms/.chimera.GmsApiService }
09-18 07:57:43.598 D/BoundBrokerSvc( 9247): Loading bound service for intent: Intent { act=com.google.android.gms.inappreach.service.START dat=chimera-action:/... cmp=com.google.android.gms/.chimera.GmsApiService }
09-18 07:57:43.598 I/ImeTracker( 1449): com.google.android.apps.nexuslauncher:ce92f740: onRequestHide at ORIGIN_SERVER reason HIDE_UNSPECIFIED_WINDOW fromUser false
09-18 07:57:43.598 I/ImeTracker( 1449): com.google.android.apps.nexuslauncher:ce92f740: onCancelled at PHASE_SERVER_SHOULD_HIDE
09-18 07:57:43.607 D/TrafficStats(17761): tagSocket(98) with statsTag=0xffffffff, statsUid=-1
09-18 07:57:43.608 I/EuiccGoogle(23281): [2] NetworkFetcher.getFirstActiveEuiccSlotId: isRemovableEsimDefault: false
09-18 07:57:43.609 E/NIO     (17761): wtf
09-18 07:57:43.609 E/NIO     (17761): java.net.BindException: Address already in use
09-18 07:57:43.609 E/NIO     (17761): 	at sun.nio.ch.Net.bind0(Native Method)
09-18 07:57:43.609 E/NIO     (17761): 	at sun.nio.ch.Net.bind(Net.java:442)
09-18 07:57:43.609 E/NIO     (17761): 	at sun.nio.ch.Net.bind(Net.java:434)
09-18 07:57:43.609 E/NIO     (17761): 	at sun.nio.ch.ServerSocketChannelImpl.bind(ServerSocketChannelImpl.java:223)
09-18 07:57:43.609 E/NIO     (17761): 	at sun.nio.ch.ServerSocketAdaptor.bind(ServerSocketAdaptor.java:74)
09-18 07:57:43.609 E/NIO     (17761): 	at sun.nio.ch.ServerSocketAdaptor.bind(ServerSocketAdaptor.java:67)
09-18 07:57:43.609 E/NIO     (17761): 	at com.koushikdutta.async.AsyncServer$5.run(AsyncServer.java:316)
09-18 07:57:43.609 E/NIO     (17761): 	at com.koushikdutta.async.AsyncServer$3.run(AsyncServer.java:211)
09-18 07:57:43.609 E/NIO     (17761): 	at com.koushikdutta.async.AsyncServer.lockAndRunQueue(AsyncServer.java:740)
09-18 07:57:43.609 E/NIO     (17761): 	at com.koushikdutta.async.AsyncServer.runLoop(AsyncServer.java:758)
09-18 07:57:43.609 E/NIO     (17761): 	at com.koushikdutta.async.AsyncServer.run(AsyncServer.java:658)
09-18 07:57:43.609 E/NIO     (17761): 	at com.koushikdutta.async.AsyncServer.access$800(AsyncServer.java:44)
09-18 07:57:43.609 E/NIO     (17761): 	at com.koushikdutta.async.AsyncServer$14.run(AsyncServer.java:600)
09-18 07:57:43.609 I/EuiccGoogle(23281): [2] EuiccServiceImpl.onCreate: onCreate DSDS mode: simCardState is 11
09-18 07:57:43.609 I/EuiccGoogle(23281): [2] Partner.getResourceEntry$ar$ds$ar$class_merging$ar$class_merging: Partner app=com.google.android.euiccoverlay, Resource name=esim_supported_countries, type=string, partnerResId = 0
09-18 07:57:43.609 I/EuiccGoogle(23281): [2] Partner.getResourceEntry$ar$ds$ar$class_merging$ar$class_merging: Partner app=com.google.android.euiccoverlay, Resource name=esim_unsupported_countries, type=string, partnerResId = 2131689520
09-18 07:57:43.616 D/EuiccConnector( 2403): handleMessage: E msg.what=4
09-18 07:57:43.616 D/EuiccConnector( 2403): processMsg: DisconnectedState
09-18 07:57:43.616 D/EuiccConnector( 2403): transitionTo: destState=ConnectedState
09-18 07:57:43.616 D/EuiccConnector( 2403): handleMessage: new destination call exit/enter
09-18 07:57:43.616 D/EuiccConnector( 2403): setupTempStateStackWithStatesToEnter: X mTempStateStackCount=1,curStateInfo: state=DisconnectedState,active=true,parent=null
09-18 07:57:43.616 D/EuiccConnector( 2403): moveTempStackToStateStack: i=0,j=1
09-18 07:57:43.616 D/EuiccConnector( 2403): moveTempStackToStateStack: X mStateStackTop=1,startingIndex=1,Top=ConnectedState
09-18 07:57:43.616 D/EuiccConnector( 2403): invokeEnterMethods: ConnectedState
09-18 07:57:43.616 D/EuiccConnector( 2403): moveDeferredMessageAtFrontOfQueue; what=103
09-18 07:57:43.616 D/EuiccConnector( 2403): handleMessage: X
09-18 07:57:43.616 D/EuiccConnector( 2403): handleMessage: E msg.what=103
09-18 07:57:43.616 D/EuiccConnector( 2403): processMsg: ConnectedState
09-18 07:57:43.617 D/EuiccConnector( 2403): handleMessage: X
09-18 07:57:43.621 W/getWindowRoots(13579): Skipping null root node for window: AccessibilityWindowInfo[title=ZSB Series, displayId=0, id=5449, taskId=1682, type=TYPE_APPLICATION, layer=0, region=SkRegion((0,0,1080,2340)), bounds=Rect(0, 0 - 1080, 2340), focused=true, active=true, pictureInPicture=false, transitionTime=1810412879, hasParent=false, isAnchored=false, hasChildren=false]
09-18 07:57:43.623 I/EuiccGoogle(23281): [2010] EuiccServiceImpl.onGetEuiccProfileInfoList: onGetEuiccProfileInfoList: slotId = 0
09-18 07:57:43.626 I/EuiccGoogle(23281): [2010] EuiccServiceImpl.onGetEuiccProfileInfoList: slotId = 0, isRemovable = false
09-18 07:57:43.626 I/EuiccGoogle(23281): [2010] EuiccServiceImpl.onGetEuiccProfileInfoList: onGetEuiccProfileInfoList: isRemovable = false.
09-18 07:57:43.626 I/EuiccGoogle(23281): [2010] EuiccServiceImpl.onGetEuiccProfileInfoList: getSimCardState for slotId: 0
09-18 07:57:43.630 I/GmsCoreXrpcWrapper( 9247): (REDACTED) Returning a channel provider with trafficStatsTag=%d trafficStatsUid=%d
09-18 07:57:43.630 I/EuiccGoogle(23281): [2010] EuiccServiceImpl.onGetEuiccProfileInfoList: GetEuiccProfileInfoListResult: simCardState :11and simCardStateAtTelephony:11 for slot:0
09-18 07:57:43.630 I/EuiccGoogle(23281): [2010] EuiccServiceImpl.getProfileInfoList: getProfileInfoList: slotId = 0.
09-18 07:57:43.630 I/EuiccGoogle(23281): [2010] EuiccServiceImpl.getEidFromSlotId: getEidFromSlotId: slotId = 0.
09-18 07:57:43.630 I/EuiccGoogle(23281): [2010] NetworkFetcher.getEidForSlot: getEidForSlot: 0
09-18 07:57:43.633 I/EuiccGoogle(23281): [2010] BlockingEuiccCardManager.requestAllProfiles: requestAllProfiles: cardId = [OQEUHFB2NrdLZszPIj0U7I1kjXc]
09-18 07:57:43.645 E/AuthPII (17809): [RequestTokenManager] getToken() -> BAD_AUTHENTICATION. App: com.google.android.gms, Service: oauth2:https://www.googleapis.com/auth/notifications 
09-18 07:57:43.645 E/AuthPII (17809): alwj: Long live credential not available.
09-18 07:57:43.645 E/AuthPII (17809): 	at ttb.a(:com.google.android.gms@243433038@24.34.33 (190400-666809342):998)
09-18 07:57:43.645 E/AuthPII (17809): 	at tth.b(:com.google.android.gms@243433038@24.34.33 (190400-666809342):28)
09-18 07:57:43.645 E/AuthPII (17809): 	at ttf.a(:com.google.android.gms@243433038@24.34.33 (190400-666809342):605)
09-18 07:57:43.645 E/AuthPII (17809): 	at tte.b(:com.google.android.gms@243433038@24.34.33 (190400-666809342):94)
09-18 07:57:43.645 E/AuthPII (17809): 	at nvq.d(:com.google.android.gms@243433038@24.34.33 (190400-666809342):224)
09-18 07:57:43.645 E/AuthPII (17809): 	at nvq.h(:com.google.android.gms@243433038@24.34.33 (190400-666809342):2)
09-18 07:57:43.645 E/AuthPII (17809): 	at nvq.fr(:com.google.android.gms@243433038@24.34.33 (190400-666809342):147)
09-18 07:57:43.645 E/AuthPII (17809): 	at nqj.onTransact(:com.google.android.gms@243433038@24.34.33 (190400-666809342):97)
09-18 07:57:43.645 E/AuthPII (17809): 	at android.os.Binder.transact(Binder.java:1345)
09-18 07:57:43.645 E/AuthPII (17809): 	at bjtl.onTransact(:com.google.android.gms@243433038@24.34.33 (190400-666809342):10)
09-18 07:57:43.645 E/AuthPII (17809): 	at android.os.Binder.transact(Binder.java:1345)
09-18 07:57:43.645 E/AuthPII (17809): 	at bbdu.onTransact(:com.google.android.gms@243433038@24.34.33 (190400-666809342):148)
09-18 07:57:43.645 E/AuthPII (17809): 	at android.os.Binder.execTransactInternal(Binder.java:1505)
09-18 07:57:43.645 E/AuthPII (17809): 	at android.os.Binder.execTransact(Binder.java:1444)
09-18 07:57:43.645 E/AuthPII (17809): Message is Long live credential not available.
09-18 07:57:43.645 E/AuthPII (17809): alwj: Long live credential not available.
09-18 07:57:43.645 E/AuthPII (17809): 	at ttb.a(:com.google.android.gms@243433038@24.34.33 (190400-666809342):998)
09-18 07:57:43.645 E/AuthPII (17809): 	at tth.b(:com.google.android.gms@243433038@24.34.33 (190400-666809342):28)
09-18 07:57:43.645 E/AuthPII (17809): 	at ttf.a(:com.google.android.gms@243433038@24.34.33 (190400-666809342):605)
09-18 07:57:43.645 E/AuthPII (17809): 	at tte.b(:com.google.android.gms@243433038@24.34.33 (190400-666809342):94)
09-18 07:57:43.645 E/AuthPII (17809): 	at nvq.d(:com.google.android.gms@243433038@24.34.33 (190400-666809342):224)
09-18 07:57:43.645 E/AuthPII (17809): 	at nvq.h(:com.google.android.gms@243433038@24.34.33 (190400-666809342):2)
09-18 07:57:43.645 E/AuthPII (17809): 	at nvq.fr(:com.google.android.gms@243433038@24.34.33 (190400-666809342):147)
09-18 07:57:43.645 E/AuthPII (17809): 	at nqj.onTransact(:com.google.android.gms@243433038@24.34.33 (190400-666809342):97)
09-18 07:57:43.645 E/AuthPII (17809): 	at android.os.Binder.transact(Binder.java:1345)
09-18 07:57:43.645 E/AuthPII (17809): 	at bjtl.onTransact(:com.google.android.gms@243433038@24.34.33 (190400-666809342):10)
09-18 07:57:43.645 E/AuthPII (17809): 	at android.os.Binder.transact(Binder.java:1345)
09-18 07:57:43.645 E/AuthPII (17809): 	at bbdu.onTransact(:com.google.android.gms@243433038@24.34.33 (190400-666809342):148)
09-18 07:57:43.645 E/AuthPII (17809): 	at android.os.Binder.execTransactInternal(Binder.java:1505)
09-18 07:57:43.645 E/AuthPII (17809): 	at android.os.Binder.execTransact(Binder.java:1444)
09-18 07:57:43.645 W/Auth    (17809): [GetToken] GetToken failed with status code: BadAuthentication  [CONTEXT service_id=343 ]
09-18 07:57:43.651 I/WindowManager( 1449): WIN DEATH: Window{2dd7dc4 u0 com.zebra.soho_app/com.zebra.soho_app.MainActivity}
09-18 07:57:43.652 W/InputManager-JNI( 1449): Input channel object '2dd7dc4 com.zebra.soho_app/com.zebra.soho_app.MainActivity (client)' was disposed without first being removed with the input manager!
09-18 07:57:43.652 V/WindowManager( 1449): Loading animations: layout params pkg=com.zebra.soho_app resId=0x1030001
09-18 07:57:43.652 V/WindowManager( 1449): Loading animations: picked package=android
09-18 07:57:43.653 I/libprocessgroup( 1449): Removed cgroup /sys/fs/cgroup/uid_10366/pid_12857
09-18 07:57:43.653 W/ActivityManager( 1449): setHasOverlayUi called on unknown pid: 12857
09-18 07:57:43.653 I/Zygote  (  870): Process 12857 exited due to signal 9 (Killed)
09-18 07:57:43.654 V/ActivityManager( 1449): Got obituary of 12857:com.zebra.soho_app
09-18 07:57:43.654 D/ConnectivityService( 1449): releasing NetworkRequest [ REQUEST id=15257, [ Capabilities: INTERNET&NOT_RESTRICTED&TRUSTED&NOT_VCN_MANAGED Uid: 10366 RequestorUid: 10366 RequestorPkg: com.zebra.soho_app UnderlyingNetworks: Null] ] (release request)
09-18 07:57:43.660 W/Auth    ( 9247): [GoogleAuthUtil] [GoogleAuthUtil] error status:BAD_AUTHENTICATION with method:getTokenWithDetails
09-18 07:57:43.665 E/AuthPII (17809): [RequestTokenManager] getToken() -> BAD_AUTHENTICATION. App: com.google.android.gms, Service: oauth2:https://www.googleapis.com/auth/notifications 
09-18 07:57:43.665 E/AuthPII (17809): alwj: Long live credential not available.
09-18 07:57:43.665 E/AuthPII (17809): 	at ttb.a(:com.google.android.gms@243433038@24.34.33 (190400-666809342):998)
09-18 07:57:43.665 E/AuthPII (17809): 	at tth.b(:com.google.android.gms@243433038@24.34.33 (190400-666809342):28)
09-18 07:57:43.665 E/AuthPII (17809): 	at ttf.a(:com.google.android.gms@243433038@24.34.33 (190400-666809342):605)
09-18 07:57:43.665 E/AuthPII (17809): 	at tte.b(:com.google.android.gms@243433038@24.34.33 (190400-666809342):94)
09-18 07:57:43.665 E/AuthPII (17809): 	at nvq.d(:com.google.android.gms@243433038@24.34.33 (190400-666809342):224)
09-18 07:57:43.665 E/AuthPII (17809): 	at nvq.h(:com.google.android.gms@243433038@24.34.33 (190400-666809342):2)
09-18 07:57:43.665 E/AuthPII (17809): 	at nvq.fr(:com.google.android.gms@243433038@24.34.33 (190400-666809342):147)
09-18 07:57:43.665 E/AuthPII (17809): 	at nqj.onTransact(:com.google.android.gms@243433038@24.34.33 (190400-666809342):97)
09-18 07:57:43.665 E/AuthPII (17809): 	at android.os.Binder.transact(Binder.java:1345)
09-18 07:57:43.665 E/AuthPII (17809): 	at bjtl.onTransact(:com.google.android.gms@243433038@24.34.33 (190400-666809342):10)
09-18 07:57:43.665 E/AuthPII (17809): 	at android.os.Binder.transact(Binder.java:1345)
09-18 07:57:43.665 E/AuthPII (17809): 	at bbdu.onTransact(:com.google.android.gms@243433038@24.34.33 (190400-666809342):148)
09-18 07:57:43.665 E/AuthPII (17809): 	at android.os.Binder.execTransactInternal(Binder.java:1505)
09-18 07:57:43.665 E/AuthPII (17809): 	at android.os.Binder.execTransact(Binder.java:1444)
09-18 07:57:43.665 E/AuthPII (17809): Message is Long live credential not available.
09-18 07:57:43.665 E/AuthPII (17809): alwj: Long live credential not available.
09-18 07:57:43.665 E/AuthPII (17809): 	at ttb.a(:com.google.android.gms@243433038@24.34.33 (190400-666809342):998)
09-18 07:57:43.665 E/AuthPII (17809): 	at tth.b(:com.google.android.gms@243433038@24.34.33 (190400-666809342):28)
09-18 07:57:43.665 E/AuthPII (17809): 	at ttf.a(:com.google.android.gms@243433038@24.34.33 (190400-666809342):605)
09-18 07:57:43.665 E/AuthPII (17809): 	at tte.b(:com.google.android.gms@243433038@24.34.33 (190400-666809342):94)
09-18 07:57:43.665 E/AuthPII (17809): 	at nvq.d(:com.google.android.gms@243433038@24.34.33 (190400-666809342):224)
09-18 07:57:43.665 E/AuthPII (17809): 	at nvq.h(:com.google.android.gms@243433038@24.34.33 (190400-666809342):2)
09-18 07:57:43.665 E/AuthPII (17809): 	at nvq.fr(:com.google.android.gms@243433038@24.34.33 (190400-666809342):147)
09-18 07:57:43.665 E/AuthPII (17809): 	at nqj.onTransact(:com.google.android.gms@243433038@24.34.33 (190400-666809342):97)
09-18 07:57:43.665 E/AuthPII (17809): 	at android.os.Binder.transact(Binder.java:1345)
09-18 07:57:43.665 E/AuthPII (17809): 	at bjtl.onTransact(:com.google.android.gms@243433038@24.34.33 (190400-666809342):10)
09-18 07:57:43.665 E/AuthPII (17809): 	at android.os.Binder.transact(Binder.java:1345)
09-18 07:57:43.665 E/AuthPII (17809): 	at bbdu.onTransact(:com.google.android.gms@243433038@24.34.33 (190400-666809342):148)
09-18 07:57:43.665 E/AuthPII (17809): 	at android.os.Binder.execTransactInternal(Binder.java:1505)
09-18 07:57:43.665 E/AuthPII (17809): 	at android.os.Binder.execTransact(Binder.java:1444)
09-18 07:57:43.666 W/Auth    (17809): [GetToken] GetToken failed with status code: BadAuthentication  [CONTEXT service_id=343 ]
09-18 07:57:43.682 W/Auth    ( 9247): [GoogleAuthUtil] [GoogleAuthUtil] error status:BAD_AUTHENTICATION with method:getTokenWithDetails
09-18 07:57:43.683 W/bhpf    ( 9247): Failed fetching latest threads. [CONTEXT service_id=315 ]
09-18 07:57:43.683 W/bhpf    ( 9247): ggmm: UNAUTHENTICATED
09-18 07:57:43.683 W/bhpf    ( 9247): 	at ghga.b(:com.google.android.gms@243433038@24.34.33 (190400-666809342):162)
09-18 07:57:43.683 W/bhpf    ( 9247): 	at bhpf.f(:com.google.android.gms@243433038@24.34.33 (190400-666809342):890)
09-18 07:57:43.683 W/bhpf    ( 9247): 	at bozc.fx(:com.google.android.gms@243433038@24.34.33 (190400-666809342):1)
09-18 07:57:43.683 W/bhpf    ( 9247): 	at bozo.run(:com.google.android.gms@243433038@24.34.33 (190400-666809342):66)
09-18 07:57:43.683 W/bhpf    ( 9247): 	at eqay.run(:com.google.android.gms@243433038@24.34.33 (190400-666809342):21)
09-18 07:57:43.683 W/bhpf    ( 9247): 	at amze.c(:com.google.android.gms@243433038@24.34.33 (190400-666809342):50)
09-18 07:57:43.683 W/bhpf    ( 9247): 	at amze.run(:com.google.android.gms@243433038@24.34.33 (190400-666809342):97)
09-18 07:57:43.683 W/bhpf    ( 9247): 	at java.util.concurrent.ThreadPoolExecutor.runWorker(ThreadPoolExecutor.java:1145)
09-18 07:57:43.683 W/bhpf    ( 9247): 	at java.util.concurrent.ThreadPoolExecutor$Worker.run(ThreadPoolExecutor.java:644)
09-18 07:57:43.683 W/bhpf    ( 9247): 	at aneq.run(:com.google.android.gms@243433038@24.34.33 (190400-666809342):8)
09-18 07:57:43.683 W/bhpf    ( 9247): 	at java.lang.Thread.run(Thread.java:1012)
09-18 07:57:43.683 W/bhpf    ( 9247): Caused by: com.google.android.gms.auth.UserRecoverableAuthException: BadAuthentication
09-18 07:57:43.683 W/bhpf    ( 9247): 	at syo.p(:com.google.android.gms@243433038@24.34.33 (190400-666809342):37)
09-18 07:57:43.683 W/bhpf    ( 9247): 	at syo.t(:com.google.android.gms@243433038@24.34.33 (190400-666809342):32)
09-18 07:57:43.683 W/bhpf    ( 9247): 	at syh.a(:com.google.android.gms@243433038@24.34.33 (190400-666809342):41)
09-18 07:57:43.683 W/bhpf    ( 9247): 	at syo.s(:com.google.android.gms@243433038@24.34.33 (190400-666809342):30)
09-18 07:57:43.683 W/bhpf    ( 9247): 	at syo.v(:com.google.android.gms@243433038@24.34.33 (190400-666809342):125)
09-18 07:57:43.683 W/bhpf    ( 9247): 	at fagz.d(:com.google.android.gms@243433038@24.34.33 (190400-666809342):10)
09-18 07:57:43.683 W/bhpf    ( 9247): 	at fagz.c(:com.google.android.gms@243433038@24.34.33 (190400-666809342):69)
09-18 07:57:43.683 W/bhpf    ( 9247): 	at fagw.call(:com.google.android.gms@243433038@24.34.33 (190400-666809342):8)
09-18 07:57:43.683 W/bhpf    ( 9247): 	at java.util.concurrent.FutureTask.run(FutureTask.java:264)
09-18 07:57:43.683 W/bhpf    ( 9247): 	at fagz.a(:com.google.android.gms@243433038@24.34.33 (190400-666809342):63)
09-18 07:57:43.683 W/bhpf    ( 9247): 	at fafw.call(:com.google.android.gms@243433038@24.34.33 (190400-666809342):25)
09-18 07:57:43.683 W/bhpf    ( 9247): 	at eqav.call(:com.google.android.gms@243433038@24.34.33 (190400-666809342):13)
09-18 07:57:43.683 W/bhpf    ( 9247): 	at java.util.concurrent.FutureTask.run(FutureTask.java:264)
09-18 07:57:43.683 W/bhpf    ( 9247): 	at amze.c(:com.google.android.gms@243433038@24.34.33 (190400-666809342):50)
09-18 07:57:43.683 W/bhpf    ( 9247): 	at amze.run(:com.google.android.gms@243433038@24.34.33 (190400-666809342):76)
09-18 07:57:43.683 W/bhpf    ( 9247): 	... 4 more
09-18 07:57:43.737 D/EuiccConnector( 2403): handleMessage: E msg.what=6
09-18 07:57:43.737 D/EuiccConnector( 2403): processMsg: ConnectedState
09-18 07:57:43.737 D/EuiccConnector( 2403): handleMessage: X
09-18 07:57:43.813 V/WindowManagerShell( 1984): Transition animation finished (aborted=false), notifying core (#4453) android.os.BinderProxy@bd9de24@0
09-18 07:57:43.815 V/WindowManager( 1449): Finish Transition (#4453): created at 09-18 07:57:43.517 collect-started=0.073ms request-sent=0.207ms started=15.886ms ready=15.873ms sent=52.714ms finished=297.29ms
09-18 07:57:43.816 W/ActivityManager( 1449): pid 1449 system sent binder code 7 with flags 1 to frozen apps and got error -32
09-18 07:57:43.817 W/WindowManager( 1449): Exception thrown during dispatchAppVisibility Window{2dd7dc4 u0 com.zebra.soho_app/com.zebra.soho_app.MainActivity EXITING}
09-18 07:57:43.817 W/WindowManager( 1449): android.os.DeadObjectException
09-18 07:57:43.817 W/WindowManager( 1449): 	at android.os.BinderProxy.transactNative(Native Method)
09-18 07:57:43.817 W/WindowManager( 1449): 	at android.os.BinderProxy.transact(BinderProxy.java:586)
09-18 07:57:43.817 W/WindowManager( 1449): 	at android.view.IWindow$Stub$Proxy.dispatchAppVisibility(IWindow.java:552)
09-18 07:57:43.817 W/WindowManager( 1449): 	at com.android.server.wm.WindowState.sendAppVisibilityToClients(WindowState.java:3218)
09-18 07:57:43.817 W/WindowManager( 1449): 	at com.android.server.wm.WindowContainer.sendAppVisibilityToClients(WindowContainer.java:1293)
09-18 07:57:43.817 W/WindowManager( 1449): 	at com.android.server.wm.WindowToken.setClientVisible(WindowToken.java:403)
09-18 07:57:43.817 W/WindowManager( 1449): 	at com.android.server.wm.ActivityRecord.setClientVisible(ActivityRecord.java:7100)
09-18 07:57:43.817 W/WindowManager( 1449): 	at com.android.server.wm.ActivityRecord.postApplyAnimation(ActivityRecord.java:5820)
09-18 07:57:43.817 W/WindowManager( 1449): 	at com.android.server.wm.ActivityRecord.commitVisibility(ActivityRecord.java:5762)
09-18 07:57:43.817 W/WindowManager( 1449): 	at com.android.server.wm.Transition.finishTransition(Transition.java:1257)
09-18 07:57:43.817 W/WindowManager( 1449): 	at com.android.server.wm.TransitionController.finishTransition(TransitionController.java:925)
09-18 07:57:43.817 W/WindowManager( 1449): 	at com.android.server.wm.WindowOrganizerController.finishTransition(WindowOrganizerController.java:489)
09-18 07:57:43.817 W/WindowManager( 1449): 	at android.window.IWindowOrganizerController$Stub.onTransact(IWindowOrganizerController.java:278)
09-18 07:57:43.817 W/WindowManager( 1449): 	at com.android.server.wm.WindowOrganizerController.onTransact(WindowOrganizerController.java:199)
09-18 07:57:43.817 W/WindowManager( 1449): 	at android.os.Binder.execTransactInternal(Binder.java:1505)
09-18 07:57:43.817 W/WindowManager( 1449): 	at android.os.Binder.execTransact(Binder.java:1444)
09-18 07:57:43.817 W/Process ( 1449): Unable to open /proc/12857/status
09-18 07:57:43.826 V/WindowManagerShell( 1984): Track 0 became idle
09-18 07:57:43.826 V/WindowManagerShell( 1984): All active transition animations finished
09-18 07:57:43.827 W/UserManagerService( 1449): Requested status bar icon for non-badged user 0
09-18 07:57:43.831 W/UserManagerService( 1449): Requested status bar icon for non-badged user 0
09-18 07:57:43.838 E/BpTransactionCompletedListener(  562): Failed to transact (-32)
09-18 07:57:43.842 E/BpTransactionCompletedListener(  562): Failed to transact (-32)
09-18 07:57:44.014 I/pixel-thermal( 1630): usb_pwr_therm:27.431 raw data: usb_pwr_therm:27431 
09-18 07:57:44.031 I/pixel-thermal( 1630): VIRTUAL-USB-THROTTLING:0 raw data: USB-MINUS-NEUTRAL:-579 USB-MINUS-USB2:-223 VIRTUAL-USB-THROTTLING:0 neutral_therm:28010 usb_pwr_therm:27431 usb_pwr_therm2:27654 
09-18 07:57:44.032 I/pixel-thermal( 1630): VIRTUAL-USB-UI:0 raw data: USB-MINUS-NEUTRAL:-579 USB-MINUS-USB2:-223 VIRTUAL-USB-UI:0 usb_pwr_therm:27431 
09-18 07:57:44.033 I/pixel-thermal( 1630): Power rails total power: 600.11 mW for 60034 ms
09-18 07:57:44.033 I/pixel-thermal( 1630): Power rails [S6M_LLDO1: 70.65 mW] [L7S_SENSORS: 4.44 mW] [S10M_VDD_TPU: 0.00 mW] [S5M_VDD_INT: 6.65 mW] [S2M_VDD_CPUCL2: 9.60 mW] [S1M_VDD_MIF: 23.14 mW] 
09-18 07:57:44.033 I/pixel-thermal( 1630): Power rails [S4M_VDD_CPUCL0: 49.13 mW] [VSYS_PWR_WLAN_BT: 39.23 mW] [VSYS_PWR_RFFE: 1.48 mW] [VSYS_PWR_MODEM: 25.56 mW] [VSYS_PWR_MMWAVE: 0.00 mW] [S3M_VDD_CPUCL1: 25.26 mW] 
09-18 07:57:44.033 I/pixel-thermal( 1630): Power rails [L2S_PLL_MIPI_UFS: 20.17 mW] [L14S_ALIVE: 0.52 mW] [S9S_VDD_AOC: 4.14 mW] [S4S_VDD2H_MEM: 22.23 mW] [L9S_GNSS_CORE: 0.04 mW] [S8S_VDD_G3D_L2: 0.31 mW] 
09-18 07:57:44.033 I/pixel-thermal( 1630): Power rails [S5S_VDDQ_MEM: 5.39 mW] [S2S_VDD_G3D: 1.00 mW] [S1S_VDD_CAM: 5.03 mW] [S8M_LLDO2: 34.06 mW] [L15M_VDD_SLC_M: 13.90 mW] [VSYS_PWR_DISPLAY: 238.18 mW] 
09-18 07:57:44.035 D/TrafficStats(13579): tagSocket(5) with statsTag=0xffffffff, statsUid=-1
09-18 07:57:44.047 D/TrafficStats(13579): tagSocket(96) with statsTag=0xffffffff, statsUid=-1
09-18 07:57:44.060 D/TrafficStats(13579): tagSocket(97) with statsTag=0xffffffff, statsUid=-1
09-18 07:57:44.066 W/AccessibilityManagerService( 1449):  wait for adding window timeout: 5447
09-18 07:57:44.419 D/TrafficStats(13579): tagSocket(5) with statsTag=0xffffffff, statsUid=-1
09-18 07:57:44.429 D/TrafficStats(13579): tagSocket(96) with statsTag=0xffffffff, statsUid=-1
09-18 07:57:44.555 W/System  (13579): A resource failed to call end. 
09-18 07:57:44.556 W/System  (13579): A resource failed to call end. 
09-18 07:57:44.556 W/System  (13579): A resource failed to call end. 
09-18 07:57:44.556 W/System  (13579): A resource failed to call end. 
09-18 07:57:44.557 W/System  (13579): A resource failed to call end. 
09-18 07:57:44.557 W/System  (13579): A resource failed to call end. 
09-18 07:57:44.558 W/System  (13579): A resource failed to call end. 
09-18 07:57:44.559 W/System  (13579): A resource failed to call end. 
09-18 07:57:44.559 W/System  (13579): A resource failed to call end. 
09-18 07:57:44.560 W/System  (13579): A resource failed to call end. 
09-18 07:57:44.561 W/System  (13579): A resource failed to call end. 
09-18 07:57:44.562 W/System  (13579): A resource failed to call end. 
09-18 07:57:44.565 W/System  (13579): A resource failed to call end. 
09-18 07:57:44.566 W/System  (13579): A resource failed to call end. 
09-18 07:57:44.566 W/System  (13579): A resource failed to call end. 
09-18 07:57:44.647 D/TrafficStats(13579): tagSocket(5) with statsTag=0xffffffff, statsUid=-1
09-18 07:57:44.809 D/AndroidRuntime(13819): >>>>>> START com.android.internal.os.RuntimeInit uid 2000 <<<<<<
09-18 07:57:44.813 I/AndroidRuntime(13819): Using default boot image
09-18 07:57:44.813 I/AndroidRuntime(13819): Leaving lock profiling enabled
09-18 07:57:44.816 I/app_process(13819): Using CollectorTypeCMC GC.
09-18 07:57:44.876 D/nativeloader(13819): InitDefaultPublicLibraries for_preload=1: libandroid.so:libaaudio.so:libamidi.so:libbinder_ndk.so:libc.so:libcamera2ndk.so:libdl.so:libEGL.so:libGLESv1_CM.so:libGLESv2.so:libGLESv3.so:libicu.so:libicui18n.so:libicuuc.so:libjnigraphics.so:liblog.so:libmediandk.so:libm.so:libnativehelper.so:libnativewindow.so:libOpenMAXAL.so:libOpenSLES.so:libRS.so:libstdc++.so:libsync.so:libvulkan.so:libwebviewchromium_plat_support.so:libz.so
09-18 07:57:44.884 D/app_process(13819): Time zone APEX ICU file found: /apex/com.android.tzdata/etc/icu/icu_tzdata.dat
09-18 07:57:44.884 D/app_process(13819): I18n APEX ICU file found: /apex/com.android.i18n/etc/icu/icudt72l.dat
09-18 07:57:44.906 D/AndroidRuntime(13819): Calling main entry com.android.commands.monkey.Monkey
09-18 07:57:44.907 W/Monkey  (13819): args: [-p, com.zebra.soho_app, -c, android.intent.category.LAUNCHER, 1]
09-18 07:57:44.907 W/Monkey  (13819):  arg: "-p"
09-18 07:57:44.907 W/Monkey  (13819):  arg: "com.zebra.soho_app"
09-18 07:57:44.907 W/Monkey  (13819):  arg: "-c"
09-18 07:57:44.907 W/Monkey  (13819):  arg: "android.intent.category.LAUNCHER"
09-18 07:57:44.907 W/Monkey  (13819):  arg: "1"
09-18 07:57:44.907 W/Monkey  (13819): data="com.zebra.soho_app"
09-18 07:57:44.907 W/Monkey  (13819): data="android.intent.category.LAUNCHER"
09-18 07:57:44.922 W/ActivityManager( 1449): registerReceiverWithFeature: no app for null
09-18 07:57:44.931 W/ActivityTaskManager( 1449): callingPackage for (uid=2000, pid=13819) has no WPC
09-18 07:57:44.943 I/ActivityTaskManager( 1449): START u0 {act=android.intent.action.MAIN cat=[android.intent.category.LAUNCHER] flg=0x10200000 cmp=com.zebra.soho_app/.MainActivity} with LAUNCH_SINGLE_TASK from uid 2000 (BAL_ALLOW_PERMISSION) result code=0
09-18 07:57:44.944 V/WindowManagerShell( 1984): Transition requested (#4454): android.os.BinderProxy@43323fd TransitionRequestInfo { type = OPEN, triggerTask = TaskInfo{userId=0 taskId=1684 displayId=0 isRunning=true baseIntent=Intent { act=android.intent.action.MAIN cat=[android.intent.category.LAUNCHER] flg=0x10200000 cmp=com.zebra.soho_app/.MainActivity } baseActivity=ComponentInfo{com.zebra.soho_app/com.zebra.soho_app.MainActivity} topActivity=ComponentInfo{com.zebra.soho_app/com.zebra.soho_app.MainActivity} origActivity=null realActivity=ComponentInfo{com.zebra.soho_app/com.zebra.soho_app.MainActivity} numActivities=1 lastActiveTime=1810430823 supportsMultiWindow=true resizeMode=1 isResizeable=true minWidth=-1 minHeight=-1 defaultMinSize=220 token=WCT{android.window.IWindowContainerToken$Stub$Proxy@16b98f2} topActivityType=1 pictureInPictureParams=null shouldDockBigOverlays=false launchIntoPipHostTaskId=-1 lastParentTaskIdBeforePip=-1 displayCutoutSafeInsets=Rect(0, 108 - 0, 0) topActivityInfo=ActivityInfo{960b43 com.zebra.soho_app.MainActivity} launchCookies=[] positionInParent=Point(0, 0) parentTaskId=-1 isFocused=false isVisible=false isVisibleRequested=false isSleeping=false locusId=null displayAreaFeatureId=1 isTopActivityTransparent=false appCompatTaskInfo=AppCompatTaskInfo { topActivityInSizeCompat=false topActivityEligibleForLetterboxEducation= false isLetterboxDoubleTapEnabled= false topActivityEligibleForUserAspectRatioButton= false topActivityBoundsLetterboxed= false isFromLetterboxDoubleTap= false topActivityLetterboxVerticalPosition= -1 topActivityLetterboxHorizontalPosition= -1 topActivityLetterboxWidth=1080 topActivityLetterboxHeight=2340 isUserFullscreenOverrideEnabled=false isSystemFullscreenOverrideEnabled=false cameraCompatControlState=hidden}}, pipTask = null, remoteTransition = null, displayChange = null, flags = 0, debugId = 4454 }
09-18 07:57:44.945 I/Monkey  (13819): Events injected: 1
09-18 07:57:44.945 D/WindowManagerShell( 1984): setLauncherKeepClearAreaHeight: visible=false, height=527
09-18 07:57:44.945 W/SplitSelectStateCtor(21117): Missing session instanceIds
09-18 07:57:44.945 D/StatsLog(21117): LAUNCHER_SPLIT_SELECTION_EXIT_INTERRUPTED
09-18 07:57:44.951 D/GrammaticalInflection( 1449): The flag must be enabled to allow calling the API.
09-18 07:57:44.951 D/CompatibilityChangeReporter( 1449): Compat change id reported: 168419799; UID 10366; state: DISABLED
09-18 07:57:44.951 D/CompatibilityChangeReporter( 1449): Compat change id reported: 273564678; UID 10366; state: DISABLED
09-18 07:57:44.952 I/BpBinder(  562): onLastStrongRef automatically unlinking death recipients: 
09-18 07:57:44.954 D/CompatibilityChangeReporter( 1449): Compat change id reported: 135634846; UID 10366; state: DISABLED
09-18 07:57:44.954 D/CompatibilityChangeReporter( 1449): Compat change id reported: 177438394; UID 10366; state: DISABLED
09-18 07:57:44.955 D/CompatibilityChangeReporter( 1449): Compat change id reported: 135772972; UID 10366; state: DISABLED
09-18 07:57:44.955 D/CompatibilityChangeReporter( 1449): Compat change id reported: 135754954; UID 10366; state: ENABLED
09-18 07:57:44.955 D/CompatibilityChangeReporter( 1449): Compat change id reported: 143937733; UID 10366; state: ENABLED
09-18 07:57:44.957 I/Monkey  (13819): ## Network stats: elapsed time=20ms (0ms mobile, 0ms wifi, 20ms not connected)
09-18 07:57:44.959 D/CompatibilityChangeReporter( 1449): Compat change id reported: 265195908; UID 10366; state: ENABLED
09-18 07:57:44.959 I/app_process(13819): System.exit called, status: 0
09-18 07:57:44.959 I/AndroidRuntime(13819): VM exiting with result code 0.
09-18 07:57:44.961 D/CoreBackPreview( 1449): Window{c920a0 u0 Splash Screen com.zebra.soho_app}: Setting back callback OnBackInvokedCallbackInfo{mCallback=android.window.IOnBackInvokedCallback$Stub$Proxy@ebab591, mPriority=0, mIsAnimationCallback=false}
09-18 07:57:44.963 W/gralloc4(  563): Unable to set buffer name VRI[soho_app]#2973(BLAST Consumer)2973: File name too long
09-18 07:57:44.963 W/gralloc4(  563): Unable to set buffer name VRI[soho_app]#2973(BLAST Consumer)2973: File name too long
09-18 07:57:44.964 W/gralloc4(  563): Unable to set buffer name VRI[soho_app]#2973(BLAST Consumer)2973: File name too long
09-18 07:57:44.964 W/gralloc4(  563): Unable to set buffer name VRI[soho_app]#2973(BLAST Consumer)2973: File name too long
09-18 07:57:44.965 W/gralloc4(  563): Unable to set buffer name VRI[soho_app]#2973(BLAST Consumer)2973: File name too long
09-18 07:57:44.969 D/Zygote  (  870): Forked child process 13836
09-18 07:57:44.969 V/WindowManager( 1449): Sent Transition (#4454) createdAt=09-18 07:57:44.933 via request=TransitionRequestInfo { type = OPEN, triggerTask = TaskInfo{userId=0 taskId=1684 displayId=0 isRunning=true baseIntent=Intent { act=android.intent.action.MAIN cat=[android.intent.category.LAUNCHER] flg=0x10200000 cmp=com.zebra.soho_app/.MainActivity } baseActivity=ComponentInfo{com.zebra.soho_app/com.zebra.soho_app.MainActivity} topActivity=ComponentInfo{com.zebra.soho_app/com.zebra.soho_app.MainActivity} origActivity=null realActivity=ComponentInfo{com.zebra.soho_app/com.zebra.soho_app.MainActivity} numActivities=1 lastActiveTime=1810430823 supportsMultiWindow=true resizeMode=1 isResizeable=true minWidth=-1 minHeight=-1 defaultMinSize=220 token=WCT{RemoteToken{62a0364 Task{f1e0221 #1684 type=standard A=10366:com.zebra.soho_app}}} topActivityType=1 pictureInPictureParams=null shouldDockBigOverlays=false launchIntoPipHostTaskId=-1 lastParentTaskIdBeforePip=-1 displayCutoutSafeInsets=Rect(0, 108 - 0, 0) topActivityInfo=ActivityInfo{71bc888 com.zebra.soho_app.MainActivity} launchCookies=[] positionInParent=Point(0, 0) parentTaskId=-1 isFocused=false isVisible=false isVisibleRequested=false isSleeping=false locusId=null displayAreaFeatureId=1 isTopActivityTransparent=false appCompatTaskInfo=AppCompatTaskInfo { topActivityInSizeCompat=false topActivityEligibleForLetterboxEducation= false isLetterboxDoubleTapEnabled= false topActivityEligibleForUserAspectRatioButton= false topActivityBoundsLetterboxed= false isFromLetterboxDoubleTap= false topActivityLetterboxVerticalPosition= -1 topActivityLetterboxHorizontalPosition= -1 topActivityLetterboxWidth=1080 topActivityLetterboxHeight=2340 isUserFullscreenOverrideEnabled=false isSystemFullscreenOverrideEnabled=false cameraCompatControlState=hidden}}, pipTask = null, remoteTransition = null, displayChange = null, flags = 0, debugId = 4454 }
09-18 07:57:44.969 V/WindowManager( 1449):     startWCT=WindowContainerTransaction { changes = {} hops = [] errorCallbackToken=null taskFragmentOrganizer=null }
09-18 07:57:44.969 V/WindowManager( 1449):     info={id=4454 t=OPEN f=0x0 trk=0 r=[0@Point(0, 0)] c=[
09-18 07:57:44.969 V/WindowManager( 1449):         {WCT{RemoteToken{62a0364 Task{f1e0221 #1684 type=standard A=10366:com.zebra.soho_app}}} m=OPEN f=NONE leash=Surface(name=Task=1684)/@0x7f7acf6 sb=Rect(0, 0 - 1080, 2340) eb=Rect(0, 0 - 1080, 2340) d=0},
09-18 07:57:44.969 V/WindowManager( 1449):         {WCT{RemoteToken{e6c322c Task{17ef99a #7 type=undefined}}} m=TO_BACK f=SHOW_WALLPAPER leash=Surface(name=Task=7)/@0x9abbc7e sb=Rect(0, 0 - 1080, 2340) eb=Rect(0, 0 - 1080, 2340) d=0}
09-18 07:57:44.969 V/WindowManager( 1449):     ]}
09-18 07:57:44.969 I/ActivityManager( 1449): Start proc 13836:com.zebra.soho_app/u0a366 for next-top-activity {com.zebra.soho_app/com.zebra.soho_app.MainActivity}
09-18 07:57:44.974 V/WindowManagerShell( 1984): onTransitionReady (#4454) android.os.BinderProxy@43323fd: {id=4454 t=OPEN f=0x0 trk=0 r=[0@Point(0, 0)] c=[{WCT{android.window.IWindowContainerToken$Stub$Proxy@bbd9c69} m=OPEN f=NONE leash=Surface(name=Task=1684)/@0xffa066d sb=Rect(0, 0 - 1080, 2340) eb=Rect(0, 0 - 1080, 2340) d=0},{WCT{android.window.IWindowContainerToken$Stub$Proxy@799c6ee} m=TO_BACK f=SHOW_WALLPAPER leash=Surface(name=Task=7)/@0xb822a2 sb=Rect(0, 0 - 1080, 2340) eb=Rect(0, 0 - 1080, 2340) d=0}]}
09-18 07:57:44.974 V/WindowManagerShell( 1984): Playing animation for (#4454) android.os.BinderProxy@43323fd@0
09-18 07:57:44.974 V/WindowManagerShell( 1984):  try handler com.android.wm.shell.transition.DefaultMixedHandler@f494f5b
09-18 07:57:44.974 V/WindowManagerShell( 1984):  try handler com.android.wm.shell.keyguard.KeyguardTransitionHandler@3c6b3f8
09-18 07:57:44.974 V/WindowManagerShell( 1984):  try handler com.android.wm.shell.pip.PipTransition@4060d1
09-18 07:57:44.974 V/WindowManagerShell( 1984):  try handler com.android.wm.shell.activityembedding.ActivityEmbeddingController@b8f1736
09-18 07:57:44.974 V/WindowManagerShell( 1984):  try handler com.android.wm.shell.recents.RecentsTransitionHandler@ec38637
09-18 07:57:44.974 V/ShellRecents( 1984): RecentsTransitionHandler.startAnimation: no controller found
09-18 07:57:44.974 V/WindowManagerShell( 1984):  try handler com.android.wm.shell.splitscreen.StageCoordinator@24ec14c
09-18 07:57:44.974 V/WindowManagerShell( 1984):  try handler com.android.wm.shell.transition.RemoteTransitionHandler@1af17a4
09-18 07:57:44.974 V/WindowManagerShell( 1984): Transition doesn't have explicit remote, search filters for match for {id=4454 t=OPEN f=0x0 trk=0 r=[0@Point(0, 0)] c=[{WCT{android.window.IWindowContainerToken$Stub$Proxy@bbd9c69} m=OPEN f=NONE leash=Surface(name=Task=1684)/@0xffa066d sb=Rect(0, 0 - 1080, 2340) eb=Rect(0, 0 - 1080, 2340) d=0},{WCT{android.window.IWindowContainerToken$Stub$Proxy@799c6ee} m=TO_BACK f=SHOW_WALLPAPER leash=Surface(name=Task=7)/@0xb822a2 sb=Rect(0, 0 - 1080, 2340) eb=Rect(0, 0 - 1080, 2340) d=0}]}
09-18 07:57:44.974 V/WindowManagerShell( 1984):  Checking filter Pair{{types=[] flags=0x0] notFlags=0x0 checks=[{atype=dream independent=true modes=[OPEN,TO_FRONT] flags=NONE mustBeTask=false order=ANY topActivity=null},{atype=home independent=true modes=[CLOSE,TO_BACK] flags=NONE mustBeTask=false order=ANY topActivity=null}]} RemoteTransition { remoteTransition = android.window.IRemoteTransition$Stub$Proxy@4ce5e20, appThread = android.app.IApplicationThread$Stub$Proxy@94c03d9, debugName = LauncherToDream }}
09-18 07:57:44.974 V/WindowManagerShell( 1984):  Checking filter Pair{{types=[] flags=0x0] notFlags=0x100 checks=[{atype=home independent=true modes=[OPEN,TO_FRONT] flags=NONE mustBeTask=false order=TOP topActivity=ComponentInfo{com.google.android.apps.nexuslauncher/com.google.android.apps.nexuslauncher.NexusLauncherActivity}},{atype=standard independent=true modes=[CLOSE,TO_BACK] flags=NONE mustBeTask=false order=ANY topActivity=null}]} RemoteTransition { remoteTransition = android.window.IRemoteTransition$Stub$Proxy@15ff19e, appThread = android.app.IApplicationThread$Stub$Proxy@fac347f, debugName = QuickstepLaunchHome }}
09-18 07:57:44.974 V/WindowManagerShell( 1984):  Delegate animation for (#4454) to null
09-18 07:57:44.974 V/WindowManagerShell( 1984):  try handler com.android.wm.shell.transition.DefaultTransitionHandler@d99390d
09-18 07:57:44.974 V/WindowManagerShell( 1984): start default transition animation, info = {id=4454 t=OPEN f=0x0 trk=0 r=[0@Point(0, 0)] c=[{WCT{android.window.IWindowContainerToken$Stub$Proxy@bbd9c69} m=OPEN f=NONE leash=Surface(name=Task=1684)/@0xffa066d sb=Rect(0, 0 - 1080, 2340) eb=Rect(0, 0 - 1080, 2340) d=0},{WCT{android.window.IWindowContainerToken$Stub$Proxy@799c6ee} m=TO_BACK f=SHOW_WALLPAPER leash=Surface(name=Task=7)/@0xb822a2 sb=Rect(0, 0 - 1080, 2340) eb=Rect(0, 0 - 1080, 2340) d=0}]}
09-18 07:57:44.974 V/WindowManagerShell( 1984): loadAnimation: anim=android.view.animation.AnimationSet@edf63fa animAttr=0x13 type=OPEN isEntrance=false
09-18 07:57:44.974 W/UserManagerService( 1449): Requested status bar icon for non-badged user 0
09-18 07:57:44.974 V/WindowManagerShell( 1984): loadAnimation: anim=android.view.animation.AnimationSet@9afc5c6 animAttr=0x12 type=OPEN isEntrance=true
09-18 07:57:44.975 V/WindowManagerShell( 1984):  animated by com.android.wm.shell.transition.DefaultTransitionHandler@d99390d
09-18 07:57:44.980 I/.zebra.soho_app(13836): Using CollectorTypeCMC GC.
09-18 07:57:44.982 E/.zebra.soho_app(13836): Not starting debugger since process cannot load the jdwp agent.
09-18 07:57:44.991 D/CompatibilityChangeReporter(13836): Compat change id reported: 171979766; UID 10366; state: ENABLED
09-18 07:57:44.992 D/CompatibilityChangeReporter(13836): Compat change id reported: 242716250; UID 10366; state: ENABLED
09-18 07:57:44.993 D/CompatibilityChangeReporter( 1449): Compat change id reported: 170503758; UID 10366; state: ENABLED
09-18 07:57:45.001 D/nativeloader(13836): Configuring clns-4 for other apk /data/app/~~je9xrORl68_-Lvz_hXFatQ==/com.zebra.soho_app-UsvvQjdFyap_SPJR7jPjtw==/base.apk. target_sdk_version=34, uses_libraries=, library_path=/data/app/~~je9xrORl68_-Lvz_hXFatQ==/com.zebra.soho_app-UsvvQjdFyap_SPJR7jPjtw==/lib/arm64:/data/app/~~je9xrORl68_-Lvz_hXFatQ==/com.zebra.soho_app-UsvvQjdFyap_SPJR7jPjtw==/base.apk!/lib/arm64-v8a, permitted_path=/data:/mnt/expand:/data/user/0/com.zebra.soho_app
09-18 07:57:45.007 V/GraphicsEnvironment(13836): Currently set values for:
09-18 07:57:45.007 V/GraphicsEnvironment(13836):   angle_gl_driver_selection_pkgs=[com.android.angle, com.linecorp.b612.android, com.campmobile.snow, com.google.android.apps.tachyon]
09-18 07:57:45.007 V/GraphicsEnvironment(13836):   angle_gl_driver_selection_values=[angle, native, native, native]
09-18 07:57:45.007 V/GraphicsEnvironment(13836): com.zebra.soho_app is not listed in per-application setting
09-18 07:57:45.007 V/GraphicsEnvironment(13836): Neither updatable production driver nor prerelease driver is supported.
09-18 07:57:45.009 D/CompatibilityChangeReporter(13836): Compat change id reported: 183155436; UID 10366; state: ENABLED
09-18 07:57:45.010 D/SessionsDependencies(13836): Dependency to CRASHLYTICS added.
09-18 07:57:45.011 I/FirebaseApp(13836): Device unlocked: initializing all Firebase APIs for app [DEFAULT]
09-18 07:57:45.011 I/FirebaseCrashlytics(13836): Initializing Firebase Crashlytics 18.6.2 for com.zebra.soho_app
09-18 07:57:45.012 D/CompatibilityChangeReporter(13836): Compat change id reported: 247079863; UID 10366; state: ENABLED
09-18 07:57:45.015 D/SessionsDependencies(13836): Subscriber CRASHLYTICS registered.
09-18 07:57:45.018 W/ziparchive(13836): Unable to open '/data/user_de/0/com.google.android.gms/app_chimera/m/000001c7/DynamiteLoader.uncompressed.dm': No such file or directory
09-18 07:57:45.018 W/ziparchive(13836): Unable to open '/data/user_de/0/com.google.android.gms/app_chimera/m/000001c7/DynamiteLoader.uncompressed.dm': No such file or directory
09-18 07:57:45.022 I/DynamiteModule(13836): Considering local module com.google.android.gms.measurement.dynamite:100 and remote module com.google.android.gms.measurement.dynamite:124
09-18 07:57:45.022 I/DynamiteModule(13836): Selected remote version of com.google.android.gms.measurement.dynamite, version >= 124
09-18 07:57:45.022 V/DynamiteModule(13836): Dynamite loader version >= 2, using loadModule2NoCrashUtils
09-18 07:57:45.024 I/FirebaseCrashlytics(13836): No version control information found
09-18 07:57:45.025 D/CompatibilityChangeReporter( 1449): Compat change id reported: 161145287; UID 10366; state: ENABLED
09-18 07:57:45.028 D/FirebaseSessions(13836): Initializing Firebase Sessions SDK.
09-18 07:57:45.030 W/System  (13836): ClassLoader referenced unknown path: 
09-18 07:57:45.030 D/nativeloader(13836): Configuring clns-5 for other apk . target_sdk_version=34, uses_libraries=, library_path=/data/app/~~8R2p26qD1tgNymtSpnn7Xw==/com.google.android.gms-fCImiVHZci4X4KuvUcmGuw==/lib/arm64:/data/app/~~8R2p26qD1tgNymtSpnn7Xw==/com.google.android.gms-fCImiVHZci4X4KuvUcmGuw==/base.apk!/lib/arm64-v8a, permitted_path=/data:/mnt/expand:/data/user/0/com.google.android.gms
09-18 07:57:45.032 I/FirebaseInitProvider(13836): FirebaseApp initialization successful
09-18 07:57:45.033 D/LifecycleServiceBinder(13836): Binding service to application.
09-18 07:57:45.033 D/WM-WrkMgrInitializer(13836): Initializing WorkManager with default configuration.
09-18 07:57:45.034 D/CompatibilityChangeReporter(13836): Compat change id reported: 279646685; UID 10366; state: DISABLED
09-18 07:57:45.038 W/.zebra.soho_app(13836): ClassLoaderContext classpath size mismatch. expected=12, found=2 (DLC[];PCL[base.apk*655571707:base.apk!classes2.dex*1498855786:base.apk!classes3.dex*490929050:base.apk!classes4.dex*1611603995:base.apk!classes5.dex*471123784:base.apk!classes6.dex*137154469:base.apk!classes7.dex*1102601877:base.apk!classes8.dex*2329565478:base.apk!classes9.dex*3036896885:base.apk!classes10.dex*3882078478:base.apk!classes11.dex*2742095993:base.apk!classes12.dex*823082303]{PCL[/system/framework/org.apache.http.legacy.jar*1096660761]#PCL[/system/framework/com.android.media.remotedisplay.jar*3355806333]#PCL[/system/framework/com.android.location.provider.jar*2324294294]#PCL[/system_ext/framework/org.carconnectivity.android.digitalkey.timesync.jar*968449808]} | DLC[];PCL[/data/app/~~je9xrORl68_-Lvz_hXFatQ==/com.zebra.soho_app-UsvvQjdFyap_SPJR7jPjtw==/base.apk*3707216409:/data/app/~~je9xrORl68_-Lvz_hXFatQ==/com.zebra.soho_app-UsvvQjdFyap_SPJR7jPjtw==/base.apk!classes2.dex*1560619406])
09-18 07:57:45.040 D/CompatibilityChangeReporter(13836): Compat change id reported: 160794467; UID 10366; state: ENABLED
09-18 07:57:45.046 D/CompatibilityChangeReporter( 1449): Compat change id reported: 261072174; UID 10366; state: ENABLED
09-18 07:57:45.047 I/A       (29310): onPause
09-18 07:57:45.052 D/vulkan  (13836): searching for layers in '/data/app/~~je9xrORl68_-Lvz_hXFatQ==/com.zebra.soho_app-UsvvQjdFyap_SPJR7jPjtw==/lib/arm64'
09-18 07:57:45.052 D/vulkan  (13836): searching for layers in '/data/app/~~je9xrORl68_-Lvz_hXFatQ==/com.zebra.soho_app-UsvvQjdFyap_SPJR7jPjtw==/base.apk!/lib/arm64-v8a'
09-18 07:57:45.054 W/ActivityTaskManager( 1449): takeTaskSnapshot: taskId=1683 not found or not visible
09-18 07:57:45.065 W/.zebra.soho_app(13836): type=1400 audit(0.0:103686): avc:  denied  { read } for  name="max_map_count" dev="proc" ino=527001280 scontext=u:r:untrusted_app:s0:c110,c257,c512,c768 tcontext=u:object_r:proc_max_map_count:s0 tclass=file permissive=0 app=com.zebra.soho_app
09-18 07:57:45.074 E/.zebra.soho_app(13836): No package ID 79 found for resource ID 0x790b000f.
09-18 07:57:45.074 E/.zebra.soho_app(13836): No package ID 79 found for resource ID 0x790b000f.
09-18 07:57:45.075 I/FA      (13836): App measurement initialized, version: 103006
