09-18 07:58:37.173 I/System.out(13579): {"id":"a68c3efe-659b-426a-abaf-052866f62b08","uri":"[Lcom.netease.open.libpoco.sdk.AbstractNode;@20bb2b4(a611b3fb-5e87-42af-8bb6-c6b34f739a6e)","method":[["getitem",1]],"session_id":"d28e0446-8732-4c2c-bf67-ecb772c401be"}
09-18 07:58:37.187 D/TrafficStats(13579): tagSocket(5) with statsTag=0xffffffff, statsUid=-1
09-18 07:58:37.193 I/System.out(13579): {"id":"c85617ac-34ad-4a7f-8618-468c8a3f1cc0","uri":"poco-uiautomation-framework","method":[["getattr","attributor"],["getattr","getAttr"],["call",[["uri","com.netease.open.libpoco.Node@c6b31aa(0a07325a-bcf6-4759-8161-5a070ce99410)"],["","pos"]]]],"session_id":"d28e0446-8732-4c2c-bf67-ecb772c401be"}
09-18 07:58:37.215 D/TrafficStats(13579): tagSocket(97) with statsTag=0xffffffff, statsUid=-1
09-18 07:58:37.218 I/System.out(13579): {"id":"222f2e57-1b08-407b-abea-be437048b7b5","uri":"poco-uiautomation-framework","method":[["getattr","attributor"],["getattr","getAttr"],["call",[["uri","com.netease.open.libpoco.Node@c6b31aa(0a07325a-bcf6-4759-8161-5a070ce99410)"],["","size"]]]],"session_id":"d28e0446-8732-4c2c-bf67-ecb772c401be"}
09-18 07:58:37.232 D/TrafficStats(13579): tagSocket(5) with statsTag=0xffffffff, statsUid=-1
09-18 07:58:37.237 I/System.out(13579): {"id":"7d7a0797-ef85-495d-b047-8fd5087600f9","uri":"poco-uiautomation-framework","method":[["getattr","attributor"],["getattr","getAttr"],["call",[["uri","com.netease.open.libpoco.Node@c6b31aa(0a07325a-bcf6-4759-8161-5a070ce99410)"],["","anchorPoint"]]]],"session_id":"d28e0446-8732-4c2c-bf67-ecb772c401be"}
09-18 07:58:37.251 D/TrafficStats(13579): tagSocket(97) with statsTag=0xffffffff, statsUid=-1
09-18 07:58:37.254 I/System.out(13579): {"id":"ae9c0e48-4d19-481b-b94f-0a0353ad9758","uri":"[Lcom.netease.open.libpoco.sdk.AbstractNode;@20bb2b4(a611b3fb-5e87-42af-8bb6-c6b34f739a6e)","method":[["getitem",2]],"session_id":"d28e0446-8732-4c2c-bf67-ecb772c401be"}
09-18 07:58:37.263 D/TrafficStats(13579): tagSocket(96) with statsTag=0xffffffff, statsUid=-1
09-18 07:58:37.267 I/System.out(13579): {"id":"002dadaf-9f14-46ec-ba1e-f68c1388ae74","uri":"poco-uiautomation-framework","method":[["getattr","attributor"],["getattr","getAttr"],["call",[["uri","com.netease.open.libpoco.Node@3173c77(c3bb3658-5ba2-4490-af9c-a48baa95da81)"],["","pos"]]]],"session_id":"d28e0446-8732-4c2c-bf67-ecb772c401be"}
09-18 07:58:37.285 D/TrafficStats(13579): tagSocket(5) with statsTag=0xffffffff, statsUid=-1
09-18 07:58:37.290 I/System.out(13579): {"id":"aa68b55a-c739-4b65-bdb9-5a22adffddf6","uri":"poco-uiautomation-framework","method":[["getattr","attributor"],["getattr","getAttr"],["call",[["uri","com.netease.open.libpoco.Node@3173c77(c3bb3658-5ba2-4490-af9c-a48baa95da81)"],["","size"]]]],"session_id":"d28e0446-8732-4c2c-bf67-ecb772c401be"}
09-18 07:58:37.307 D/TrafficStats(13579): tagSocket(96) with statsTag=0xffffffff, statsUid=-1
09-18 07:58:37.311 D/TrafficStats(13579): tagSocket(98) with statsTag=0xffffffff, statsUid=-1
09-18 07:58:37.311 D/TrafficStats(13579): tagSocket(97) with statsTag=0xffffffff, statsUid=-1
09-18 07:58:37.315 D/TrafficStats(13579): tagSocket(5) with statsTag=0xffffffff, statsUid=-1
09-18 07:58:37.317 I/System.out(13579): {"id":"15db4155-aaba-419b-b0bb-407763773249","uri":"poco-uiautomation-framework","method":[["getattr","attributor"],["getattr","getAttr"],["call",[["uri","com.netease.open.libpoco.Node@3173c77(c3bb3658-5ba2-4490-af9c-a48baa95da81)"],["","anchorPoint"]]]],"session_id":"d28e0446-8732-4c2c-bf67-ecb772c401be"}
09-18 07:58:37.324 D/TrafficStats(13579): tagSocket(99) with statsTag=0xffffffff, statsUid=-1
09-18 07:58:37.329 D/TrafficStats(13579): tagSocket(100) with statsTag=0xffffffff, statsUid=-1
09-18 07:58:37.331 D/TrafficStats(13579): tagSocket(101) with statsTag=0xffffffff, statsUid=-1
09-18 07:58:37.335 D/TrafficStats(13579): tagSocket(102) with statsTag=0xffffffff, statsUid=-1
09-18 07:58:37.347 I/System.out(13579): {"id":"","uri":"com.netease.open.libpoco.Node@3173c77(c3bb3658-5ba2-4490-af9c-a48baa95da81)","method":[["del",[]]],"session_id":"d28e0446-8732-4c2c-bf67-ecb772c401be"}
09-18 07:58:37.354 D/TrafficStats(13579): tagSocket(104) with statsTag=0xffffffff, statsUid=-1
09-18 07:58:37.379 I/System.out(13579): {"id":"","uri":"com.netease.open.libpoco.Node@c6b31aa(0a07325a-bcf6-4759-8161-5a070ce99410)","method":[["del",[]]],"session_id":"d28e0446-8732-4c2c-bf67-ecb772c401be"}
09-18 07:58:37.396 D/TrafficStats(13579): tagSocket(98) with statsTag=0xffffffff, statsUid=-1
09-18 07:58:37.413 I/System.out(13579): {"id":"e5834fc5-8e1a-41d0-895f-c619bf533111","uri":"poco-uiautomation-framework","method":[["getattr","attributor"],["getattr","getAttr"],["call",[["uri","com.netease.open.libpoco.Node@3eacbd9(d82294ea-b07c-47ec-8005-18e12bdfc593)"],["","visible"]]]],"session_id":"d28e0446-8732-4c2c-bf67-ecb772c401be"}
09-18 07:58:37.425 D/TrafficStats(13579): tagSocket(5) with statsTag=0xffffffff, statsUid=-1
09-18 07:58:37.429 I/System.out(13579): {"id":"9245d83c-b620-4066-936c-cdd13013ce44","uri":"poco-uiautomation-framework","method":[["getattr","attributor"],["getattr","getAttr"],["call",[["uri","com.netease.open.libpoco.Node@3eacbd9(d82294ea-b07c-47ec-8005-18e12bdfc593)"],["","pos"]]]],"session_id":"d28e0446-8732-4c2c-bf67-ecb772c401be"}
09-18 07:58:37.454 W/System  (13579): A resource failed to call end. 
09-18 07:58:37.454 W/System  (13579): A resource failed to call end. 
09-18 07:58:37.454 W/System  (13579): A resource failed to call end. 
09-18 07:58:37.455 W/System  (13579): A resource failed to call end. 
09-18 07:58:37.455 W/System  (13579): A resource failed to call end. 
09-18 07:58:37.455 W/System  (13579): A resource failed to call end. 
09-18 07:58:37.456 D/TrafficStats(13579): tagSocket(97) with statsTag=0xffffffff, statsUid=-1
09-18 07:58:37.457 W/System  (13579): A resource failed to call end. 
09-18 07:58:37.457 W/System  (13579): A resource failed to call end. 
09-18 07:58:37.457 W/System  (13579): A resource failed to call end. 
09-18 07:58:37.457 W/System  (13579): A resource failed to call end. 
09-18 07:58:37.458 W/System  (13579): A resource failed to call end. 
09-18 07:58:37.458 W/System  (13579): A resource failed to call end. 
09-18 07:58:37.458 W/System  (13579): A resource failed to call end. 
09-18 07:58:37.458 W/System  (13579): A resource failed to call end. 
09-18 07:58:37.459 W/System  (13579): A resource failed to call end. 
09-18 07:58:37.460 W/System  (13579): A resource failed to call end. 
09-18 07:58:37.460 I/System.out(13579): {"id":"f4004f6d-71cb-4b1b-aebf-95c64bd51708","uri":"poco-uiautomation-framework","method":[["getattr","attributor"],["getattr","getAttr"],["call",[["uri","com.netease.open.libpoco.Node@3eacbd9(d82294ea-b07c-47ec-8005-18e12bdfc593)"],["","size"]]]],"session_id":"d28e0446-8732-4c2c-bf67-ecb772c401be"}
09-18 07:58:37.460 W/System  (13579): A resource failed to call end. 
09-18 07:58:37.461 W/System  (13579): A resource failed to call end. 
09-18 07:58:37.462 W/System  (13579): A resource failed to call end. 
09-18 07:58:37.463 W/System  (13579): A resource failed to call end. 
09-18 07:58:37.467 W/System  (13579): A resource failed to call end. 
09-18 07:58:37.467 W/System  (13579): A resource failed to call end. 
09-18 07:58:37.468 D/TrafficStats(13579): tagSocket(5) with statsTag=0xffffffff, statsUid=-1
09-18 07:58:37.470 W/System  (13579): A resource failed to call end. 
09-18 07:58:37.470 W/System  (13579): A resource failed to call end. 
09-18 07:58:37.470 W/System  (13579): A resource failed to call end. 
09-18 07:58:37.470 W/System  (13579): A resource failed to call end. 
09-18 07:58:37.471 W/System  (13579): A resource failed to call end. 
09-18 07:58:37.471 W/System  (13579): A resource failed to call end. 
09-18 07:58:37.472 W/System  (13579): A resource failed to call end. 
09-18 07:58:37.472 I/System.out(13579): {"id":"c03fc575-9f93-4554-b972-a1b41064b54b","uri":"poco-uiautomation-framework","method":[["getattr","attributor"],["getattr","getAttr"],["call",[["uri","com.netease.open.libpoco.Node@3eacbd9(d82294ea-b07c-47ec-8005-18e12bdfc593)"],["","anchorPoint"]]]],"session_id":"d28e0446-8732-4c2c-bf67-ecb772c401be"}
09-18 07:58:37.472 W/System  (13579): A resource failed to call end. 
09-18 07:58:37.545 I/flutter (13836): [2024-09-18 07:58:37.545721] initState #7
09-18 07:58:37.580 D/ActivityManager( 1449): sync unfroze 9247 com.google.android.gms for 6
09-18 07:58:37.585 W/ProcessStats( 1449): Tracking association SourceState{3bce7a5 com.zebra.soho_app/10366 BTop #1857936} whose proc state 2 is better than process ProcessState{454ed81 com.google.android.gms/10122 pkg=com.google.android.gms} proc state 14 (173 skipped)
09-18 07:58:37.592 D/BoundBrokerSvc( 9247): onBind: Intent { act=com.google.android.gms.auth.api.signin.service.START pkg=com.google.android.gms }
09-18 07:58:37.592 D/BoundBrokerSvc( 9247): Loading bound service for intent: Intent { act=com.google.android.gms.auth.api.signin.service.START pkg=com.google.android.gms }
09-18 07:58:37.625 D/BoundBrokerSvc( 9247): onBind: Intent { act=com.google.android.gms.signin.service.START dat=chimera-action:/... cmp=com.google.android.gms/.chimera.GmsApiService }
09-18 07:58:37.625 D/BoundBrokerSvc( 9247): Loading bound service for intent: Intent { act=com.google.android.gms.signin.service.START dat=chimera-action:/... cmp=com.google.android.gms/.chimera.GmsApiService }
09-18 07:58:37.708 I/TRuntime.CctTransportBackend(13836): Making request to: https://firebaselogging-pa.googleapis.com/v1/firelog/legacy/batchlog
09-18 07:58:37.715 D/TrafficStats(13836): tagSocket(173) with statsTag=0xffffffff, statsUid=-1
09-18 07:58:37.786 D/CompatibilityChangeReporter( 1449): Compat change id reported: 197654537; UID 10366; state: ENABLED
09-18 07:58:38.113 I/WifiHAL (  959): Creating message to get link statistics; iface = 48
09-18 07:58:38.162 I/WifiHAL (  959): In GetLinkStatsCommand::handleResponse
09-18 07:58:38.210 D/ConnectivityService( 1449): NetReassign [no changes] [c 0] [a 1] [i 8]
09-18 07:58:38.412 D/TrafficStats(13579): tagSocket(5) with statsTag=0xffffffff, statsUid=-1
09-18 07:58:38.420 D/TrafficStats(13579): tagSocket(96) with statsTag=0xffffffff, statsUid=-1
09-18 07:58:38.422 D/TrafficStats(13579): tagSocket(97) with statsTag=0xffffffff, statsUid=-1
09-18 07:58:38.435 D/TrafficStats(13579): tagSocket(98) with statsTag=0xffffffff, statsUid=-1
09-18 07:58:38.436 D/TrafficStats(13579): tagSocket(99) with statsTag=0xffffffff, statsUid=-1
09-18 07:58:38.440 D/TrafficStats(13579): tagSocket(100) with statsTag=0xffffffff, statsUid=-1
09-18 07:58:39.051 I/bthal.activity(  881): bt_power: LeAdvStat: 07:58:36:900 - 07:58:39:050, duration: 2149, le_adv_count: 6, total_le_adv_count: 1468640, total_event_count: 14
09-18 07:58:39.545 D/TrafficStats(13579): tagSocket(5) with statsTag=0xffffffff, statsUid=-1
09-18 07:58:39.552 D/TrafficStats(13579): tagSocket(96) with statsTag=0xffffffff, statsUid=-1
09-18 07:58:39.558 D/TrafficStats(13579): tagSocket(97) with statsTag=0xffffffff, statsUid=-1
09-18 07:58:39.565 D/TrafficStats(13579): tagSocket(98) with statsTag=0xffffffff, statsUid=-1
09-18 07:58:39.583 D/TrafficStats(13579): tagSocket(99) with statsTag=0xffffffff, statsUid=-1
09-18 07:58:39.596 D/TrafficStats(13579): tagSocket(100) with statsTag=0xffffffff, statsUid=-1
09-18 07:58:40.351 I/NearbyMediums(17809): Found Fast Ble Advertisements :
09-18 07:58:40.351 I/NearbyMediums(17809): BleAdvertisement { version=2, socketVersion=2, isFast=true, serviceIdHash=null, data=[ 0x23 0x4a 0x47 0x48 0x52 0x11 0x32 0x52 0xbf 0x40 0x4c 0xb6 0x51 0x85 0xd1 0xa9 0x96 0x5f 0x15 0x4d 0x92 0xf0 0x1c ], deviceToken=[ 0xb9 0xc2 ], rxAdvertisement=null } : 2 times.
09-18 07:58:40.351 I/NearbyMediums(17809): BleAdvertisement { version=2, socketVersion=2, isFast=true, serviceIdHash=null, data=[ 0x23 0x48 0x46 0x43 0x33 0x11 0x32 0x19 0x2b 0x37 0x16 0xd5 0xcd 0x1a 0xb3 0x7f 0x10 0xa4 0x3f 0x5e 0xbe 0xe5 0x18 ], deviceToken=[ 0x2f 0xc3 ], rxAdvertisement=null } : 3 times.
09-18 07:58:40.351 I/NearbyMediums(17809): Total 5 fast advertisements.
09-18 07:58:40.635 D/TrafficStats(13579): tagSocket(5) with statsTag=0xffffffff, statsUid=-1
09-18 07:58:40.659 D/TrafficStats(13579): tagSocket(96) with statsTag=0xffffffff, statsUid=-1
09-18 07:58:40.675 D/TrafficStats(13579): tagSocket(97) with statsTag=0xffffffff, statsUid=-1
09-18 07:58:40.686 D/TrafficStats(13579): tagSocket(98) with statsTag=0xffffffff, statsUid=-1
09-18 07:58:40.690 D/TrafficStats(13579): tagSocket(99) with statsTag=0xffffffff, statsUid=-1
09-18 07:58:40.700 D/TrafficStats(13579): tagSocket(100) with statsTag=0xffffffff, statsUid=-1
09-18 07:58:40.773 W/System  (13579): A resource failed to call end. 
09-18 07:58:40.773 W/System  (13579): A resource failed to call end. 
09-18 07:58:40.773 W/System  (13579): A resource failed to call end. 
09-18 07:58:40.774 W/System  (13579): A resource failed to call end. 
09-18 07:58:40.774 W/System  (13579): A resource failed to call end. 
09-18 07:58:40.774 W/System  (13579): A resource failed to call end. 
09-18 07:58:40.774 W/System  (13579): A resource failed to call end. 
09-18 07:58:40.774 W/System  (13579): A resource failed to call end. 
09-18 07:58:40.774 W/System  (13579): A resource failed to call end. 
09-18 07:58:40.774 W/System  (13579): A resource failed to call end. 
09-18 07:58:40.775 W/System  (13579): A resource failed to call end. 
09-18 07:58:40.775 W/System  (13579): A resource failed to call end. 
09-18 07:58:40.775 W/System  (13579): A resource failed to call end. 
09-18 07:58:40.775 W/System  (13579): A resource failed to call end. 
09-18 07:58:40.776 W/System  (13579): A resource failed to call end. 
09-18 07:58:40.776 W/System  (13579): A resource failed to call end. 
09-18 07:58:40.777 W/System  (13579): A resource failed to call end. 
09-18 07:58:40.779 W/System  (13579): A resource failed to call end. 
09-18 07:58:40.779 W/System  (13579): A resource failed to call end. 
09-18 07:58:40.783 W/System  (13579): A resource failed to call end. 
09-18 07:58:40.783 W/System  (13579): A resource failed to call end. 
09-18 07:58:40.783 W/System  (13579): A resource failed to call end. 
09-18 07:58:41.174 I/TRuntime.CctTransportBackend(13836): Status Code: 200
09-18 07:58:41.197 I/WifiHAL (  959): Creating message to get link statistics; iface = 48
09-18 07:58:41.246 I/WifiHAL (  959): In GetLinkStatsCommand::handleResponse
09-18 07:58:41.273 D/TrafficStats(13579): tagSocket(5) with statsTag=0xffffffff, statsUid=-1
09-18 07:58:41.282 I/System.out(13579): {"id":"","uri":"com.netease.open.libpoco.Node@3eacbd9(d82294ea-b07c-47ec-8005-18e12bdfc593)","method":[["del",[]]],"session_id":"d28e0446-8732-4c2c-bf67-ecb772c401be"}
09-18 07:58:41.294 D/ConnectivityService( 1449): NetReassign [no changes] [c 1] [a 0] [i 3]
09-18 07:58:41.306 D/TrafficStats(13579): tagSocket(5) with statsTag=0xffffffff, statsUid=-1
09-18 07:58:41.313 I/System.out(13579): {"id":"","uri":"[Lcom.netease.open.libpoco.sdk.AbstractNode;@20bb2b4(a611b3fb-5e87-42af-8bb6-c6b34f739a6e)","method":[["del",[]]],"session_id":"d28e0446-8732-4c2c-bf67-ecb772c401be"}
09-18 07:58:41.733 D/TrafficStats(13579): tagSocket(5) with statsTag=0xffffffff, statsUid=-1
09-18 07:58:41.747 D/TrafficStats(13579): tagSocket(96) with statsTag=0xffffffff, statsUid=-1
09-18 07:58:41.757 D/TrafficStats(13579): tagSocket(97) with statsTag=0xffffffff, statsUid=-1
09-18 07:58:41.764 D/TrafficStats(13579): tagSocket(98) with statsTag=0xffffffff, statsUid=-1
09-18 07:58:41.773 D/TrafficStats(13579): tagSocket(99) with statsTag=0xffffffff, statsUid=-1
09-18 07:58:41.777 D/TrafficStats(13579): tagSocket(100) with statsTag=0xffffffff, statsUid=-1
09-18 07:58:41.983 I/bthal.activity(  881): bt_power: LeAdvStat: 07:58:40:346 - 07:58:41:982, duration: 1636, le_adv_count: 5, total_le_adv_count: 1468645, total_event_count: 5
09-18 07:58:42.323 D/TrafficStats(13579): tagSocket(5) with statsTag=0xffffffff, statsUid=-1
09-18 07:58:42.334 I/System.out(13579): {"id":"9edee854-d1a7-45e5-8333-698ba89a5307","uri":"poco-uiautomation-framework","method":[["getattr","selector"],["getattr","select"],["call",[["",["and",[["attr.*=",["name","(?s).*Microsoft OneDrive.*"]]]]],["",false]]]],"session_id":"d28e0446-8732-4c2c-bf67-ecb772c401be"}
09-18 07:58:42.668 D/BoundBrokerSvc( 9247): onUnbind: Intent { act=com.google.android.gms.signin.service.START dat=chimera-action:/... cmp=com.google.android.gms/.chimera.GmsApiService }
09-18 07:58:42.777 I/bt_stack( 2206): [INFO:le_scanning_manager.cc(177)] Scan in shim layer stopped
09-18 07:58:42.778 I/bluetooth( 2206): packages/modules/Bluetooth/system/gd/hci/le_address_manager.cc:203 - unregister_client: Client unregistered
09-18 07:58:42.778 I/bt_stack( 2206): [INFO:le_scanning_manager.cc(357)] SetScanParameters in shim layer
09-18 07:58:42.778 I/bt_stack( 2206): [INFO:le_scanning_manager.cc(177)] Scan in shim layer started
09-18 07:58:42.779 I/bthal.activity(  881): LogActivities: Disable LE Scanning, 0x2042
09-18 07:58:42.795 I/bluetooth( 2206): packages/modules/Bluetooth/system/gd/hci/le_scanning_manager.cc:630 - stop_scan: Scanning already stopped, return!
09-18 07:58:42.795 I/bluetooth( 2206): packages/modules/Bluetooth/system/gd/hci/le_address_manager.cc:188 - register_client: Client registered
09-18 07:58:42.796 I/bthal.debug_central(  881): Command Complete Event of LE_SET_EXTENDED_SCAN_ENABLE, opcode:2042
09-18 07:58:42.796 I/bthal.flowcontrol(  881): HciEventPreProcess: HCI Event 0xe Opcode 0x2042 Length 6 unhandled by LeSetExtentedScanEnableEvent
09-18 07:58:42.799 I/bthal.activity(  881): LogActivities: LOW_POWER ScanMode
09-18 07:58:42.803 I/bthal.activity(  881): LogActivities: Enable LE Scanning, 0x2042
09-18 07:58:42.805 I/bthal.debug_central(  881): Command Complete Event of LE_SET_EXTENDED_SCAN_ENABLE, opcode:2042
09-18 07:58:42.806 I/bthal.flowcontrol(  881): HciEventPreProcess: HCI Event 0xe Opcode 0x2042 Length 6 unhandled by LeSetExtentedScanEnableEvent
09-18 07:58:42.825 D/TrafficStats(13579): tagSocket(5) with statsTag=0xffffffff, statsUid=-1
09-18 07:58:42.832 D/TrafficStats(13579): tagSocket(96) with statsTag=0xffffffff, statsUid=-1
09-18 07:58:42.849 D/TrafficStats(13579): tagSocket(97) with statsTag=0xffffffff, statsUid=-1
09-18 07:58:42.857 D/TrafficStats(13579): tagSocket(98) with statsTag=0xffffffff, statsUid=-1
09-18 07:58:42.863 D/TrafficStats(13579): tagSocket(99) with statsTag=0xffffffff, statsUid=-1
09-18 07:58:42.866 D/TrafficStats(13579): tagSocket(100) with statsTag=0xffffffff, statsUid=-1
09-18 07:58:43.798 D/EuiccConnector( 2403): handleMessage: E msg.what=3
09-18 07:58:43.799 D/EuiccConnector( 2403): processMsg: ConnectedState
09-18 07:58:43.806 I/EuiccGoogle(23281): [2] EuiccServiceImpl.onDestroy: onDestroy: EuiccService on destroy.
09-18 07:58:43.812 D/EuiccConnector( 2403): transitionTo: destState=AvailableState
09-18 07:58:43.812 D/EuiccConnector( 2403): handleMessage: new destination call exit/enter
09-18 07:58:43.812 D/EuiccConnector( 2403): setupTempStateStackWithStatesToEnter: X mTempStateStackCount=2,curStateInfo: null
09-18 07:58:43.812 D/EuiccConnector( 2403): invokeExitMethods: ConnectedState
09-18 07:58:43.812 D/EuiccConnector( 2403): invokeExitMethods: DisconnectedState
09-18 07:58:43.813 D/EuiccConnector( 2403): moveTempStackToStateStack: i=1,j=0
09-18 07:58:43.813 D/EuiccConnector( 2403): moveTempStackToStateStack: i=0,j=1
09-18 07:58:43.813 D/EuiccConnector( 2403): moveTempStackToStateStack: X mStateStackTop=1,startingIndex=0,Top=AvailableState
09-18 07:58:43.813 D/EuiccConnector( 2403): invokeEnterMethods: UnavailableState
09-18 07:58:43.813 D/EuiccConnector( 2403): invokeEnterMethods: AvailableState
09-18 07:58:43.813 D/EuiccConnector( 2403): handleMessage: X
09-18 07:58:43.863 D/TrafficStats(13579): tagSocket(5) with statsTag=0xffffffff, statsUid=-1
09-18 07:58:43.871 I/System.out(13579): {"id":"d0c85d5f-06c6-4279-85ab-b5599b20bfed","uri":"poco-uiautomation-framework","method":[["getattr","selector"],["getattr","select"],["call",[["",["and",[["attr.*=",["name","(?s).*Microsoft OneDrive.*"]]]]],["",false]]]],"session_id":"d28e0446-8732-4c2c-bf67-ecb772c401be"}
09-18 07:58:43.931 D/TrafficStats(13579): tagSocket(96) with statsTag=0xffffffff, statsUid=-1
09-18 07:58:43.939 D/TrafficStats(13579): tagSocket(97) with statsTag=0xffffffff, statsUid=-1
09-18 07:58:43.946 D/TrafficStats(13579): tagSocket(5) with statsTag=0xffffffff, statsUid=-1
09-18 07:58:43.960 D/TrafficStats(13579): tagSocket(98) with statsTag=0xffffffff, statsUid=-1
09-18 07:58:43.964 D/TrafficStats(13579): tagSocket(99) with statsTag=0xffffffff, statsUid=-1
09-18 07:58:43.979 D/TrafficStats(13579): tagSocket(100) with statsTag=0xffffffff, statsUid=-1
09-18 07:58:44.042 I/pixel-thermal( 1630): usb_pwr_therm:27.498 raw data: usb_pwr_therm:27498 
09-18 07:58:44.059 I/pixel-thermal( 1630): VIRTUAL-USB-THROTTLING:0 raw data: USB-MINUS-NEUTRAL:-735 USB-MINUS-USB2:-290 VIRTUAL-USB-THROTTLING:0 neutral_therm:28233 usb_pwr_therm:27498 usb_pwr_therm2:27788 
09-18 07:58:44.059 I/pixel-thermal( 1630): VIRTUAL-USB-UI:0 raw data: USB-MINUS-NEUTRAL:-735 USB-MINUS-USB2:-290 VIRTUAL-USB-UI:0 usb_pwr_therm:27498 
09-18 07:58:44.059 I/pixel-thermal( 1630): Power rails total power: 848.49 mW for 60027 ms
09-18 07:58:44.060 I/pixel-thermal( 1630): Power rails [S6M_LLDO1: 94.49 mW] [L7S_SENSORS: 4.44 mW] [S10M_VDD_TPU: 0.00 mW] [S5M_VDD_INT: 9.54 mW] [S2M_VDD_CPUCL2: 41.46 mW] [S1M_VDD_MIF: 43.50 mW] 
09-18 07:58:44.060 I/pixel-thermal( 1630): Power rails [S4M_VDD_CPUCL0: 91.65 mW] [VSYS_PWR_WLAN_BT: 74.58 mW] [VSYS_PWR_RFFE: 1.29 mW] [VSYS_PWR_MODEM: 20.77 mW] [VSYS_PWR_MMWAVE: 0.00 mW] [S3M_VDD_CPUCL1: 54.25 mW] 
09-18 07:58:44.060 I/pixel-thermal( 1630): Power rails [L2S_PLL_MIPI_UFS: 24.63 mW] [L14S_ALIVE: 0.51 mW] [S9S_VDD_AOC: 4.29 mW] [S4S_VDD2H_MEM: 41.15 mW] [L9S_GNSS_CORE: 0.04 mW] [S8S_VDD_G3D_L2: 2.03 mW] 
09-18 07:58:44.060 I/pixel-thermal( 1630): Power rails [S5S_VDDQ_MEM: 7.94 mW] [S2S_VDD_G3D: 11.69 mW] [S1S_VDD_CAM: 8.05 mW] [S8M_LLDO2: 35.40 mW] [L15M_VDD_SLC_M: 15.76 mW] [VSYS_PWR_DISPLAY: 261.02 mW] 
09-18 07:58:44.068 W/System  (13579): A resource failed to call end. 
09-18 07:58:44.068 W/System  (13579): A resource failed to call end. 
09-18 07:58:44.069 W/System  (13579): A resource failed to call end. 
09-18 07:58:44.069 W/System  (13579): A resource failed to call end. 
09-18 07:58:44.069 W/System  (13579): A resource failed to call end. 
09-18 07:58:44.069 W/System  (13579): A resource failed to call end. 
09-18 07:58:44.069 W/System  (13579): A resource failed to call end. 
09-18 07:58:44.070 W/System  (13579): A resource failed to call end. 
09-18 07:58:44.070 W/System  (13579): A resource failed to call end. 
09-18 07:58:44.070 W/System  (13579): A resource failed to call end. 
09-18 07:58:44.070 W/System  (13579): A resource failed to call end. 
09-18 07:58:44.071 W/System  (13579): A resource failed to call end. 
09-18 07:58:44.071 W/System  (13579): A resource failed to call end. 
09-18 07:58:44.071 W/System  (13579): A resource failed to call end. 
09-18 07:58:44.072 W/System  (13579): A resource failed to call end. 
09-18 07:58:44.072 W/System  (13579): A resource failed to call end. 
09-18 07:58:44.072 W/System  (13579): A resource failed to call end. 
09-18 07:58:44.073 W/System  (13579): A resource failed to call end. 
09-18 07:58:44.074 W/System  (13579): A resource failed to call end. 
09-18 07:58:44.077 W/System  (13579): A resource failed to call end. 
09-18 07:58:44.276 I/bthal.activity(  881): bt_power: LeAdvStat: 07:58:42:927 - 07:58:44:275, duration: 1347, le_adv_count: 6, total_le_adv_count: 1468651, total_event_count: 9
09-18 07:58:44.291 I/WifiHAL (  959): Creating message to get link statistics; iface = 48
09-18 07:58:44.360 I/WifiHAL (  959): In GetLinkStatsCommand::handleResponse
09-18 07:58:44.441 D/ConnectivityService( 1449): NetReassign [no changes] [c 1] [a 2] [i 14]
09-18 07:58:45.010 D/TrafficStats(13579): tagSocket(5) with statsTag=0xffffffff, statsUid=-1
09-18 07:58:45.016 D/TrafficStats(13579): tagSocket(96) with statsTag=0xffffffff, statsUid=-1
09-18 07:58:45.022 D/TrafficStats(13579): tagSocket(97) with statsTag=0xffffffff, statsUid=-1
09-18 07:58:45.047 D/TrafficStats(13579): tagSocket(98) with statsTag=0xffffffff, statsUid=-1
09-18 07:58:45.052 D/TrafficStats(13579): tagSocket(99) with statsTag=0xffffffff, statsUid=-1
09-18 07:58:45.059 D/TrafficStats(13579): tagSocket(100) with statsTag=0xffffffff, statsUid=-1
09-18 07:58:45.175 I/flutter (13836): [2024-09-18 07:58:45.175448] Active subscriptions (2)
09-18 07:58:45.389 D/TrafficStats(13579): tagSocket(5) with statsTag=0xffffffff, statsUid=-1
09-18 07:58:45.403 I/System.out(13579): {"id":"bba36eea-44fc-42d9-8a3c-188f6c9d7fbf","uri":"poco-uiautomation-framework","method":[["getattr","selector"],["getattr","select"],["call",[["",["and",[["attr.*=",["name","(?s).*Microsoft OneDrive.*"]]]]],["",false]]]],"session_id":"d28e0446-8732-4c2c-bf67-ecb772c401be"}
09-18 07:58:45.662 I/bthal.activity(  881): bt_power: LeAdvStat: 07:58:44:658 - 07:58:45:661, duration: 1003, le_adv_count: 2, total_le_adv_count: 1468653, total_event_count: 2
09-18 07:58:45.694 I/pixel-thermal( 1630): VIRTUAL-SKIN:28.2883 raw data: VIRTUAL-GNSS-DISP:28288.3 VIRTUAL-NEUTRAL-QUIET:27433.5 VIRTUAL-QUIET-USB2:26487.2 VIRTUAL-SKIN:28288.3 VIRTUAL-USB2-QUIET:25967.6 disp_therm:27899 gnss_tcxo_therm:29346 neutral_therm:28233 quiet_therm:27676 usb_pwr_therm2:27788 
09-18 07:58:45.696 D/TemperatureStateSource( 2221): getDeviceTemperatures: deviceTemperatureType=3 temperatureSource=0 temperatures=[28.288261]
09-18 07:58:45.697 D/BusinessScope( 2221): Start running the #362100 block
09-18 07:58:45.698 D/BusinessScope( 2221): Finish running the #362100 block
09-18 07:58:45.698 D/BusinessScope( 2221): Start running the #362101 block
09-18 07:58:45.699 D/BusinessScope( 2221): Finish running the #362101 block
09-18 07:58:46.157 D/TrafficStats(13579): tagSocket(5) with statsTag=0xffffffff, statsUid=-1
09-18 07:58:46.165 D/TrafficStats(13579): tagSocket(96) with statsTag=0xffffffff, statsUid=-1
09-18 07:58:46.171 D/TrafficStats(13579): tagSocket(97) with statsTag=0xffffffff, statsUid=-1
09-18 07:58:46.177 D/TrafficStats(13579): tagSocket(98) with statsTag=0xffffffff, statsUid=-1
09-18 07:58:46.193 D/TrafficStats(13579): tagSocket(99) with statsTag=0xffffffff, statsUid=-1
09-18 07:58:46.196 D/TrafficStats(13579): tagSocket(100) with statsTag=0xffffffff, statsUid=-1
09-18 07:58:46.919 D/TrafficStats(13579): tagSocket(5) with statsTag=0xffffffff, statsUid=-1
09-18 07:58:46.932 I/System.out(13579): {"id":"1ba458b3-4c35-4064-93e4-c30513270cc9","uri":"poco-uiautomation-framework","method":[["getattr","selector"],["getattr","select"],["call",[["",["and",[["attr.*=",["name","(?s).*Microsoft OneDrive.*"]]]]],["",false]]]],"session_id":"d28e0446-8732-4c2c-bf67-ecb772c401be"}
09-18 07:58:47.020 I/bthal.activity(  881): bt_power: LeAdvStat: 07:58:46:016 - 07:58:47:020, duration: 1004, le_adv_count: 2, total_le_adv_count: 1468655, total_event_count: 2
09-18 07:58:47.278 D/TrafficStats(13579): tagSocket(5) with statsTag=0xffffffff, statsUid=-1
09-18 07:58:47.287 D/TrafficStats(13579): tagSocket(96) with statsTag=0xffffffff, statsUid=-1
09-18 07:58:47.297 D/TrafficStats(13579): tagSocket(97) with statsTag=0xffffffff, statsUid=-1
09-18 07:58:47.299 D/TrafficStats(13579): tagSocket(98) with statsTag=0xffffffff, statsUid=-1
09-18 07:58:47.302 D/TrafficStats(13579): tagSocket(99) with statsTag=0xffffffff, statsUid=-1
09-18 07:58:47.306 D/TrafficStats(13579): tagSocket(100) with statsTag=0xffffffff, statsUid=-1
09-18 07:58:47.414 I/WifiHAL (  959): Creating message to get link statistics; iface = 48
09-18 07:58:47.432 W/System  (13579): A resource failed to call end. 
09-18 07:58:47.432 W/System  (13579): A resource failed to call end. 
09-18 07:58:47.432 W/System  (13579): A resource failed to call end. 
09-18 07:58:47.433 W/System  (13579): A resource failed to call end. 
09-18 07:58:47.433 W/System  (13579): A resource failed to call end. 
09-18 07:58:47.433 W/System  (13579): A resource failed to call end. 
09-18 07:58:47.434 W/System  (13579): A resource failed to call end. 
09-18 07:58:47.434 W/System  (13579): A resource failed to call end. 
09-18 07:58:47.434 W/System  (13579): A resource failed to call end. 
09-18 07:58:47.434 W/System  (13579): A resource failed to call end. 
09-18 07:58:47.435 W/System  (13579): A resource failed to call end. 
09-18 07:58:47.435 W/System  (13579): A resource failed to call end. 
09-18 07:58:47.435 W/System  (13579): A resource failed to call end. 
09-18 07:58:47.435 W/System  (13579): A resource failed to call end. 
09-18 07:58:47.436 W/System  (13579): A resource failed to call end. 
09-18 07:58:47.436 W/System  (13579): A resource failed to call end. 
09-18 07:58:47.436 W/System  (13579): A resource failed to call end. 
09-18 07:58:47.437 W/System  (13579): A resource failed to call end. 
09-18 07:58:47.463 I/WifiHAL (  959): In GetLinkStatsCommand::handleResponse
09-18 07:58:47.510 D/ConnectivityService( 1449): NetReassign [no changes] [c 1] [a 0] [i 8]
09-18 07:58:48.187 I/keystore2(  538): system/security/keystore2/watchdog/src/lib.rs:319 - Watchdog thread idle -> terminating. Have a great day.
09-18 07:58:48.337 I/bthal.activity(  881): bt_power: LeAdvStat: 07:58:47:335 - 07:58:48:337, duration: 1001, le_adv_count: 1, total_le_adv_count: 1468656, total_event_count: 1
09-18 07:58:48.393 D/TrafficStats(13579): tagSocket(5) with statsTag=0xffffffff, statsUid=-1
09-18 07:58:48.400 D/TrafficStats(13579): tagSocket(96) with statsTag=0xffffffff, statsUid=-1
09-18 07:58:48.409 D/TrafficStats(13579): tagSocket(97) with statsTag=0xffffffff, statsUid=-1
09-18 07:58:48.419 D/TrafficStats(13579): tagSocket(98) with statsTag=0xffffffff, statsUid=-1
09-18 07:58:48.426 D/TrafficStats(13579): tagSocket(99) with statsTag=0xffffffff, statsUid=-1
09-18 07:58:48.430 D/TrafficStats(13579): tagSocket(102) with statsTag=0xffffffff, statsUid=-1
09-18 07:58:48.433 D/TrafficStats(13579): tagSocket(100) with statsTag=0xffffffff, statsUid=-1
09-18 07:58:48.434 I/System.out(13579): {"id":"bd4d8bda-1583-41c7-a713-69318299aa51","uri":"poco-uiautomation-framework","method":[["getattr","selector"],["getattr","select"],["call",[["",["and",[["attr.*=",["name","(?s).*Microsoft OneDrive.*"]]]]],["",false]]]],"session_id":"d28e0446-8732-4c2c-bf67-ecb772c401be"}
09-18 07:58:48.647 W/statsd  (  868): StateTracker not found for state atom 805
09-18 07:58:48.648 W/statsd  (  868): StateTracker not found for state atom 854
09-18 07:58:48.654 W/ProcessStats( 1449): Tracking association SourceState{288950 com.android.phone/1001 ImpFg #1857957} whose proc state 5 is better than process ProcessState{2592625 com.google.android.iwlan/1000 pkg=com.google.android.iwlan} proc state 14 (90 skipped)
09-18 07:58:49.470 D/TrafficStats(13579): tagSocket(5) with statsTag=0xffffffff, statsUid=-1
09-18 07:58:49.499 D/TrafficStats(13579): tagSocket(96) with statsTag=0xffffffff, statsUid=-1
09-18 07:58:49.506 D/TrafficStats(13579): tagSocket(97) with statsTag=0xffffffff, statsUid=-1
09-18 07:58:49.514 D/TrafficStats(13579): tagSocket(98) with statsTag=0xffffffff, statsUid=-1
09-18 07:58:49.516 D/TrafficStats(13579): tagSocket(99) with statsTag=0xffffffff, statsUid=-1
09-18 07:58:49.518 D/TrafficStats(13579): tagSocket(100) with statsTag=0xffffffff, statsUid=-1
09-18 07:58:49.734 I/bthal.activity(  881): bt_power: LeAdvStat: 07:58:48:731 - 07:58:49:734, duration: 1002, le_adv_count: 2, total_le_adv_count: 1468658, total_event_count: 2
09-18 07:58:49.939 D/TrafficStats(13579): tagSocket(5) with statsTag=0xffffffff, statsUid=-1
09-18 07:58:49.953 I/System.out(13579): {"id":"60a79fd0-e964-4622-820c-32a31c3bd3e3","uri":"poco-uiautomation-framework","method":[["getattr","selector"],["getattr","select"],["call",[["",["and",[["attr.*=",["name","(?s).*Microsoft OneDrive.*"]]]]],["",false]]]],"session_id":"d28e0446-8732-4c2c-bf67-ecb772c401be"}
09-18 07:58:50.355 I/NearbyMediums(17809): Found Fast Ble Advertisements :
09-18 07:58:50.355 I/NearbyMediums(17809): BleAdvertisement { version=2, socketVersion=2, isFast=true, serviceIdHash=null, data=[ 0x23 0x4a 0x47 0x48 0x52 0x11 0x32 0x52 0xbf 0x40 0x4c 0xb6 0x51 0x85 0xd1 0xa9 0x96 0x5f 0x15 0x4d 0x92 0xf0 0x1c ], deviceToken=[ 0xb9 0xc2 ], rxAdvertisement=null } : 3 times.
09-18 07:58:50.355 I/NearbyMediums(17809): BleAdvertisement { version=2, socketVersion=2, isFast=true, serviceIdHash=null, data=[ 0x23 0x48 0x46 0x43 0x33 0x11 0x32 0x19 0x2b 0x37 0x16 0xd5 0xcd 0x1a 0xb3 0x7f 0x10 0xa4 0x3f 0x5e 0xbe 0xe5 0x18 ], deviceToken=[ 0x2f 0xc3 ], rxAdvertisement=null } : 5 times.
09-18 07:58:50.355 I/NearbyMediums(17809): Total 8 fast advertisements.
09-18 07:58:50.503 I/WifiHAL (  959): Creating message to get link statistics; iface = 48
09-18 07:58:50.554 D/TrafficStats(13579): tagSocket(5) with statsTag=0xffffffff, statsUid=-1
09-18 07:58:50.572 D/TrafficStats(13579): tagSocket(96) with statsTag=0xffffffff, statsUid=-1
09-18 07:58:50.587 I/WifiHAL (  959): In GetLinkStatsCommand::handleResponse
09-18 07:58:50.594 D/TrafficStats(13579): tagSocket(97) with statsTag=0xffffffff, statsUid=-1
09-18 07:58:50.597 D/TrafficStats(13579): tagSocket(98) with statsTag=0xffffffff, statsUid=-1
09-18 07:58:50.600 D/TrafficStats(13579): tagSocket(99) with statsTag=0xffffffff, statsUid=-1
09-18 07:58:50.610 D/TrafficStats(13579): tagSocket(100) with statsTag=0xffffffff, statsUid=-1
09-18 07:58:50.628 D/ConnectivityService( 1449): NetReassign [no changes] [c 0] [a 0] [i 6]
09-18 07:58:50.686 W/System  (13579): A resource failed to call end. 
09-18 07:58:50.687 W/System  (13579): A resource failed to call end. 
09-18 07:58:50.687 W/System  (13579): A resource failed to call end. 
09-18 07:58:50.687 W/System  (13579): A resource failed to call end. 
09-18 07:58:50.687 W/System  (13579): A resource failed to call end. 
09-18 07:58:50.687 W/System  (13579): A resource failed to call end. 
09-18 07:58:50.687 W/System  (13579): A resource failed to call end. 
09-18 07:58:50.687 W/System  (13579): A resource failed to call end. 
09-18 07:58:50.688 W/System  (13579): A resource failed to call end. 
09-18 07:58:50.688 W/System  (13579): A resource failed to call end. 
09-18 07:58:50.688 W/System  (13579): A resource failed to call end. 
09-18 07:58:50.688 W/System  (13579): A resource failed to call end. 
09-18 07:58:50.688 W/System  (13579): A resource failed to call end. 
09-18 07:58:50.688 W/System  (13579): A resource failed to call end. 
09-18 07:58:50.689 W/System  (13579): A resource failed to call end. 
09-18 07:58:50.689 W/System  (13579): A resource failed to call end. 
09-18 07:58:50.689 W/System  (13579): A resource failed to call end. 
09-18 07:58:50.690 W/System  (13579): A resource failed to call end. 
09-18 07:58:50.690 W/System  (13579): A resource failed to call end. 
09-18 07:58:50.690 W/System  (13579): A resource failed to call end. 
09-18 07:58:50.690 W/System  (13579): A resource failed to call end. 
09-18 07:58:50.690 W/System  (13579): A resource failed to call end. 
09-18 07:58:51.110 I/bthal.activity(  881): bt_power: LeAdvStat: 07:58:50:105 - 07:58:51:109, duration: 1004, le_adv_count: 2, total_le_adv_count: 1468660, total_event_count: 2
09-18 07:58:51.457 D/TrafficStats(13579): tagSocket(5) with statsTag=0xffffffff, statsUid=-1
09-18 07:58:51.472 I/System.out(13579): {"id":"e035cb6d-22c6-4e21-8ddf-9b62a692105b","uri":"poco-uiautomation-framework","method":[["getattr","selector"],["getattr","select"],["call",[["",["and",[["attr.*=",["name","(?s).*Microsoft OneDrive.*"]]]]],["",false]]]],"session_id":"d28e0446-8732-4c2c-bf67-ecb772c401be"}
09-18 07:58:51.662 D/TrafficStats(13579): tagSocket(5) with statsTag=0xffffffff, statsUid=-1
09-18 07:58:51.672 D/TrafficStats(13579): tagSocket(96) with statsTag=0xffffffff, statsUid=-1
09-18 07:58:51.679 D/TrafficStats(13579): tagSocket(97) with statsTag=0xffffffff, statsUid=-1
09-18 07:58:51.687 D/TrafficStats(13579): tagSocket(98) with statsTag=0xffffffff, statsUid=-1
09-18 07:58:51.702 D/TrafficStats(13579): tagSocket(99) with statsTag=0xffffffff, statsUid=-1
09-18 07:58:51.721 D/TrafficStats(13579): tagSocket(100) with statsTag=0xffffffff, statsUid=-1
09-18 07:58:52.615 I/bthal.activity(  881): bt_power: LeAdvStat: 07:58:51:612 - 07:58:52:615, duration: 1002, le_adv_count: 2, total_le_adv_count: 1468662, total_event_count: 2
09-18 07:58:52.803 D/TrafficStats(13579): tagSocket(5) with statsTag=0xffffffff, statsUid=-1
09-18 07:58:52.811 D/TrafficStats(13579): tagSocket(96) with statsTag=0xffffffff, statsUid=-1
09-18 07:58:52.817 D/TrafficStats(13579): tagSocket(97) with statsTag=0xffffffff, statsUid=-1
09-18 07:58:52.824 D/TrafficStats(13579): tagSocket(98) with statsTag=0xffffffff, statsUid=-1
09-18 07:58:52.838 D/TrafficStats(13579): tagSocket(99) with statsTag=0xffffffff, statsUid=-1
09-18 07:58:52.846 D/TrafficStats(13579): tagSocket(100) with statsTag=0xffffffff, statsUid=-1
09-18 07:58:52.984 D/TrafficStats(13579): tagSocket(5) with statsTag=0xffffffff, statsUid=-1
09-18 07:58:52.991 I/System.out(13579): {"id":"e9840062-7dc7-4bd7-babd-68b43bc2f242","uri":"poco-uiautomation-framework","method":[["getattr","selector"],["getattr","select"],["call",[["",["and",[["attr.*=",["name","(?s).*Microsoft OneDrive.*"]]]]],["",false]]]],"session_id":"d28e0446-8732-4c2c-bf67-ecb772c401be"}
09-18 07:58:53.623 I/WifiHAL (  959): Creating message to get link statistics; iface = 48
09-18 07:58:53.687 I/WifiHAL (  959): In GetLinkStatsCommand::handleResponse
09-18 07:58:53.770 D/ConnectivityService( 1449): NetReassign [no changes] [c 1] [a 1] [i 17]
09-18 07:58:53.817 D/ActivityManager( 1449): freezing 23281 com.google.android.euicc
09-18 07:58:53.826 D/InetDiagMessage( 1449): Destroyed 0 sockets, proto=IPPROTO_TCP, family=AF_INET, states=14
09-18 07:58:53.829 D/InetDiagMessage( 1449): Destroyed 0 sockets, proto=IPPROTO_TCP, family=AF_INET6, states=14
09-18 07:58:53.829 D/InetDiagMessage( 1449): Destroyed live tcp sockets for uids={10119} in 7ms
09-18 07:58:53.931 D/TrafficStats(13579): tagSocket(5) with statsTag=0xffffffff, statsUid=-1
09-18 07:58:53.936 D/TrafficStats(13579): tagSocket(96) with statsTag=0xffffffff, statsUid=-1
09-18 07:58:53.941 D/TrafficStats(13579): tagSocket(97) with statsTag=0xffffffff, statsUid=-1
09-18 07:58:53.946 D/TrafficStats(13579): tagSocket(98) with statsTag=0xffffffff, statsUid=-1
09-18 07:58:53.951 D/TrafficStats(13579): tagSocket(99) with statsTag=0xffffffff, statsUid=-1
09-18 07:58:53.958 D/TrafficStats(13579): tagSocket(100) with statsTag=0xffffffff, statsUid=-1
09-18 07:58:53.967 I/bthal.activity(  881): bt_power: LeAdvStat: 07:58:52:963 - 07:58:53:967, duration: 1003, le_adv_count: 2, total_le_adv_count: 1468664, total_event_count: 0
09-18 07:58:54.105 W/System  (13579): A resource failed to call end. 
09-18 07:58:54.105 W/System  (13579): A resource failed to call end. 
09-18 07:58:54.105 W/System  (13579): A resource failed to call end. 
09-18 07:58:54.106 W/System  (13579): A resource failed to call end. 
09-18 07:58:54.106 W/System  (13579): A resource failed to call end. 
09-18 07:58:54.106 W/System  (13579): A resource failed to call end. 
09-18 07:58:54.106 W/System  (13579): A resource failed to call end. 
09-18 07:58:54.106 W/System  (13579): A resource failed to call end. 
09-18 07:58:54.106 W/System  (13579): A resource failed to call end. 
09-18 07:58:54.107 W/System  (13579): A resource failed to call end. 
09-18 07:58:54.107 W/System  (13579): A resource failed to call end. 
09-18 07:58:54.107 W/System  (13579): A resource failed to call end. 
09-18 07:58:54.107 W/System  (13579): A resource failed to call end. 
09-18 07:58:54.108 W/System  (13579): A resource failed to call end. 
09-18 07:58:54.108 W/System  (13579): A resource failed to call end. 
09-18 07:58:54.108 W/System  (13579): A resource failed to call end. 
09-18 07:58:54.109 W/System  (13579): A resource failed to call end. 
09-18 07:58:54.109 W/System  (13579): A resource failed to call end. 
09-18 07:58:54.109 W/System  (13579): A resource failed to call end. 
09-18 07:58:54.111 W/System  (13579): A resource failed to call end. 
09-18 07:58:54.111 W/System  (13579): A resource failed to call end. 
09-18 07:58:54.111 W/System  (13579): A resource failed to call end. 
09-18 07:58:54.490 D/TrafficStats(13579): tagSocket(5) with statsTag=0xffffffff, statsUid=-1
09-18 07:58:54.502 I/System.out(13579): {"id":"b92b5fc0-0793-448d-b982-fc8f65980cfe","uri":"poco-uiautomation-framework","method":[["getattr","selector"],["getattr","select"],["call",[["",["and",[["attr.*=",["name","(?s).*Microsoft OneDrive.*"]]]]],["",false]]]],"session_id":"d28e0446-8732-4c2c-bf67-ecb772c401be"}
09-18 07:58:55.073 D/TrafficStats(13579): tagSocket(5) with statsTag=0xffffffff, statsUid=-1
09-18 07:58:55.081 D/TrafficStats(13579): tagSocket(96) with statsTag=0xffffffff, statsUid=-1
09-18 07:58:55.089 D/TrafficStats(13579): tagSocket(97) with statsTag=0xffffffff, statsUid=-1
09-18 07:58:55.101 D/TrafficStats(13579): tagSocket(98) with statsTag=0xffffffff, statsUid=-1
09-18 07:58:55.106 D/TrafficStats(13579): tagSocket(99) with statsTag=0xffffffff, statsUid=-1
09-18 07:58:55.131 D/TrafficStats(13579): tagSocket(100) with statsTag=0xffffffff, statsUid=-1
09-18 07:58:55.388 I/bthal.activity(  881): bt_power: LeAdvStat: 07:58:54:383 - 07:58:55:387, duration: 1004, le_adv_count: 2, total_le_adv_count: 1468666, total_event_count: 2
09-18 07:58:55.706 I/pixel-thermal( 1630): VIRTUAL-SKIN:28.0322 raw data: VIRTUAL-GNSS-DISP:28032.2 VIRTUAL-NEUTRAL-QUIET:27469.9 VIRTUAL-QUIET-USB2:26525.4 VIRTUAL-SKIN:28032.2 VIRTUAL-USB2-QUIET:25974.6 disp_therm:27966 gnss_tcxo_therm:28856 neutral_therm:28255 quiet_therm:27721 usb_pwr_therm2:27765 
09-18 07:58:55.710 D/TemperatureStateSource( 2221): getDeviceTemperatures: deviceTemperatureType=3 temperatureSource=0 temperatures=[28.0322]
09-18 07:58:55.712 D/BusinessScope( 2221): Start running the #362102 block
09-18 07:58:55.714 I/pixel-thermal( 1630): VIRTUAL-SKIN:28.0322 raw data: VIRTUAL-SKIN:28032.2 
09-18 07:58:55.716 I/TemperatureStateSource( 2221): temperature was set
09-18 07:58:55.719 D/BusinessScope( 2221): Finish running the #362102 block
09-18 07:58:55.719 D/BusinessScope( 2221): Start running the #362103 block
09-18 07:58:55.721 D/ImpulseConnection( 2221): bindService: com.google.android.apps.turbo
09-18 07:58:55.759 D/ActivityManager( 1449): sync unfroze 21633 com.google.android.apps.turbo for 6
09-18 07:58:55.772 D/ImpulseConnection( 2221): onServiceConnected: ComponentInfo{com.google.android.apps.turbo/com.google.android.apps.turbo.adaptiveplatform.impulse.ImpulseClientService} service is null false
09-18 07:58:55.773 D/BusinessScope( 2221): Finish running the #362103 block
09-18 07:58:56.011 D/TrafficStats(13579): tagSocket(5) with statsTag=0xffffffff, statsUid=-1
09-18 07:58:56.022 I/System.out(13579): {"id":"fca94d42-b70a-460e-b431-e00ddf75df1e","uri":"poco-uiautomation-framework","method":[["getattr","selector"],["getattr","select"],["call",[["",["and",[["attr.*=",["name","(?s).*Microsoft OneDrive.*"]]]]],["",false]]]],"session_id":"d28e0446-8732-4c2c-bf67-ecb772c401be"}
09-18 07:58:56.210 D/TrafficStats(13579): tagSocket(5) with statsTag=0xffffffff, statsUid=-1
09-18 07:58:56.217 D/TrafficStats(13579): tagSocket(96) with statsTag=0xffffffff, statsUid=-1
09-18 07:58:56.225 D/TrafficStats(13579): tagSocket(97) with statsTag=0xffffffff, statsUid=-1
09-18 07:58:56.233 D/TrafficStats(13579): tagSocket(98) with statsTag=0xffffffff, statsUid=-1
09-18 07:58:56.238 D/TrafficStats(13579): tagSocket(99) with statsTag=0xffffffff, statsUid=-1
09-18 07:58:56.250 D/TrafficStats(13579): tagSocket(100) with statsTag=0xffffffff, statsUid=-1
09-18 07:58:56.749 I/WifiHAL (  959): Creating message to get link statistics; iface = 48
09-18 07:58:56.811 I/bthal.activity(  881): bt_power: LeAdvStat: 07:58:55:747 - 07:58:56:810, duration: 1063, le_adv_count: 3, total_le_adv_count: 1468669, total_event_count: 3
09-18 07:58:56.819 I/WifiHAL (  959): In GetLinkStatsCommand::handleResponse
09-18 07:58:56.899 D/ConnectivityService( 1449): NetReassign [no changes] [c 1] [a 1] [i 16]
09-18 07:58:57.333 D/TrafficStats(13579): tagSocket(5) with statsTag=0xffffffff, statsUid=-1
09-18 07:58:57.341 D/TrafficStats(13579): tagSocket(96) with statsTag=0xffffffff, statsUid=-1
09-18 07:58:57.351 D/TrafficStats(13579): tagSocket(97) with statsTag=0xffffffff, statsUid=-1
09-18 07:58:57.365 D/TrafficStats(13579): tagSocket(98) with statsTag=0xffffffff, statsUid=-1
09-18 07:58:57.367 D/TrafficStats(13579): tagSocket(99) with statsTag=0xffffffff, statsUid=-1
09-18 07:58:57.377 D/TrafficStats(13579): tagSocket(100) with statsTag=0xffffffff, statsUid=-1
09-18 07:58:57.472 W/System  (13579): A resource failed to call end. 
09-18 07:58:57.472 W/System  (13579): A resource failed to call end. 
09-18 07:58:57.473 W/System  (13579): A resource failed to call end. 
09-18 07:58:57.473 W/System  (13579): A resource failed to call end. 
09-18 07:58:57.473 W/System  (13579): A resource failed to call end. 
09-18 07:58:57.473 W/System  (13579): A resource failed to call end. 
09-18 07:58:57.473 W/System  (13579): A resource failed to call end. 
09-18 07:58:57.474 W/System  (13579): A resource failed to call end. 
09-18 07:58:57.474 W/System  (13579): A resource failed to call end. 
09-18 07:58:57.474 W/System  (13579): A resource failed to call end. 
09-18 07:58:57.474 W/System  (13579): A resource failed to call end. 
09-18 07:58:57.475 W/System  (13579): A resource failed to call end. 
09-18 07:58:57.475 W/System  (13579): A resource failed to call end. 
09-18 07:58:57.475 W/System  (13579): A resource failed to call end. 
09-18 07:58:57.475 W/System  (13579): A resource failed to call end. 
09-18 07:58:57.475 W/System  (13579): A resource failed to call end. 
09-18 07:58:57.476 W/System  (13579): A resource failed to call end. 
09-18 07:58:57.476 W/System  (13579): A resource failed to call end. 
09-18 07:58:57.476 W/System  (13579): A resource failed to call end. 
09-18 07:58:57.478 W/System  (13579): A resource failed to call end. 
09-18 07:58:57.526 D/TrafficStats(13579): tagSocket(5) with statsTag=0xffffffff, statsUid=-1
09-18 07:58:57.535 I/System.out(13579): {"id":"0adb23c3-e4e4-4caf-bd41-53831f088b49","uri":"poco-uiautomation-framework","method":[["getattr","selector"],["getattr","select"],["call",[["",["and",[["attr.*=",["name","(?s).*Microsoft OneDrive.*"]]]]],["",false]]]],"session_id":"d28e0446-8732-4c2c-bf67-ecb772c401be"}
09-18 07:58:58.441 D/TrafficStats(13579): tagSocket(5) with statsTag=0xffffffff, statsUid=-1
09-18 07:58:58.446 D/TrafficStats(13579): tagSocket(96) with statsTag=0xffffffff, statsUid=-1
09-18 07:58:58.453 D/TrafficStats(13579): tagSocket(97) with statsTag=0xffffffff, statsUid=-1
09-18 07:58:58.461 D/TrafficStats(13579): tagSocket(98) with statsTag=0xffffffff, statsUid=-1
09-18 07:58:58.473 D/TrafficStats(13579): tagSocket(99) with statsTag=0xffffffff, statsUid=-1
09-18 07:58:58.485 D/TrafficStats(13579): tagSocket(100) with statsTag=0xffffffff, statsUid=-1
09-18 07:58:58.685 W/ProcessStats( 1449): Tracking association SourceState{288950 com.android.phone/1001 ImpFg #1857965} whose proc state 5 is better than process ProcessState{2592625 com.google.android.iwlan/1000 pkg=com.google.android.iwlan} proc state 14 (37 skipped)
09-18 07:58:59.063 D/TrafficStats(13579): tagSocket(5) with statsTag=0xffffffff, statsUid=-1
09-18 07:58:59.075 I/System.out(13579): {"id":"579a98b0-9367-488f-bff0-69955194efb0","uri":"poco-uiautomation-framework","method":[["getattr","selector"],["getattr","select"],["call",[["",["and",[["attr.*=",["name","(?s).*Microsoft OneDrive.*"]]]]],["",false]]]],"session_id":"d28e0446-8732-4c2c-bf67-ecb772c401be"}
09-18 07:58:59.440 D/USF     (  923): AP/AOC clock synced: AOC: 1810507495931736 ns (44495026658140 tk), AP: 1810505319705074 ns, diff = 2176226662 ns
09-18 07:58:59.533 D/TrafficStats(13579): tagSocket(5) with statsTag=0xffffffff, statsUid=-1
09-18 07:58:59.539 D/TrafficStats(13579): tagSocket(96) with statsTag=0xffffffff, statsUid=-1
09-18 07:58:59.545 D/TrafficStats(13579): tagSocket(97) with statsTag=0xffffffff, statsUid=-1
09-18 07:58:59.562 D/TrafficStats(13579): tagSocket(98) with statsTag=0xffffffff, statsUid=-1
09-18 07:58:59.572 D/TrafficStats(13579): tagSocket(99) with statsTag=0xffffffff, statsUid=-1
09-18 07:58:59.578 D/TrafficStats(13579): tagSocket(100) with statsTag=0xffffffff, statsUid=-1
09-18 07:58:59.668 I/bthal.activity(  881): bt_power: LeAdvStat: 07:58:58:597 - 07:58:59:667, duration: 1070, le_adv_count: 2, total_le_adv_count: 1468671, total_event_count: 0
09-18 07:58:59.879 I/WifiHAL (  959): Creating message to get link statistics; iface = 48
09-18 07:58:59.950 I/WifiHAL (  959): In GetLinkStatsCommand::handleResponse
09-18 07:59:00.019 D/ConnectivityService( 1449): NetReassign [no changes] [c 1] [a 1] [i 9]
09-18 07:59:00.039 I/AiAiEcho(15286): (REDACTED) Predicting[%d]: %s
09-18 07:59:00.040 I/AiAiEcho(15286): (REDACTED) EchoTargets: %s
09-18 07:59:00.040 I/AiAiEcho(15286): Filtered by AiAi flag check: %s
09-18 07:59:00.040 I/AiAiEcho(15286): (REDACTED) Ranked targets strategy: %s, count: %d, ranking metadata: %s
09-18 07:59:00.041 I/AiAiEcho(15286): #weatherTwiddler: Weather extracts SubtitleSupplementalItem in lockscreen surface [CONTEXT ratelimit_period="10 SECONDS" ]
09-18 07:59:00.041 I/AiAiEcho(15286): #remoteViewsTwiddler: feature disabled.
09-18 07:59:00.041 I/AiAiEcho(15286): (REDACTED) Predicting[%d]: %s
09-18 07:59:00.041 I/AiAiEcho(15286): (REDACTED) EchoTargets: %s
09-18 07:59:00.041 I/AiAiEcho(15286): Filtered by AiAi flag check: %s
09-18 07:59:00.042 I/AiAiEcho(15286): (REDACTED) Ranked targets strategy: %s, count: %d, ranking metadata: %s
