09-18 07:57:58.826 I/bluetooth( 2206): packages/modules/Bluetooth/system/gd/hci/le_address_manager.cc:277 - ack_pause: Client already in paused state
09-18 07:57:58.826 I/bluetooth( 2206): packages/modules/Bluetooth/system/gd/hci/le_address_manager.cc:277 - ack_pause: Client already in paused state
09-18 07:57:58.828 I/bthal.debug_central(  881): Command Complete Event of LE_SET_EXTENDED_SCAN_ENABLE, opcode:2042
09-18 07:57:58.828 I/bthal.flowcontrol(  881): HciEventPreProcess: HCI Event 0xe Opcode 0x2042 Length 6 unhandled by LeSetExtentedScanEnableEvent
09-18 07:57:58.831 I/bluetooth( 2206): packages/modules/Bluetooth/system/gd/hci/le_address_manager.cc:613 - OnCommandComplete: Received command complete with op_code LE_ADD_DEVICE_TO_FILTER_ACCEPT_LIST
09-18 07:57:58.831 I/bluetooth( 2206): packages/modules/Bluetooth/system/gd/hci/le_address_manager.cc:306 - resume_registered_clients: Resuming registered clients
09-18 07:57:58.832 I/bthal.activity(  881): LogActivities: LE Extended Create Connection
09-18 07:57:58.835 I/bthal.activity(  881): LogActivities: Enable LE Scanning, 0x2042
09-18 07:57:58.836 I/bluetooth( 2206): packages/modules/Bluetooth/system/gd/hci/acl_manager/le_impl.h:775 - update_connectability_state_after_armed: Le connection state machine armed state:ConnectabilityState::ARMED status:SUCCESS
09-18 07:57:58.836 I/bthal.debug_central(  881): Command Complete Event of LE_SET_EXTENDED_SCAN_ENABLE, opcode:2042
09-18 07:57:58.837 I/bthal.flowcontrol(  881): HciEventPreProcess: HCI Event 0xe Opcode 0x2042 Length 6 unhandled by LeSetExtentedScanEnableEvent
09-18 07:57:59.446 D/TrafficStats(13579): tagSocket(5) with statsTag=0xffffffff, statsUid=-1
09-18 07:57:59.455 D/TrafficStats(13579): tagSocket(96) with statsTag=0xffffffff, statsUid=-1
09-18 07:57:59.457 D/TrafficStats(13579): tagSocket(97) with statsTag=0xffffffff, statsUid=-1
09-18 07:57:59.519 D/TrafficStats(13579): tagSocket(98) with statsTag=0xffffffff, statsUid=-1
09-18 07:57:59.530 D/TrafficStats(13579): tagSocket(99) with statsTag=0xffffffff, statsUid=-1
09-18 07:57:59.533 D/TrafficStats(13579): tagSocket(100) with statsTag=0xffffffff, statsUid=-1
09-18 07:58:00.040 I/AiAiEcho(15286): (REDACTED) Predicting[%d]: %s
09-18 07:58:00.041 I/AiAiEcho(15286): (REDACTED) EchoTargets: %s
09-18 07:58:00.041 I/AiAiEcho(15286): Filtered by AiAi flag check: %s
09-18 07:58:00.042 I/AiAiEcho(15286): (REDACTED) Ranked targets strategy: %s, count: %d, ranking metadata: %s
09-18 07:58:00.043 I/AiAiEcho(15286): #weatherTwiddler: Weather extracts SubtitleSupplementalItem in lockscreen surface [CONTEXT ratelimit_period="10 SECONDS" ]
09-18 07:58:00.043 I/AiAiEcho(15286): #remoteViewsTwiddler: feature disabled.
09-18 07:58:00.043 I/AiAiEcho(15286): (REDACTED) Predicting[%d]: %s
09-18 07:58:00.046 I/AiAiEcho(15286): (REDACTED) EchoTargets: %s
09-18 07:58:00.046 I/AiAiEcho(15286): Filtered by AiAi flag check: %s
09-18 07:58:00.047 I/AiAiEcho(15286): (REDACTED) Ranked targets strategy: %s, count: %d, ranking metadata: %s
09-18 07:58:00.047 I/AiAiEcho(15286): #remoteViewsTwiddler: feature disabled.
09-18 07:58:00.053 I/AiAiEcho(15286): (REDACTED) #postPredictionTargets: Sending updates to UISurface %s with targets# %s (types=[%s])
09-18 07:58:00.055 I/WeatherSmartspaceView( 1984): setFormattedContentDescription: text=30C, iconDescription=Partly cloudy, contentDescription=Partly cloudy, 30C
09-18 07:58:00.055 I/WeatherData( 1984): Weather data parsed PARTLY_CLOUDY ("Partly cloudy") 30C from Bundle[{description=Partly cloudy, feedback_intent=null, explanation_intent=Supplier{VAL_PARCELABLE@152+1968}, is_gaia_linked_data=true, use_celsius=true, state=5, temperature=30}]
09-18 07:58:00.055 E/SsBaseTemplateCard( 1984): No tap action can be set up
09-18 07:58:00.055 D/SsBaseTemplateCard( 1984): Passed-in item info is null
09-18 07:58:00.055 D/SsBaseTemplateCard( 1984): Passed-in item info is null
09-18 07:58:00.058 I/AiAiEcho(15286): (REDACTED) #postPredictionTargets: Sending updates to UISurface %s with targets# %s (types=[%s])
09-18 07:58:00.060 D/SsBaseTemplateCard(21117): No text view can be set up
09-18 07:58:00.062 I/SsBaseTemplateCard(21117): setFormattedContentDescription: text=30C, iconDescription=Partly cloudy, contentDescription=Partly cloudy, 30C
09-18 07:58:00.062 D/SsBaseTemplateCard(21117): Passed-in item info is null
09-18 07:58:00.062 I/SsBaseTemplateCard(21117): Secondary card pane is null
09-18 07:58:00.157 D/TrafficStats(13579): tagSocket(5) with statsTag=0xffffffff, statsUid=-1
09-18 07:58:00.168 I/System.out(13579): {"id":"037cadcc-3011-4660-bffc-7233c4b16a11","uri":"poco-uiautomation-framework","method":[["getattr","selector"],["getattr","select"],["call",[["",["and",[["attr=",["name","Continue"]]]]],["",false]]]],"session_id":"d28e0446-8732-4c2c-bf67-ecb772c401be"}
09-18 07:58:00.178 I/flutter (13836): [2024-09-18 07:58:00.177951] Active subscriptions (2)
09-18 07:58:00.296 D/BoundBrokerSvc( 9247): onUnbind: Intent { act=com.google.android.gms.inappreach.service.START dat=chimera-action:/... cmp=com.google.android.gms/.chimera.GmsApiService }
09-18 07:58:00.325 I/NearbyMediums(17809): Found Fast Ble Advertisements :
09-18 07:58:00.325 I/NearbyMediums(17809): BleAdvertisement { version=2, socketVersion=2, isFast=true, serviceIdHash=null, data=[ 0x23 0x4a 0x47 0x48 0x52 0x11 0x32 0x52 0xbf 0x40 0x4c 0xb6 0x51 0x85 0xd1 0xa9 0x96 0x5f 0x15 0x4d 0x92 0xf0 0x1c ], deviceToken=[ 0xb9 0xc2 ], rxAdvertisement=null } : 2 times.
09-18 07:58:00.325 I/NearbyMediums(17809): Total 2 fast advertisements.
09-18 07:58:00.329 I/NearbyConnections(17809): Processing lost BlePeripheral BlePeripheral{advertisement=BleAdvertisement { version=2, socketVersion=2, isFast=true, serviceIdHash=null, data=[ 0x23 0x56 0x53 0x4f 0x58 0x11 0x32 0x80 0x38 0x95 0xf0 0xe2 0xdd 0x6f 0x14 0x35 0x04 0x65 0x4c 0xbe 0x5c 0x93 0xcb ], deviceToken=[ 0x2f 0xc3 ], rxAdvertisement=null }, address=null, psm=0, deviceToken=<ByteString@4e87b7f size=2 contents="/\303">, isSecondProfile=false, rxInstantConnectionAdv=null}.
09-18 07:58:00.329 I/NearbyConnections(17809): Lost BleEndpoint for BlePeripheral BlePeripheral{advertisement=BleAdvertisement { version=2, socketVersion=2, isFast=true, serviceIdHash=null, data=[ 0x23 0x56 0x53 0x4f 0x58 0x11 0x32 0x80 0x38 0x95 0xf0 0xe2 0xdd 0x6f 0x14 0x35 0x04 0x65 0x4c 0xbe 0x5c 0x93 0xcb ], deviceToken=[ 0x2f 0xc3 ], rxAdvertisement=null }, address=null, psm=0, deviceToken=<ByteString@4e87b7f size=2 contents="/\303">, isSecondProfile=false, rxInstantConnectionAdv=null} (with EndpointId VSOX and EndpointInfo [ 0x32 0x80 0x38 0x95 0xf0 0xe2 0xdd 0x6f 0x14 0x35 0x04 0x65 0x4c 0xbe 0x5c 0x93 0xcb ]).
09-18 07:58:00.330 I/NearbyConnections(17809): ClientProxy(18057172) reporting onEndpointLost(VSOX)
09-18 07:58:00.332 I/NearbySharing(17809): Endpoint VSOX lost over Nearby Connections
09-18 07:58:00.336 I/NearbySharing(17809): Ignoring lost endpoint VSOX because we don't have an associated ShareTarget
09-18 07:58:00.366 I/bthal.activity(  881): handle_ble_meta_event: LE Enhanced Connection Complete, conn_handle:041, conn_bda: XX:XX:4d:dd:d0:a9
09-18 07:58:00.371 I/bluetooth( 2206): packages/modules/Bluetooth/system/gd/hci/le_address_manager.cc:277 - ack_pause: Client already in paused state
09-18 07:58:00.371 I/bluetooth( 2206): on_connection_complete: Le connection completed to device:xx:xx:xx:xx:d0:a9
09-18 07:58:00.372 I/bluetooth( 2206): on_connection_complete: Le connection completed to device:xx:xx:xx:xx:d0:a9
09-18 07:58:00.372 I/ble_sec ( 2206): btm_ble_connected: Update timestamp for ble connection:xx:xx:xx:xx:d0:a9
09-18 07:58:00.372 I/bthal.activity(  881): LogActivities: Disable LE Scanning, 0x2042
09-18 07:58:00.387 I/bluetooth( 2206): packages/modules/Bluetooth/system/gd/hci/le_address_manager.cc:277 - ack_pause: Client already in paused state
09-18 07:58:00.387 I/bluetooth( 2206): packages/modules/Bluetooth/system/gd/hci/le_address_manager.cc:277 - ack_pause: Client already in paused state
09-18 07:58:00.388 I/bthal.debug_central(  881): Command Complete Event of LE_SET_EXTENDED_SCAN_ENABLE, opcode:2042
09-18 07:58:00.389 I/bthal.flowcontrol(  881): HciEventPreProcess: HCI Event 0xe Opcode 0x2042 Length 6 unhandled by LeSetExtentedScanEnableEvent
09-18 07:58:00.395 E/bt_btu_hcif( 2206): btu_hcif_hdl_command_status: Command status for opcode:0x2016 should not be handled here status:HCI_SUCCESS
09-18 07:58:00.397 I/bluetooth( 2206): packages/modules/Bluetooth/system/gd/hci/le_address_manager.cc:613 - OnCommandComplete: Received command complete with op_code LE_REMOVE_DEVICE_FROM_FILTER_ACCEPT_LIST
09-18 07:58:00.397 I/bluetooth( 2206): packages/modules/Bluetooth/system/gd/hci/le_address_manager.cc:306 - resume_registered_clients: Resuming registered clients
09-18 07:58:00.397 I/bthal.activity(  881): LogActivities: Enable LE Scanning, 0x2042
09-18 07:58:00.400 I/bthal.debug_central(  881): Command Complete Event of LE_SET_EXTENDED_SCAN_ENABLE, opcode:2042
09-18 07:58:00.401 I/bthal.flowcontrol(  881): HciEventPreProcess: HCI Event 0xe Opcode 0x2042 Length 6 unhandled by LeSetExtentedScanEnableEvent
09-18 07:58:00.481 E/bt_btu_hcif( 2206): btu_hcif_hdl_command_status: Command status for opcode:0x41d should not be handled here status:HCI_SUCCESS
09-18 07:58:00.483 I/bluetooth( 2206): client_connect_cback: No active GAP service found for peer:xx:xx:xx:xx:d0:a9 callback:Connected
09-18 07:58:00.484 I/bt_bta_gattc( 2206): bta_gattc_conn_cback: Connected client_if:3 addr:xx:xx:xx:xx:d0:a9, transport:BT_TRANSPORT_LE reason:GATT_CONN_OK
09-18 07:58:00.484 I/bt_bta_gattc( 2206): bta_gattc_conn_cback: Connected client_if:4 addr:xx:xx:xx:xx:d0:a9, transport:BT_TRANSPORT_LE reason:GATT_CONN_OK
09-18 07:58:00.484 I/bt_bta_gattc( 2206): bta_gattc_conn_cback: Connected client_if:5 addr:xx:xx:xx:xx:d0:a9, transport:BT_TRANSPORT_LE reason:GATT_CONN_OK
09-18 07:58:00.484 I/bt_bta_gattc( 2206): bta_gattc_conn_cback: Connected client_if:6 addr:xx:xx:xx:xx:d0:a9, transport:BT_TRANSPORT_LE reason:GATT_CONN_OK
09-18 07:58:00.484 I/bt_bta_gattc( 2206): bta_gattc_conn_cback: Connected client_if:7 addr:xx:xx:xx:xx:d0:a9, transport:BT_TRANSPORT_LE reason:GATT_CONN_OK
09-18 07:58:00.485 I/bt_bta_gattc( 2206): bta_gattc_conn_cback: Connected client_if:10 addr:xx:xx:xx:xx:d0:a9, transport:BT_TRANSPORT_LE reason:GATT_CONN_OK
09-18 07:58:00.485 I/bt_bta_gattc( 2206): bta_gattc_conn_cback: Connected client_if:11 addr:xx:xx:xx:xx:d0:a9, transport:BT_TRANSPORT_LE reason:GATT_CONN_OK
09-18 07:58:00.485 I/bt_bta_gattc( 2206): bta_gattc_conn_cback: Connected client_if:13 addr:xx:xx:xx:xx:d0:a9, transport:BT_TRANSPORT_LE reason:GATT_CONN_OK
09-18 07:58:00.485 I/bluetooth( 2206): on_connection_complete: Le connection completed to device:xx:xx:xx:xx:d0:a9
09-18 07:58:00.485 I/bt_l2cap( 2206): L2CA_MarkLeLinkAsActive: setting link to xx:xx:xx:xx:d0:a9 as active
09-18 07:58:00.485 I/gatt_api( 2206): GATT_SetIdleTimeout: idle_timeout=65535, is_active=true, status=true (1-OK 0-not performed)
09-18 07:58:00.485 I/bt_btif_dm( 2206): packages/modules/Bluetooth/system/btif/src/btif_dm.cc:498 - get_cod: remote_cod=0x00001f00
09-18 07:58:00.485 I/bluetooth( 2206): check_cached_model_name: Device xx:xx:xx:xx:d0:a9 no cached model name
09-18 07:58:00.486 I/bt_bta_dm( 2206): bta_dm_acl_up: Acl connected peer:xx:xx:xx:xx:d0:a9 transport:BT_TRANSPORT_LE handle:65
09-18 07:58:00.486 W/btm_acl ( 2206): acl_peer_supports_sniff_subrating: Unable to find active acl
09-18 07:58:00.486 I/bt_btif_dm( 2206): packages/modules/Bluetooth/system/btif/src/btif_dm.cc:652 - btif_update_remote_version_property: Remote version info valid:true [xx:xx:xx:xx:d0:a9]:0xb,0x2ff,0x1
09-18 07:58:00.486 E/bta_gattc_main( 2206): bta_gattc_hdl_event: Ignore unknown conn ID: 3
09-18 07:58:00.486 E/bta_gattc_main( 2206): bta_gattc_hdl_event: Ignore unknown conn ID: 4
09-18 07:58:00.486 E/bta_gattc_main( 2206): bta_gattc_hdl_event: Ignore unknown conn ID: 5
09-18 07:58:00.487 E/bta_gattc_main( 2206): bta_gattc_hdl_event: Ignore unknown conn ID: 6
09-18 07:58:00.487 E/bta_gattc_main( 2206): bta_gattc_hdl_event: Ignore unknown conn ID: 7
09-18 07:58:00.487 E/bta_gattc_main( 2206): bta_gattc_hdl_event: Ignore unknown conn ID: 10
09-18 07:58:00.487 E/bta_gattc_main( 2206): bta_gattc_hdl_event: Ignore unknown conn ID: 11
09-18 07:58:00.489 I/bt_bta_gattc( 2206): bta_gattc_conn: Connected to xx:xx:xx:xx:d0:a9, robust caching support is 2
09-18 07:58:00.490 I/bt_bta_gattc( 2206): bta_gattc_continue_with_version_and_cache_known: pending service discovery, read db hash first conn_id:0x000d
09-18 07:58:00.493 D/BtGatt.GattService( 2206): onClientConnected() uid_not_found=android.uid.bluetooth:1002
09-18 07:58:00.493 D/BluetoothGattServer( 2206): onServerConnectionState() - status=0 serverIf=8 device=00:07:4D:DD:D0:A9
09-18 07:58:00.495 D/BtGatt.GattService( 2206): onClientConnected() uid_not_found=android.uid.bluetooth:1002
09-18 07:58:00.495 D/BluetoothGattServer( 2206): onServerConnectionState() - status=0 serverIf=9 device=00:07:4D:DD:D0:A9
09-18 07:58:00.496 D/TbsGatt ( 2206): BluetoothGattServerCallback: onConnectionStateChange
09-18 07:58:00.497 D/BtGatt.GattService( 2206): onClientConnected() uid_not_found=android.uid.bluetooth:1002
09-18 07:58:00.498 D/BluetoothGattServer( 2206): onServerConnectionState() - status=0 serverIf=12 device=00:07:4D:DD:D0:A9
09-18 07:58:00.502 V/BluetoothDatabase( 2206): getProfileConnectionPolicy: device XX:XX:XX:XX:D0:A9 profile=BATTERY, connectionPolicy=100
09-18 07:58:00.504 I/BluetoothPhonePolicy( 2206): processDeviceConnected, device=XX:XX:XX:XX:D0:A9
09-18 07:58:00.504 D/BluetoothDatabase( 2206): Updating last connected time for device: XX:XX:XX:XX:D0:A9 to 3604
09-18 07:58:00.504 D/BluetoothDatabase( 2206): updateDatabase XX:XX:XX:XX:D0:A9
09-18 07:58:00.527 W/ActivityManager( 1449): pid 2206 com.google.android.bluetooth sent binder code 1 with flags 1 to frozen apps and got error -32
09-18 07:58:00.528 E/BluetoothRemoteDevices( 2206): RemoteException in calling IBluetoothConnectionCallback
09-18 07:58:00.529 W/ActivityManager( 1449): pid 2206 com.google.android.bluetooth sent binder code 1 with flags 1 to frozen apps and got error -32
09-18 07:58:00.529 D/ActivityManager( 1449): Too many transaction errors, throttling freezer binder callback.
09-18 07:58:00.529 E/BluetoothRemoteDevices( 2206): RemoteException in calling IBluetoothConnectionCallback
09-18 07:58:00.530 E/BluetoothRemoteDevices( 2206): RemoteException in calling IBluetoothConnectionCallback
09-18 07:58:00.530 W/ActivityManager( 1449): pid 2206 com.google.android.bluetooth sent binder code 1 with flags 1 to frozen apps and got error -32
09-18 07:58:00.530 D/ActivityManager( 1449): Too many transaction errors, throttling freezer binder callback.
09-18 07:58:00.531 D/ActivityManager( 1449): sync unfroze 18989 com.google.android.projection.gearhead:car for 3
09-18 07:58:00.533 W/ActivityManager( 1449): pid 2206 com.google.android.bluetooth sent binder code 1 with flags 1 to frozen apps and got error -32
09-18 07:58:00.533 D/ActivityManager( 1449): Too many transaction errors, throttling freezer binder callback.
09-18 07:58:00.533 E/BluetoothRemoteDevices( 2206): RemoteException in calling IBluetoothConnectionCallback
09-18 07:58:00.534 W/ActivityManager( 1449): pid 2206 com.google.android.bluetooth sent binder code 1 with flags 1 to frozen apps and got error -32
09-18 07:58:00.534 D/ActivityManager( 1449): Too many transaction errors, throttling freezer binder callback.
09-18 07:58:00.534 E/BluetoothRemoteDevices( 2206): RemoteException in calling IBluetoothConnectionCallback
09-18 07:58:00.535 W/ActivityManager( 1449): pid 2206 com.google.android.bluetooth sent binder code 1 with flags 1 to frozen apps and got error -32
09-18 07:58:00.535 D/ActivityManager( 1449): Too many transaction errors, throttling freezer binder callback.
09-18 07:58:00.535 E/BluetoothRemoteDevices( 2206): RemoteException in calling IBluetoothConnectionCallback
09-18 07:58:00.537 W/ActivityManager( 1449): pid 2206 com.google.android.bluetooth sent binder code 1 with flags 1 to frozen apps and got error -32
09-18 07:58:00.537 D/ActivityManager( 1449): Too many transaction errors, throttling freezer binder callback.
09-18 07:58:00.537 E/BluetoothRemoteDevices( 2206): RemoteException in calling IBluetoothConnectionCallback
09-18 07:58:00.537 W/ActivityManager( 1449): pid 2206 com.google.android.bluetooth sent binder code 1 with flags 1 to frozen apps and got error -32
09-18 07:58:00.537 D/ActivityManager( 1449): Too many transaction errors, throttling freezer binder callback.
09-18 07:58:00.538 E/BluetoothRemoteDevices( 2206): RemoteException in calling IBluetoothConnectionCallback
09-18 07:58:00.538 W/ActivityManager( 1449): pid 2206 com.google.android.bluetooth sent binder code 1 with flags 1 to frozen apps and got error -32
09-18 07:58:00.538 D/ActivityManager( 1449): Too many transaction errors, throttling freezer binder callback.
09-18 07:58:00.538 E/BluetoothRemoteDevices( 2206): RemoteException in calling IBluetoothConnectionCallback
09-18 07:58:00.540 W/ActivityManager( 1449): pid 2206 com.google.android.bluetooth sent binder code 1 with flags 1 to frozen apps and got error -32
09-18 07:58:00.540 D/ActivityManager( 1449): Too many transaction errors, throttling freezer binder callback.
09-18 07:58:00.540 D/ActivityManager( 1449): sync unfroze 1427 com.google.android.projection.gearhead:shared for 3
09-18 07:58:00.541 E/BluetoothRemoteDevices( 2206): RemoteException in calling IBluetoothConnectionCallback
09-18 07:58:00.542 W/ActivityManager( 1449): pid 2206 com.google.android.bluetooth sent binder code 1 with flags 1 to frozen apps and got error -32
09-18 07:58:00.542 D/ActivityManager( 1449): Too many transaction errors, throttling freezer binder callback.
09-18 07:58:00.543 I/GH.ConnLoggerV2( 1427): Session a42a5454-6225-4bff-b15e-30959474fe94 obsolete
09-18 07:58:00.544 E/BluetoothRemoteDevices( 2206): RemoteException in calling IBluetoothConnectionCallback
09-18 07:58:00.544 D/BtGatt.GattService( 2206): onConnected() - adding permit for address=00:07:4D:DD:D0:A9
09-18 07:58:00.545 D/BluetoothGatt( 8637): onClientConnectionState() - status=0 clientIf=13 device=00:07:4D:DD:D0:A9
09-18 07:58:00.545 D/BluetoothGatt( 8637): requestConnectionPriority() - params: 1
09-18 07:58:00.546 D/BtGatt.GattService( 2206): connectionParameterUpdate() - address=00:07:4D:DD:D0:A9 params=1 interval=9/12 timeout=500
09-18 07:58:00.552 E/bt_btu_hcif( 2206): btu_hcif_hdl_command_status: Command status for opcode:0x2013 should not be handled here status:HCI_SUCCESS
09-18 07:58:00.585 D/ActivityManager( 1449): sync unfroze 12573 com.google.android.projection.gearhead:projection for 10
09-18 07:58:00.611 D/ActivityManager( 1449): sync unfroze 6872 com.google.android.projection.gearhead:provider for 10
09-18 07:58:00.614 D/TrafficStats(13579): tagSocket(96) with statsTag=0xffffffff, statsUid=-1
09-18 07:58:00.630 I/GH.WifiBluetoothRcvr( 1427): Connection action: android.bluetooth.device.action.ACL_CONNECTED, device XX:XX:XX:XX:D0:A9
09-18 07:58:00.632 D/TrafficStats(13579): tagSocket(97) with statsTag=0xffffffff, statsUid=-1
09-18 07:58:00.643 W/BluetoothEventManager( 1984): AclStateChangedHandler: activeDevice is null
09-18 07:58:00.647 D/BluetoothGatt( 8637): discoverServices() - device: 00:07:4D:DD:D0:A9
09-18 07:58:00.666 D/ActivityManager( 1449): sync unfroze 4530 com.google.android.apps.wearables.maestro.companion for 3
09-18 07:58:00.670 D/ActivityManager( 1449): sync unfroze 8406 com.google.process.gservices for 10
09-18 07:58:00.672 D/ActivityManager( 1449): sync unfroze 4034 com.google.android.gms.ui for 10
09-18 07:58:00.673 I/Choreographer( 4034): Skipped 11105 frames!  The application may be doing too much work on its main thread.
09-18 07:58:00.673 D/ActivityManager( 1449): sync unfroze 28695 com.google.android.gms.unstable for 10
09-18 07:58:00.674 D/ActivityManager( 1449): sync unfroze 4393 com.google.process.gapps for 10
09-18 07:58:00.676 W/Maestro_cqk( 4530): Device 00:07:4D:DD:D0:A9 doesn't have any uuid.
09-18 07:58:00.681 I/GH.CarClientManager( 1427): Disconnecting CarClientToken and resetting state
09-18 07:58:00.682 I/CAR.TOKEN( 1427): Disconnecting oym@223d722 (cx attempt: 2097).
09-18 07:58:00.682 I/GH.GhCarClientCtor( 1427): Disconnecting GearheadCarClientConnector.
09-18 07:58:00.682 I/GH.GhCarClientCtor( 1427): Unbinding service connection.
09-18 07:58:00.690 I/CAR.TOKEN( 1427): Disconnected phw@c73a2a8 using class php@231893880/class pht@47920347 (cx attempt 2097)
09-18 07:58:00.690 W/GH.CarClientManager( 1427): Illegal state transition from CLIENT_CONNECTED to UNINITIALIZED! Allowing anyway.
09-18 07:58:00.691 I/GH.CarClientManager( 1427): Transition from CLIENT_CONNECTED to UNINITIALIZED.
09-18 07:58:00.691 I/GH.SharedService( 1427): Shared Service destroyed
09-18 07:58:00.693 I/GH.CarSvcDataStorage( 1427): Using DB version: 13
09-18 07:58:00.695 W/CAR.BTCapsStore( 1427): Device not bonded, thus it's not currently AAW capable.
09-18 07:58:00.695 I/CAR.BTCapsStore( 1427): AAW status (UNKNOWN_AND_DONT_TRY_RFCOMM).
09-18 07:58:00.698 W/Maestro_cqk( 4530): Device 00:07:4D:DD:D0:A9 doesn't have any uuid.
09-18 07:58:00.702 I/GH.WifiBluetoothRcvr( 1427): Wireless projection is available on this phone.
09-18 07:58:00.703 W/l2c_ble_conn_params( 2206): L2CA_LockBleConnParamsForServiceDiscovery: xx:xx:xx:xx:d0:a9 service discovery already locked/unlocked conn params: false
09-18 07:58:00.703 D/ConnectivityService( 1449): NetReassign [no changes] [c 0] [a 1] [i 0]
09-18 07:58:00.705 I/bt_bta_gattc( 2206): bta_gattc_get_gatt_db: 
09-18 07:58:00.706 D/BluetoothGatt( 8637): onSearchComplete() = Device=00:07:4D:DD:D0:A9 Status=0
09-18 07:58:00.706 D/BluetoothGatt( 8637): configureMTU() - device: 00:07:4D:DD:D0:A9 mtu: 515
09-18 07:58:00.711 I/gatt_api( 2206): GATTC_TryMtuRequest: 00:07:4d:dd:d0:a9 conn_id=0x000d
09-18 07:58:00.711 I/gatt_api( 2206): GATTC_ConfigureMTU: Configuring ATT mtu size conn_id:13 mtu:517 user mtu 515
09-18 07:58:00.712 I/GH.ConnLoggerV2( 1427): Session expired, will start a new session
09-18 07:58:00.713 D/TrafficStats(13579): tagSocket(5) with statsTag=0xffffffff, statsUid=-1
09-18 07:58:00.714 W/CAR.BTCapsStore( 1427): Device not bonded, thus it's not currently AAW capable.
09-18 07:58:00.714 I/CAR.BTCapsStore( 1427): AAW status (UNKNOWN_AND_DONT_TRY_RFCOMM).
09-18 07:58:00.717 I/BistoBR ( 5424): onReceive
09-18 07:58:00.718 I/NearbyConnections(17809): Found BleAdvertisement [ 0x23 0x56 0x53 0x4f 0x58 0x11 0x32 0x80 0x38 0x95 0xf0 0xe2 0xdd 0x6f 0x14 0x35 0x04 0x65 0x4c 0xbe 0x5c 0x93 0xcb ] (with EndpointId VSOX and EndpointInfo [ 0x32 0x80 0x38 0x95 0xf0 0xe2 0xdd 0x6f 0x14 0x35 0x04 0x65 0x4c 0xbe 0x5c 0x93 0xcb ])
09-18 07:58:00.719 I/CommBcstIntentHandler( 5424): (REDACTED) bluetoothConnectionStateChanged. Action: %s
09-18 07:58:00.720 I/GH.ConnLoggerV2( 1427): Started session c696cf56-791e-44f6-a35b-9fd8990833b1, start time = 1810446591
09-18 07:58:00.720 I/GH.ConnLoggerV2( 1427): Session c696cf56-791e-44f6-a35b-9fd8990833b1, event 0, detail OptionalInt.empty, SESSION_STARTED, at 1810446591 
09-18 07:58:00.720 I/Nearby  (17809): (REDACTED) is blocked device type %s, isAuto=%s, isIot=%s, isLatchsky=%s, isChinaWearable=%s, isTv=%s, isWearable=%s (supportWearOs=%s), isChromeOsDevice=%s (supportChromeOs=%s)
09-18 07:58:00.721 I/GH.ConnLoggerV2( 1427): Session c696cf56-791e-44f6-a35b-9fd8990833b1, event 1, detail OptionalInt.empty, WIRELESS_WIFI_STATE_ENABLED, at 1810446591 
09-18 07:58:00.722 I/NearbyDiscovery(17809): (REDACTED) DiscoveryService onStartCommand action: %s
09-18 07:58:00.723 I/NearbyDiscovery(17809): (REDACTED) onAclChange: state=%s, %s
09-18 07:58:00.723 I/NearbyDiscovery(17809): (REDACTED) FastPairBattery: No associated accountKey is found when query battery info, %s
09-18 07:58:00.724 I/NearbyDiscovery(17809): (REDACTED) FastPair: lock scan rate if needed, %s, bondState=%s
09-18 07:58:00.725 I/NearbyConnections(17809): ClientProxy(18057172) reporting onEndpointFound(VSOX)
09-18 07:58:00.725 I/NearbyConnections(17809): ClientProxy(18057172) reporting onEndpointDistanceChanged(VSOX, UNKNOWN)
09-18 07:58:00.725 I/NearbyConnections(17809): No Bluetooth Classic MAC address found in [ 0x23 0x56 0x53 0x4f 0x58 0x11 0x32 0x80 0x38 0x95 0xf0 0xe2 0xdd 0x6f 0x14 0x35 0x04 0x65 0x4c 0xbe 0x5c 0x93 0xcb ]
09-18 07:58:00.726 I/NearbySharing(17809): Endpoint VSOX discovered over Nearby Connections
09-18 07:58:00.726 I/NearbySharing(17809): Failed to convert given advertisement (VSOX)[ 0x32 0x80 0x38 0x95 0xf0 0xe2 0xdd 0x6f 0x14 0x35 0x04 0x65 0x4c 0xbe 0x5c 0x93 0xcb ] to share target from discovered advertisement. Ignoring.
09-18 07:58:00.727 I/NearbySharing(17809): Report endpoint VSOX as lost, since we cannot recognize this endpoint anymore
09-18 07:58:00.727 I/NearbySharing(17809): Ignoring lost endpoint VSOX because we don't have an associated ShareTarget
09-18 07:58:00.731 D/TrafficStats(13579): tagSocket(98) with statsTag=0xffffffff, statsUid=-1
09-18 07:58:00.732 I/System.out(13579): {"id":"6150e6dd-f957-4dbf-88c0-365238575071","uri":"poco-uiautomation-framework","method":[["getattr","selector"],["getattr","select"],["call",[["",["and",[["attr=",["name","Home"]]]]],["",false]]]],"session_id":"d28e0446-8732-4c2c-bf67-ecb772c401be"}
09-18 07:58:00.744 D/TrafficStats(13579): tagSocket(97) with statsTag=0xffffffff, statsUid=-1
09-18 07:58:00.750 D/TrafficStats(13579): tagSocket(99) with statsTag=0xffffffff, statsUid=-1
09-18 07:58:00.753 I/CAR.TOKEN( 1427): Connecting oym@223d722 using class php@131188729/class pht@96345792 (cx attempt 2098)
09-18 07:58:00.753 I/GH.SharedService( 1427): Shared Service created
09-18 07:58:00.757 D/TrafficStats(13579): tagSocket(100) with statsTag=0xffffffff, statsUid=-1
09-18 07:58:00.761 I/GH.GhCarClientCtor( 1427): Bound to startup service, got Car Service: ozq@17e454a
09-18 07:58:00.762 W/System  (13579): A resource failed to call end. 
09-18 07:58:00.762 W/System  (13579): A resource failed to call end. 
09-18 07:58:00.763 W/System  (13579): A resource failed to call end. 
09-18 07:58:00.763 W/System  (13579): A resource failed to call end. 
09-18 07:58:00.763 W/System  (13579): A resource failed to call end. 
09-18 07:58:00.763 W/System  (13579): A resource failed to call end. 
09-18 07:58:00.764 W/System  (13579): A resource failed to call end. 
09-18 07:58:00.764 W/System  (13579): A resource failed to call end. 
09-18 07:58:00.765 W/System  (13579): A resource failed to call end. 
09-18 07:58:00.765 W/System  (13579): A resource failed to call end. 
09-18 07:58:00.765 W/System  (13579): A resource failed to call end. 
09-18 07:58:00.765 W/System  (13579): A resource failed to call end. 
09-18 07:58:00.765 W/System  (13579): A resource failed to call end. 
09-18 07:58:00.767 I/GH.SharedServiceConnect( 1427): onServiceConnected(ComponentName:ComponentInfo{com.google.android.projection.gearhead/com.google.android.gearhead.service.SharedService}, service:ksc@d1c3cbb)
09-18 07:58:00.768 I/CAR.TOKEN( 1427): Successfully connected phv@54f7d31 using class php@131188729/class pht@96345792 (cx attempt 2098)
09-18 07:58:00.769 I/GH.CarClientManager( 1427): CarClientToken connected.
09-18 07:58:00.769 I/GH.CarClientManager( 1427): Transition from UNINITIALIZED to CLIENT_CONNECTED.
09-18 07:58:00.772 I/WifiHAL (  959): Creating message to get link statistics; iface = 48
09-18 07:58:00.778 V/ClearcutMetricXmitter( 1427): Transmission is done.
09-18 07:58:00.790 I/bluetooth( 2206): gatt_process_mtu_rsp: Local pending MTU 515, Remote (xx:xx:xx:xx:d0:a9) MTU 247
09-18 07:58:00.790 I/bluetooth( 2206): gatt_process_mtu_rsp: MTU Exchange resulted in: 247
09-18 07:58:00.790 I/ble_sec ( 2206): BTM_SetBleDataLength: bd_addr:xx:xx:xx:xx:d0:a9, tx_pdu_length:251
09-18 07:58:00.790 D/BluetoothGatt( 8637): onConfigureMTU() - Device=00:07:4D:DD:D0:A9 mtu=247 status=0
09-18 07:58:00.791 E/bt_btu_hcif( 2206): btu_hcif_hdl_command_complete: Command complete for opcode:0x2022 should not be handled here
09-18 07:58:00.793 D/TrafficStats(13579): tagSocket(5) with statsTag=0xffffffff, statsUid=-1
09-18 07:58:00.797 I/System.out(13579): {"id":"22db9f39-7aaf-48ac-be21-034ee9fa6099","uri":"[Lcom.netease.open.libpoco.sdk.AbstractNode;@fa80267(a27fa687-2c94-4afc-a923-fa46c1b791f7)","method":[["len",[]]],"session_id":"d28e0446-8732-4c2c-bf67-ecb772c401be"}
09-18 07:58:00.807 D/TrafficStats(13579): tagSocket(5) with statsTag=0xffffffff, statsUid=-1
09-18 07:58:00.810 I/System.out(13579): {"id":"d901c396-42dc-49aa-b717-8fda1598888b","uri":"[Lcom.netease.open.libpoco.sdk.AbstractNode;@fa80267(a27fa687-2c94-4afc-a923-fa46c1b791f7)","method":[["len",[]]],"session_id":"d28e0446-8732-4c2c-bf67-ecb772c401be"}
09-18 07:58:00.818 D/TrafficStats(13579): tagSocket(5) with statsTag=0xffffffff, statsUid=-1
09-18 07:58:00.819 I/WifiHAL (  959): In GetLinkStatsCommand::handleResponse
09-18 07:58:00.821 I/System.out(13579): {"id":"d694a211-c233-4e1c-854e-d32f2dd52986","uri":"poco-uiautomation-framework","method":[["getattr","attributor"],["getattr","getAttr"],["call",[["uri","[Lcom.netease.open.libpoco.sdk.AbstractNode;@fa80267(a27fa687-2c94-4afc-a923-fa46c1b791f7)"],["","visible"]]]],"session_id":"d28e0446-8732-4c2c-bf67-ecb772c401be"}
09-18 07:58:00.833 D/TrafficStats(13579): tagSocket(5) with statsTag=0xffffffff, statsUid=-1
09-18 07:58:00.836 I/System.out(13579): {"id":"","uri":"[Lcom.netease.open.libpoco.sdk.AbstractNode;@fa80267(a27fa687-2c94-4afc-a923-fa46c1b791f7)","method":[["del",[]]],"session_id":"d28e0446-8732-4c2c-bf67-ecb772c401be"}
09-18 07:58:00.853 D/ConnectivityService( 1449): NetReassign [no changes] [c 0] [a 0] [i 3]
09-18 07:58:00.891 D/BluetoothGatt( 8637): setCharacteristicNotification() - uuid: 00002a6e-0000-1000-8000-00805f9b34fb enable: true
09-18 07:58:01.008 D/SensorApiLevel2( 8637): writeCharacteristic()
09-18 07:58:01.010 D/BtGatt.GattService( 2206): writeCharacteristic() - trying to acquire permit.
09-18 07:58:01.015 I/system_server( 1449): Background concurrent mark compact GC freed 2804235(91MB) AllocSpace objects, 93(2660KB) LOS objects, 59% free, 65MB/161MB, paused 951us,5.295ms total 311.067ms
09-18 07:58:01.061 W/System  ( 1449): A resource failed to call release. 
09-18 07:58:01.063 W/system_server( 1449): ApkAssets: Deleting an ApkAssets object '<empty> and /system/priv-app/BuiltInPrintService/BuiltInPrintService.apk' with 1 weak references
09-18 07:58:01.063 W/system_server( 1449): ApkAssets: Deleting an ApkAssets object '/product/overlay/BuiltInPrintService__cheetah__auto_generated_rro_product.apk' with 1 weak references
09-18 07:58:01.067 W/System  ( 1449): A resource failed to call HardwareBuffer.close. 
09-18 07:58:01.069 W/System  ( 1449): A resource failed to call release. 
09-18 07:58:01.077 W/System  ( 1449): A resource failed to call HardwareBuffer.close. 
09-18 07:58:01.079 W/System  ( 1449): A resource failed to call release. 
09-18 07:58:01.085 W/System  ( 1449): A resource failed to call release. 
09-18 07:58:01.086 W/System  ( 1449): A resource failed to call HardwareBuffer.close. 
09-18 07:58:01.088 W/System  ( 1449): A resource failed to call release. 
09-18 07:58:01.115 I/AidlLazyServiceRegistrar(11461): Process has 0 (of 1 available) client(s) in use after notification artd has clients: 0
09-18 07:58:01.115 I/AidlLazyServiceRegistrar(11461): Trying to shut down the service. No clients in use for any service in process.
09-18 07:58:01.116 I/AidlLazyServiceRegistrar(11461): Unregistered all clients and exiting
09-18 07:58:01.157 W/TracingMuxer( 1137): type=1400 audit(0.0:103687): avc:  denied  { write } for  name="traced_producer" dev="tmpfs" ino=1590 scontext=u:r:gxp_logging:s0 tcontext=u:object_r:traced_producer_socket:s0 tclass=sock_file permissive=0
09-18 07:58:01.347 I/bluetooth( 2206): GattcCallback: event = 0x1a
09-18 07:58:01.348 I/bt_stack( 2206): [INFO:vc.cc(1192)] gattc_callback event = 26
09-18 07:58:01.349 I/bluetooth( 2206): packages/modules/Bluetooth/system/bta/le_audio/client.cc:5864 - le_audio_gattc_callback: event = 26
09-18 07:58:01.349 D/BluetoothGattServer( 2206): onConnectionUpdated() - Device=00:07:4D:DD:D0:A9 interval=12 latency=0 timeout=500 status=0
09-18 07:58:01.349 D/BluetoothGattServer( 2206): onConnectionUpdated() - Device=00:07:4D:DD:D0:A9 interval=12 latency=0 timeout=500 status=0
09-18 07:58:01.349 D/BluetoothGattServer( 2206): onConnectionUpdated() - Device=00:07:4D:DD:D0:A9 interval=12 latency=0 timeout=500 status=0
09-18 07:58:01.350 D/BluetoothGatt( 8637): onConnectionUpdated() - Device=00:07:4D:DD:D0:A9 interval=12 latency=0 timeout=500 status=0
09-18 07:58:01.380 D/BtGatt.GattService( 2206): onWriteCharacteristic() - increasing permit for address=00:07:4D:DD:D0:A9
09-18 07:58:01.705 I/bthal.activity(  881): bt_power: LeAdvStat: 07:57:59:790 - 07:58:01:705, duration: 1914, le_adv_count: 4, total_le_adv_count: 1468599, total_event_count: 27
09-18 07:58:01.739 D/TrafficStats(13579): tagSocket(5) with statsTag=0xffffffff, statsUid=-1
09-18 07:58:01.763 D/TrafficStats(13579): tagSocket(96) with statsTag=0xffffffff, statsUid=-1
09-18 07:58:01.809 D/TrafficStats(13579): tagSocket(97) with statsTag=0xffffffff, statsUid=-1
09-18 07:58:01.813 D/TrafficStats(13579): tagSocket(98) with statsTag=0xffffffff, statsUid=-1
09-18 07:58:01.819 D/TrafficStats(13579): tagSocket(99) with statsTag=0xffffffff, statsUid=-1
09-18 07:58:01.821 D/TrafficStats(13579): tagSocket(100) with statsTag=0xffffffff, statsUid=-1
09-18 07:58:02.380 I/bthal.activity(  881): bt_power: AclDataStat: 07:58:00:490 - 07:58:02:380, conn_handle: 65, duration: 1889, acl_data_count: 11, acl_tx_data_count: 5, acl_rx_data_count: 6, total_acl_data_count: 41843
09-18 07:58:02.872 D/TrafficStats(13579): tagSocket(5) with statsTag=0xffffffff, statsUid=-1
09-18 07:58:02.880 D/TrafficStats(13579): tagSocket(96) with statsTag=0xffffffff, statsUid=-1
09-18 07:58:02.909 D/TrafficStats(13579): tagSocket(97) with statsTag=0xffffffff, statsUid=-1
09-18 07:58:02.922 D/TrafficStats(13579): tagSocket(98) with statsTag=0xffffffff, statsUid=-1
09-18 07:58:02.923 D/TrafficStats(13579): tagSocket(99) with statsTag=0xffffffff, statsUid=-1
09-18 07:58:02.927 D/TrafficStats(13579): tagSocket(100) with statsTag=0xffffffff, statsUid=-1
09-18 07:58:03.039 W/System  (13579): A resource failed to call end. 
09-18 07:58:03.040 W/System  (13579): A resource failed to call end. 
09-18 07:58:03.040 W/System  (13579): A resource failed to call end. 
09-18 07:58:03.040 W/System  (13579): A resource failed to call end. 
09-18 07:58:03.041 W/System  (13579): A resource failed to call end. 
09-18 07:58:03.041 W/System  (13579): A resource failed to call end. 
09-18 07:58:03.041 W/System  (13579): A resource failed to call end. 
09-18 07:58:03.042 W/System  (13579): A resource failed to call end. 
09-18 07:58:03.042 W/System  (13579): A resource failed to call end. 
09-18 07:58:03.042 W/System  (13579): A resource failed to call end. 
09-18 07:58:03.043 W/System  (13579): A resource failed to call end. 
09-18 07:58:03.043 W/System  (13579): A resource failed to call end. 
09-18 07:58:03.045 W/System  (13579): A resource failed to call end. 
09-18 07:58:03.045 W/System  (13579): A resource failed to call end. 
09-18 07:58:03.045 W/System  (13579): A resource failed to call end. 
09-18 07:58:03.047 W/System  (13579): A resource failed to call end. 
09-18 07:58:03.047 W/System  (13579): A resource failed to call end. 
09-18 07:58:03.048 W/System  (13579): A resource failed to call end. 
09-18 07:58:03.048 W/System  (13579): A resource failed to call end. 
09-18 07:58:03.230 W/statsd  (  868): StateTracker not found for state atom 805
09-18 07:58:03.230 W/statsd  (  868): StateTracker not found for state atom 854
09-18 07:58:03.244 D/CHRE    (  894): @ 1810451.296: Parsed nanoapp message from host: app ID 0x476f6f676c00100b endpoint 0x4b msgType 112 payload size 10
09-18 07:58:03.244 I/CHRE    (  894): @ 1810451.296: [NanoMinion] received MSG Type 0x70, Version 1, 6 bytes
09-18 07:58:03.247 I/CHRE    (  894): @ 1810451.297: [AR] request.query
09-18 07:58:03.247 I/CHRE    (  894): @ 1810451.297: [NanoMinion] sent MSG Type 0x71, Version 0, 18 bytes, MessageId 51
09-18 07:58:03.247 I/CHRE    (  894): @ 1810451.297: [AR] send response=0
09-18 07:58:03.252 D/CHRE    (  894): @ 1810451.301: Parsed nanoapp message from host: app ID 0x476f6f676c00100b endpoint 0x4b msgType 112 payload size 10
09-18 07:58:03.252 I/CHRE    (  894): @ 1810451.302: [NanoMinion] received MSG Type 0x70, Version 1, 6 bytes
09-18 07:58:03.252 I/CHRE    (  894): @ 1810451.302: [AR] request.flush
09-18 07:58:03.252 I/CHRE    (  894): @ 1810451.302: [AR] send to host, reason=3, sampleSize=0, transitionSize=0, lastAccelTime = 1810118707, lastAudioTime = 0 
09-18 07:58:03.252 I/CHRE    (  894): @ 1810451.302: [NanoMinion] sent MSG Type 0x72, Version 0, 20 bytes, MessageId 52
09-18 07:58:03.269 W/AppOps  ( 1449): Noting op not finished: uid 10122 pkg com.google.android.gms code 79 startTime of in progress event=1726660663592
09-18 07:58:03.282 W/AppOps  ( 1449): Noting op not finished: uid 10122 pkg com.google.android.gms code 113 startTime of in progress event=1726660663592
09-18 07:58:03.295 W/AppOps  ( 1449): Noting op not finished: uid 10122 pkg com.google.android.gms code 113 startTime of in progress event=1726660663592
09-18 07:58:03.306 I/ActivityScheduler(17809): nextTriggerTime: 1810689186, in 240000ms, detectorType: 0,  alarmWindowMillis: 30000
09-18 07:58:03.308 W/ComplianceFilepathHandl(17809): Tracing data is not available [CONTEXT service_id=357 ]
09-18 07:58:03.556 W/statsd  (  868): StateTracker not found for state atom 805
09-18 07:58:03.557 W/statsd  (  868): StateTracker not found for state atom 854
09-18 07:58:03.725 I/GH.ConnLoggerV2( 1427): connectivity state updated: false
09-18 07:58:03.854 I/WifiHAL (  959): Creating message to get link statistics; iface = 48
09-18 07:58:03.882 W/bthal.bqr(  881): ParseLinkQualityRelatedEvt: Generic Parameters: Appro LSTO , Handle: 0x0041, DH1, Central, PwLv: 9, RSSI: -86, SNR: 4, UnusedCh: 0, UnidealCh: 0, ReTx: 172, NoRX: 171, NAK: 6, FlowOff: 0, OverFlow: 0, UndFlow: 0, TxTotal: 0, TxUnAcked: 0, TxFlushed: 0, TxLastSubEvent: 0, CRCError: 0, RxDuplicate: 0
09-18 07:58:03.883 W/bthal.bqr(  881): ParseLinkQualityRelatedEvt: Vendor Parameters: Appro LSTO , Handle: 0x0041, RSSI_C0: -86, RSSI_C1: -88, TxPw_C0: 9, ReTxPw_C0: 9, TxPw_C1: -128, ReTxPw_C1: -128, BFTx: 0x01, BFReTx: 0x01, DivTx: 0x02, DivReTx: 0x02, Overall_link_quality: 0, Tx_link_quality: 0, Rx_link_quality: 0
09-18 07:58:03.883 I/bthal.flowcontrol(  881): HciEventPreProcess: HCI Event 0xff Opcode 0 Length 250 unhandled by debug_VendorEvent
09-18 07:58:03.887 I/devctl  ( 2206): btm_vendor_specific_evt: Unhandled BQR subevent 0x58x
09-18 07:58:03.916 I/WifiHAL (  959): In GetLinkStatsCommand::handleResponse
09-18 07:58:03.979 D/ConnectivityService( 1449): NetReassign [no changes] [c 1] [a 1] [i 11]
09-18 07:58:03.979 D/TrafficStats(13579): tagSocket(5) with statsTag=0xffffffff, statsUid=-1
09-18 07:58:04.000 D/TrafficStats(13579): tagSocket(96) with statsTag=0xffffffff, statsUid=-1
09-18 07:58:04.018 D/TrafficStats(13579): tagSocket(97) with statsTag=0xffffffff, statsUid=-1
09-18 07:58:04.026 D/TrafficStats(13579): tagSocket(98) with statsTag=0xffffffff, statsUid=-1
09-18 07:58:04.029 D/TrafficStats(13579): tagSocket(99) with statsTag=0xffffffff, statsUid=-1
09-18 07:58:04.031 D/TrafficStats(13579): tagSocket(100) with statsTag=0xffffffff, statsUid=-1
09-18 07:58:05.029 I/NearbyMediums(17809): Triggered instant on lost for service id : NearbySharing with hash [ 0x92 0x91 0x3f 0xf3 ]
09-18 07:58:05.032 I/NearbyConnections(17809): Processing lost BlePeripheral BlePeripheral{advertisement=BleAdvertisement { version=2, socketVersion=2, isFast=true, serviceIdHash=null, data=[ 0x23 0x56 0x53 0x4f 0x58 0x11 0x32 0x80 0x38 0x95 0xf0 0xe2 0xdd 0x6f 0x14 0x35 0x04 0x65 0x4c 0xbe 0x5c 0x93 0xcb ], deviceToken=[ 0x2f 0xc3 ], rxAdvertisement=null }, address=null, psm=0, deviceToken=<ByteString@66ad80a size=2 contents="/\303">, isSecondProfile=false, rxInstantConnectionAdv=null}.
09-18 07:58:05.033 I/NearbyConnections(17809): Lost BleEndpoint for BlePeripheral BlePeripheral{advertisement=BleAdvertisement { version=2, socketVersion=2, isFast=true, serviceIdHash=null, data=[ 0x23 0x56 0x53 0x4f 0x58 0x11 0x32 0x80 0x38 0x95 0xf0 0xe2 0xdd 0x6f 0x14 0x35 0x04 0x65 0x4c 0xbe 0x5c 0x93 0xcb ], deviceToken=[ 0x2f 0xc3 ], rxAdvertisement=null }, address=null, psm=0, deviceToken=<ByteString@66ad80a size=2 contents="/\303">, isSecondProfile=false, rxInstantConnectionAdv=null} (with EndpointId VSOX and EndpointInfo [ 0x32 0x80 0x38 0x95 0xf0 0xe2 0xdd 0x6f 0x14 0x35 0x04 0x65 0x4c 0xbe 0x5c 0x93 0xcb ]).
09-18 07:58:05.035 I/NearbyConnections(17809): ClientProxy(18057172) reporting onEndpointLost(VSOX)
09-18 07:58:05.037 I/NearbySharing(17809): Endpoint VSOX lost over Nearby Connections
09-18 07:58:05.037 I/NearbySharing(17809): Ignoring lost endpoint VSOX because we don't have an associated ShareTarget
09-18 07:58:05.121 D/TrafficStats(13579): tagSocket(5) with statsTag=0xffffffff, statsUid=-1
09-18 07:58:05.126 D/TrafficStats(13579): tagSocket(96) with statsTag=0xffffffff, statsUid=-1
09-18 07:58:05.128 D/TrafficStats(13579): tagSocket(97) with statsTag=0xffffffff, statsUid=-1
09-18 07:58:05.133 D/TrafficStats(13579): tagSocket(98) with statsTag=0xffffffff, statsUid=-1
09-18 07:58:05.137 D/TrafficStats(13579): tagSocket(99) with statsTag=0xffffffff, statsUid=-1
09-18 07:58:05.144 D/TrafficStats(13579): tagSocket(100) with statsTag=0xffffffff, statsUid=-1
09-18 07:58:05.641 I/pixel-thermal( 1630): VIRTUAL-SKIN:28.1865 raw data: VIRTUAL-GNSS-DISP:28186.5 VIRTUAL-NEUTRAL-QUIET:27355.5 VIRTUAL-QUIET-USB2:26434.2 VIRTUAL-SKIN:28186.5 VIRTUAL-USB2-QUIET:25873.3 disp_therm:27810 gnss_tcxo_therm:29235 neutral_therm:28099 quiet_therm:27632 usb_pwr_therm2:27654 
09-18 07:58:05.642 D/TemperatureStateSource( 2221): getDeviceTemperatures: deviceTemperatureType=3 temperatureSource=0 temperatures=[28.186499]
09-18 07:58:05.643 D/BusinessScope( 2221): Start running the #362092 block
09-18 07:58:05.644 D/BusinessScope( 2221): Finish running the #362092 block
09-18 07:58:05.645 D/BusinessScope( 2221): Start running the #362093 block
09-18 07:58:05.645 D/BusinessScope( 2221): Finish running the #362093 block
09-18 07:58:05.729 W/ProcessStats( 1449): Tracking association SourceState{4cbe64b system/1000 BFgs #1857886} whose proc state 4 is better than process ProcessState{3fe1828 com.google.android.googlequicksearchbox:interactor/10165 pkg=com.google.android.googlequicksearchbox} proc state 14 (372 skipped)
09-18 07:58:06.022 I/bthal.activity(  881): bt_power: LeAdvStat: 07:58:04:945 - 07:58:06:022, duration: 1076, le_adv_count: 4, total_le_adv_count: 1468603, total_event_count: 0
09-18 07:58:06.229 D/TrafficStats(13579): tagSocket(5) with statsTag=0xffffffff, statsUid=-1
09-18 07:58:06.242 D/TrafficStats(13579): tagSocket(96) with statsTag=0xffffffff, statsUid=-1
09-18 07:58:06.260 D/TrafficStats(13579): tagSocket(97) with statsTag=0xffffffff, statsUid=-1
09-18 07:58:06.264 D/TrafficStats(13579): tagSocket(98) with statsTag=0xffffffff, statsUid=-1
09-18 07:58:06.270 D/TrafficStats(13579): tagSocket(99) with statsTag=0xffffffff, statsUid=-1
09-18 07:58:06.271 D/TrafficStats(13579): tagSocket(100) with statsTag=0xffffffff, statsUid=-1
09-18 07:58:06.357 W/System  (13579): A resource failed to call end. 
09-18 07:58:06.357 W/System  (13579): A resource failed to call end. 
09-18 07:58:06.357 W/System  (13579): A resource failed to call end. 
09-18 07:58:06.357 W/System  (13579): A resource failed to call end. 
09-18 07:58:06.358 W/System  (13579): A resource failed to call end. 
09-18 07:58:06.358 W/System  (13579): A resource failed to call end. 
09-18 07:58:06.358 W/System  (13579): A resource failed to call end. 
09-18 07:58:06.358 W/System  (13579): A resource failed to call end. 
09-18 07:58:06.358 W/System  (13579): A resource failed to call end. 
09-18 07:58:06.358 W/System  (13579): A resource failed to call end. 
09-18 07:58:06.359 W/System  (13579): A resource failed to call end. 
09-18 07:58:06.359 W/System  (13579): A resource failed to call end. 
09-18 07:58:06.359 W/System  (13579): A resource failed to call end. 
09-18 07:58:06.359 W/System  (13579): A resource failed to call end. 
09-18 07:58:06.359 W/System  (13579): A resource failed to call end. 
09-18 07:58:06.359 W/System  (13579): A resource failed to call end. 
09-18 07:58:06.381 W/bthal.bqr(  881): ParseLinkQualityRelatedEvt: Generic Parameters: Appro LSTO , Handle: 0x0041, DH1, Central, PwLv: 9, RSSI: -86, SNR: 0, UnusedCh: 0, UnidealCh: 0, ReTx: 166, NoRX: 166, NAK: 0, FlowOff: 0, OverFlow: 0, UndFlow: 0, TxTotal: 0, TxUnAcked: 0, TxFlushed: 0, TxLastSubEvent: 0, CRCError: 0, RxDuplicate: 0
09-18 07:58:06.381 W/bthal.bqr(  881): ParseLinkQualityRelatedEvt: Vendor Parameters: Appro LSTO , Handle: 0x0041, RSSI_C0: -86, RSSI_C1: -88, TxPw_C0: 9, ReTxPw_C0: 9, TxPw_C1: -128, ReTxPw_C1: -128, BFTx: 0x01, BFReTx: 0x01, DivTx: 0x02, DivReTx: 0x02, Overall_link_quality: 0, Tx_link_quality: 0, Rx_link_quality: 0
09-18 07:58:06.381 I/bthal.flowcontrol(  881): HciEventPreProcess: HCI Event 0xff Opcode 0 Length 250 unhandled by debug_VendorEvent
09-18 07:58:06.382 I/devctl  ( 2206): btm_vendor_specific_evt: Unhandled BQR subevent 0x58x
09-18 07:58:06.382 I/bt_shim_hci( 2206): packages/modules/Bluetooth/system/main/shim/hci_layer.cc:304 - operator(): ISO disconnection from GD, handle: 0x41, reason: 0x08
09-18 07:58:06.382 I/bluetooth( 2206): OnLeDisconnect: Notifying Rust of LE disconnection
09-18 07:58:06.382 I/bluetooth( 2206): disconnect: Device: xx:xx:xx:xx:d0:a9, cid: 0xffff
09-18 07:58:06.382 W/bluetooth( 2206): disconnect: no eatt device found
09-18 07:58:06.382 I/bluetooth( 2206): gatt_connect_cback: remove untrusted client status, bda=xx:xx:xx:xx:d0:a9
09-18 07:58:06.382 I/bluetooth( 2206): client_connect_cback: No active GAP service found for peer:xx:xx:xx:xx:d0:a9 callback:Disconnected
09-18 07:58:06.382 I/bt_bta_gattc( 2206): bta_gattc_conn_cback: Disconnected att_id:3 addr:xx:xx:xx:xx:d0:a9, transport:BT_TRANSPORT_LE reason:GATT_CONN_TIMEOUT
09-18 07:58:06.382 I/bt_bta_gattc( 2206): bta_gattc_conn_cback: Disconnected att_id:4 addr:xx:xx:xx:xx:d0:a9, transport:BT_TRANSPORT_LE reason:GATT_CONN_TIMEOUT
09-18 07:58:06.382 I/bt_bta_gattc( 2206): bta_gattc_conn_cback: Disconnected att_id:5 addr:xx:xx:xx:xx:d0:a9, transport:BT_TRANSPORT_LE reason:GATT_CONN_TIMEOUT
09-18 07:58:06.382 I/bt_bta_gattc( 2206): bta_gattc_conn_cback: Disconnected att_id:6 addr:xx:xx:xx:xx:d0:a9, transport:BT_TRANSPORT_LE reason:GATT_CONN_TIMEOUT
09-18 07:58:06.382 I/bt_bta_gattc( 2206): bta_gattc_conn_cback: Disconnected att_id:7 addr:xx:xx:xx:xx:d0:a9, transport:BT_TRANSPORT_LE reason:GATT_CONN_TIMEOUT
09-18 07:58:06.383 I/bt_bta_gattc( 2206): bta_gattc_conn_cback: Disconnected att_id:10 addr:xx:xx:xx:xx:d0:a9, transport:BT_TRANSPORT_LE reason:GATT_CONN_TIMEOUT
09-18 07:58:06.383 I/bt_bta_gattc( 2206): bta_gattc_conn_cback: Disconnected att_id:11 addr:xx:xx:xx:xx:d0:a9, transport:BT_TRANSPORT_LE reason:GATT_CONN_TIMEOUT
09-18 07:58:06.383 I/bt_bta_gattc( 2206): bta_gattc_conn_cback: Disconnected att_id:13 addr:xx:xx:xx:xx:d0:a9, transport:BT_TRANSPORT_LE reason:GATT_CONN_TIMEOUT
09-18 07:58:06.383 W/bt_btm_sec( 2206): btm_sec_disconnected: Got uncommon disconnection reason:HCI_ERR_CONNECTION_TOUT handle:0x0041 comment:stack::acl::btm_acl::btm_acl_disconnected
09-18 07:58:06.383 E/bta_gattc_main( 2206): bta_gattc_hdl_event: Ignore unknown conn ID: 3
09-18 07:58:06.383 E/bta_gattc_main( 2206): bta_gattc_hdl_event: Ignore unknown conn ID: 4
09-18 07:58:06.383 E/bta_gattc_main( 2206): bta_gattc_hdl_event: Ignore unknown conn ID: 5
09-18 07:58:06.383 E/bta_gattc_main( 2206): bta_gattc_hdl_event: Ignore unknown conn ID: 6
09-18 07:58:06.383 E/bta_gattc_main( 2206): bta_gattc_hdl_event: Ignore unknown conn ID: 7
09-18 07:58:06.383 E/bta_gattc_main( 2206): bta_gattc_hdl_event: Ignore unknown conn ID: 10
09-18 07:58:06.383 E/bta_gattc_main( 2206): bta_gattc_hdl_event: Ignore unknown conn ID: 11
09-18 07:58:06.383 I/btif_av ( 2206): packages/modules/Bluetooth/system/btif/src/btif_av.cc:4112 - btif_av_acl_disconnected: btif_av_acl_disconnected: Peer xx:xx:xx:xx:d0:a9 : ACL Disconnected
09-18 07:58:06.383 I/btif_av ( 2206): packages/modules/Bluetooth/system/btif/src/btif_av.cc:1254 - FindOrCreatePeer: BtifAvPeer *BtifAvSource::FindOrCreatePeer(const RawAddress &, tBTA_AV_HNDL): Create peer: peer_address=xx:xx:xx:xx:d0:a9 bta_handle=0x41 peer_id=0
09-18 07:58:06.383 I/btif_av ( 2206): packages/modules/Bluetooth/system/btif/src/btif_av.cc:4038 - btif_av_get_peer_sep: No active sink or source peer found
09-18 07:58:06.383 I/btif_av ( 2206): packages/modules/Bluetooth/system/btif/src/btif_av.cc:4038 - btif_av_get_peer_sep: No active sink or source peer found
09-18 07:58:06.383 I/btif_av ( 2206): packages/modules/Bluetooth/system/btif/src/btif_av.cc:4038 - btif_av_get_peer_sep: No active sink or source peer found
09-18 07:58:06.383 I/btif_av ( 2206): packages/modules/Bluetooth/system/btif/src/btif_av.cc:4038 - btif_av_get_peer_sep: No active sink or source peer found
09-18 07:58:06.383 I/btif_av ( 2206): packages/modules/Bluetooth/system/btif/src/btif_av.cc:1321 - DeleteIdlePeers: DeleteIdlePeers: Deleting idle peer: xx:xx:xx:xx:d0:a9 bta_handle=0x41
09-18 07:58:06.384 D/BtGatt.GattService( 2206): onClientConnected() uid_not_found=android.uid.bluetooth:1002
09-18 07:58:06.384 D/BluetoothGattServer( 2206): onServerConnectionState() - status=0 serverIf=8 device=00:07:4D:DD:D0:A9
09-18 07:58:06.385 D/BtGatt.GattService( 2206): onClientConnected() uid_not_found=android.uid.bluetooth:1002
