10-15 04:53:48.785 E/gkqn    (25557): 	at gkbq.a(:com.google.android.gms@244035030@24.40.35 (190408-683445800):5)
10-15 04:53:48.785 E/gkqn    (25557): 	at bsmb.a(:com.google.android.gms@244035030@24.40.35 (190408-683445800):153)
10-15 04:53:48.785 E/gkqn    (25557): 	at fdvc.a(:com.google.android.gms@244035030@24.40.35 (190408-683445800):25)
10-15 04:53:48.785 E/gkqn    (25557): 	at ethx.a(:com.google.android.gms@244035030@24.40.35 (190408-683445800):13)
10-15 04:53:48.785 E/gkqn    (25557): 	at fayd.a(:com.google.android.gms@244035030@24.40.35 (190408-683445800):3)
10-15 04:53:48.785 E/gkqn    (25557): 	at faxe.run(:com.google.android.gms@244035030@24.40.35 (190408-683445800):19)
10-15 04:53:48.785 E/gkqn    (25557): 	at fayf.run(:com.google.android.gms@244035030@24.40.35 (190408-683445800):5)
10-15 04:53:48.785 E/gkqn    (25557): 	at anmi.c(:com.google.android.gms@244035030@24.40.35 (190408-683445800):50)
10-15 04:53:48.785 E/gkqn    (25557): 	at anmi.run(:com.google.android.gms@244035030@24.40.35 (190408-683445800):76)
10-15 04:53:48.785 E/gkqn    (25557): 	at java.util.concurrent.ThreadPoolExecutor.runWorker(ThreadPoolExecutor.java:1145)
10-15 04:53:48.785 E/gkqn    (25557): 	at java.util.concurrent.ThreadPoolExecutor$Worker.run(ThreadPoolExecutor.java:644)
10-15 04:53:48.785 E/gkqn    (25557): 	at anrt.run(:com.google.android.gms@244035030@24.40.35 (190408-683445800):8)
10-15 04:53:48.785 E/gkqn    (25557): 	at java.lang.Thread.run(Thread.java:1012)
10-15 04:53:48.785 E/gkqn    (25557): *~*~*~ Previous channel {0} was garbage collected without being shut down! ~*~*~*
10-15 04:53:48.785 E/gkqn    (25557):     Make sure to call shutdown()/shutdownNow()
10-15 04:53:48.785 E/gkqn    (25557): java.lang.RuntimeException: ManagedChannel allocation site
10-15 04:53:48.785 E/gkqn    (25557): 	at gkqm.<init>(:com.google.android.gms@244035030@24.40.35 (190408-683445800):21)
10-15 04:53:48.785 E/gkqn    (25557): 	at gkqn.<init>(:com.google.android.gms@244035030@24.40.35 (190408-683445800):10)
10-15 04:53:48.785 E/gkqn    (25557): 	at gkql.a(:com.google.android.gms@244035030@24.40.35 (190408-683445800):249)
10-15 04:53:48.785 E/gkqn    (25557): 	at gkbq.a(:com.google.android.gms@244035030@24.40.35 (190408-683445800):5)
10-15 04:53:48.785 E/gkqn    (25557): 	at bsmb.a(:com.google.android.gms@244035030@24.40.35 (190408-683445800):153)
10-15 04:53:48.785 E/gkqn    (25557): 	at fdvc.a(:com.google.android.gms@244035030@24.40.35 (190408-683445800):25)
10-15 04:53:48.785 E/gkqn    (25557): 	at ethx.a(:com.google.android.gms@244035030@24.40.35 (190408-683445800):13)
10-15 04:53:48.785 E/gkqn    (25557): 	at fayd.a(:com.google.android.gms@244035030@24.40.35 (190408-683445800):3)
10-15 04:53:48.785 E/gkqn    (25557): 	at faxe.run(:com.google.android.gms@244035030@24.40.35 (190408-683445800):19)
10-15 04:53:48.785 E/gkqn    (25557): 	at fayf.run(:com.google.android.gms@244035030@24.40.35 (190408-683445800):5)
10-15 04:53:48.785 E/gkqn    (25557): 	at anmi.c(:com.google.android.gms@244035030@24.40.35 (190408-683445800):50)
10-15 04:53:48.785 E/gkqn    (25557): 	at anmi.run(:com.google.android.gms@244035030@24.40.35 (190408-683445800):76)
10-15 04:53:48.785 E/gkqn    (25557): 	at java.util.concurrent.ThreadPoolExecutor.runWorker(ThreadPoolExecutor.java:1145)
10-15 04:53:48.785 E/gkqn    (25557): 	at java.util.concurrent.ThreadPoolExecutor$Worker.run(ThreadPoolExecutor.java:644)
10-15 04:53:48.785 E/gkqn    (25557): 	at anrt.run(:com.google.android.gms@244035030@24.40.35 (190408-683445800):8)
10-15 04:53:48.785 E/gkqn    (25557): 	at java.lang.Thread.run(Thread.java:1012)
10-15 04:53:48.786 I/AppIconSolution( 4080): load= live icon for com.sec.android.app.clockpackage, from overlay = false
10-15 04:53:48.788 I/LauncherActivityInfo( 4080): packageName: com.sec.android.app.clockpackage, useThemeIcon: false, height: 288, width: 288, density: 640
10-15 04:53:48.790 D/ActivityTaskManager( 2701): mStartingWindow and mStartingData is null for token=ActivityRecord{23bddb8 u0 com.google.android.permissioncontroller/com.android.permissioncontroller.permission.ui.GrantPermissionsActivity} t77}
10-15 04:53:48.790 I/ViewRootImpl@ed93d7a[LauncherActivity]( 4080): performTraversals mFirst=false windowShouldResize=false viewVisibilityChanged=true mForceNextWindowRelayout=false params=null
10-15 04:53:48.791 V/WindowManager( 2701): Relayout Window{ce243b4 u0 com.sec.android.app.launcher/com.sec.android.app.launcher.activities.LauncherActivity}: viewVisibility=0 req=1080x2340 d0
10-15 04:53:48.791 I/LauncherActivityInfo( 4080): Trying to load live icon for com.samsung.android.calendar
10-15 04:53:48.792 D/RestrictionPolicy( 2701): isScreenCaptureEnabled : ret=true userId=0
10-15 04:53:48.792 I/SurfaceFlinger( 1671): id=3193 createSurf, flag=40004, com.sec.android.app.launcher/com.sec.android.app.launcher.activities.LauncherActivity$_4080#3193
10-15 04:53:48.793 D/WindowManager( 2701): makeSurface duration=1 name=com.sec.android.app.launcher/com.sec.android.app.launcher.activities.LauncherActivity$_4080
10-15 04:53:48.794 V/WindowManager( 2701): Relayout hash=ce243b4, pid=4080, syncId=-1: mAttrs={(0,0)(fillxfill) sim={adjust=nothing} layoutInDisplayCutoutMode=shortEdges ty=BASE_APPLICATION fmt=TRANSPARENT wanim=0x10302f4
10-15 04:53:48.794 V/WindowManager( 2701):   fl=81910100
10-15 04:53:48.794 V/WindowManager( 2701):   pfl=1e020040
10-15 04:53:48.794 V/WindowManager( 2701):   vsysui=1700
10-15 04:53:48.794 V/WindowManager( 2701):   bhv=SHOW_TRANSIENT_BARS_BY_SWIPE
10-15 04:53:48.794 V/WindowManager( 2701):   fitSides= naviIconColor=0}
10-15 04:53:48.795 I/ViewRootImpl@ed93d7a[LauncherActivity]( 4080): updateBlastSurfaceIfNeeded mBlastBufferQueue=null isSameSurfaceControl=false
10-15 04:53:48.795 I/BLASTBufferQueue( 4080): new BLASTBufferQueue, mName= ViewRootImpl@ed93d7a[LauncherActivity] mNativeObject= 0xb4000070a56e4280 sc.mNativeObject= 0xb40000710ebbbc00 caller= android.view.ViewRootImpl.updateBlastSurfaceIfNeeded:2909 android.view.ViewRootImpl.relayoutWindow:9847 android.view.ViewRootImpl.performTraversals:3884 android.view.ViewRootImpl.doTraversal:3116 android.view.ViewRootImpl$TraversalRunnable.run:10885 android.view.Choreographer$CallbackRecord.run:1301 android.view.Choreographer$CallbackRecord.run:1309 android.view.Choreographer.doCallbacks:923 android.view.Choreographer.doFrame:852 android.view.Choreographer$FrameDisplayEventReceiver.run:1283 
10-15 04:53:48.795 I/BLASTBufferQueue( 4080): update, w= 1080 h= 2340 mName = ViewRootImpl@ed93d7a[LauncherActivity] mNativeObject= 0xb4000070a56e4280 sc.mNativeObject= 0xb40000710ebbbc00 format= -2 caller= android.graphics.BLASTBufferQueue.<init>:84 android.view.ViewRootImpl.updateBlastSurfaceIfNeeded:2909 android.view.ViewRootImpl.relayoutWindow:9847 android.view.ViewRootImpl.performTraversals:3884 android.view.ViewRootImpl.doTraversal:3116 android.view.ViewRootImpl$TraversalRunnable.run:10885 
10-15 04:53:48.796 I/ViewRootImpl@ed93d7a[LauncherActivity]( 4080): Relayout returned: old=(0,0,1080,2340) new=(0,0,1080,2340) req=(1080,2340)0 dur=5 res=0x3 s={true 0xb4000070a7e74800} ch=true seqId=0
10-15 04:53:48.796 I/ViewRootImpl@ed93d7a[LauncherActivity]( 4080): mThreadedRenderer.initialize() mSurface={isValid=true 0xb4000070a7e74800} hwInitialized=true
10-15 04:53:48.796 I/ViewRootImpl@ed93d7a[LauncherActivity]( 4080): reportNextDraw android.view.ViewRootImpl.performTraversals:4438 android.view.ViewRootImpl.doTraversal:3116 android.view.ViewRootImpl$TraversalRunnable.run:10885 android.view.Choreographer$CallbackRecord.run:1301 android.view.Choreographer$CallbackRecord.run:1309 
10-15 04:53:48.796 I/ViewRootImpl@ed93d7a[LauncherActivity]( 4080): Setup new sync id=58
10-15 04:53:48.796 I/ViewRootImpl@ed93d7a[LauncherActivity]( 4080): Setting syncFrameCallback
10-15 04:53:48.796 I/ViewRootImpl@ed93d7a[LauncherActivity]( 4080): registerCallbacksForSync syncBuffer=false
10-15 04:53:48.798 I/LiveIconLoader( 4080): [Calendar] LiveIcon - stdIconSize : 144 , targetIconSize : 174
10-15 04:53:48.798 I/LiveIconLoader( 4080): [Calendar] LiveIcon - sIconDpi : 640 , targetIconDpi : 480
10-15 04:53:48.798 W/LiveIconLoader( 4080): System font not found, reverting to Roboto.
10-15 04:53:48.798 I/DisplayDevice( 1671): [Display 4630947059332006275 (internal, primary, "")] ActiveConfigToHWC, ID : 0
10-15 04:53:48.798 I/LayerHistory( 1671): 6ecf37d com.sec.android.app.camera/com.sec.android.app.camera.Camera#3065 voted 0, 60.00 fps
10-15 04:53:48.798 I/SurfaceFlinger( 1671): Touch - choose 120.00 Hz
10-15 04:53:48.799 I/ViewRootImpl@ed93d7a[LauncherActivity]( 4080): Received frameDrawingCallback syncResult=0 frameNum=1.
10-15 04:53:48.799 I/ViewRootImpl@ed93d7a[LauncherActivity]( 4080): Setting up sync and frameCommitCallback
10-15 04:53:48.799 I/SDM     ( 1577): HWDeviceDRM::SetDisplaySwitchMode: [DispConfigs] check hs_mode 3
10-15 04:53:48.799 W/SDM     ( 1577): HWDeviceDRM::GetSupportedBitClkRate: Requested rate not supported: 951080000
10-15 04:53:48.799 I/SDM     ( 1577): HWDeviceDRM::SetDisplaySwitchMode: [DispConfigs] Set mode index:0 1080x2340x120xcmdHS, hs_mode(3), found_mode(0)
10-15 04:53:48.800 I/SDM     ( 1577): HWDeviceDRM::UpdateMixerAttributes: Mixer WxH 1080x2340-1 for Peripheral
10-15 04:53:48.800 I/SDM     ( 1577): HWCDisplay::SubmitDisplayConfig: Active configuration changed from config 8 to 0
10-15 04:53:48.800 D/SurfaceFlinger( 1671): Display 4630947059332006275 HWC layers:
10-15 04:53:48.800 D/SurfaceFlinger( 1671):      DEVICE | 0xb40000769c6b0280 | 0100 | RGBA_8888    |    8.0    0.0 1088.0 1446.0 |    0  758 1080 2204 | com.google.android.permissioncontrol[...]GrantPermissionsActivity$_13779#3191
10-15 04:53:48.800 D/SurfaceFlinger( 1671):  SOLID_COLOR |              | 0000 |  Unknown  |    0.0    0.0    0.0    0.0 |    0    0 1080 2340 | Dim Layer for - Task=77#3184
10-15 04:53:48.800 D/SurfaceFlinger( 1671):  SOLID_COLOR |              | 0000 |  Unknown  |    0.0    0.0    0.0    0.0 |    0    0 1080 2340 | Dim Layer for - WindowedMagnification:0:31#3188
10-15 04:53:48.800 D/SurfaceFlinger( 1671):      DEVICE | 0xb40000769c624b80 | 0100 | RGBA_8888    |    8.0    0.0 1088.0 1446.0 |    0  758 1080 2204 | com.google.android.permissioncontrol[...]GrantPermissionsActivity$_13779#3180
10-15 04:53:48.800 D/SurfaceFlinger( 1671):      DEVICE | 0xb40000769c624800 | 0100 | RGBA_8888    |    0.0    0.0 1080.0   81.0 |    0    0 1080   81 | StatusBar$_3594#86
10-15 04:53:48.800 D/SurfaceFlinger( 1671):      DEVICE | 0xb40000769e0fcc00 | 0100 | RGBA_8888    |    0.0    0.0   67.0  342.0 | 1013  670 1080 1012 | com.samsung.android.app.cocktailbars[...]ervice.CocktailBarService$_5260#3114
10-15 04:53:48.800 D/SurfaceFlinger( 1671):      DEVICE | 0
10-15 04:53:48.800 D/SurfaceFlinger( 1671): xb40000769c624080 | 0100 | RGBA_8888    |    0.0    0.0 1080.0  144.0 |    0 2196 1080 2340 | NavigationBar0$_3594#81
10-15 04:53:48.800 D/SurfaceFlinger( 1671): 
10-15 04:53:48.801 I/LiveIconLoader( 4080): [Calendar] getLiveIcon - Date: 15
10-15 04:53:48.802 I/AppIconSolution( 4080): load= live icon for com.samsung.android.calendar, from overlay = false
10-15 04:53:48.802 I/LauncherActivityInfo( 4080): packageName: com.samsung.android.calendar, useThemeIcon: false, height: 288, width: 288, density: 640
10-15 04:53:48.802 I/BLASTBufferQueue( 4080): [ViewRootImpl@ed93d7a[LauncherActivity]#54](f:0,a:0) onFrameAvailable the first frame is available
10-15 04:53:48.802 I/ViewRootImpl@ed93d7a[LauncherActivity]( 4080): Received frameCommittedCallback lastAttemptedDrawFrameNum=1 didProduceBuffer=true
10-15 04:53:48.802 I/ViewRootImpl@ed93d7a[LauncherActivity]( 4080): onSyncComplete
10-15 04:53:48.803 I/ViewRootImpl@ed93d7a[LauncherActivity]( 4080): setupSync seqId=0 mSyncId=58 fn=1 caller=android.view.ViewRootImpl$$ExternalSyntheticLambda11.accept:6 android.window.SurfaceSyncer.lambda$setupSync$1$android-window-SurfaceSyncer:128 android.window.SurfaceSyncer$$ExternalSyntheticLambda1.accept:8 android.window.SurfaceSyncer$SyncSet.checkIfSyncIsComplete:382 android.window.SurfaceSyncer$SyncSet.markSyncReady:359 android.window.SurfaceSyncer.markSyncReady:151 android.view.ViewRootImpl.performTraversals:4503 
10-15 04:53:48.803 I/ViewRootImpl@ed93d7a[LauncherActivity]( 4080): reportDrawFinished seqId=0 mSyncId=-1 fn=1 mSurfaceChangedTransaction=0xb4000070a7c3a700
10-15 04:53:48.803 D/WindowManager( 2701): finishDrawingWindow: Window{ce243b4 u0 com.sec.android.app.launcher/com.sec.android.app.launcher.activities.LauncherActivity} mDrawState=DRAW_PENDING seqId=0
10-15 04:53:48.803 V/WindowManager( 2701): Setting visibility of Window{42056b u0 com.android.systemui.ImageWallpaper}: true, caller=com.android.server.wm.WindowContainer.sendAppVisibilityToClients:1246 com.android.server.wm.WindowToken.setClientVisible:431 com.android.server.wm.WallpaperWindowToken.setVisible:160 com.android.server.wm.WallpaperWindowToken.commitVisibility:202 com.android.server.wm.WallpaperWindowToken.setVisibility:187 
10-15 04:53:48.803 D/WallpaperService( 3594): dispatchAppVisibility onVisibilityChanged(): true
10-15 04:53:48.804 D/WallpaperService( 3594): updateSurface forceRelayout=true forceReport=false redrawNeeded=false myWidth=2340 myHeight=2340 fixedSize=true x = 0 y = 0 mWidth=2340 mHeight=2340 mIsSleepMode=false
10-15 04:53:48.804 D/WallpaperService( 3594): mDeviceHeight : 2340, mDeviceWidth : 1080,mDeviceRotation  : 0
10-15 04:53:48.805 V/WindowManager( 2701): performShowLocked: mDrawState=HAS_DRAWN in Window{6781b74 u0 (1-1)-Window{4754a5c alpha=1.0 fl=}}
10-15 04:53:48.805 D/ActivityTaskManager( 2701): mStartingWindow and mStartingData is null for token=ActivityRecord{6c94d26 u0 com.sec.android.app.launcher/.activities.LauncherActivity} t7}
10-15 04:53:48.805 V/WindowManager( 2701): performShowLocked: mDrawState=HAS_DRAWN in Window{ce243b4 u0 com.sec.android.app.launcher/com.sec.android.app.launcher.activities.LauncherActivity}
10-15 04:53:48.806 I/VSyncReactor( 1671): Current= 24, TransitioningTo= 120, hwcPeriod= 120, Distance= 24
10-15 04:53:48.806 V/WindowManager( 2701): Relayout Window{42056b u0 com.android.systemui.ImageWallpaper}: viewVisibility=0 req=2340x2340 d0
10-15 04:53:48.807 D/TrafficStats(32140): tagSocket(6) with statsTag=0xffffffff, statsUid=-1
10-15 04:53:48.807 V/WindowManager( 2701): Relayout hash=42056b, pid=3594, syncId=-1: mAttrs={(0,0)(2340x2340) gr=TOP START CENTER layoutInDisplayCutoutMode=always ty=WALLPAPER fmt=RGBX_8888 wanim=0x103031a
10-15 04:53:48.807 V/WindowManager( 2701):   fl=14318
10-15 04:53:48.807 V/WindowManager( 2701):   pfl=2000014
10-15 04:53:48.807 V/WindowManager( 2701):   bhv=DEFAULT naviIconColor=0
10-15 04:53:48.807 V/WindowManager( 2701):   sfl=8}
10-15 04:53:48.808 I/BLASTBufferQueue( 3594): update, w= 2340 h= 2340 mName = Wallpaper mNativeObject= 0xb4000070a81cba80 sc.mNativeObject= 0xb400007084c269c0 format= 2 caller= android.service.wallpaper.WallpaperService$Engine.getOrCreateBLASTSurface:2575 android.service.wallpaper.WallpaperService$Engine.updateSurface:1527 android.service.wallpaper.WallpaperService$Engine.reportVisibility:1902 android.service.wallpaper.WallpaperService$Engine.doVisibilityChanged:1872 android.service.wallpaper.WallpaperService$IWallpaperEngineWrapper.executeMessage:2842 com.android.internal.os.HandlerCaller$MyHandler.handleMessage:44 
10-15 04:53:48.808 D/WallpaperService( 3594): reportVisibility onVisibilityChanged visible: true
10-15 04:53:48.808 I/ImageWallpaper[GLEngine]( 3594):  onVisibilityChanged true , 0
10-15 04:53:48.810 D/WALLPAPER_SVC:WallpaperManagerService( 2701): getWallpaperSafeLocked, userId = 0, which = 1, caller = com.android.server.wallpaper.WallpaperManagerService.semGetWallpaperType:6816 
10-15 04:53:48.810 D/WallpaperManagerService( 2701): which : 1, return type : 0 (called by userId= 0)
10-15 04:53:48.810 I/ImageWallpaperRenderer( 3594): updateWallpaperOffset 0 lastCropOffset 0 , wp Type 0 , rotation 0 , allowed true Do not change Display offset 0
10-15 04:53:48.814 I/Scheduler( 1671): DisplayModeChanged : 0
10-15 04:53:48.815 I/Layer   ( 1671): Layer [(1-1)-Window{4754a5c alpha=1.0 fl=}$_26477#3192] hidden!! flag(0)
10-15 04:53:48.815 D/ActivityTaskManager( 2701): mStartingWindow and mStartingData is null for token=ActivityRecord{6c94d26 u0 com.sec.android.app.launcher/.activities.LauncherActivity} t7}
10-15 04:53:48.815 D/LocalDisplayAdapter( 2701): updateActiveModeLocked for d=4630947059332006275, mActiveModeId=1, mActiveSfDisplayMode=DisplayMode{id=0, width=1080, height=2340, xDpi=428.625, yDpi=424.542, refreshRate=120.00001, appVsyncOffsetNanos=100000, presentationDeadlineNanos=9233333, group=1080}
10-15 04:53:48.816 I/DisplayDeviceRepository( 2701): Display device changed: DisplayDeviceInfo{"Built-in Screen": uniqueId="local:4630947059332006275", 1080 x 2340, modeId 1, defaultModeId 1, supportedModes [{id=1, width=1080, height=2340, fps=120.00001, alternativeRefreshRates=[10.0, 24.000002, 30.000002, 48.000004, 60.000004, 96.00001]}, {id=2, width=1080, height=2340, fps=96.00001, alternativeRefreshRates=[10.0, 24.000002, 30.000002, 48.000004, 60.000004, 120.00001]}, {id=3, width=1080, height=2340, fps=60.000004, alternativeRefreshRates=[10.0, 24.000002, 30.000002, 48.000004, 96.00001, 120.00001]}, {id=4, width=1080, height=2340, fps=48.000004, alternativeRefreshRates=[10.0, 24.000002, 30.000002, 60.000004, 96.00001, 120.00001]}, {id=5, width=1080, height=2340, fps=30.000002, alternativeRefreshRates=[10.0, 24.000002, 48.000004, 60.000004, 96.00001, 120.00001]}, {id=6, width=1080, height=2340, fps=24.000002, alternativeRefreshRates=[10.0, 30.000002, 48.000004, 60.000004, 96.00001, 120.00001]}, {id=7, width=1080, height=2340, fps=10.0, alternativeRefreshRates=[24.000002, 30.000002, 48.000004, 60.000004, 96.00001, 120.00001]}], colorMode 0, supportedColorModes [0, 7, 9], hdrCapabilities HdrCapabilities{mSupportedHdrTypes=[2, 3, 4], mMaxLuminance=450.0, mMaxAverageLuminance=225.00024, mMinLuminance=5.0E-4}, allmSupported false, gameContentTypeSupported false, density 480, 428.625 x 424.542 dpi, appVsyncOff 100000, presDeadline 9233333, cutout DisplayCutout{insets=Rect(0, 81 - 0, 0) waterfall=Insets{left=0, top=0, right=0, bottom=0} boundingRect={Bounds=[Rect(0, 0 - 0, 0), Rect(512, 0 - 568, 81), Rect(0, 0 - 0, 0), Rect(0, 0 - 0, 0)]} cutoutPathParserInfo={CutoutPathParserInfo{displayWidth=1080 displayHeight=2340 physicalDisplayWidth=1080 physicalDisplayHeight=2340 density={3.0} cutoutSpec={M 0,0 H -9.333333333333333‬ V 27 H 9.333333333333333‬ V 0 H 0 Z @dp} rotation={0} scale={1.0} physicalPixelDisplaySizeRatio={1.0}}}}, touch INTERNAL, rotation 0, type INTERNAL, address {port=131, model=0x40446dd08d1fc1}, deviceProductInfo DeviceProductInfo{name=, manufacturerPnpId=QCM, productId=1, modelYear=null, manufactureDate=ManufactureDate{week=27, year=2006}, connectionToSinkType=0}, state ON, frameRateOverride , brightnessMinimum 0.0, brightnessMaximum 1.0, brightnessDefault 0.5019608, roundedCorners RoundedCorners{[RoundedCorner{position=TopLeft, radius=102, center=Point(102, 102)}, RoundedCorner{position=TopRight, radius=102, center=Point(978, 102)}, RoundedCorner{position=BottomRight, radius=102, center=Point(978, 2238)}, RoundedCorner{position=BottomLeft, radius=102, center=Point(102, 2238)}]}, FLAG_ALLOWED_TO_BE_DEFAULT_DISPLAY, FLAG_ROTATES_WITH_CONTENT, FLAG_SECURE, FLAG_SUPPORTS_PROTECTED_BUFFERS, installOrientation 0}
10-15 04:53:48.816 D/SurfaceFlinger( 1671): Display 4630947059332006275 HWC layers:
10-15 04:53:48.816 D/SurfaceFlinger( 1671):      DEVICE | 0xb40000769c624580 | 0100 | RGBx_8888    |  630.0    0.0 1710.0 2340.0 |    0    0 1080 2340 | Wallpaper BBQ wrapper#80
10-15 04:53:48.816 D/SurfaceFlinger( 1671):      DEVICE | 0xb40000769e0fce80 | 0100 | RGBA_8888    |    0.0    0.0 1080.0 2340.0 |    0    0 1080 2340 | com.sec.android.app.launcher/com.sec[...]tivities.LauncherActivity$_4080#3193
10-15 04:53:48.816 D/SurfaceFlinger( 1671):      DEVICE | 0xb40000769c6b0280 | 0100 | RGBA_8888    |    8.0    0.0 1088.0 1446.0 |    0  758 1080 2204 | com.google.android.permissioncontrol[...]GrantPermissionsActivity$_13779#3191
10-15 04:53:48.816 D/SurfaceFlinger( 1671):  SOLID_COLOR |              | 0000 |  Unknown  |    0.0    0.0    0.0    0.0 |    0    0 1080 2340 | Dim Layer for - Task=77#3184
10-15 04:53:48.816 D/SurfaceFlinger( 1671):  SOLID_COLOR |              | 0000 |  Unknown  |    0.0    0.0    0.0    0.0 |    0    0 1080 2340 | Dim Layer for - WindowedMagnification:0:31#3188
10-15 04:53:48.816 D/SurfaceFlinger( 1671):      DEVICE | 0xb40000769c624b80 | 0100 | RGBA_8888    |    8.0    0.0 1088.0 1446.0 |    0  758 1080 2204 | com.google.android.permissioncontrol[...]GrantPermissionsActivity$_13779#3180
10-15 04:53:48.816 D/SurfaceFlinger( 1671):      DEVI
10-15 04:53:48.816 D/SurfaceFlinger( 1671): CE | 0xb40000769c624800 | 0100 | RGBA_8888    |    0.0    0.0 1080.0   81.0 |    0    0 1080   81 | StatusBar$_3594#86
10-15 04:53:48.816 D/SurfaceFlinger( 1671):      DEVICE | 0xb40000769e0fcc00 | 0100 | RGBA_8888    |    0.0    0.0   67.0  342.0 | 1013  670 1080 1012 | com.samsung.android.app.cocktailbars[...]ervice.CocktailBarService$_5260#3114
10-15 04:53:48.816 D/SurfaceFlinger( 1671):      DEVICE | 0xb40000769c624080 | 0100 | RGBA_8888    |    0.0    0.0 1080.0  144.0 |    0 2196 1080 2340 | NavigationBar0$_3594#81
10-15 04:53:48.816 D/SurfaceFlinger( 1671): 
10-15 04:53:48.820 D/LiftUpHandler( 2701): [LTW] Stopped already.
10-15 04:53:48.821 D/SGM:GameManager( 2701): onDisplayChanged. displyId: 0, state: 2
10-15 04:53:48.821 D/AODManagerService( 2701): requestReCalToTSP IsSingleTouchMode = false / previousDisplayState = ON
10-15 04:53:48.821 D/SGM:FgCheckThread( 2701): onLooperPrepared(), msg: MSG_LCD_ON
10-15 04:53:48.822 D/DisplayLifecycle( 3594): updateDisplay id = 0
10-15 04:53:48.830 D/MdnieScenarioControlService( 2701):  packageName : com.google.android.permissioncontroller    className : com.android.permissioncontroller.permission.ui.GrantPermissionsActivity
10-15 04:53:48.831 V/MdnieScenarioControlService( 2701): setUIMode from UI function(3)
10-15 04:53:48.924 I/WindowManager( 2701): Reparenting to original parent: Surface(name=Task=77)/@0xf22bc40, destroy=true, surface=Surface(name=Dim Layer for - Task=77)/@0xbbf227a
10-15 04:53:48.924 I/WindowManager( 2701): Reparenting to original parent: Surface(name=WindowedMagnification:0:31)/@0xc9b201f, destroy=true, surface=Surface(name=Dim Layer for - WindowedMagnification:0:31)/@0x2996f1d
10-15 04:53:48.932 V/MdnieScenarioControlService( 2701): mAclOffEnabled : false mAclPreviewState : false mAclCompensationState : false
10-15 04:53:48.935 D/SurfaceFlinger( 1671): Display 4630947059332006275 HWC layers:
10-15 04:53:48.935 D/SurfaceFlinger( 1671):      DEVICE | 0xb40000769c624580 | 0100 | RGBx_8888    |  630.0    0.0 1710.0 2340.0 |    0    0 1080 2340 | Wallpaper BBQ wrapper#80
10-15 04:53:48.935 D/SurfaceFlinger( 1671):      DEVICE | 0xb40000769e0fce80 | 0100 | RGBA_8888    |    0.0    0.0 1080.0 2340.0 |    0    0 1080 2340 | com.sec.android.app.launcher/com.sec[...]tivities.LauncherActivity$_4080#3193
10-15 04:53:48.935 D/SurfaceFlinger( 1671):      DEVICE | 0xb40000769c6b0280 | 0100 | RGBA_8888    |    8.0    0.0 1088.0 1446.0 |    0  758 1080 2204 | com.google.android.permissioncontrol[...]GrantPermissionsActivity$_13779#3191
10-15 04:53:48.935 D/SurfaceFlinger( 1671):  SOLID_COLOR |              | 0000 |  Unknown  |    0.0    0.0    0.0    0.0 |    0    0 1080 2340 | Dim Layer for - WindowedMagnification:0:31#3188
10-15 04:53:48.935 D/SurfaceFlinger( 1671):      DEVICE | 0xb40000769c624b80 | 0100 | RGBA_8888    |    8.0    0.0 1088.0 1446.0 |    0  758 1080 2204 | com.google.android.permissioncontrol[...]GrantPermissionsActivity$_13779#3180
10-15 04:53:48.935 D/SurfaceFlinger( 1671):      DEVICE | 0xb40000769c624800 | 0100 | RGBA_8888    |    0.0    0.0 1080.0   81.0 |    0    0 1080   81 | StatusBar$_3594#86
10-15 04:53:48.935 D/SurfaceFlinger( 1671):      DEVICE
10-15 04:53:48.935 D/SurfaceFlinger( 1671):  | 0xb40000769e0fcc00 | 0100 | RGBA_8888    |    0.0    0.0   67.0  342.0 | 1013  670 1080 1012 | com.samsung.android.app.cocktailbars[...]ervice.CocktailBarService$_5260#3114
10-15 04:53:48.935 D/SurfaceFlinger( 1671):      DEVICE | 0xb40000769c6b0000 | 0100 | RGBA_8888    |    0.0    0.0 1080.0  144.0 |    0 2196 1080 2340 | NavigationBar0$_3594#81
10-15 04:53:48.935 D/SurfaceFlinger( 1671): 
10-15 04:53:48.940 I/Layer   ( 1671): id=3184 removedFromDrawingState Dim Layer for - Task=77#3184 (126)
10-15 04:53:48.940 I/Layer   ( 1671): id=3189 removedFromDrawingState Surface(name=Dim Layer for - Task=77)/@0xbbf227a - animation-leash of dimmer#3189 (126)
10-15 04:53:48.940 I/Layer   ( 1671): id=3190 removedFromDrawingState Surface(name=Dim Layer for - WindowedMagnification:0:31)/@0x2996f1d - animation-leash of dimmer#3190 (126)
10-15 04:53:48.940 I/SurfaceFlinger( 1671): id=3184 Removed Dim Layer for - Task=77#3184 (126)
10-15 04:53:48.940 I/SurfaceFlinger( 1671): id=3189 Removed Surface(name=Dim Layer for - Task=77)/@0xbbf227a - animation-leash of dimmer#3189 (126)
10-15 04:53:48.940 I/SurfaceFlinger( 1671): id=3190 Removed Surface(name=Dim Layer for - WindowedMagnification:0:31)/@0x2996f1d - animation-leash of dimmer#3190 (126)
10-15 04:53:48.940 I/Layer   ( 1671): id=3189 Destroyed Surface(name=Dim Layer for - Task=77)/@0xbbf227a - animation-leash of dimmer#3189
10-15 04:53:48.940 I/Layer   ( 1671): id=3184 Destroyed Dim Layer for - Task=77#3184
10-15 04:53:48.940 I/Layer   ( 1671): id=3190 Destroyed Surface(name=Dim Layer for - WindowedMagnification:0:31)/@0x2996f1d - animation-leash of dimmer#3190
10-15 04:53:48.997 D/NetdEventListenerService( 2701): DNS Requested by : 117, 10227
10-15 04:53:48.999 D/TrafficStats(25557): tagSocket(88) with statsTag=0x3c009201, statsUid=-1
10-15 04:53:49.046 I/BluetoothAdapter(25899): STATE_ON
10-15 04:53:49.047 I/BluetoothAdapter(25899): STATE_ON
10-15 04:53:49.047 D/BluetoothLeScanner(25899): Stop Scan with callback
10-15 04:53:49.056 D/ActivityAttributionService( 3870): notifyActivityAttributionInfo UID=1002 packageName=com.android.bluetooth deviceAddress=no_active_device_address
10-15 04:53:49.056 I/bt_stack( 3870): [INFO:le_scanning_manager.cc(198)] ScanFilterParamSetup in shim layer
10-15 04:53:49.057 D/vendor.qti.bluetooth@1.1-ibs_handler( 1551): SerialClockVote: vote for UART CLK ON
10-15 04:53:49.059 D/vendor.qti.bluetooth@1.1-wake_lock( 1551): Acquire wakelock is acquired 
10-15 04:53:49.059 I/vendor.qti.bluetooth@1.1-ibs_handler( 1551): DeviceWakeUp: Writing IBS_WAKE_IND
10-15 04:53:49.059 I/vendor.qti.bluetooth@1.1-ibs_handler( 1551): ProcessIbsCmd: Received IBS_WAKE_ACK: 0xFC
10-15 04:53:49.059 I/vendor.qti.bluetooth@1.1-ibs_handler( 1551): ProcessIbsCmd: Signal wack_cond_
10-15 04:53:49.059 D/vendor.qti.bluetooth@1.1-ibs_handler( 1551): DeviceWakeUp: Unblocked from waiting for FC, pthread_cond_timedwait ret = 0
10-15 04:53:49.060 E/BtGatt.GattService( 3870): [GSIM LOG]: gsimLogHandler, msg: MESSAGE_SCAN_STOP, appName: com.zebra.zsfinder, scannerId: 5, reportDelayMillis=0
10-15 04:53:49.060 I/vendor.qti.bluetooth@1.1-ibs_handler( 1551): ProcessIbsCmd: Received IBS_WAKE_IND: 0xFD
10-15 04:53:49.060 I/vendor.qti.bluetooth@1.1-ibs_handler( 1551): ProcessIbsCmd: Writing IBS_WAKE_ACK
10-15 04:53:49.062 D/BtGatt.ContextMap( 3870): remove() - id: 5
10-15 04:53:49.062 E/BtGatt.ContextMap( 3870): remove() - removed: 5
10-15 04:53:49.062 I/bt_stack( 3870): [INFO:le_scanning_manager.cc(172)] Unregister in shim layer, scanner_id:5
10-15 04:53:49.110 I/vendor.qti.bluetooth@1.1-ibs_handler( 1551): ProcessIbsCmd: Received IBS_SLEEP_IND: 0xFE
10-15 04:53:49.191 D/TrafficStats(32140): tagSocket(6) with statsTag=0xffffffff, statsUid=-1
10-15 04:53:49.199 I/DisplayDevice( 1671): [Display 4630947059332006275 (internal, primary, "")] ActiveConfigToHWC, ID : 5
10-15 04:53:49.199 I/LayerHistory( 1671): NavigationBar0$_3594#81 Max (can't resolve refresh rate)
10-15 04:53:49.199 I/LayerHistory( 1671): 6ecf37d com.sec.android.app.camera/com.sec.android.app.camera.Camera#3065 voted 0, 60.00 fps
10-15 04:53:49.199 I/SurfaceFlinger( 1671): Idle - choose 24.00 Hz
10-15 04:53:49.200 I/VSyncReactor( 1671): Current= 120, TransitioningTo= 24, hwcPeriod= 120, Distance= 2
10-15 04:53:49.200 I/SDM     ( 1577): HWDeviceDRM::SetDisplaySwitchMode: [DispConfigs] check hs_mode 3
10-15 04:53:49.200 W/SDM     ( 1577): HWDeviceDRM::GetSupportedBitClkRate: Requested rate not supported: 951080000
10-15 04:53:49.200 W/SDM     ( 1577): HWDeviceDRM::GetSupportedBitClkRate: Requested rate not supported: 951080000
10-15 04:53:49.200 I/SDM     ( 1577): HWDeviceDRM::SetDisplaySwitchMode: [DispConfigs] Set mode index:9 1080x2340x24xcmdPHS, hs_mode(3), found_mode(1)
10-15 04:53:49.200 I/SDM     ( 1577): HWDeviceDRM::UpdateMixerAttributes: Mixer WxH 1080x2340-1 for Peripheral
10-15 04:53:49.201 I/SDM     ( 1577): HWCDisplay::SubmitDisplayConfig: Active configuration changed from config 0 to 8
10-15 04:53:49.207 I/VSyncReactor( 1671): Current= 120, TransitioningTo= 24, hwcPeriod= 24, Distance= 120
10-15 04:53:49.240 W/AccessibilityManagerService( 2701):  wait for adding window timeout: 266
10-15 04:53:49.246 W/AccessibilityManagerService( 2701):  wait for adding window timeout: 258
10-15 04:53:49.293 D/io_stats( 1073): !@   8,0 r 1367734 39684689 w 2849722 34405960 d 331838 116104176 f 107517 384901 iot 2288616 0 th 0 0 0 pt 0 inp 0 0 229980.291
10-15 04:53:49.298 W/AccessibilityManagerService( 2701):  wait for adding window timeout: 251
10-15 04:53:49.509 I/SemWifiServiceDetector( 2701): Traff. tracking started
10-15 04:53:49.792 D/TrafficStats(32140): tagSocket(6) with statsTag=0xffffffff, statsUid=-1
10-15 04:53:49.803 D/TrafficStats(32140): tagSocket(90) with statsTag=0xffffffff, statsUid=-1
10-15 04:53:49.829 I/cr_CronetUrlRequestContext(25557): destroyNativeStreamLocked org.chromium.net.impl.CronetBidirectionalStream@2c854c1
10-15 04:53:49.834 D/TrafficStats(32140): tagSocket(91) with statsTag=0xffffffff, statsUid=-1
10-15 04:53:49.883 D/TrafficStats(32140): tagSocket(92) with statsTag=0xffffffff, statsUid=-1
10-15 04:53:49.976 I/CNSS    ( 2002): DIAG_TYPE_FW_DEBUG_MSG: id = 1709 payloadlen = 20, payload = 0xb400007e2f2815d8 
10-15 04:53:50.011 D/SemNscXgbMsL1( 2701): Probability - Cloud gaming: [0.021442583]
10-15 04:53:50.012 D/SemNscXgbMsL1( 2701): Probability - Real time: [0.19181766]
10-15 04:53:50.012 D/SemNscXgbMsL1( 2701): Probability - Non real time: [0.8447192]
10-15 04:53:50.013 D/SemNscXgbMsL1( 2701): 1 sample inference time: 1.891042 msecs
10-15 04:53:50.015 D/SemNscXgbL2Rt( 2701): L2 RT 1 sample inference time: 2.292552 msecs
10-15 04:53:50.017 D/SemNscXgbL2Nrt( 2701): L2 NRT 1 sample inference time: 1.722292 msecs
10-15 04:53:50.061 I/vendor.qti.bluetooth@1.1-ibs_handler( 1551): DeviceSleep: TX Awake, Sending SLEEP_IND
10-15 04:53:50.061 D/vendor.qti.bluetooth@1.1-ibs_handler( 1551): SerialClockVote: vote for UART CLK OFF
10-15 04:53:50.140 D/ActivityTaskManager( 2701): SafeActivityOptions created, mOriginalCallingPid=2701, mOriginalCallingUid=1000, options=ActivityOptions(97812030), mPackageName=null, mAnimationType=-1, mStartX=0, mStartY=0, mWidth=0, mHeight=0, caller=com.android.server.am.PendingIntentRecord.sendInner:486 com.android.server.am.ActivityManagerService.sendIntentSender:6608 com.android.server.am.ActivityManagerService.sendIntentSender:6597 android.app.PendingIntent.sendAndReturnResult:1029 android.app.PendingIntent.send:1000 com.android.server.alarm.AlarmManagerService$DeliveryTracker.deliverLocked:6377 com.android.server.alarm.AlarmManagerService.deliverAlarmsLocked:5218 
10-15 04:53:50.143 D/ActivityManager( 2701): Received BROADCAST intent 0x3516bdb Key{broadcastIntent pkg=com.zebra.zsfinder intent=act=WAKE_ALARM cmp=com.zebra.zsfinder/.receivers.AlarmReceiver flags=0x4000000 u=0} requestCode=0 sent=0 from uid 1000
10-15 04:53:50.149 I/ActivityManager( 2701): PendingStartActivityUids startActivity to updateOomAdj delay:1463ms, uid:10265
10-15 04:53:50.214 D/vendor.qti.bluetooth@1.1-wake_lock( 1551): Release wakelock is released 
10-15 04:53:50.268 D/TrafficStats(32140): tagSocket(6) with statsTag=0xffffffff, statsUid=-1
10-15 04:53:50.518 D/SemNscXgbMsL1( 2701): Probability - Cloud gaming: [0.02064419]
10-15 04:53:50.519 D/SemNscXgbMsL1( 2701): Probability - Real time: [0.10978751]
10-15 04:53:50.520 D/SemNscXgbMsL1( 2701): Probability - Non real time: [0.90189314]
10-15 04:53:50.520 D/SemNscXgbMsL1( 2701): 1 sample inference time: 1.85849 msecs
10-15 04:53:50.522 D/SemNscXgbL2Rt( 2701): L2 RT 1 sample inference time: 2.30901 msecs
10-15 04:53:50.525 D/SemNscXgbL2Nrt( 2701): L2 NRT 1 sample inference time: 2.023802 msecs
10-15 04:53:50.687 I/HYPER-HAL( 1568): [RequestManager.cpp]releaseLocked(): Released ID : 3569456
10-15 04:53:50.926 I/VSyncReactor( 1671): Current= 24, TransitioningTo= 24, hwcPeriod= 24, Distance= 1
10-15 04:53:50.932 D/TrafficStats(32140): tagSocket(6) with statsTag=0xffffffff, statsUid=-1
10-15 04:53:50.934 D/TrafficStats(32140): tagSocket(90) with statsTag=0xffffffff, statsUid=-1
10-15 04:53:50.935 D/TrafficStats(32140): tagSocket(91) with statsTag=0xffffffff, statsUid=-1
10-15 04:53:50.962 D/TrafficStats(32140): tagSocket(92) with statsTag=0xffffffff, statsUid=-1
10-15 04:53:51.026 D/SemNscXgbMsL1( 2701): Probability - Cloud gaming: [0.023572039]
10-15 04:53:51.027 D/SemNscXgbMsL1( 2701): Probability - Real time: [0.22259003]
10-15 04:53:51.028 D/SemNscXgbMsL1( 2701): Probability - Non real time: [0.7927193]
10-15 04:53:51.028 D/SemNscXgbMsL1( 2701): 1 sample inference time: 2.091563 msecs
10-15 04:53:51.031 D/SemNscXgbL2Rt( 2701): L2 RT 1 sample inference time: 2.753855 msecs
10-15 04:53:51.034 D/SemNscXgbL2Nrt( 2701): L2 NRT 1 sample inference time: 1.924375 msecs
10-15 04:53:51.294 D/io_stats( 1073): !@   8,0 r 1367734 39684689 w 2849727 34406092 d 331838 116104176 f 107517 384901 iot 2288628 0 th 0 0 0 pt 0 inp 0 0 229982.292
10-15 04:53:51.295 D/io_stats( 1073): !@ Read_top(KB): earchbox:search(26477) 68 gle.android.gms(25557) 56 system_server(2701) 36
10-15 04:53:51.295 D/io_stats( 1073): !@ Write_top(KB): system_server(2701) 172 kworker/u16:4(28499) 128 gle.android.gms(25557) 8
10-15 04:53:51.360 D/TrafficStats(32140): tagSocket(6) with statsTag=0xffffffff, statsUid=-1
10-15 04:53:51.406 D/SemWifiUsabilityStatsMonitor( 2701): onWifiUsabilityStats - seqNum 3976, isSameBssidAndFreq true
10-15 04:53:51.407 I/SemWifiLinkQualityMonitor( 2701): Link Qos Query: 0.048 ms / 167.156 Mbps (286 / 0.020 / 1.000)
10-15 04:53:51.407 D/NetworkController.WifiSignalController( 3594): notifyListener: visible=true, connected=true, inetCondition=1, isDefault=true, wifiTestReported=true, receivedInetCondition=-1, hideDuringMobileSwitching=false
10-15 04:53:51.409 D/Tile.WifiTile( 3594): handleUpdateState isTransient=false transientEnabling =false cb.isTransient=false state.state = 2 mStateBeforeClick.value =false enabled =true
10-15 04:53:51.468 D/SecPowerUI.Notification( 3594): showChargingNotice oldChargingType : 11 / currentChargingType : 11, oldChargingTime : 582000 / mChargingTime : 582000
10-15 04:53:51.468 D/SecPowerUI.Notification( 3594): There is no change about charging status, so return!
10-15 04:53:51.469 D/LocalDisplayAdapter( 2701): updateActiveModeLocked for d=4630947059332006275, mActiveModeId=6, mActiveSfDisplayMode=DisplayMode{id=5, width=1080, height=2340, xDpi=428.625, yDpi=424.542, refreshRate=24.000002, appVsyncOffsetNanos=1000000, presentationDeadlineNanos=41666666, group=1080}
10-15 04:53:51.472 I/DisplayDeviceRepository( 2701): Display device changed: DisplayDeviceInfo{"Built-in Screen": uniqueId="local:4630947059332006275", 1080 x 2340, modeId 6, defaultModeId 1, supportedModes [{id=1, width=1080, height=2340, fps=120.00001, alternativeRefreshRates=[10.0, 24.000002, 30.000002, 48.000004, 60.000004, 96.00001]}, {id=2, width=1080, height=2340, fps=96.00001, alternativeRefreshRates=[10.0, 24.000002, 30.000002, 48.000004, 60.000004, 120.00001]}, {id=3, width=1080, height=2340, fps=60.000004, alternativeRefreshRates=[10.0, 24.000002, 30.000002, 48.000004, 96.00001, 120.00001]}, {id=4, width=1080, height=2340, fps=48.000004, alternativeRefreshRates=[10.0, 24.000002, 30.000002, 60.000004, 96.00001, 120.00001]}, {id=5, width=1080, height=2340, fps=30.000002, alternativeRefreshRates=[10.0, 24.000002, 48.000004, 60.000004, 96.00001, 120.00001]}, {id=6, width=1080, height=2340, fps=24.000002, alternativeRefreshRates=[10.0, 30.000002, 48.000004, 60.000004, 96.00001, 120.00001]}, {id=7, width=1080, height=2340, fps=10.0, alternativeRefreshRates=[24.000002, 30.000002, 48.000004, 60.000004, 96.00001, 120.00001]}], colorMode 0, supportedColorModes [0, 7, 9], hdrCapabilities HdrCapabilities{mSupportedHdrTypes=[2, 3, 4], mMaxLuminance=450.0, mMaxAverageLuminance=225.00024, mMinLuminance=5.0E-4}, allmSupported false, gameContentTypeSupported false, density 480, 428.625 x 424.542 dpi, appVsyncOff 1000000, presDeadline 41666666, cutout DisplayCutout{insets=Rect(0, 81 - 0, 0) waterfall=Insets{left=0, top=0, right=0, bottom=0} boundingRect={Bounds=[Rect(0, 0 - 0, 0), Rect(512, 0 - 568, 81), Rect(0, 0 - 0, 0), Rect(0, 0 - 0, 0)]} cutoutPathParserInfo={CutoutPathParserInfo{displayWidth=1080 displayHeight=2340 physicalDisplayWidth=1080 physicalDisplayHeight=2340 density={3.0} cutoutSpec={M 0,0 H -9.333333333333333‬ V 27 H 9.333333333333333‬ V 0 H 0 Z @dp} rotation={0} scale={1.0} physicalPixelDisplaySizeRatio={1.0}}}}, touch INTERNAL, rotation 0, type INTERNAL, address {port=131, model=0x40446dd08d1fc1}, deviceProductInfo DeviceProductInfo{name=, manufacturerPnpId=QCM, productId=1, modelYear=null, manufactureDate=ManufactureDate{week=27, year=2006}, connectionToSinkType=0}, state ON, frameRateOverride , brightnessMinimum 0.0, brightnessMaximum 1.0, brightnessDefault 0.5019608, roundedCorners RoundedCorners{[RoundedCorner{position=TopLeft, radius=102, center=Point(102, 102)}, RoundedCorner{position=TopRight, radius=102, center=Point(978, 102)}, RoundedCorner{position=BottomRight, radius=102, center=Point(978, 2238)}, RoundedCorner{position=BottomLeft, radius=102, center=Point(102, 2238)}]}, FLAG_ALLOWED_TO_BE_DEFAULT_DISPLAY, FLAG_ROTATES_WITH_CONTENT, FLAG_SECURE, FLAG_SUPPORTS_PROTECTED_BUFFERS, installOrientation 0}
10-15 04:53:51.474 I/sensors-hal( 1559): handle_sns_client_event:186, auto_rotation_debug_2 mode,255, type,1,0 acc,0.258,0.091,9.734, ar,0, ver,11, pedo,1,e,0,i,2
10-15 04:53:51.477 D/LiftUpHandler( 2701): [LTW] Stopped already.
10-15 04:53:51.478 D/SGM:GameManager( 2701): onDisplayChanged. displyId: 0, state: 2
10-15 04:53:51.478 D/AODManagerService( 2701): requestReCalToTSP IsSingleTouchMode = false / previousDisplayState = ON
10-15 04:53:51.479 D/DisplayLifecycle( 3594): updateDisplay id = 0
10-15 04:53:51.479 D/SGM:FgCheckThread( 2701): onLooperPrepared(), msg: MSG_LCD_ON
10-15 04:53:51.510 D/SurfaceFlinger( 1671): GPIS:: requestGPIS
10-15 04:53:51.510 D/NativeSemDvfsManager( 1671): acquire:: timeout = 2000 mIsAcquired = 1  mTagName : SurfaceFlinger 
10-15 04:53:51.511 E/NativeCustomFrequencyManager( 1671): [NativeCFMS] BpCustomFrequencyManager::acquire()
10-15 04:53:51.512 I/HYPER-HAL( 1568): [RequestManager.cpp]acquire(): Acquired ID : 3569456  [1671 / 1000]    HINT : SF_GPU_MINLOCK    list : [TIMEOUT / 2000] 
10-15 04:53:51.535 D/SemNscXgbMsL1( 2701): Probability - Cloud gaming: [0.034845334]
10-15 04:53:51.536 D/SemNscXgbMsL1( 2701): Probability - Real time: [0.15399352]
10-15 04:53:51.536 D/SemNscXgbMsL1( 2701): Probability - Non real time: [0.8858375]
10-15 04:53:51.536 D/SemNscXgbMsL1( 2701): 1 sample inference time: 1.405834 msecs
10-15 04:53:51.539 D/SemNscXgbL2Rt( 2701): L2 RT 1 sample inference time: 2.343541 msecs
10-15 04:53:51.542 D/SemNscXgbL2Nrt( 2701): L2 NRT 1 sample inference time: 1.680261 msecs
10-15 04:53:51.697 E/TaskPersister( 2701): File error accessing recents directory (directory doesn't exist?).
10-15 04:53:51.826 I/ActivityManager( 2701): Force stopping com.zebra.soho_app appid=10507 user=0: clear data
10-15 04:53:51.837 W/WindowManager( 2701): Prepare app transition: mNextAppTransitionRequests=[TRANSIT_CLOSE], mNextAppTransitionFlags=, displayId: 0 Callers=com.android.server.wm.DisplayContent.prepareAppTransition:6493 com.android.server.wm.DisplayContent.prepareAppTransition:6484 com.android.server.wm.ActivityRecord.prepareActivityHideTransitionAnimation:4264 com.android.server.wm.ActivityRecord.finishIfPossible:4211 com.android.server.wm.ActivityRecord.finishIfPossible:3966 
10-15 04:53:51.838 W/WindowManager( 2701): Execute app transition: mNextAppTransitionRequests=[TRANSIT_CLOSE], mNextAppTransitionFlags=, displayId: 0 Callers=com.android.server.wm.ActivityRecord.prepareActivityHideTransitionAnimation:4266 com.android.server.wm.ActivityRecord.finishIfPossible:4211 com.android.server.wm.ActivityRecord.finishIfPossible:3966 com.android.server.wm.Task.removeActivities:2064 com.android.server.wm.ActivityTaskSupervisor.removeTask:2006 
10-15 04:53:51.838 W/WindowManager( 2701): Execute app transition: mNextAppTransitionRequests=[TRANSIT_CLOSE], mNextAppTransitionFlags=, displayId: 0 Callers=com.android.server.wm.Task.executeAppTransition:7870 com.android.server.wm.RootWindowContainer.lambda$resumeFocusedTasksTopActivities$20:2750 com.android.server.wm.RootWindowContainer.$r8$lambda$T5O2b-2Pin2YrxYnsz1zP_DLpiQ:0 com.android.server.wm.RootWindowContainer$$ExternalSyntheticLambda17.accept:13 com.android.server.wm.Task.forAllRootTasks:4097 
10-15 04:53:51.839 W/WindowManager( 2701): Execute app transition: mNextAppTransitionRequests=[TRANSIT_CLOSE], mNextAppTransitionFlags=, displayId: 0 Callers=com.android.server.wm.Task.executeAppTransition:7870 com.android.server.wm.TaskFragment.resumeTopActivity:1354 com.android.server.wm.TaskFragment.resumeTopActivity:1307 com.android.server.wm.Task.resumeTopActivityInnerLocked:6451 com.android.server.wm.Task.resumeTopActivityUncheckedLocked:6352 
10-15 04:53:51.840 I/ViewRootImpl@edabf3d[GrantPermissionsActivity](13779): stopped(false) old = false
10-15 04:53:51.841 I/DecorView(13779): notifyKeepScreenOnChanged: keepScreenOn=false
10-15 04:53:51.843 D/WindowManager( 2701): Loading animation for app transition. transit=TRANSIT_OLD_TRANSLUCENT_ACTIVITY_CLOSE enter=false frame=Rect(0, 81 - 1080, 2196) insets=Rect(0, 0 - 0, 0) surfaceInsets=Rect(8, 8 - 8, 8)
10-15 04:53:51.844 I/WindowManager( 2701): Reparenting to leash, surface=Surface(name=913cea9 com.google.android.permissioncontroller/com.android.permissioncontroller.permission.ui.GrantPermissionsActivity)/@0x27b49b6, leashParent=Surface(name=ActivityRecord{23bddb8 u0 com.google.android.permissioncontroller/com.android.permissioncontroller.permission.ui.GrantPermissionsActivity} t77})/@0x7b806b7
10-15 04:53:51.844 I/SurfaceFlinger( 1671): id=3194 createSurf, flag=24000, Surface(name=913cea9 com.google.android.permissioncontroller/com.android.permissioncontroller.permission.ui.GrantPermissionsActivity)/@0x27b49b6 - animation-leash of window_animation#3194
10-15 04:53:51.845 D/WindowManager( 2701): makeSurface duration=1 leash=Surface(name=Surface(name=913cea9 com.google.android.permissioncontroller/com.android.permissioncontroller.permission.ui.GrantPermissionsActivity)/@0x27b49b6 - animation-leash of window_animation)/@0x55e8ea2
10-15 04:53:51.845 V/WindowManager( 2701): Setting visibility of Window{913cea9 u0 com.google.android.permissioncontroller/com.android.permissioncontroller.permission.ui.GrantPermissionsActivity}: false, caller=com.android.server.wm.WindowContainer.sendAppVisibilityToClients:1246 com.android.server.wm.WindowToken.setClientVisible:431 com.android.server.wm.ActivityRecord.setClientVisible:7691 com.android.server.wm.ActivityRecord.postApplyAnimation:6269 com.android.server.wm.ActivityRecord.commitVisibility:6224 
10-15 04:53:51.848 V/WindowManager( 2701): Changing focus from Window{e5202e6 u0 com.google.android.permissioncontroller/com.android.permissioncontroller.permission.ui.GrantPermissionsActivity} to Window{ce243b4 u0 com.sec.android.app.launcher/com.sec.android.app.launcher.activities.LauncherActivity} displayId=0 Callers=com.android.server.wm.RootWindowContainer.updateFocusedWindowLocked:595 com.android.server.wm.WindowManagerService.updateFocusedWindowLocked:6803 com.android.server.wm.DisplayContent.layoutAndAssignWindowLayersIfNeeded:4794 com.android.server.wm.TaskDisplayArea.positionChildTaskAt:587 
10-15 04:53:51.848 D/MARsPolicyManager( 2701): onPackageResumedFG pkgName = com.sec.android.app.launcher, userId = 0
10-15 04:53:51.848 I/WindowManager( 2701): Cancelling animation restarting=true, leash=Surface(name=Surface(name=7ef609b StatusBar)/@0x985d05d - animation-leash of insets_animation)/@0x2f6786c
10-15 04:53:51.848 I/WindowManager( 2701): Reparenting to original parent: Surface(name=WindowToken{59a0caa type=2000 android.os.BinderProxy@4dd474c})/@0x8643dd2, destroy=false, surface=Surface(name=7ef609b StatusBar)/@0x985d05d
10-15 04:53:51.848 I/WindowManager( 2701): Reparenting to leash, surface=Surface(name=7ef609b StatusBar)/@0x985d05d, leashParent=Surface(name=WindowToken{59a0caa type=2000 android.os.BinderProxy@4dd474c})/@0x8643dd2
10-15 04:53:51.848 I/SurfaceFlinger( 1671): id=3195 createSurf, flag=24000, Surface(name=7ef609b StatusBar)/@0x985d05d - animation-leash of insets_animation#3195
10-15 04:53:51.848 D/WindowManager( 2701): makeSurface duration=0 leash=Surface(name=Surface(name=7ef609b StatusBar)/@0x985d05d - animation-leash of insets_animation)/@0xff60af0
10-15 04:53:51.849 I/WindowManager( 2701): Cancelling animation restarting=true, leash=Surface(name=Surface(name=77a09e8 NavigationBar0)/@0x50dc5a0 - animation-leash of insets_animation)/@0xbbc72ca
10-15 04:53:51.849 I/WindowManager( 2701): Reparenting to original parent: Surface(name=WindowToken{eb67885 type=2019 android.os.BinderProxy@d1f2aef})/@0x2d41559, destroy=false, surface=Surface(name=77a09e8 NavigationBar0)/@0x50dc5a0
10-15 04:53:51.849 I/WindowManager( 2701): Reparenting to leash, surface=Surface(name=77a09e8 NavigationBar0)/@0x50dc5a0, leashParent=Surface(name=WindowToken{eb67885 type=2019 android.os.BinderProxy@d1f2aef})/@0x2d41559
10-15 04:53:51.849 I/SurfaceFlinger( 1671): id=3196 createSurf, flag=24000, Surface(name=77a09e8 NavigationBar0)/@0x50dc5a0 - animation-leash of insets_animation#3196
10-15 04:53:51.849 D/WindowManager( 2701): makeSurface duration=0 leash=Surface(name=Surface(name=77a09e8 NavigationBar0)/@0x50dc5a0 - animation-leash of insets_animation)/@0xe3af2ee
10-15 04:53:51.850 D/WindowManager( 2701): updateSystemBarAttributes: displayId=0, win=Window{ce243b4 u0 com.sec.android.app.launcher/com.sec.android.app.launcher.activities.LauncherActivity}, navColorWin=Window{e5202e6 u0 com.google.android.permissioncontroller/com.android.permissioncontroller.permission.ui.GrantPermissionsActivity}, focusedCanBeNavColorWin=false, behavior=2, appearance=0, statusBarAppearanceRegions=[AppearanceRegion{ bounds=[0,0][1080,2340]}], requestedVisibilities=ITYPE_STATUS_BAR: visible, ITYPE_CLIMATE_BAR: visible, from=com.android.server.wm.DisplayPolicy.focusChangedLw:3247 com.android.server.wm.DisplayContent.updateFocusedWindowLocked:4632 com.android.server.wm.RootWindowContainer.updateFocusedWindowLocked:595 
10-15 04:53:51.850 D/StatusBarManagerService( 2701): notifyRequestedSystemKey recent=false home=false
10-15 04:53:51.850 D/ActivityTaskManager( 2701): scheduleTopResumedActivityChanged, onTop=false r=ActivityRecord{2e7c7b u0 com.google.android.permissioncontroller/com.android.permissioncontroller.permission.ui.GrantPermissionsActivity} t77 f}} caller=com.android.server.wm.ActivityTaskSupervisor.updateTopResumedActivityIfNeeded:2510 com.android.server.wm.TaskDisplayArea.positionChildTaskAt:602 com.android.server.wm.TaskDisplayArea.positionChildAt:537 com.android.server.wm.WindowContainer.positionChildAt:970 com.android.server.wm.Task.positionChildAt:3354 com.android.server.wm.Task.moveToFrontInner:6053 
10-15 04:53:51.851 W/WindowManager( 2701): Prepare app transition: mNextAppTransitionRequests=[TRANSIT_CLOSE], mNextAppTransitionFlags=, displayId: 0 Callers=com.android.server.wm.DisplayContent.prepareAppTransition:6493 com.android.server.wm.DisplayContent.prepareAppTransition:6484 com.android.server.wm.ActivityRecord.finishIfPossible:4151 com.android.server.wm.ActivityRecord.finishIfPossible:3966 com.android.server.wm.Task.removeActivities:2064 
10-15 04:53:51.852 I/TouchInteractionService( 4080): onSystemUiStateChanged, stateFlags : 0 |
10-15 04:53:51.853 D/PackageManager( 2701): START CLEAR APPLICATION USER DATA: observer{113829404}
10-15 04:53:51.853 D/PackageManager( 2701): pkg{com.zebra.soho_app}
10-15 04:53:51.853 D/PackageManager( 2701): user{0}
10-15 04:53:51.853 I/ActivityManager( 2701): Force stopping com.zebra.soho_app appid=10507 user=-1: clearApplicationUserData
10-15 04:53:51.854 I/MSHandlerLifeCycle(13779): removeMultiSplitHandler: no exist. decor=DecorView@f96ecd0[GrantPermissionsActivity]
10-15 04:53:51.855 I/ViewRootImpl@edabf3d[GrantPermissionsActivity](13779): stopped(true) old = false
10-15 04:53:51.855 I/ViewRootImpl@edabf3d[GrantPermissionsActivity](13779): WindowStopped on com.google.android.permissioncontroller/com.android.permissioncontroller.permission.ui.GrantPermissionsActivity set to true
10-15 04:53:51.855 I/RecentsAnimationDeviceState( 4080): setSystemUiFlags, stateFlags : 0
10-15 04:53:51.855 I/TouchInteractionService( 4080): onSystemUiFlagsChanged, lastSysUIFlags : 131072
10-15 04:53:51.856 I/MSHandlerLifeCycle(13779): removeMultiSplitHandler: no exist. decor=DecorView@f96ecd0[GrantPermissionsActivity]
10-15 04:53:51.858 I/MSHandlerLifeCycle(13779): removeMultiSplitHandler: no exist. decor=DecorView@f96ecd0[GrantPermissionsActivity]
