10-15 04:53:53.164 I/WindowsLink(32665): (AppUpdateManagerImpl) getCachedStoreInfo() in = com.microsoft.appmanager
10-15 04:53:53.164 E/SemDvfsManager_JNI(32666): SemDvfsManager: registerfunction enter
10-15 04:53:53.164 E/SemAffinityControl(32666): SemAffinityControl: registerfunction enter
10-15 04:53:53.165 I/WindowsLink(32665): (YpcSignatureChecker) isSignatureAllowed in
10-15 04:53:53.169 I/DIAGMON_SDK[605056](32665): DiagMonAgent type: 2
10-15 04:53:53.169 D/nativeloader(32666): Load libframework-connectivity-tiramisu-jni.so using APEX ns com_android_tethering for caller /apex/com.android.tethering/javalib/framework-connectivity-t.jar: ok
10-15 04:53:53.169 D/AndroidRuntime(32666): Calling main entry com.android.commands.monkey.Monkey
10-15 04:53:53.169 I/DIAGMON_SDK[605056][wl34fppqc3] (32665): generated SR object
10-15 04:53:53.169 I/WindowsLink(32665): (BaseContentProvider) call: method = Compatibility@checkCompatibility / subMethod = checkCompatibility
10-15 04:53:53.169 I/WindowsLink(32665): (StateContentProvider) METHOD_CHECK_COMPATIBILITY in
10-15 04:53:53.169 I/heimdall( 1649): insert_task_to_group:67, insert tgid 32666 to group com.android.commands.monkey, ret = 0
10-15 04:53:53.170 I/WindowsLink(32665): (StateContentProvider) [lib ver] Name: 3.1.00.3 / Code: 310000003
10-15 04:53:53.170 W/Monkey  (32666): args: [-p, com.zebra.soho_app, -c, android.intent.category.LAUNCHER, 1]
10-15 04:53:53.170 W/Monkey  (32666):  arg: "-p"
10-15 04:53:53.170 W/Monkey  (32666):  arg: "com.zebra.soho_app"
10-15 04:53:53.170 W/Monkey  (32666):  arg: "-c"
10-15 04:53:53.170 W/Monkey  (32666):  arg: "android.intent.category.LAUNCHER"
10-15 04:53:53.170 W/Monkey  (32666):  arg: "1"
10-15 04:53:53.170 W/Monkey  (32666): data="com.zebra.soho_app"
10-15 04:53:53.170 W/Monkey  (32666): data="android.intent.category.LAUNCHER"
10-15 04:53:53.171 I/CapsuleProvider_1.0.23(32665): releasing initialize wait lock.
10-15 04:53:53.172 I/[RoutineSdk3.0-3.0.1]: RoutineSdkImpl(32665): setHandler - conditionHandler initialized
10-15 04:53:53.172 I/[RoutineSdk3.0-3.0.1]: RoutineSdkImpl(32665): setHandler - actionHandler initialized
10-15 04:53:53.173 I/WindowsLink(32665): (StateContentProvider) CompatibilityStatus: 3
10-15 04:53:53.174 I/ActivityManager( 2701): com.samsung.android.app.routines is exempt from freezer by list
10-15 04:53:53.175 D/CompatibilityChangeReporter( 2701): Compat change id reported: 135634846; UID 10041; state: DISABLED
10-15 04:53:53.175 D/CompatibilityChangeReporter( 2701): Compat change id reported: 177438394; UID 10041; state: DISABLED
10-15 04:53:53.175 D/CompatibilityChangeReporter( 2701): Compat change id reported: 135772972; UID 10041; state: DISABLED
10-15 04:53:53.175 D/CompatibilityChangeReporter( 2701): Compat change id reported: 135754954; UID 10041; state: ENABLED
10-15 04:53:53.175 D/CompatibilityChangeReporter( 2701): Compat change id reported: 143937733; UID 10041; state: ENABLED
10-15 04:53:53.177 W/BroadcastQueue( 2701): Skipping deliver [background] BroadcastRecord{c4b7ad0 u-1 android.net.conn.CONNECTIVITY_CHANGE} to ReceiverList{86edac9 32666 (unknown name)/2000/u-1 remote:667c382}: process gone or crashing
10-15 04:53:53.179 I/GenerationRegistry( 2701): mBackingStore.isClosed() : false
10-15 04:53:53.180 D/ActivityTaskManager( 2701): startActivityAsUser: callingPid=32666, callingUid=2000, caller=com.android.server.wm.ActivityTaskManagerService.startActivityAsUser:1815 com.android.server.am.ActivityManagerService.startActivityAsUserWithFeature:3731 android.app.IActivityManager$Stub.onTransact:4231 com.android.server.am.ActivityManagerService.onTransact:3135 android.os.Binder.execTransactInternal:1316 android.os.Binder.execTransact:1280 <bottom of call stack> 
10-15 04:53:53.181 I/ChimeraSystemEventListener( 2701): appLaunchIntent package name is: com.zebra.soho_app
10-15 04:53:53.181 D/CompatibilityChangeReporter( 2701): Compat change id reported: 161252188; UID 10507; state: DISABLED
10-15 04:53:53.181 I/Pageboost( 2701): onAppLaunch : com.zebra.soho_app
10-15 04:53:53.181 I/ActivityTaskManager( 2701): START u0 {act=android.intent.action.MAIN cat=[android.intent.category.LAUNCHER] flg=0x10200000 cmp=com.zebra.soho_app/.MainActivity} from uid 2000
10-15 04:53:53.181 D/CompatibilityChangeReporter( 2701): Compat change id reported: 194480991; UID 10507; state: ENABLED
10-15 04:53:53.181 D/ActivityTaskManager( 2701): TaskLaunchParamsModifier:task=null activity=ActivityRecord{a3573fc u0 com.zebra.soho_app/.MainActivity} display-id=0 display-windowing-mode=1 suggested-display-area=DefaultTaskDisplayArea@159757802
10-15 04:53:53.181 D/[secipm]( 2701): mSecIpmManager Preload com.zebra.soho_app dex files
10-15 04:53:53.182 D/ActivityTaskManager( 2701): TaskLaunchParamsModifier:task=null activity=ActivityRecord{a3573fc u0 com.zebra.soho_app/.MainActivity} t-1} display-id=0 display-windowing-mode=1 suggested-display-area=DefaultTaskDisplayArea@159757802 non-freeform-display display-area=DefaultTaskDisplayArea@159757802 maximized-bounds
10-15 04:53:53.182 I/SemDvfsHyPerManager( 2701): acquire hyper - AMS_APP_SWITCH/2701@32, type = -999
10-15 04:53:53.182 D/ActivityManagerPerformance( 2701): AMP_acquire() APP_SWITCH
10-15 04:53:53.182 I/HYPER-HAL( 1568): [RequestManager.cpp]acquire(): Acquired ID : 3736043  [2701 / 32]    HINT : AMS_APP_SWITCH    list : 
10-15 04:53:53.182 I/SemDvfsHyPerManager( 5258): acquire hyper - APP_START_SHORT/5258@19, type = -999
10-15 04:53:53.183 I/SurfaceFlinger( 1671): id=3202 createSurf, flag=24004, Task=82#3202
10-15 04:53:53.183 D/Zygote  ( 1479): Forked child process 32704
10-15 04:53:53.185 D/ActivityTaskManager( 2701): TaskLaunchParamsModifier:task=Task{3015a85 #82 type=standard A=10507:com.zebra.soho_app U=0 visible=false visibleRequested=false mode=fullscreen translucent=true sz=0} activity=ActivityRecord{a3573fc u0 com.zebra.soho_app/.MainActivity} t-1} display-from-task=0 display-id=0 display-windowing-mode=1 suggested-display-area=DefaultTaskDisplayArea@159757802 non-freeform-display display-area=DefaultTaskDisplayArea@159757802 maximized-bounds
10-15 04:53:53.185 D/CompatibilityChangeReporter( 2701): Compat change id reported: 174042980; UID 10507; state: DISABLED
10-15 04:53:53.185 I/ActivityManager( 2701): Start proc 32704:com.samsung.android.app.routines/u0a41 for content provider {com.samsung.android.app.routines/com.samsung.android.app.routines.domainmodel.routineinfoprovider.RoutineInfoProvider}
10-15 04:53:53.185 D/CompatibilityChangeReporter( 2701): Compat change id reported: 184838306; UID 10507; state: DISABLED
10-15 04:53:53.185 D/CompatibilityChangeReporter( 2701): Compat change id reported: 185004937; UID 10507; state: DISABLED
10-15 04:53:53.185 D/CompatibilityChangeReporter( 2701): Compat change id reported: 181136395; UID 10507; state: DISABLED
10-15 04:53:53.185 D/CompatibilityChangeReporter( 2701): Compat change id reported: 174042936; UID 10507; state: DISABLED
10-15 04:53:53.185 I/SurfaceFlinger( 1671): id=3203 createSurf, flag=80004, ActivityRecord{a3573fc u0 com.zebra.soho_app/.MainActivity} t82}#3203
10-15 04:53:53.186 D/ActivityTaskManager( 2701): scheduleTopResumedActivityChanged, onTop=false r=ActivityRecord{6c94d26 u0 com.sec.android.app.launcher/.activities.LauncherActivity} t7} caller=com.android.server.wm.ActivityTaskSupervisor.updateTopResumedActivityIfNeeded:2510 com.android.server.wm.TaskDisplayArea.positionChildTaskAt:602 com.android.server.wm.TaskDisplayArea.positionChildAt:537 com.android.server.wm.Task.moveToFrontInner:6053 com.android.server.wm.Task.moveToFront:6019 com.android.server.wm.ActivityStarter.startActivityInner:2924 
10-15 04:53:53.186 W/WindowManager( 2701): Prepare app transition: mNextAppTransitionRequests=[TRANSIT_OPEN], mNextAppTransitionFlags=, displayId: 0 Callers=com.android.server.wm.DisplayContent.prepareAppTransition:6493 com.android.server.wm.DisplayContent.prepareAppTransition:6484 com.android.server.wm.Task.startActivityLocked:6595 com.android.server.wm.ActivityStarter.startActivityInner:2980 com.android.server.wm.ActivityStarter.startActivityUnchecked:2470 
10-15 04:53:53.186 V/WindowManager( 2701): Checking theme of starting window: 0x7f130134
10-15 04:53:53.186 V/WindowManager( 2701): Translucent=false Floating=false ShowWallpaper=false Disable=false
10-15 04:53:53.187 D/CompatibilityChangeReporter( 2701): Compat change id reported: 205907456; UID 10507; state: ENABLED
10-15 04:53:53.187 V/WindowManager( 2701): Creating SplashScreenStartingData
10-15 04:53:53.187 D/ActivityTaskManager( 2701): Add starting com.android.server.wm.ActivityRecord$AddStartingWindow@208390b: typeParam=139
10-15 04:53:53.187 V/WindowManager( 2701): Add starting com.android.server.wm.ActivityRecord$AddStartingWindow@208390b: startingData=com.android.server.wm.SplashScreenStartingData@863d3e8
10-15 04:53:53.187 V/WindowManager( 2701): Added starting ActivityRecord{a3573fc u0 com.zebra.soho_app/.MainActivity} t82}: startingWindow=null startingView=com.android.server.wm.StartingSurfaceController$StartingSurface@a821a01
10-15 04:53:53.187 I/FASProvider( 5258): makeValuesForFasUpdate contentValues = package_name=com.zebra.soho_app extras=0 reason=deleted_from_mars_auto disableReason=default disableResetTime=1728982433182 uid=10507 mode=0 level=1 resetTime=0
10-15 04:53:53.188 D/CompatibilityChangeReporter( 2701): Compat change id reported: 194833441; UID 10507; state: ENABLED
10-15 04:53:53.188 I/Pageboost( 2701): stop alp
10-15 04:53:53.188 I/SemDvfsHyPerManager( 2701): acquire hyper - AMS_APP_LAUNCH/2701@15, type = -999
10-15 04:53:53.189 I/HYPER-HAL( 1568): [RequestManager.cpp]acquire(): Acquired ID : 13926022  [5258 / 19]    HINT : APP_START    list : [TIMEOUT / 1500] 
10-15 04:53:53.189 I/Monkey  (32666): Events injected: 1
10-15 04:53:53.189 I/SemDvfsHyPerManager( 5258): acquire hyper - APP_START/5258@21, type = -999
10-15 04:53:53.190 D/SettingsProvider( 2701): isChangeAllowed() : name = accelerometer_rotation
10-15 04:53:53.190 I/GenerationRegistry( 2701): mBackingStore.isClosed() : false
10-15 04:53:53.190 D/SettingsProvider( 2701): isChangeAllowed() : name = user_rotation
10-15 04:53:53.190 V/WindowManager( 2701): rotationForOrientation(orient=SCREEN_ORIENTATION_NOSENSOR (5), last=ROTATION_0 (0)); user=ROTATION_0 (0) 
10-15 04:53:53.190 D/WindowManager( 2701): rotationForOrientation, orientationSource=ActivityRecord{6c94d26 u0 com.sec.android.app.launcher/.activities.LauncherActivity} t7}
10-15 04:53:53.190 V/WindowManager( 2701): Computed rotation=ROTATION_0 (0) for display id=0 based on lastOrientation=SCREEN_ORIENTATION_NOSENSOR (5) and oldRotation=ROTATION_0 (0), caller=com.android.server.wm.DisplayContent.updateRotationUnchecked:2410 com.android.server.wm.WindowManagerService.updateRotationUnchecked:4771 com.android.server.wm.WindowManagerService.freezeDisplayRotation:4671 com.android.server.wm.WindowManagerService.freezeRotation:4630 android.view.IWindowManager$Stub.onTransact:2530 com.android.server.wm.WindowManagerService.onTransact:1601 
10-15 04:53:53.191 E/pageboostd( 4610): Received HALT command code 2
10-15 04:53:53.192 D/SettingsProvider( 2701): isChangeAllowed() : name = accelerometer_rotation
10-15 04:53:53.192 I/GenerationRegistry( 2701): mBackingStore.isClosed() : false
10-15 04:53:53.192 D/SettingsProvider( 2701): isChangeAllowed() : name = user_rotation
10-15 04:53:53.192 D/NativeCustomFrequencyManager( 3594): [NativeCFMS] BpCustomFrequencyManager::BpCustomFrequencyManager()
10-15 04:53:53.192 V/WindowManager( 2701): rotationForOrientation(orient=SCREEN_ORIENTATION_NOSENSOR (5), last=ROTATION_0 (0)); user=ROTATION_0 (0) 
10-15 04:53:53.192 D/WindowManager( 2701): rotationForOrientation, orientationSource=ActivityRecord{6c94d26 u0 com.sec.android.app.launcher/.activities.LauncherActivity} t7}
10-15 04:53:53.192 V/WindowManager( 2701): Computed rotation=ROTATION_0 (0) for display id=0 based on lastOrientation=SCREEN_ORIENTATION_NOSENSOR (5) and oldRotation=ROTATION_0 (0), caller=com.android.server.wm.DisplayContent.updateRotationUnchecked:2410 com.android.server.wm.WindowManagerService.updateRotationUnchecked:4771 com.android.server.wm.WindowManagerService.thawDisplayRotation:4712 com.android.server.wm.WindowManagerService.thawRotation:4676 android.view.IWindowManager$Stub.onTransact:2536 com.android.server.wm.WindowManagerService.onTransact:1601 
10-15 04:53:53.194 I/AppOps  ( 2701): updateUidProcState uid: 10041 procState: 1 capability:15
10-15 04:53:53.194 I/HYPER-HAL( 1568): [RequestManager.cpp]acquire(): Acquired ID : 3689701  [2701 / 15]    HINT : AMS_APP_LAUNCH    list : 
10-15 04:53:53.194 I/BaseActivity( 4080): removeActivityFlags, flags : 16
10-15 04:53:53.194 I/BaseActivity( 4080): removeActivityFlags, flags : 6
10-15 04:53:53.194 I/DragController( 4080): endDrag
10-15 04:53:53.194 W/LauncherAppWidgetHost( 4080): setShouldListenFlag, mFlags:15 flag:resume on:false isFront:false
10-15 04:53:53.194 I/SPayUpdater( 4080): updateSpayHandler launcher activity is paused false
10-15 04:53:53.194 D/MARsPolicyManager( 2701): onPackageResumedFG pkgName = com.zebra.soho_app, userId = 0
10-15 04:53:53.194 I/CameraService( 2004): onUidStateChanged: uid=10041, procState is changed. (0 -> 1)
10-15 04:53:53.196 W/WindowManager( 2701): Prepare app transition: mNextAppTransitionRequests=[TRANSIT_OPEN, TRANSIT_OPEN], mNextAppTransitionFlags=, displayId: 0 Callers=com.android.server.wm.DisplayContent.prepareAppTransition:6493 com.android.server.wm.TaskFragment.resumeTopActivity:1573 com.android.server.wm.TaskFragment.resumeTopActivity:1307 com.android.server.wm.Task.resumeTopActivityInnerLocked:6451 com.android.server.wm.Task.resumeTopActivityUncheckedLocked:6352 
10-15 04:53:53.196 I/HYPER-HAL( 1568): [RequestManager.cpp]acquire(): Acquired ID : 13936581  [5258 / 21]    HINT : APP_START    list : 
10-15 04:53:53.197 D/WindowManagerServiceExt( 2701): notifyOccludeChangeNotice: cn=ComponentInfo{com.zebra.soho_app/com.zebra.soho_app.MainActivity} occludesParent=true inMultiWindow=false styleFloating=false caller=com.android.server.wm.WindowManagerServiceExt.updateOccludeTargetIfNeeded:1402 com.android.server.wm.DisplayContent.ensureActivitiesVisible:7532 com.android.server.wm.RootWindowContainer.ensureActivitiesVisible:2248 com.android.server.wm.RootWindowContainer.ensureActivitiesVisible:2229 com.android.server.wm.TaskFragment.completePause:2076 
10-15 04:53:53.197 V/Navbar.Store( 3594): handleEvent(0) OnRotationLockedChanged(rotationLocked=false) [Module] NavBarStoreImpl
10-15 04:53:53.197 I/TopTaskTracker( 4080): onTaskMovedToFront : taskId = 82
10-15 04:53:53.198 D/CompatibilityChangeReporter( 2701): Compat change id reported: 168419799; UID 10507; state: DISABLED
10-15 04:53:53.198 D/InputTransport( 2701): Input channel constructed: 'edb3800', fd=911
10-15 04:53:53.198 D/InputTransport( 2701): Input channel constructed: 'edb3800', fd=942
10-15 04:53:53.198 I/RecentsOrientedState( 4080): current RecentsOrientedState: [this=RecentsOrientedState@109164760 mOrientationHandler=PortraitPagedViewHandler@178107441 mDisplayRotation=0 mTouchRotation=0 mRecentsActivityRotation=0 mRecentsRotation=0 isRecentsActivityRotationAllowed=false mSystemRotation=true mStateId=38272 mFlags=299]
10-15 04:53:53.198 D/InputTransport( 2701): Input channel constructed: 'edb3800', fd=990
10-15 04:53:53.198 I/RecentsOrientedState( 4080): current RecentsOrientedState: [this=RecentsOrientedState@109164760 mOrientationHandler=PortraitPagedViewHandler@178107441 mDisplayRotation=0 mTouchRotation=0 mRecentsActivityRotation=0 mRecentsRotation=0 isRecentsActivityRotationAllowed=false mSystemRotation=true mStateId=38272 mFlags=299]
10-15 04:53:53.198 I/SurfaceFlinger( 1671): id=3204 createSurf, flag=80004, edb3800 Splash Screen com.zebra.soho_app#3204
10-15 04:53:53.199 V/WindowManager( 2701): addWindow: ActivityRecord{a3573fc u0 com.zebra.soho_app/.MainActivity} t82} startingWindow=Window{edb3800 u0 Splash Screen com.zebra.soho_app}
10-15 04:53:53.199 V/WindowManager( 2701): rotationForOrientation(orient=SCREEN_ORIENTATION_UNSPECIFIED (-1), last=ROTATION_0 (0)); user=ROTATION_0 (0) 
10-15 04:53:53.199 D/WindowManager( 2701): rotationForOrientation, orientationSource=ActivityRecord{a3573fc u0 com.zebra.soho_app/.MainActivity} t82}
10-15 04:53:53.199 V/WindowManager( 2701): rotationForOrientation(orient=SCREEN_ORIENTATION_UNSPECIFIED (-1), last=ROTATION_0 (0)); user=ROTATION_0 (0) 
10-15 04:53:53.199 D/WindowManager( 2701): rotationForOrientation, orientationSource=ActivityRecord{a3573fc u0 com.zebra.soho_app/.MainActivity} t82}
10-15 04:53:53.199 V/WindowManager( 2701): Computed rotation=ROTATION_0 (0) for display id=0 based on lastOrientation=SCREEN_ORIENTATION_UNSPECIFIED (-1) and oldRotation=ROTATION_0 (0), caller=com.android.server.wm.DisplayRotation.updateOrientation:414 com.android.server.wm.DisplayContent.updateOrientation:1990 com.android.server.wm.DisplayContent.updateOrientation:1872 com.android.server.wm.WindowManagerService.addWindow:2084 com.android.server.wm.Session.addToDisplayAsUser:222 android.view.IWindowSession$Stub.onTransact:711 
10-15 04:53:53.199 D/InputTransport( 2701): Input channel destroyed: 'edb3800', fd=990
10-15 04:53:53.200 D/CompatibilityChangeReporter( 2701): Compat change id reported: 135634846; UID 10507; state: DISABLED
10-15 04:53:53.200 D/CompatibilityChangeReporter( 2701): Compat change id reported: 177438394; UID 10507; state: DISABLED
10-15 04:53:53.200 D/CompatibilityChangeReporter( 2701): Compat change id reported: 135772972; UID 10507; state: DISABLED
10-15 04:53:53.200 D/CompatibilityChangeReporter( 2701): Compat change id reported: 135754954; UID 10507; state: ENABLED
10-15 04:53:53.200 D/SettingsHelper( 3594): onChange() COMPLETED elapsed= 0
10-15 04:53:53.200 V/SettingsHelper( 3594): *** broadcastChange for content://settings/system/accelerometer_rotation
10-15 04:53:53.200 D/Tile.RotationLockTile( 3594):  OnChangedCallback : 
10-15 04:53:53.200 D/SGM:FgCheckThread( 2701): notePauseComponent(), received pkgName: com.sec.android.app.launcher, userId: 0
10-15 04:53:53.200 D/CompatibilityChangeReporter( 2701): Compat change id reported: 143937733; UID 10507; state: ENABLED
10-15 04:53:53.201 I/Monkey  (32666): ## Network stats: elapsed time=13ms (0ms mobile, 0ms wifi, 13ms not connected)
10-15 04:53:53.201 V/Navbar.Store( 3594): handleEvent(0) OnRotationLockedChanged(rotationLocked=false) [Module] NavBarStoreImpl
10-15 04:53:53.201 I/CocktailBarManagerServiceContainer( 2701): handleMessage: entry what = 6
10-15 04:53:53.201 I/app_process(32666): System.exit called, status: 0
10-15 04:53:53.201 I/AndroidRuntime(32666): VM exiting with result code 0.
10-15 04:53:53.202 D/InsetsController( 3594): onStateChanged: InsetsState: {mDisplayFrame=Rect(0, 0 - 1080, 2340), mDisplayCutout=DisplayCutout{insets=Rect(0, 81 - 0, 0) waterfall=Insets{left=0, top=0, right=0, bottom=0} boundingRect={Bounds=[Rect(0, 0 - 0, 0), Rect(512, 0 - 568, 81), Rect(0, 0 - 0, 0), Rect(0, 0 - 0, 0)]} cutoutPathParserInfo={CutoutPathParserInfo{displayWidth=1080 displayHeight=2340 physicalDisplayWidth=1080 physicalDisplayHeight=2340 density={3.0} cutoutSpec={M 0,0 H -9.333333333333333‬ V 27 H 9.333333333333333‬ V 0 H 0 Z @dp} rotation={0} scale={1.0} physicalPixelDisplaySizeRatio={1.0}}}}, mRoundedCorners=RoundedCorners{[RoundedCorner{position=TopLeft, radius=102, center=Point(102, 102)}, RoundedCorner{position=TopRight, radius=102, center=Point(978, 102)}, RoundedCorner{position=BottomRight, radius=102, center=Point(978, 2238)}, RoundedCorner{position=BottomLeft, radius=102, center=Point(102, 2238)}]}  mRoundedCornerFrame=Rect(0, 0 - 1080, 2340), mPrivacyIndicatorBounds=PrivacyIndicatorBounds {static bounds=Rect(948, 0 - 1080, 81) rotation=0}, mSources= { InsetsSource: {mType=ITYPE_STATUS_BAR, mFrame=[0,0][1080,81], mVisible=true, mInsetsRoundedCornerFrame=false}, InsetsSource: {mType=ITYPE_NAVIGATION_BAR, mFrame=[0,2196][1080,2340], mVisible=true, mInsetsRoundedCornerFrame=false}, InsetsSource: {mType=ITYPE_LEFT_GESTURES, mFrame=[0,0][0,2340], mVisible=true, mInsetsRoundedCornerFrame=false}, InsetsSource: {mType=ITYPE_RIGHT_GESTURES, mFrame=[1080,0][1080,2340], mVisible=true, mInsetsRoundedCornerFrame=false}, InsetsSource: {mType=ITYPE_TOP_MANDATORY_GESTURES, mFrame=[0,0][1080,117], mVisible=true, mInsetsRoundedCornerFrame=false}, InsetsSource: {mType=ITYPE_BOTTOM_MANDATORY_GESTURES, mFrame=[0,2196][1080,2340], mVisible=true, mInsetsRoundedCornerFrame=false}, InsetsSource: {mType=ITYPE_LEFT_DISPLAY_CUTOUT, mFrame=[0,0][-100000,2340], mVisible=true, mInsetsRoundedCornerFrame=false}, InsetsSource: {mType=ITYPE_TOP_DISPLAY_CUTOUT, mFrame=[0,0][1080,81], mVisible=true, mInsetsRoundedCornerFrame=false}, InsetsSource: {mType=ITYPE_RIGHT_DISPLAY_CUTOUT, mFrame=[100000,0][1080,2340], mVisible=true, mInsetsRoundedCornerFrame=false}, InsetsSource: {mType=ITYPE_BOTTOM_DISPLAY_CUTOUT, mFrame=[0,100000][1080,2340], mVisible=true, mInsetsRoundedCornerFrame=false}, InsetsSource: {mType=ITYPE_TOP_TAPPABLE_ELEMENT, mFrame=[0,0][1080,81], mVisible=true, mInsetsRoundedCornerFrame=false}, InsetsSource: {mType=ITYPE_BOTTOM_TAPPABLE_ELEMENT, mFrame=[0,2196][1080,2340], mVisible=true, mInsetsRoundedCornerFrame=false}, InsetsSource: {mType=ITYPE_IME, mFrame=[0,0][0,0], mVisible=false, mInsetsRoundedCornerFrame=false} } host=Splash Screen com.zebra.soho_app from=android.view.ViewRootImpl.setView:1732
10-15 04:53:53.202 D/Tile.RotationLockTile( 3594):  handleUpdateState: true orientation = true
10-15 04:53:53.203 D/SettingsHelper( 3594): onChange() COMPLETED elapsed= 0
10-15 04:53:53.203 V/SettingsHelper( 3594): *** broadcastChange for content://settings/system/accelerometer_rotation
10-15 04:53:53.203 D/Tile.RotationLockTile( 3594):  OnChangedCallback : 
10-15 04:53:53.206 I/ViewRootImpl@f6b971[soho_app]( 3594): setView = android.widget.FrameLayout@7ad8ee2 TM=true
10-15 04:53:53.207 I/ViewRootImpl@f6b971[soho_app]( 3594): performTraversals params={(0,0)(fillxfill) sim={adjust=pan} ty=APPLICATION_STARTING fmt=TRANSLUCENT wanim=0x1030001
10-15 04:53:53.207 I/ViewRootImpl@f6b971[soho_app]( 3594):   fl=81030118
10-15 04:53:53.207 I/ViewRootImpl@f6b971[soho_app]( 3594):   pfl=16000010
10-15 04:53:53.207 I/ViewRootImpl@f6b971[soho_app]( 3594):   apr=LIGHT_STATUS_BARS LIGHT_NAVIGATION_BARS
10-15 04:53:53.207 I/ViewRootImpl@f6b971[soho_app]( 3594):   bhv=DEFAULT
10-15 04:53:53.207 I/ViewRootImpl@f6b971[soho_app]( 3594):   fitSides= naviIconColor=0}
10-15 04:53:53.208 I/ViewRootImpl@f6b971[soho_app]( 3594): performTraversals mFirst=true windowShouldResize=true viewVisibilityChanged=false mForceNextWindowRelayout=false params={(0,0)(fillxfill) sim={adjust=pan} ty=APPLICATION_STARTING fmt=TRANSLUCENT wanim=0x1030001
10-15 04:53:53.208 I/ViewRootImpl@f6b971[soho_app]( 3594):   fl=81030118
10-15 04:53:53.208 I/ViewRootImpl@f6b971[soho_app]( 3594):   pfl=16000010
10-15 04:53:53.208 I/ViewRootImpl@f6b971[soho_app]( 3594):   apr=LIGHT_STATUS_BARS LIGHT_NAVIGATION_BARS
10-15 04:53:53.208 I/ViewRootImpl@f6b971[soho_app]( 3594):   bhv=DEFAULT
10-15 04:53:53.208 I/ViewRootImpl@f6b971[soho_app]( 3594):   fitSides= naviIconColor=0}
10-15 04:53:53.208 D/Zygote  ( 1479): Forked child process 32712
10-15 04:53:53.209 I/id.app.routines(32704): Using CollectorTypeCMC GC.
10-15 04:53:53.208 D/CoreBackPreview( 2701): Window{edb3800 u0 Splash Screen com.zebra.soho_app}: Setting back callback OnBackInvokedCallbackInfo{mCallback=android.window.IOnBackInvokedCallback$Stub$Proxy@2ba4e73, mPriority=0}
10-15 04:53:53.210 V/WindowManager( 2701): Relayout Window{edb3800 u0 Splash Screen com.zebra.soho_app}: viewVisibility=0 req=1080x2340 d0
10-15 04:53:53.210 D/RestrictionPolicy( 2701): isScreenCaptureEnabled : ret=true userId=0
10-15 04:53:53.210 I/ActivityManager( 2701): Start proc 32712:com.zebra.soho_app/u0a507 for next-top-activity {com.zebra.soho_app/com.zebra.soho_app.MainActivity}
10-15 04:53:53.210 D/DynamicHiddenApp_BGProtectManager( 2701): [SecIpm] it's a ML_TYPE_EMPTYPROCESS protected process com.zebra.soho_app
10-15 04:53:53.210 I/SurfaceFlinger( 1671): id=3205 createSurf, flag=40004, Splash Screen com.zebra.soho_app$_3594#3205
10-15 04:53:53.211 D/InputDispatcher( 2701): Focus left window (0): ce243b4 com.sec.android.app.launcher/com.sec.android.app.launcher.activities.LauncherActivity
10-15 04:53:53.212 D/WindowManager( 2701): makeSurface duration=1 name=Splash Screen com.zebra.soho_app$_3594
10-15 04:53:53.212 I/ViewRootImpl@ed93d7a[LauncherActivity]( 4080): MSG_WINDOW_FOCUS_CHANGED 0 0
10-15 04:53:53.212 I/BaseActivity( 4080): removeActivityFlags, flags : 8
10-15 04:53:53.214 E/id.app.routines(32704): Not starting debugger since process cannot load the jdwp agent.
10-15 04:53:53.214 V/WindowManager( 2701): Changing focus from Window{ce243b4 u0 com.sec.android.app.launcher/com.sec.android.app.launcher.activities.LauncherActivity} to null displayId=0 Callers=com.android.server.wm.RootWindowContainer.updateFocusedWindowLocked:595 com.android.server.wm.WindowManagerService.updateFocusedWindowLocked:6803 com.android.server.wm.WindowManagerService.relayoutWindow:2813 com.android.server.wm.Session.relayout:274 
10-15 04:53:53.214 D/MARsPolicyManager( 2701): onPackageResumedFG pkgName = com.sec.android.app.launcher, userId = 0
10-15 04:53:53.215 D/StatusBarManagerService( 2701): notifyRequestedSystemKey recent=false home=false
10-15 04:53:53.215 V/WindowManager( 2701): rotationForOrientation(orient=SCREEN_ORIENTATION_UNSPECIFIED (-1), last=ROTATION_0 (0)); user=ROTATION_0 (0) 
10-15 04:53:53.215 D/WindowManager( 2701): rotationForOrientation, orientationSource=ActivityRecord{a3573fc u0 com.zebra.soho_app/.MainActivity} t82}
10-15 04:53:53.216 V/WindowManager( 2701): Relayout hash=edb3800, pid=3594, syncId=-1: mAttrs={(0,0)(fillxfill) sim={adjust=pan} ty=APPLICATION_STARTING fmt=TRANSLUCENT wanim=0x1030001
10-15 04:53:53.216 V/WindowManager( 2701):   fl=81030118
10-15 04:53:53.216 V/WindowManager( 2701):   pfl=16000010
10-15 04:53:53.216 V/WindowManager( 2701):   apr=LIGHT_STATUS_BARS LIGHT_NAVIGATION_BARS
10-15 04:53:53.216 V/WindowManager( 2701):   bhv=DEFAULT
10-15 04:53:53.216 V/WindowManager( 2701):   fitSides= naviIconColor=0}
10-15 04:53:53.216 D/Tile.RotationLockTile( 3594):  handleUpdateState: true orientation = true
10-15 04:53:53.216 I/ViewRootImpl@f6b971[soho_app]( 3594): updateBlastSurfaceIfNeeded mBlastBufferQueue=null isSameSurfaceControl=false
10-15 04:53:53.217 I/BLASTBufferQueue( 3594): new BLASTBufferQueue, mName= ViewRootImpl@f6b971[soho_app] mNativeObject= 0xb4000070a81cf980 sc.mNativeObject= 0xb400006ffc8a36e0 caller= android.view.ViewRootImpl.updateBlastSurfaceIfNeeded:2909 android.view.ViewRootImpl.relayoutWindow:9847 android.view.ViewRootImpl.performTraversals:3884 android.view.ViewRootImpl.doTraversal:3116 android.view.ViewRootImpl$TraversalRunnable.run:10885 android.view.Choreographer$CallbackRecord.run:1301 android.view.Choreographer$CallbackRecord.run:1309 android.view.Choreographer.doCallbacks:923 android.view.Choreographer.doFrame:852 android.view.Choreographer$FrameDisplayEventReceiver.run:1283 
10-15 04:53:53.217 I/BLASTBufferQueue( 3594): update, w= 1080 h= 2340 mName = ViewRootImpl@f6b971[soho_app] mNativeObject= 0xb4000070a81cf980 sc.mNativeObject= 0xb400006ffc8a36e0 format= -3 caller= android.graphics.BLASTBufferQueue.<init>:84 android.view.ViewRootImpl.updateBlastSurfaceIfNeeded:2909 android.view.ViewRootImpl.relayoutWindow:9847 android.view.ViewRootImpl.performTraversals:3884 android.view.ViewRootImpl.doTraversal:3116 android.view.ViewRootImpl$TraversalRunnable.run:10885 
10-15 04:53:53.217 I/ViewRootImpl@f6b971[soho_app]( 3594): Relayout returned: old=(0,0,1080,2340) new=(0,0,1080,2340) req=(1080,2340)0 dur=8 res=0x3 s={true 0xb400006ffc6d5000} ch=true seqId=0
10-15 04:53:53.217 I/ViewRootImpl@f6b971[soho_app]( 3594): performConfigurationChange setNightDimText nightDimLevel=0
10-15 04:53:53.217 I/ViewRootImpl@f6b971[soho_app]( 3594): mThreadedRenderer.initialize() mSurface={isValid=true 0xb400006ffc6d5000} hwInitialized=true
10-15 04:53:53.217 D/OpenGLRenderer( 3594): eglCreateWindowSurface
10-15 04:53:53.218 I/ViewRootImpl@f6b971[soho_app]( 3594): reportNextDraw android.view.ViewRootImpl.performTraversals:4438 android.view.ViewRootImpl.doTraversal:3116 android.view.ViewRootImpl$TraversalRunnable.run:10885 android.view.Choreographer$CallbackRecord.run:1301 android.view.Choreographer$CallbackRecord.run:1309 
10-15 04:53:53.218 I/ViewRootImpl@f6b971[soho_app]( 3594): Setup new sync id=0
10-15 04:53:53.218 I/ViewRootImpl@f6b971[soho_app]( 3594): Setting syncFrameCallback
10-15 04:53:53.218 I/ViewRootImpl@f6b971[soho_app]( 3594): registerCallbacksForSync syncBuffer=false
10-15 04:53:53.218 D/nativeloader(32704): Load libframework-connectivity-tiramisu-jni.so using APEX ns com_android_tethering for caller /apex/com.android.tethering/javalib/framework-connectivity-t.jar: ok
10-15 04:53:53.220 I/ViewRootImpl@f6b971[soho_app]( 3594): Received frameDrawingCallback syncResult=0 frameNum=1.
10-15 04:53:53.221 I/ViewRootImpl@f6b971[soho_app]( 3594): Setting up sync and frameCommitCallback
10-15 04:53:53.221 I/.zebra.soho_app(32712): Using CollectorTypeCMC GC.
10-15 04:53:53.221 I/BLASTBufferQueue( 3594): [ViewRootImpl@f6b971[soho_app]#150](f:0,a:0) onFrameAvailable the first frame is available
10-15 04:53:53.221 I/ViewRootImpl@f6b971[soho_app]( 3594): Received frameCommittedCallback lastAttemptedDrawFrameNum=1 didProduceBuffer=true
10-15 04:53:53.222 D/ActivityThread(32704): setConscryptValidator
10-15 04:53:53.222 D/ActivityThread(32704): setConscryptValidator - put
10-15 04:53:53.223 E/.zebra.soho_app(32712): Not starting debugger since process cannot load the jdwp agent.
10-15 04:53:53.223 D/Tile.RotationLockTile( 3594):  handleUpdateState: true orientation = true
10-15 04:53:53.223 I/UMR     ( 2701): ReclaimerPolicyManager: update policy 0 -> 2
10-15 04:53:53.223 I/UMR     ( 2701): KswapdReclaimer: suppress begin
10-15 04:53:53.223 D/OpenGLRenderer( 3594): CFMS:: SetUp Pid : 3594    Tid : 3663
10-15 04:53:53.224 I/ActivityManager( 2701): DSS OFF for com.samsung.android.app.routines
10-15 04:53:53.225 D/Tile.RotationLockTile( 3594):  handleUpdateState: true orientation = true
10-15 04:53:53.226 D/nativeloader(32712): Load libframework-connectivity-tiramisu-jni.so using APEX ns com_android_tethering for caller /apex/com.android.tethering/javalib/framework-connectivity-t.jar: ok
10-15 04:53:53.227 D/ActivityThread(32712): setConscryptValidator
10-15 04:53:53.227 D/ActivityThread(32712): setConscryptValidator - put
10-15 04:53:53.228 I/ViewRootImpl@f6b971[soho_app]( 3594): onSyncComplete
10-15 04:53:53.228 I/ViewRootImpl@f6b971[soho_app]( 3594): setupSync seqId=0 mSyncId=0 fn=1 caller=android.view.ViewRootImpl$$ExternalSyntheticLambda11.accept:6 android.window.SurfaceSyncer.lambda$setupSync$1$android-window-SurfaceSyncer:128 android.window.SurfaceSyncer$$ExternalSyntheticLambda1.accept:8 android.window.SurfaceSyncer$SyncSet.checkIfSyncIsComplete:382 android.window.SurfaceSyncer$SyncSet.markSyncReady:359 android.window.SurfaceSyncer.markSyncReady:151 android.view.ViewRootImpl.performTraversals:4503 
10-15 04:53:53.228 I/ViewRootImpl@f6b971[soho_app]( 3594): reportDrawFinished seqId=0 mSyncId=-1 fn=1 mSurfaceChangedTransaction=0xb4000070a7b77d00
10-15 04:53:53.228 I/ActivityManager( 2701): DSS OFF for com.zebra.soho_app
10-15 04:53:53.229 D/WindowManager( 2701): finishDrawingWindow: Window{edb3800 u0 Splash Screen com.zebra.soho_app} mDrawState=DRAW_PENDING seqId=0
10-15 04:53:53.229 V/WindowManager( 2701): Finishing drawing window Window{edb3800 u0 Splash Screen com.zebra.soho_app}: mDrawState=DRAW_PENDING
10-15 04:53:53.229 V/WindowManager( 2701): Draw state now committed in Window{edb3800 u0 Splash Screen com.zebra.soho_app}
10-15 04:53:53.229 W/WindowManager( 2701): Execute app transition: mNextAppTransitionRequests=[TRANSIT_OPEN, TRANSIT_OPEN], mNextAppTransitionFlags=, displayId: 0 Callers=com.android.server.wm.ActivityRecord.onStartingWindowDrawn:7496 com.android.server.wm.WindowState.performShowLocked:5501 com.android.server.wm.WindowStateAnimator.commitFinishDrawingLocked:351 com.android.server.wm.DisplayContent.lambda$new$8:1189 com.android.server.wm.DisplayContent.$r8$lambda$OtLCIQFjCt9o-SYztyeDUcWUwGs:0 
10-15 04:53:53.229 D/WindowManager( 2701): performShow logReadyForDisplay win=Window{edb3800 u0 Splash Screen com.zebra.soho_app} mToken.waitingToShow:true isTransitionSet:true
10-15 04:53:53.230 D/WindowManager( 2701): Loading animation for app transition. transit=TRANSIT_OLD_WALLPAPER_CLOSE enter=false frame=Rect(0, 0 - 1080, 2115) insets=Rect(0, 0 - 0, 0) surfaceInsets=Rect(0, 0 - 0, 0)
10-15 04:53:53.230 I/WindowManager( 2701): Reparenting to leash, surface=Surface(name=Task=1)/@0xe949211, leashParent=Surface(name=DefaultTaskDisplayArea)/@0xdc17e5a
10-15 04:53:53.230 I/SurfaceFlinger( 1671): id=3206 createSurf, flag=24000, Surface(name=Task=1)/@0xe949211 - animation-leash of app_transition#3206
10-15 04:53:53.231 D/WindowManager( 2701): makeSurface duration=1 leash=Surface(name=Surface(name=Task=1)/@0xe949211 - animation-leash of app_transition)/@0xeed9051
10-15 04:53:53.231 D/WindowManager( 2701): Loading animation for app transition. transit=TRANSIT_OLD_WALLPAPER_CLOSE enter=true frame=Rect(0, 0 - 1080, 2340) insets=Rect(0, 81 - 0, 144) surfaceInsets=Rect(0, 0 - 0, 0)
10-15 04:53:53.231 I/WindowManager( 2701): Reparenting to leash, surface=Surface(name=Task=82)/@0xea9e08d, leashParent=Surface(name=DefaultTaskDisplayArea)/@0xdc17e5a
10-15 04:53:53.231 I/SurfaceFlinger( 1671): id=3207 createSurf, flag=24004, Surface(name=Task=82)/@0xea9e08d - animation-leash of app_transition#3207
10-15 04:53:53.232 D/WindowManager( 2701): makeSurface duration=0 leash=Surface(name=Surface(name=Task=82)/@0xea9e08d - animation-leash of app_transition)/@0xacdc242
10-15 04:53:53.232 V/WindowManager( 2701): performShowLocked: mDrawState=HAS_DRAWN in Window{edb3800 u0 Splash Screen com.zebra.soho_app}
10-15 04:53:53.232 I/SurfaceFlinger( 1671): id=3208 createSurf, flag=80000, e22bcef ActivityRecordInputSink com.zebra.soho_app/.MainActivity#3208
10-15 04:53:53.233 D/CompatibilityChangeReporter(32704): Compat change id reported: 171979766; UID 10041; state: ENABLED
10-15 04:53:53.233 D/Bubbles ( 3594): onLocusVisibilityChanged: LocusId[17_chars] visible=false
10-15 04:53:53.233 I/heimdall( 1649): insert_task_to_group:67, insert tgid 32704 to group com.samsung.android.app.routines, ret = 0
10-15 04:53:53.234 I/DexController( 2701): getTaskHasActivityIsWaitingToRun: r=ActivityRecord{a3573fc u0 com.zebra.soho_app/.MainActivity} t82}, app=ProcessRecord{3bbd42c 32712:com.zebra.soho_app/u0a507}
10-15 04:53:53.234 V/WindowManager( 2701): rotationForOrientation(orient=SCREEN_ORIENTATION_UNSPECIFIED (-1), last=ROTATION_0 (0)); user=ROTATION_0 (0) 
10-15 04:53:53.234 D/WindowManager( 2701): rotationForOrientation, orientationSource=ActivityRecord{a3573fc u0 com.zebra.soho_app/.MainActivity} t82}
10-15 04:53:53.235 V/WindowManager( 2701): Computed rotation=ROTATION_0 (0) for display id=0 based on lastOrientation=SCREEN_ORIENTATION_UNSPECIFIED (-1) and oldRotation=ROTATION_0 (0), caller=com.android.server.wm.DisplayRotation.updateOrientation:414 com.android.server.wm.DisplayContent.updateOrientation:1990 com.android.server.wm.DisplayContent.updateOrientation:1891 com.android.server.wm.RootWindowContainer.ensureVisibilityAndConfig:2139 com.android.server.wm.ActivityTaskSupervisor.realStartActivityLocked:913 com.android.server.wm.RootWindowContainer$AttachApplicationHelper.test:4288 
10-15 04:53:53.236 D/TspStateManager( 2701): updateCustomValue customSetting=
10-15 04:53:53.237 D/TspStateManager( 2701): updateCustomValue customSetting=
10-15 04:53:53.237 D/SGM:PkgDataHelper( 2701): notifyAppCreate(), pkgName: com.zebra.soho_app, userId: 0, sendRet: true
10-15 04:53:53.237 D/SGM:FgCheckThread( 2701): onLooperPrepared(), msg: MSG_APP_CREATE, pkgName: com.zebra.soho_app, userId: 0
10-15 04:53:53.237 D/MARsPolicyManager( 2701): onPackageResumedFG pkgName = com.zebra.soho_app, userId = 0
10-15 04:53:53.238 D/ActivityTaskManager( 2701): scheduleTopResumedActivityChanged, onTop=true r=ActivityRecord{a3573fc u0 com.zebra.soho_app/.MainActivity} t82} caller=com.android.server.wm.ActivityTaskSupervisor.scheduleTopResumedActivityStateIfNeeded:2535 com.android.server.wm.ActivityTaskSupervisor.updateTopResumedActivityIfNeeded:2527 com.android.server.wm.TaskFragment.setResumedActivity:493 com.android.server.wm.TaskFragment.onActivityStateChanged:805 com.android.server.wm.ActivityRecord.setState:6406 com.android.server.wm.Task.minimalResumeActivityLocked:6155 
10-15 04:53:53.238 D/InputDispatcher( 2701): Focused application(0): ActivityRecord{a3573fc u0 com.zebra.soho_app/.MainActivity} t82}
10-15 04:53:53.238 D/SGM:FgCheckThread( 2701): TaskStackListener.onTaskFocusChanged(), taskId=7, focused=false
10-15 04:53:53.238 D/SGM:FgCheckThread( 2701): TaskStackListener.onTaskFocusChanged(), taskId=82, focused=true
10-15 04:53:53.238 I/FASProvider( 5258): makeValuesForFasUpdate contentValues = package_name=com.zebra.soho_app extras=0 reason=deleted_from_mars_auto disableReason=default disableResetTime=1728982433238 uid=10507 mode=0 level=1 resetTime=0
10-15 04:53:53.238 D/SGM:FgCheckThread( 2701):   sendRunningComponentFocus(), pkgName: com.zebra.soho_app, userId: 0
10-15 04:53:53.238 D/SGM:FgCheckThread( 2701): onLooperPrepared(), msg: MSG_TASK_FOCUSED, pkgName: com.zebra.soho_app, userId: 0
10-15 04:53:53.238 D/SGM:FgCheckThread( 2701): handleTaskFocused().
10-15 04:53:53.238 D/SGM:FgCheckThread( 2701):   handleTaskFocused(), pkgName: com.zebra.soho_app, userID:0
10-15 04:53:53.238 D/SGM:FgCheckThread( 2701): handleResume().
10-15 04:53:53.238 D/SGM:FgCheckThread( 2701): sendFocusOutConditionally() - mPrevNotiPkg: (unknown), userId: 0
10-15 04:53:53.238 D/SGM:FgCheckThread( 2701):   handleResume(). pkgName: com.zebra.soho_app, userId: 0, isTunableApp: null
10-15 04:53:53.238 D/SGM:FgCheckThread( 2701): notifyFocusInOut(). of pkg: com.zebra.soho_app, type: 4, isTunableApp: false, userId: 0
10-15 04:53:53.238 D/SGM:FgCheckThread( 2701):   notifyFocusInOut(). unexpected mPrevNotiType: -1
10-15 04:53:53.238 D/SGM:SystemHelper( 2701): callReleaseBlock needReleaseBlock:false
10-15 04:53:53.239 I/ActivityManager( 2701): Changes in 10507 19 to 2, 0 to 15
10-15 04:53:53.239 I/AppOps  ( 2701): updateUidProcState uid: 10507 procState: 2 capability:15
10-15 04:53:53.239 I/ActivityManager( 2701): updateOomAdj start time is before than pendingPid added, don't delete it
10-15 04:53:53.240 D/CompatibilityChangeReporter(32712): Compat change id reported: 171979766; UID 10507; state: ENABLED
10-15 04:53:53.240 D/AS.MultiSoundManager( 2701): mForegroundUid = 10507
10-15 04:53:53.240 I/GameSDK@LifeCycle( 2701): noteResumeComponent(): package name  : com.zebra.soho_app
10-15 04:53:53.240 D/SGM:FgCheckThread( 2701): noteResumeComponent(), received pkgName: com.zebra.soho_app, userId: 0
10-15 04:53:53.240 D/SGM:FgCheckThread( 2701): onLooperPrepared(), msg: MSG_APP_RESUME, pkgName: com.zebra.soho_app, userid: 0
10-15 04:53:53.240 D/SGM:FgCheckThread( 2701): handleResume().
10-15 04:53:53.240 D/SGM:FgCheckThread( 2701): sendFocusOutConditionally() - mPrevNotiPkg: (unknown), userId: 0
10-15 04:53:53.240 D/SGM:FgCheckThread( 2701):   handleResume(). pkgName: com.zebra.soho_app, userId: 0, isTunableApp: null
10-15 04:53:53.240 D/SGM:FgCheckThread( 2701): notifyFocusInOut(). of pkg: com.zebra.soho_app, type: 4, isTunableApp: false, userId: 0
10-15 04:53:53.240 D/SGM:FgCheckThread( 2701):   notifyFocusInOut(). unexpected mPrevNotiType: -1
10-15 04:53:53.240 D/SGM:SystemHelper( 2701): callReleaseBlock needReleaseBlock:false
10-15 04:53:53.240 I/MediaSessionMonitor( 2701): Media session stopped : controllerList empty
10-15 04:53:53.241 I/CocktailBarManagerServiceContainer( 2701): handleMessage: entry what = 5
10-15 04:53:53.242 I/ActivityUtils( 5260): HomePackage : com.sec.android.app.launcher, resumePackageName : com.zebra.soho_app
10-15 04:53:53.242 D/SGM:GameManager( 2701): identifyGamePackage. com.zebra.soho_app, mCurrentUserId: 0, callerUserId: 0, callingMethodInfo: com.samsung.android.game.SemGameManager.isGamePackage(SemGameManager.java:104)
10-15 04:53:53.242 D/SGM:PkgDataHelper( 2701): getGamePkgData(). com.zebra.soho_app
10-15 04:53:53.242 D/SGM:SemGameManager( 2701): isGamePackage(), pkgName=com.zebra.soho_app, ret=false
10-15 04:53:53.243 V/NetworkPolicy( 2701): getFirewallRuleWifi UID:10507 policy:0
10-15 04:53:53.243 D/nativeloader(32712): Configuring clns-4 for other apk /data/app/~~xs-eS0n_94tclxuQPP5YWA==/com.zebra.soho_app-BplL3fZ51yyoVLTAvZaSfA==/base.apk. target_sdk_version=34, uses_libraries=, library_path=/data/app/~~xs-eS0n_94tclxuQPP5YWA==/com.zebra.soho_app-BplL3fZ51yyoVLTAvZaSfA==/lib/arm64:/data/app/~~xs-eS0n_94tclxuQPP5YWA==/com.zebra.soho_app-BplL3fZ51yyoVLTAvZaSfA==/base.apk!/lib/arm64-v8a, permitted_path=/data:/mnt/expand:/data/user/0/com.zebra.soho_app
10-15 04:53:53.246 D/nativeloader(32712): Load libframework-connectivity-jni.so using APEX ns com_android_tethering for caller /apex/com.android.tethering/javalib/framework-connectivity.jar: ok
10-15 04:53:53.247 I/Rubin   (29044): [227] r9.a.c(SourceFile:1) : Notify com.samsung.android.rubin.inferenceengine.contextanalytics.engine.loggers.d's database is updated.
10-15 04:53:53.248 V/GraphicsEnvironment(32712): ANGLE Developer option for 'com.zebra.soho_app' set to: 'default'
10-15 04:53:53.248 V/GraphicsEnvironment(32712): ANGLE GameManagerService for com.zebra.soho_app: false
10-15 04:53:53.248 V/GraphicsEnvironment(32712): App is not on the allowlist for updatable production driver.
10-15 04:53:53.249 D/NetworkSecurityConfig(32712): No Network Security Config specified, using platform default
10-15 04:53:53.249 I/WallpaperResourcesInfo(32612): parsingJson: [{"isDefault":true,"index":0,"which":2,"screen":0,"type":8,"filename":"Default_Video_Wallpaper_ZE.mp4","frame_no":-1,"cmf_info":["ze","zr"]},{"isDefault":false,"index":1,"which":2,"screen":0,"type":8,"filename":"Default_Video_Wallpaper_ZK.mp4","frame_no":-1,"cmf_info":["zk","za","lb"]},{"isDefault":false,"index":2,"which":2,"screen":0,"type":8,"filename":"Default_Video_Wallpaper_ZG.mp4","frame_no":-1,"cmf_info":["zg","lg"]},{"isDefault":false,"index":3,"which":2,"screen":0,"type":8,"filename":"Default_Video_Wallpaper_LI.mp4","frame_no":-1,"cmf_info":["li"]},{"isDefault":true,"index":4,"which":1,"screen":0,"type":0,"filename":"Wallpaper_001.png","frame_no":-1,"cmf_info":["ze","zr"]},{"isDefault":false,"index":5,"which":2,"screen":0,"type":0,"filename":"Wallpaper_002.png","frame_no":-1,"cmf_info":["ze","zr"]},{"isDefault":false,"index":6,"which":1,"screen":0,"type":0,"filename":"Wallpaper_003.png","frame_no":-1,"cmf_info":["zk","za","lb"]},{"isDefault":false,"index":7,"which":2,"screen":0,"type":0,"filename":"Wallpaper_004.png","frame_no":-1,"cmf_info":["zk","za","lb"]},{"isDefault":false,"index":8,"which":1,"screen":0,"type":0,"filename":"Wallpaper_005.png","frame_no":-1,"cmf_info":["zg","lg"]},{"isDefault":false,"index":9,"which":2,"screen":0,"type":0,"filename":"Wallpaper_006.png","frame_no":-1,"cmf_info":["zg","lg"]},{"isDefault":false,"index":10,"which":1,"screen":0,"type":0,"filename":"Wallpaper_007.png","frame_no":-1,"cmf_info":["li"]},{"isDefault":false,"index":11,"which":2,"screen":0,"type":0,"filename":"Wallpaper_008.png","frame_no":-1,"cmf_info":["li"]}]
10-15 04:53:53.250 D/NetworkSecurityConfig(32712): No Network Security Config specified, using platform default
10-15 04:53:53.250 I/heimdall( 1649): insert_task_to_group:67, insert tgid 32712 to group com.zebra.soho_app, ret = 0
10-15 04:53:53.252 D/CompatibilityChangeReporter(32712): Compat change id reported: 183155436; UID 10507; state: ENABLED
10-15 04:53:53.254 D/SessionsDependencies(32712): Dependency to CRASHLYTICS added.
10-15 04:53:53.255 I/FirebaseApp(32712): Device unlocked: initializing all Firebase APIs for app [DEFAULT]
10-15 04:53:53.255 I/FirebaseCrashlytics(32712): Initializing Firebase Crashlytics 18.6.2 for com.zebra.soho_app
10-15 04:53:53.256 D/PackageManager( 2701): setEnabledSetting : userId = 0 packageName = com.microsoft.appmanager cmp = com.microsoft.appmanager.quicksettings.WindowsLinkTileService newState = 2 callingPackage = 10139/com.microsoft.appmanager
10-15 04:53:53.256 D/PackageManager( 2701): setEnabledSetting : userId = 0 packageName = com.microsoft.appmanager cmp = com.microsoft.appmanager.receiver.LocaleChangeReceiver newState = 2 callingPackage = 10139/com.microsoft.appmanager
10-15 04:53:53.258 I/WindowsLink(32665): (YpcSignatureChecker) isSignatureAllowed in
10-15 04:53:53.259 D/SessionsDependencies(32712): Subscriber CRASHLYTICS registered.
10-15 04:53:53.260 I/SurfaceFlinger( 1671): [ce243b4 com.sec.android.app.launcher/com.sec.android.app.launcher.activities.LauncherActivity#95] FrameRatePriority: -1
10-15 04:53:53.261 I/DisplayDevice( 1671): [Display 4630947059332006275 (internal, primary, "")] ActiveConfigToHWC, ID : 0
10-15 04:53:53.261 I/LayerHistory( 1671): com.sec.android.app.launcher/com.sec.android.app.launcher.activities.LauncherActivity$_4080#3193 Max (can't resolve refresh rate)
10-15 04:53:53.261 I/LayerHistory( 1671): 6ecf37d com.sec.android.app.camera/com.sec.android.app.camera.Camera#3065 voted 0, 60.00 fps
10-15 04:53:53.261 I/SurfaceFlinger( 1671): Best - choose 120.00 Hz
10-15 04:53:53.262 I/GenerationRegistry( 2701): mBackingStore.isClosed() : false
10-15 04:53:53.262 I/SDM     ( 1577): HWDeviceDRM::SetDisplaySwitchMode: [DispConfigs] check hs_mode 3
10-15 04:53:53.262 W/SDM     ( 1577): HWDeviceDRM::GetSupportedBitClkRate: Requested rate not supported: 951080000
10-15 04:53:53.262 I/SDM     ( 1577): HWDeviceDRM::SetDisplaySwitchMode: [DispConfigs] Set mode index:0 1080x2340x120xcmdHS, hs_mode(3), found_mode(0)
10-15 04:53:53.262 I/SDM     ( 1577): HWDeviceDRM::UpdateMixerAttributes: Mixer WxH 1080x2340-1 for Peripheral
10-15 04:53:53.262 I/SDM     ( 1577): HWCDisplay::SubmitDisplayConfig: Active configuration changed from config 8 to 0
10-15 04:53:53.266 W/ziparchive(32712): Unable to open '/data/user_de/0/com.google.android.gms/app_chimera/m/000001f0/DynamiteLoader.uncompressed.dm': No such file or directory
10-15 04:53:53.266 W/ziparchive(32712): Unable to open '/data/user_de/0/com.google.android.gms/app_chimera/m/000001f0/DynamiteLoader.uncompressed.dm': No such file or directory
10-15 04:53:53.267 I/WindowsLink(32665): (BaseContentProvider) call: method = capability_get_last_anr / subMethod = capability_get_last_anr
10-15 04:53:53.267 I/WindowsLink(32665): (BaseContentProvider) call: method = capability_get_last_anr / subMethod = capability_get_last_anr
10-15 04:53:53.267 I/PlayCore(32612): UID: [10139]  PID: [32612] StandardIntegrity : warmUpIntegrityToken(570856817542)
10-15 04:53:53.268 I/DynamiteModule(32712): Considering local module com.google.android.gms.measurement.dynamite:100 and remote module com.google.android.gms.measurement.dynamite:128
10-15 04:53:53.268 I/DynamiteModule(32712): Selected remote version of com.google.android.gms.measurement.dynamite, version >= 128
10-15 04:53:53.268 V/DynamiteModule(32712): Dynamite loader version >= 2, using loadModule2NoCrashUtils
10-15 04:53:53.269 I/VSyncReactor( 1671): Current= 24, TransitioningTo= 120, hwcPeriod= 120, Distance= 1
10-15 04:53:53.270 D/CompatibilityChangeReporter( 2701): Compat change id reported: 161145287; UID 10507; state: DISABLED
10-15 04:53:53.271 I/AAOW_RemoteAppModeService(32665): mRemoteAppModeManager : com.samsung.android.remoteappmode.SemRemoteAppModeManager@1aa62d4, Version : 7
10-15 04:53:53.272 D/[RAMS]RemoteAppModeService( 2701): isAllowed = true
10-15 04:53:53.277 I/GenerationRegistry( 2701): mBackingStore.isClosed() : false
10-15 04:53:53.278 W/System  (32712): ClassLoader referenced unknown path: 
10-15 04:53:53.278 D/nativeloader(32712): Configuring clns-5 for other apk . target_sdk_version=34, uses_libraries=, library_path=/data/app/~~rYivAkeUsLkM3vtTcHCWVA==/com.google.android.gms-zU0V62DrncSVlG3nnvrHFQ==/lib/arm64:/data/app/~~rYivAkeUsLkM3vtTcHCWVA==/com.google.android.gms-zU0V62DrncSVlG3nnvrHFQ==/base.apk!/lib/arm64-v8a, permitted_path=/data:/mnt/expand:/data/user/0/com.google.android.gms
10-15 04:53:53.280 I/WindowsLink(32665): (YpcSignatureChecker) isSignatureAllowed in
10-15 04:53:53.281 I/WindowsLink(32665): (BaseContentProvider) call: method = DeviceInfo@getLastAnr / subMethod = getLastAnr
10-15 04:53:53.281 D/[RAMS]RemoteAppModeService( 2701): isAllowed = true
10-15 04:53:53.282 D/FirebaseSessions(32712): Initializing Firebase Sessions SDK.
10-15 04:53:53.282 I/FirebaseInitProvider(32712): FirebaseApp initialization successful
10-15 04:53:53.282 I/WindowsLink(32665): (YpcSignatureChecker) isSignatureAllowed in
10-15 04:53:53.282 I/WindowsLink(32665): (BaseContentProvider) call: method = capability_android_apps_on_windows / subMethod = capability_android_apps_on_windows
10-15 04:53:53.282 I/WindowsLink(32665): (BaseContentProvider) call: method = capability_android_apps_on_windows / subMethod = capability_android_apps_on_windows
10-15 04:53:53.283 I/AnrCollector( 2701): isAnrFileModifiedLater - anr_2024-06-10-16-16-37-858lastModified : 1718050602828, lastTimestamp : 1728977945197