10-15 04:53:51.970 D/SurfaceFlinger( 1671):      DEVICE | 0xb40000769c624580 | 0100 | RGBx_8888    |  630.0    0.0 1710.0 2340.0 |    0    0 1080 2340 | Wallpaper BBQ wrapper#80
10-15 04:53:51.970 D/SurfaceFlinger( 1671):      DEVICE | 0xb40000769c63bc00 | 0100 | RGBA_8888    |    0.0    0.0 1080.0 2340.0 |    0    0 1080 2340 | com.sec.android.app.launcher/com.sec[...]tivities.LauncherActivity$_4080#3193
10-15 04:53:51.970 D/SurfaceFlinger( 1671):      DEVICE | 0xb40000768ee3b980 | 0100 | RGBA_8888    |    0.0    0.0 1080.0   81.0 |    0    0 1080   81 | StatusBar$_3594#86
10-15 04:53:51.970 D/SurfaceFlinger( 1671):      DEVICE | 0xb40000769e0fcc00 | 0100 | RGBA_8888    |    0.0    0.0   67.0  342.0 | 1013  670 1080 1012 | com.samsung.android.app.cocktailbars[...]ervice.CocktailBarService$_5260#3114
10-15 04:53:51.970 D/SurfaceFlinger( 1671):      DEVICE | 0xb40000769c6b0000 | 0100 | RGBA_8888    |    0.0    0.0 1080.0  144.0 |    0 2196 1080 2340 | NavigationBar0$_3594#81
10-15 04:53:51.970 D/SurfaceFlinger( 1671): 
10-15 04:53:51.970 D/InputTransport(13779): Input channel destroyed: 'e5202e6', fd=96
10-15 04:53:51.971 I/ViewRootImpl@b8a16d[GrantPermissionsActivity](13779): handleAppVisibility mAppVisible = true visible = false
10-15 04:53:51.971 I/SurfaceFlinger( 1671): id=3170 Removed 9f6ac0a ActivityRecordInputSink com.google.android.permissioncontroller/com.android.permissioncontroller.permission.ui.GrantPermissionsActivity#3170 (125)
10-15 04:53:51.976 I/Layer   ( 1671): id=3180 removedFromDrawingState com.google.android.permissioncontroller/com.android.permissioncontroller.permission.ui.GrantPermissionsActivity$_13779#3180 (125)
10-15 04:53:51.976 I/Layer   ( 1671): id=3179 removedFromDrawingState e5202e6 com.google.android.permissioncontroller/com.android.permissioncontroller.permission.ui.GrantPermissionsActivity#3179 (125)
10-15 04:53:51.976 I/SurfaceFlinger( 1671): id=3179 Removed e5202e6 com.google.android.permissioncontroller/com.android.permissioncontroller.permission.ui.GrantPermissionsActivity#3179 (125)
10-15 04:53:51.976 I/SurfaceFlinger( 1671): id=3180 Removed com.google.android.permissioncontroller/com.android.permissioncontroller.permission.ui.GrantPermissionsActivity$_13779#3180 (125)
10-15 04:53:51.976 I/Launcher.AppsViewCellLayout( 4080): com.android.homescreen.apptray.AppsViewCellLayout{765fcb9 V.ED..... .......D 1081,81-2085,2095}[a=1.0,v=0,sId=1] setAlpha : 1.0
10-15 04:53:51.976 I/Layer   ( 1671): id=3179 Destroyed e5202e6 com.google.android.permissioncontroller/com.android.permissioncontroller.permission.ui.GrantPermissionsActivity#3179
10-15 04:53:51.976 I/Layer   ( 1671): id=3180 Destroyed com.google.android.permissioncontroller/com.android.permissioncontroller.permission.ui.GrantPermissionsActivity$_13779#3180
10-15 04:53:51.978 I/RecentModel( 4080): onTaskStackChangedBackground
10-15 04:53:51.978 I/SemDvfsHyPerManager( 5258): acquire hyper - TABaseBoost/5258@24, type = 1090523139
10-15 04:53:51.979 I/HYPER-HAL( 1568): [RequestManager.cpp]acquire(): Acquired ID : 13952427  [5258 / 24]    HINT :      list : [TABoost / 1] 
10-15 04:53:51.981 I/RecentTasksList( 4080): loadTasksInBackground : groupTask = GroupTask{task1=[id=65 windowingMode=1 user=0 lastActiveTime=536968518] null, task2=null, task3=null, mStagedSplitBounds=null}
10-15 04:53:51.981 I/RecentTasksList( 4080): loadTasksInBackground : groupTask = GroupTask{task1=[id=63 windowingMode=1 user=0 lastActiveTime=614966867] null, task2=null, task3=null, mStagedSplitBounds=null}
10-15 04:53:51.981 I/RecentTasksList( 4080): loadTasksInBackground : groupTask = GroupTask{task1=[id=79 windowingMode=1 user=0 lastActiveTime=615017409] null, task2=null, task3=null, mStagedSplitBounds=null}
10-15 04:53:51.985 I/Layer   ( 1671): id=3169 removedFromDrawingState ActivityRecord{2e7c7b u0 com.google.android.permissioncontroller/com.android.permissioncontroller.permission.ui.GrantPermissionsActivity} t77}#3169 (123)
10-15 04:53:51.985 I/Layer   ( 1671): id=3170 removedFromDrawingState 9f6ac0a ActivityRecordInputSink com.google.android.permissioncontroller/com.android.permissioncontroller.permission.ui.GrantPermissionsActivity#3170 (123)
10-15 04:53:51.985 I/SurfaceFlinger( 1671): id=3169 Removed ActivityRecord{2e7c7b u0 com.google.android.permissioncontroller/com.android.permissioncontroller.permission.ui.GrantPermissionsActivity} t77}#3169 (123)
10-15 04:53:51.985 I/Layer   ( 1671): id=3169 Destroyed ActivityRecord{2e7c7b u0 com.google.android.permissioncontroller/com.android.permissioncontroller.permission.ui.GrantPermissionsActivity} t77}#3169
10-15 04:53:51.985 I/Layer   ( 1671): id=3170 Destroyed 9f6ac0a ActivityRecordInputSink com.google.android.permissioncontroller/com.android.permissioncontroller.permission.ui.GrantPermissionsActivity#3170
10-15 04:53:51.986 I/Launcher.AppsViewCellLayout( 4080): com.android.homescreen.apptray.AppsViewCellLayout{765fcb9 V.ED..... .......D 1081,81-2085,2095}[a=1.0,v=0,sId=1] setAlpha : 1.0
10-15 04:53:51.986 I/.android.chrome(32536): Using CollectorTypeCMC GC.
10-15 04:53:51.989 E/.android.chrome(32536): Not starting debugger since process cannot load the jdwp agent.
10-15 04:53:51.990 I/TaskThumbnailCache( 4080): handleResult: taskId = 65, taskThumbnail = android.graphics.Bitmap@f23b86a
10-15 04:53:51.992 D/nativeloader(32536): Load libframework-connectivity-tiramisu-jni.so using APEX ns com_android_tethering for caller /apex/com.android.tethering/javalib/framework-connectivity-t.jar: ok
10-15 04:53:51.993 I/Launcher.AppsViewCellLayout( 4080): com.android.homescreen.apptray.AppsViewCellLayout{765fcb9 V.ED..... .......D 1081,81-2085,2095}[a=1.0,v=0,sId=1] setAlpha : 1.0
10-15 04:53:51.995 D/ActivityThread(32536): setConscryptValidator
10-15 04:53:51.995 D/ActivityThread(32536): setConscryptValidator - put
10-15 04:53:51.998 I/ActivityManager( 2701): DSS OFF for com.android.chrome
10-15 04:53:52.000 D/TrafficStats(32140): tagSocket(6) with statsTag=0xffffffff, statsUid=-1
10-15 04:53:52.002 I/Launcher.AppsViewCellLayout( 4080): com.android.homescreen.apptray.AppsViewCellLayout{765fcb9 V.ED..... .......D 1081,81-2085,2095}[a=1.0,v=0,sId=1] setAlpha : 1.0
10-15 04:53:52.004 D/TrafficStats(32140): tagSocket(90) with statsTag=0xffffffff, statsUid=-1
10-15 04:53:52.004 D/TrafficStats(32140): tagSocket(91) with statsTag=0xffffffff, statsUid=-1
10-15 04:53:52.006 D/CompatibilityChangeReporter(32536): Compat change id reported: 171979766; UID 10240; state: ENABLED
10-15 04:53:52.007 I/heimdall( 1649): insert_task_to_group:67, insert tgid 32536 to group com.android.chrome, ret = 0
10-15 04:53:52.010 I/Launcher.AppsViewCellLayout( 4080): com.android.homescreen.apptray.AppsViewCellLayout{765fcb9 V.ED..... .......D 1081,81-2085,2095}[a=1.0,v=0,sId=1] setAlpha : 1.0
10-15 04:53:52.011 W/getWindowRoots(32140): Skipping null root node for window: AccessibilityWindowInfo[title=Allow ZSB Series to access this device’s location?, displayId=0, id=270, taskId=77, type=TYPE_APPLICATION, layer=0, region=SkRegion((0,766,1080,2196)), bounds=Rect(0, 766 - 1080, 2196), focused=true, active=true, pictureInPicture=false, hasParent=false, isAnchored=false, hasChildren=false]
10-15 04:53:52.011 W/getWindowRoots(32140): Skipping null root node for window: AccessibilityWindowInfo[title=Allow ZSB Series to access this device’s location?, displayId=0, id=270, taskId=77, type=TYPE_APPLICATION, layer=0, region=SkRegion((0,766,1080,2196)), bounds=Rect(0, 766 - 1080, 2196), focused=true, active=true, pictureInPicture=false, hasParent=false, isAnchored=false, hasChildren=false]
10-15 04:53:52.017 W/ziparchive(32536): Unable to open '/data/app/~~H7zoQTJH_TpoxvWFk6JuvA==/com.google.android.trichromelibrary_666810033-3Vg6BQG0Pp-fffxtEStgiQ==/base.dm': No such file or directory
10-15 04:53:52.017 W/ziparchive(32536): Unable to open '/data/app/~~H7zoQTJH_TpoxvWFk6JuvA==/com.google.android.trichromelibrary_666810033-3Vg6BQG0Pp-fffxtEStgiQ==/base.dm': No such file or directory
10-15 04:53:52.018 W/.android.chrome(32536): Entry not found
10-15 04:53:52.018 I/Launcher.AppsViewCellLayout( 4080): com.android.homescreen.apptray.AppsViewCellLayout{765fcb9 V.ED..... .......D 1081,81-2085,2095}[a=1.0,v=0,sId=1] setAlpha : 1.0
10-15 04:53:52.019 D/nativeloader(32536): Configuring clns-4 for other apk /data/app/~~H7zoQTJH_TpoxvWFk6JuvA==/com.google.android.trichromelibrary_666810033-3Vg6BQG0Pp-fffxtEStgiQ==/base.apk. target_sdk_version=34, uses_libraries=ALL, library_path=/data/app/~~H5YU4F3s_QKhRFR4Z-u9XA==/com.android.chrome-vaTtimJHzU2rR-8Ng7EOrQ==/lib/arm64:/data/app/~~H5YU4F3s_QKhRFR4Z-u9XA==/com.android.chrome-vaTtimJHzU2rR-8Ng7EOrQ==/base.apk!/lib/arm64-v8a:/data/app/~~H7zoQTJH_TpoxvWFk6JuvA==/com.google.android.trichromelibrary_666810033-3Vg6BQG0Pp-fffxtEStgiQ==/base.apk!/lib/arm64-v8a, permitted_path=/data:/mnt/expand:/data/user/0/com.android.chrome
10-15 04:53:52.019 D/nativeloader(32536): Extending system_exposed_libraries: libhumantracking.arcsoft.so:libPortraitDistortionCorrection.arcsoft.so:libPortraitDistortionCorrectionCali.arcsoft.so:libface_landmark.arcsoft.so:libFacialStickerEngine.arcsoft.so:libfrtracking_engine.arcsoft.so:libFaceRecognition.arcsoft.so:libveengine.arcsoft.so:lib_pet_detection.arcsoft.so:libae_bracket_hdr.arcsoft.so:libaiclearzoom_raw.arcsoft.so:libacz_hhdr.arcsoft.so:libhybrid_high_dynamic_range.arcsoft.so:libimage_enhancement.arcsoft.so:liblow_light_hdr.arcsoft.so:libhigh_dynamic_range.arcsoft.so:libsuperresolution_raw.arcsoft.so:libFacialAttributeDetection.arcsoft.so:libobjectcapture.arcsoft.so:libobjectcapture_jni.arcsoft.so:libobjectcapture_jni.arcsoft.so:libBeauty_v4.camera.samsung.so:libexifa.camera.samsung.so:libjpega.camera.samsung.so:libOpenCv.camera.samsung.so:libVideoClassifier.camera.samsung.so:libtensorflowLite.dynamic_viewing.camera.samsung.so:libImageScreener.camera.samsung.so:libMyFilter.camera.samsung.so:libtflite2.myfilters.camera.samsung.so:libHIDT
10-15 04:53:52.026 I/Launcher.AppsViewCellLayout( 4080): com.android.homescreen.apptray.AppsViewCellLayout{765fcb9 V.ED..... .......D 1081,81-2085,2095}[a=1.0,v=0,sId=1] setAlpha : 1.0
10-15 04:53:52.029 D/nativeloader(32536): Configuring clns-5 for other apk /data/app/~~H5YU4F3s_QKhRFR4Z-u9XA==/com.android.chrome-vaTtimJHzU2rR-8Ng7EOrQ==/base.apk. target_sdk_version=34, uses_libraries=, library_path=/data/app/~~H5YU4F3s_QKhRFR4Z-u9XA==/com.android.chrome-vaTtimJHzU2rR-8Ng7EOrQ==/lib/arm64:/data/app/~~H5YU4F3s_QKhRFR4Z-u9XA==/com.android.chrome-vaTtimJHzU2rR-8Ng7EOrQ==/base.apk!/lib/arm64-v8a:/data/app/~~H7zoQTJH_TpoxvWFk6JuvA==/com.google.android.trichromelibrary_666810033-3Vg6BQG0Pp-fffxtEStgiQ==/base.apk!/lib/arm64-v8a, permitted_path=/data:/mnt/expand:/data/user/0/com.android.chrome
10-15 04:53:52.035 I/Launcher.AppsViewCellLayout( 4080): com.android.homescreen.apptray.AppsViewCellLayout{765fcb9 V.ED..... .......D 1081,81-2085,2095}[a=1.0,v=0,sId=1] setAlpha : 1.0
10-15 04:53:52.042 D/SemNscXgbMsL1( 2701): Probability - Cloud gaming: [0.046600476]
10-15 04:53:52.042 D/SemNscXgbMsL1( 2701): Probability - Real time: [0.22559254]
10-15 04:53:52.043 D/SemNscXgbMsL1( 2701): Probability - Non real time: [0.8693563]
10-15 04:53:52.043 D/SemNscXgbMsL1( 2701): 1 sample inference time: 0.208281 msecs
10-15 04:53:52.043 D/SemNscXgbL2Rt( 2701): L2 RT 1 sample inference time: 0.420521 msecs
10-15 04:53:52.043 I/Launcher.AppsViewCellLayout( 4080): com.android.homescreen.apptray.AppsViewCellLayout{765fcb9 V.ED..... .......D 1081,81-2085,2095}[a=1.0,v=0,sId=1] setAlpha : 1.0
10-15 04:53:52.044 D/SemNscXgbL2Nrt( 2701): L2 NRT 1 sample inference time: 0.638542 msecs
10-15 04:53:52.047 D/TrafficStats(32140): tagSocket(92) with statsTag=0xffffffff, statsUid=-1
10-15 04:53:52.051 I/Launcher.AppsViewCellLayout( 4080): com.android.homescreen.apptray.AppsViewCellLayout{765fcb9 V.ED..... .......D 1081,81-2085,2095}[a=1.0,v=0,sId=1] setAlpha : 1.0
10-15 04:53:52.051 I/AppsSearchBar( 4080): mCurrentCellLayouts onAnimationEnd
10-15 04:53:52.051 I/Launcher.AppsViewCellLayout( 4080): com.android.homescreen.apptray.AppsViewCellLayout{765fcb9 V.ED..... .......D 1081,81-2085,2095}[a=1.0,v=0,sId=1] setAlpha : 1.0
10-15 04:53:52.054 D/nativeloader(32536): Load libframework-connectivity-jni.so using APEX ns com_android_tethering for caller /apex/com.android.tethering/javalib/framework-connectivity.jar: ok
10-15 04:53:52.059 V/GraphicsEnvironment(32536): ANGLE Developer option for 'com.android.chrome' set to: 'default'
10-15 04:53:52.059 V/GraphicsEnvironment(32536): ANGLE GameManagerService for com.android.chrome: false
10-15 04:53:52.059 V/GraphicsEnvironment(32536): App is not on the allowlist for updatable production driver.
10-15 04:53:52.060 I/sensors-hal( 1559): set_config:61, sample_period_ns is adjusted to 200000000 based on min/max delay_ns
10-15 04:53:52.060 I/sensors-hal( 1559): batch:365, com.samsung.sensor.light_cct/1511, period=200000000, max_latency=0 request completed
10-15 04:53:52.060 I/sensors-hal( 1559): activate:281, com.samsung.sensor.light_cct/1511 en=1
10-15 04:53:52.060 I/sensors-hal( 1559): acquire_ssc_interface:108, acquire_ssc_interface with sensor_id 13 , conn_type 3 
10-15 04:53:52.061 E/minksocket( 1538): MinkIPC_QRTR_Service: client with node 1 port 689c went down
10-15 04:53:52.061 E/minksocket( 1538): MinkIPC_QRTR_Service: client with node 1 port 689c went down
10-15 04:53:52.062 E/minksocket( 1538): MinkIPC_QRTR_Service: client with node 1 port 689d went down
10-15 04:53:52.063 E/minksocket( 1538): MinkIPC_QRTR_Service: client with node 1 port 689d went down
10-15 04:53:52.063 I/LoadedApk(32536): No resource references to update in package com.google.android.trichromelibrary
10-15 04:53:52.063 D/NetworkSecurityConfig(32536): Using Network Security Config from resource 0_resource_name_obfuscated debugBuild: false
10-15 04:53:52.064 E/minksocket( 1538): MinkIPC_QRTR_Service: client with node 1 port 689e went down
10-15 04:53:52.064 E/minksocket( 1538): MinkIPC_QRTR_Service: client with node 1 port 689e went down
10-15 04:53:52.064 I/sensors-hal( 1559): ssc_qmi:26, ssc_qmi
10-15 04:53:52.064 I/sensors-hal( 1559): register_cb:295, register_cb start this=0xb400007eee42a000x
10-15 04:53:52.064 I/sensors-hal( 1559): register_cb:311, register_cb End with succes
10-15 04:53:52.064 I/sensors-hal( 1559): send_sync_sensor_request:501, send sync request
10-15 04:53:52.064 I/sensors-hal( 1559): send_sync_sensor_request:511, send_sync_sensor_request before send_request for light_cct with SUID low=3046173514946711665 high=5086231844293143190
10-15 04:53:52.064 I/sensors-hal( 1559): send_request:320, send_request start this=0xb400007eee42a000x 
10-15 04:53:52.064 I/sensors-hal( 1559): send_request:405, send_request completed, this=0xb400007eee42a000x
10-15 04:53:52.064 I/sensors-hal( 1559): send_sync_sensor_request:530, wait for notification of response
10-15 04:53:52.065 E/minksocket( 1538): MinkIPC_QRTR_Service: client with node 1 port 689f went down
10-15 04:53:52.065 E/minksocket( 1538): MinkIPC_QRTR_Service: client with node 1 port 689f went down
10-15 04:53:52.067 I/sensors-hal( 1559): ssc_conn_resp_cb:915, resp_value = 0 for light_cct 
10-15 04:53:52.067 I/sensors-hal( 1559): handle_resp_cb:507, handle_resp_cb Ended this=0xb400007eee42a000x
10-15 04:53:52.067 I/sensors-hal( 1559): send_sync_sensor_request:536, takes 2 ms to receive the response with 0
10-15 04:53:52.067 I/sensors-hal( 1559): activate:299, com.samsung.sensor.light_cct/1511 en=1 completed
10-15 04:53:52.067 D/SensorManager( 2701): registerListener :: 1511, STK33915 Light Strm  Non-wakeup, 200000, 0, com.samsung.android.displaysolution.EyeComfortSolutionService$2@5db102b
10-15 04:53:52.068 D/NetworkSecurityConfig(32536): Using Network Security Config from resource 0_resource_name_obfuscated debugBuild: false
10-15 04:53:52.072 I/cr_SplitCompatApp(32536): version=129.0.6668.100 (666810033) minSdkVersion=29 isBundle=true processName=com.android.chrome isIsolatedProcess=false
10-15 04:53:52.088 I/.android.chrome(32536): Failed to add image file: Failed to find OatDexFile for DexFile /data/app/~~B0poRT4txtgPDLLENIl6bw==/com.android.chrome-6A4wMeZDas0eMQdHYcXfhg==/split_chrome.apk (canonical path /data/app/~~B0poRT4txtgPDLLENIl6bw==/com.android.chrome-6A4wMeZDas0eMQdHYcXfhg==/split_chrome.apk) in OatFile /data/app/~~H5YU4F3s_QKhRFR4Z-u9XA==/com.android.chrome-vaTtimJHzU2rR-8Ng7EOrQ==/oat/arm64/split_chrome.odex
10-15 04:53:52.094 D/MdnieScenarioControlService( 2701):  packageName : com.sec.android.app.launcher    className : com.android.launcher3.uioverrides.QuickstepLauncher
10-15 04:53:52.094 V/MdnieScenarioControlService( 2701): setUIMode from UI function(3)
10-15 04:53:52.105 D/SettingsProvider( 2701): isChangeAllowed() : name = enabled_notification_listeners
10-15 04:53:52.124 I/sensors-hal( 1559): ssc_conn_event_cb:843, SCHED_FIFO(10) for qmi_cbk
10-15 04:53:52.124 I/sensors-hal( 1559): handle_sns_std_sensor_event:359, [SSC_LIGHT] P: 391(391),m:13,c:1,b:74,c0:16944,l:391,f(r):87,u(bl):100,j:385
10-15 04:53:52.124 I/sensors-hal( 1559): handle_sns_std_sensor_event:90, light_cct: ts = 615333977760332 ns; value = [391, 391, 49, 55, 385, 74, 4, 2, 16944, 8]
10-15 04:53:52.125 D/SensorService( 2701): Calling activate off 1511
10-15 04:53:52.125 I/sensors-hal( 1559): activate:281, com.samsung.sensor.light_cct/1511 en=0
10-15 04:53:52.126 E/minksocket( 1538): MinkIPC_QRTR_Service: client with node 1 port 68a0 went down
10-15 04:53:52.126 E/minksocket( 1538): MinkIPC_QRTR_Service: client with node 1 port 68a0 went down
10-15 04:53:52.126 I/sensors-hal( 1559): ~ssc_qmi:53, ~ssc_qmi
10-15 04:53:52.126 I/sensors-hal( 1559): activate:299, com.samsung.sensor.light_cct/1511 en=0 completed
10-15 04:53:52.126 D/SensorManager( 2701): unregisterListener :: com.samsung.android.displaysolution.EyeComfortSolutionService$2@5db102b
10-15 04:53:52.126 I/WindowManager( 2701): Reparenting to original parent: Surface(name=WindowedMagnification:0:31)/@0xc9b201f, destroy=true, surface=Surface(name=Dim Layer for - WindowedMagnification:0:31)/@0x2996f1d
10-15 04:53:52.128 I/cr_LibraryLoader(32536): Loading monochrome_64 from within /data/app/~~H5YU4F3s_QKhRFR4Z-u9XA==/com.android.chrome-vaTtimJHzU2rR-8Ng7EOrQ==/base.apk
10-15 04:53:52.130 D/CompatibilityChangeReporter( 2701): Compat change id reported: 161145287; UID 10240; state: DISABLED
10-15 04:53:52.139 D/nativeloader(32536): Load /data/app/~~H5YU4F3s_QKhRFR4Z-u9XA==/com.android.chrome-vaTtimJHzU2rR-8Ng7EOrQ==/base.apk!/lib/arm64-v8a/libchromium_android_linker.so using ns clns-5 from class loader (caller=/data/app/~~H5YU4F3s_QKhRFR4Z-u9XA==/com.android.chrome-vaTtimJHzU2rR-8Ng7EOrQ==/base.apk): ok
10-15 04:53:52.140 I/cr_Linker(32536): loadLibraryImplLocked: monochrome_64, relroMode=1
10-15 04:53:52.143 I/Layer   ( 1671): id=3188 removedFromDrawingState Dim Layer for - WindowedMagnification:0:31#3188 (121)
10-15 04:53:52.143 I/Layer   ( 1671): id=3199 removedFromDrawingState Surface(name=Dim Layer for - WindowedMagnification:0:31)/@0x2996f1d - animation-leash of dimmer#3199 (121)
10-15 04:53:52.143 I/SurfaceFlinger( 1671): id=3188 Removed Dim Layer for - WindowedMagnification:0:31#3188 (121)
10-15 04:53:52.143 I/SurfaceFlinger( 1671): id=3199 Removed Surface(name=Dim Layer for - WindowedMagnification:0:31)/@0x2996f1d - animation-leash of dimmer#3199 (121)
10-15 04:53:52.143 I/Layer   ( 1671): id=3199 Destroyed Surface(name=Dim Layer for - WindowedMagnification:0:31)/@0x2996f1d - animation-leash of dimmer#3199
10-15 04:53:52.143 I/Layer   ( 1671): id=3188 Destroyed Dim Layer for - WindowedMagnification:0:31#3188
10-15 04:53:52.150 I/ActivityManager( 2701): com.android.vending is exempt from freezer
10-15 04:53:52.150 D/CompatibilityChangeReporter( 2701): Compat change id reported: 135634846; UID 10229; state: DISABLED
10-15 04:53:52.150 D/CompatibilityChangeReporter( 2701): Compat change id reported: 177438394; UID 10229; state: DISABLED
10-15 04:53:52.150 D/CompatibilityChangeReporter( 2701): Compat change id reported: 135772972; UID 10229; state: DISABLED
10-15 04:53:52.150 D/CompatibilityChangeReporter( 2701): Compat change id reported: 135754954; UID 10229; state: ENABLED
10-15 04:53:52.150 D/CompatibilityChangeReporter( 2701): Compat change id reported: 143937733; UID 10229; state: ENABLED
10-15 04:53:52.159 D/Zygote  ( 1479): Forked child process 32572
10-15 04:53:52.160 I/ActivityManager( 2701): Start proc 32572:com.android.vending:background/u0a229 for broadcast {com.android.vending/com.google.android.finsky.appcontentservice.engage.broadcastreceiver.EngagePackageActionReceiver}
10-15 04:53:52.163 D/nativeloader(32536): Load /data/app/~~H7zoQTJH_TpoxvWFk6JuvA==/com.google.android.trichromelibrary_666810033-3Vg6BQG0Pp-fffxtEStgiQ==/base.apk!/lib/arm64-v8a/libmonochrome_64.so using ns clns-5 from class loader (caller=/data/app/~~H5YU4F3s_QKhRFR4Z-u9XA==/com.android.chrome-vaTtimJHzU2rR-8Ng7EOrQ==/base.apk): ok
10-15 04:53:52.168 I/cr_LibraryLoader(32536): Successfully loaded native library
10-15 04:53:52.169 I/cr_CachingUmaRecorder(32536): Flushed 23 samples from 20 histograms, 0 samples were dropped.
10-15 04:53:52.174 I/ding:background(32572): Using CollectorTypeCMC GC.
10-15 04:53:52.177 E/ding:background(32572): Not starting debugger since process cannot load the jdwp agent.
10-15 04:53:52.181 D/nativeloader(32572): Load libframework-connectivity-tiramisu-jni.so using APEX ns com_android_tethering for caller /apex/com.android.tethering/javalib/framework-connectivity-t.jar: ok
10-15 04:53:52.184 D/ActivityThread(32572): setConscryptValidator
10-15 04:53:52.184 D/ActivityThread(32572): setConscryptValidator - put
10-15 04:53:52.185 I/WindowManager( 2701): Reparenting to original parent: Surface(name=ActivityRecord{23bddb8 u0 com.google.android.permissioncontroller/com.android.permissioncontroller.permission.ui.GrantPermissionsActivity} t77})/@0x7b806b7, destroy=true, surface=Surface(name=913cea9 com.google.android.permissioncontroller/com.android.permissioncontroller.permission.ui.GrantPermissionsActivity)/@0x27b49b6
10-15 04:53:52.187 E/WindowManager( 2701): win=Window{913cea9 u0 com.google.android.permissioncontroller/com.android.permissioncontroller.permission.ui.GrantPermissionsActivity EXITING} destroySurfaces: appStopped=false cleanupOnResume=false win.mWindowRemovalAllowed=true win.mRemoveOnExit=true win.mViewVisibility=0 caller=com.android.server.wm.ActivityRecord.destroySurfaces:6539 com.android.server.wm.ActivityRecord.destroySurfaces:6520 com.android.server.wm.WindowState.onExitAnimationDone:5995 com.android.server.wm.WindowStateAnimator.onAnimationFinished:225 com.android.server.wm.WindowState.onAnimationFinished:6222 com.android.server.wm.WindowContainer$$ExternalSyntheticLambda4.onAnimationFinished:2 com.android.server.wm.SurfaceAnimator.lambda$getFinishedCallback$0:140 
10-15 04:53:52.187 I/WindowManager( 2701): Destroying surface Surface(name=com.google.android.permissioncontroller/com.android.permissioncontroller.permission.ui.GrantPermissionsActivity$_13779)/@0xc674ffa called by com.android.server.wm.WindowStateAnimator.destroySurface:942 com.android.server.wm.WindowStateAnimator.destroySurfaceLocked:536 com.android.server.wm.WindowState.destroySurfaceUnchecked:4306 com.android.server.wm.WindowState.destroySurface:4280 com.android.server.wm.ActivityRecord.destroySurfaces:6539 com.android.server.wm.ActivityRecord.destroySurfaces:6520 com.android.server.wm.WindowState.onExitAnimationDone:5995 com.android.server.wm.WindowStateAnimator.onAnimationFinished:225 
10-15 04:53:52.187 D/RestrictionPolicy( 2701): isScreenCaptureEnabled : ret=true userId=0
10-15 04:53:52.187 V/WindowManager( 2701): Nulling last startingData
10-15 04:53:52.189 I/ActivityManager( 2701): DSS OFF for com.android.vending
10-15 04:53:52.193 I/Layer   ( 1671): id=3191 removedFromDrawingState com.google.android.permissioncontroller/com.android.permissioncontroller.permission.ui.GrantPermissionsActivity$_13779#3191 (119)
10-15 04:53:52.193 I/Layer   ( 1671): id=2921 removedFromDrawingState 913cea9 com.google.android.permissioncontroller/com.android.permissioncontroller.permission.ui.GrantPermissionsActivity#2921 (119)
10-15 04:53:52.193 I/Layer   ( 1671): id=3194 removedFromDrawingState Surface(name=913cea9 com.google.android.permissioncontroller/com.android.permissioncontroller.permission.ui.GrantPermissionsActivity)/@0x27b49b6 - animation-leash of window_animation#3194 (119)
10-15 04:53:52.193 I/Layer   ( 1671): Layer [com.google.android.permissioncontroller/com.android.permissioncontroller.permission.ui.GrantPermissionsActivity$_13779#3191] hidden!! flag(1)
10-15 04:53:52.193 I/SurfaceFlinger( 1671): id=2921 Removed 913cea9 com.google.android.permissioncontroller/com.android.permissioncontroller.permission.ui.GrantPermissionsActivity#2921 (119)
10-15 04:53:52.193 I/SurfaceFlinger( 1671): id=2912 Removed 29ca22a ActivityRecordInputSink com.google.android.permissioncontroller/com.android.permissioncontroller.permission.ui.GrantPermissionsActivity#2912 (119)
10-15 04:53:52.193 I/SurfaceFlinger( 1671): id=3191 Removed com.google.android.permissioncontroller/com.android.permissioncontroller.permission.ui.GrantPermissionsActivity$_13779#3191 (119)
10-15 04:53:52.193 I/SurfaceFlinger( 1671): id=3194 Removed Surface(name=913cea9 com.google.android.permissioncontroller/com.android.permissioncontroller.permission.ui.GrantPermissionsActivity)/@0x27b49b6 - animation-leash of window_animation#3194 (119)
10-15 04:53:52.193 I/Layer   ( 1671): id=3194 Destroyed Surface(name=913cea9 com.google.android.permissioncontroller/com.android.permissioncontroller.permission.ui.GrantPermissionsActivity)/@0x27b49b6 - animation-leash of window_animation#3194
10-15 04:53:52.193 I/Layer   ( 1671): id=2921 Destroyed 913cea9 com.google.android.permissioncontroller/com.android.permissioncontroller.permission.ui.GrantPermissionsActivity#2921
10-15 04:53:52.193 I/Layer   ( 1671): id=3191 Destroyed com.google.android.permissioncontroller/com.android.permissioncontroller.permission.ui.GrantPermissionsActivity$_13779#3191
10-15 04:53:52.193 I/SurfaceFlinger( 1671): id=3201 createSurf, flag=24004, Task=77#3201
10-15 04:53:52.194 D/CompatibilityChangeReporter(32572): Compat change id reported: 171979766; UID 10229; state: ENABLED
10-15 04:53:52.195 V/MdnieScenarioControlService( 2701): mAclOffEnabled : false mAclPreviewState : false mAclCompensationState : false
10-15 04:53:52.195 I/RecentsView( 4080): onTaskRemoved() taskId : 77
10-15 04:53:52.196 I/TopTaskTracker( 4080): onTaskRemoved : taskId = 77
10-15 04:53:52.196 I/RecentsView( 4080): onTaskRemoved() taskId : 77
10-15 04:53:52.196 I/TopTaskTracker( 4080): onTaskRemoved : taskId = 77
10-15 04:53:52.201 I/Layer   ( 1671): id=2911 removedFromDrawingState ActivityRecord{23bddb8 u0 com.google.android.permissioncontroller/com.android.permissioncontroller.permission.ui.GrantPermissionsActivity} t77}#2911 (117)
10-15 04:53:52.201 I/Layer   ( 1671): id=2912 removedFromDrawingState 29ca22a ActivityRecordInputSink com.google.android.permissioncontroller/com.android.permissioncontroller.permission.ui.GrantPermissionsActivity#2912 (117)
10-15 04:53:52.201 I/Layer   ( 1671): id=2904 removedFromDrawingState Task=77#2904 (117)
10-15 04:53:52.201 I/Layer   ( 1671): id=3201 removedFromDrawingState Task=77#3201 (117)
10-15 04:53:52.201 I/SurfaceFlinger( 1671): id=2911 Removed ActivityRecord{23bddb8 u0 com.google.android.permissioncontroller/com.android.permissioncontroller.permission.ui.GrantPermissionsActivity} t77}#2911 (117)
10-15 04:53:52.202 I/SurfaceFlinger( 1671): id=3201 Removed Task=77#3201 (117)
10-15 04:53:52.202 I/Layer   ( 1671): id=3201 Destroyed Task=77#3201
10-15 04:53:52.202 I/Layer   ( 1671): id=2911 Destroyed ActivityRecord{23bddb8 u0 com.google.android.permissioncontroller/com.android.permissioncontroller.permission.ui.GrantPermissionsActivity} t77}#2911
10-15 04:53:52.202 I/Layer   ( 1671): id=2912 Destroyed 29ca22a ActivityRecordInputSink com.google.android.permissioncontroller/com.android.permissioncontroller.permission.ui.GrantPermissionsActivity#2912
10-15 04:53:52.210 D/nativeloader(32572): Configuring clns-4 for other apk /system/framework/org.apache.http.legacy.jar. target_sdk_version=35, uses_libraries=ALL, library_path=/data/app/~~mgmvr6X44wTvEL6Fefp1UA==/com.android.vending-juq0nRlTMbjcVDIPmlJXQg==/lib/arm64:/data/app/~~mgmvr6X44wTvEL6Fefp1UA==/com.android.vending-juq0nRlTMbjcVDIPmlJXQg==/base.apk!/lib/arm64-v8a:/data/app/~~mgmvr6X44wTvEL6Fefp1UA==/com.android.vending-juq0nRlTMbjcVDIPmlJXQg==/split_config.arm64_v8a.apk!/lib/arm64-v8a:/data/app/~~mgmvr6X44wTvEL6Fefp1UA==/com.android.vending-juq0nRlTMbjcVDIPmlJXQg==/split_config.en.apk!/lib/arm64-v8a:/data/app/~~mgmvr6X44wTvEL6Fefp1UA==/com.android.vending-juq0nRlTMbjcVDIPmlJXQg==/split_phonesky_data_loader.apk!/lib/arm64-v8a:/data/app/~~mgmvr6X44wTvEL6Fefp1UA==/com.android.vending-juq0nRlTMbjcVDIPmlJXQg==/split_phonesky_data_loader.config.arm64_v8a.apk!/lib/arm64-v8a, permitted_path=/data:/mnt/expand:/data/user/0/com.android.vending
10-15 04:53:52.210 D/nativeloader(32572): Extending system_exposed_libraries: libhumantracking.arcsoft.so:libPortraitDistortionCorrection.arcsoft.so:libPortraitDistortionCorrectionCali.arcsoft.so:libface_landmark.arcsoft.so:libFacialStickerEngine.arcsoft.so:libfrtracking_engine.arcsoft.so:libFaceRecognition.arcsoft.so:libveengine.arcsoft.so:lib_pet_detection.arcsoft.so:libae_bracket_hdr.arcsoft.so:libaiclearzoom_raw.arcsoft.so:libacz_hhdr.arcsoft.so:libhybrid_high_dynamic_range.arcsoft.so:libimage_enhancement.arcsoft.so:liblow_light_hdr.arcsoft.so:libhigh_dynamic_range.arcsoft.so:libsuperresolution_raw.arcsoft.so:libFacialAttributeDetection.arcsoft.so:libobjectcapture.arcsoft.so:libobjectcapture_jni.arcsoft.so:libobjectcapture_jni.arcsoft.so:libBeauty_v4.camera.samsung.so:libexifa.camera.samsung.so:libjpega.camera.samsung.so:libOpenCv.camera.samsung.so:libVideoClassifier.camera.samsung.so:libtensorflowLite.dynamic_viewing.camera.samsung.so:libImageScreener.camera.samsung.so:libMyFilter.camera.samsung.so:libtflite2.myfilters.camera.samsung.so:libHIDT
10-15 04:53:52.282 I/Pageboost( 2701): Launcher Page Up
10-15 04:53:52.282 I/Pageboost( 2701): IO Prefetch for : com.sec.android.gallery3d
10-15 04:53:52.283 E/pageboostd( 4610): prefetch start : app comsecandroidgallery3d
10-15 04:53:52.284 W/ziparchive(32572): Unable to open '/data/app/~~mgmvr6X44wTvEL6Fefp1UA==/com.android.vending-juq0nRlTMbjcVDIPmlJXQg==/split_config.arm64_v8a.dm': No such file or directory
10-15 04:53:52.284 W/ziparchive(32572): Unable to open '/data/app/~~mgmvr6X44wTvEL6Fefp1UA==/com.android.vending-juq0nRlTMbjcVDIPmlJXQg==/split_config.arm64_v8a.dm': No such file or directory
10-15 04:53:52.285 E/pageboostd( 4610): comsecandroidgallery3d, amt 19197952 scnt 18 fcnt 3
10-15 04:53:52.285 E/pageboostd( 4610): prefetch end : app comsecandroidgallery3d data_amount 19197952
10-15 04:53:52.285 W/ding:background(32572): Entry not found
10-15 04:53:52.286 W/ziparchive(32572): Unable to open '/data/app/~~mgmvr6X44wTvEL6Fefp1UA==/com.android.vending-juq0nRlTMbjcVDIPmlJXQg==/split_config.en.dm': No such file or directory
10-15 04:53:52.286 W/ziparchive(32572): Unable to open '/data/app/~~mgmvr6X44wTvEL6Fefp1UA==/com.android.vending-juq0nRlTMbjcVDIPmlJXQg==/split_config.en.dm': No such file or directory
10-15 04:53:52.287 W/ding:background(32572): Entry not found
10-15 04:53:52.287 W/ziparchive(32572): Unable to open '/data/app/~~mgmvr6X44wTvEL6Fefp1UA==/com.android.vending-juq0nRlTMbjcVDIPmlJXQg==/split_phonesky_data_loader.dm': No such file or directory
10-15 04:53:52.287 W/ziparchive(32572): Unable to open '/data/app/~~mgmvr6X44wTvEL6Fefp1UA==/com.android.vending-juq0nRlTMbjcVDIPmlJXQg==/split_phonesky_data_loader.dm': No such file or directory
10-15 04:53:52.288 W/ding:background(32572): Entry not found
10-15 04:53:52.288 W/ziparchive(32572): Unable to open '/data/app/~~mgmvr6X44wTvEL6Fefp1UA==/com.android.vending-juq0nRlTMbjcVDIPmlJXQg==/split_phonesky_data_loader.config.arm64_v8a.dm': No such file or directory
10-15 04:53:52.288 W/ziparchive(32572): Unable to open '/data/app/~~mgmvr6X44wTvEL6Fefp1UA==/com.android.vending-juq0nRlTMbjcVDIPmlJXQg==/split_phonesky_data_loader.config.arm64_v8a.dm': No such file or directory
10-15 04:53:52.289 W/ding:background(32572): Entry not found
10-15 04:53:52.290 D/nativeloader(32572): Configuring clns-5 for other apk /data/app/~~mgmvr6X44wTvEL6Fefp1UA==/com.android.vending-juq0nRlTMbjcVDIPmlJXQg==/base.apk:/data/app/~~mgmvr6X44wTvEL6Fefp1UA==/com.android.vending-juq0nRlTMbjcVDIPmlJXQg==/split_config.arm64_v8a.apk:/data/app/~~mgmvr6X44wTvEL6Fefp1UA==/com.android.vending-juq0nRlTMbjcVDIPmlJXQg==/split_config.en.apk:/data/app/~~mgmvr6X44wTvEL6Fefp1UA==/com.android.vending-juq0nRlTMbjcVDIPmlJXQg==/split_phonesky_data_loader.apk:/data/app/~~mgmvr6X44wTvEL6Fefp1UA==/com.android.vending-juq0nRlTMbjcVDIPmlJXQg==/split_phonesky_data_loader.config.arm64_v8a.apk. target_sdk_version=35, uses_libraries=, library_path=/data/app/~~mgmvr6X44wTvEL6Fefp1UA==/com.android.vending-juq0nRlTMbjcVDIPmlJXQg==/lib/arm64:/data/app/~~mgmvr6X44wTvEL6Fefp1UA==/com.android.vending-juq0nRlTMbjcVDIPmlJXQg==/base.apk!/lib/arm64-v8a:/data/app/~~mgmvr6X44wTvEL6Fefp1UA==/com.android.vending-juq0nRlTMbjcVDIPmlJXQg==/split_config.arm64_v8a.apk!/lib/arm64-v8a:/data/app/~~mgmvr6X44wTvEL6Fefp1UA==/com.android.vending-juq0nRlTMbjc
10-15 04:53:52.300 D/nativeloader(32572): Load libframework-connectivity-jni.so using APEX ns com_android_tethering for caller /apex/com.android.tethering/javalib/framework-connectivity.jar: ok
10-15 04:53:52.306 V/GraphicsEnvironment(32572): ANGLE Developer option for 'com.android.vending' set to: 'default'
10-15 04:53:52.306 V/GraphicsEnvironment(32572): ANGLE GameManagerService for com.android.vending: false
10-15 04:53:52.309 D/NetworkSecurityConfig(32572): No Network Security Config specified, using platform default
10-15 04:53:52.314 D/NetworkSecurityConfig(32572): No Network Security Config specified, using platform default
10-15 04:53:52.334 I/Finsky:background(32572): [2] mcf.j(82): Process created at version: 43.1.19-31 [0] [PR] 682411274
10-15 04:53:52.364 D/ActivityManager( 2701): sync unfroze 31927 com.google.process.gservices
10-15 04:53:52.388 I/Finsky:background(32572): [2] acbu.by(186): Finished reading experiment flags from file [0tGUNCGIkbk4o6-fQ335kUYSKwVj4lusnHT-A5Dsy08] numFlags=1888.
10-15 04:53:52.406 D/TspStateManager( 2701): wrote command: cmd=1,45,7,24,702,24,2340, type=1
10-15 04:53:52.408 I/sysinput:Touch( 1594): writeInformation:248, OK
10-15 04:53:52.408 D/SysinputHAL_V1_3(V1_2)( 2701): runTspCmdNoRead(1): set_grip_data,1,45,7,24,702,24,2340(0)
10-15 04:53:52.413 D/nativeloader(32572): Load /data/app/~~mgmvr6X44wTvEL6Fefp1UA==/com.android.vending-juq0nRlTMbjcVDIPmlJXQg==/split_config.arm64_v8a.apk!/lib/arm64-v8a/libmappedcountercacheversionjni.so using ns clns-5 from class loader (caller=base.apk): ok
10-15 04:53:52.424 I/Finsky:background(32572): [2] acbu.by(186): Finished reading experiment flags from file [-W3iXeEmc9f2mE9JaPVSWwm4fRB1yR0Bz8LY_SWEw04] numFlags=2206.
10-15 04:53:52.434 I/GenerationRegistry( 2701): mBackingStore.isClosed() : false
10-15 04:53:52.438 D/TrafficStats(32140): tagSocket(90) with statsTag=0xffffffff, statsUid=-1
10-15 04:53:52.444 I/Finsky:background(32572): [2] acbu.by(186): Finished reading experiment flags from file [36HXURADhNbJ_NkN_9VcTtpxhUr1pkZRqHVIrgr4gdI] numFlags=2206.
10-15 04:53:52.450 I/Finsky:background(32572): [2] acbu.by(186): Finished reading experiment flags from file [p6anH_3hkTmE6X9iYOtd-jPJ-9qaWkZL6zpA34d1rvw] numFlags=2206.
10-15 04:53:52.460 I/DisplayDevice( 1671): [Display 4630947059332006275 (internal, primary, "")] ActiveConfigToHWC, ID : 5
10-15 04:53:52.460 I/LayerHistory( 1671): com.sec.android.app.launcher/com.sec.android.app.launcher.activities.LauncherActivity$_4080#3193 Max (can't resolve refresh rate)
10-15 04:53:52.460 I/LayerHistory( 1671): StatusBar$_3594#86 voted 1, 0.00 fps
10-15 04:53:52.460 I/LayerHistory( 1671): 6ecf37d com.sec.android.app.camera/com.sec.android.app.camera.Camera#3065 voted 0, 60.00 fps
10-15 04:53:52.460 I/SurfaceFlinger( 1671): Idle - choose 24.00 Hz
10-15 04:53:52.461 I/VSyncReactor( 1671): Current= 120, TransitioningTo= 24, hwcPeriod= 120, Distance= 0
10-15 04:53:52.461 I/SDM     ( 1577): HWDeviceDRM::SetDisplaySwitchMode: [DispConfigs] check hs_mode 3
10-15 04:53:52.461 W/SDM     ( 1577): HWDeviceDRM::GetSupportedBitClkRate: Requested rate not supported: 951080000
10-15 04:53:52.461 W/SDM     ( 1577): HWDeviceDRM::GetSupportedBitClkRate: Requested rate not supported: 951080000
10-15 04:53:52.461 I/SDM     ( 1577): HWDeviceDRM::SetDisplaySwitchMode: [DispConfigs] Set mode index:9 1080x2340x24xcmdPHS, hs_mode(3), found_mode(1)
10-15 04:53:52.461 I/SDM     ( 1577): HWDeviceDRM::UpdateMixerAttributes: Mixer WxH 1080x2340-1 for Peripheral
10-15 04:53:52.461 I/SDM     ( 1577): HWCDisplay::SubmitDisplayConfig: Active configuration changed from config 0 to 8
10-15 04:53:52.468 I/VSyncReactor( 1671): Current= 120, TransitioningTo= 24, hwcPeriod= 24, Distance= 120
10-15 04:53:52.476 I/Finsky:background(32572): [2] zyl.<init>(67): zye - Registering in memory receiver for android.intent.action.PACKAGE_ADDED and android.intent.action.PACKAGE_REMOVED
10-15 04:53:52.478 D/CompatibilityChangeReporter( 2701): Compat change id reported: 161145287; UID 10229; state: DISABLED
10-15 04:53:52.486 I/SemWifiServiceDetector( 2701): Traff. tracking stopped
10-15 04:53:52.493 I/Finsky:background(32572): [2] lhw.l(306): This process start was not selected for Play memory metrics collection.
10-15 04:53:52.510 I/Fitness (25544): (REDACTED) FitCleanupIntentOperation received Intent %s
10-15 04:53:52.522 D/PersistedStoragePackageUninstalledReceiver(13779): Received android.intent.action.PACKAGE_DATA_CLEARED for com.zebra.soho_app for u0
10-15 04:53:52.524 E/CastAuth(25557): [PackageIntentOperation] Feature is not available, reason = CastAuth feature is disabled on this 3p device.. [CONTEXT service_id=360 ]
10-15 04:53:52.529 I/Blockstore(25557): [PackageIntentOperation] Checking the restore timespan. [CONTEXT service_id=258 ]
10-15 04:53:52.532 D/CompatibilityChangeReporter( 2701): Compat change id reported: 135634846; UID 10139; state: DISABLED
10-15 04:53:52.532 D/CompatibilityChangeReporter( 2701): Compat change id reported: 177438394; UID 10139; state: DISABLED
10-15 04:53:52.532 D/CompatibilityChangeReporter( 2701): Compat change id reported: 135772972; UID 10139; state: DISABLED
10-15 04:53:52.532 D/CompatibilityChangeReporter( 2701): Compat change id reported: 135754954; UID 10139; state: ENABLED
10-15 04:53:52.533 D/CompatibilityChangeReporter( 2701): Compat change id reported: 143937733; UID 10139; state: ENABLED
10-15 04:53:52.536 I/MediaProvider( 4994): Begin Intent { act=android.intent.action.PACKAGE_DATA_CLEARED dat=package: flg=0x1000010 cmp=com.google.android.providers.media.module/com.android.providers.media.MediaService (has extras) }
10-15 04:53:52.537 D/BoundBrokerSvc(25557): onBind: Intent { act=com.google.android.gms.backup.GMS_MODULE_RESTORE dat=chimera-action:/... cmp=com.google.android.gms/.chimera.GmsInternalBoundBrokerService }
10-15 04:53:52.537 D/BoundBrokerSvc(25557): Loading bound service for intent: Intent { act=com.google.android.gms.backup.GMS_MODULE_RESTORE dat=chimera-action:/... cmp=com.google.android.gms/.chimera.GmsInternalBoundBrokerService }
10-15 04:53:52.539 I/Icing   (25557): doRemovePackageData com.zebra.soho_app
10-15 04:53:52.540 D/MediaProvider( 4994): Deleted 0 Android/media items belonging to com.zebra.soho_app on /data/user/0/com.google.android.providers.media.module/databases/external.db
10-15 04:53:52.541 D/Zygote  ( 1479): Forked child process 32612
10-15 04:53:52.542 I/ActivityManager( 2701): Start proc 32612:com.microsoft.appmanager/u0a139 for broadcast {com.microsoft.appmanager/com.samsung.android.sdk.mdx.windowslink.tileservice.WindowsLinkTileBroadcastReceiver}
10-15 04:53:52.542 D/CompatibilityChangeReporter( 2701): Compat change id reported: 161145287; UID 10227; state: DISABLED
10-15 04:53:52.544 I/MediaProvider( 4994): End Intent { act=android.intent.action.PACKAGE_DATA_CLEARED dat=package: flg=0x1000010 cmp=com.google.android.providers.media.module/com.android.providers.media.MediaService (has extras) }
10-15 04:53:52.545 I/Blockstore(25557): [PackageIntentOperation] Received broadcast before a restore was started. [CONTEXT service_id=258 ]
10-15 04:53:52.556 I/soft.appmanager(32612): Using CollectorTypeCMC GC.
10-15 04:53:52.558 E/soft.appmanager(32612): Not starting debugger since process cannot load the jdwp agent.
10-15 04:53:52.561 D/nativeloader(32612): Load libframework-connectivity-tiramisu-jni.so using APEX ns com_android_tethering for caller /apex/com.android.tethering/javalib/framework-connectivity-t.jar: ok
10-15 04:53:52.563 D/ActivityThread(32612): setConscryptValidator
10-15 04:53:52.564 D/ActivityThread(32612): setConscryptValidator - put
10-15 04:53:52.567 D/CompatibilityChangeReporter( 2701): Compat change id reported: 168419799; UID 10139; state: DISABLED
10-15 04:53:52.568 I/ActivityManager( 2701): DSS OFF for com.microsoft.appmanager
10-15 04:53:52.574 D/CompatibilityChangeReporter(32612): Compat change id reported: 171979766; UID 10139; state: ENABLED
10-15 04:53:52.575 I/heimdall( 1649): insert_task_to_group:67, insert tgid 32612 to group com.microsoft.appmanager, ret = 0
10-15 04:53:52.638 D/nativeloader(32612): Configuring clns-4 for other apk /data/app/~~4dIXly7yjLC6DbDZQ7lauA==/com.microsoft.appmanager-jt3wMIua63ksE4PZDZe4xw==/base.apk. target_sdk_version=34, uses_libraries=, library_path=/data/app/~~4dIXly7yjLC6DbDZQ7lauA==/com.microsoft.appmanager-jt3wMIua63ksE4PZDZe4xw==/lib/arm64:/data/app/~~4dIXly7yjLC6DbDZQ7lauA==/com.microsoft.appmanager-jt3wMIua63ksE4PZDZe4xw==/base.apk!/lib/arm64-v8a, permitted_path=/data:/mnt/expand:/data/user/0/com.microsoft.appmanager
10-15 04:53:52.675 I/HYPER-HAL( 1568): [RequestManager.cpp]releaseLocked(): Released ID : 3733309
10-15 04:53:52.686 D/nativeloader(32612): Load libframework-connectivity-jni.so using APEX ns com_android_tethering for caller /apex/com.android.tethering/javalib/framework-connectivity.jar: ok
10-15 04:53:52.693 V/GraphicsEnvironment(32612): ANGLE Developer option for 'com.microsoft.appmanager' set to: 'default'
10-15 04:53:52.694 V/GraphicsEnvironment(32612): ANGLE GameManagerService for com.microsoft.appmanager: false
10-15 04:53:52.700 D/NetworkSecurityConfig(32612): No Network Security Config specified, using platform default
10-15 04:53:52.705 D/NetworkSecurityConfig(32612): No Network Security Config specified, using platform default
10-15 04:53:52.760 D/CompatibilityChangeReporter(32612): Compat change id reported: 183155436; UID 10139; state: ENABLED
10-15 04:53:52.784 I/GenerationRegistry( 2701): mBackingStore.isClosed() : false
10-15 04:53:52.891 D/PackageManager( 2701): setEnabledSetting : userId = 0 packageName = com.microsoft.appmanager cmp = androidx.work.impl.background.systemjob.SystemJobService newState = 1 callingPackage = 10139/com.microsoft.appmanager
10-15 04:53:52.892 D/ApplicationPolicy( 2701): getApplicationStateEnabled : pkg = com.microsoft.appmanager userId : 0
10-15 04:53:52.893 D/ApplicationPolicy( 2701): getApplicationComponentState : pkg = com.microsoft.appmanager userId : 0
10-15 04:53:52.908 I/QuickstepModelDelegate( 4080): Widget predictions updated
10-15 04:53:52.911 D/CompatibilityChangeReporter( 2701): Compat change id reported: 161145287; UID 10139; state: DISABLED
10-15 04:53:52.928 D/CompatibilityChangeReporter(32612): Compat change id reported: 160794467; UID 10139; state: ENABLED
10-15 04:53:52.940 D/CompatibilityChangeReporter(32612): Compat change id reported: 194532703; UID 10139; state: ENABLED
10-15 04:53:52.941 D/CompatibilityChangeReporter( 2701): Compat change id reported: 194532703; UID 10139; state: ENABLED
10-15 04:53:52.965 E/ActivityThread(32612): Failed to find provider info for com.microsoft.yourphonecompanion.contentprovider.featureoverride
10-15 04:53:52.976 D/CompatibilityChangeReporter( 2701): Compat change id reported: 135634846; UID 10083; state: DISABLED
10-15 04:53:52.977 D/CompatibilityChangeReporter( 2701): Compat change id reported: 177438394; UID 10083; state: DISABLED
10-15 04:53:52.977 D/CompatibilityChangeReporter( 2701): Compat change id reported: 135772972; UID 10083; state: DISABLED
10-15 04:53:52.977 D/CompatibilityChangeReporter( 2701): Compat change id reported: 135754954; UID 10083; state: ENABLED
10-15 04:53:52.978 D/CompatibilityChangeReporter( 2701): Compat change id reported: 143937733; UID 10083; state: ENABLED
10-15 04:53:52.991 D/Zygote  ( 1479): Forked child process 32665
10-15 04:53:52.992 I/ActivityManager( 2701): Start proc 32665:com.samsung.android.mdx/u0a83 for content provider {com.samsung.android.mdx/com.samsung.android.mdx.windowslink.tileservice.StateContentProvider}
10-15 04:53:53.016 I/ung.android.mdx(32665): Using CollectorTypeCMC GC.
10-15 04:53:53.019 E/ung.android.mdx(32665): Not starting debugger since process cannot load the jdwp agent.
10-15 04:53:53.025 D/nativeloader(32665): Load libframework-connectivity-tiramisu-jni.so using APEX ns com_android_tethering for caller /apex/com.android.tethering/javalib/framework-connectivity-t.jar: ok
10-15 04:53:53.027 D/ActivityThread(32665): setConscryptValidator
10-15 04:53:53.028 D/ActivityThread(32665): setConscryptValidator - put
10-15 04:53:53.031 D/CompatibilityChangeReporter( 2701): Compat change id reported: 168419799; UID 10083; state: DISABLED
10-15 04:53:53.032 I/ActivityManager( 2701): DSS OFF for com.samsung.android.mdx
10-15 04:53:53.041 D/CompatibilityChangeReporter(32665): Compat change id reported: 171979766; UID 10083; state: ENABLED
10-15 04:53:53.042 I/heimdall( 1649): insert_task_to_group:67, insert tgid 32665 to group com.samsung.android.mdx, ret = 0
10-15 04:53:53.099 D/AndroidRuntime(32666): >>>>>> START com.android.internal.os.RuntimeInit uid 2000 <<<<<<
10-15 04:53:53.101 I/app_process(32666): MMAP_TRYLOCK is not supported in uffd addr:0x781856e000 page-size:4096
10-15 04:53:53.102 I/AndroidRuntime(32666): Using default boot image
10-15 04:53:53.102 I/AndroidRuntime(32666): Leaving lock profiling enabled
10-15 04:53:53.102 D/SecNativeFeatureCppIf(32666): encoded
10-15 04:53:53.102 D/SecNativeFeatureCppIf(32666): decoding and unzip finish
10-15 04:53:53.102 D/SecNativeFeatureCppIf(32666): use unCompDataBuff. encoded
10-15 04:53:53.102 D/SecNativeFeatureCppIf(32666): Free unCompDataBuff
10-15 04:53:53.102 D/AndroidRuntime(32666): addProductProperty: pBrand1 is not null
10-15 04:53:53.102 D/AndroidRuntime(32666): addProductProperty: not brand or 7
10-15 04:53:53.104 I/app_process(32666): Using CollectorTypeCMC GC.
10-15 04:53:53.120 D/TrafficStats(32140): tagSocket(6) with statsTag=0xffffffff, statsUid=-1
10-15 04:53:53.122 D/TrafficStats(32140): tagSocket(90) with statsTag=0xffffffff, statsUid=-1
10-15 04:53:53.125 I/WindowsLink(32665): (AppUpdateManagerImpl) loadPreferenceInfo() in
10-15 04:53:53.125 I/WindowsLink(32665): (AppUpdateManagerImpl) loadPolicyPreferenceInfo() in
10-15 04:53:53.133 I/WindowsLink(32665): (AppUpdateManagerImpl) loadStorePreferenceInfo() in
10-15 04:53:53.133 I/WindowsLink(32665): (AppUpdateManagerImpl) getCachedLwStoreInfo(): in
10-15 04:53:53.133 I/WindowsLink(32665): (AppUpdateManagerImpl) getCachedStoreInfo() in = com.samsung.android.mdx
10-15 04:53:53.137 I/WindowsLink(32665): (AppUpdateManagerImpl) getCachedYpcStoreInfo(): in
10-15 04:53:53.137 I/WindowsLink(32665): (AppUpdateManagerImpl) getCachedStoreInfo() in = com.microsoft.appmanager
10-15 04:53:53.144 D/CompatibilityChangeReporter( 2701): Compat change id reported: 161145287; UID 10083; state: DISABLED
10-15 04:53:53.146 D/nativeloader(32666): InitDefaultPublicLibraries for_preload=1: libandroid.so:libaaudio.so:libamidi.so:libbinder_ndk.so:libc.so:libcamera2ndk.so:libdl.so:libEGL.so:libGLESv1_CM.so:libGLESv2.so:libGLESv3.so:libicu.so:libicui18n.so:libicuuc.so:libjnigraphics.so:liblog.so:libmediandk.so:libm.so:libnativehelper.so:libnativewindow.so:libOpenMAXAL.so:libOpenSLES.so:libRS.so:libstdc++.so:libsync.so:libvulkan.so:libwebviewchromium_plat_support.so:libz.so
10-15 04:53:53.146 I/CapsuleProvider_1.0.23(32665): onCreate
10-15 04:53:53.150 I/WindowsLink(32665): (SeYourPhoneIndexableProvider) onCreate()
10-15 04:53:53.150 I/WindowsLink(32665): (SeYourPhoneIndexableProvider) secQueryGetFingerprint
10-15 04:53:53.152 D/nativeloader(32666): Load libicu_jni.so using APEX ns com_android_art for caller /apex/com.android.art/javalib/core-oj.jar: ok
10-15 04:53:53.152 D/app_process(32666): Time zone APEX ICU file found: /apex/com.android.tzdata/etc/icu/icu_tzdata.dat
10-15 04:53:53.152 D/app_process(32666): I18n APEX ICU file found: /apex/com.android.i18n/etc/icu/icudt70l.dat
10-15 04:53:53.153 D/nativeloader(32666): Load libjavacore.so using APEX ns com_android_art for caller /apex/com.android.art/javalib/core-oj.jar: ok
10-15 04:53:53.154 D/nativeloader(32666): Load libopenjdk.so using APEX ns com_android_art for caller /apex/com.android.art/javalib/core-oj.jar: ok
10-15 04:53:53.160 I/WindowsLink(32665): (MdxApplication) MdxApplication : in
10-15 04:53:53.160 I/WindowsLink(32665): (AppUpdateManagerImpl) loadPreferenceInfo() in
10-15 04:53:53.161 I/WindowsLink(32665): (AppUpdateManagerImpl) loadPolicyPreferenceInfo() in
10-15 04:53:53.163 I/WindowsLink(32665): (AppUpdateManagerImpl) loadStorePreferenceInfo() in
10-15 04:53:53.163 I/WindowsLink(32665): (AppUpdateManagerImpl) getCachedLwStoreInfo(): in
10-15 04:53:53.163 I/WindowsLink(32665): (AppUpdateManagerImpl) getCachedStoreInfo() in = com.samsung.android.mdx
10-15 04:53:53.164 I/WindowsLink(32665): (AppUpdateManagerImpl) getCachedYpcStoreInfo(): in
