10-15 04:53:46.663 I/[DOP]ConnDaemonHandler( 9878): [12:s] (DOP_CONN) SEQ 16 ConnDaemonInitThread App indication RES : 
10-15 04:53:46.664 W/CSSVC_Service(18086): [CSSVC	][ConnSvc_Service_OnReadMessageHeader:3146	] begin: socket 0xecabd048
10-15 04:53:46.664 E/CSSVC_Socket(18086): [CSSVC	][ConnSvc_Service_OnReadMessageHeader:3152	] socket closed : socket 0xecabd048, errno : 2
10-15 04:53:46.665 W/CSSVC_Service(18086): [CSSVC	][ConnSvc_Service_OnReadMessageHeader:3163	] end: socket 0xecabd048
10-15 04:53:46.665 W/CSSVC_Service(18086): [CSSVC	][Connsvc_Service_OnAccept:450	] begin: socket 0xecfbf138
10-15 04:53:46.665 W/CSSVC_Service(18086): [CSSVC	][Connsvc_Service_OnAccept:507	] Service connected(CONNECTION_STATE_CONNECT). socket 0xecfbf138
10-15 04:53:46.665 W/CSSVC_Service(18086): [CSSVC	][Connsvc_Service_Accept:419	] begin
10-15 04:53:46.665 W/CSSVC_Service(18086): [CSSVC	][Connsvc_Service_Accept:433	] ends
10-15 04:53:46.665 W/CSSVC_Service(18086): [CSSVC	][Connsvc_Service_OnAccept:516	] ends: socket 0xecfbf138
10-15 04:53:46.666 W/CSSVC_Service(18086): [CSSVC	][ConnSvc_Service_OnReadMessageHeader:3146	] begin: socket 0xecfbf138
10-15 04:53:46.666 W/CSSVC_Service(18086): [CSSVC	][ConnSvc_Service_OnReadMessageHeader:3200	] end: socket 0xecfbf138
10-15 04:53:46.666 W/CSSVC_Service(18086): [CSSVC	][Connsvc_Service_OnRead:600	] begin: socket 0xecfbf138
10-15 04:53:46.666 W/CSSVC_Service(18086): [CSSVC	][Connsvc_Service_GetVersionReqHandler:803	] Received GetVersion Request. socket 0xecfbf138
10-15 04:53:46.666 W/CSSVC_Service(18086): [CSSVC	][Connsvc_Service_GetVersionResponse:861	] Send GetVersion Response. socket 0xecfbf138
10-15 04:53:46.666 W/CSSVC_Service(18086): [CSSVC	][Connsvc_Service_OnRead:662	] end: socket 0xecfbf138
10-15 04:53:46.666 W/CSSVC_Service(18086): [CSSVC	][Connsvc_Service_OnSend:541	] begin: socket 0xecfbf138
10-15 04:53:46.666 W/CSSVC_Service(18086): [CSSVC	][Connsvc_Service_OnSend:575	] end: socket 0xecfbf138
10-15 04:53:46.667 W/CSSVC_Service(18086): [CSSVC	][ConnSvc_Service_OnReadMessageHeader:3146	] begin: socket 0xecfbf138
10-15 04:53:46.667 W/CSSVC_Service(18086): [CSSVC	][ConnSvc_Service_OnReadMessageHeader:3200	] end: socket 0xecfbf138
10-15 04:53:46.667 W/CSSVC_Service(18086): [CSSVC	][Connsvc_Service_OnRead:600	] begin: socket 0xecfbf138
10-15 04:53:46.667 W/CSSVC_Service(18086): [CSSVC	][Connsvc_Service_SetModeReqHandler:901	] Received SetMode Request. socket 0xecfbf138
10-15 04:53:46.667 W/CSSVC_Service(18086): [CSSVC	][Connsvc_Service_SetModeResponse:966	] Send SetMode Response. socket 0xecfbf138
10-15 04:53:46.667 W/CSSVC_Service(18086): [CSSVC	][Connsvc_Service_OnRead:662	] end: socket 0xecfbf138
10-15 04:53:46.667 W/CSSVC_Service(18086): [CSSVC	][Connsvc_Service_OnSend:541	] begin: socket 0xecfbf138
10-15 04:53:46.667 W/CSSVC_Service(18086): [CSSVC	][Connsvc_Service_OnSend:575	] end: socket 0xecfbf138
10-15 04:53:46.668 I/Telecom:SamsungTelecomServiceImpl( 2701): isInManagedCall - callingPackage : android
10-15 04:53:46.670 D/TrafficStats(32140): tagSocket(90) with statsTag=0xffffffff, statsUid=-1
10-15 04:53:46.677 I/Launcher.NotificationListener( 4080): onNotificationPosted : com.android.systemui number : 0
10-15 04:53:46.678 D/InterruptionStateProvider( 3594): Group alert behavior is suppressed but we want to alert bubble
10-15 04:53:46.678 I/Edge.badge( 5260): updateBadge item = com.android.systemui:-1 1
10-15 04:53:46.679 D/InterruptionStateProvider( 3594): Group alert behavior is suppressed but we want to alert bubble
10-15 04:53:46.680 D/InterruptionStateProvider( 3594): Group alert behavior is suppressed but we want to alert bubble
10-15 04:53:46.680 D/InterruptionStateProvider( 3594): Group alert behavior is suppressed but we want to alert bubble
10-15 04:53:46.681 D/InterruptionStateProvider( 3594): Group alert behavior is suppressed but we want to alert bubble
10-15 04:53:46.681 D/InterruptionStateProvider( 3594): Group alert behavior is suppressed but we want to alert bubble
10-15 04:53:46.681 D/InterruptionStateProvider( 3594): Group alert behavior is suppressed but we want to alert bubble
10-15 04:53:46.682 D/InterruptionStateProvider( 3594): Group alert behavior is suppressed but we want to alert bubble
10-15 04:53:46.682 D/InterruptionStateProvider( 3594): Group alert behavior is suppressed but we want to alert bubble
10-15 04:53:46.682 D/InterruptionStateProvider( 3594): Group alert behavior is suppressed but we want to alert bubble
10-15 04:53:46.683 D/InterruptionStateProvider( 3594): Group alert behavior is suppressed but we want to alert bubble
10-15 04:53:46.683 D/InterruptionStateProvider( 3594): Group alert behavior is suppressed but we want to alert bubble
10-15 04:53:46.683 D/InterruptionStateProvider( 3594): Group alert behavior is suppressed but we want to alert bubble
10-15 04:53:46.764 D/LocalDisplayAdapter( 2701): updateActiveModeLocked for d=4630947059332006275, mActiveModeId=6, mActiveSfDisplayMode=DisplayMode{id=5, width=1080, height=2340, xDpi=428.625, yDpi=424.542, refreshRate=24.000002, appVsyncOffsetNanos=1000000, presentationDeadlineNanos=41666666, group=1080}
10-15 04:53:46.766 I/DisplayDeviceRepository( 2701): Display device changed: DisplayDeviceInfo{"Built-in Screen": uniqueId="local:4630947059332006275", 1080 x 2340, modeId 6, defaultModeId 1, supportedModes [{id=1, width=1080, height=2340, fps=120.00001, alternativeRefreshRates=[10.0, 24.000002, 30.000002, 48.000004, 60.000004, 96.00001]}, {id=2, width=1080, height=2340, fps=96.00001, alternativeRefreshRates=[10.0, 24.000002, 30.000002, 48.000004, 60.000004, 120.00001]}, {id=3, width=1080, height=2340, fps=60.000004, alternativeRefreshRates=[10.0, 24.000002, 30.000002, 48.000004, 96.00001, 120.00001]}, {id=4, width=1080, height=2340, fps=48.000004, alternativeRefreshRates=[10.0, 24.000002, 30.000002, 60.000004, 96.00001, 120.00001]}, {id=5, width=1080, height=2340, fps=30.000002, alternativeRefreshRates=[10.0, 24.000002, 48.000004, 60.000004, 96.00001, 120.00001]}, {id=6, width=1080, height=2340, fps=24.000002, alternativeRefreshRates=[10.0, 30.000002, 48.000004, 60.000004, 96.00001, 120.00001]}, {id=7, width=1080, height=2340, fps=10.0, alternativeRefreshRates=[24.000002, 30.000002, 48.000004, 60.000004, 96.00001, 120.00001]}], colorMode 0, supportedColorModes [0, 7, 9], hdrCapabilities HdrCapabilities{mSupportedHdrTypes=[2, 3, 4], mMaxLuminance=450.0, mMaxAverageLuminance=225.00024, mMinLuminance=5.0E-4}, allmSupported false, gameContentTypeSupported false, density 480, 428.625 x 424.542 dpi, appVsyncOff 1000000, presDeadline 41666666, cutout DisplayCutout{insets=Rect(0, 81 - 0, 0) waterfall=Insets{left=0, top=0, right=0, bottom=0} boundingRect={Bounds=[Rect(0, 0 - 0, 0), Rect(512, 0 - 568, 81), Rect(0, 0 - 0, 0), Rect(0, 0 - 0, 0)]} cutoutPathParserInfo={CutoutPathParserInfo{displayWidth=1080 displayHeight=2340 physicalDisplayWidth=1080 physicalDisplayHeight=2340 density={3.0} cutoutSpec={M 0,0 H -9.333333333333333‬ V 27 H 9.333333333333333‬ V 0 H 0 Z @dp} rotation={0} scale={1.0} physicalPixelDisplaySizeRatio={1.0}}}}, touch INTERNAL, rotation 0, type INTERNAL, address {port=131, model=0x40446dd08d1fc1}, deviceProductInfo DeviceProductInfo{name=, manufacturerPnpId=QCM, productId=1, modelYear=null, manufactureDate=ManufactureDate{week=27, year=2006}, connectionToSinkType=0}, state ON, frameRateOverride , brightnessMinimum 0.0, brightnessMaximum 1.0, brightnessDefault 0.5019608, roundedCorners RoundedCorners{[RoundedCorner{position=TopLeft, radius=102, center=Point(102, 102)}, RoundedCorner{position=TopRight, radius=102, center=Point(978, 102)}, RoundedCorner{position=BottomRight, radius=102, center=Point(978, 2238)}, RoundedCorner{position=BottomLeft, radius=102, center=Point(102, 2238)}]}, FLAG_ALLOWED_TO_BE_DEFAULT_DISPLAY, FLAG_ROTATES_WITH_CONTENT, FLAG_SECURE, FLAG_SUPPORTS_PROTECTED_BUFFERS, installOrientation 0}
10-15 04:53:46.772 D/LiftUpHandler( 2701): [LTW] Stopped already.
10-15 04:53:46.772 D/SGM:GameManager( 2701): onDisplayChanged. displyId: 0, state: 2
10-15 04:53:46.772 D/AODManagerService( 2701): requestReCalToTSP IsSingleTouchMode = false / previousDisplayState = ON
10-15 04:53:46.773 D/SGM:FgCheckThread( 2701): onLooperPrepared(), msg: MSG_LCD_ON
10-15 04:53:46.774 D/DisplayLifecycle( 3594): updateDisplay id = 0
10-15 04:53:46.805 D/SurfaceFlinger( 1671): GPIS:: requestGPIS
10-15 04:53:46.805 D/NativeSemDvfsManager( 1671): acquire:: timeout = 2000 mIsAcquired = 1  mTagName : SurfaceFlinger 
10-15 04:53:46.806 E/NativeCustomFrequencyManager( 1671): [NativeCFMS] BpCustomFrequencyManager::acquire()
10-15 04:53:46.810 I/HYPER-HAL( 1568): [RequestManager.cpp]acquire(): Acquired ID : 3569456  [1671 / 1000]    HINT : SF_GPU_MINLOCK    list : [TIMEOUT / 2000] 
10-15 04:53:46.879 D/S.S.N.  ( 3594): onEntryUpdated -1|com.android.systemui|2131428972|charging_state|10041
10-15 04:53:46.879 D/BubblesManager( 3594): onEntryUpdated : shouldBubbleUp=false ,key=-1|com.android.systemui|2131428972|charging_state|10041
10-15 04:53:46.880 D/InterruptionStateProvider( 3594):  no Heads up : edgelighting enabled app. -1|com.android.systemui|2131428972|charging_state|10041
10-15 04:53:46.899 I/FaceWidgetPositionAlgorithm( 3594): getClockContainerHeight() supplier = 309, bottom margin = 0, real height = 381
10-15 04:53:46.899 I/FaceWidgetPositionAlgorithm( 3594): getClockContainerHeight() supplier = 309, bottom margin = 72, real height = 381
10-15 04:53:46.900 I/FaceWidgetPositionAlgorithm( 3594): getMediaContainerHeight() height = 0 container Visibility = 8, isValid = false, mIsDozing = false, fraction = 1.0, source = 0, target = 0
10-15 04:53:46.900 I/FaceWidgetPositionAlgorithm( 3594): getMediaContainerHeight() supplier = 0
10-15 04:53:46.978 I/FaceWidgetPositionAlgorithm( 3594): getClockContainerHeight() supplier = 309, bottom margin = 0, real height = 381
10-15 04:53:46.979 I/FaceWidgetPositionAlgorithm( 3594): getClockContainerHeight() supplier = 309, bottom margin = 72, real height = 381
10-15 04:53:46.979 I/FaceWidgetPositionAlgorithm( 3594): getMediaContainerHeight() height = 0 container Visibility = 8, isValid = false, mIsDozing = false, fraction = 1.0, source = 0, target = 0
10-15 04:53:46.979 I/FaceWidgetPositionAlgorithm( 3594): getMediaContainerHeight() supplier = 0
10-15 04:53:46.984 D/TrafficStats(32140): tagSocket(6) with statsTag=0xffffffff, statsUid=-1
10-15 04:53:46.992 D/EdgeLightingPolicyManager( 2701): isAcceptableApplication:  pkg=com.android.systemui , range=1 , includeAllApp=false , userId=-2 , infoRange=0 , infoCategory=0
10-15 04:53:46.992 D/EdgeLightingPolicyManager( 2701): isAcceptableApplication - accept rechecked by isEdgeLightingAllowed = true uid = 10041
10-15 04:53:46.993 D/EdgeLightingPolicyManager( 2701): isAcceptableApplication: getRejectablePolicy true
10-15 04:53:47.026 I/FaceWidgetPositionAlgorithm( 3594): getClockContainerHeight() supplier = 309, bottom margin = 0, real height = 381
10-15 04:53:47.026 I/FaceWidgetPositionAlgorithm( 3594): getClockContainerHeight() supplier = 309, bottom margin = 72, real height = 381
10-15 04:53:47.027 I/FaceWidgetPositionAlgorithm( 3594): getMediaContainerHeight() height = 0 container Visibility = 8, isValid = false, mIsDozing = false, fraction = 1.0, source = 0, target = 0
10-15 04:53:47.027 I/FaceWidgetPositionAlgorithm( 3594): getMediaContainerHeight() supplier = 0
10-15 04:53:47.292 D/io_stats( 1073): !@   8,0 r 1367712 39684517 w 2849717 34405780 d 331838 116104176 f 107517 384900 iot 2288560 0 th 0 0 0 pt 0 inp 0 0 229978.289
10-15 04:53:47.292 D/io_stats( 1073): !@ Read_top(KB): .zebra.soho_app(32319) 4
10-15 04:53:47.292 D/io_stats( 1073): !@ Write_top(KB): kworker/u16:3(26081) 600 vendor.samsung.(1591) 8
10-15 04:53:47.580 D/TrafficStats(32140): tagSocket(6) with statsTag=0xffffffff, statsUid=-1
10-15 04:53:47.585 D/TrafficStats(32140): tagSocket(90) with statsTag=0xffffffff, statsUid=-1
10-15 04:53:47.685 D/TrafficStats(32140): tagSocket(6) with statsTag=0xffffffff, statsUid=-1
10-15 04:53:47.731 D/TrafficStats(32140): tagSocket(90) with statsTag=0xffffffff, statsUid=-1
10-15 04:53:48.104 D/TrafficStats(32140): tagSocket(6) with statsTag=0xffffffff, statsUid=-1
10-15 04:53:48.365 D/SemWifiUsabilityStatsMonitor( 2701): onWifiUsabilityStats - seqNum 3975, isSameBssidAndFreq true
10-15 04:53:48.367 I/SemWifiLinkQualityMonitor( 2701): Link Qos query: inf. ms / 0 Mbps
10-15 04:53:48.659 D/TrafficStats(32140): tagSocket(6) with statsTag=0xffffffff, statsUid=-1
10-15 04:53:48.673 D/ActivityManager( 2701): force stop from com.android.server.am.ActivityManagerService.forceStopPackage:4750 com.android.server.am.ActivityManagerShellCommand.runForceStop:1236 
10-15 04:53:48.673 I/ActivityManager( 2701): Force stopping com.zebra.soho_app appid=10507 user=0: from pid 32469
10-15 04:53:48.675 I/ActivityManager( 2701): Killing 32319:com.zebra.soho_app/u0a507 (adj 101): stop com.zebra.soho_app due to from pid 32469
10-15 04:53:48.677 I/AppOps  ( 2701): updateUidProcState uid: 10227 procState: 4 capability:15
10-15 04:53:48.677 I/AppOps  ( 2701): commitUidPendingStateLocked() :: UID - 10227, 500 > 400, 15 > 15
10-15 04:53:48.677 D/BoundBrokerSvc(25557): onUnbind: Intent { act=com.google.android.gms.measurement.START pkg=com.google.android.gms }
10-15 04:53:48.677 W/ProcessStats( 2701): Tracking association SourceState{4ca6c4b system/1000 BTopFgs #329240} whose proc state 2 is better than process ProcessState{690505 com.google.android.gms.persistent/10227 pkg=com.google.android.gms (sub)} proc state 3 (223 skipped)
10-15 04:53:48.677 D/ActivityManager( 2701): proc ProcessRecord{db56a8e 32319:com.zebra.soho_app/u0a507} already removed. so we skip next process.
10-15 04:53:48.677 W/ActivityTaskManager( 2701): Force removing ActivityRecord{204d28d u0 com.zebra.soho_app/.MainActivity} t77 f}}: app died, no saved state
10-15 04:53:48.679 I/SurfaceFlinger( 1671): id=3188 createSurf, flag=20004, Dim Layer for - WindowedMagnification:0:31#3188
10-15 04:53:48.680 I/WindowManager( 2701): Reparenting to leash, surface=Surface(name=Dim Layer for - Task=77)/@0xbbf227a, leashParent=Surface(name=Task=77)/@0xf22bc40
10-15 04:53:48.680 I/SurfaceFlinger( 1671): id=3189 createSurf, flag=24000, Surface(name=Dim Layer for - Task=77)/@0xbbf227a - animation-leash of dimmer#3189
10-15 04:53:48.680 D/WindowManager( 2701): makeSurface duration=1 leash=Surface(name=Surface(name=Dim Layer for - Task=77)/@0xbbf227a - animation-leash of dimmer)/@0xdf51bf4
10-15 04:53:48.680 I/WindowManager( 2701): Reparenting to leash, surface=Surface(name=Dim Layer for - WindowedMagnification:0:31)/@0x2996f1d, leashParent=Surface(name=WindowedMagnification:0:31)/@0xc9b201f
10-15 04:53:48.680 I/SurfaceFlinger( 1671): id=3190 createSurf, flag=24000, Surface(name=Dim Layer for - WindowedMagnification:0:31)/@0x2996f1d - animation-leash of dimmer#3190
10-15 04:53:48.680 D/WindowManager( 2701): makeSurface duration=0 leash=Surface(name=Surface(name=Dim Layer for - WindowedMagnification:0:31)/@0x2996f1d - animation-leash of dimmer)/@0x89d5592
10-15 04:53:48.681 V/WindowManager( 2701): Setting visibility of Window{6d8a4e5 u0 com.zebra.soho_app/com.zebra.soho_app.MainActivity}: false, caller=com.android.server.wm.WindowContainer.sendAppVisibilityToClients:1246 com.android.server.wm.WindowToken.setClientVisible:431 com.android.server.wm.ActivityRecord.setClientVisible:7691 com.android.server.wm.ActivityRecord.onAnimationFinished:8590 com.android.server.wm.ActivityRecord.postApplyAnimation:6252 
10-15 04:53:48.681 D/InputTransport( 2701): Input channel destroyed: '6d8a4e5', fd=942
10-15 04:53:48.682 W/InputManager-JNI( 2701): Input channel object '6d8a4e5 com.zebra.soho_app/com.zebra.soho_app.MainActivity (client)' was disposed without first being removed with the input manager!
10-15 04:53:48.682 D/InputTransport( 2701): Input channel destroyed: '6d8a4e5', fd=990
10-15 04:53:48.682 V/WindowManager( 2701): Remove Window{6d8a4e5 u0 com.zebra.soho_app/com.zebra.soho_app.MainActivity}: mSurfaceController=Surface(name=com.zebra.soho_app/com.zebra.soho_app.MainActivity$_32319)/@0xbfc1b63 mAnimatingExit=false mRemoveOnExit=false mHasSurface=true surfaceShowing=false animating=false app-animation=false mWillReplaceWindow=false mDisplayFrozen=false callers=com.android.server.wm.WindowState.removeIfPossible:3041 com.android.server.wm.WindowToken.removeAllWindowsIfPossible:234 com.android.server.wm.ActivityRecord.removeIfPossible:4886 com.android.server.wm.ActivityRecord.onRemovedFromDisplay:5001 com.android.server.wm.DisplayContent.removeAppToken:1683 com.android.server.wm.ActivityRecord.removeFromHistory:4605 
10-15 04:53:48.682 I/Layer   ( 1671): Layer [com.zebra.soho_app/com.zebra.soho_app.MainActivity$_32319#3172] hidden!! flag(1)
10-15 04:53:48.682 I/WindowManager( 2701): Destroying surface Surface(name=com.zebra.soho_app/com.zebra.soho_app.MainActivity$_32319)/@0xbfc1b63 called by com.android.server.wm.WindowStateAnimator.destroySurface:942 com.android.server.wm.WindowStateAnimator.destroySurfaceLocked:536 com.android.server.wm.WindowState.removeImmediately:2969 com.android.server.wm.WindowState.removeIfPossible:3228 com.android.server.wm.WindowState.removeIfPossible:3041 com.android.server.wm.WindowToken.removeAllWindowsIfPossible:234 com.android.server.wm.ActivityRecord.removeIfPossible:4886 com.android.server.wm.ActivityRecord.onRemovedFromDisplay:5001 
10-15 04:53:48.682 D/SurfaceFlinger( 1671): GPIS:: requestGPIS
10-15 04:53:48.682 D/NativeSemDvfsManager( 1671): acquire:: timeout = 2000 mIsAcquired = 1  mTagName : SurfaceFlinger 
10-15 04:53:48.682 D/RestrictionPolicy( 2701): isScreenCaptureEnabled : ret=true userId=0
10-15 04:53:48.682 V/WindowManager( 2701): Nulling last startingData
10-15 04:53:48.682 E/NativeCustomFrequencyManager( 1671): [NativeCFMS] BpCustomFrequencyManager::acquire()
10-15 04:53:48.683 I/SurfaceFlinger( 1671): id=3168 Removed 38b2724 ActivityRecordInputSink com.zebra.soho_app/.MainActivity#3168 (131)
10-15 04:53:48.684 D/SurfaceFlinger( 1671): Display 4630947059332006275 HWC layers:
10-15 04:53:48.684 D/SurfaceFlinger( 1671):  SOLID_COLOR |              | 0000 |  Unknown  |    0.0    0.0    0.0    0.0 |    0    0 1080 2340 | Dim Layer for - Task=77#3184
10-15 04:53:48.684 D/SurfaceFlinger( 1671):      DEVICE | 0xb40000769c624b80 | 0100 | RGBA_8888    |    8.0    0.0 1088.0 1446.0 |    0  758 1080 2204 | com.google.android.permissioncontrol[...]GrantPermissionsActivity$_13779#3180
10-15 04:53:48.684 D/SurfaceFlinger( 1671):      DEVICE | 0xb40000769c624800 | 0100 | RGBA_8888    |    0.0    0.0 1080.0   81.0 |    0    0 1080   81 | StatusBar$_3594#86
10-15 04:53:48.684 D/SurfaceFlinger( 1671):      DEVICE | 0xb40000769e0fcc00 | 0100 | RGBA_8888    |    0.0    0.0   67.0  342.0 | 1013  670 1080 1012 | com.samsung.android.app.cocktailbars[...]ervice.CocktailBarService$_5260#3114
10-15 04:53:48.684 D/SurfaceFlinger( 1671):      DEVICE | 0xb40000769c624080 | 0100 | RGBA_8888    |    0.0    0.0 1080.0  144.0 |    0 2196 1080 2340 | NavigationBar0$_3594#81
10-15 04:53:48.684 D/SurfaceFlinger( 1671): 
10-15 04:53:48.685 I/HYPER-HAL( 1568): [RequestManager.cpp]acquire(): Acquired ID : 3569456  [1671 / 1000]    HINT : SF_GPU_MINLOCK    list : [TIMEOUT / 2000] 
10-15 04:53:48.685 D/TrafficStats(32140): tagSocket(90) with statsTag=0xffffffff, statsUid=-1
10-15 04:53:48.685 I/libprocessgroup( 2701): Successfully killed process cgroup uid 10507 pid 32319 in 6ms
10-15 04:53:48.685 V/WindowManager( 2701): Setting visibility of Window{913cea9 u0 com.google.android.permissioncontroller/com.android.permissioncontroller.permission.ui.GrantPermissionsActivity}: true, caller=com.android.server.wm.WindowContainer.sendAppVisibilityToClients:1246 com.android.server.wm.WindowToken.setClientVisible:431 com.android.server.wm.ActivityRecord.setClientVisible:7691 com.android.server.wm.ActivityRecord.setVisibility:6091 com.android.server.wm.ActivityRecord.setVisibility:5984 
10-15 04:53:48.686 I/ViewRootImpl@edabf3d[GrantPermissionsActivity](13779): handleAppVisibility mAppVisible = false visible = true
10-15 04:53:48.686 I/ViewRootImpl@edabf3d[GrantPermissionsActivity](13779): stopped(false) old = true
10-15 04:53:48.686 I/ViewRootImpl@edabf3d[GrantPermissionsActivity](13779): WindowStopped on com.google.android.permissioncontroller/com.android.permissioncontroller.permission.ui.GrantPermissionsActivity set to false
10-15 04:53:48.686 V/WindowManager( 2701): Setting visibility of Window{6781b74 u0 (1-1)-Window{4754a5c alpha=1.0 fl=}}: true, caller=com.android.server.wm.WindowContainer.sendAppVisibilityToClients:1246 com.android.server.wm.WindowToken.setClientVisible:431 com.android.server.wm.ActivityRecord.setClientVisible:7691 com.android.server.wm.ActivityRecord.setVisibility:6091 com.android.server.wm.ActivityRecord.setVisibility:5984 
10-15 04:53:48.686 V/WindowManager( 2701): Setting visibility of Window{ce243b4 u0 com.sec.android.app.launcher/com.sec.android.app.launcher.activities.LauncherActivity}: true, caller=com.android.server.wm.WindowContainer.sendAppVisibilityToClients:1246 com.android.server.wm.WindowToken.setClientVisible:431 com.android.server.wm.ActivityRecord.setClientVisible:7691 com.android.server.wm.ActivityRecord.setVisibility:6091 com.android.server.wm.ActivityRecord.setVisibility:5984 
10-15 04:53:48.686 I/ViewRootImpl@b049251[0 fl=}](26477): handleAppVisibility mAppVisible = false visible = true
10-15 04:53:48.687 D/WindowManagerServiceExt( 2701): notifyOccludeChangeNotice: cn=ComponentInfo{com.google.android.permissioncontroller/com.android.permissioncontroller.permission.ui.GrantPermissionsActivity} occludesParent=false inMultiWindow=false styleFloating=true caller=com.android.server.wm.WindowManagerServiceExt.updateOccludeTargetIfNeeded:1402 com.android.server.wm.DisplayContent.ensureActivitiesVisible:7532 com.android.server.wm.RootWindowContainer.ensureActivitiesVisible:2248 com.android.server.wm.RootWindowContainer.ensureActivitiesVisible:2229 com.android.server.wm.ActivityTaskManagerService$LocalService.handleAppDied:7482 
10-15 04:53:48.688 W/Launcher( 4080): onEnterAnimationComplete
10-15 04:53:48.688 I/ViewRootImpl@ed93d7a[LauncherActivity]( 4080): stopped(false) old = true
10-15 04:53:48.688 I/ViewRootImpl@ed93d7a[LauncherActivity]( 4080): WindowStopped on com.sec.android.app.launcher/com.sec.android.app.launcher.activities.LauncherActivity set to false
10-15 04:53:48.688 I/Launcher( 4080): !@Boot_DEBUG: Launcher.onStart()
10-15 04:53:48.688 I/Launcher( 4080): !@Boot_EBS_D: Launcher.onStart()
10-15 04:53:48.688 I/BaseActivity( 4080): addActivityFlags, flags : 1
10-15 04:53:48.688 I/WallpaperBlurController( 4080): dispatchTransactionSurface: mCurrentBlur = 0
10-15 04:53:48.689 W/LauncherAppWidgetHost( 4080): setShouldListenFlag, mFlags:2 flag:start on:true isFront:false
10-15 04:53:48.689 W/Launcher( 4080): onStart isListening : false isLoading false
10-15 04:53:48.689 I/ActivityManager( 2701): updateOomAdj start time is before than pendingPid added, don't delete it
10-15 04:53:48.689 I/ActivityManager( 2701): Changes in 10138 5 to 2, 8 to 15
10-15 04:53:48.689 I/AppOps  ( 2701): updateUidProcState uid: 10138 procState: 2 capability:15
10-15 04:53:48.689 I/AppOps  ( 2701): commitUidPendingStateLocked() :: UID - 10138, 500 > 200, 8 > 15
10-15 04:53:48.689 I/ActivityManager( 2701): updateOomAdj start time is before than pendingPid added, don't delete it
10-15 04:53:48.690 I/MSHandlerLifeCycle(13779): removeMultiSplitHandler: no exist. decor=DecorView@f96ecd0[GrantPermissionsActivity]
10-15 04:53:48.691 D/Bubbles ( 3594): onLocusVisibilityChanged: LocusId[17_chars] visible=true
10-15 04:53:48.691 I/MSHandlerLifeCycle( 4080): removeMultiSplitHandler: no exist. decor=DecorView@3a146ba[LauncherActivity]
10-15 04:53:48.692 D/CarrierSvcBindHelper( 3546): onHandleForceStop: [com.zebra.soho_app]
10-15 04:53:48.693 W/BroadcastQueue( 2701): Background execution not allowed: receiving Intent { act=android.intent.action.PACKAGE_RESTARTED dat=package: flg=0x10 (has extras) } to android/com.kddi.android.CpaNotiReceiver
10-15 04:53:48.694 D/CarrierSvcBindHelper( 3546): No carrier app for: 0
10-15 04:53:48.695 I/ActivityManager( 2701): Changes in 10270 19 to 3, 0 to 8
10-15 04:53:48.695 I/AppOps  ( 2701): updateUidProcState uid: 10230 procState: 3 capability:15
10-15 04:53:48.695 I/AppOps  ( 2701): updateUidProcState uid: 10227 procState: 3 capability:15
10-15 04:53:48.695 I/ActivityManager( 2701): updateOomAdj start time is before than pendingPid added, don't delete it
10-15 04:53:48.696 I/ActivityManager( 2701): updateOomAdj start time is before than pendingPid added, don't delete it
10-15 04:53:48.696 I/ActivityManager( 2701): updateOomAdj start time is before than pendingPid added, don't delete it
10-15 04:53:48.696 I/LiveIconUpdateEventHandler( 4080): cancelMinuteChangeAlarm
10-15 04:53:48.697 D/CarrierSvcBindHelper( 3546): No carrier app for: 1
10-15 04:53:48.700 I/LiveIconUpdateEventHandler( 4080): setMinuteChangeAlarm Tue Oct 15 04:54:00 EDT 2024
10-15 04:53:48.700 I/LiveIconViewUpdater( 4080): onUpdateLiveIcon - id : 20, itemType : 0
10-15 04:53:48.700 I/LiveIconViewUpdater( 4080): onUpdateLiveIcon - id : 72, itemType : 0
10-15 04:53:48.700 I/LiveIconUpdateEventHandler( 4080): cancelDateChangeAlarm
10-15 04:53:48.701 I/LiveIconUpdateEventHandler( 4080): setDateChangeAlarm Wed Oct 16 00:00:00 EDT 2024
10-15 04:53:48.702 I/Rubin   (29044): [227] r9.a.c(SourceFile:1) : Notify com.samsung.android.rubin.inferenceengine.contextanalytics.engine.loggers.d's database is updated.
10-15 04:53:48.702 I/LiveIconViewUpdater( 4080): onUpdateLiveIcon - id : 75, itemType : 0
10-15 04:53:48.702 D/RegisteredNfcFServicesCache( 3897): Service unchanged, not updating
10-15 04:53:48.705 I/Zygote  ( 1479): Process 32319 exited due to signal 9 (Killed)
10-15 04:53:48.705 D/InputMethodManagerService( 2701): removeClient
10-15 04:53:48.706 W/WindowManager( 2701): Cannot find window which accessibility connection is added to
10-15 04:53:48.706 V/ActivityManager( 2701): Got obituary of 32319:com.zebra.soho_app
10-15 04:53:48.706 D/ConnectivityService( 2701): releasing NetworkRequest [ REQUEST id=3115, [ Capabilities: INTERNET&NOT_RESTRICTED&TRUSTED&NOT_VCN_MANAGED Uid: 10507 RequestorUid: 10507 RequestorPkg: com.zebra.soho_app UnderlyingNetworks: Null] ] (release request)
10-15 04:53:48.706 D/ConnectivityService( 2701):  Removing from current network [117 WIFI], leaving 102 requests.
10-15 04:53:48.706 W/ActivityManager( 2701): setHasOverlayUi called on unknown pid: 32319
10-15 04:53:48.706 I/SurfaceFlinger( 1671): id=3175 Removed Bounds for - com.zebra.soho_app/com.zebra.soho_app.MainActivity@0#3175 (131)
10-15 04:53:48.706 I/SurfaceFlinger( 1671): id=3176 Removed SurfaceView[com.zebra.soho_app/com.zebra.soho_app.MainActivity]@0#3176 (131)
10-15 04:53:48.706 I/SurfaceFlinger( 1671): id=3177 Removed SurfaceView[com.zebra.soho_app/com.zebra.soho_app.MainActivity]@0(BLAST)#3177 (131)
10-15 04:53:48.706 I/SurfaceFlinger( 1671): id=3178 Removed Background for SurfaceView[com.zebra.soho_app/com.zebra.soho_app.MainActivity]@0#3178 (131)
10-15 04:53:48.721 I/Layer   ( 1671): id=3172 removedFromDrawingState com.zebra.soho_app/com.zebra.soho_app.MainActivity$_32319#3172 (131)
10-15 04:53:48.721 I/Layer   ( 1671): id=3175 removedFromDrawingState Bounds for - com.zebra.soho_app/com.zebra.soho_app.MainActivity@0#3175 (131)
10-15 04:53:48.721 I/Layer   ( 1671): id=3176 removedFromDrawingState SurfaceView[com.zebra.soho_app/com.zebra.soho_app.MainActivity]@0#3176 (131)
10-15 04:53:48.721 I/Layer   ( 1671): id=3178 removedFromDrawingState Background for SurfaceView[com.zebra.soho_app/com.zebra.soho_app.MainActivity]@0#3178 (131)
10-15 04:53:48.721 I/Layer   ( 1671): id=3177 removedFromDrawingState SurfaceView[com.zebra.soho_app/com.zebra.soho_app.MainActivity]@0(BLAST)#3177 (131)
10-15 04:53:48.721 I/Layer   ( 1671): id=3171 removedFromDrawingState 6d8a4e5 com.zebra.soho_app/com.zebra.soho_app.MainActivity#3171 (131)
10-15 04:53:48.721 I/Layer   ( 1671): id=3163 removedFromDrawingState ActivityRecord{204d28d u0 com.zebra.soho_app/.MainActivity} t77}#3163 (131)
10-15 04:53:48.722 I/Layer   ( 1671): id=3168 removedFromDrawingState 38b2724 ActivityRecordInputSink com.zebra.soho_app/.MainActivity#3168 (131)
10-15 04:53:48.722 I/SurfaceFlinger( 1671): id=3163 Removed ActivityRecord{204d28d u0 com.zebra.soho_app/.MainActivity} t77}#3163 (131)
10-15 04:53:48.722 I/SurfaceFlinger( 1671): id=3172 Removed com.zebra.soho_app/com.zebra.soho_app.MainActivity$_32319#3172 (131)
10-15 04:53:48.722 I/SurfaceFlinger( 1671): id=3171 Removed 6d8a4e5 com.zebra.soho_app/com.zebra.soho_app.MainActivity#3171 (131)
10-15 04:53:48.722 I/ViewRootImpl@edabf3d[GrantPermissionsActivity](13779): performTraversals mFirst=false windowShouldResize=false viewVisibilityChanged=true mForceNextWindowRelayout=false params=null
10-15 04:53:48.722 I/Layer   ( 1671): id=3163 Destroyed ActivityRecord{204d28d u0 com.zebra.soho_app/.MainActivity} t77}#3163
10-15 04:53:48.722 I/Layer   ( 1671): id=3171 Destroyed 6d8a4e5 com.zebra.soho_app/com.zebra.soho_app.MainActivity#3171
10-15 04:53:48.722 E/BpTransactionCompletedListener( 1671): Failed to transact (-32)
10-15 04:53:48.722 I/Layer   ( 1671): id=3172 Destroyed com.zebra.soho_app/com.zebra.soho_app.MainActivity$_32319#3172
10-15 04:53:48.722 I/Layer   ( 1671): id=3175 Destroyed Bounds for - com.zebra.soho_app/com.zebra.soho_app.MainActivity@0#3175
10-15 04:53:48.722 I/Layer   ( 1671): id=3176 Destroyed SurfaceView[com.zebra.soho_app/com.zebra.soho_app.MainActivity]@0#3176
10-15 04:53:48.722 I/Layer   ( 1671): id=3178 Destroyed Background for SurfaceView[com.zebra.soho_app/com.zebra.soho_app.MainActivity]@0#3178
10-15 04:53:48.722 E/BpTransactionCompletedListener( 1671): Failed to transact (-32)
10-15 04:53:48.723 I/Layer   ( 1671): id=3177 Destroyed SurfaceView[com.zebra.soho_app/com.zebra.soho_app.MainActivity]@0(BLAST)#3177
10-15 04:53:48.723 I/ViewRootImpl@ed93d7a[LauncherActivity]( 4080): performTraversals mFirst=false windowShouldResize=false viewVisibilityChanged=true mForceNextWindowRelayout=false params=null
10-15 04:53:48.723 I/Layer   ( 1671): id=3168 Destroyed 38b2724 ActivityRecordInputSink com.zebra.soho_app/.MainActivity#3168
10-15 04:53:48.723 I/VSyncReactor( 1671): Current= 24, TransitioningTo= 24, hwcPeriod= 24, Distance= 0
10-15 04:53:48.726 I/ViewRootImpl@b049251[0 fl=}](26477): performTraversals mFirst=false windowShouldResize=false viewVisibilityChanged=true mForceNextWindowRelayout=false params=null
10-15 04:53:48.725 V/WindowManager( 2701): Relayout Window{913cea9 u0 com.google.android.permissioncontroller/com.android.permissioncontroller.permission.ui.GrantPermissionsActivity}: viewVisibility=0 req=1080x1430 d0
10-15 04:53:48.727 D/RestrictionPolicy( 2701): isScreenCaptureEnabled : ret=true userId=0
10-15 04:53:48.728 I/SurfaceFlinger( 1671): id=3191 createSurf, flag=40004, com.google.android.permissioncontroller/com.android.permissioncontroller.permission.ui.GrantPermissionsActivity$_13779#3191
10-15 04:53:48.730 D/WindowManager( 2701): makeSurface duration=2 name=com.google.android.permissioncontroller/com.android.permissioncontroller.permission.ui.GrantPermissionsActivity$_13779
10-15 04:53:48.732 V/WindowManager( 2701): rotationForOrientation(orient=SCREEN_ORIENTATION_NOSENSOR (5), last=ROTATION_0 (0)); user=ROTATION_0 (0) 
10-15 04:53:48.732 D/WindowManager( 2701): rotationForOrientation, orientationSource=ActivityRecord{6c94d26 u0 com.sec.android.app.launcher/.activities.LauncherActivity} t7}
10-15 04:53:48.732 V/WindowManager( 2701): Computed rotation=ROTATION_0 (0) for display id=0 based on lastOrientation=SCREEN_ORIENTATION_NOSENSOR (5) and oldRotation=ROTATION_0 (0), caller=com.android.server.wm.DisplayRotation.updateOrientation:414 com.android.server.wm.DisplayContent.updateOrientation:1990 com.android.server.wm.DisplayContent.updateOrientation:1872 com.android.server.wm.WindowManagerService.relayoutWindow:2844 com.android.server.wm.Session.relayout:274 android.view.IWindowSession$Stub.onTransact:779 
10-15 04:53:48.732 V/WindowManager( 2701): Relayout Window{ce243b4 u0 com.sec.android.app.launcher/com.sec.android.app.launcher.activities.LauncherActivity}: viewVisibility=8 req=1080x2340 d0
10-15 04:53:48.733 V/WindowManager( 2701): Relayout hash=913cea9, pid=13779, syncId=-1: mAttrs={(0,0)(wrapxwrap) gr=BOTTOM CENTER sim={state=always_hidden adjust=nothing} ty=BASE_APPLICATION fmt=TRANSPARENT wanim=0x10302f7 surfaceInsets=Rect(8, 8 - 8, 8)
10-15 04:53:48.733 V/WindowManager( 2701):   fl=1800002
10-15 04:53:48.733 V/WindowManager( 2701):   pfl=42080000
10-15 04:53:48.733 V/WindowManager( 2701):   apr=LIGHT_NAVIGATION_BARS
10-15 04:53:48.733 V/WindowManager( 2701):   bhv=DEFAULT
10-15 04:53:48.733 V/WindowManager( 2701):   fitTypes=STATUS_BARS NAVIGATION_BARS CAPTION_BAR
10-15 04:53:48.733 V/WindowManager( 2701):  dimAmount=0.18 naviIconColor=0
10-15 04:53:48.733 V/WindowManager( 2701):   sfl=100000}
10-15 04:53:48.734 I/ViewRootImpl@edabf3d[GrantPermissionsActivity](13779): updateBlastSurfaceIfNeeded mBlastBufferQueue=null isSameSurfaceControl=false
10-15 04:53:48.734 V/WindowManager( 2701): Relayout Window{6781b74 u0 (1-1)-Window{4754a5c alpha=1.0 fl=}}: viewVisibility=0 req=1080x2340 d0
10-15 04:53:48.734 V/WindowManager( 2701): Relayout hash=ce243b4, pid=4080, syncId=-1: mAttrs={(0,0)(fillxfill) sim={adjust=nothing} layoutInDisplayCutoutMode=shortEdges ty=BASE_APPLICATION fmt=TRANSPARENT wanim=0x10302f4
10-15 04:53:48.734 V/WindowManager( 2701):   fl=81910100
10-15 04:53:48.734 V/WindowManager( 2701):   pfl=1e020040
10-15 04:53:48.734 V/WindowManager( 2701):   vsysui=1700
10-15 04:53:48.734 V/WindowManager( 2701):   bhv=SHOW_TRANSIENT_BARS_BY_SWIPE
10-15 04:53:48.734 V/WindowManager( 2701):   fitSides= naviIconColor=0}
10-15 04:53:48.734 D/RestrictionPolicy( 2701): isScreenCaptureEnabled : ret=true userId=0
10-15 04:53:48.734 I/BLASTBufferQueue(13779): new BLASTBufferQueue, mName= ViewRootImpl@edabf3d[GrantPermissionsActivity] mNativeObject= 0xb400007149fc4380 sc.mNativeObject= 0xb4000070a4ac26e0 caller= android.view.ViewRootImpl.updateBlastSurfaceIfNeeded:2909 android.view.ViewRootImpl.relayoutWindow:9847 android.view.ViewRootImpl.performTraversals:3884 android.view.ViewRootImpl.doTraversal:3116 android.view.ViewRootImpl$TraversalRunnable.run:10885 android.view.Choreographer$CallbackRecord.run:1301 android.view.Choreographer$CallbackRecord.run:1309 android.view.Choreographer.doCallbacks:923 android.view.Choreographer.doFrame:852 android.view.Choreographer$FrameDisplayEventReceiver.run:1283 
10-15 04:53:48.734 I/SurfaceFlinger( 1671): id=3192 createSurf, flag=40004, (1-1)-Window{4754a5c alpha=1.0 fl=}$_26477#3192
10-15 04:53:48.735 I/BLASTBufferQueue(13779): update, w= 1096 h= 1446 mName = ViewRootImpl@edabf3d[GrantPermissionsActivity] mNativeObject= 0xb400007149fc4380 sc.mNativeObject= 0xb4000070a4ac26e0 format= -2 caller= android.graphics.BLASTBufferQueue.<init>:84 android.view.ViewRootImpl.updateBlastSurfaceIfNeeded:2909 android.view.ViewRootImpl.relayoutWindow:9847 android.view.ViewRootImpl.performTraversals:3884 android.view.ViewRootImpl.doTraversal:3116 android.view.ViewRootImpl$TraversalRunnable.run:10885 
10-15 04:53:48.735 I/ViewRootImpl@edabf3d[GrantPermissionsActivity](13779): Relayout returned: old=(0,766,1080,2196) new=(0,766,1080,2196) req=(1080,1430)0 dur=12 res=0x3 s={true 0xb4000070a4a30800} ch=true seqId=0
10-15 04:53:48.735 I/ViewRootImpl@ed93d7a[LauncherActivity]( 4080): Relayout returned: old=(0,0,1080,2340) new=(0,0,1080,2340) req=(1080,2340)8 dur=12 res=0x0 s={false 0x0} ch=false seqId=0
10-15 04:53:48.735 I/ViewRootImpl@ed93d7a[LauncherActivity]( 4080): handleAppVisibility mAppVisible = false visible = true
10-15 04:53:48.735 I/ViewRootImpl@edabf3d[GrantPermissionsActivity](13779): mThreadedRenderer.initialize() mSurface={isValid=true 0xb4000070a4a30800} hwInitialized=true
10-15 04:53:48.735 D/OpenGLRenderer(13779): eglCreateWindowSurface
10-15 04:53:48.736 I/ViewRootImpl@edabf3d[GrantPermissionsActivity](13779): reportNextDraw android.view.ViewRootImpl.performTraversals:4438 android.view.ViewRootImpl.doTraversal:3116 android.view.ViewRootImpl$TraversalRunnable.run:10885 android.view.Choreographer$CallbackRecord.run:1301 android.view.Choreographer$CallbackRecord.run:1309 
10-15 04:53:48.736 D/WindowManager( 2701): makeSurface duration=2 name=(1-1)-Window{4754a5c alpha=1.0 fl=}$_26477
10-15 04:53:48.736 I/ViewRootImpl@edabf3d[GrantPermissionsActivity](13779): Setup new sync id=3
10-15 04:53:48.736 I/ViewRootImpl@edabf3d[GrantPermissionsActivity](13779): Setting syncFrameCallback
10-15 04:53:48.736 I/ViewRootImpl@edabf3d[GrantPermissionsActivity](13779): registerCallbacksForSync syncBuffer=false
10-15 04:53:48.737 D/PowerManagerService( 2701): [api] setScreenDimDurationOverrideFromWindowManagerInternal: timeoutMillis: 200000
10-15 04:53:48.738 V/WindowManager( 2701): Relayout hash=6781b74, pid=26477, syncId=-1: mAttrs={(0,0)(fillxfill) gr=LEFT CENTER_HORIZONTAL sim={adjust=resize} layoutInDisplayCutoutMode=always ty=DRAWN_APPLICATION fmt=TRANSPARENT wanim=0x10302f4 alpha=0.0
10-15 04:53:48.738 V/WindowManager( 2701):   fl=81850118
10-15 04:53:48.738 V/WindowManager( 2701):   pfl=16020040
10-15 04:53:48.738 V/WindowManager( 2701):   vsysui=2010
10-15 04:53:48.738 V/WindowManager( 2701):   bhv=DEFAULT
10-15 04:53:48.738 V/WindowManager( 2701):   fitSides=
10-15 04:53:48.738 V/WindowManager( 2701):  dimAmount=0.0 screenDimDuration=200000 naviIconColor=0}
10-15 04:53:48.738 I/ViewRootImpl@edabf3d[GrantPermissionsActivity](13779): Received frameDrawingCallback syncResult=0 frameNum=1.
10-15 04:53:48.738 I/ViewRootImpl@edabf3d[GrantPermissionsActivity](13779): Setting up sync and frameCommitCallback
10-15 04:53:48.738 I/LauncherActivityInfo( 4080): Trying to load live icon for com.sec.android.app.clockpackage
10-15 04:53:48.739 D/InsetsController(26477): onStateChanged: InsetsState: {mDisplayFrame=Rect(0, 0 - 1080, 2340), mDisplayCutout=DisplayCutout{insets=Rect(0, 81 - 0, 0) waterfall=Insets{left=0, top=0, right=0, bottom=0} boundingRect={Bounds=[Rect(0, 0 - 0, 0), Rect(512, 0 - 568, 81), Rect(0, 0 - 0, 0), Rect(0, 0 - 0, 0)]} cutoutPathParserInfo={CutoutPathParserInfo{displayWidth=1080 displayHeight=2340 physicalDisplayWidth=1080 physicalDisplayHeight=2340 density={3.0} cutoutSpec={M 0,0 H -9.333333333333333‬ V 27 H 9.333333333333333‬ V 0 H 0 Z @dp} rotation={0} scale={1.0} physicalPixelDisplaySizeRatio={1.0}}}}, mRoundedCorners=RoundedCorners{[RoundedCorner{position=TopLeft, radius=102, center=Point(102, 102)}, RoundedCorner{position=TopRight, radius=102, center=Point(978, 102)}, RoundedCorner{position=BottomRight, radius=102, center=Point(978, 2238)}, RoundedCorner{position=BottomLeft, radius=102, center=Point(102, 2238)}]}  mRoundedCornerFrame=Rect(0, 0 - 1080, 2340), mPrivacyIndicatorBounds=PrivacyIndicatorBounds {static bounds=Rect(948, 0 - 1080, 81) rotation=0}, mSources= { InsetsSource: {mType=ITYPE_STATUS_BAR, mFrame=[0,0][1080,81], mVisible=true, mInsetsRoundedCornerFrame=false}, InsetsSource: {mType=ITYPE_NAVIGATION_BAR, mFrame=[0,2196][1080,2340], mVisible=true, mInsetsRoundedCornerFrame=false}, InsetsSource: {mType=ITYPE_LEFT_GESTURES, mFrame=[0,0][0,2340], mVisible=true, mInsetsRoundedCornerFrame=false}, InsetsSource: {mType=ITYPE_RIGHT_GESTURES, mFrame=[1080,0][1080,2340], mVisible=true, mInsetsRoundedCornerFrame=false}, InsetsSource: {mType=ITYPE_TOP_MANDATORY_GESTURES, mFrame=[0,0][1080,117], mVisible=true, mInsetsRoundedCornerFrame=false}, InsetsSource: {mType=ITYPE_BOTTOM_MANDATORY_GESTURES, mFrame=[0,2196][1080,2340], mVisible=true, mInsetsRoundedCornerFrame=false}, InsetsSource: {mType=ITYPE_LEFT_DISPLAY_CUTOUT, mFrame=[0,0][-100000,2340], mVisible=true, mInsetsRoundedCornerFrame=false}, InsetsSource: {mType=ITYPE_TOP_DISPLAY_CUTOUT, mFrame=[0,0][1080,81], mVisible=true, mInsetsRoundedCornerFrame=false}, InsetsSource: {mType=ITYPE_RIGHT_DISPLAY_CUTOUT, mFrame=[100000,0][1080,2340], mVisible=true, mInsetsRoundedCornerFrame=false}, InsetsSource: {mType=ITYPE_BOTTOM_DISPLAY_CUTOUT, mFrame=[0,100000][1080,2340], mVisible=true, mInsetsRoundedCornerFrame=false}, InsetsSource: {mType=ITYPE_TOP_TAPPABLE_ELEMENT, mFrame=[0,0][1080,81], mVisible=true, mInsetsRoundedCornerFrame=false}, InsetsSource: {mType=ITYPE_BOTTOM_TAPPABLE_ELEMENT, mFrame=[0,2196][1080,2340], mVisible=true, mInsetsRoundedCornerFrame=false}, InsetsSource: {mType=ITYPE_IME, mFrame=[0,0][0,0], mVisible=false, mInsetsRoundedCornerFrame=false} } host=(1-1)-Window{4754a5c alpha=1.0 fl=} from=android.view.ViewRootImpl.relayoutWindow:9802
10-15 04:53:48.739 I/ViewRootImpl@b049251[0 fl=}](26477): updateBlastSurfaceIfNeeded mBlastBufferQueue=null isSameSurfaceControl=false
10-15 04:53:48.740 I/BLASTBufferQueue(26477): new BLASTBufferQueue, mName= ViewRootImpl@b049251[0 fl=}] mNativeObject= 0xb400007149fcac80 sc.mNativeObject= 0xb40000710eb723e0 caller= android.view.ViewRootImpl.updateBlastSurfaceIfNeeded:2909 android.view.ViewRootImpl.relayoutWindow:9847 android.view.ViewRootImpl.performTraversals:3884 android.view.ViewRootImpl.doTraversal:3116 android.view.ViewRootImpl$TraversalRunnable.run:10885 android.view.Choreographer$CallbackRecord.run:1301 android.view.Choreographer$CallbackRecord.run:1309 android.view.Choreographer.doCallbacks:923 android.view.Choreographer.doFrame:852 android.view.Choreographer$FrameDisplayEventReceiver.run:1283 
10-15 04:53:48.740 I/BLASTBufferQueue(26477): update, w= 1080 h= 2340 mName = ViewRootImpl@b049251[0 fl=}] mNativeObject= 0xb400007149fcac80 sc.mNativeObject= 0xb40000710eb723e0 format= -2 caller= android.graphics.BLASTBufferQueue.<init>:84 android.view.ViewRootImpl.updateBlastSurfaceIfNeeded:2909 android.view.ViewRootImpl.relayoutWindow:9847 android.view.ViewRootImpl.performTraversals:3884 android.view.ViewRootImpl.doTraversal:3116 android.view.ViewRootImpl$TraversalRunnable.run:10885 
10-15 04:53:48.740 I/ViewRootImpl@b049251[0 fl=}](26477): Relayout returned: old=(0,0,1080,2340) new=(0,0,1080,2340) req=(1080,2340)0 dur=12 res=0x3 s={true 0xb400006ff06a8000} ch=true seqId=0
10-15 04:53:48.741 I/A       (26477): (REDACTED) onApplyWindowInsets: systemWindowInsets=%s
10-15 04:53:48.741 I/A       (26477): (REDACTED) onApplyWindowInsets: systemWindowInsets=%s
10-15 04:53:48.741 I/ViewRootImpl@b049251[0 fl=}](26477): mThreadedRenderer.initialize() mSurface={isValid=true 0xb400006ff06a8000} hwInitialized=true
10-15 04:53:48.741 D/OpenGLRenderer(26477): eglCreateWindowSurface
10-15 04:53:48.743 I/ViewRootImpl@b049251[0 fl=}](26477): reportNextDraw android.view.ViewRootImpl.performTraversals:4438 android.view.ViewRootImpl.doTraversal:3116 android.view.ViewRootImpl$TraversalRunnable.run:10885 android.view.Choreographer$CallbackRecord.run:1301 android.view.Choreographer$CallbackRecord.run:1309 
10-15 04:53:48.743 I/ViewRootImpl@b049251[0 fl=}](26477): Setup new sync id=4
10-15 04:53:48.743 I/ViewRootImpl@b049251[0 fl=}](26477): Setting syncFrameCallback
10-15 04:53:48.743 I/ViewRootImpl@b049251[0 fl=}](26477): registerCallbacksForSync syncBuffer=false
10-15 04:53:48.744 I/BLASTBufferQueue(13779): [ViewRootImpl@edabf3d[GrantPermissionsActivity]#6](f:0,a:0) onFrameAvailable the first frame is available
10-15 04:53:48.744 I/ViewRootImpl@edabf3d[GrantPermissionsActivity](13779): Received frameCommittedCallback lastAttemptedDrawFrameNum=1 didProduceBuffer=true
10-15 04:53:48.745 I/ViewRootImpl@edabf3d[GrantPermissionsActivity](13779): onSyncComplete
10-15 04:53:48.745 I/ViewRootImpl@edabf3d[GrantPermissionsActivity](13779): setupSync seqId=0 mSyncId=3 fn=1 caller=android.view.ViewRootImpl$$ExternalSyntheticLambda11.accept:6 android.window.SurfaceSyncer.lambda$setupSync$1$android-window-SurfaceSyncer:128 android.window.SurfaceSyncer$$ExternalSyntheticLambda1.accept:8 android.window.SurfaceSyncer$SyncSet.checkIfSyncIsComplete:382 android.window.SurfaceSyncer$SyncSet.markSyncReady:359 android.window.SurfaceSyncer.markSyncReady:151 android.view.ViewRootImpl.performTraversals:4503 
10-15 04:53:48.745 I/ViewRootImpl@edabf3d[GrantPermissionsActivity](13779): reportDrawFinished seqId=0 mSyncId=-1 fn=1 mSurfaceChangedTransaction=0xb4000071058a4d00
10-15 04:53:48.745 I/ViewRootImpl@b049251[0 fl=}](26477): Received frameDrawingCallback syncResult=0 frameNum=1.
10-15 04:53:48.745 I/ViewRootImpl@b049251[0 fl=}](26477): Setting up sync and frameCommitCallback
10-15 04:53:48.746 D/WindowManager( 2701): finishDrawingWindow: Window{913cea9 u0 com.google.android.permissioncontroller/com.android.permissioncontroller.permission.ui.GrantPermissionsActivity} mDrawState=DRAW_PENDING seqId=0
10-15 04:53:48.747 I/BLASTBufferQueue(26477): [ViewRootImpl@b049251[0 fl=}]#4](f:0,a:0) onFrameAvailable the first frame is available
10-15 04:53:48.747 I/ViewRootImpl@b049251[0 fl=}](26477): Received frameCommittedCallback lastAttemptedDrawFrameNum=1 didProduceBuffer=true
10-15 04:53:48.748 I/ViewRootImpl@b049251[0 fl=}](26477): onSyncComplete
10-15 04:53:48.748 I/ViewRootImpl@b049251[0 fl=}](26477): setupSync seqId=0 mSyncId=4 fn=1 caller=android.view.ViewRootImpl$$ExternalSyntheticLambda11.accept:6 android.window.SurfaceSyncer.lambda$setupSync$1$android-window-SurfaceSyncer:128 android.window.SurfaceSyncer$$ExternalSyntheticLambda1.accept:8 android.window.SurfaceSyncer$SyncSet.checkIfSyncIsComplete:382 android.window.SurfaceSyncer$SyncSet.markSyncReady:359 android.window.SurfaceSyncer.markSyncReady:151 android.view.ViewRootImpl.performTraversals:4503 
10-15 04:53:48.748 I/ViewRootImpl@b049251[0 fl=}](26477): reportDrawFinished seqId=0 mSyncId=-1 fn=1 mSurfaceChangedTransaction=0xb40000710edaba00
10-15 04:53:48.748 I/A       (26477): onStart
10-15 04:53:48.749 D/ActivityTaskManager( 2701): mStartingWindow and mStartingData is null for token=ActivityRecord{23bddb8 u0 com.google.android.permissioncontroller/com.android.permissioncontroller.permission.ui.GrantPermissionsActivity} t77}
10-15 04:53:48.749 V/WindowManager( 2701): performShowLocked: mDrawState=HAS_DRAWN in Window{913cea9 u0 com.google.android.permissioncontroller/com.android.permissioncontroller.permission.ui.GrantPermissionsActivity}
10-15 04:53:48.750 D/WindowManager( 2701): finishDrawingWindow: Window{6781b74 u0 (1-1)-Window{4754a5c alpha=1.0 fl=}} mDrawState=DRAW_PENDING seqId=0
10-15 04:53:48.758 D/TrafficStats(32140): tagSocket(91) with statsTag=0xffffffff, statsUid=-1
10-15 04:53:48.759 I/LiveIconUtil( 4080): getLiveIcon was called in ClockPackage
10-15 04:53:48.759 I/LiveIconUtil( 4080): getLiveIcon res = com.sec.android.app.clockpackage
10-15 04:53:48.760 I/LiveIconUtil( 4080): stdIconSize : 144 , targetIconSize : 174
10-15 04:53:48.760 I/LiveIconUtil( 4080): mIconDpi : 640 , mTargetIconDpi : 480
10-15 04:53:48.762 I/GmsCoreXrpcWrapper(25557): (REDACTED) Returning a channel provider with trafficStatsTag=%d trafficStatsUid=%d
10-15 04:53:48.765 I/VSyncReactor( 1671): Current= 24, TransitioningTo= 120, hwcPeriod= 24, Distance= 0
10-15 04:53:48.784 E/gkqn    (25557): *~*~*~ Previous channel {0} was garbage collected without being shut down! ~*~*~*
10-15 04:53:48.784 E/gkqn    (25557):     Make sure to call shutdown()/shutdownNow()
10-15 04:53:48.784 E/gkqn    (25557): java.lang.RuntimeException: ManagedChannel allocation site
10-15 04:53:48.784 E/gkqn    (25557): 	at gkqm.<init>(:com.google.android.gms@244035030@24.40.35 (190408-683445800):21)
10-15 04:53:48.784 E/gkqn    (25557): 	at gkqn.<init>(:com.google.android.gms@244035030@24.40.35 (190408-683445800):10)
10-15 04:53:48.784 E/gkqn    (25557): 	at gkql.a(:com.google.android.gms@244035030@24.40.35 (190408-683445800):249)
10-15 04:53:48.784 E/gkqn    (25557): 	at gkbq.a(:com.google.android.gms@244035030@24.40.35 (190408-683445800):5)
10-15 04:53:48.784 E/gkqn    (25557): 	at bsmb.a(:com.google.android.gms@244035030@24.40.35 (190408-683445800):153)
10-15 04:53:48.784 E/gkqn    (25557): 	at fdvc.a(:com.google.android.gms@244035030@24.40.35 (190408-683445800):25)
10-15 04:53:48.784 E/gkqn    (25557): 	at ethx.a(:com.google.android.gms@244035030@24.40.35 (190408-683445800):13)
10-15 04:53:48.784 E/gkqn    (25557): 	at fayd.a(:com.google.android.gms@244035030@24.40.35 (190408-683445800):3)
10-15 04:53:48.784 E/gkqn    (25557): 	at faxe.run(:com.google.android.gms@244035030@24.40.35 (190408-683445800):19)
10-15 04:53:48.784 E/gkqn    (25557): 	at fayf.run(:com.google.android.gms@244035030@24.40.35 (190408-683445800):5)
10-15 04:53:48.784 E/gkqn    (25557): 	at anmi.c(:com.google.android.gms@244035030@24.40.35 (190408-683445800):50)
10-15 04:53:48.784 E/gkqn    (25557): 	at anmi.run(:com.google.android.gms@244035030@24.40.35 (190408-683445800):76)
10-15 04:53:48.784 E/gkqn    (25557): 	at java.util.concurrent.ThreadPoolExecutor.runWorker(ThreadPoolExecutor.java:1145)
10-15 04:53:48.784 E/gkqn    (25557): 	at java.util.concurrent.ThreadPoolExecutor$Worker.run(ThreadPoolExecutor.java:644)
10-15 04:53:48.784 E/gkqn    (25557): 	at anrt.run(:com.google.android.gms@244035030@24.40.35 (190408-683445800):8)
10-15 04:53:48.784 E/gkqn    (25557): 	at java.lang.Thread.run(Thread.java:1012)
10-15 04:53:48.785 E/gkqn    (25557): *~*~*~ Previous channel {0} was garbage collected without being shut down! ~*~*~*
10-15 04:53:48.785 E/gkqn    (25557):     Make sure to call shutdown()/shutdownNow()
10-15 04:53:48.785 E/gkqn    (25557): java.lang.RuntimeException: ManagedChannel allocation site
10-15 04:53:48.785 E/gkqn    (25557): 	at gkqm.<init>(:com.google.android.gms@244035030@24.40.35 (190408-683445800):21)
10-15 04:53:48.785 E/gkqn    (25557): 	at gkqn.<init>(:com.google.android.gms@244035030@24.40.35 (190408-683445800):10)
10-15 04:53:48.785 E/gkqn    (25557): 	at gkql.a(:com.google.android.gms@244035030@24.40.35 (190408-683445800):249)
