10-04 03:21:44.577 W/AppSearchIcing( 1649): icing-search-engine.cc:321: Error: 5, Message: Failed to delete Document. namespace: VS#Pkg$VS#AndroidVDb/androidVOverlay, uri: com.android.chrome$Jam_com.android.chrome/Tab;Failed to find DocumentId by key: VS#Pkg$VS#AndroidVDb/androidVOverlay, com.android.chrome$Jam_com.android.chrome/Tab;Key not found VS#Pkg$VS#AndroidVDb/androidVOverlay in DynamicTrieKeyMapper /data/system_ce/0/appsearch/icing/document_dir/namespace_mapper/key_mapper_dir/key_mapper.
10-04 03:21:44.578 I/FirebaseCrashlytics(32272): Initializing Firebase Crashlytics 18.6.2 for com.zebra.soho_app
10-04 03:21:44.579 D/CompatibilityChangeReporter(32272): Compat change id reported: 247079863; UID 10372; state: ENABLED
10-04 03:21:44.583 D/SessionsDependencies(32272): Subscriber CRASHLYTICS registered.
10-04 03:21:44.592 I/FirebaseInitProvider(32272): FirebaseApp initialization successful
10-04 03:21:44.592 D/LifecycleServiceBinder(32272): Binding service to application.
10-04 03:21:44.593 D/CompatibilityChangeReporter(32272): Compat change id reported: 279646685; UID 10372; state: DISABLED
10-04 03:21:44.593 W/AppSearchIcing( 1649): icing-search-engine.cc:321: Error: 5, Message: Failed to delete Document. namespace: VS#Pkg$VS#AndroidVDb/androidVOverlay, uri: com.android.chrome$Jam_com.android.chrome/ImageObject;Failed to find DocumentId by key: VS#Pkg$VS#AndroidVDb/androidVOverlay, com.android.chrome$Jam_com.android.chrome/ImageObject;Key not found VS#Pkg$VS#AndroidVDb/androidVOverlay in DynamicTrieKeyMapper /data/system_ce/0/appsearch/icing/document_dir/namespace_mapper/key_mapper_dir/key_mapper.
10-04 03:21:44.594 W/AppSearchIcing( 1649): icing-search-engine.cc:321: Error: 5, Message: Failed to delete Document. namespace: VS#Pkg$VS#AndroidVDb/androidVOverlay, uri: com.android.chrome$Jam_com.android.chrome/builtin:AttributionInfo;Failed to find DocumentId by key: VS#Pkg$VS#AndroidVDb/androidVOverlay, com.android.chrome$Jam_com.android.chrome/builtin:AttributionInfo;Key not found VS#Pkg$VS#AndroidVDb/androidVOverlay in DynamicTrieKeyMapper /data/system_ce/0/appsearch/icing/document_dir/namespace_mapper/key_mapper_dir/key_mapper.
10-04 03:21:44.594 W/AppSearchIcing( 1649): icing-search-engine.cc:321: Error: 5, Message: Failed to delete Document. namespace: VS#Pkg$VS#AndroidVDb/androidVOverlay, uri: com.android.chrome$Jam_com.android.chrome/WebPage;Failed to find DocumentId by key: VS#Pkg$VS#AndroidVDb/androidVOverlay, com.android.chrome$Jam_com.android.chrome/WebPage;Key not found VS#Pkg$VS#AndroidVDb/androidVOverlay in DynamicTrieKeyMapper /data/system_ce/0/appsearch/icing/document_dir/namespace_mapper/key_mapper_dir/key_mapper.
10-04 03:21:44.594 D/WM-WrkMgrInitializer(32272): Initializing WorkManager with default configuration.
10-04 03:21:44.594 W/AppSearchIcing( 1649): icing-search-engine.cc:321: Error: 5, Message: Failed to delete Document. namespace: VS#Pkg$VS#AndroidVDb/androidVOverlay, uri: com.android.chrome$Jam_com.android.chrome/Tab;Failed to find DocumentId by key: VS#Pkg$VS#AndroidVDb/androidVOverlay, com.android.chrome$Jam_com.android.chrome/Tab;Key not found VS#Pkg$VS#AndroidVDb/androidVOverlay in DynamicTrieKeyMapper /data/system_ce/0/appsearch/icing/document_dir/namespace_mapper/key_mapper_dir/key_mapper.
10-04 03:21:44.595 I/FirebaseCrashlytics(32272): No version control information found
10-04 03:21:44.603 D/CompatibilityChangeReporter(32272): Compat change id reported: 160794467; UID 10372; state: ENABLED
10-04 03:21:44.610 D/vulkan  (32272): searching for layers in '/data/app/~~nsYIzdO4rSAi3BoGoc4BrA==/com.zebra.soho_app-Sfx50i7VLHwQzT6qnk8NGw==/lib/arm64'
10-04 03:21:44.611 D/vulkan  (32272): searching for layers in '/data/app/~~nsYIzdO4rSAi3BoGoc4BrA==/com.zebra.soho_app-Sfx50i7VLHwQzT6qnk8NGw==/base.apk!/lib/arm64-v8a'
10-04 03:21:44.616 E/.zebra.soho_app(32272): No package ID 77 found for resource ID 0x770b000f.
10-04 03:21:44.616 E/.zebra.soho_app(32272): No package ID 77 found for resource ID 0x770b000f.
10-04 03:21:44.617 I/FA      (32272): App measurement initialized, version: 104007
10-04 03:21:44.617 I/FA      (32272): To enable debug logging run: adb shell setprop log.tag.FA VERBOSE
10-04 03:21:44.617 I/FA      (32272): To enable faster debug mode event logging run:
10-04 03:21:44.617 I/FA      (32272):   adb shell setprop debug.firebase.analytics.app com.zebra.soho_app
10-04 03:21:44.618 W/AppSearchIcing( 1649): icing-search-engine.cc:321: Error: 5, Message: Failed to delete Document. namespace: VS#Pkg$VS#AndroidVDb/androidVOverlay, uri: com.android.chrome$Jam_com.android.chrome/ImageObject;Failed to find DocumentId by key: VS#Pkg$VS#AndroidVDb/androidVOverlay, com.android.chrome$Jam_com.android.chrome/ImageObject;Key not found VS#Pkg$VS#AndroidVDb/androidVOverlay in DynamicTrieKeyMapper /data/system_ce/0/appsearch/icing/document_dir/namespace_mapper/key_mapper_dir/key_mapper.
10-04 03:21:44.618 W/AppSearchIcing( 1649): icing-search-engine.cc:321: Error: 5, Message: Failed to delete Document. namespace: VS#Pkg$VS#AndroidVDb/androidVOverlay, uri: com.android.chrome$Jam_com.android.chrome/builtin:AttributionInfo;Failed to find DocumentId by key: VS#Pkg$VS#AndroidVDb/androidVOverlay, com.android.chrome$Jam_com.android.chrome/builtin:AttributionInfo;Key not found VS#Pkg$VS#AndroidVDb/androidVOverlay in DynamicTrieKeyMapper /data/system_ce/0/appsearch/icing/document_dir/namespace_mapper/key_mapper_dir/key_mapper.
10-04 03:21:44.618 W/AppSearchIcing( 1649): icing-search-engine.cc:321: Error: 5, Message: Failed to delete Document. namespace: VS#Pkg$VS#AndroidVDb/androidVOverlay, uri: com.android.chrome$Jam_com.android.chrome/WebPage;Failed to find DocumentId by key: VS#Pkg$VS#AndroidVDb/androidVOverlay, com.android.chrome$Jam_com.android.chrome/WebPage;Key not found VS#Pkg$VS#AndroidVDb/androidVOverlay in DynamicTrieKeyMapper /data/system_ce/0/appsearch/icing/document_dir/namespace_mapper/key_mapper_dir/key_mapper.
10-04 03:21:44.618 W/AppSearchIcing( 1649): icing-search-engine.cc:321: Error: 5, Message: Failed to delete Document. namespace: VS#Pkg$VS#AndroidVDb/androidVOverlay, uri: com.android.chrome$Jam_com.android.chrome/Tab;Failed to find DocumentId by key: VS#Pkg$VS#AndroidVDb/androidVOverlay, com.android.chrome$Jam_com.android.chrome/Tab;Key not found VS#Pkg$VS#AndroidVDb/androidVOverlay in DynamicTrieKeyMapper /data/system_ce/0/appsearch/icing/document_dir/namespace_mapper/key_mapper_dir/key_mapper.
10-04 03:21:44.621 D/nativeloader(32272): Load /data/app/~~nsYIzdO4rSAi3BoGoc4BrA==/com.zebra.soho_app-Sfx50i7VLHwQzT6qnk8NGw==/base.apk!/lib/arm64-v8a/libflutter.so using ns clns-4 from class loader (caller=/data/app/~~nsYIzdO4rSAi3BoGoc4BrA==/com.zebra.soho_app-Sfx50i7VLHwQzT6qnk8NGw==/base.apk!classes2.dex): ok
10-04 03:21:44.623 W/AppSearchIcing( 1649): icing-search-engine.cc:321: Error: 5, Message: Failed to delete Document. namespace: VS#Pkg$VS#AndroidVDb/androidVOverlay, uri: com.android.chrome$Jam_com.android.chrome/ImageObject;Failed to find DocumentId by key: VS#Pkg$VS#AndroidVDb/androidVOverlay, com.android.chrome$Jam_com.android.chrome/ImageObject;Key not found VS#Pkg$VS#AndroidVDb/androidVOverlay in DynamicTrieKeyMapper /data/system_ce/0/appsearch/icing/document_dir/namespace_mapper/key_mapper_dir/key_mapper.
10-04 03:21:44.623 W/AppSearchIcing( 1649): icing-search-engine.cc:321: Error: 5, Message: Failed to delete Document. namespace: VS#Pkg$VS#AndroidVDb/androidVOverlay, uri: com.android.chrome$Jam_com.android.chrome/builtin:AttributionInfo;Failed to find DocumentId by key: VS#Pkg$VS#AndroidVDb/androidVOverlay, com.android.chrome$Jam_com.android.chrome/builtin:AttributionInfo;Key not found VS#Pkg$VS#AndroidVDb/androidVOverlay in DynamicTrieKeyMapper /data/system_ce/0/appsearch/icing/document_dir/namespace_mapper/key_mapper_dir/key_mapper.
10-04 03:21:44.623 W/AppSearchIcing( 1649): icing-search-engine.cc:321: Error: 5, Message: Failed to delete Document. namespace: VS#Pkg$VS#AndroidVDb/androidVOverlay, uri: com.android.chrome$Jam_com.android.chrome/WebPage;Failed to find DocumentId by key: VS#Pkg$VS#AndroidVDb/androidVOverlay, com.android.chrome$Jam_com.android.chrome/WebPage;Key not found VS#Pkg$VS#AndroidVDb/androidVOverlay in DynamicTrieKeyMapper /data/system_ce/0/appsearch/icing/document_dir/namespace_mapper/key_mapper_dir/key_mapper.
10-04 03:21:44.623 W/AppSearchIcing( 1649): icing-search-engine.cc:321: Error: 5, Message: Failed to delete Document. namespace: VS#Pkg$VS#AndroidVDb/androidVOverlay, uri: com.android.chrome$Jam_com.android.chrome/Tab;Failed to find DocumentId by key: VS#Pkg$VS#AndroidVDb/androidVOverlay, com.android.chrome$Jam_com.android.chrome/Tab;Key not found VS#Pkg$VS#AndroidVDb/androidVOverlay in DynamicTrieKeyMapper /data/system_ce/0/appsearch/icing/document_dir/namespace_mapper/key_mapper_dir/key_mapper.
10-04 03:21:44.632 D/BoundBrokerSvc(17310): onBind: Intent { act=com.google.android.gms.measurement.START pkg=com.google.android.gms }
10-04 03:21:44.633 D/BoundBrokerSvc(17310): Loading bound service for intent: Intent { act=com.google.android.gms.measurement.START pkg=com.google.android.gms }
10-04 03:21:44.638 W/ProxyAndroidLoggerBackend( 4665): Too many Flogger logs received before configuration. Dropping old logs.
10-04 03:21:44.638 W/ProxyAndroidLoggerBackend( 4665): Too many Flogger logs received before configuration. Dropping old logs.
10-04 03:21:44.638 W/ProxyAndroidLoggerBackend( 4665): Too many Flogger logs received before configuration. Dropping old logs.
10-04 03:21:44.638 W/ProxyAndroidLoggerBackend( 4665): Too many Flogger logs received before configuration. Dropping old logs.
10-04 03:21:44.641 W/.zebra.soho_app(32272): type=1400 audit(0.0:10748): avc:  denied  { read } for  name="max_map_count" dev="proc" ino=35110687 scontext=u:r:untrusted_app:s0:c116,c257,c512,c768 tcontext=u:object_r:proc_max_map_count:s0 tclass=file permissive=0 app=com.zebra.soho_app
10-04 03:21:44.703 I/ContentCaptureHelper(32272): Setting logging level to OFF
10-04 03:21:44.705 D/SessionLifecycleClient(32272): Queued message 1. Queue size 1
10-04 03:21:44.706 I/FA      (32272): Tag Manager is not found and thus will not be used
10-04 03:21:44.707 D/CompatibilityChangeReporter(32272): Compat change id reported: 237531167; UID 10372; state: DISABLED
10-04 03:21:44.714 D/SessionLifecycleService(32272): Service bound to new client on process 32272
10-04 03:21:44.715 D/SessionLifecycleService(32272): App has not yet foregrounded. Using previously stored session: null
10-04 03:21:44.715 D/SessionLifecycleService(32272): Client android.os.Messenger@3bfadbe bound at 248699455. Clients: 1
10-04 03:21:44.717 D/CoreBackPreview( 1649): Window{33cdbaf u0 com.zebra.soho_app/com.zebra.soho_app.MainActivity}: Setting back callback OnBackInvokedCallbackInfo{mCallback=android.window.IOnBackInvokedCallback$Stub$Proxy@68583cb, mPriority=0, mIsAnimationCallback=false}
10-04 03:21:44.723 D/FlutterLocationService(32272): Creating service.
10-04 03:21:44.724 D/FlutterLocationService(32272): Binding to location service.
10-04 03:21:44.726 D/SessionLifecycleClient(32272): Connected to SessionLifecycleService. Queue size 1
10-04 03:21:44.726 D/SessionLifecycleClient(32272): Sending lifecycle 1 to service
10-04 03:21:44.726 D/SessionLifecycleService(32272): Activity foregrounding at 248699467.
10-04 03:21:44.726 D/SessionLifecycleService(32272): Cold start detected.
10-04 03:21:44.727 D/SessionLifecycleService(32272): Generated new session ecce2963b29249c3a04f0a32c1bbab1a
10-04 03:21:44.727 D/SessionLifecycleService(32272): Broadcasting new session: SessionDetails(sessionId=ecce2963b29249c3a04f0a32c1bbab1a, firstSessionId=ecce2963b29249c3a04f0a32c1bbab1a, sessionIndex=0, sessionStartTimestampUs=1728026504727000)
10-04 03:21:44.727 D/SessionFirelogPublisher(32272): Data Collection is enabled for at least one Subscriber
10-04 03:21:44.727 D/CompatibilityChangeReporter(32272): Compat change id reported: 3400644; UID 10372; state: ENABLED
10-04 03:21:44.728 D/EventGDTLogger(32272): Session Event: {"eventType":1,"sessionData":{"sessionId":"ecce2963b29249c3a04f0a32c1bbab1a","firstSessionId":"ecce2963b29249c3a04f0a32c1bbab1a","sessionIndex":0,"eventTimestampUs":1728026504727000,"dataCollectionStatus":{"performance":1,"crashlytics":2,"sessionSamplingRate":1.0},"firebaseInstallationId":"dUuLO_RTS-WsM0qp2ZrIWl"},"applicationInfo":{"appId":"1:233946974047:android:204307b4740352c0e598ea","deviceModel":"Pixel 7 Pro","sessionSdkVersion":"1.2.2","osVersion":"14","logEnvironment":3,"androidAppInfo":{"packageName":"com.zebra.soho_app","versionName":"2.0.6714","appBuildVersion":"6714","deviceManufacturer":"Google","currentProcessDetails":{"processName":"com.zebra.soho_app","pid":32272,"importance":100,"defaultProcess":true},"appProcessDetails":[{"processName":"com.zebra.soho_app","pid":32272,"importance":100,"defaultProcess":true}]}}}
10-04 03:21:44.728 D/SessionFirelogPublisher(32272): Successfully logged Session Start event: ecce2963b29249c3a04f0a32c1bbab1a
10-04 03:21:44.729 D/LocationPlugin(32272): Service connected: ComponentInfo{com.zebra.soho_app/com.lyokone.location.FlutterLocationService}
10-04 03:21:44.730 D/SessionLifecycleClient(32272): Session update received: ecce2963b29249c3a04f0a32c1bbab1a
10-04 03:21:44.730 D/SessionLifecycleClient(32272): Notified CRASHLYTICS of new session ecce2963b29249c3a04f0a32c1bbab1a
10-04 03:21:44.733 D/AdvertisingIdClient(17310): AdvertisingIdClient already created.
10-04 03:21:44.733 D/AdvertisingIdClient(17310): AdvertisingIdClient is not bounded. Starting to bind it...
10-04 03:21:44.736 D/AdvertisingIdClient(17310): AdvertisingIdClient is bounded
10-04 03:21:44.736 D/CompatibilityChangeReporter(32272): Compat change id reported: 194532703; UID 10372; state: ENABLED
10-04 03:21:44.736 D/CompatibilityChangeReporter(32272): Compat change id reported: 253665015; UID 10372; state: ENABLED
10-04 03:21:44.736 D/CompatibilityChangeReporter(32272): Compat change id reported: 311402873; UID 10372; state: DISABLED
10-04 03:21:44.736 D/CompatibilityChangeReporter(32272): Compat change id reported: 323349338; UID 10372; state: DISABLED
10-04 03:21:44.736 I/AdvertisingIdClient(17310): shouldSendLog 248660986
10-04 03:21:44.736 I/AdvertisingIdClient(17310): GetInfoInternal elapse 3ms
10-04 03:21:44.737 D/CompatibilityChangeReporter( 1649): Compat change id reported: 271850009; UID 10372; state: ENABLED
10-04 03:21:44.737 D/CompatibilityChangeReporter( 1649): Compat change id reported: 253665015; UID 10372; state: ENABLED
10-04 03:21:44.737 D/CompatibilityChangeReporter( 1649): Compat change id reported: 194532703; UID 10372; state: ENABLED
10-04 03:21:44.737 D/CompatibilityChangeReporter( 1649): Compat change id reported: 311402873; UID 10372; state: DISABLED
10-04 03:21:44.737 D/CompatibilityChangeReporter( 1649): Compat change id reported: 323349338; UID 10372; state: DISABLED
10-04 03:21:44.741 I/flutter (32272): [2024-10-04 03:21:44.740987] getLocalTokens : access_token: IGZkjAMFaUwewGKCVBRR50uns3Il
10-04 03:21:44.741 I/flutter (32272): [2024-10-04 03:21:44.741261] getLocalTokens : refresh_token: 49TvpjP2gHHHvqSCKicXH9q82oEf8Xebib7rhkAmgF
10-04 03:21:44.741 I/flutter (32272): [2024-10-04 03:21:44.741275] getLocalTokens : id_token: eyJhbGciOiJSUzI1NiIsImtpZCI6IllkRDl3VS1haU5vODl5bXBQb3lCTTBwbTB1SV9SUzI1NiJ9.eyJzdWIiOiJ6ZWJyYTAyLnN3ZHZ0QGdtYWlsLmNvbSIsImF1ZCI6ImFwaWdlZV9tb2JpbGVhcHBfbWIiLCJqdGkiOiJISFV2V0lPd2NNWW1hWUhPR25nTU5wIiwiaXNzIjoiaHR0cHM6Ly9waS56ZWJyYS5jb20iLCJpYXQiOjE3MjgwMjIyNzUsImV4cCI6MTcyODAyMjU3NSwiYXV0aF90aW1lIjoxNzI4MDIyMjcwLCJhY3IiOiJHb29nbGVfU29jaWFsX2xvZ2luX1BvbGljeSIsInp1aWQiOiJiZTBlMmU1Yy0xYTQ4LTQyNDAtOTBiYS1hOTBkNDlhMzFjZWUiLCJwaS5zcmkiOiJGVEVDekRpekZMYzExYmJXQzZUcElGdW9idXcuZFhNdFpXRnpkQzB5Iiwic2lkIjoiRlRFQ3pEaXpGTGMxMWJiV0M2VHBJRnVvYnV3LmRYTXRaV0Z6ZEMweSJ9.WoDuG3OrrSqeRGmaEO2Vygus7YzPyPbhcpVlXp6DgVsE-luk9BBiIiOVT8ze8QBPsqizQwg_Zm6JsI6syfoJVXVSY4bkrWsZhlnQjXDwCxa2aXMkqlEkj28pC3xe_6anlURyzlq8N_0drhS8t92pTlGbAETpChOumDsE346EYEcJh0v33oQ5CWGSOCOoAeCW5manIEd5XOHYqFbKuBgp1llnE5N0kcrDNwx4Pz85U7XI9Elm3hi2dWSMie-BkxyMAck_Ugs1l0b_9YBWa2D1NxwfK60iSHKfB1rKv9h1mIbCCbK5zHPnkESlvHSBbvv2d1XQHETX5UyM0WE-GOSIIw
10-04 03:21:44.741 I/flutter (32272): [2024-10-04 03:21:44.741292] getLocalTokens : expires_in: 2509s
10-04 03:21:44.742 I/flutter (32272): [2024-10-04 03:21:44.742119] GRPC_CHANNEL: Network initialised to [ConnectivityResult.wifi]
10-04 03:21:44.742 I/flutter (32272): [2024-10-04 03:21:44.742138] GRPC_CHANNEL: ClientChannel@476126671 created
10-04 03:21:44.742 I/flutter (32272): [2024-10-04 03:21:44.742147] GRPC_CHANNEL: Subscribing to network state changes for ClientChannel@476126671
10-04 03:21:44.742 I/flutter (32272): [2024-10-04 03:21:44.742960] ================  Load  en Localizations  ================
10-04 03:21:44.743 D/ConnectivityService( 1649): requestNetwork for uid/pid:10372/32272 activeRequest: null callbackRequest: 1844 [NetworkRequest [ REQUEST id=1845, [ Capabilities: INTERNET&NOT_RESTRICTED&TRUSTED&NOT_VCN_MANAGED Uid: 10372 RequestorUid: 10372 RequestorPkg: com.zebra.soho_app UnderlyingNetworks: Null] ]] callback flags: 0 order: 2147483647 isUidTracked: false
10-04 03:21:44.743 I/flutter (32272): [2024-10-04 03:21:44.743578] ================  Load Localizations  ================
10-04 03:21:44.744 I/flutter (32272): [2024-10-04 03:21:44.744906] ================  Load  en Localizations  ================
10-04 03:21:44.745 I/flutter (32272): [2024-10-04 03:21:44.745084] ================  Load Localizations  ================
10-04 03:21:44.745 I/flutter (32272): [2024-10-04 03:21:44.745830] unary request. timestamp: 2024-10-04 03:21:44.745825 method name: /zsbpportal.ZsbpPortalService/GetCustomerInfo
10-04 03:21:44.746 D/WifiNetworkFactory( 1649): got request NetworkRequest [ REQUEST id=1845, [ Capabilities: INTERNET&NOT_RESTRICTED&TRUSTED&NOT_VCN_MANAGED Uid: 10372 RequestorUid: 10372 RequestorPkg: com.zebra.soho_app UnderlyingNetworks: Null] ]
10-04 03:21:44.747 D/UntrustedWifiNetworkFactory( 1649): got request NetworkRequest [ REQUEST id=1845, [ Capabilities: INTERNET&NOT_RESTRICTED&TRUSTED&NOT_VCN_MANAGED Uid: 10372 RequestorUid: 10372 RequestorPkg: com.zebra.soho_app UnderlyingNetworks: Null] ]
10-04 03:21:44.748 D/ConnectivityService( 1649): NetReassign [1845 : null  123] [c 0] [a 1] [i 4]
10-04 03:21:44.748 D/OemPaidWifiNetworkFactory( 1649): got request NetworkRequest [ REQUEST id=1845, [ Capabilities: INTERNET&NOT_RESTRICTED&TRUSTED&NOT_VCN_MANAGED Uid: 10372 RequestorUid: 10372 RequestorPkg: com.zebra.soho_app UnderlyingNetworks: Null] ]
10-04 03:21:44.748 D/MultiInternetWifiNetworkFactory( 1649): got request NetworkRequest [ REQUEST id=1845, [ Capabilities: INTERNET&NOT_RESTRICTED&TRUSTED&NOT_VCN_MANAGED Uid: 10372 RequestorUid: 10372 RequestorPkg: com.zebra.soho_app UnderlyingNetworks: Null] ]
10-04 03:21:44.749 I/flutter (32272): [2024-10-04 03:21:44.749032] ================  Load Current User  ================
10-04 03:21:44.749 I/flutter (32272): [2024-10-04 03:21:44.749081] unary request. timestamp: 2024-10-04 03:21:44.749077 method name: /zsbpportal.ZsbpPortalService/GetCustomerInfo
10-04 03:21:44.749 I/flutter (32272): [2024-10-04 03:21:44.749425] initState #1
10-04 03:21:44.749 I/flutter (32272): [2024-10-04 03:21:44.749471] initState #2
10-04 03:21:44.752 I/flutter (32272): [2024-10-04 03:21:44.752275] GRPC_CHANNEL: Network state changed for ClientChannel@476126671 from ConnectionState.idle to ConnectionState.connecting
10-04 03:21:44.753 I/hwservicemanager(  494): getTransport: Cannot find entry android.hardware.graphics.allocator@4.0::IAllocator/default in either framework or device VINTF manifest.
10-04 03:21:44.753 W/gralloc4(  558): Unable to set buffer name SurfaceView[com.zebra.soho_app/com.zebra.soho_app.MainActivity]#1(BLAST Consumer)1: File name too long
10-04 03:21:44.755 D/TrafficStats(31959): tagSocket(5) with statsTag=0xffffffff, statsUid=-1
10-04 03:21:44.758 D/TrafficStats(31959): tagSocket(97) with statsTag=0xffffffff, statsUid=-1
10-04 03:21:44.761 W/gralloc4(  558): Unable to set buffer name SurfaceView[com.zebra.soho_app/com.zebra.soho_app.MainActivity]#1(BLAST Consumer)1: File name too long
10-04 03:21:44.764 W/gralloc4(  558): Unable to set buffer name VRI[MainActivity]#0(BLAST Consumer)0: File name too long
10-04 03:21:44.770 W/gralloc4(  558): Unable to set buffer name SurfaceView[com.zebra.soho_app/com.zebra.soho_app.MainActivity]#1(BLAST Consumer)1: File name too long
10-04 03:21:44.774 I/ActivityTaskManager( 1649): Displayed com.zebra.soho_app/.MainActivity for user 0: +308ms
10-04 03:21:44.774 I/ActivityTaskManager( 1649): Fully drawn com.zebra.soho_app/.MainActivity: +308ms
10-04 03:21:44.774 W/gralloc4(  558): Unable to set buffer name SurfaceView[com.zebra.soho_app/com.zebra.soho_app.MainActivity]#1(BLAST Consumer)1: File name too long
10-04 03:21:44.780 W/getWindowRoots(31959): Skipping null root node for window: AccessibilityWindowInfo[title=Chrome, displayId=0, id=793, taskId=707, type=TYPE_APPLICATION, layer=0, region=SkRegion((0,0,1080,2340)), bounds=Rect(0, 0 - 1080, 2340), focused=true, active=true, pictureInPicture=false, transitionTime=248667841, hasParent=false, isAnchored=false, hasChildren=false]
10-04 03:21:44.785 W/getWindowRoots(31959): Skipping null root node for window: AccessibilityWindowInfo[title=Chrome, displayId=0, id=793, taskId=707, type=TYPE_APPLICATION, layer=0, region=SkRegion((0,0,1080,2340)), bounds=Rect(0, 0 - 1080, 2340), focused=true, active=true, pictureInPicture=false, transitionTime=248667841, hasParent=false, isAnchored=false, hasChildren=false]
10-04 03:21:44.792 E/hwc-display(  559): [PrimaryDisplay] resetColorMappingInfoForClientComp:: resetColorMappingInfo() idx=1 error(-22)
10-04 03:21:44.789 W/binder:559_5(  559): type=1400 audit(0.0:10749): avc:  denied  { search } for  name="log" dev="dm-57" ino=320 scontext=u:r:hal_graphics_composer_default:s0 tcontext=u:object_r:vendor_log_file:s0 tclass=dir permissive=0
10-04 03:21:44.789 W/binder:559_5(  559): type=1400 audit(0.0:10750): avc:  denied  { search } for  name="log" dev="dm-57" ino=320 scontext=u:r:hal_graphics_composer_default:s0 tcontext=u:object_r:vendor_log_file:s0 tclass=dir permissive=0
10-04 03:21:44.792 E/hwc-display(  559): Fail to open file /data/vendor/log/hwc/PrimaryDisplay_hwc_error_log0.txt, error: Permission denied
10-04 03:21:44.792 E/hwc-display(  559): Fail to open file /data/log/PrimaryDisplay_hwc_error_log0.txt, error: No such file or directory
10-04 03:21:44.792 E/hwc-display(  559): Unable to open log file for PrimaryDisplay_hwc_error_log0.txt
10-04 03:21:44.792 E/hwc-display(  559): [PrimaryDisplay] resetColorMappingInfoForClientComp:: resetColorMappingInfo() idx=2 error(-22)
10-04 03:21:44.792 E/hwc-display(  559): Fail to open file /data/vendor/log/hwc/PrimaryDisplay_hwc_error_log0.txt, error: Permission denied
10-04 03:21:44.792 E/hwc-display(  559): Fail to open file /data/log/PrimaryDisplay_hwc_error_log0.txt, error: No such file or directory
10-04 03:21:44.792 E/hwc-display(  559): Unable to open log file for PrimaryDisplay_hwc_error_log0.txt
10-04 03:21:44.792 E/hwc-display(  559): [PrimaryDisplay] resetColorMappingInfoForClientComp:: resetColorMappingInfo() idx=3 error(-22)
10-04 03:21:44.792 E/hwc-display(  559): Fail to open file /data/vendor/log/hwc/PrimaryDisplay_hwc_error_log0.txt, error: Permission denied
10-04 03:21:44.792 E/hwc-display(  559): Fail to open file /data/log/PrimaryDisplay_hwc_error_log0.txt, error: No such file or directory
10-04 03:21:44.792 E/hwc-display(  559): Unable to open log file for PrimaryDisplay_hwc_error_log0.txt
10-04 03:21:44.797 W/gralloc4(  558): Unable to set buffer name SurfaceView[com.zebra.soho_app/com.zebra.soho_app.MainActivity]#1(BLAST Consumer)1: File name too long
10-04 03:21:44.800 D/CompatibilityChangeReporter( 1649): Compat change id reported: 214016041; UID 10372; state: ENABLED
10-04 03:21:44.800 I/ImeTracker( 1649): com.zebra.soho_app:6c03817: onRequestHide at ORIGIN_SERVER reason HIDE_UNSPECIFIED_WINDOW fromUser false
10-04 03:21:44.800 I/ImeTracker( 1649): com.zebra.soho_app:6c03817: onCancelled at PHASE_SERVER_SHOULD_HIDE
10-04 03:21:44.802 I/GoogleInputMethodService( 2967): GoogleInputMethodService.onFinishInput():3122 
10-04 03:21:44.803 I/GoogleInputMethodService( 2967): GoogleInputMethodService.updateDeviceLockedStatus():2193 repeatCheckTimes = 0, locked = false
10-04 03:21:44.803 I/GoogleInputMethodService( 2967): GoogleInputMethodService.onStartInput():1937 onStartInput(EditorInfo{EditorInfo{packageName=com.zebra.soho_app, inputType=0, inputTypeString=NULL, enableLearning=false, autoCorrection=false, autoComplete=false, imeOptions=0, privateImeOptions=null, actionName=UNSPECIFIED, actionLabel=null, initialSelStart=-1, initialSelEnd=-1, initialCapsMode=0, label=null, fieldId=0, fieldName=null, extras=null, hintText=null, hintLocales=[]}}, false)
10-04 03:21:44.803 I/GoogleInputMethodService( 2967): GoogleInputMethodService.updateDeviceLockedStatus():2193 repeatCheckTimes = 1, locked = false
10-04 03:21:44.803 I/AndroidIME( 2967): InputBundleManager.loadActiveInputBundleId():450 loadActiveInputBundleId: und-Latn-x-password, password
10-04 03:21:44.804 W/PackageConfigPersister( 1649): App-specific configuration not found for packageName: com.zebra.soho_app and userId: 0
10-04 03:21:44.844 I/flutter (32272): [2024-10-04 03:21:44.844071] GRPC_CHANNEL ---- _handleNetworkChange ----
10-04 03:21:44.844 I/flutter (32272): [2024-10-04 03:21:44.844154] GRPC_CHANNEL: Initial network change from [ConnectivityResult.wifi] to [ConnectivityResult.wifi]
10-04 03:21:44.844 I/flutter (32272): [2024-10-04 03:21:44.844283] GRPC_CHANNEL ---- _handleNetworkChange ----
10-04 03:21:44.844 I/flutter (32272): [2024-10-04 03:21:44.844681] GRPC_CHANNEL ---- _handleNetworkChange ----
10-04 03:21:44.844 I/flutter (32272): [2024-10-04 03:21:44.844707] GRPC_CHANNEL: Network changed, but too many requests within 300ms, ignoring the previous one}
10-04 03:21:44.943 I/pixel-thermal( 1802): usb_pwr_therm:28.055 raw data: usb_pwr_therm:28055 
10-04 03:21:44.959 I/pixel-thermal( 1802): VIRTUAL-USB-THROTTLING:0 raw data: USB-MINUS-NEUTRAL:-623 USB-MINUS-USB2:-200 VIRTUAL-USB-THROTTLING:0 neutral_therm:28678 usb_pwr_therm:28055 usb_pwr_therm2:28255 
10-04 03:21:44.960 I/pixel-thermal( 1802): quiet_therm:27.832 raw data: quiet_therm:27832 
10-04 03:21:44.960 I/pixel-thermal( 1802): VIRTUAL-USB-UI:0 raw data: USB-MINUS-NEUTRAL:-623 USB-MINUS-USB2:-200 VIRTUAL-USB-UI:0 usb_pwr_therm:28055 
10-04 03:21:44.960 I/pixel-thermal( 1802): Power rails total power: 771.07 mW for 60083 ms
10-04 03:21:44.960 I/pixel-thermal( 1802): Power rails [S6M_LLDO1: 80.07 mW] [L7S_SENSORS: 4.54 mW] [S10M_VDD_TPU: 0.00 mW] [S5M_VDD_INT: 9.58 mW] [S2M_VDD_CPUCL2: 34.41 mW] [S1M_VDD_MIF: 41.42 mW] 
10-04 03:21:44.960 I/pixel-thermal( 1802): Power rails [S4M_VDD_CPUCL0: 82.36 mW] [VSYS_PWR_WLAN_BT: 60.73 mW] [VSYS_PWR_RFFE: 5.23 mW] [VSYS_PWR_MODEM: 54.36 mW] [VSYS_PWR_MMWAVE: 0.00 mW] [S3M_VDD_CPUCL1: 64.93 mW] 
10-04 03:21:44.960 I/pixel-thermal( 1802): Power rails [L2S_PLL_MIPI_UFS: 23.38 mW] [L14S_ALIVE: 0.67 mW] [S9S_VDD_AOC: 5.07 mW] [S4S_VDD2H_MEM: 39.22 mW] [L9S_GNSS_CORE: 0.21 mW] [S8S_VDD_G3D_L2: 1.10 mW] 
10-04 03:21:44.960 I/pixel-thermal( 1802): Power rails [S5S_VDDQ_MEM: 9.83 mW] [S2S_VDD_G3D: 4.76 mW] [S1S_VDD_CAM: 7.20 mW] [S8M_LLDO2: 34.26 mW] [L15M_VDD_SLC_M: 15.36 mW] [VSYS_PWR_DISPLAY: 192.40 mW] 
10-04 03:21:44.995 W/AccessibilityManagerService( 1649):  wait for adding window timeout: 799
10-04 03:21:45.014 V/WindowManagerShell( 2307): Transition animation finished (aborted=false), notifying core (#570) android.os.BinderProxy@2cd7ba9@0
10-04 03:21:45.016 V/WindowManager( 1649): Finish Transition (#570): created at 10-04 03:21:44.463 collect-started=0.031ms request-sent=5.388ms started=7.321ms ready=36.621ms sent=39.661ms finished=552.525ms
10-04 03:21:45.017 V/WindowManager( 1649): Loading animations: layout params pkg=com.android.chrome resId=0x1030308
10-04 03:21:45.017 V/WindowManager( 1649): Loading animations: picked package=android
10-04 03:21:45.018 D/VRI[Main]( 4665): visibilityChanged oldVisibility=true newVisibility=false
10-04 03:21:45.019 V/WindowManagerShell( 2307): Track 0 became idle
10-04 03:21:45.019 V/WindowManagerShell( 2307): All active transition animations finished
10-04 03:21:45.020 W/UserManagerService( 1649): Requested status bar icon for non-badged user 0
10-04 03:21:45.022 E/cr_CompositorSurfaceMgr( 4665): surfaceDestroyed format : -3
10-04 03:21:45.025 W/UserManagerService( 1649): Requested status bar icon for non-badged user 0
10-04 03:21:45.036 D/CompatibilityChangeReporter( 1649): Compat change id reported: 265195908; UID 10186; state: ENABLED
10-04 03:21:45.058 I/cr_BindingManager( 4665): onTrimMemory: level=20, size=2
10-04 03:21:45.064 W/WindowOnBackDispatcher( 4665): sendCancelIfRunning: isInProgress=falsecallback=EE2@1229ac5
10-04 03:21:45.065 D/CoreBackPreview( 1649): Window{9913876 u0 com.android.chrome/com.google.android.apps.chrome.Main}: Setting back callback OnBackInvokedCallbackInfo{mCallback=android.window.IOnBackInvokedCallback$Stub$Proxy@67ed59e, mPriority=-1, mIsAnimationCallback=false}
10-04 03:21:45.093 I/cr_A11yState( 4665): Enabled accessibility services list updated. []
10-04 03:21:45.095 I/cr_A11yState( 4665): Informing listeners of changes.
10-04 03:21:45.095 I/cr_A11yState( 4665): New AccessibilityState: State{isScreenReaderEnabled=false, isTouchExplorationEnabled=false, isPerformGesturesEnabled=false, isAnyAccessibilityServiceEnabled=false, isAccessibilityToolPresent=false, isSpokenFeedbackServicePresent=false, isTextShowPasswordEnabled=true, isOnlyPasswordManagersEnabled=false}
10-04 03:21:45.134 W/WindowOnBackDispatcher( 2307): sendCancelIfRunning: isInProgress=falsecallback=android.view.ViewRootImpl$$ExternalSyntheticLambda11@1b5b2c7
10-04 03:21:45.134 D/CoreBackPreview( 1649): Window{d09a1cd u0 Splash Screen com.zebra.soho_app EXITING}: Setting back callback null
10-04 03:21:45.135 W/InputManager-JNI( 1649): Input channel object 'd09a1cd Splash Screen com.zebra.soho_app (client)' was disposed without first being removed with the input manager!
10-04 03:21:45.147 I/flutter (32272): [2024-10-04 03:21:45.147413] GRPC_CHANNEL: Network changed from [ConnectivityResult.wifi] to [ConnectivityResult.wifi]
10-04 03:21:45.147 I/flutter (32272): [2024-10-04 03:21:45.147492] GRPC_CHANNEL: Network changed, but platform is not iOS, not changing it
10-04 03:21:45.184 W/FrameTracker( 2307): Missing HWUI jank callback for vsyncId: 9995833, CUJ=J<SPLASHSCREEN_EXIT_ANIM>
10-04 03:21:45.184 W/FrameTracker( 2307): Missing HWUI jank callback for vsyncId: 9996365, CUJ=J<SPLASHSCREEN_EXIT_ANIM>
10-04 03:21:45.184 W/FrameTracker( 2307): Missing HWUI jank callback for vsyncId: 9996557, CUJ=J<SPLASHSCREEN_EXIT_ANIM>
10-04 03:21:45.211 I/FontLog (18769): (REDACTED) Received query %s, URI %s
10-04 03:21:45.211 I/FontLog (18769): (REDACTED) Query [%s] resolved to %s
10-04 03:21:45.212 I/FontLog (18769): (REDACTED) Fetch %s end status %s
10-04 03:21:45.214 I/FontLog (18769): (REDACTED) Pulling font file for id = %d, cache size = %d
10-04 03:21:45.216 I/FontLog (18769): (REDACTED) Pulling font file for id = %d, cache size = %d
10-04 03:21:45.264 D/TrafficStats(31959): tagSocket(5) with statsTag=0xffffffff, statsUid=-1
10-04 03:21:45.265 D/TrafficStats(31959): tagSocket(97) with statsTag=0xffffffff, statsUid=-1
10-04 03:21:45.288 D/TrafficStats(31959): tagSocket(98) with statsTag=0xffffffff, statsUid=-1
10-04 03:21:45.513 I/bthal.activity( 1121): bt_power: LeAdvStat: 03:21:44:511 - 03:21:45:513, duration: 1001, le_adv_count: 2, total_le_adv_count: 11938, total_event_count: 2
10-04 03:21:45.516 D/TrafficStats(31959): tagSocket(99) with statsTag=0xffffffff, statsUid=-1
10-04 03:21:45.659 I/flutter (32272): [2024-10-04 03:21:45.659527] GRPC_CHANNEL: Network state changed for ClientChannel@476126671 from ConnectionState.connecting to ConnectionState.ready
10-04 03:21:45.659 I/flutter (32272): [2024-10-04 03:21:45.659658] getLocalTokens : access_token: IGZkjAMFaUwewGKCVBRR50uns3Il
10-04 03:21:45.659 I/flutter (32272): [2024-10-04 03:21:45.659690] getLocalTokens : refresh_token: 49TvpjP2gHHHvqSCKicXH9q82oEf8Xebib7rhkAmgF
10-04 03:21:45.659 I/flutter (32272): [2024-10-04 03:21:45.659723] getLocalTokens : id_token: eyJhbGciOiJSUzI1NiIsImtpZCI6IllkRDl3VS1haU5vODl5bXBQb3lCTTBwbTB1SV9SUzI1NiJ9.eyJzdWIiOiJ6ZWJyYTAyLnN3ZHZ0QGdtYWlsLmNvbSIsImF1ZCI6ImFwaWdlZV9tb2JpbGVhcHBfbWIiLCJqdGkiOiJISFV2V0lPd2NNWW1hWUhPR25nTU5wIiwiaXNzIjoiaHR0cHM6Ly9waS56ZWJyYS5jb20iLCJpYXQiOjE3MjgwMjIyNzUsImV4cCI6MTcyODAyMjU3NSwiYXV0aF90aW1lIjoxNzI4MDIyMjcwLCJhY3IiOiJHb29nbGVfU29jaWFsX2xvZ2luX1BvbGljeSIsInp1aWQiOiJiZTBlMmU1Yy0xYTQ4LTQyNDAtOTBiYS1hOTBkNDlhMzFjZWUiLCJwaS5zcmkiOiJGVEVDekRpekZMYzExYmJXQzZUcElGdW9idXcuZFhNdFpXRnpkQzB5Iiwic2lkIjoiRlRFQ3pEaXpGTGMxMWJiV0M2VHBJRnVvYnV3LmRYTXRaV0Z6ZEMweSJ9.WoDuG3OrrSqeRGmaEO2Vygus7YzPyPbhcpVlXp6DgVsE-luk9BBiIiOVT8ze8QBPsqizQwg_Zm6JsI6syfoJVXVSY4bkrWsZhlnQjXDwCxa2aXMkqlEkj28pC3xe_6anlURyzlq8N_0drhS8t92pTlGbAETpChOumDsE346EYEcJh0v33oQ5CWGSOCOoAeCW5manIEd5XOHYqFbKuBgp1llnE5N0kcrDNwx4Pz85U7XI9Elm3hi2dWSMie-BkxyMAck_Ugs1l0b_9YBWa2D1NxwfK60iSHKfB1rKv9h1mIbCCbK5zHPnkESlvHSBbvv2d1XQHETX5UyM0WE-GOSIIw
10-04 03:21:45.659 I/flutter (32272): [2024-10-04 03:21:45.659754] getLocalTokens : expires_in: 2508s
10-04 03:21:45.659 I/flutter (32272): [2024-10-04 03:21:45.659786] verify: IGZkjAMFaUwewGKCVBRR50uns3Il
10-04 03:21:45.660 I/flutter (32272): [2024-10-04 03:21:45.660846] getLocalTokens : access_token: IGZkjAMFaUwewGKCVBRR50uns3Il
10-04 03:21:45.660 I/flutter (32272): [2024-10-04 03:21:45.660886] getLocalTokens : refresh_token: 49TvpjP2gHHHvqSCKicXH9q82oEf8Xebib7rhkAmgF
10-04 03:21:45.660 I/flutter (32272): [2024-10-04 03:21:45.660911] getLocalTokens : id_token: eyJhbGciOiJSUzI1NiIsImtpZCI6IllkRDl3VS1haU5vODl5bXBQb3lCTTBwbTB1SV9SUzI1NiJ9.eyJzdWIiOiJ6ZWJyYTAyLnN3ZHZ0QGdtYWlsLmNvbSIsImF1ZCI6ImFwaWdlZV9tb2JpbGVhcHBfbWIiLCJqdGkiOiJISFV2V0lPd2NNWW1hWUhPR25nTU5wIiwiaXNzIjoiaHR0cHM6Ly9waS56ZWJyYS5jb20iLCJpYXQiOjE3MjgwMjIyNzUsImV4cCI6MTcyODAyMjU3NSwiYXV0aF90aW1lIjoxNzI4MDIyMjcwLCJhY3IiOiJHb29nbGVfU29jaWFsX2xvZ2luX1BvbGljeSIsInp1aWQiOiJiZTBlMmU1Yy0xYTQ4LTQyNDAtOTBiYS1hOTBkNDlhMzFjZWUiLCJwaS5zcmkiOiJGVEVDekRpekZMYzExYmJXQzZUcElGdW9idXcuZFhNdFpXRnpkQzB5Iiwic2lkIjoiRlRFQ3pEaXpGTGMxMWJiV0M2VHBJRnVvYnV3LmRYTXRaV0Z6ZEMweSJ9.WoDuG3OrrSqeRGmaEO2Vygus7YzPyPbhcpVlXp6DgVsE-luk9BBiIiOVT8ze8QBPsqizQwg_Zm6JsI6syfoJVXVSY4bkrWsZhlnQjXDwCxa2aXMkqlEkj28pC3xe_6anlURyzlq8N_0drhS8t92pTlGbAETpChOumDsE346EYEcJh0v33oQ5CWGSOCOoAeCW5manIEd5XOHYqFbKuBgp1llnE5N0kcrDNwx4Pz85U7XI9Elm3hi2dWSMie-BkxyMAck_Ugs1l0b_9YBWa2D1NxwfK60iSHKfB1rKv9h1mIbCCbK5zHPnkESlvHSBbvv2d1XQHETX5UyM0WE-GOSIIw
10-04 03:21:45.660 I/flutter (32272): [2024-10-04 03:21:45.660933] getLocalTokens : expires_in: 2508s
10-04 03:21:45.660 I/flutter (32272): [2024-10-04 03:21:45.660954] verify: IGZkjAMFaUwewGKCVBRR50uns3Il
10-04 03:21:45.837 D/TrafficStats(31959): tagSocket(5) with statsTag=0xffffffff, statsUid=-1
10-04 03:21:45.840 D/TrafficStats(31959): tagSocket(97) with statsTag=0xffffffff, statsUid=-1
10-04 03:21:46.658 I/WifiHAL ( 1196): Creating message to get link statistics; iface = 47
10-04 03:21:46.698 I/WifiHAL ( 1196): In GetLinkStatsCommand::handleResponse
10-04 03:21:46.741 D/ConnectivityService( 1649): NetReassign [no changes] [c 1] [a 0] [i 11]
10-04 03:21:46.799 D/TrafficStats(31959): tagSocket(5) with statsTag=0xffffffff, statsUid=-1
10-04 03:21:46.801 D/TrafficStats(31959): tagSocket(97) with statsTag=0xffffffff, statsUid=-1
10-04 03:21:46.802 D/TrafficStats(31959): tagSocket(98) with statsTag=0xffffffff, statsUid=-1
10-04 03:21:46.803 D/TrafficStats(31959): tagSocket(99) with statsTag=0xffffffff, statsUid=-1
10-04 03:21:46.899 D/TrafficStats(31959): tagSocket(5) with statsTag=0xffffffff, statsUid=-1
10-04 03:21:46.941 D/TrafficStats(31959): tagSocket(97) with statsTag=0xffffffff, statsUid=-1
10-04 03:21:47.220 I/pixel-thermal( 1802): VIRTUAL-SKIN:28.3538 raw data: VIRTUAL-GNSS-DISP:28353.8 VIRTUAL-NEUTRAL-QUIET:27702.1 VIRTUAL-QUIET-USB2:26661.2 VIRTUAL-SKIN:28353.8 VIRTUAL-USB2-QUIET:26325.2 disp_therm:28055 gnss_tcxo_therm:29346 neutral_therm:28723 quiet_therm:27810 usb_pwr_therm2:28322 
10-04 03:21:47.222 D/TemperatureStateSource( 2498): getDeviceTemperatures: deviceTemperatureType=3 temperatureSource=0 temperatures=[28.35378]
10-04 03:21:47.222 D/BusinessScope( 2498): Start running the #49720 block
10-04 03:21:47.224 I/pixel-thermal( 1802): VIRTUAL-SKIN:28.3538 raw data: VIRTUAL-SKIN:28353.8 
10-04 03:21:47.224 I/TemperatureStateSource( 2498): temperature was set
10-04 03:21:47.225 D/BusinessScope( 2498): Finish running the #49720 block
10-04 03:21:47.226 D/BusinessScope( 2498): Start running the #49721 block
10-04 03:21:47.227 D/BusinessScope( 2498): Finish running the #49721 block
10-04 03:21:47.257 D/ImpulseConnection( 2498): timeout didn't happen: com.google.android.apps.turbo
10-04 03:21:47.311 I/flutter (32272): [2024-10-04 03:21:47.311037] Getting user data...
10-04 03:21:47.313 I/flutter (32272): [2024-10-04 03:21:47.313826] Getting user data...
10-04 03:21:47.708 D/HbmSvManager( 2511): Ambient sensor :  TMD3719 Ambient Light update Lux : 552.5092
10-04 03:21:47.846 D/TrafficStats(31959): tagSocket(5) with statsTag=0xffffffff, statsUid=-1
10-04 03:21:47.853 D/TrafficStats(31959): tagSocket(97) with statsTag=0xffffffff, statsUid=-1
10-04 03:21:47.864 D/TrafficStats(31959): tagSocket(98) with statsTag=0xffffffff, statsUid=-1
10-04 03:21:47.880 D/TrafficStats(31959): tagSocket(99) with statsTag=0xffffffff, statsUid=-1
10-04 03:21:47.953 D/TrafficStats(31959): tagSocket(5) with statsTag=0xffffffff, statsUid=-1
10-04 03:21:48.008 D/TrafficStats(31959): tagSocket(97) with statsTag=0xffffffff, statsUid=-1
10-04 03:21:48.082 I/bthal.activity( 1121): bt_power: LeAdvStat: 03:21:45:945 - 03:21:48:082, duration: 2136, le_adv_count: 5, total_le_adv_count: 11943, total_event_count: 5
10-04 03:21:48.195 D/HbmSvManager( 2511): Ambient sensor :  TMD3719 Ambient Light update Lux : 522.6462
10-04 03:21:48.278 D/HbmSvManager( 2511): Ambient sensor :  TMD3719 Ambient Light update Lux : 519.747
10-04 03:21:48.301 I/NearbyMediums(18769): Found Fast Ble Advertisements :
10-04 03:21:48.301 I/NearbyMediums(18769): BleAdvertisement { version=2, socketVersion=2, isFast=true, serviceIdHash=null, data=[ 0x23 0x30 0x5a 0x50 0x4f 0x11 0x32 0x4a 0x77 0xad 0x14 0x7e 0xed 0x88 0x2e 0x00 0x78 0xa5 0x7c 0xa9 0xe0 0xba 0x6f ], deviceToken=[ 0xf5 0xdd ], rxAdvertisement=null } : 7 times.
10-04 03:21:48.301 I/NearbyMediums(18769): Total 7 fast advertisements.
10-04 03:21:48.304 I/NearbyConnections(18769): Processing lost BlePeripheral BlePeripheral{advertisement=BleAdvertisement { version=2, socketVersion=2, isFast=true, serviceIdHash=null, data=[ 0x23 0x32 0x57 0x30 0x30 0x11 0x32 0x70 0xb1 0x7d 0x76 0xb2 0x6b 0xb0 0xa9 0xa8 0x67 0x6f 0xcd 0x42 0x08 0x68 0xbd ], deviceToken=[ 0x94 0xdf ], rxAdvertisement=null }, address=null, psm=0, deviceToken=<ByteString@df217a4 size=2 contents="\224\337">, isSecondProfile=false, rxInstantConnectionAdv=null}.
10-04 03:21:48.304 I/NearbyConnections(18769): Lost BleEndpoint for BlePeripheral BlePeripheral{advertisement=BleAdvertisement { version=2, socketVersion=2, isFast=true, serviceIdHash=null, data=[ 0x23 0x32 0x57 0x30 0x30 0x11 0x32 0x70 0xb1 0x7d 0x76 0xb2 0x6b 0xb0 0xa9 0xa8 0x67 0x6f 0xcd 0x42 0x08 0x68 0xbd ], deviceToken=[ 0x94 0xdf ], rxAdvertisement=null }, address=null, psm=0, deviceToken=<ByteString@df217a4 size=2 contents="\224\337">, isSecondProfile=false, rxInstantConnectionAdv=null} (with EndpointId 2W00 and EndpointInfo [ 0x32 0x70 0xb1 0x7d 0x76 0xb2 0x6b 0xb0 0xa9 0xa8 0x67 0x6f 0xcd 0x42 0x08 0x68 0xbd ]).
10-04 03:21:48.304 I/NearbyConnections(18769): ClientProxy(43386307) reporting onEndpointLost(2W00)
10-04 03:21:48.306 I/NearbySharing(18769): Ignoring lost endpoint 2W00 because we don't have an associated ShareTarget
10-04 03:21:48.306 I/NearbySharing(18769): Endpoint 2W00 lost over Nearby Connections
10-04 03:21:48.352 D/BufferPoolAccessor2.0( 1347): evictor expired: 1, evicted: 0
10-04 03:21:48.925 D/TrafficStats(31959): tagSocket(5) with statsTag=0xffffffff, statsUid=-1
10-04 03:21:48.928 D/TrafficStats(31959): tagSocket(97) with statsTag=0xffffffff, statsUid=-1
10-04 03:21:48.956 D/TrafficStats(31959): tagSocket(98) with statsTag=0xffffffff, statsUid=-1
10-04 03:21:48.973 D/TrafficStats(31959): tagSocket(99) with statsTag=0xffffffff, statsUid=-1
10-04 03:21:49.017 D/TrafficStats(31959): tagSocket(100) with statsTag=0xffffffff, statsUid=-1
10-04 03:21:49.094 D/TrafficStats(31959): tagSocket(5) with statsTag=0xffffffff, statsUid=-1
10-04 03:21:49.533 I/flutter (32272): [2024-10-04 03:21:49.533285] 200result: {"zuid":"be0e2e5c-1a48-4240-90ba-a90d49a31cee","zipCode":"","workflowRequestId":"ZBRVUS000-c49e95e8-895b-4b98-876a-f0338ddbba2b","userType":"customer","userStatus":"ACTIVE","userId":"zebra02.swdvt@gmail.com","title":"","timeZone":"","street":"","status":"Success","state":"","sfdcAccountNumber":"","responseText":"User exist ref_code:ZBRVUS000-c49e95e8-895b-4b98-876a-f0338ddbba2b","responseCode":"ZBRVUS000","requestId":"","requesterId":null,"region":"","preferredLanguage":null,"phoneType":null,"phoneNumber":"","personType":null,"passwordExpiredFlagStatus":"false","password":null,"partnerProgram":"","partnerCategory":"","optoutCommunication":"No","linkedAccounts":"{Id=cce51124-68bf-40f9-850c-20093ad18840, Name=GOOGLE}","lastName":"soho","firstName":"zebra","faxNumber":"","emailId":"ZEBRA02.SWDVT@GMAIL.COM","country":"USA","company":"","city":"","appRequest":"","appProv":"ZEMB:NONE","alternatePhoneType":"","alternatePhoneNumber":"","activeStatus":null,"accountNumber":"","a
10-04 03:21:49.533 I/flutter (32272): [2024-10-04 03:21:49.533825] setting user to User: { id: d4c312f1-25be-4ea3-a599-b2f2ed387fb2, name: zebra soho, email: zebra02.swdvt@gmail.com, token: IGZkjAMFaUwewGKCVBRR50uns3Il, zuid: be0e2e5c-1a48-4240-90ba-a90d49a31cee, country: USA, eulaAcceptedVersion: 1, linkedAccounts: {Id=cce51124-68bf-40f9-850c-20093ad18840, Name=GOOGLE} }
10-04 03:21:49.533 I/flutter (32272): [2024-10-04 03:21:49.533869] user: User: { id: d4c312f1-25be-4ea3-a599-b2f2ed387fb2, name: zebra soho, email: zebra02.swdvt@gmail.com, token: IGZkjAMFaUwewGKCVBRR50uns3Il, zuid: be0e2e5c-1a48-4240-90ba-a90d49a31cee, country: USA, eulaAcceptedVersion: 1, linkedAccounts: {Id=cce51124-68bf-40f9-850c-20093ad18840, Name=GOOGLE} }
10-04 03:21:49.534 I/flutter (32272): [2024-10-04 03:21:49.534458] unary request. timestamp: 2024-10-04 03:21:49.534442 method name: /zsbpportal.ZsbpPortalService/ListWorkspaces
10-04 03:21:49.535 I/flutter (32272): [2024-10-04 03:21:49.535039] getLocalTokens : access_token: IGZkjAMFaUwewGKCVBRR50uns3Il
10-04 03:21:49.535 I/flutter (32272): [2024-10-04 03:21:49.535106] getLocalTokens : refresh_token: 49TvpjP2gHHHvqSCKicXH9q82oEf8Xebib7rhkAmgF
10-04 03:21:49.535 I/flutter (32272): [2024-10-04 03:21:49.535142] getLocalTokens : id_token: eyJhbGciOiJSUzI1NiIsImtpZCI6IllkRDl3VS1haU5vODl5bXBQb3lCTTBwbTB1SV9SUzI1NiJ9.eyJzdWIiOiJ6ZWJyYTAyLnN3ZHZ0QGdtYWlsLmNvbSIsImF1ZCI6ImFwaWdlZV9tb2JpbGVhcHBfbWIiLCJqdGkiOiJISFV2V0lPd2NNWW1hWUhPR25nTU5wIiwiaXNzIjoiaHR0cHM6Ly9waS56ZWJyYS5jb20iLCJpYXQiOjE3MjgwMjIyNzUsImV4cCI6MTcyODAyMjU3NSwiYXV0aF90aW1lIjoxNzI4MDIyMjcwLCJhY3IiOiJHb29nbGVfU29jaWFsX2xvZ2luX1BvbGljeSIsInp1aWQiOiJiZTBlMmU1Yy0xYTQ4LTQyNDAtOTBiYS1hOTBkNDlhMzFjZWUiLCJwaS5zcmkiOiJGVEVDekRpekZMYzExYmJXQzZUcElGdW9idXcuZFhNdFpXRnpkQzB5Iiwic2lkIjoiRlRFQ3pEaXpGTGMxMWJiV0M2VHBJRnVvYnV3LmRYTXRaV0Z6ZEMweSJ9.WoDuG3OrrSqeRGmaEO2Vygus7YzPyPbhcpVlXp6DgVsE-luk9BBiIiOVT8ze8QBPsqizQwg_Zm6JsI6syfoJVXVSY4bkrWsZhlnQjXDwCxa2aXMkqlEkj28pC3xe_6anlURyzlq8N_0drhS8t92pTlGbAETpChOumDsE346EYEcJh0v33oQ5CWGSOCOoAeCW5manIEd5XOHYqFbKuBgp1llnE5N0kcrDNwx4Pz85U7XI9Elm3hi2dWSMie-BkxyMAck_Ugs1l0b_9YBWa2D1NxwfK60iSHKfB1rKv9h1mIbCCbK5zHPnkESlvHSBbvv2d1XQHETX5UyM0WE-GOSIIw
10-04 03:21:49.535 I/flutter (32272): [2024-10-04 03:21:49.535168] getLocalTokens : expires_in: 2504s
10-04 03:21:49.535 I/flutter (32272): [2024-10-04 03:21:49.535201] verify: IGZkjAMFaUwewGKCVBRR50uns3Il
10-04 03:21:49.536 I/flutter (32272): [2024-10-04 03:21:49.536772] 200result: {"zuid":"be0e2e5c-1a48-4240-90ba-a90d49a31cee","zipCode":"","workflowRequestId":"ZBRVUS000-528d93d7-3121-4b59-8808-9252b6109ba9","userType":"customer","userStatus":"ACTIVE","userId":"zebra02.swdvt@gmail.com","title":"","timeZone":"","street":"","status":"Success","state":"","sfdcAccountNumber":"","responseText":"User exist ref_code:ZBRVUS000-528d93d7-3121-4b59-8808-9252b6109ba9","responseCode":"ZBRVUS000","requestId":"","requesterId":null,"region":"","preferredLanguage":null,"phoneType":null,"phoneNumber":"","personType":null,"passwordExpiredFlagStatus":"false","password":null,"partnerProgram":"","partnerCategory":"","optoutCommunication":"No","linkedAccounts":"{Id=cce51124-68bf-40f9-850c-20093ad18840, Name=GOOGLE}","lastName":"soho","firstName":"zebra","faxNumber":"","emailId":"ZEBRA02.SWDVT@GMAIL.COM","country":"USA","company":"","city":"","appRequest":"","appProv":"ZEMB:NONE","alternatePhoneType":"","alternatePhoneNumber":"","activeStatus":null,"accountNumber":"","a
10-04 03:21:49.536 I/flutter (32272): [2024-10-04 03:21:49.536922] eula: setting eula to 1
10-04 03:21:49.537 I/flutter (32272): [2024-10-04 03:21:49.536947] eula: setting eula to 1
10-04 03:21:49.569 I/flutter (32272): [2024-10-04 03:21:49.569749] initState #3
10-04 03:21:49.570 I/flutter (32272): [2024-10-04 03:21:49.570474] ================  Subscribing to lifecycle  ================
10-04 03:21:49.570 I/flutter (32272): [2024-10-04 03:21:49.570779] initState #4
10-04 03:21:49.601 I/flutter (32272): Null check operator used on a null value
10-04 03:21:49.601 I/flutter (32272): #0      PrintersState.init (package:soho_app/state/printers_state.dart:125)
10-04 03:21:49.601 I/flutter (32272): <asynchronous suspension>
10-04 03:21:49.603 I/flutter (32272): [2024-10-04 03:21:49.603877] ================  Subscribe For Notifications  ================
10-04 03:21:49.604 I/flutter (32272): [2024-10-04 03:21:49.603936] Resubscribe stream: new
10-04 03:21:49.604 I/flutter (32272): [2024-10-04 03:21:49.604042] null has ResubscribeStream@: 654795768
10-04 03:21:49.604 I/flutter (32272): [2024-10-04 03:21:49.604089] ResubscribeStream init@654795768
10-04 03:21:49.604 I/flutter (32272): [2024-10-04 03:21:49.604105] ResubscribeStream: Network connected and User logged in, resubscribing object ResubscribeStream@654795768
10-04 03:21:49.604 I/flutter (32272): [2024-10-04 03:21:49.604120] ResubscribeStream: Subscribing object ResubscribeStream@654795768
10-04 03:21:49.604 I/flutter (32272): [2024-10-04 03:21:49.604156] stream request. timestamp: 2024-10-04 03:21:49.604152 method name: /zsbpportal.ZsbpPortalService/Notifications
10-04 03:21:49.604 I/flutter (32272): [2024-10-04 03:21:49.604332] getLocalTokens : access_token: IGZkjAMFaUwewGKCVBRR50uns3Il
10-04 03:21:49.604 I/flutter (32272): [2024-10-04 03:21:49.604365] getLocalTokens : refresh_token: 49TvpjP2gHHHvqSCKicXH9q82oEf8Xebib7rhkAmgF
10-04 03:21:49.604 I/flutter (32272): [2024-10-04 03:21:49.604384] getLocalTokens : id_token: eyJhbGciOiJSUzI1NiIsImtpZCI6IllkRDl3VS1haU5vODl5bXBQb3lCTTBwbTB1SV9SUzI1NiJ9.eyJzdWIiOiJ6ZWJyYTAyLnN3ZHZ0QGdtYWlsLmNvbSIsImF1ZCI6ImFwaWdlZV9tb2JpbGVhcHBfbWIiLCJqdGkiOiJISFV2V0lPd2NNWW1hWUhPR25nTU5wIiwiaXNzIjoiaHR0cHM6Ly9waS56ZWJyYS5jb20iLCJpYXQiOjE3MjgwMjIyNzUsImV4cCI6MTcyODAyMjU3NSwiYXV0aF90aW1lIjoxNzI4MDIyMjcwLCJhY3IiOiJHb29nbGVfU29jaWFsX2xvZ2luX1BvbGljeSIsInp1aWQiOiJiZTBlMmU1Yy0xYTQ4LTQyNDAtOTBiYS1hOTBkNDlhMzFjZWUiLCJwaS5zcmkiOiJGVEVDekRpekZMYzExYmJXQzZUcElGdW9idXcuZFhNdFpXRnpkQzB5Iiwic2lkIjoiRlRFQ3pEaXpGTGMxMWJiV0M2VHBJRnVvYnV3LmRYTXRaV0Z6ZEMweSJ9.WoDuG3OrrSqeRGmaEO2Vygus7YzPyPbhcpVlXp6DgVsE-luk9BBiIiOVT8ze8QBPsqizQwg_Zm6JsI6syfoJVXVSY4bkrWsZhlnQjXDwCxa2aXMkqlEkj28pC3xe_6anlURyzlq8N_0drhS8t92pTlGbAETpChOumDsE346EYEcJh0v33oQ5CWGSOCOoAeCW5manIEd5XOHYqFbKuBgp1llnE5N0kcrDNwx4Pz85U7XI9Elm3hi2dWSMie-BkxyMAck_Ugs1l0b_9YBWa2D1NxwfK60iSHKfB1rKv9h1mIbCCbK5zHPnkESlvHSBbvv2d1XQHETX5UyM0WE-GOSIIw
10-04 03:21:49.604 I/flutter (32272): [2024-10-04 03:21:49.604406] getLocalTokens : expires_in: 2504s
10-04 03:21:49.604 I/flutter (32272): [2024-10-04 03:21:49.604424] verify: IGZkjAMFaUwewGKCVBRR50uns3Il
10-04 03:21:49.648 D/HbmSvManager( 2511): Ambient sensor :  TMD3719 Ambient Light update Lux : 473.94443
10-04 03:21:49.654 W/TimedProcessReaper( 3122): Memory state is: 125
10-04 03:21:49.727 I/WifiHAL ( 1196): Creating message to get link statistics; iface = 47
10-04 03:21:49.767 I/WifiHAL ( 1196): In GetLinkStatsCommand::handleResponse
10-04 03:21:49.809 D/ConnectivityService( 1649): NetReassign [no changes] [c 1] [a 0] [i 10]
10-04 03:21:50.030 I/HDM.AudioPermListener(15879): (REDACTED) appOpsListener %s %s
10-04 03:21:50.032 I/HDM.AudioPermListener(15879): (REDACTED) Ignoring irrelevant audio permission changes for package %s
10-04 03:21:50.034 D/TrafficStats(31959): tagSocket(5) with statsTag=0xffffffff, statsUid=-1
10-04 03:21:50.041 D/TrafficStats(31959): tagSocket(97) with statsTag=0xffffffff, statsUid=-1
10-04 03:21:50.058 D/TrafficStats(31959): tagSocket(98) with statsTag=0xffffffff, statsUid=-1
10-04 03:21:50.062 D/TrafficStats(31959): tagSocket(99) with statsTag=0xffffffff, statsUid=-1
10-04 03:21:50.115 D/TrafficStats(31959): tagSocket(100) with statsTag=0xffffffff, statsUid=-1
10-04 03:21:50.153 I/flutter (32272): [2024-10-04 03:21:50.153454] unary request. timestamp: 2024-10-04 03:21:50.153413 method name: /zsbpportal.ZsbpPortalService/ListPrinters
10-04 03:21:50.154 I/flutter (32272): [2024-10-04 03:21:50.153983] getLocalTokens : access_token: IGZkjAMFaUwewGKCVBRR50uns3Il
10-04 03:21:50.154 I/flutter (32272): [2024-10-04 03:21:50.154027] getLocalTokens : refresh_token: 49TvpjP2gHHHvqSCKicXH9q82oEf8Xebib7rhkAmgF
