--------- beginning of main
10-04 03:21:39.210 I/bthal.activity( 1121): bt_power: LeAdvStat: 03:21:37:943 - 03:21:39:209, duration: 1266, le_adv_count: 7, total_le_adv_count: 11927, total_event_count: 7
10-04 03:21:39.436 D/TrafficStats(31959): tagSocket(5) with statsTag=0xffffffff, statsUid=-1
10-04 03:21:39.470 D/TrafficStats(31959): tagSocket(97) with statsTag=0xffffffff, statsUid=-1
10-04 03:21:39.485 D/TrafficStats(31959): tagSocket(98) with statsTag=0xffffffff, statsUid=-1
10-04 03:21:39.815 D/TrafficStats(31959): tagSocket(5) with statsTag=0xffffffff, statsUid=-1
10-04 03:21:40.086 D/TrafficStats(31959): tagSocket(5) with statsTag=0xffffffff, statsUid=-1
10-04 03:21:40.092 D/TrafficStats(31959): tagSocket(97) with statsTag=0xffffffff, statsUid=-1
10-04 03:21:40.405 I/WifiHAL ( 1196): Creating message to get link statistics; iface = 47
10-04 03:21:40.475 I/WifiHAL ( 1196): In GetLinkStatsCommand::handleResponse
10-04 03:21:40.561 D/ConnectivityService( 1649): NetReassign [no changes] [c 2] [a 2] [i 20]
10-04 03:21:40.609 D/TrafficStats(31959): tagSocket(5) with statsTag=0xffffffff, statsUid=-1
10-04 03:21:40.618 D/TrafficStats(31959): tagSocket(97) with statsTag=0xffffffff, statsUid=-1
10-04 03:21:40.627 D/TrafficStats(31959): tagSocket(98) with statsTag=0xffffffff, statsUid=-1
10-04 03:21:40.991 D/TrafficStats(31959): tagSocket(5) with statsTag=0xffffffff, statsUid=-1
10-04 03:21:41.219 I/bthal.activity( 1121): bt_power: LeAdvStat: 03:21:39:638 - 03:21:41:218, duration: 1579, le_adv_count: 4, total_le_adv_count: 11931, total_event_count: 4
10-04 03:21:41.289 D/TrafficStats(31959): tagSocket(5) with statsTag=0xffffffff, statsUid=-1
10-04 03:21:41.297 D/TrafficStats(31959): tagSocket(97) with statsTag=0xffffffff, statsUid=-1
10-04 03:21:41.776 D/TrafficStats(31959): tagSocket(5) with statsTag=0xffffffff, statsUid=-1
10-04 03:21:41.784 D/TrafficStats(31959): tagSocket(97) with statsTag=0xffffffff, statsUid=-1
10-04 03:21:41.792 D/TrafficStats(31959): tagSocket(98) with statsTag=0xffffffff, statsUid=-1
10-04 03:21:42.175 D/TrafficStats(31959): tagSocket(5) with statsTag=0xffffffff, statsUid=-1
10-04 03:21:42.396 D/TrafficStats(31959): tagSocket(5) with statsTag=0xffffffff, statsUid=-1
10-04 03:21:42.401 D/TrafficStats(31959): tagSocket(97) with statsTag=0xffffffff, statsUid=-1
10-04 03:21:42.648 I/bthal.activity( 1121): bt_power: LeAdvStat: 03:21:41:643 - 03:21:42:648, duration: 1004, le_adv_count: 2, total_le_adv_count: 11933, total_event_count: 2
10-04 03:21:42.902 D/TrafficStats(31959): tagSocket(5) with statsTag=0xffffffff, statsUid=-1
10-04 03:21:42.919 D/TrafficStats(31959): tagSocket(97) with statsTag=0xffffffff, statsUid=-1
10-04 03:21:42.937 D/TrafficStats(31959): tagSocket(98) with statsTag=0xffffffff, statsUid=-1
--------- beginning of system
10-04 03:21:42.995 I/ActivityManager( 1649): Force stopping com.zebra.soho_app appid=10372 user=0: from pid 32242
10-04 03:21:43.027 E/ActivityManager( 1649): Unable to freeze binder for 28034: -11
10-04 03:21:43.028 D/DisplayManagerService( 1649): Drop pending events for gone uid 10372
10-04 03:21:43.028 I/ActivityManager( 1649): Killing 28034:com.zebra.soho_app/u0a372 (adj 900): stop com.zebra.soho_app due to from pid 32242
10-04 03:21:43.033 I/ResourceManagerMetrics( 1306): pushConcurrentUsageReport: Concurrent Codec Usage Report for the Process[pid(28034): uid(10372)] is Peak { AudioDec[ SW: 1 ] VideoDec[ SW: 1 ]  HW: 1 ] } Peak Pixels: 614400
10-04 03:21:43.035 W/ActivityTaskManager( 1649): Force removing ActivityRecord{20cbbe4 u0 com.zebra.soho_app/.MainActivity t706 f}}: app died, no saved state
10-04 03:21:43.036 W/InputManager-JNI( 1649): Input channel object '89cc6d4 com.zebra.soho_app/com.zebra.soho_app.MainActivity (client)' was disposed without first being removed with the input manager!
10-04 03:21:43.037 W/UsageStatsService( 1649): Unexpected activity event reported! (com.zebra.soho_app/com.zebra.soho_app.MainActivity event : 23 instanceId : 99581001)
10-04 03:21:43.047 I/AppsFilter( 1649): interaction: PackageSetting{6365a7b com.netease.open.pocoservice/10294} -> PackageSetting{78128ed com.zebra.soho_app/10372} BLOCKED
10-04 03:21:43.047 I/AppsFilter( 1649): interaction: PackageSetting{c6b652e com.google.android.microdroid.empty_payload/10271} -> PackageSetting{78128ed com.zebra.soho_app/10372} BLOCKED
10-04 03:21:43.047 I/AppsFilter( 1649): interaction: PackageSetting{22248cf com.netease.nie.yosemite/10013} -> PackageSetting{78128ed com.zebra.soho_app/10372} BLOCKED
10-04 03:21:43.049 D/CarrierSvcBindHelper( 2650): onHandleForceStop: [com.zebra.soho_app]
10-04 03:21:43.050 D/EuiccConnector( 2650): handleMessage: E msg.what=1
10-04 03:21:43.050 D/EuiccConnector( 2650): processMsg: AvailableState
10-04 03:21:43.050 D/EuiccConnector( 2650): processMsg: UnavailableState
10-04 03:21:43.051 D/EuiccConnector( 2650): transitionTo: destState=AvailableState
10-04 03:21:43.051 D/CarrierSvcBindHelper( 2650): No carrier app for: 0
10-04 03:21:43.051 D/CarrierSvcBindHelper( 2650): No carrier app for: 1
10-04 03:21:43.053 D/EuiccConnector( 2650): handleMessage: new destination call exit/enter
10-04 03:21:43.053 D/EuiccConnector( 2650): setupTempStateStackWithStatesToEnter: X mTempStateStackCount=1,curStateInfo: state=UnavailableState,active=true,parent=null
10-04 03:21:43.053 D/EuiccConnector( 2650): invokeExitMethods: AvailableState
10-04 03:21:43.053 D/EuiccConnector( 2650): moveTempStackToStateStack: i=0,j=1
10-04 03:21:43.053 D/EuiccConnector( 2650): moveTempStackToStateStack: X mStateStackTop=1,startingIndex=1,Top=AvailableState
10-04 03:21:43.053 D/EuiccConnector( 2650): invokeEnterMethods: AvailableState
10-04 03:21:43.053 D/EuiccConnector( 2650): handleMessage: X
10-04 03:21:43.054 D/EuiccConnector( 2650): handleMessage: E msg.what=103
10-04 03:21:43.054 D/EuiccConnector( 2650): processMsg: AvailableState
10-04 03:21:43.054 D/EuiccConnector( 2650): deferMessage: msg=103
10-04 03:21:43.054 D/EuiccConnector( 2650): transitionTo: destState=BindingState
10-04 03:21:43.054 D/EuiccConnector( 2650): handleMessage: new destination call exit/enter
10-04 03:21:43.054 D/EuiccConnector( 2650): setupTempStateStackWithStatesToEnter: X mTempStateStackCount=1,curStateInfo: null
10-04 03:21:43.054 D/EuiccConnector( 2650): invokeExitMethods: AvailableState
10-04 03:21:43.054 D/EuiccConnector( 2650): invokeExitMethods: UnavailableState
10-04 03:21:43.054 D/EuiccConnector( 2650): moveTempStackToStateStack: i=0,j=0
10-04 03:21:43.054 D/EuiccConnector( 2650): moveTempStackToStateStack: X mStateStackTop=0,startingIndex=0,Top=BindingState
10-04 03:21:43.054 D/EuiccConnector( 2650): invokeEnterMethods: BindingState
10-04 03:21:43.056 E/ApduServiceInfo( 3388): Not adding <aid-group> with empty or invalid AIDs
10-04 03:21:43.057 I/RegisteredServicesCache( 3388): current user: 0, is managed profile : false
10-04 03:21:43.057 I/RegisteredServicesCache( 3388): New Other Services => 
10-04 03:21:43.057 I/RegisteredServicesCache( 3388): Removed Other Services => 
10-04 03:21:43.059 D/ActivityManager( 1649): sync unfroze 20373 com.google.android.euicc for 6
10-04 03:21:43.062 D/EuiccConnector( 2650): transitionTo: destState=DisconnectedState
10-04 03:21:43.062 D/EuiccConnector( 2650): moveDeferredMessageAtFrontOfQueue; what=103
10-04 03:21:43.062 D/EuiccConnector( 2650): handleMessage: new destination call exit/enter
10-04 03:21:43.062 D/EuiccConnector( 2650): setupTempStateStackWithStatesToEnter: X mTempStateStackCount=1,curStateInfo: null
10-04 03:21:43.062 D/EuiccConnector( 2650): invokeExitMethods: BindingState
10-04 03:21:43.062 D/EuiccConnector( 2650): moveTempStackToStateStack: i=0,j=0
10-04 03:21:43.062 D/EuiccConnector( 2650): moveTempStackToStateStack: X mStateStackTop=0,startingIndex=0,Top=DisconnectedState
10-04 03:21:43.062 D/EuiccConnector( 2650): invokeEnterMethods: DisconnectedState
10-04 03:21:43.062 D/EuiccConnector( 2650): handleMessage: X
10-04 03:21:43.062 D/EuiccConnector( 2650): handleMessage: E msg.what=103
10-04 03:21:43.062 D/EuiccConnector( 2650): processMsg: DisconnectedState
10-04 03:21:43.062 D/EuiccConnector( 2650): deferMessage: msg=103
10-04 03:21:43.062 D/EuiccConnector( 2650): handleMessage: X
10-04 03:21:43.066 I/RegisteredServicesCache( 3388): New Services => 
10-04 03:21:43.066 I/RegisteredServicesCache( 3388): Removed Services => 
10-04 03:21:43.067 D/SecureElementService( 2570): getReaders() for com.android.nfc
10-04 03:21:43.070 I/SecureElement-Terminal-SIM2( 2570): isNfcEventAllowed: No access rules for checking.
10-04 03:21:43.080 I/EuiccGoogle(20373): [2] NetworkFetcher.getFirstActiveEuiccSlotId: isRemovableEsimDefault: false
10-04 03:21:43.082 I/EuiccGoogle(20373): [2] EuiccServiceImpl.onCreate: onCreate DSDS mode: simCardState is 11
10-04 03:21:43.083 I/EuiccGoogle(20373): [2] Partner.getResourceEntry$ar$ds$ar$class_merging$ar$class_merging: Partner app=com.google.android.euiccoverlay, Resource name=esim_supported_countries, type=string, partnerResId = 0
10-04 03:21:43.084 I/EuiccGoogle(20373): [2] Partner.getResourceEntry$ar$ds$ar$class_merging$ar$class_merging: Partner app=com.google.android.euiccoverlay, Resource name=esim_unsupported_countries, type=string, partnerResId = 2131689520
10-04 03:21:43.091 D/EuiccConnector( 2650): handleMessage: E msg.what=4
10-04 03:21:43.091 D/EuiccConnector( 2650): processMsg: DisconnectedState
10-04 03:21:43.091 D/EuiccConnector( 2650): transitionTo: destState=ConnectedState
10-04 03:21:43.091 D/EuiccConnector( 2650): handleMessage: new destination call exit/enter
10-04 03:21:43.091 D/EuiccConnector( 2650): setupTempStateStackWithStatesToEnter: X mTempStateStackCount=1,curStateInfo: state=DisconnectedState,active=true,parent=null
10-04 03:21:43.091 D/EuiccConnector( 2650): moveTempStackToStateStack: i=0,j=1
10-04 03:21:43.091 D/EuiccConnector( 2650): moveTempStackToStateStack: X mStateStackTop=1,startingIndex=1,Top=ConnectedState
10-04 03:21:43.091 D/EuiccConnector( 2650): invokeEnterMethods: ConnectedState
10-04 03:21:43.091 D/EuiccConnector( 2650): moveDeferredMessageAtFrontOfQueue; what=103
10-04 03:21:43.091 D/EuiccConnector( 2650): handleMessage: X
10-04 03:21:43.091 D/EuiccConnector( 2650): handleMessage: E msg.what=103
10-04 03:21:43.091 D/EuiccConnector( 2650): processMsg: ConnectedState
10-04 03:21:43.091 D/EuiccConnector( 2650): handleMessage: X
10-04 03:21:43.093 I/EuiccGoogle(20373): [362] EuiccServiceImpl.onGetEuiccProfileInfoList: onGetEuiccProfileInfoList: slotId = 0
10-04 03:21:43.099 I/EuiccGoogle(20373): [362] EuiccServiceImpl.onGetEuiccProfileInfoList: slotId = 0, isRemovable = false
10-04 03:21:43.099 I/EuiccGoogle(20373): [362] EuiccServiceImpl.onGetEuiccProfileInfoList: onGetEuiccProfileInfoList: isRemovable = false.
10-04 03:21:43.100 I/EuiccGoogle(20373): [362] EuiccServiceImpl.onGetEuiccProfileInfoList: getSimCardState for slotId: 0
10-04 03:21:43.101 I/EuiccGoogle(20373): [362] EuiccServiceImpl.onGetEuiccProfileInfoList: GetEuiccProfileInfoListResult: simCardState :11and simCardStateAtTelephony:11 for slot:0
10-04 03:21:43.101 I/EuiccGoogle(20373): [362] EuiccServiceImpl.getProfileInfoList: getProfileInfoList: slotId = 0.
10-04 03:21:43.101 I/EuiccGoogle(20373): [362] EuiccServiceImpl.getEidFromSlotId: getEidFromSlotId: slotId = 0.
10-04 03:21:43.101 I/EuiccGoogle(20373): [362] NetworkFetcher.getEidForSlot: getEidForSlot: 0
10-04 03:21:43.102 I/EuiccGoogle(20373): [362] BlockingEuiccCardManager.requestAllProfiles: requestAllProfiles: cardId = [OQEUHFB2NrdLZszPIj0U7I1kjXc]
10-04 03:21:43.213 D/EuiccConnector( 2650): handleMessage: E msg.what=6
10-04 03:21:43.213 D/EuiccConnector( 2650): processMsg: ConnectedState
10-04 03:21:43.213 D/EuiccConnector( 2650): handleMessage: X
10-04 03:21:43.265 D/TrafficStats(31959): tagSocket(5) with statsTag=0xffffffff, statsUid=-1
10-04 03:21:43.350 D/BufferPoolAccessor2.0( 1347): bufferpool2 0xb400006f577967e8 : 0(0 size) total buffers - 0(0 size) used buffers - 92/96 (recycle/alloc) - 4/96 (fetch/transfer)
10-04 03:21:43.350 D/BufferPoolAccessor2.0( 1347): Destruction - bufferpool2 0xb400006f577967e8 cached: 0/0M, 0/0% in use; allocs: 96, 96% recycled; transfers: 96, 96% unfetched
10-04 03:21:43.351 V/ActivityManager( 1649): Got obituary of 28034:com.zebra.soho_app
10-04 03:21:43.353 W/ActivityManager( 1649): setHasOverlayUi called on unknown pid: 28034
10-04 03:21:43.354 D/ConnectivityService( 1649): releasing NetworkRequest [ REQUEST id=1819, [ Capabilities: INTERNET&NOT_RESTRICTED&TRUSTED&NOT_VCN_MANAGED Uid: 10372 RequestorUid: 10372 RequestorPkg: com.zebra.soho_app UnderlyingNetworks: Null] ] (release request)
10-04 03:21:43.358 I/libprocessgroup( 1649): Removed cgroup /sys/fs/cgroup/uid_10372/pid_28034
10-04 03:21:43.358 I/Zygote  ( 1107): Process 28034 exited due to signal 9 (Killed)
10-04 03:21:43.532 I/WifiHAL ( 1196): Creating message to get link statistics; iface = 47
10-04 03:21:43.608 D/TrafficStats(31959): tagSocket(5) with statsTag=0xffffffff, statsUid=-1
10-04 03:21:43.619 D/TrafficStats(31959): tagSocket(97) with statsTag=0xffffffff, statsUid=-1
10-04 03:21:43.622 I/WifiHAL ( 1196): In GetLinkStatsCommand::handleResponse
10-04 03:21:43.659 D/ConnectivityService( 1649): NetReassign [no changes] [c 1] [a 0] [i 2]
10-04 03:21:44.079 I/bthal.activity( 1121): bt_power: LeAdvStat: 03:21:43:068 - 03:21:44:078, duration: 1009, le_adv_count: 3, total_le_adv_count: 11936, total_event_count: 3
10-04 03:21:44.081 D/TrafficStats(31959): tagSocket(5) with statsTag=0xffffffff, statsUid=-1
10-04 03:21:44.102 D/TrafficStats(31959): tagSocket(97) with statsTag=0xffffffff, statsUid=-1
10-04 03:21:44.106 D/TrafficStats(31959): tagSocket(98) with statsTag=0xffffffff, statsUid=-1
10-04 03:21:44.336 D/AndroidRuntime(32257): >>>>>> START com.android.internal.os.RuntimeInit uid 2000 <<<<<<
10-04 03:21:44.340 I/app_process(32257): MMAP_TRYLOCK is supported in uffd errno:2 addr:0x7dd283e000 size:4096
10-04 03:21:44.340 I/AndroidRuntime(32257): Using default boot image
10-04 03:21:44.340 I/AndroidRuntime(32257): Leaving lock profiling enabled
10-04 03:21:44.343 I/app_process(32257): Using CollectorTypeCMC GC.
10-04 03:21:44.346 D/TrafficStats(31959): tagSocket(5) with statsTag=0xffffffff, statsUid=-1
10-04 03:21:44.402 D/nativeloader(32257): InitDefaultPublicLibraries for_preload=1: libandroid.so:libaaudio.so:libamidi.so:libbinder_ndk.so:libc.so:libcamera2ndk.so:libdl.so:libEGL.so:libGLESv1_CM.so:libGLESv2.so:libGLESv3.so:libicu.so:libicui18n.so:libicuuc.so:libjnigraphics.so:liblog.so:libmediandk.so:libm.so:libnativehelper.so:libnativewindow.so:libOpenMAXAL.so:libOpenSLES.so:libRS.so:libstdc++.so:libsync.so:libvulkan.so:libwebviewchromium_plat_support.so:libz.so
10-04 03:21:44.423 D/nativeloader(32257): Load libicu_jni.so using APEX ns com_android_art for caller /apex/com.android.art/javalib/core-oj.jar: ok
10-04 03:21:44.423 D/app_process(32257): Time zone APEX ICU file found: /apex/com.android.tzdata/etc/icu/icu_tzdata.dat
10-04 03:21:44.423 D/app_process(32257): I18n APEX ICU file found: /apex/com.android.i18n/etc/icu/icudt72l.dat
10-04 03:21:44.424 D/nativeloader(32257): Load libjavacore.so using APEX ns com_android_art for caller /apex/com.android.art/javalib/core-oj.jar: ok
10-04 03:21:44.425 D/nativeloader(32257): Load libopenjdk.so using APEX ns com_android_art for caller /apex/com.android.art/javalib/core-oj.jar: ok
10-04 03:21:44.445 D/nativeloader(32257): Load libframework-connectivity-tiramisu-jni.so using APEX ns com_android_tethering for caller /apex/com.android.tethering/javalib/framework-connectivity-t.jar: ok
10-04 03:21:44.445 D/AndroidRuntime(32257): Calling main entry com.android.commands.monkey.Monkey
10-04 03:21:44.446 W/Monkey  (32257): args: [-p, com.zebra.soho_app, -c, android.intent.category.LAUNCHER, 1]
10-04 03:21:44.446 W/Monkey  (32257):  arg: "-p"
10-04 03:21:44.446 W/Monkey  (32257):  arg: "com.zebra.soho_app"
10-04 03:21:44.446 W/Monkey  (32257):  arg: "-c"
10-04 03:21:44.446 W/Monkey  (32257):  arg: "android.intent.category.LAUNCHER"
10-04 03:21:44.446 W/Monkey  (32257):  arg: "1"
10-04 03:21:44.446 W/Monkey  (32257): data="com.zebra.soho_app"
10-04 03:21:44.446 W/Monkey  (32257): data="android.intent.category.LAUNCHER"
10-04 03:21:44.455 W/ActivityManager( 1649): registerReceiverWithFeature: no app for null
10-04 03:21:44.460 W/ActivityTaskManager( 1649): callingPackage for (uid=2000, pid=32257) has no WPC
10-04 03:21:44.461 D/CompatibilityChangeReporter( 1649): Compat change id reported: 265464455; UID 10372; state: DISABLED
10-04 03:21:44.461 D/CompatibilityChangeReporter( 1649): Compat change id reported: 310816437; UID 10372; state: DISABLED
10-04 03:21:44.461 D/CompatibilityChangeReporter( 1649): Compat change id reported: 265452344; UID 10372; state: DISABLED
10-04 03:21:44.461 D/CompatibilityChangeReporter( 1649): Compat change id reported: 266124927; UID 10372; state: DISABLED
10-04 03:21:44.461 D/CompatibilityChangeReporter( 1649): Compat change id reported: 265451093; UID 10372; state: DISABLED
10-04 03:21:44.461 D/CompatibilityChangeReporter( 1649): Compat change id reported: 265456536; UID 10372; state: DISABLED
10-04 03:21:44.461 D/CompatibilityChangeReporter( 1649): Compat change id reported: 255940284; UID 10372; state: DISABLED
10-04 03:21:44.461 D/CompatibilityChangeReporter( 1649): Compat change id reported: 236283604; UID 10372; state: DISABLED
10-04 03:21:44.462 D/CompatibilityChangeReporter( 1649): Compat change id reported: 263959004; UID 10372; state: DISABLED
10-04 03:21:44.462 D/CompatibilityChangeReporter( 1649): Compat change id reported: 264304459; UID 10372; state: DISABLED
10-04 03:21:44.462 D/CompatibilityChangeReporter( 1649): Compat change id reported: 264301586; UID 10372; state: DISABLED
10-04 03:21:44.462 D/CompatibilityChangeReporter( 1649): Compat change id reported: 254631730; UID 10372; state: DISABLED
10-04 03:21:44.462 D/CompatibilityChangeReporter( 1649): Compat change id reported: 273509367; UID 10372; state: DISABLED
10-04 03:21:44.462 D/CompatibilityChangeReporter( 1649): Compat change id reported: 263259275; UID 10372; state: DISABLED
10-04 03:21:44.462 D/CompatibilityChangeReporter( 1649): Compat change id reported: 174042980; UID 10372; state: DISABLED
10-04 03:21:44.462 D/CompatibilityChangeReporter( 1649): Compat change id reported: 174042936; UID 10372; state: DISABLED
10-04 03:21:44.462 D/CompatibilityChangeReporter( 1649): Compat change id reported: 181136395; UID 10372; state: DISABLED
10-04 03:21:44.463 D/CompatibilityChangeReporter( 1649): Compat change id reported: 194480991; UID 10372; state: ENABLED
10-04 03:21:44.466 D/CompatibilityChangeReporter( 1649): Compat change id reported: 184838306; UID 10372; state: DISABLED
10-04 03:21:44.466 D/CompatibilityChangeReporter( 1649): Compat change id reported: 185004937; UID 10372; state: DISABLED
10-04 03:21:44.467 D/CompatibilityChangeReporter( 1649): Compat change id reported: 205907456; UID 10372; state: ENABLED
10-04 03:21:44.469 D/CompatibilityChangeReporter( 1649): Compat change id reported: 194833441; UID 10372; state: ENABLED
10-04 03:21:44.469 I/ActivityTaskManager( 1649): START u0 {act=android.intent.action.MAIN cat=[android.intent.category.LAUNCHER] flg=0x10200000 cmp=com.zebra.soho_app/.MainActivity} with LAUNCH_SINGLE_TASK from uid 2000 (BAL_ALLOW_PERMISSION) result code=0
10-04 03:21:44.469 V/WindowManagerShell( 2307): Transition requested (#570): android.os.BinderProxy@2cd7ba9 TransitionRequestInfo { type = OPEN, triggerTask = TaskInfo{userId=0 taskId=710 displayId=0 isRunning=true baseIntent=Intent { act=android.intent.action.MAIN cat=[android.intent.category.LAUNCHER] flg=0x10200000 cmp=com.zebra.soho_app/.MainActivity } baseActivity=ComponentInfo{com.zebra.soho_app/com.zebra.soho_app.MainActivity} topActivity=ComponentInfo{com.zebra.soho_app/com.zebra.soho_app.MainActivity} origActivity=null realActivity=ComponentInfo{com.zebra.soho_app/com.zebra.soho_app.MainActivity} numActivities=1 lastActiveTime=248699210 supportsMultiWindow=true resizeMode=1 isResizeable=true minWidth=-1 minHeight=-1 defaultMinSize=220 token=WCT{android.window.IWindowContainerToken$Stub$Proxy@ae1552e} topActivityType=1 pictureInPictureParams=null shouldDockBigOverlays=false launchIntoPipHostTaskId=-1 lastParentTaskIdBeforePip=-1 displayCutoutSafeInsets=Rect(0, 108 - 0, 0) topActivityInfo=ActivityInfo{97978cf com.zebra.soho_app.MainActivity} launchCookies=[] positionInParent=Point(0, 0) parentTaskId=-1 isFocused=false isVisible=false isVisibleRequested=false isSleeping=false locusId=null displayAreaFeatureId=1 isTopActivityTransparent=false appCompatTaskInfo=AppCompatTaskInfo { topActivityInSizeCompat=false topActivityEligibleForLetterboxEducation= false isLetterboxDoubleTapEnabled= false topActivityEligibleForUserAspectRatioButton= false topActivityBoundsLetterboxed= false isFromLetterboxDoubleTap= false topActivityLetterboxVerticalPosition= -1 topActivityLetterboxHorizontalPosition= -1 topActivityLetterboxWidth=1080 topActivityLetterboxHeight=2340 isUserFullscreenOverrideEnabled=false isSystemFullscreenOverrideEnabled=false cameraCompatControlState=hidden}}, pipTask = null, remoteTransition = null, displayChange = null, flags = 0, debugId = 570 }
10-04 03:21:44.470 I/Monkey  (32257): Events injected: 1
10-04 03:21:44.470 I/cr_VideoPersist( 4665): Attempted picture-in-picture with result: 8
10-04 03:21:44.470 D/GrammaticalInflection( 1649): The flag must be enabled to allow calling the API.
10-04 03:21:44.470 D/CompatibilityChangeReporter( 1649): Compat change id reported: 135634846; UID 10372; state: DISABLED
10-04 03:21:44.470 D/CompatibilityChangeReporter( 1649): Compat change id reported: 177438394; UID 10372; state: DISABLED
10-04 03:21:44.470 D/CompatibilityChangeReporter( 1649): Compat change id reported: 135772972; UID 10372; state: DISABLED
10-04 03:21:44.471 D/CompatibilityChangeReporter( 1649): Compat change id reported: 135754954; UID 10372; state: ENABLED
10-04 03:21:44.471 D/CompatibilityChangeReporter( 1649): Compat change id reported: 143937733; UID 10372; state: ENABLED
10-04 03:21:44.479 D/CompatibilityChangeReporter( 1649): Compat change id reported: 168419799; UID 10372; state: DISABLED
10-04 03:21:44.479 D/CompatibilityChangeReporter( 1649): Compat change id reported: 273564678; UID 10372; state: DISABLED
10-04 03:21:44.480 I/BpBinder(  556): onLastStrongRef automatically unlinking death recipients: 
10-04 03:21:44.480 D/Zygote  ( 1107): Forked child process 32272
10-04 03:21:44.481 W/powerhal-libperfmgr(  697): The actual duration is way far from the target (39876902000 >> 12450000)
10-04 03:21:44.481 I/ActivityManager( 1649): Start proc 32272:com.zebra.soho_app/u0a372 for next-top-activity {com.zebra.soho_app/com.zebra.soho_app.MainActivity}
10-04 03:21:44.487 I/Monkey  (32257): ## Network stats: elapsed time=18ms (0ms mobile, 0ms wifi, 18ms not connected)
10-04 03:21:44.488 I/app_process(32257): System.exit called, status: 0
10-04 03:21:44.488 I/AndroidRuntime(32257): VM exiting with result code 0.
10-04 03:21:44.488 D/CoreBackPreview( 1649): Window{d09a1cd u0 Splash Screen com.zebra.soho_app}: Setting back callback OnBackInvokedCallbackInfo{mCallback=android.window.IOnBackInvokedCallback$Stub$Proxy@dc402fc, mPriority=0, mIsAnimationCallback=false}
10-04 03:21:44.490 I/.zebra.soho_app(32272): Using CollectorTypeCMC GC.
10-04 03:21:44.493 W/ProxyAndroidLoggerBackend( 4665): Too many Flogger logs received before configuration. Dropping old logs.
10-04 03:21:44.493 W/ProxyAndroidLoggerBackend( 4665): Too many Flogger logs received before configuration. Dropping old logs.
10-04 03:21:44.493 W/ProxyAndroidLoggerBackend( 4665): Too many Flogger logs received before configuration. Dropping old logs.
10-04 03:21:44.495 E/.zebra.soho_app(32272): Not starting debugger since process cannot load the jdwp agent.
10-04 03:21:44.495 W/gralloc4(  558): Unable to set buffer name VRI[soho_app]#417(BLAST Consumer)417: File name too long
10-04 03:21:44.497 W/gralloc4(  558): Unable to set buffer name VRI[soho_app]#417(BLAST Consumer)417: File name too long
10-04 03:21:44.498 W/gralloc4(  558): Unable to set buffer name VRI[soho_app]#417(BLAST Consumer)417: File name too long
10-04 03:21:44.498 W/gralloc4(  558): Unable to set buffer name VRI[soho_app]#417(BLAST Consumer)417: File name too long
10-04 03:21:44.499 W/gralloc4(  558): Unable to set buffer name VRI[soho_app]#417(BLAST Consumer)417: File name too long
10-04 03:21:44.505 D/nativeloader(32272): Load libframework-connectivity-tiramisu-jni.so using APEX ns com_android_tethering for caller /apex/com.android.tethering/javalib/framework-connectivity-t.jar: ok
10-04 03:21:44.505 V/WindowManagerShell( 2307): onTransitionReady (#570) android.os.BinderProxy@2cd7ba9: {id=570 t=OPEN f=0x0 trk=0 r=[0@Point(0, 0)] c=[{WCT{android.window.IWindowContainerToken$Stub$Proxy@3bc01ea} m=OPEN f=NONE leash=Surface(name=Task=710)/@0xb1033bf sb=Rect(0, 0 - 1080, 2340) eb=Rect(0, 0 - 1080, 2340) d=0},{WCT{android.window.IWindowContainerToken$Stub$Proxy@49e4cdb} m=TO_BACK f=NONE leash=Surface(name=Task=707)/@0xa646a8c sb=Rect(0, 0 - 1080, 2340) eb=Rect(0, 0 - 1080, 2340) d=0}]}
10-04 03:21:44.505 V/WindowManagerShell( 2307): Playing animation for (#570) android.os.BinderProxy@2cd7ba9@0
10-04 03:21:44.505 V/WindowManagerShell( 2307):  try handler com.android.wm.shell.transition.DefaultMixedHandler@f50e37e
10-04 03:21:44.505 V/WindowManagerShell( 2307):  try handler com.android.wm.shell.keyguard.KeyguardTransitionHandler@c3570df
10-04 03:21:44.505 V/WindowManagerShell( 2307):  try handler com.android.wm.shell.pip.PipTransition@69f312c
10-04 03:21:44.505 V/WindowManagerShell( 2307):  try handler com.android.wm.shell.activityembedding.ActivityEmbeddingController@6cb87f5
10-04 03:21:44.505 V/WindowManagerShell( 2307):  try handler com.android.wm.shell.recents.RecentsTransitionHandler@493b98a
10-04 03:21:44.505 V/ShellRecents( 2307): RecentsTransitionHandler.startAnimation: no controller found
10-04 03:21:44.505 V/WindowManagerShell( 2307):  try handler com.android.wm.shell.splitscreen.StageCoordinator@1ddd628
10-04 03:21:44.505 V/WindowManagerShell( 2307):  try handler com.android.wm.shell.transition.RemoteTransitionHandler@2a3bfb
10-04 03:21:44.505 V/WindowManagerShell( 2307): Transition doesn't have explicit remote, search filters for match for {id=570 t=OPEN f=0x0 trk=0 r=[0@Point(0, 0)] c=[{WCT{android.window.IWindowContainerToken$Stub$Proxy@3bc01ea} m=OPEN f=NONE leash=Surface(name=Task=710)/@0xb1033bf sb=Rect(0, 0 - 1080, 2340) eb=Rect(0, 0 - 1080, 2340) d=0},{WCT{android.window.IWindowContainerToken$Stub$Proxy@49e4cdb} m=TO_BACK f=NONE leash=Surface(name=Task=707)/@0xa646a8c sb=Rect(0, 0 - 1080, 2340) eb=Rect(0, 0 - 1080, 2340) d=0}]}
10-04 03:21:44.505 V/WindowManagerShell( 2307):  Checking filter Pair{{types=[] flags=0x0] notFlags=0x0 checks=[{atype=dream independent=true modes=[OPEN,TO_FRONT] flags=NONE mustBeTask=false order=ANY topActivity=null},{atype=home independent=true modes=[CLOSE,TO_BACK] flags=NONE mustBeTask=false order=ANY topActivity=null}]} RemoteTransition { remoteTransition = android.window.IRemoteTransition$Stub$Proxy@fd47b56, appThread = android.app.IApplicationThread$Stub$Proxy@590e7d7, debugName = LauncherToDream }}
10-04 03:21:44.505 V/WindowManagerShell( 2307):  Checking filter Pair{{types=[] flags=0x0] notFlags=0x100 checks=[{atype=home independent=true modes=[OPEN,TO_FRONT] flags=NONE mustBeTask=false order=TOP topActivity=ComponentInfo{com.google.android.apps.nexuslauncher/com.google.android.apps.nexuslauncher.NexusLauncherActivity}},{atype=standard independent=true modes=[CLOSE,TO_BACK] flags=NONE mustBeTask=false order=ANY topActivity=null}]} RemoteTransition { remoteTransition = android.window.IRemoteTransition$Stub$Proxy@ca068c4, appThread = android.app.IApplicationThread$Stub$Proxy@bd083ad, debugName = QuickstepLaunchHome }}
10-04 03:21:44.505 V/WindowManagerShell( 2307):  Delegate animation for (#570) to null
10-04 03:21:44.505 V/WindowManagerShell( 2307):  try handler com.android.wm.shell.transition.DefaultTransitionHandler@a7479c4
10-04 03:21:44.505 V/WindowManagerShell( 2307): start default transition animation, info = {id=570 t=OPEN f=0x0 trk=0 r=[0@Point(0, 0)] c=[{WCT{android.window.IWindowContainerToken$Stub$Proxy@3bc01ea} m=OPEN f=NONE leash=Surface(name=Task=710)/@0xb1033bf sb=Rect(0, 0 - 1080, 2340) eb=Rect(0, 0 - 1080, 2340) d=0},{WCT{android.window.IWindowContainerToken$Stub$Proxy@49e4cdb} m=TO_BACK f=NONE leash=Surface(name=Task=707)/@0xa646a8c sb=Rect(0, 0 - 1080, 2340) eb=Rect(0, 0 - 1080, 2340) d=0}]}
10-04 03:21:44.505 V/WindowManagerShell( 2307): loadAnimation: anim=android.view.animation.AnimationSet@25052b6 animAttr=0x9 type=OPEN isEntrance=false
10-04 03:21:44.506 V/WindowManagerShell( 2307): loadAnimation: anim=android.view.animation.AnimationSet@bbb7f24 animAttr=0x8 type=OPEN isEntrance=true
10-04 03:21:44.506 V/WindowManagerShell( 2307):  animated by com.android.wm.shell.transition.DefaultTransitionHandler@a7479c4
10-04 03:21:44.514 E/hwc-display(  559): [PrimaryDisplay] resetColorMappingInfoForClientComp:: resetColorMappingInfo() idx=1 error(-22)
10-04 03:21:44.514 E/hwc-display(  559): Fail to open file /data/vendor/log/hwc/PrimaryDisplay_hwc_error_log0.txt, error: Permission denied
10-04 03:21:44.514 E/hwc-display(  559): Fail to open file /data/log/PrimaryDisplay_hwc_error_log0.txt, error: No such file or directory
10-04 03:21:44.514 E/hwc-display(  559): Unable to open log file for PrimaryDisplay_hwc_error_log0.txt
10-04 03:21:44.514 E/hwc-display(  559): [PrimaryDisplay] resetColorMappingInfoForClientComp:: resetColorMappingInfo() idx=2 error(-22)
10-04 03:21:44.514 E/hwc-display(  559): Fail to open file /data/vendor/log/hwc/PrimaryDisplay_hwc_error_log0.txt, error: Permission denied
10-04 03:21:44.514 E/hwc-display(  559): Fail to open file /data/log/PrimaryDisplay_hwc_error_log0.txt, error: No such file or directory
10-04 03:21:44.514 E/hwc-display(  559): Unable to open log file for PrimaryDisplay_hwc_error_log0.txt
10-04 03:21:44.509 W/binder:559_6(  559): type=1400 audit(0.0:10742): avc:  denied  { search } for  name="log" dev="dm-57" ino=320 scontext=u:r:hal_graphics_composer_default:s0 tcontext=u:object_r:vendor_log_file:s0 tclass=dir permissive=0
10-04 03:21:44.509 W/binder:559_6(  559): type=1400 audit(0.0:10743): avc:  denied  { search } for  name="log" dev="dm-57" ino=320 scontext=u:r:hal_graphics_composer_default:s0 tcontext=u:object_r:vendor_log_file:s0 tclass=dir permissive=0
10-04 03:21:44.509 W/binder:559_6(  559): type=1400 audit(0.0:10744): avc:  denied  { search } for  name="log" dev="dm-57" ino=320 scontext=u:r:hal_graphics_composer_default:s0 tcontext=u:object_r:vendor_log_file:s0 tclass=dir permissive=0
10-04 03:21:44.509 W/binder:559_6(  559): type=1400 audit(0.0:10745): avc:  denied  { search } for  name="log" dev="dm-57" ino=320 scontext=u:r:hal_graphics_composer_default:s0 tcontext=u:object_r:vendor_log_file:s0 tclass=dir permissive=0
10-04 03:21:44.516 V/WindowManager( 1649): Sent Transition (#570) createdAt=10-04 03:21:44.463 via request=TransitionRequestInfo { type = OPEN, triggerTask = TaskInfo{userId=0 taskId=710 displayId=0 isRunning=true baseIntent=Intent { act=android.intent.action.MAIN cat=[android.intent.category.LAUNCHER] flg=0x10200000 cmp=com.zebra.soho_app/.MainActivity } baseActivity=ComponentInfo{com.zebra.soho_app/com.zebra.soho_app.MainActivity} topActivity=ComponentInfo{com.zebra.soho_app/com.zebra.soho_app.MainActivity} origActivity=null realActivity=ComponentInfo{com.zebra.soho_app/com.zebra.soho_app.MainActivity} numActivities=1 lastActiveTime=248699210 supportsMultiWindow=true resizeMode=1 isResizeable=true minWidth=-1 minHeight=-1 defaultMinSize=220 token=WCT{RemoteToken{759a7a6 Task{be94ecc #710 type=standard A=10372:com.zebra.soho_app}}} topActivityType=1 pictureInPictureParams=null shouldDockBigOverlays=false launchIntoPipHostTaskId=-1 lastParentTaskIdBeforePip=-1 displayCutoutSafeInsets=Rect(0, 108 - 0, 0) topActivityInfo=ActivityInfo{44500ff com.zebra.soho_app.MainActivity} launchCookies=[] positionInParent=Point(0, 0) parentTaskId=-1 isFocused=false isVisible=false isVisibleRequested=false isSleeping=false locusId=null displayAreaFeatureId=1 isTopActivityTransparent=false appCompatTaskInfo=AppCompatTaskInfo { topActivityInSizeCompat=false topActivityEligibleForLetterboxEducation= false isLetterboxDoubleTapEnabled= false topActivityEligibleForUserAspectRatioButton= false topActivityBoundsLetterboxed= false isFromLetterboxDoubleTap= false topActivityLetterboxVerticalPosition= -1 topActivityLetterboxHorizontalPosition= -1 topActivityLetterboxWidth=1080 topActivityLetterboxHeight=2340 isUserFullscreenOverrideEnabled=false isSystemFullscreenOverrideEnabled=false cameraCompatControlState=hidden}}, pipTask = null, remoteTransition = null, displayChange = null, flags = 0, debugId = 570 }
10-04 03:21:44.516 V/WindowManager( 1649):     startWCT=WindowContainerTransaction { changes = {} hops = [] errorCallbackToken=null taskFragmentOrganizer=null }
10-04 03:21:44.516 V/WindowManager( 1649):     info={id=570 t=OPEN f=0x0 trk=0 r=[0@Point(0, 0)] c=[
10-04 03:21:44.516 V/WindowManager( 1649):         {WCT{RemoteToken{759a7a6 Task{be94ecc #710 type=standard A=10372:com.zebra.soho_app}}} m=OPEN f=NONE leash=Surface(name=Task=710)/@0x7cc52e8 sb=Rect(0, 0 - 1080, 2340) eb=Rect(0, 0 - 1080, 2340) d=0},
10-04 03:21:44.516 V/WindowManager( 1649):         {WCT{RemoteToken{661d869 Task{b8011c0 #707 type=standard A=10186:com.android.chrome}}} m=TO_BACK f=NONE leash=Surface(name=Task=707)/@0x632733 sb=Rect(0, 0 - 1080, 2340) eb=Rect(0, 0 - 1080, 2340) d=0}
10-04 03:21:44.516 V/WindowManager( 1649):     ]}
10-04 03:21:44.519 W/AppSearchIcing( 1649): icing-search-engine.cc:321: Error: 5, Message: Failed to delete Document. namespace: VS#Pkg$VS#AndroidVDb/androidVOverlay, uri: com.android.chrome$Jam_com.android.chrome/ImageObject;Failed to find DocumentId by key: VS#Pkg$VS#AndroidVDb/androidVOverlay, com.android.chrome$Jam_com.android.chrome/ImageObject;Key not found VS#Pkg$VS#AndroidVDb/androidVOverlay in DynamicTrieKeyMapper /data/system_ce/0/appsearch/icing/document_dir/namespace_mapper/key_mapper_dir/key_mapper.
10-04 03:21:44.520 W/AppSearchIcing( 1649): icing-search-engine.cc:321: Error: 5, Message: Failed to delete Document. namespace: VS#Pkg$VS#AndroidVDb/androidVOverlay, uri: com.android.chrome$Jam_com.android.chrome/builtin:AttributionInfo;Failed to find DocumentId by key: VS#Pkg$VS#AndroidVDb/androidVOverlay, com.android.chrome$Jam_com.android.chrome/builtin:AttributionInfo;Key not found VS#Pkg$VS#AndroidVDb/androidVOverlay in DynamicTrieKeyMapper /data/system_ce/0/appsearch/icing/document_dir/namespace_mapper/key_mapper_dir/key_mapper.
10-04 03:21:44.520 W/AppSearchIcing( 1649): icing-search-engine.cc:321: Error: 5, Message: Failed to delete Document. namespace: VS#Pkg$VS#AndroidVDb/androidVOverlay, uri: com.android.chrome$Jam_com.android.chrome/WebPage;Failed to find DocumentId by key: VS#Pkg$VS#AndroidVDb/androidVOverlay, com.android.chrome$Jam_com.android.chrome/WebPage;Key not found VS#Pkg$VS#AndroidVDb/androidVOverlay in DynamicTrieKeyMapper /data/system_ce/0/appsearch/icing/document_dir/namespace_mapper/key_mapper_dir/key_mapper.
10-04 03:21:44.520 W/AppSearchIcing( 1649): icing-search-engine.cc:321: Error: 5, Message: Failed to delete Document. namespace: VS#Pkg$VS#AndroidVDb/androidVOverlay, uri: com.android.chrome$Jam_com.android.chrome/Tab;Failed to find DocumentId by key: VS#Pkg$VS#AndroidVDb/androidVOverlay, com.android.chrome$Jam_com.android.chrome/Tab;Key not found VS#Pkg$VS#AndroidVDb/androidVOverlay in DynamicTrieKeyMapper /data/system_ce/0/appsearch/icing/document_dir/namespace_mapper/key_mapper_dir/key_mapper.
10-04 03:21:44.520 W/UserManagerService( 1649): Requested status bar icon for non-badged user 0
10-04 03:21:44.527 D/CompatibilityChangeReporter( 1649): Compat change id reported: 265195908; UID 10372; state: ENABLED
10-04 03:21:44.528 D/CompatibilityChangeReporter(32272): Compat change id reported: 171979766; UID 10372; state: ENABLED
10-04 03:21:44.528 D/CompatibilityChangeReporter(32272): Compat change id reported: 242716250; UID 10372; state: ENABLED
10-04 03:21:44.529 D/CompatibilityChangeReporter( 1649): Compat change id reported: 170503758; UID 10372; state: ENABLED
10-04 03:21:44.539 W/AppSearchIcing( 1649): icing-search-engine.cc:321: Error: 5, Message: Failed to delete Document. namespace: VS#Pkg$VS#AndroidVDb/androidVOverlay, uri: com.android.chrome$Jam_com.android.chrome/ImageObject;Failed to find DocumentId by key: VS#Pkg$VS#AndroidVDb/androidVOverlay, com.android.chrome$Jam_com.android.chrome/ImageObject;Key not found VS#Pkg$VS#AndroidVDb/androidVOverlay in DynamicTrieKeyMapper /data/system_ce/0/appsearch/icing/document_dir/namespace_mapper/key_mapper_dir/key_mapper.
10-04 03:21:44.539 W/AppSearchIcing( 1649): icing-search-engine.cc:321: Error: 5, Message: Failed to delete Document. namespace: VS#Pkg$VS#AndroidVDb/androidVOverlay, uri: com.android.chrome$Jam_com.android.chrome/builtin:AttributionInfo;Failed to find DocumentId by key: VS#Pkg$VS#AndroidVDb/androidVOverlay, com.android.chrome$Jam_com.android.chrome/builtin:AttributionInfo;Key not found VS#Pkg$VS#AndroidVDb/androidVOverlay in DynamicTrieKeyMapper /data/system_ce/0/appsearch/icing/document_dir/namespace_mapper/key_mapper_dir/key_mapper.
10-04 03:21:44.540 W/AppSearchIcing( 1649): icing-search-engine.cc:321: Error: 5, Message: Failed to delete Document. namespace: VS#Pkg$VS#AndroidVDb/androidVOverlay, uri: com.android.chrome$Jam_com.android.chrome/WebPage;Failed to find DocumentId by key: VS#Pkg$VS#AndroidVDb/androidVOverlay, com.android.chrome$Jam_com.android.chrome/WebPage;Key not found VS#Pkg$VS#AndroidVDb/androidVOverlay in DynamicTrieKeyMapper /data/system_ce/0/appsearch/icing/document_dir/namespace_mapper/key_mapper_dir/key_mapper.
10-04 03:21:44.540 W/AppSearchIcing( 1649): icing-search-engine.cc:321: Error: 5, Message: Failed to delete Document. namespace: VS#Pkg$VS#AndroidVDb/androidVOverlay, uri: com.android.chrome$Jam_com.android.chrome/Tab;Failed to find DocumentId by key: VS#Pkg$VS#AndroidVDb/androidVOverlay, com.android.chrome$Jam_com.android.chrome/Tab;Key not found VS#Pkg$VS#AndroidVDb/androidVOverlay in DynamicTrieKeyMapper /data/system_ce/0/appsearch/icing/document_dir/namespace_mapper/key_mapper_dir/key_mapper.
10-04 03:21:44.545 D/nativeloader(32272): Configuring clns-4 for other apk /data/app/~~nsYIzdO4rSAi3BoGoc4BrA==/com.zebra.soho_app-Sfx50i7VLHwQzT6qnk8NGw==/base.apk. target_sdk_version=34, uses_libraries=, library_path=/data/app/~~nsYIzdO4rSAi3BoGoc4BrA==/com.zebra.soho_app-Sfx50i7VLHwQzT6qnk8NGw==/lib/arm64:/data/app/~~nsYIzdO4rSAi3BoGoc4BrA==/com.zebra.soho_app-Sfx50i7VLHwQzT6qnk8NGw==/base.apk!/lib/arm64-v8a, permitted_path=/data:/mnt/expand:/data/user/0/com.zebra.soho_app
10-04 03:21:44.549 W/AppSearchIcing( 1649): icing-search-engine.cc:321: Error: 5, Message: Failed to delete Document. namespace: VS#Pkg$VS#AndroidVDb/androidVOverlay, uri: com.android.chrome$Jam_com.android.chrome/ImageObject;Failed to find DocumentId by key: VS#Pkg$VS#AndroidVDb/androidVOverlay, com.android.chrome$Jam_com.android.chrome/ImageObject;Key not found VS#Pkg$VS#AndroidVDb/androidVOverlay in DynamicTrieKeyMapper /data/system_ce/0/appsearch/icing/document_dir/namespace_mapper/key_mapper_dir/key_mapper.
10-04 03:21:44.549 W/AppSearchIcing( 1649): icing-search-engine.cc:321: Error: 5, Message: Failed to delete Document. namespace: VS#Pkg$VS#AndroidVDb/androidVOverlay, uri: com.android.chrome$Jam_com.android.chrome/builtin:AttributionInfo;Failed to find DocumentId by key: VS#Pkg$VS#AndroidVDb/androidVOverlay, com.android.chrome$Jam_com.android.chrome/builtin:AttributionInfo;Key not found VS#Pkg$VS#AndroidVDb/androidVOverlay in DynamicTrieKeyMapper /data/system_ce/0/appsearch/icing/document_dir/namespace_mapper/key_mapper_dir/key_mapper.
10-04 03:21:44.549 W/AppSearchIcing( 1649): icing-search-engine.cc:321: Error: 5, Message: Failed to delete Document. namespace: VS#Pkg$VS#AndroidVDb/androidVOverlay, uri: com.android.chrome$Jam_com.android.chrome/WebPage;Failed to find DocumentId by key: VS#Pkg$VS#AndroidVDb/androidVOverlay, com.android.chrome$Jam_com.android.chrome/WebPage;Key not found VS#Pkg$VS#AndroidVDb/androidVOverlay in DynamicTrieKeyMapper /data/system_ce/0/appsearch/icing/document_dir/namespace_mapper/key_mapper_dir/key_mapper.
10-04 03:21:44.549 W/AppSearchIcing( 1649): icing-search-engine.cc:321: Error: 5, Message: Failed to delete Document. namespace: VS#Pkg$VS#AndroidVDb/androidVOverlay, uri: com.android.chrome$Jam_com.android.chrome/Tab;Failed to find DocumentId by key: VS#Pkg$VS#AndroidVDb/androidVOverlay, com.android.chrome$Jam_com.android.chrome/Tab;Key not found VS#Pkg$VS#AndroidVDb/androidVOverlay in DynamicTrieKeyMapper /data/system_ce/0/appsearch/icing/document_dir/namespace_mapper/key_mapper_dir/key_mapper.
10-04 03:21:44.550 V/GraphicsEnvironment(32272): Currently set values for:
10-04 03:21:44.551 V/GraphicsEnvironment(32272):   angle_gl_driver_selection_pkgs=[com.android.angle, com.linecorp.b612.android, com.campmobile.snow, com.google.android.apps.tachyon]
10-04 03:21:44.551 V/GraphicsEnvironment(32272):   angle_gl_driver_selection_values=[angle, native, native, native]
10-04 03:21:44.551 V/GraphicsEnvironment(32272): com.zebra.soho_app is not listed in per-application setting
10-04 03:21:44.551 V/GraphicsEnvironment(32272): Neither updatable production driver nor prerelease driver is supported.
10-04 03:21:44.553 D/CompatibilityChangeReporter(32272): Compat change id reported: 183155436; UID 10372; state: ENABLED
10-04 03:21:44.554 D/SessionsDependencies(32272): Dependency to CRASHLYTICS added.
10-04 03:21:44.555 I/FirebaseApp(32272): Device unlocked: initializing all Firebase APIs for app [DEFAULT]
10-04 03:21:44.558 W/AppSearchIcing( 1649): icing-search-engine.cc:321: Error: 5, Message: Failed to delete Document. namespace: VS#Pkg$VS#AndroidVDb/androidVOverlay, uri: com.android.chrome$Jam_com.android.chrome/ImageObject;Failed to find DocumentId by key: VS#Pkg$VS#AndroidVDb/androidVOverlay, com.android.chrome$Jam_com.android.chrome/ImageObject;Key not found VS#Pkg$VS#AndroidVDb/androidVOverlay in DynamicTrieKeyMapper /data/system_ce/0/appsearch/icing/document_dir/namespace_mapper/key_mapper_dir/key_mapper.
10-04 03:21:44.558 W/AppSearchIcing( 1649): icing-search-engine.cc:321: Error: 5, Message: Failed to delete Document. namespace: VS#Pkg$VS#AndroidVDb/androidVOverlay, uri: com.android.chrome$Jam_com.android.chrome/builtin:AttributionInfo;Failed to find DocumentId by key: VS#Pkg$VS#AndroidVDb/androidVOverlay, com.android.chrome$Jam_com.android.chrome/builtin:AttributionInfo;Key not found VS#Pkg$VS#AndroidVDb/androidVOverlay in DynamicTrieKeyMapper /data/system_ce/0/appsearch/icing/document_dir/namespace_mapper/key_mapper_dir/key_mapper.
10-04 03:21:44.558 W/AppSearchIcing( 1649): icing-search-engine.cc:321: Error: 5, Message: Failed to delete Document. namespace: VS#Pkg$VS#AndroidVDb/androidVOverlay, uri: com.android.chrome$Jam_com.android.chrome/WebPage;Failed to find DocumentId by key: VS#Pkg$VS#AndroidVDb/androidVOverlay, com.android.chrome$Jam_com.android.chrome/WebPage;Key not found VS#Pkg$VS#AndroidVDb/androidVOverlay in DynamicTrieKeyMapper /data/system_ce/0/appsearch/icing/document_dir/namespace_mapper/key_mapper_dir/key_mapper.
10-04 03:21:44.558 W/AppSearchIcing( 1649): icing-search-engine.cc:321: Error: 5, Message: Failed to delete Document. namespace: VS#Pkg$VS#AndroidVDb/androidVOverlay, uri: com.android.chrome$Jam_com.android.chrome/Tab;Failed to find DocumentId by key: VS#Pkg$VS#AndroidVDb/androidVOverlay, com.android.chrome$Jam_com.android.chrome/Tab;Key not found VS#Pkg$VS#AndroidVDb/androidVOverlay in DynamicTrieKeyMapper /data/system_ce/0/appsearch/icing/document_dir/namespace_mapper/key_mapper_dir/key_mapper.
10-04 03:21:44.567 I/DynamiteModule(32272): Considering local module com.google.android.gms.measurement.dynamite:100 and remote module com.google.android.gms.measurement.dynamite:125
10-04 03:21:44.567 I/DynamiteModule(32272): Selected remote version of com.google.android.gms.measurement.dynamite, version >= 125
10-04 03:21:44.568 V/DynamiteModule(32272): Dynamite loader version >= 2, using loadModule2NoCrashUtils
10-04 03:21:44.568 W/AppSearchIcing( 1649): icing-search-engine.cc:321: Error: 5, Message: Failed to delete Document. namespace: VS#Pkg$VS#AndroidVDb/androidVOverlay, uri: com.android.chrome$Jam_com.android.chrome/ImageObject;Failed to find DocumentId by key: VS#Pkg$VS#AndroidVDb/androidVOverlay, com.android.chrome$Jam_com.android.chrome/ImageObject;Key not found VS#Pkg$VS#AndroidVDb/androidVOverlay in DynamicTrieKeyMapper /data/system_ce/0/appsearch/icing/document_dir/namespace_mapper/key_mapper_dir/key_mapper.
10-04 03:21:44.568 W/AppSearchIcing( 1649): icing-search-engine.cc:321: Error: 5, Message: Failed to delete Document. namespace: VS#Pkg$VS#AndroidVDb/androidVOverlay, uri: com.android.chrome$Jam_com.android.chrome/builtin:AttributionInfo;Failed to find DocumentId by key: VS#Pkg$VS#AndroidVDb/androidVOverlay, com.android.chrome$Jam_com.android.chrome/builtin:AttributionInfo;Key not found VS#Pkg$VS#AndroidVDb/androidVOverlay in DynamicTrieKeyMapper /data/system_ce/0/appsearch/icing/document_dir/namespace_mapper/key_mapper_dir/key_mapper.
10-04 03:21:44.568 W/AppSearchIcing( 1649): icing-search-engine.cc:321: Error: 5, Message: Failed to delete Document. namespace: VS#Pkg$VS#AndroidVDb/androidVOverlay, uri: com.android.chrome$Jam_com.android.chrome/WebPage;Failed to find DocumentId by key: VS#Pkg$VS#AndroidVDb/androidVOverlay, com.android.chrome$Jam_com.android.chrome/WebPage;Key not found VS#Pkg$VS#AndroidVDb/androidVOverlay in DynamicTrieKeyMapper /data/system_ce/0/appsearch/icing/document_dir/namespace_mapper/key_mapper_dir/key_mapper.
10-04 03:21:44.568 W/AppSearchIcing( 1649): icing-search-engine.cc:321: Error: 5, Message: Failed to delete Document. namespace: VS#Pkg$VS#AndroidVDb/androidVOverlay, uri: com.android.chrome$Jam_com.android.chrome/Tab;Failed to find DocumentId by key: VS#Pkg$VS#AndroidVDb/androidVOverlay, com.android.chrome$Jam_com.android.chrome/Tab;Key not found VS#Pkg$VS#AndroidVDb/androidVOverlay in DynamicTrieKeyMapper /data/system_ce/0/appsearch/icing/document_dir/namespace_mapper/key_mapper_dir/key_mapper.
10-04 03:21:44.569 D/FirebaseSessions(32272): Initializing Firebase Sessions SDK.
10-04 03:21:44.570 D/CompatibilityChangeReporter( 1649): Compat change id reported: 161145287; UID 10372; state: ENABLED
10-04 03:21:44.573 W/binder:559_4(  559): type=1400 audit(0.0:10746): avc:  denied  { search } for  name="log" dev="dm-57" ino=320 scontext=u:r:hal_graphics_composer_default:s0 tcontext=u:object_r:vendor_log_file:s0 tclass=dir permissive=0
10-04 03:21:44.573 W/binder:559_4(  559): type=1400 audit(0.0:10747): avc:  denied  { search } for  name="log" dev="dm-57" ino=320 scontext=u:r:hal_graphics_composer_default:s0 tcontext=u:object_r:vendor_log_file:s0 tclass=dir permissive=0
10-04 03:21:44.575 E/hwc-display(  559): [PrimaryDisplay] resetColorMappingInfoForClientComp:: resetColorMappingInfo() idx=3 error(-22)
10-04 03:21:44.575 E/hwc-display(  559): Fail to open file /data/vendor/log/hwc/PrimaryDisplay_hwc_error_log0.txt, error: Permission denied
10-04 03:21:44.575 E/hwc-display(  559): Fail to open file /data/log/PrimaryDisplay_hwc_error_log0.txt, error: No such file or directory
10-04 03:21:44.575 E/hwc-display(  559): Unable to open log file for PrimaryDisplay_hwc_error_log0.txt
10-04 03:21:44.576 W/System  (32272): ClassLoader referenced unknown path: 
10-04 03:21:44.576 D/nativeloader(32272): Configuring clns-5 for other apk . target_sdk_version=34, uses_libraries=, library_path=/data/app/~~05BgGgu8GqpDfGeCXgqOUQ==/com.google.android.gms-Vqfa9--OSaJGlT3Eo2PaBg==/lib/arm64:/data/app/~~05BgGgu8GqpDfGeCXgqOUQ==/com.google.android.gms-Vqfa9--OSaJGlT3Eo2PaBg==/base.apk!/lib/arm64-v8a, permitted_path=/data:/mnt/expand:/data/user/0/com.google.android.gms
10-04 03:21:44.577 W/AppSearchIcing( 1649): icing-search-engine.cc:321: Error: 5, Message: Failed to delete Document. namespace: VS#Pkg$VS#AndroidVDb/androidVOverlay, uri: com.android.chrome$Jam_com.android.chrome/ImageObject;Failed to find DocumentId by key: VS#Pkg$VS#AndroidVDb/androidVOverlay, com.android.chrome$Jam_com.android.chrome/ImageObject;Key not found VS#Pkg$VS#AndroidVDb/androidVOverlay in DynamicTrieKeyMapper /data/system_ce/0/appsearch/icing/document_dir/namespace_mapper/key_mapper_dir/key_mapper.
10-04 03:21:44.577 W/AppSearchIcing( 1649): icing-search-engine.cc:321: Error: 5, Message: Failed to delete Document. namespace: VS#Pkg$VS#AndroidVDb/androidVOverlay, uri: com.android.chrome$Jam_com.android.chrome/builtin:AttributionInfo;Failed to find DocumentId by key: VS#Pkg$VS#AndroidVDb/androidVOverlay, com.android.chrome$Jam_com.android.chrome/builtin:AttributionInfo;Key not found VS#Pkg$VS#AndroidVDb/androidVOverlay in DynamicTrieKeyMapper /data/system_ce/0/appsearch/icing/document_dir/namespace_mapper/key_mapper_dir/key_mapper.
10-04 03:21:44.577 W/AppSearchIcing( 1649): icing-search-engine.cc:321: Error: 5, Message: Failed to delete Document. namespace: VS#Pkg$VS#AndroidVDb/androidVOverlay, uri: com.android.chrome$Jam_com.android.chrome/WebPage;Failed to find DocumentId by key: VS#Pkg$VS#AndroidVDb/androidVOverlay, com.android.chrome$Jam_com.android.chrome/WebPage;Key not found VS#Pkg$VS#AndroidVDb/androidVOverlay in DynamicTrieKeyMapper /data/system_ce/0/appsearch/icing/document_dir/namespace_mapper/key_mapper_dir/key_mapper.
