10-04 03:22:06.709 D/AdvertisingIdClient(17310): AdvertisingIdClient already created.
10-04 03:22:06.712 I/AdvertisingIdClient(17310): shouldSendLog 248660986
10-04 03:22:06.712 I/AdvertisingIdClient(17310): GetInfoInternal elapse 3ms
10-04 03:22:06.731 D/TrafficStats(31959): tagSocket(5) with statsTag=0xffffffff, statsUid=-1
10-04 03:22:06.744 D/TrafficStats(31959): tagSocket(97) with statsTag=0xffffffff, statsUid=-1
10-04 03:22:06.748 D/TrafficStats(31959): tagSocket(98) with statsTag=0xffffffff, statsUid=-1
10-04 03:22:06.751 D/TrafficStats(31959): tagSocket(99) with statsTag=0xffffffff, statsUid=-1
10-04 03:22:06.755 D/TrafficStats(31959): tagSocket(100) with statsTag=0xffffffff, statsUid=-1
10-04 03:22:06.758 D/TrafficStats(31959): tagSocket(101) with statsTag=0xffffffff, statsUid=-1
10-04 03:22:06.813 I/bthal.activity( 1121): bt_power: LeAdvStat: 03:22:01:929 - 03:22:06:813, duration: 4883, le_adv_count: 16, total_le_adv_count: 11979, total_event_count: 17
10-04 03:22:07.221 D/ImpulseConnection( 2498): timeout didn't happen: com.google.android.apps.turbo
10-04 03:22:07.241 I/pixel-thermal( 1802): VIRTUAL-SKIN:28.6866 raw data: VIRTUAL-GNSS-DISP:28686.6 VIRTUAL-NEUTRAL-QUIET:27799.4 VIRTUAL-QUIET-USB2:26743.5 VIRTUAL-SKIN:28686.6 VIRTUAL-USB2-QUIET:26376.8 disp_therm:28233 gnss_tcxo_therm:29791 neutral_therm:28834 quiet_therm:27899 usb_pwr_therm2:28344 
10-04 03:22:07.243 D/TemperatureStateSource( 2498): getDeviceTemperatures: deviceTemperatureType=3 temperatureSource=0 temperatures=[28.68664]
10-04 03:22:07.244 D/BusinessScope( 2498): Start running the #49724 block
10-04 03:22:07.244 D/BusinessScope( 2498): Finish running the #49724 block
10-04 03:22:07.244 D/BusinessScope( 2498): Start running the #49725 block
10-04 03:22:07.244 D/BusinessScope( 2498): Finish running the #49725 block
10-04 03:22:07.894 D/TrafficStats(31959): tagSocket(5) with statsTag=0xffffffff, statsUid=-1
10-04 03:22:07.901 D/TrafficStats(31959): tagSocket(97) with statsTag=0xffffffff, statsUid=-1
10-04 03:22:07.905 D/TrafficStats(31959): tagSocket(98) with statsTag=0xffffffff, statsUid=-1
10-04 03:22:07.909 D/TrafficStats(31959): tagSocket(99) with statsTag=0xffffffff, statsUid=-1
10-04 03:22:07.911 D/TrafficStats(31959): tagSocket(100) with statsTag=0xffffffff, statsUid=-1
10-04 03:22:07.921 D/TrafficStats(31959): tagSocket(101) with statsTag=0xffffffff, statsUid=-1
10-04 03:22:08.111 I/bthal.activity( 1121): bt_power: LeAdvStat: 03:22:07:045 - 03:22:08:110, duration: 1065, le_adv_count: 3, total_le_adv_count: 11982, total_event_count: 20
10-04 03:22:08.301 I/WifiHAL ( 1196): Creating message to get link statistics; iface = 47
10-04 03:22:08.310 I/NearbyMediums(18769): Found Fast Ble Advertisements :
10-04 03:22:08.310 I/NearbyMediums(18769): BleAdvertisement { version=2, socketVersion=2, isFast=true, serviceIdHash=null, data=[ 0x23 0x30 0x5a 0x50 0x4f 0x11 0x32 0x4a 0x77 0xad 0x14 0x7e 0xed 0x88 0x2e 0x00 0x78 0xa5 0x7c 0xa9 0xe0 0xba 0x6f ], deviceToken=[ 0xf5 0xdd ], rxAdvertisement=null } : 8 times.
10-04 03:22:08.310 I/NearbyMediums(18769): Total 8 fast advertisements.
10-04 03:22:08.365 I/WifiHAL ( 1196): In GetLinkStatsCommand::handleResponse
10-04 03:22:08.453 D/ConnectivityService( 1649): NetReassign [no changes] [c 2] [a 1] [i 21]
10-04 03:22:08.881 W/TracingMuxer( 1379): type=1400 audit(0.0:10771): avc:  denied  { write } for  name="traced_producer" dev="tmpfs" ino=1594 scontext=u:r:gxp_logging:s0 tcontext=u:object_r:traced_producer_socket:s0 tclass=sock_file permissive=0
10-04 03:22:09.012 D/TrafficStats(31959): tagSocket(5) with statsTag=0xffffffff, statsUid=-1
10-04 03:22:09.019 D/TrafficStats(31959): tagSocket(97) with statsTag=0xffffffff, statsUid=-1
10-04 03:22:09.032 D/TrafficStats(31959): tagSocket(98) with statsTag=0xffffffff, statsUid=-1
10-04 03:22:09.034 D/TrafficStats(31959): tagSocket(99) with statsTag=0xffffffff, statsUid=-1
10-04 03:22:09.055 D/TrafficStats(31959): tagSocket(100) with statsTag=0xffffffff, statsUid=-1
10-04 03:22:09.058 D/TrafficStats(31959): tagSocket(101) with statsTag=0xffffffff, statsUid=-1
10-04 03:22:10.118 D/TrafficStats(31959): tagSocket(5) with statsTag=0xffffffff, statsUid=-1
10-04 03:22:10.130 D/TrafficStats(31959): tagSocket(97) with statsTag=0xffffffff, statsUid=-1
10-04 03:22:10.136 D/TrafficStats(31959): tagSocket(98) with statsTag=0xffffffff, statsUid=-1
10-04 03:22:10.174 D/TrafficStats(31959): tagSocket(99) with statsTag=0xffffffff, statsUid=-1
10-04 03:22:10.176 D/TrafficStats(31959): tagSocket(100) with statsTag=0xffffffff, statsUid=-1
10-04 03:22:10.185 D/TrafficStats(31959): tagSocket(101) with statsTag=0xffffffff, statsUid=-1
10-04 03:22:11.254 D/TrafficStats(31959): tagSocket(5) with statsTag=0xffffffff, statsUid=-1
10-04 03:22:11.264 D/TrafficStats(31959): tagSocket(97) with statsTag=0xffffffff, statsUid=-1
10-04 03:22:11.272 D/TrafficStats(31959): tagSocket(98) with statsTag=0xffffffff, statsUid=-1
10-04 03:22:11.277 D/TrafficStats(31959): tagSocket(99) with statsTag=0xffffffff, statsUid=-1
10-04 03:22:11.287 D/TrafficStats(31959): tagSocket(100) with statsTag=0xffffffff, statsUid=-1
10-04 03:22:11.288 D/TrafficStats(31959): tagSocket(101) with statsTag=0xffffffff, statsUid=-1
10-04 03:22:11.428 I/WifiHAL ( 1196): Creating message to get link statistics; iface = 47
10-04 03:22:11.497 I/WifiHAL ( 1196): In GetLinkStatsCommand::handleResponse
10-04 03:22:11.567 D/ConnectivityService( 1649): NetReassign [no changes] [c 2] [a 1] [i 21]
10-04 03:22:11.769 D/TrafficStats(31959): tagSocket(5) with statsTag=0xffffffff, statsUid=-1
10-04 03:22:11.770 D/pixelstats: BatteryFGReporter( 3240): reportEvent: log learning fcnom: 09ae, dpacc: 67a0, dqacc: 0504, fcrep: 09ae, repsoc: 6400, msoc: 638f, vfsoc: 6310, fstat: 5628, rcomp0: 073d, tempco: 2202
10-04 03:22:11.779 I/System.out(31959): {"id":"700725b9-9a2f-491e-942b-ff6f89969afd","uri":"poco-uiautomation-framework","method":[["getattr","selector"],["getattr","select"],["call",[["",["and",[["attr=",["name","Open navigation menu"]]]]],["",false]]]],"session_id":"fdf55ea6-ddfd-423f-8cf2-ff251ed1840e"}
10-04 03:22:11.825 D/TrafficStats(31959): tagSocket(5) with statsTag=0xffffffff, statsUid=-1
10-04 03:22:11.832 I/System.out(31959): {"id":"662fc3a3-91b8-4cf4-a6fd-3fd26c933e5f","uri":"[Lcom.netease.open.libpoco.sdk.AbstractNode;@cb16cf6(b2211841-d707-4de4-8ba5-faad1d1ad8b5)","method":[["len",[]]],"session_id":"fdf55ea6-ddfd-423f-8cf2-ff251ed1840e"}
10-04 03:22:11.851 D/TrafficStats(31959): tagSocket(5) with statsTag=0xffffffff, statsUid=-1
10-04 03:22:11.858 I/System.out(31959): {"id":"000c420f-ccd7-4c46-89be-f645b4ff5804","uri":"[Lcom.netease.open.libpoco.sdk.AbstractNode;@cb16cf6(b2211841-d707-4de4-8ba5-faad1d1ad8b5)","method":[["len",[]]],"session_id":"fdf55ea6-ddfd-423f-8cf2-ff251ed1840e"}
10-04 03:22:11.874 D/TrafficStats(31959): tagSocket(5) with statsTag=0xffffffff, statsUid=-1
10-04 03:22:11.880 I/System.out(31959): {"id":"6483ae21-747b-4eae-b03a-7ef9a0f1add0","uri":"poco-uiautomation-framework","method":[["getattr","attributor"],["getattr","getAttr"],["call",[["uri","[Lcom.netease.open.libpoco.sdk.AbstractNode;@cb16cf6(b2211841-d707-4de4-8ba5-faad1d1ad8b5)"],["","pos"]]]],"session_id":"fdf55ea6-ddfd-423f-8cf2-ff251ed1840e"}
10-04 03:22:11.907 D/TrafficStats(31959): tagSocket(5) with statsTag=0xffffffff, statsUid=-1
10-04 03:22:11.912 I/System.out(31959): {"id":"e2768195-c77c-4008-8e33-547210053d2a","uri":"poco-uiautomation-framework","method":[["getattr","attributor"],["getattr","getAttr"],["call",[["uri","[Lcom.netease.open.libpoco.sdk.AbstractNode;@cb16cf6(b2211841-d707-4de4-8ba5-faad1d1ad8b5)"],["","size"]]]],"session_id":"fdf55ea6-ddfd-423f-8cf2-ff251ed1840e"}
10-04 03:22:11.936 D/TrafficStats(31959): tagSocket(5) with statsTag=0xffffffff, statsUid=-1
10-04 03:22:11.942 I/System.out(31959): {"id":"dd02fe84-cd0e-474a-a48c-01c74714c7b1","uri":"poco-uiautomation-framework","method":[["getattr","attributor"],["getattr","getAttr"],["call",[["uri","[Lcom.netease.open.libpoco.sdk.AbstractNode;@cb16cf6(b2211841-d707-4de4-8ba5-faad1d1ad8b5)"],["","anchorPoint"]]]],"session_id":"fdf55ea6-ddfd-423f-8cf2-ff251ed1840e"}
10-04 03:22:12.183 D/BoundBrokerSvc(17310): onBind: Intent { act=com.google.android.gms.safetynet.service.START pkg=com.google.android.gms }
10-04 03:22:12.184 D/BoundBrokerSvc(17310): Loading bound service for intent: Intent { act=com.google.android.gms.safetynet.service.START pkg=com.google.android.gms }
10-04 03:22:12.375 D/TrafficStats(31959): tagSocket(5) with statsTag=0xffffffff, statsUid=-1
10-04 03:22:12.382 D/TrafficStats(31959): tagSocket(97) with statsTag=0xffffffff, statsUid=-1
10-04 03:22:12.389 D/TrafficStats(31959): tagSocket(98) with statsTag=0xffffffff, statsUid=-1
10-04 03:22:12.393 D/TrafficStats(31959): tagSocket(99) with statsTag=0xffffffff, statsUid=-1
10-04 03:22:12.398 D/TrafficStats(31959): tagSocket(100) with statsTag=0xffffffff, statsUid=-1
10-04 03:22:12.403 D/TrafficStats(31959): tagSocket(101) with statsTag=0xffffffff, statsUid=-1
10-04 03:22:12.685 I/bthal.activity( 1121): bt_power: LeAdvStat: 03:22:10:821 - 03:22:12:684, duration: 1863, le_adv_count: 4, total_le_adv_count: 11986, total_event_count: 4
10-04 03:22:12.887 D/AndroidRuntime(32733): >>>>>> START com.android.internal.os.RuntimeInit uid 2000 <<<<<<
10-04 03:22:12.892 I/app_process(32733): MMAP_TRYLOCK is supported in uffd errno:2 addr:0x7472885000 size:4096
10-04 03:22:12.893 I/AndroidRuntime(32733): Using default boot image
10-04 03:22:12.893 I/AndroidRuntime(32733): Leaving lock profiling enabled
10-04 03:22:12.896 I/app_process(32733): Using CollectorTypeCMC GC.
10-04 03:22:12.949 D/nativeloader(32733): InitDefaultPublicLibraries for_preload=1: libandroid.so:libaaudio.so:libamidi.so:libbinder_ndk.so:libc.so:libcamera2ndk.so:libdl.so:libEGL.so:libGLESv1_CM.so:libGLESv2.so:libGLESv3.so:libicu.so:libicui18n.so:libicuuc.so:libjnigraphics.so:liblog.so:libmediandk.so:libm.so:libnativehelper.so:libnativewindow.so:libOpenMAXAL.so:libOpenSLES.so:libRS.so:libstdc++.so:libsync.so:libvulkan.so:libwebviewchromium_plat_support.so:libz.so
10-04 03:22:12.956 D/nativeloader(32733): Load libicu_jni.so using APEX ns com_android_art for caller /apex/com.android.art/javalib/core-oj.jar: ok
10-04 03:22:12.956 D/app_process(32733): Time zone APEX ICU file found: /apex/com.android.tzdata/etc/icu/icu_tzdata.dat
10-04 03:22:12.956 D/app_process(32733): I18n APEX ICU file found: /apex/com.android.i18n/etc/icu/icudt72l.dat
10-04 03:22:12.957 D/nativeloader(32733): Load libjavacore.so using APEX ns com_android_art for caller /apex/com.android.art/javalib/core-oj.jar: ok
10-04 03:22:12.958 D/nativeloader(32733): Load libopenjdk.so using APEX ns com_android_art for caller /apex/com.android.art/javalib/core-oj.jar: ok
10-04 03:22:12.959 W/ziparchive(32733): Unable to open '/data/local/tmp/rotationwatcher.dm': No such file or directory
10-04 03:22:12.973 D/nativeloader(32733): Load libframework-connectivity-tiramisu-jni.so using APEX ns com_android_tethering for caller /apex/com.android.tethering/javalib/framework-connectivity-t.jar: ok
10-04 03:22:12.973 D/AndroidRuntime(32733): Calling main entry com.example.rotationwatcher.Main
10-04 03:22:13.469 D/TrafficStats(31959): tagSocket(5) with statsTag=0xffffffff, statsUid=-1
10-04 03:22:13.475 D/TrafficStats(31959): tagSocket(97) with statsTag=0xffffffff, statsUid=-1
10-04 03:22:13.480 D/TrafficStats(31959): tagSocket(98) with statsTag=0xffffffff, statsUid=-1
10-04 03:22:13.494 D/TrafficStats(31959): tagSocket(99) with statsTag=0xffffffff, statsUid=-1
10-04 03:22:13.499 D/TrafficStats(31959): tagSocket(100) with statsTag=0xffffffff, statsUid=-1
10-04 03:22:13.509 D/TrafficStats(31959): tagSocket(101) with statsTag=0xffffffff, statsUid=-1
10-04 03:22:14.545 I/WifiHAL ( 1196): Creating message to get link statistics; iface = 47
10-04 03:22:14.553 D/TrafficStats(31959): tagSocket(5) with statsTag=0xffffffff, statsUid=-1
10-04 03:22:14.604 I/WifiHAL ( 1196): In GetLinkStatsCommand::handleResponse
10-04 03:22:14.610 D/TrafficStats(31959): tagSocket(97) with statsTag=0xffffffff, statsUid=-1
10-04 03:22:14.612 D/TrafficStats(31959): tagSocket(98) with statsTag=0xffffffff, statsUid=-1
10-04 03:22:14.616 D/TrafficStats(31959): tagSocket(99) with statsTag=0xffffffff, statsUid=-1
10-04 03:22:14.619 D/TrafficStats(31959): tagSocket(100) with statsTag=0xffffffff, statsUid=-1
10-04 03:22:14.620 D/TrafficStats(31959): tagSocket(101) with statsTag=0xffffffff, statsUid=-1
10-04 03:22:14.636 D/ConnectivityService( 1649): NetReassign [no changes] [c 0] [a 0] [i 1]
10-04 03:22:14.640 D/hwc-display(  559): PrimaryDisplay: edid_property is supported but blob is not valid
10-04 03:22:14.640 D/hwc-display(  559): using Display Fake Edid
10-04 03:22:14.640 D/hwc-display(  559): PrimaryDisplay: edid_property is supported but blob is not valid
10-04 03:22:14.640 D/hwc-display(  559): using Display Fake Edid
10-04 03:22:14.640 W/DisplayIdentification(  556): Invalid EDID: model year or manufacture year cannot be in the range [0x0, 0xf].
10-04 03:22:14.740 I/flutter (32272): [2024-10-04 03:22:14.739967] Active subscriptions (2)
10-04 03:22:15.679 D/TrafficStats(31959): tagSocket(5) with statsTag=0xffffffff, statsUid=-1
10-04 03:22:15.707 D/TrafficStats(31959): tagSocket(97) with statsTag=0xffffffff, statsUid=-1
10-04 03:22:15.711 D/TrafficStats(31959): tagSocket(98) with statsTag=0xffffffff, statsUid=-1
10-04 03:22:15.715 W/ProcessStats( 1649): Tracking association SourceState{28aeada system/1000 BFgs #195584} whose proc state 4 is better than process ProcessState{79e5790 com.google.android.ext.services/10245 pkg=com.google.android.ext.services} proc state 14 (82 skipped)
10-04 03:22:15.731 D/TrafficStats(31959): tagSocket(99) with statsTag=0xffffffff, statsUid=-1
10-04 03:22:15.733 D/TrafficStats(31959): tagSocket(100) with statsTag=0xffffffff, statsUid=-1
10-04 03:22:15.734 D/TrafficStats(31959): tagSocket(101) with statsTag=0xffffffff, statsUid=-1
10-04 03:22:16.736 D/BoundBrokerSvc(17310): onUnbind: Intent { act=com.google.android.gms.measurement.START pkg=com.google.android.gms }
10-04 03:22:16.785 D/TrafficStats(31959): tagSocket(5) with statsTag=0xffffffff, statsUid=-1
10-04 03:22:16.810 D/TrafficStats(31959): tagSocket(97) with statsTag=0xffffffff, statsUid=-1
10-04 03:22:16.832 D/TrafficStats(31959): tagSocket(98) with statsTag=0xffffffff, statsUid=-1
10-04 03:22:16.835 D/TrafficStats(31959): tagSocket(99) with statsTag=0xffffffff, statsUid=-1
10-04 03:22:16.837 D/TrafficStats(31959): tagSocket(100) with statsTag=0xffffffff, statsUid=-1
10-04 03:22:16.846 D/TrafficStats(31959): tagSocket(101) with statsTag=0xffffffff, statsUid=-1
10-04 03:22:16.906 D/AndroidRuntime(  439): >>>>>> START com.android.internal.os.RuntimeInit uid 2000 <<<<<<
10-04 03:22:16.909 I/app_process(  439): MMAP_TRYLOCK is supported in uffd errno:2 addr:0x7f35471000 size:4096
10-04 03:22:16.909 I/AndroidRuntime(  439): Using default boot image
10-04 03:22:16.909 I/AndroidRuntime(  439): Leaving lock profiling enabled
10-04 03:22:16.912 I/app_process(  439): Using CollectorTypeCMC GC.
10-04 03:22:16.967 D/nativeloader(  439): InitDefaultPublicLibraries for_preload=1: libandroid.so:libaaudio.so:libamidi.so:libbinder_ndk.so:libc.so:libcamera2ndk.so:libdl.so:libEGL.so:libGLESv1_CM.so:libGLESv2.so:libGLESv3.so:libicu.so:libicui18n.so:libicuuc.so:libjnigraphics.so:liblog.so:libmediandk.so:libm.so:libnativehelper.so:libnativewindow.so:libOpenMAXAL.so:libOpenSLES.so:libRS.so:libstdc++.so:libsync.so:libvulkan.so:libwebviewchromium_plat_support.so:libz.so
10-04 03:22:16.988 D/nativeloader(  439): Load libicu_jni.so using APEX ns com_android_art for caller /apex/com.android.art/javalib/core-oj.jar: ok
10-04 03:22:16.988 D/app_process(  439): Time zone APEX ICU file found: /apex/com.android.tzdata/etc/icu/icu_tzdata.dat
10-04 03:22:16.988 D/app_process(  439): I18n APEX ICU file found: /apex/com.android.i18n/etc/icu/icudt72l.dat
10-04 03:22:16.988 D/nativeloader(  439): Load libjavacore.so using APEX ns com_android_art for caller /apex/com.android.art/javalib/core-oj.jar: ok
10-04 03:22:16.989 D/nativeloader(  439): Load libopenjdk.so using APEX ns com_android_art for caller /apex/com.android.art/javalib/core-oj.jar: ok
10-04 03:22:16.991 W/ziparchive(  439): Unable to open '/data/local/tmp/maxpresent.dm': No such file or directory
10-04 03:22:17.036 D/nativeloader(  439): Load libframework-connectivity-tiramisu-jni.so using APEX ns com_android_tethering for caller /apex/com.android.tethering/javalib/framework-connectivity-t.jar: ok
10-04 03:22:17.037 D/AndroidRuntime(  439): Calling main entry com.netease.maxpresent.MaxPresent
10-04 03:22:17.051 I/bthal.activity( 1121): bt_power: LeAdvStat: 03:22:13:957 - 03:22:17:051, duration: 3094, le_adv_count: 9, total_le_adv_count: 11995, total_event_count: 0
10-04 03:22:17.098 I/flutter (32272): [2024-10-04 03:22:17.098247] initState #5
10-04 03:22:17.098 I/flutter (32272): [2024-10-04 03:22:17.098790] initState #6
10-04 03:22:17.227 D/ImpulseConnection( 2498): timeout didn't happen: com.google.android.apps.turbo
10-04 03:22:17.248 I/pixel-thermal( 1802): VIRTUAL-SKIN:28.6959 raw data: VIRTUAL-GNSS-DISP:28695.9 VIRTUAL-NEUTRAL-QUIET:27818.5 VIRTUAL-QUIET-USB2:26783.1 VIRTUAL-SKIN:28695.9 VIRTUAL-USB2-QUIET:26396.2 disp_therm:28255 gnss_tcxo_therm:29791 neutral_therm:28812 quiet_therm:27943 usb_pwr_therm2:28344 
10-04 03:22:17.249 D/TemperatureStateSource( 2498): getDeviceTemperatures: deviceTemperatureType=3 temperatureSource=0 temperatures=[28.69588]
10-04 03:22:17.249 D/BusinessScope( 2498): Start running the #49726 block
10-04 03:22:17.250 D/BusinessScope( 2498): Finish running the #49726 block
10-04 03:22:17.250 D/BusinessScope( 2498): Start running the #49727 block
10-04 03:22:17.250 D/BusinessScope( 2498): Finish running the #49727 block
10-04 03:22:17.636 I/WifiHAL ( 1196): Creating message to get link statistics; iface = 47
10-04 03:22:17.706 I/WifiHAL ( 1196): In GetLinkStatsCommand::handleResponse
10-04 03:22:17.785 D/ConnectivityService( 1649): NetReassign [no changes] [c 2] [a 1] [i 20]
10-04 03:22:17.883 D/TrafficStats(31959): tagSocket(5) with statsTag=0xffffffff, statsUid=-1
10-04 03:22:17.929 D/TrafficStats(31959): tagSocket(97) with statsTag=0xffffffff, statsUid=-1
10-04 03:22:17.947 D/TrafficStats(31959): tagSocket(98) with statsTag=0xffffffff, statsUid=-1
10-04 03:22:17.955 D/TrafficStats(31959): tagSocket(99) with statsTag=0xffffffff, statsUid=-1
10-04 03:22:17.957 D/TrafficStats(31959): tagSocket(100) with statsTag=0xffffffff, statsUid=-1
10-04 03:22:17.960 D/TrafficStats(31959): tagSocket(101) with statsTag=0xffffffff, statsUid=-1
10-04 03:22:18.317 I/NearbyMediums(18769): Found Fast Ble Advertisements :
10-04 03:22:18.317 I/NearbyMediums(18769): BleAdvertisement { version=2, socketVersion=2, isFast=true, serviceIdHash=null, data=[ 0x23 0x30 0x5a 0x50 0x4f 0x11 0x32 0x4a 0x77 0xad 0x14 0x7e 0xed 0x88 0x2e 0x00 0x78 0xa5 0x7c 0xa9 0xe0 0xba 0x6f ], deviceToken=[ 0xf5 0xdd ], rxAdvertisement=null } : 5 times.
10-04 03:22:18.317 I/NearbyMediums(18769): Total 5 fast advertisements.
10-04 03:22:18.946 D/TrafficStats(31959): tagSocket(5) with statsTag=0xffffffff, statsUid=-1
10-04 03:22:18.960 I/System.out(31959): {"id":"","uri":"[Lcom.netease.open.libpoco.sdk.AbstractNode;@cb16cf6(b2211841-d707-4de4-8ba5-faad1d1ad8b5)","method":[["del",[]]],"session_id":"fdf55ea6-ddfd-423f-8cf2-ff251ed1840e"}
10-04 03:22:18.987 D/TrafficStats(31959): tagSocket(5) with statsTag=0xffffffff, statsUid=-1
10-04 03:22:18.995 I/System.out(31959): {"id":"4f014240-5407-4e18-ae70-e219b818ae40","uri":"poco-uiautomation-framework","method":[["getattr","selector"],["getattr","select"],["call",[["",["and",[["attr=",["name","Printer Settings"]]]]],["",false]]]],"session_id":"fdf55ea6-ddfd-423f-8cf2-ff251ed1840e"}
10-04 03:22:19.042 D/TrafficStats(31959): tagSocket(97) with statsTag=0xffffffff, statsUid=-1
10-04 03:22:19.057 D/TrafficStats(31959): tagSocket(5) with statsTag=0xffffffff, statsUid=-1
10-04 03:22:19.064 D/TrafficStats(31959): tagSocket(98) with statsTag=0xffffffff, statsUid=-1
10-04 03:22:19.066 D/TrafficStats(31959): tagSocket(99) with statsTag=0xffffffff, statsUid=-1
10-04 03:22:19.069 D/TrafficStats(31959): tagSocket(100) with statsTag=0xffffffff, statsUid=-1
10-04 03:22:19.070 I/System.out(31959): {"id":"e9f26f7e-b1fa-4f80-a079-9e35ca442d45","uri":"[Lcom.netease.open.libpoco.sdk.AbstractNode;@cc7333a(5b6566ce-b394-400c-94d2-88d736eaefe2)","method":[["len",[]]],"session_id":"fdf55ea6-ddfd-423f-8cf2-ff251ed1840e"}
10-04 03:22:19.071 D/TrafficStats(31959): tagSocket(101) with statsTag=0xffffffff, statsUid=-1
10-04 03:22:19.086 D/TrafficStats(31959): tagSocket(102) with statsTag=0xffffffff, statsUid=-1
10-04 03:22:19.103 D/TrafficStats(31959): tagSocket(5) with statsTag=0xffffffff, statsUid=-1
10-04 03:22:19.108 I/System.out(31959): {"id":"f6e5eb7b-37e2-47c9-9432-0e4610cdf99b","uri":"[Lcom.netease.open.libpoco.sdk.AbstractNode;@cc7333a(5b6566ce-b394-400c-94d2-88d736eaefe2)","method":[["len",[]]],"session_id":"fdf55ea6-ddfd-423f-8cf2-ff251ed1840e"}
10-04 03:22:19.129 D/TrafficStats(31959): tagSocket(5) with statsTag=0xffffffff, statsUid=-1
10-04 03:22:19.135 I/System.out(31959): {"id":"e9bd1eef-aa0f-4fff-b36c-340aae36db0e","uri":"poco-uiautomation-framework","method":[["getattr","attributor"],["getattr","getAttr"],["call",[["uri","[Lcom.netease.open.libpoco.sdk.AbstractNode;@cc7333a(5b6566ce-b394-400c-94d2-88d736eaefe2)"],["","pos"]]]],"session_id":"fdf55ea6-ddfd-423f-8cf2-ff251ed1840e"}
10-04 03:22:19.159 D/TrafficStats(31959): tagSocket(5) with statsTag=0xffffffff, statsUid=-1
10-04 03:22:19.173 I/System.out(31959): {"id":"218a5382-de81-4cb1-a0ff-83be9bf6d282","uri":"poco-uiautomation-framework","method":[["getattr","attributor"],["getattr","getAttr"],["call",[["uri","[Lcom.netease.open.libpoco.sdk.AbstractNode;@cc7333a(5b6566ce-b394-400c-94d2-88d736eaefe2)"],["","size"]]]],"session_id":"fdf55ea6-ddfd-423f-8cf2-ff251ed1840e"}
10-04 03:22:19.214 D/TrafficStats(31959): tagSocket(5) with statsTag=0xffffffff, statsUid=-1
10-04 03:22:19.222 I/System.out(31959): {"id":"b3bfeaf4-1fe5-4bbb-91dc-30946ffa9083","uri":"poco-uiautomation-framework","method":[["getattr","attributor"],["getattr","getAttr"],["call",[["uri","[Lcom.netease.open.libpoco.sdk.AbstractNode;@cc7333a(5b6566ce-b394-400c-94d2-88d736eaefe2)"],["","anchorPoint"]]]],"session_id":"fdf55ea6-ddfd-423f-8cf2-ff251ed1840e"}
10-04 03:22:19.278 I/flutter (32272): [2024-10-04 03:22:19.278044] ================  Unsubscribing to lifecycle  ================
10-04 03:22:19.278 I/flutter (32272): [2024-10-04 03:22:19.278384] dispose #3
10-04 03:22:19.279 W/WindowOnBackDispatcher(32272): OnBackInvokedCallback is not enabled for the application.
10-04 03:22:19.279 W/WindowOnBackDispatcher(32272): Set 'android:enableOnBackInvokedCallback="true"' in the application manifest.
10-04 03:22:19.282 D/MediaCodec(32272): keep callback message for reclaim
10-04 03:22:19.283 I/ExoPlayerImpl(32272): Release 500d1c1 [ExoPlayerLib/2.17.1] [cheetah, Pixel 7 Pro, Google, 34] [goog.exo.core, goog.exo.exoplayer, goog.exo.decoder, goog.exo.datasource, goog.exo.extractor]
10-04 03:22:19.283 I/CCodecConfig(32272): query failed after returning 15 values (BAD_INDEX)
10-04 03:22:19.283 D/CCodecConfig(32272): c2 config diff is   c2::u32 coded.vui.color.matrix = 3
10-04 03:22:19.283 D/CCodecConfig(32272):   c2::u32 coded.vui.color.primaries = 3
10-04 03:22:19.283 D/CCodecConfig(32272):   c2::u32 coded.vui.color.range = 2
10-04 03:22:19.283 D/CCodecConfig(32272):   c2::u32 coded.vui.color.transfer = 3
10-04 03:22:19.284 D/BufferPoolAccessor2.0(32272): bufferpool2 0xb400006e0de49e98 : 1(7340032 size) total buffers - 1(7340032 size) used buffers - 48/54 (recycle/alloc) - 5/52 (fetch/transfer)
10-04 03:22:19.285 W/Codec2Client(32272): query -- param skipped: index = 1073743886.
10-04 03:22:19.285 W/Codec2Client(32272): query -- param skipped: index = 1610614798.
10-04 03:22:19.285 E/BufferQueueProducer(32272): [SurfaceTexture-0-32272-0](id:7e1000000002,api:3,p:32272,c:32272) cancelBuffer: BufferQueue has been abandoned
10-04 03:22:19.285 E/BufferQueueProducer(32272): [SurfaceTexture-0-32272-0](id:7e1000000002,api:3,p:32272,c:32272) cancelBuffer: BufferQueue has been abandoned
10-04 03:22:19.285 E/BufferQueueProducer(32272): [SurfaceTexture-0-32272-0](id:7e1000000002,api:3,p:32272,c:32272) cancelBuffer: BufferQueue has been abandoned
10-04 03:22:19.286 E/BufferQueueProducer(32272): [SurfaceTexture-0-32272-0](id:7e1000000002,api:3,p:32272,c:32272) cancelBuffer: BufferQueue has been abandoned
10-04 03:22:19.286 E/BufferQueueProducer(32272): [SurfaceTexture-0-32272-0](id:7e1000000002,api:3,p:32272,c:32272) cancelBuffer: BufferQueue has been abandoned
10-04 03:22:19.286 E/BufferQueueProducer(32272): [SurfaceTexture-0-32272-0](id:7e1000000002,api:3,p:32272,c:32272) cancelBuffer: BufferQueue has been abandoned
10-04 03:22:19.286 E/BufferQueueProducer(32272): [SurfaceTexture-0-32272-0](id:7e1000000002,api:3,p:32272,c:32272) cancelBuffer: BufferQueue has been abandoned
10-04 03:22:19.286 E/BufferQueueProducer(32272): [SurfaceTexture-0-32272-0](id:7e1000000002,api:3,p:32272,c:32272) cancelBuffer: BufferQueue has been abandoned
10-04 03:22:19.286 E/BufferQueueProducer(32272): [SurfaceTexture-0-32272-0](id:7e1000000002,api:3,p:32272,c:32272) cancelBuffer: BufferQueue has been abandoned
10-04 03:22:19.287 E/BufferQueueProducer(32272): [SurfaceTexture-0-32272-0](id:7e1000000002,api:3,p:32272,c:32272) cancelBuffer: BufferQueue has been abandoned
10-04 03:22:19.287 E/BufferQueueProducer(32272): [SurfaceTexture-0-32272-0](id:7e1000000002,api:3,p:32272,c:32272) cancelBuffer: BufferQueue has been abandoned
10-04 03:22:19.287 E/BufferQueueProducer(32272): [SurfaceTexture-0-32272-0](id:7e1000000002,api:3,p:32272,c:32272) cancelBuffer: BufferQueue has been abandoned
10-04 03:22:19.287 E/BufferQueueProducer(32272): [SurfaceTexture-0-32272-0](id:7e1000000002,api:3,p:32272,c:32272) cancelBuffer: BufferQueue has been abandoned
10-04 03:22:19.287 D/MediaCodec(32272): keep callback message for reclaim
10-04 03:22:19.287 E/BufferQueueProducer(32272): [SurfaceTexture-0-32272-0](id:7e1000000002,api:3,p:32272,c:32272) cancelBuffer: BufferQueue has been abandoned
10-04 03:22:19.288 I/CCodecConfig(32272): query failed after returning 21 values (BAD_INDEX)
10-04 03:22:19.288 D/BufferPoolAccessor2.0(32272): bufferpool2 0xb400006e0de52018 : 1(8192 size) total buffers - 1(8192 size) used buffers - 96/101 (recycle/alloc) - 5/98 (fetch/transfer)
10-04 03:22:19.288 W/Codec2Client(32272): query -- param skipped: index = 1342179345.
10-04 03:22:19.288 W/Codec2Client(32272): query -- param skipped: index = 2415921170.
10-04 03:22:19.288 W/Codec2Client(32272): query -- param skipped: index = 1610614798.
10-04 03:22:19.291 I/flutter (32272): [2024-10-04 03:22:19.291672] initState #7
10-04 03:22:19.291 I/flutter (32272): [2024-10-04 03:22:19.291978] initState #8
10-04 03:22:19.292 D/SurfaceUtils(32272): connecting to surface 0xb400006d4df0e9a0, reason connectToSurface
10-04 03:22:19.292 I/MediaCodec(32272): [c2.exynos.h264.decoder] setting surface generation to 33046530
10-04 03:22:19.292 D/SurfaceUtils(32272): disconnecting from surface 0xb400006d4df0e9a0, reason connectToSurface(reconnect)
10-04 03:22:19.292 D/SurfaceUtils(32272): connecting to surface 0xb400006d4df0e990, reason connectToSurface(reconnect-with-listener)
10-04 03:22:19.292 D/Codec2-OutputBufferQueue(32272): C2SurfaceSyncMemory created 20(20)
10-04 03:22:19.293 D/Codec2-OutputBufferQueue(32272): remote graphic buffer migration 0/0
10-04 03:22:19.293 D/Codec2Client(32272): setOutputSurface -- failed to set consumer usage (6/BAD_INDEX)
10-04 03:22:19.293 D/Codec2Client(32272): setOutputSurface -- generation=33046530 consumer usage=0x900 sync
10-04 03:22:19.293 I/flutter (32272): [2024-10-04 03:22:19.293631] initState #9
10-04 03:22:19.293 I/flutter (32272): [2024-10-04 03:22:19.293742] unary request. timestamp: 2024-10-04 03:22:19.293723 method name: /zsbpportal.ZsbpPortalService/GetPreferences
10-04 03:22:19.295 D/C2BqBuffer( 1184): local generation change 33046530 , bqId: 138607184576515 migrated buffers # 0
10-04 03:22:19.295 D/Codec2Client(32272): Surface configure completed
10-04 03:22:19.296 D/SurfaceUtils(32272): disconnecting from surface 0xb400006d4df171e0, reason disconnectFromSurface
10-04 03:22:19.296 D/CCodecBufferChannel(32272): [c2.exynos.h264.decoder#545] MediaCodec discarded an unknown buffer
10-04 03:22:19.296 D/C2BqBuffer( 1184): configuring null producer: igbp_information(0)
10-04 03:22:19.296 D/CCodecBufferChannel(32272): [c2.exynos.h264.decoder#545] MediaCodec discarded an unknown buffer
10-04 03:22:19.297 D/CCodecBufferChannel(32272): [c2.exynos.h264.decoder#545] MediaCodec discarded an unknown buffer
10-04 03:22:19.297 D/CCodecBufferChannel(32272): [c2.exynos.h264.decoder#545] MediaCodec discarded an unknown buffer
10-04 03:22:19.297 I/flutter (32272): [2024-10-04 03:22:19.297960] getLocalTokens : access_token: IGZkjAMFaUwewGKCVBRR50uns3Il
10-04 03:22:19.297 D/audioserver( 1199): logFgsApiEnd: FGS Logger Transaction failed, -129
10-04 03:22:19.298 I/flutter (32272): [2024-10-04 03:22:19.298040] getLocalTokens : refresh_token: 49TvpjP2gHHHvqSCKicXH9q82oEf8Xebib7rhkAmgF
10-04 03:22:19.298 I/flutter (32272): [2024-10-04 03:22:19.298071] getLocalTokens : id_token: eyJhbGciOiJSUzI1NiIsImtpZCI6IllkRDl3VS1haU5vODl5bXBQb3lCTTBwbTB1SV9SUzI1NiJ9.eyJzdWIiOiJ6ZWJyYTAyLnN3ZHZ0QGdtYWlsLmNvbSIsImF1ZCI6ImFwaWdlZV9tb2JpbGVhcHBfbWIiLCJqdGkiOiJISFV2V0lPd2NNWW1hWUhPR25nTU5wIiwiaXNzIjoiaHR0cHM6Ly9waS56ZWJyYS5jb20iLCJpYXQiOjE3MjgwMjIyNzUsImV4cCI6MTcyODAyMjU3NSwiYXV0aF90aW1lIjoxNzI4MDIyMjcwLCJhY3IiOiJHb29nbGVfU29jaWFsX2xvZ2luX1BvbGljeSIsInp1aWQiOiJiZTBlMmU1Yy0xYTQ4LTQyNDAtOTBiYS1hOTBkNDlhMzFjZWUiLCJwaS5zcmkiOiJGVEVDekRpekZMYzExYmJXQzZUcElGdW9idXcuZFhNdFpXRnpkQzB5Iiwic2lkIjoiRlRFQ3pEaXpGTGMxMWJiV0M2VHBJRnVvYnV3LmRYTXRaV0Z6ZEMweSJ9.WoDuG3OrrSqeRGmaEO2Vygus7YzPyPbhcpVlXp6DgVsE-luk9BBiIiOVT8ze8QBPsqizQwg_Zm6JsI6syfoJVXVSY4bkrWsZhlnQjXDwCxa2aXMkqlEkj28pC3xe_6anlURyzlq8N_0drhS8t92pTlGbAETpChOumDsE346EYEcJh0v33oQ5CWGSOCOoAeCW5manIEd5XOHYqFbKuBgp1llnE5N0kcrDNwx4Pz85U7XI9Elm3hi2dWSMie-BkxyMAck_Ugs1l0b_9YBWa2D1NxwfK60iSHKfB1rKv9h1mIbCCbK5zHPnkESlvHSBbvv2d1XQHETX5UyM0WE-GOSIIw
10-04 03:22:19.298 I/flutter (32272): [2024-10-04 03:22:19.298107] getLocalTokens : expires_in: 2474s
10-04 03:22:19.298 I/flutter (32272): [2024-10-04 03:22:19.298135] verify: IGZkjAMFaUwewGKCVBRR50uns3Il
10-04 03:22:19.302 D/CCodecBufferChannel(32272): [c2.android.aac.decoder#765] MediaCodec discarded an unknown buffer
10-04 03:22:19.302 D/CCodecBufferChannel(32272): [c2.android.aac.decoder#765] MediaCodec discarded an unknown buffer
10-04 03:22:19.302 D/CCodecBufferChannel(32272): [c2.android.aac.decoder#765] MediaCodec discarded an unknown buffer
10-04 03:22:19.302 D/CCodecBufferChannel(32272): [c2.android.aac.decoder#765] MediaCodec discarded an unknown buffer
10-04 03:22:19.303 I/hw-BpHwBinder(32272): onLastStrongRef automatically unlinking death recipients
10-04 03:22:19.303 I/hw-BpHwBinder( 1347): onLastStrongRef automatically unlinking death recipients
10-04 03:22:19.303 I/hw-BpHwBinder( 1347): onLastStrongRef automatically unlinking death recipients
10-04 03:22:19.304 D/BufferPoolAccessor2.0( 1347): bufferpool2 0xb400006f577960f8 : 0(0 size) total buffers - 0(0 size) used buffers - 0/0 (recycle/alloc) - 0/0 (fetch/transfer)
10-04 03:22:19.304 D/BufferPoolAccessor2.0( 1347): Destruction - bufferpool2 0xb400006f577960f8 cached: 0/0M, 0/0% in use; allocs: 0, 0% recycled; transfers: 0, 0% unfetched
10-04 03:22:19.307 D/BufferPoolAccessor2.0( 1347): bufferpool2 0xb400006f57794c28 : 0(0 size) total buffers - 0(0 size) used buffers - 92/96 (recycle/alloc) - 4/96 (fetch/transfer)
10-04 03:22:19.308 I/ExynosC2H264DecComponent( 1184): [release] component is released
10-04 03:22:19.309 D/SurfaceUtils(32272): disconnecting from surface 0xb400006d4df0e9a0, reason disconnectFromSurface
10-04 03:22:19.309 I/hw-BpHwBinder(32272): onLastStrongRef automatically unlinking death recipients
10-04 03:22:19.309 I/hw-BpHwBinder( 1184): onLastStrongRef automatically unlinking death recipients
10-04 03:22:19.569 I/flutter (32272): [2024-10-04 03:22:19.569543] dispose #5
10-04 03:22:19.570 I/flutter (32272): [2024-10-04 03:22:19.570034] dispose #6
10-04 03:22:20.144 D/TrafficStats(31959): tagSocket(5) with statsTag=0xffffffff, statsUid=-1
10-04 03:22:20.169 D/TrafficStats(31959): tagSocket(97) with statsTag=0xffffffff, statsUid=-1
10-04 03:22:20.183 D/TrafficStats(31959): tagSocket(98) with statsTag=0xffffffff, statsUid=-1
10-04 03:22:20.187 D/TrafficStats(31959): tagSocket(99) with statsTag=0xffffffff, statsUid=-1
10-04 03:22:20.188 D/TrafficStats(31959): tagSocket(100) with statsTag=0xffffffff, statsUid=-1
10-04 03:22:20.207 D/TrafficStats(31959): tagSocket(101) with statsTag=0xffffffff, statsUid=-1
10-04 03:22:20.760 I/WifiHAL ( 1196): Creating message to get link statistics; iface = 47
10-04 03:22:20.822 I/WifiHAL ( 1196): In GetLinkStatsCommand::handleResponse
10-04 03:22:20.894 D/ConnectivityService( 1649): NetReassign [no changes] [c 1] [a 1] [i 17]
10-04 03:22:21.068 D/TrafficStats(31959): tagSocket(5) with statsTag=0xffffffff, statsUid=-1
10-04 03:22:21.082 I/System.out(31959): {"id":"","uri":"[Lcom.netease.open.libpoco.sdk.AbstractNode;@cc7333a(5b6566ce-b394-400c-94d2-88d736eaefe2)","method":[["del",[]]],"session_id":"fdf55ea6-ddfd-423f-8cf2-ff251ed1840e"}
10-04 03:22:21.127 D/TrafficStats(31959): tagSocket(5) with statsTag=0xffffffff, statsUid=-1
10-04 03:22:21.134 I/System.out(31959): {"id":"15385892-7019-4c2f-ab54-d3c600b0abe9","uri":"poco-uiautomation-framework","method":[["getattr","selector"],["getattr","select"],["call",[["",["\/",[["^",[["and",[["attr.*=",["name","(?s).*Common.*"]]]],["and",[]]]],["and",[]]]]],["",true]]]],"session_id":"fdf55ea6-ddfd-423f-8cf2-ff251ed1840e"}
10-04 03:22:21.211 D/TrafficStats(31959): tagSocket(5) with statsTag=0xffffffff, statsUid=-1
10-04 03:22:21.217 I/System.out(31959): {"id":"31b057cb-ca52-44a1-a864-f2e4c6c0920c","uri":"[Lcom.netease.open.libpoco.sdk.AbstractNode;@f97ffb6(048ab800-5daf-4b54-ac3d-d4ba1de2d9d2)","method":[["len",[]]],"session_id":"fdf55ea6-ddfd-423f-8cf2-ff251ed1840e"}
10-04 03:22:21.239 D/TrafficStats(31959): tagSocket(5) with statsTag=0xffffffff, statsUid=-1
10-04 03:22:21.244 I/System.out(31959): {"id":"9a3170b3-a534-47bd-af11-9b5880524ff4","uri":"[Lcom.netease.open.libpoco.sdk.AbstractNode;@f97ffb6(048ab800-5daf-4b54-ac3d-d4ba1de2d9d2)","method":[["len",[]]],"session_id":"fdf55ea6-ddfd-423f-8cf2-ff251ed1840e"}
10-04 03:22:21.266 D/TrafficStats(31959): tagSocket(5) with statsTag=0xffffffff, statsUid=-1
10-04 03:22:21.277 I/System.out(31959): {"id":"e5c65ce3-065a-472d-8ec8-795217552712","uri":"[Lcom.netease.open.libpoco.sdk.AbstractNode;@f97ffb6(048ab800-5daf-4b54-ac3d-d4ba1de2d9d2)","method":[["len",[]]],"session_id":"fdf55ea6-ddfd-423f-8cf2-ff251ed1840e"}
10-04 03:22:21.286 D/TrafficStats(31959): tagSocket(97) with statsTag=0xffffffff, statsUid=-1
10-04 03:22:21.301 D/TrafficStats(31959): tagSocket(5) with statsTag=0xffffffff, statsUid=-1
10-04 03:22:21.306 D/TrafficStats(31959): tagSocket(98) with statsTag=0xffffffff, statsUid=-1
10-04 03:22:21.308 I/System.out(31959): {"id":"81b128f0-039c-45e9-b1f3-04b09ecf28d6","uri":"[Lcom.netease.open.libpoco.sdk.AbstractNode;@f97ffb6(048ab800-5daf-4b54-ac3d-d4ba1de2d9d2)","method":[["getitem",0]],"session_id":"fdf55ea6-ddfd-423f-8cf2-ff251ed1840e"}
10-04 03:22:21.318 D/TrafficStats(31959): tagSocket(99) with statsTag=0xffffffff, statsUid=-1
10-04 03:22:21.330 D/TrafficStats(31959): tagSocket(98) with statsTag=0xffffffff, statsUid=-1
10-04 03:22:21.336 D/TrafficStats(31959): tagSocket(100) with statsTag=0xffffffff, statsUid=-1
10-04 03:22:21.338 D/TrafficStats(31959): tagSocket(101) with statsTag=0xffffffff, statsUid=-1
10-04 03:22:21.340 I/System.out(31959): {"id":"25078029-5aa5-4bdf-9521-0638edb4545e","uri":"poco-uiautomation-framework","method":[["getattr","attributor"],["getattr","getAttr"],["call",[["uri","com.netease.open.libpoco.Node@73b6389(984ad30d-33fe-441f-8e38-aefb37dc2c8a)"],["","pos"]]]],"session_id":"fdf55ea6-ddfd-423f-8cf2-ff251ed1840e"}
10-04 03:22:21.341 D/TrafficStats(31959): tagSocket(102) with statsTag=0xffffffff, statsUid=-1
10-04 03:22:21.369 D/TrafficStats(31959): tagSocket(97) with statsTag=0xffffffff, statsUid=-1
10-04 03:22:21.372 I/System.out(31959): {"id":"3194d1ff-a8dc-43d7-b9bc-9ed44da37486","uri":"poco-uiautomation-framework","method":[["getattr","attributor"],["getattr","getAttr"],["call",[["uri","com.netease.open.libpoco.Node@73b6389(984ad30d-33fe-441f-8e38-aefb37dc2c8a)"],["","size"]]]],"session_id":"fdf55ea6-ddfd-423f-8cf2-ff251ed1840e"}
10-04 03:22:21.389 D/TrafficStats(31959): tagSocket(97) with statsTag=0xffffffff, statsUid=-1
10-04 03:22:21.393 I/System.out(31959): {"id":"cafc26b5-1488-49b0-a9be-95e0c4dd0195","uri":"poco-uiautomation-framework","method":[["getattr","attributor"],["getattr","getAttr"],["call",[["uri","com.netease.open.libpoco.Node@73b6389(984ad30d-33fe-441f-8e38-aefb37dc2c8a)"],["","anchorPoint"]]]],"session_id":"fdf55ea6-ddfd-423f-8cf2-ff251ed1840e"}
10-04 03:22:21.411 D/TrafficStats(31959): tagSocket(5) with statsTag=0xffffffff, statsUid=-1
10-04 03:22:21.414 I/System.out(31959): {"id":"15d9a30c-8d2f-44bd-9639-40d3b6212272","uri":"[Lcom.netease.open.libpoco.sdk.AbstractNode;@f97ffb6(048ab800-5daf-4b54-ac3d-d4ba1de2d9d2)","method":[["getitem",1]],"session_id":"fdf55ea6-ddfd-423f-8cf2-ff251ed1840e"}
10-04 03:22:21.435 D/TrafficStats(31959): tagSocket(5) with statsTag=0xffffffff, statsUid=-1
10-04 03:22:21.440 I/System.out(31959): {"id":"6c185fcb-a426-436e-848d-0fa5b8652de7","uri":"poco-uiautomation-framework","method":[["getattr","attributor"],["getattr","getAttr"],["call",[["uri","com.netease.open.libpoco.Node@2fdc266(4e71e13d-7140-46be-b844-6a09a1185bf4)"],["","pos"]]]],"session_id":"fdf55ea6-ddfd-423f-8cf2-ff251ed1840e"}
10-04 03:22:21.465 D/TrafficStats(31959): tagSocket(97) with statsTag=0xffffffff, statsUid=-1
10-04 03:22:21.474 I/System.out(31959): {"id":"2aad6afc-24a0-4aa1-93a5-48d7dea0e632","uri":"poco-uiautomation-framework","method":[["getattr","attributor"],["getattr","getAttr"],["call",[["uri","com.netease.open.libpoco.Node@2fdc266(4e71e13d-7140-46be-b844-6a09a1185bf4)"],["","size"]]]],"session_id":"fdf55ea6-ddfd-423f-8cf2-ff251ed1840e"}
10-04 03:22:21.513 D/TrafficStats(31959): tagSocket(5) with statsTag=0xffffffff, statsUid=-1
10-04 03:22:21.523 I/System.out(31959): {"id":"b804b47f-233b-46b4-bbb5-2b39c6e0fd2c","uri":"poco-uiautomation-framework","method":[["getattr","attributor"],["getattr","getAttr"],["call",[["uri","com.netease.open.libpoco.Node@2fdc266(4e71e13d-7140-46be-b844-6a09a1185bf4)"],["","anchorPoint"]]]],"session_id":"fdf55ea6-ddfd-423f-8cf2-ff251ed1840e"}
10-04 03:22:21.556 D/TrafficStats(31959): tagSocket(5) with statsTag=0xffffffff, statsUid=-1
10-04 03:22:21.562 I/System.out(31959): {"id":"2c838aaa-5a2b-45e1-8405-5b4ce86e87a7","uri":"[Lcom.netease.open.libpoco.sdk.AbstractNode;@f97ffb6(048ab800-5daf-4b54-ac3d-d4ba1de2d9d2)","method":[["getitem",2]],"session_id":"fdf55ea6-ddfd-423f-8cf2-ff251ed1840e"}
10-04 03:22:21.603 D/TrafficStats(31959): tagSocket(5) with statsTag=0xffffffff, statsUid=-1
10-04 03:22:21.611 I/System.out(31959): {"id":"d972d9ad-ccbc-4865-8f1d-b27d3e279ce7","uri":"poco-uiautomation-framework","method":[["getattr","attributor"],["getattr","getAttr"],["call",[["uri","com.netease.open.libpoco.Node@6f49943(a0f15c9b-d1b4-4d9e-95f6-4a9aa0535e19)"],["","pos"]]]],"session_id":"fdf55ea6-ddfd-423f-8cf2-ff251ed1840e"}
10-04 03:22:21.667 D/TrafficStats(31959): tagSocket(5) with statsTag=0xffffffff, statsUid=-1
10-04 03:22:21.675 I/System.out(31959): {"id":"6e5bd460-237c-4595-a2db-358b27d2cbbd","uri":"poco-uiautomation-framework","method":[["getattr","attributor"],["getattr","getAttr"],["call",[["uri","com.netease.open.libpoco.Node@6f49943(a0f15c9b-d1b4-4d9e-95f6-4a9aa0535e19)"],["","size"]]]],"session_id":"fdf55ea6-ddfd-423f-8cf2-ff251ed1840e"}
10-04 03:22:21.706 D/TrafficStats(31959): tagSocket(5) with statsTag=0xffffffff, statsUid=-1
10-04 03:22:21.714 I/System.out(31959): {"id":"5beaf899-244d-4729-9f9c-8196d995f3be","uri":"poco-uiautomation-framework","method":[["getattr","attributor"],["getattr","getAttr"],["call",[["uri","com.netease.open.libpoco.Node@6f49943(a0f15c9b-d1b4-4d9e-95f6-4a9aa0535e19)"],["","anchorPoint"]]]],"session_id":"fdf55ea6-ddfd-423f-8cf2-ff251ed1840e"}
10-04 03:22:21.741 D/TrafficStats(31959): tagSocket(5) with statsTag=0xffffffff, statsUid=-1
10-04 03:22:21.755 I/System.out(31959): {"id":"","uri":"com.netease.open.libpoco.Node@6f49943(a0f15c9b-d1b4-4d9e-95f6-4a9aa0535e19)","method":[["del",[]]],"session_id":"fdf55ea6-ddfd-423f-8cf2-ff251ed1840e"}
10-04 03:22:21.776 D/TrafficStats(31959): tagSocket(5) with statsTag=0xffffffff, statsUid=-1
10-04 03:22:21.784 I/System.out(31959): {"id":"","uri":"com.netease.open.libpoco.Node@73b6389(984ad30d-33fe-441f-8e38-aefb37dc2c8a)","method":[["del",[]]],"session_id":"fdf55ea6-ddfd-423f-8cf2-ff251ed1840e"}
10-04 03:22:21.811 D/TrafficStats(31959): tagSocket(5) with statsTag=0xffffffff, statsUid=-1
10-04 03:22:21.816 I/System.out(31959): {"id":"f141a73d-9890-472a-94e9-7c6990ae73d3","uri":"poco-uiautomation-framework","method":[["getattr","attributor"],["getattr","getAttr"],["call",[["uri","com.netease.open.libpoco.Node@2fdc266(4e71e13d-7140-46be-b844-6a09a1185bf4)"],["","pos"]]]],"session_id":"fdf55ea6-ddfd-423f-8cf2-ff251ed1840e"}
10-04 03:22:21.856 D/TrafficStats(31959): tagSocket(5) with statsTag=0xffffffff, statsUid=-1
10-04 03:22:21.863 I/System.out(31959): {"id":"67ec9895-ccfb-4050-a3d5-1d5ba27d9718","uri":"poco-uiautomation-framework","method":[["getattr","attributor"],["getattr","getAttr"],["call",[["uri","com.netease.open.libpoco.Node@2fdc266(4e71e13d-7140-46be-b844-6a09a1185bf4)"],["","size"]]]],"session_id":"fdf55ea6-ddfd-423f-8cf2-ff251ed1840e"}
10-04 03:22:21.887 D/TrafficStats(31959): tagSocket(5) with statsTag=0xffffffff, statsUid=-1
10-04 03:22:21.895 I/System.out(31959): {"id":"455a4e71-38e6-4c24-a126-9af7cebea118","uri":"poco-uiautomation-framework","method":[["getattr","attributor"],["getattr","getAttr"],["call",[["uri","com.netease.open.libpoco.Node@2fdc266(4e71e13d-7140-46be-b844-6a09a1185bf4)"],["","anchorPoint"]]]],"session_id":"fdf55ea6-ddfd-423f-8cf2-ff251ed1840e"}
10-04 03:22:21.960 I/flutter (32272): [2024-10-04 03:22:21.960726] initState #10
10-04 03:22:21.966 I/flutter (32272): [2024-10-04 03:22:21.966058] initState #11
10-04 03:22:22.252 I/flutter (32272): [2024-10-04 03:22:22.252055] dispose #9
10-04 03:22:22.301 E/AppOps  ( 1649): Operation not found: uid=1041 pkg=audioserver(null) op=WAKE_LOCK
10-04 03:22:22.374 D/TrafficStats(31959): tagSocket(5) with statsTag=0xffffffff, statsUid=-1
10-04 03:22:22.375 I/bthal.activity( 1121): bt_power: LeAdvStat: 03:22:19:085 - 03:22:22:375, duration: 3289, le_adv_count: 8, total_le_adv_count: 12003, total_event_count: 8
10-04 03:22:22.377 D/TrafficStats(31959): tagSocket(97) with statsTag=0xffffffff, statsUid=-1
10-04 03:22:22.409 D/TrafficStats(31959): tagSocket(98) with statsTag=0xffffffff, statsUid=-1
10-04 03:22:22.411 D/TrafficStats(31959): tagSocket(99) with statsTag=0xffffffff, statsUid=-1
10-04 03:22:22.423 D/TrafficStats(31959): tagSocket(100) with statsTag=0xffffffff, statsUid=-1
10-04 03:22:22.427 D/TrafficStats(31959): tagSocket(101) with statsTag=0xffffffff, statsUid=-1
10-04 03:22:23.745 D/TrafficStats(31959): tagSocket(5) with statsTag=0xffffffff, statsUid=-1
10-04 03:22:23.752 I/System.out(31959): {"id":"","uri":"com.netease.open.libpoco.Node@2fdc266(4e71e13d-7140-46be-b844-6a09a1185bf4)","method":[["del",[]]],"session_id":"fdf55ea6-ddfd-423f-8cf2-ff251ed1840e"}
10-04 03:22:23.773 D/TrafficStats(31959): tagSocket(5) with statsTag=0xffffffff, statsUid=-1
10-04 03:22:23.778 I/System.out(31959): {"id":"","uri":"[Lcom.netease.open.libpoco.sdk.AbstractNode;@f97ffb6(048ab800-5daf-4b54-ac3d-d4ba1de2d9d2)","method":[["del",[]]],"session_id":"fdf55ea6-ddfd-423f-8cf2-ff251ed1840e"}
10-04 03:22:23.802 D/TrafficStats(31959): tagSocket(5) with statsTag=0xffffffff, statsUid=-1
10-04 03:22:23.807 I/System.out(31959): {"id":"310d6002-b867-4fdf-be66-802025e18ed4","uri":"poco-uiautomation-framework","method":[["getattr","selector"],["getattr","select"],["call",[["",["and",[["attr=",["name","Wi-Fi\nTab 2 of 2"]]]]],["",false]]]],"session_id":"fdf55ea6-ddfd-423f-8cf2-ff251ed1840e"}
10-04 03:22:23.840 D/TrafficStats(31959): tagSocket(5) with statsTag=0xffffffff, statsUid=-1
10-04 03:22:23.845 I/System.out(31959): {"id":"48929fca-7cc4-4aa3-93d2-1a77454ae32c","uri":"[Lcom.netease.open.libpoco.sdk.AbstractNode;@27d5a69(fd234dda-a45b-45d3-a24c-6a4e7bc7b569)","method":[["len",[]]],"session_id":"fdf55ea6-ddfd-423f-8cf2-ff251ed1840e"}
10-04 03:22:23.865 D/TrafficStats(31959): tagSocket(5) with statsTag=0xffffffff, statsUid=-1
10-04 03:22:23.870 I/System.out(31959): {"id":"a0f03445-c993-4070-9c02-103d66d52a49","uri":"[Lcom.netease.open.libpoco.sdk.AbstractNode;@27d5a69(fd234dda-a45b-45d3-a24c-6a4e7bc7b569)","method":[["len",[]]],"session_id":"fdf55ea6-ddfd-423f-8cf2-ff251ed1840e"}
10-04 03:22:23.875 I/WifiHAL ( 1196): Creating message to get link statistics; iface = 47
10-04 03:22:23.889 D/TrafficStats(31959): tagSocket(5) with statsTag=0xffffffff, statsUid=-1
10-04 03:22:23.896 I/System.out(31959): {"id":"4c0daa75-7b27-4fc5-9fba-ce3ba015ab2d","uri":"poco-uiautomation-framework","method":[["getattr","attributor"],["getattr","getAttr"],["call",[["uri","[Lcom.netease.open.libpoco.sdk.AbstractNode;@27d5a69(fd234dda-a45b-45d3-a24c-6a4e7bc7b569)"],["","pos"]]]],"session_id":"fdf55ea6-ddfd-423f-8cf2-ff251ed1840e"}
10-04 03:22:23.922 D/TrafficStats(31959): tagSocket(5) with statsTag=0xffffffff, statsUid=-1
10-04 03:22:23.923 I/WifiHAL ( 1196): In GetLinkStatsCommand::handleResponse
10-04 03:22:23.929 I/System.out(31959): {"id":"22d0d573-0ff3-4af2-ad88-11354b1ff2e8","uri":"poco-uiautomation-framework","method":[["getattr","attributor"],["getattr","getAttr"],["call",[["uri","[Lcom.netease.open.libpoco.sdk.AbstractNode;@27d5a69(fd234dda-a45b-45d3-a24c-6a4e7bc7b569)"],["","size"]]]],"session_id":"fdf55ea6-ddfd-423f-8cf2-ff251ed1840e"}
10-04 03:22:23.937 D/TrafficStats(31959): tagSocket(97) with statsTag=0xffffffff, statsUid=-1
10-04 03:22:23.951 D/TrafficStats(31959): tagSocket(5) with statsTag=0xffffffff, statsUid=-1
10-04 03:22:23.956 D/TrafficStats(31959): tagSocket(98) with statsTag=0xffffffff, statsUid=-1
10-04 03:22:23.959 D/TrafficStats(31959): tagSocket(99) with statsTag=0xffffffff, statsUid=-1
10-04 03:22:23.960 D/ConnectivityService( 1649): NetReassign [no changes] [c 1] [a 0] [i 6]
10-04 03:22:23.961 D/TrafficStats(31959): tagSocket(100) with statsTag=0xffffffff, statsUid=-1
10-04 03:22:23.964 I/System.out(31959): {"id":"5cf9cfdf-dd14-44d8-ac8e-859077c2bc8b","uri":"poco-uiautomation-framework","method":[["getattr","attributor"],["getattr","getAttr"],["call",[["uri","[Lcom.netease.open.libpoco.sdk.AbstractNode;@27d5a69(fd234dda-a45b-45d3-a24c-6a4e7bc7b569)"],["","anchorPoint"]]]],"session_id":"fdf55ea6-ddfd-423f-8cf2-ff251ed1840e"}
10-04 03:22:23.969 D/TrafficStats(31959): tagSocket(101) with statsTag=0xffffffff, statsUid=-1
10-04 03:22:23.972 D/TrafficStats(31959): tagSocket(102) with statsTag=0xffffffff, statsUid=-1
10-04 03:22:24.015 I/flutter (32272): [2024-10-04 03:22:24.015201] initState #12
10-04 03:22:24.015 I/flutter (32272): [2024-10-04 03:22:24.015407] ================  Subscribing to lifecycle  ================
10-04 03:22:24.285 D/BufferPoolAccessor2.0(32272): bufferpool2 0xb400006e0de49e98 : 0(0 size) total buffers - 0(0 size) used buffers - 48/57 (recycle/alloc) - 5/52 (fetch/transfer)
10-04 03:22:24.285 D/BufferPoolAccessor2.0(32272): evictor expired: 1, evicted: 1
10-04 03:22:24.305 D/BufferPoolAccessor2.0( 1347): evictor expired: 1, evicted: 0
10-04 03:22:24.311 I/flutter (32272): [2024-10-04 03:22:24.311390] dispose #11
10-04 03:22:24.311 I/flutter (32272): [2024-10-04 03:22:24.311851] dispose #10
10-04 03:22:25.006 D/TrafficStats(31959): tagSocket(5) with statsTag=0xffffffff, statsUid=-1
10-04 03:22:25.066 D/TrafficStats(31959): tagSocket(97) with statsTag=0xffffffff, statsUid=-1
10-04 03:22:25.073 D/TrafficStats(31959): tagSocket(98) with statsTag=0xffffffff, statsUid=-1
10-04 03:22:25.086 D/TrafficStats(31959): tagSocket(99) with statsTag=0xffffffff, statsUid=-1
10-04 03:22:25.093 D/TrafficStats(31959): tagSocket(100) with statsTag=0xffffffff, statsUid=-1
10-04 03:22:25.094 D/TrafficStats(31959): tagSocket(101) with statsTag=0xffffffff, statsUid=-1
10-04 03:22:25.286 D/BufferPoolAccessor2.0(32272): bufferpool2 0xb400006e0de52018 : 0(0 size) total buffers - 0(0 size) used buffers - 96/105 (recycle/alloc) - 5/98 (fetch/transfer)
10-04 03:22:25.286 D/BufferPoolAccessor2.0(32272): evictor expired: 1, evicted: 1
10-04 03:22:25.306 D/BufferPoolAccessor2.0( 1347): bufferpool2 0xb400006f57794c28 : 0(0 size) total buffers - 0(0 size) used buffers - 92/96 (recycle/alloc) - 4/96 (fetch/transfer)
10-04 03:22:25.307 D/BufferPoolAccessor2.0( 1347): evictor expired: 1, evicted: 1
10-04 03:22:25.740 W/ProcessStats( 1649): Tracking association SourceState{28aeada system/1000 BFgs #195591} whose proc state 4 is better than process ProcessState{79e5790 com.google.android.ext.services/10245 pkg=com.google.android.ext.services} proc state 14 (55 skipped)
10-04 03:22:25.804 D/TrafficStats(31959): tagSocket(5) with statsTag=0xffffffff, statsUid=-1
10-04 03:22:25.815 I/System.out(31959): {"id":"","uri":"[Lcom.netease.open.libpoco.sdk.AbstractNode;@27d5a69(fd234dda-a45b-45d3-a24c-6a4e7bc7b569)","method":[["del",[]]],"session_id":"fdf55ea6-ddfd-423f-8cf2-ff251ed1840e"}
