10-04 03:21:51.404 I/flutter (32272): [2024-10-04 03:21:51.404621] 
10-04 03:21:51.404 I/flutter (32272): *** Notification: 
10-04 03:21:51.404 I/flutter (32272):  id: 69791622
10-04 03:21:51.404 I/flutter (32272): payload: {"id":"69791622","result":{"associated":true,"essid":"NESTWIFI","channel":6,"strength":100,"rssi":-46,"noise_floor":-99,"address":"192.168.86.155","netmask":"255.255.255.0","gateway":"192.168.86.1","dhcp":true,"dns_servers":["192.168.86.1"],"security":"wpa psk"},"cmd":"wlan.get_status","timestamp":"2024-10-04T07:21:50.081818567Z"}
10-04 03:21:51.404 I/flutter (32272): customerId: d4c312f1-25be-4ea3-a599-b2f2ed387fb2
10-04 03:21:51.404 I/flutter (32272): subjectId: DCJ224400213CC47515DD7B1170A0123F352C3572928DE
10-04 03:21:51.404 I/flutter (32272): type: RESULTS
10-04 03:21:51.404 I/flutter (32272): subject: PRINTER
10-04 03:21:51.404 I/flutter (32272): created: {
10-04 03:21:51.404 I/flutter (32272):   seconds: 1728026510
10-04 03:21:51.404 I/flutter (32272):   nanos: 97820564
10-04 03:21:51.404 I/flutter (32272): }
10-04 03:21:51.404 I/flutter (32272): ***
10-04 03:21:51.404 I/flutter (32272): [2024-10-04 03:21:51.404720] NON USER Notification
10-04 03:21:51.484 I/flutter (32272): [2024-10-04 03:21:51.484098] ____________________________________________________________
10-04 03:21:51.484 I/flutter (32272): [2024-10-04 03:21:51.484340] 
10-04 03:21:51.484 I/flutter (32272): *** Notification: 
10-04 03:21:51.484 I/flutter (32272):  id: 01J9B6G0TY7BA687ZKXEV24NP5
10-04 03:21:51.484 I/flutter (32272): customerId: d4c312f1-25be-4ea3-a599-b2f2ed387fb2
10-04 03:21:51.484 I/flutter (32272): type: PORTAL_EVENT
10-04 03:21:51.484 I/flutter (32272): action: REGISTERED
10-04 03:21:51.484 I/flutter (32272): subject: NOTIFICATIONS
10-04 03:21:51.484 I/flutter (32272): created: {
10-04 03:21:51.484 I/flutter (32272):   seconds: 1728026510
10-04 03:21:51.484 I/flutter (32272):   nanos: 174132538
10-04 03:21:51.484 I/flutter (32272): }
10-04 03:21:51.484 I/flutter (32272): ***
10-04 03:21:51.484 I/flutter (32272): [2024-10-04 03:21:51.484414] NOTIFICATIONS: Registered
10-04 03:21:51.484 I/flutter (32272): [2024-10-04 03:21:51.484494] ____________________________________________________________
10-04 03:21:51.484 I/flutter (32272): [2024-10-04 03:21:51.484564] 
10-04 03:21:51.484 I/flutter (32272): *** Notification: 
10-04 03:21:51.484 I/flutter (32272):  id: 01J9B6G0TY7BA687ZKXEV24NP5
10-04 03:21:51.484 I/flutter (32272): customerId: d4c312f1-25be-4ea3-a599-b2f2ed387fb2
10-04 03:21:51.484 I/flutter (32272): type: PORTAL_EVENT
10-04 03:21:51.484 I/flutter (32272): action: REGISTERED
10-04 03:21:51.484 I/flutter (32272): subject: NOTIFICATIONS
10-04 03:21:51.484 I/flutter (32272): created: {
10-04 03:21:51.484 I/flutter (32272):   seconds: 1728026510
10-04 03:21:51.484 I/flutter (32272):   nanos: 174132538
10-04 03:21:51.484 I/flutter (32272): }
10-04 03:21:51.484 I/flutter (32272): ***
10-04 03:21:51.484 I/flutter (32272): [2024-10-04 03:21:51.484615] NOTIFICATIONS: Registered
10-04 03:21:51.493 I/flutter (32272): [2024-10-04 03:21:51.493529] [{ id: DCJ224400213CC47515DD7B1170A0123F352C3572928DE, sn: DCJ224400213CC47515DD7B1170A0123F352C3572928DE, name: ZSB-DP12, wlanStrength: 100, wlanName: NESTWIFI, wlanIP: 192.168.86.155 }, { id: DSJ224301642CC47515DD7C94A1E0123908B62652BABDE, sn: DSJ224301642CC47515DD7C94A1E0123908B62652BABDE, name: ZSB-DP14, wlanStrength: 97, wlanName: NESTWIFI, wlanIP: 192.168.86.137 }]
10-04 03:21:51.505 I/flutter (32272): [2024-10-04 03:21:51.505107] unary request. timestamp: 2024-10-04 03:21:51.505068 method name: /zsbpportal.ZsbpPortalService/GetPreferences
10-04 03:21:51.511 I/flutter (32272): [2024-10-04 03:21:51.511329] unary request. timestamp: 2024-10-04 03:21:51.511299 method name: /zsbpportal.ZsbpPortalService/GetPreferences
10-04 03:21:51.516 I/flutter (32272): [2024-10-04 03:21:51.516467] dispose #4
10-04 03:21:51.516 I/flutter (32272): [2024-10-04 03:21:51.516887] getLocalTokens : access_token: IGZkjAMFaUwewGKCVBRR50uns3Il
10-04 03:21:51.516 I/flutter (32272): [2024-10-04 03:21:51.516936] getLocalTokens : refresh_token: 49TvpjP2gHHHvqSCKicXH9q82oEf8Xebib7rhkAmgF
10-04 03:21:51.517 I/flutter (32272): [2024-10-04 03:21:51.516979] getLocalTokens : id_token: eyJhbGciOiJSUzI1NiIsImtpZCI6IllkRDl3VS1haU5vODl5bXBQb3lCTTBwbTB1SV9SUzI1NiJ9.eyJzdWIiOiJ6ZWJyYTAyLnN3ZHZ0QGdtYWlsLmNvbSIsImF1ZCI6ImFwaWdlZV9tb2JpbGVhcHBfbWIiLCJqdGkiOiJISFV2V0lPd2NNWW1hWUhPR25nTU5wIiwiaXNzIjoiaHR0cHM6Ly9waS56ZWJyYS5jb20iLCJpYXQiOjE3MjgwMjIyNzUsImV4cCI6MTcyODAyMjU3NSwiYXV0aF90aW1lIjoxNzI4MDIyMjcwLCJhY3IiOiJHb29nbGVfU29jaWFsX2xvZ2luX1BvbGljeSIsInp1aWQiOiJiZTBlMmU1Yy0xYTQ4LTQyNDAtOTBiYS1hOTBkNDlhMzFjZWUiLCJwaS5zcmkiOiJGVEVDekRpekZMYzExYmJXQzZUcElGdW9idXcuZFhNdFpXRnpkQzB5Iiwic2lkIjoiRlRFQ3pEaXpGTGMxMWJiV0M2VHBJRnVvYnV3LmRYTXRaV0Z6ZEMweSJ9.WoDuG3OrrSqeRGmaEO2Vygus7YzPyPbhcpVlXp6DgVsE-luk9BBiIiOVT8ze8QBPsqizQwg_Zm6JsI6syfoJVXVSY4bkrWsZhlnQjXDwCxa2aXMkqlEkj28pC3xe_6anlURyzlq8N_0drhS8t92pTlGbAETpChOumDsE346EYEcJh0v33oQ5CWGSOCOoAeCW5manIEd5XOHYqFbKuBgp1llnE5N0kcrDNwx4Pz85U7XI9Elm3hi2dWSMie-BkxyMAck_Ugs1l0b_9YBWa2D1NxwfK60iSHKfB1rKv9h1mIbCCbK5zHPnkESlvHSBbvv2d1XQHETX5UyM0WE-GOSIIw
10-04 03:21:51.517 I/flutter (32272): [2024-10-04 03:21:51.517025] getLocalTokens : expires_in: 2502s
10-04 03:21:51.517 I/flutter (32272): [2024-10-04 03:21:51.517066] verify: IGZkjAMFaUwewGKCVBRR50uns3Il
10-04 03:21:51.517 I/flutter (32272): [2024-10-04 03:21:51.517489] getLocalTokens : access_token: IGZkjAMFaUwewGKCVBRR50uns3Il
10-04 03:21:51.517 I/flutter (32272): [2024-10-04 03:21:51.517531] getLocalTokens : refresh_token: 49TvpjP2gHHHvqSCKicXH9q82oEf8Xebib7rhkAmgF
10-04 03:21:51.517 I/flutter (32272): [2024-10-04 03:21:51.517571] getLocalTokens : id_token: eyJhbGciOiJSUzI1NiIsImtpZCI6IllkRDl3VS1haU5vODl5bXBQb3lCTTBwbTB1SV9SUzI1NiJ9.eyJzdWIiOiJ6ZWJyYTAyLnN3ZHZ0QGdtYWlsLmNvbSIsImF1ZCI6ImFwaWdlZV9tb2JpbGVhcHBfbWIiLCJqdGkiOiJISFV2V0lPd2NNWW1hWUhPR25nTU5wIiwiaXNzIjoiaHR0cHM6Ly9waS56ZWJyYS5jb20iLCJpYXQiOjE3MjgwMjIyNzUsImV4cCI6MTcyODAyMjU3NSwiYXV0aF90aW1lIjoxNzI4MDIyMjcwLCJhY3IiOiJHb29nbGVfU29jaWFsX2xvZ2luX1BvbGljeSIsInp1aWQiOiJiZTBlMmU1Yy0xYTQ4LTQyNDAtOTBiYS1hOTBkNDlhMzFjZWUiLCJwaS5zcmkiOiJGVEVDekRpekZMYzExYmJXQzZUcElGdW9idXcuZFhNdFpXRnpkQzB5Iiwic2lkIjoiRlRFQ3pEaXpGTGMxMWJiV0M2VHBJRnVvYnV3LmRYTXRaV0Z6ZEMweSJ9.WoDuG3OrrSqeRGmaEO2Vygus7YzPyPbhcpVlXp6DgVsE-luk9BBiIiOVT8ze8QBPsqizQwg_Zm6JsI6syfoJVXVSY4bkrWsZhlnQjXDwCxa2aXMkqlEkj28pC3xe_6anlURyzlq8N_0drhS8t92pTlGbAETpChOumDsE346EYEcJh0v33oQ5CWGSOCOoAeCW5manIEd5XOHYqFbKuBgp1llnE5N0kcrDNwx4Pz85U7XI9Elm3hi2dWSMie-BkxyMAck_Ugs1l0b_9YBWa2D1NxwfK60iSHKfB1rKv9h1mIbCCbK5zHPnkESlvHSBbvv2d1XQHETX5UyM0WE-GOSIIw
10-04 03:21:51.517 I/flutter (32272): [2024-10-04 03:21:51.517608] getLocalTokens : expires_in: 2502s
10-04 03:21:51.517 I/flutter (32272): [2024-10-04 03:21:51.517646] verify: IGZkjAMFaUwewGKCVBRR50uns3Il
10-04 03:21:51.521 I/flutter (32272): [2024-10-04 03:21:51.521819] ____________________________________________________________
10-04 03:21:51.521 I/flutter (32272): [2024-10-04 03:21:51.521893] 
10-04 03:21:51.521 I/flutter (32272): *** Notification: 
10-04 03:21:51.521 I/flutter (32272):  id: 69791625
10-04 03:21:51.521 I/flutter (32272): payload: {"id":"69791625","result":{"associated":true,"essid":"NESTWIFI","channel":6,"strength":100,"rssi":-50,"noise_floor":-98,"address":"192.168.86.137","netmask":"255.255.255.0","gateway":"192.168.86.1","dhcp":true,"dns_servers":["192.168.86.1"],"security":"wpa psk"},"cmd":"wlan.get_status","timestamp":"2024-10-04T07:21:50.199241787Z"}
10-04 03:21:51.521 I/flutter (32272): customerId: d4c312f1-25be-4ea3-a599-b2f2ed387fb2
10-04 03:21:51.521 I/flutter (32272): subjectId: DSJ224301642CC47515DD7C94A1E0123908B62652BABDE
10-04 03:21:51.521 I/flutter (32272): type: RESULTS
10-04 03:21:51.521 I/flutter (32272): subject: PRINTER
10-04 03:21:51.521 I/flutter (32272): created: {
10-04 03:21:51.521 I/flutter (32272):   seconds: 1728026510
10-04 03:21:51.521 I/flutter (32272):   nanos: 207500803
10-04 03:21:51.521 I/flutter (32272): }
10-04 03:21:51.521 I/flutter (32272): ***
10-04 03:21:51.522 I/flutter (32272): [2024-10-04 03:21:51.522019] NON USER Notification
10-04 03:21:51.522 I/flutter (32272): [2024-10-04 03:21:51.522045] ____________________________________________________________
10-04 03:21:51.522 I/flutter (32272): [2024-10-04 03:21:51.522061] 
10-04 03:21:51.522 I/flutter (32272): *** Notification: 
10-04 03:21:51.522 I/flutter (32272):  id: 69791625
10-04 03:21:51.522 I/flutter (32272): payload: {"id":"69791625","result":{"associated":true,"essid":"NESTWIFI","channel":6,"strength":100,"rssi":-50,"noise_floor":-98,"address":"192.168.86.137","netmask":"255.255.255.0","gateway":"192.168.86.1","dhcp":true,"dns_servers":["192.168.86.1"],"security":"wpa psk"},"cmd":"wlan.get_status","timestamp":"2024-10-04T07:21:50.199241787Z"}
10-04 03:21:51.522 I/flutter (32272): customerId: d4c312f1-25be-4ea3-a599-b2f2ed387fb2
10-04 03:21:51.522 I/flutter (32272): subjectId: DSJ224301642CC47515DD7C94A1E0123908B62652BABDE
10-04 03:21:51.522 I/flutter (32272): type: RESULTS
10-04 03:21:51.522 I/flutter (32272): subject: PRINTER
10-04 03:21:51.522 I/flutter (32272): created: {
10-04 03:21:51.522 I/flutter (32272):   seconds: 1728026510
10-04 03:21:51.522 I/flutter (32272):   nanos: 207500803
10-04 03:21:51.522 I/flutter (32272): }
10-04 03:21:51.522 I/flutter (32272): ***
10-04 03:21:51.522 I/flutter (32272): [2024-10-04 03:21:51.522309] ____________________________________________________________
10-04 03:21:51.522 I/flutter (32272): [2024-10-04 03:21:51.522336] 
10-04 03:21:51.522 I/flutter (32272): *** Notification: 
10-04 03:21:51.522 I/flutter (32272):  id: 69791625
10-04 03:21:51.522 I/flutter (32272): payload: {"id":"69791625","result":{"associated":true,"essid":"NESTWIFI","channel":6,"strength":100,"rssi":-50,"noise_floor":-98,"address":"192.168.86.137","netmask":"255.255.255.0","gateway":"192.168.86.1","dhcp":true,"dns_servers":["192.168.86.1"],"security":"wpa psk"},"cmd":"wlan.get_status","timestamp":"2024-10-04T07:21:50.199241787Z"}
10-04 03:21:51.522 I/flutter (32272): customerId: d4c312f1-25be-4ea3-a599-b2f2ed387fb2
10-04 03:21:51.522 I/flutter (32272): subjectId: DSJ224301642CC47515DD7C94A1E0123908B62652BABDE
10-04 03:21:51.522 I/flutter (32272): type: RESULTS
10-04 03:21:51.522 I/flutter (32272): subject: PRINTER
10-04 03:21:51.522 I/flutter (32272): created: {
10-04 03:21:51.522 I/flutter (32272):   seconds: 1728026510
10-04 03:21:51.522 I/flutter (32272):   nanos: 213336150
10-04 03:21:51.522 I/flutter (32272): }
10-04 03:21:51.522 I/flutter (32272): ***
10-04 03:21:51.522 I/flutter (32272): [2024-10-04 03:21:51.522365] NON USER Notification
10-04 03:21:51.522 I/flutter (32272): [2024-10-04 03:21:51.522379] ____________________________________________________________
10-04 03:21:51.522 I/flutter (32272): [2024-10-04 03:21:51.522396] 
10-04 03:21:51.522 I/flutter (32272): *** Notification: 
10-04 03:21:51.522 I/flutter (32272):  id: 69791625
10-04 03:21:51.522 I/flutter (32272): payload: {"id":"69791625","result":{"associated":true,"essid":"NESTWIFI","channel":6,"strength":100,"rssi":-50,"noise_floor":-98,"address":"192.168.86.137","netmask":"255.255.255.0","gateway":"192.168.86.1","dhcp":true,"dns_servers":["192.168.86.1"],"security":"wpa psk"},"cmd":"wlan.get_status","timestamp":"2024-10-04T07:21:50.199241787Z"}
10-04 03:21:51.522 I/flutter (32272): customerId: d4c312f1-25be-4ea3-a599-b2f2ed387fb2
10-04 03:21:51.522 I/flutter (32272): subjectId: DSJ224301642CC47515DD7C94A1E0123908B62652BABDE
10-04 03:21:51.522 I/flutter (32272): type: RESULTS
10-04 03:21:51.522 I/flutter (32272): subject: PRINTER
10-04 03:21:51.522 I/flutter (32272): created: {
10-04 03:21:51.522 I/flutter (32272):   seconds: 1728026510
10-04 03:21:51.522 I/flutter (32272):   nanos: 213336150
10-04 03:21:51.522 I/flutter (32272): }
10-04 03:21:51.522 I/flutter (32272): ***
10-04 03:21:51.571 I/flutter (32272): [2024-10-04 03:21:51.571864] unary request. timestamp: 2024-10-04 03:21:51.571829 method name: /zsbpportal.ZsbpPortalService/GetBannerMessages
10-04 03:21:51.572 I/flutter (32272): [2024-10-04 03:21:51.572215] getLocalTokens : access_token: IGZkjAMFaUwewGKCVBRR50uns3Il
10-04 03:21:51.572 I/flutter (32272): [2024-10-04 03:21:51.572236] getLocalTokens : refresh_token: 49TvpjP2gHHHvqSCKicXH9q82oEf8Xebib7rhkAmgF
10-04 03:21:51.572 I/flutter (32272): [2024-10-04 03:21:51.572256] getLocalTokens : id_token: eyJhbGciOiJSUzI1NiIsImtpZCI6IllkRDl3VS1haU5vODl5bXBQb3lCTTBwbTB1SV9SUzI1NiJ9.eyJzdWIiOiJ6ZWJyYTAyLnN3ZHZ0QGdtYWlsLmNvbSIsImF1ZCI6ImFwaWdlZV9tb2JpbGVhcHBfbWIiLCJqdGkiOiJISFV2V0lPd2NNWW1hWUhPR25nTU5wIiwiaXNzIjoiaHR0cHM6Ly9waS56ZWJyYS5jb20iLCJpYXQiOjE3MjgwMjIyNzUsImV4cCI6MTcyODAyMjU3NSwiYXV0aF90aW1lIjoxNzI4MDIyMjcwLCJhY3IiOiJHb29nbGVfU29jaWFsX2xvZ2luX1BvbGljeSIsInp1aWQiOiJiZTBlMmU1Yy0xYTQ4LTQyNDAtOTBiYS1hOTBkNDlhMzFjZWUiLCJwaS5zcmkiOiJGVEVDekRpekZMYzExYmJXQzZUcElGdW9idXcuZFhNdFpXRnpkQzB5Iiwic2lkIjoiRlRFQ3pEaXpGTGMxMWJiV0M2VHBJRnVvYnV3LmRYTXRaV0Z6ZEMweSJ9.WoDuG3OrrSqeRGmaEO2Vygus7YzPyPbhcpVlXp6DgVsE-luk9BBiIiOVT8ze8QBPsqizQwg_Zm6JsI6syfoJVXVSY4bkrWsZhlnQjXDwCxa2aXMkqlEkj28pC3xe_6anlURyzlq8N_0drhS8t92pTlGbAETpChOumDsE346EYEcJh0v33oQ5CWGSOCOoAeCW5manIEd5XOHYqFbKuBgp1llnE5N0kcrDNwx4Pz85U7XI9Elm3hi2dWSMie-BkxyMAck_Ugs1l0b_9YBWa2D1NxwfK60iSHKfB1rKv9h1mIbCCbK5zHPnkESlvHSBbvv2d1XQHETX5UyM0WE-GOSIIw
10-04 03:21:51.572 I/flutter (32272): [2024-10-04 03:21:51.572277] getLocalTokens : expires_in: 2502s
10-04 03:21:51.572 I/flutter (32272): [2024-10-04 03:21:51.572298] verify: IGZkjAMFaUwewGKCVBRR50uns3Il
10-04 03:21:51.675 I/flutter (32272): [2024-10-04 03:21:51.675385] ____________________________________________________________
10-04 03:21:51.675 I/flutter (32272): [2024-10-04 03:21:51.675554] 
10-04 03:21:51.675 I/flutter (32272): *** Notification: 
10-04 03:21:51.675 I/flutter (32272):  id: 69791623
10-04 03:21:51.675 I/flutter (32272): payload: {"id":"69791623","result":[null,null,null,null,{"essid":"NESTWIFI","security":"wpa psk","address_resolution":{"type":"dhcp"}}],"cmd":"wlan.list_configurations","timestamp":"2024-10-04T07:21:50.360186590Z"}
10-04 03:21:51.675 I/flutter (32272): customerId: d4c312f1-25be-4ea3-a599-b2f2ed387fb2
10-04 03:21:51.675 I/flutter (32272): subjectId: DCJ224400213CC47515DD7B1170A0123F352C3572928DE
10-04 03:21:51.675 I/flutter (32272): type: RESULTS
10-04 03:21:51.675 I/flutter (32272): subject: PRINTER
10-04 03:21:51.675 I/flutter (32272): created: {
10-04 03:21:51.675 I/flutter (32272):   seconds: 1728026510
10-04 03:21:51.675 I/flutter (32272):   nanos: 366995242
10-04 03:21:51.675 I/flutter (32272): }
10-04 03:21:51.675 I/flutter (32272): ***
10-04 03:21:51.675 I/flutter (32272): [2024-10-04 03:21:51.675612] Unhandled Printer Notification: PRINTER UNKNOWN_ACTION
10-04 03:21:51.675 I/flutter (32272): [2024-10-04 03:21:51.675726] NON USER Notification
10-04 03:21:51.675 I/flutter (32272): [2024-10-04 03:21:51.675781] ____________________________________________________________
10-04 03:21:51.675 I/flutter (32272): [2024-10-04 03:21:51.675854] 
10-04 03:21:51.675 I/flutter (32272): *** Notification: 
10-04 03:21:51.675 I/flutter (32272):  id: 69791623
10-04 03:21:51.675 I/flutter (32272): payload: {"id":"69791623","result":[null,null,null,null,{"essid":"NESTWIFI","security":"wpa psk","address_resolution":{"type":"dhcp"}}],"cmd":"wlan.list_configurations","timestamp":"2024-10-04T07:21:50.360186590Z"}
10-04 03:21:51.675 I/flutter (32272): customerId: d4c312f1-25be-4ea3-a599-b2f2ed387fb2
10-04 03:21:51.675 I/flutter (32272): subjectId: DCJ224400213CC47515DD7B1170A0123F352C3572928DE
10-04 03:21:51.675 I/flutter (32272): type: RESULTS
10-04 03:21:51.675 I/flutter (32272): subject: PRINTER
10-04 03:21:51.675 I/flutter (32272): created: {
10-04 03:21:51.675 I/flutter (32272):   seconds: 1728026510
10-04 03:21:51.675 I/flutter (32272):   nanos: 366995242
10-04 03:21:51.675 I/flutter (32272): }
10-04 03:21:51.675 I/flutter (32272): ***
10-04 03:21:51.675 I/flutter (32272): [2024-10-04 03:21:51.675890] Unhandled Printer Notification: PRINTER UNKNOWN_ACTION
10-04 03:21:51.681 I/flutter (32272): [2024-10-04 03:21:51.681048] ____________________________________________________________
10-04 03:21:51.681 I/flutter (32272): [2024-10-04 03:21:51.681230] 
10-04 03:21:51.681 I/flutter (32272): *** Notification: 
10-04 03:21:51.681 I/flutter (32272):  id: 69791623
10-04 03:21:51.681 I/flutter (32272): payload: {"id":"69791623","result":[null,null,null,null,{"essid":"NESTWIFI","security":"wpa psk","address_resolution":{"type":"dhcp"}}],"cmd":"wlan.list_configurations","timestamp":"2024-10-04T07:21:50.360186590Z"}
10-04 03:21:51.681 I/flutter (32272): customerId: d4c312f1-25be-4ea3-a599-b2f2ed387fb2
10-04 03:21:51.681 I/flutter (32272): subjectId: DCJ224400213CC47515DD7B1170A0123F352C3572928DE
10-04 03:21:51.681 I/flutter (32272): type: RESULTS
10-04 03:21:51.681 I/flutter (32272): subject: PRINTER
10-04 03:21:51.681 I/flutter (32272): created: {
10-04 03:21:51.681 I/flutter (32272):   seconds: 1728026510
10-04 03:21:51.681 I/flutter (32272):   nanos: 373072313
10-04 03:21:51.681 I/flutter (32272): }
10-04 03:21:51.681 I/flutter (32272): ***
10-04 03:21:51.681 I/flutter (32272): [2024-10-04 03:21:51.681285] Unhandled Printer Notification: PRINTER UNKNOWN_ACTION
10-04 03:21:51.681 I/flutter (32272): [2024-10-04 03:21:51.681345] NON USER Notification
10-04 03:21:51.681 I/flutter (32272): [2024-10-04 03:21:51.681397] ____________________________________________________________
10-04 03:21:51.681 I/flutter (32272): [2024-10-04 03:21:51.681435] 
10-04 03:21:51.681 I/flutter (32272): *** Notification: 
10-04 03:21:51.681 I/flutter (32272):  id: 69791623
10-04 03:21:51.681 I/flutter (32272): payload: {"id":"69791623","result":[null,null,null,null,{"essid":"NESTWIFI","security":"wpa psk","address_resolution":{"type":"dhcp"}}],"cmd":"wlan.list_configurations","timestamp":"2024-10-04T07:21:50.360186590Z"}
10-04 03:21:51.681 I/flutter (32272): customerId: d4c312f1-25be-4ea3-a599-b2f2ed387fb2
10-04 03:21:51.681 I/flutter (32272): subjectId: DCJ224400213CC47515DD7B1170A0123F352C3572928DE
10-04 03:21:51.681 I/flutter (32272): type: RESULTS
10-04 03:21:51.681 I/flutter (32272): subject: PRINTER
10-04 03:21:51.681 I/flutter (32272): created: {
10-04 03:21:51.681 I/flutter (32272):   seconds: 1728026510
10-04 03:21:51.681 I/flutter (32272):   nanos: 373072313
10-04 03:21:51.681 I/flutter (32272): }
10-04 03:21:51.681 I/flutter (32272): ***
10-04 03:21:51.681 I/flutter (32272): [2024-10-04 03:21:51.681474] Unhandled Printer Notification: PRINTER UNKNOWN_ACTION
10-04 03:21:51.793 D/AOC     ( 1382): F1:[Idle Tracker] long no idle:[0] average between idle:[0.093623ms] max no idle:[19.523763ms]
10-04 03:21:51.864 I/flutter (32272): [2024-10-04 03:21:51.864728] ____________________________________________________________
10-04 03:21:51.865 I/flutter (32272): [2024-10-04 03:21:51.864976] 
10-04 03:21:51.865 I/flutter (32272): *** Notification: 
10-04 03:21:51.865 I/flutter (32272):  id: 69791626
10-04 03:21:51.865 I/flutter (32272): payload: {"id":"69791626","result":[null,null,null,null,{"essid":"NESTWIFI","security":"wpa psk","address_resolution":{"type":"dhcp"}}],"cmd":"wlan.list_configurations","timestamp":"2024-10-04T07:21:50.546475886Z"}
10-04 03:21:51.865 I/flutter (32272): customerId: d4c312f1-25be-4ea3-a599-b2f2ed387fb2
10-04 03:21:51.865 I/flutter (32272): subjectId: DSJ224301642CC47515DD7C94A1E0123908B62652BABDE
10-04 03:21:51.865 I/flutter (32272): type: RESULTS
10-04 03:21:51.865 I/flutter (32272): subject: PRINTER
10-04 03:21:51.865 I/flutter (32272): created: {
10-04 03:21:51.865 I/flutter (32272):   seconds: 1728026510
10-04 03:21:51.865 I/flutter (32272):   nanos: 556132247
10-04 03:21:51.865 I/flutter (32272): }
10-04 03:21:51.865 I/flutter (32272): ***
10-04 03:21:51.865 I/flutter (32272): [2024-10-04 03:21:51.865056] Unhandled Printer Notification: PRINTER UNKNOWN_ACTION
10-04 03:21:51.865 I/flutter (32272): [2024-10-04 03:21:51.865148] NON USER Notification
10-04 03:21:51.865 I/flutter (32272): [2024-10-04 03:21:51.865223] ____________________________________________________________
10-04 03:21:51.865 I/flutter (32272): [2024-10-04 03:21:51.865314] 
10-04 03:21:51.865 I/flutter (32272): *** Notification: 
10-04 03:21:51.865 I/flutter (32272):  id: 69791626
10-04 03:21:51.865 I/flutter (32272): payload: {"id":"69791626","result":[null,null,null,null,{"essid":"NESTWIFI","security":"wpa psk","address_resolution":{"type":"dhcp"}}],"cmd":"wlan.list_configurations","timestamp":"2024-10-04T07:21:50.546475886Z"}
10-04 03:21:51.865 I/flutter (32272): customerId: d4c312f1-25be-4ea3-a599-b2f2ed387fb2
10-04 03:21:51.865 I/flutter (32272): subjectId: DSJ224301642CC47515DD7C94A1E0123908B62652BABDE
10-04 03:21:51.865 I/flutter (32272): type: RESULTS
10-04 03:21:51.865 I/flutter (32272): subject: PRINTER
10-04 03:21:51.865 I/flutter (32272): created: {
10-04 03:21:51.865 I/flutter (32272):   seconds: 1728026510
10-04 03:21:51.865 I/flutter (32272):   nanos: 556132247
10-04 03:21:51.865 I/flutter (32272): }
10-04 03:21:51.865 I/flutter (32272): ***
10-04 03:21:51.865 I/flutter (32272): [2024-10-04 03:21:51.865374] Unhandled Printer Notification: PRINTER UNKNOWN_ACTION
10-04 03:21:51.873 I/flutter (32272): [2024-10-04 03:21:51.873180] ____________________________________________________________
10-04 03:21:51.873 I/flutter (32272): [2024-10-04 03:21:51.873375] 
10-04 03:21:51.873 I/flutter (32272): *** Notification: 
10-04 03:21:51.873 I/flutter (32272):  id: 69791626
10-04 03:21:51.873 I/flutter (32272): payload: {"id":"69791626","result":[null,null,null,null,{"essid":"NESTWIFI","security":"wpa psk","address_resolution":{"type":"dhcp"}}],"cmd":"wlan.list_configurations","timestamp":"2024-10-04T07:21:50.546475886Z"}
10-04 03:21:51.873 I/flutter (32272): customerId: d4c312f1-25be-4ea3-a599-b2f2ed387fb2
10-04 03:21:51.873 I/flutter (32272): subjectId: DSJ224301642CC47515DD7C94A1E0123908B62652BABDE
10-04 03:21:51.873 I/flutter (32272): type: RESULTS
10-04 03:21:51.873 I/flutter (32272): subject: PRINTER
10-04 03:21:51.873 I/flutter (32272): created: {
10-04 03:21:51.873 I/flutter (32272):   seconds: 1728026510
10-04 03:21:51.873 I/flutter (32272):   nanos: 563725633
10-04 03:21:51.873 I/flutter (32272): }
10-04 03:21:51.873 I/flutter (32272): ***
10-04 03:21:51.873 I/flutter (32272): [2024-10-04 03:21:51.873450] Unhandled Printer Notification: PRINTER UNKNOWN_ACTION
10-04 03:21:51.873 I/flutter (32272): [2024-10-04 03:21:51.873534] NON USER Notification
10-04 03:21:51.873 I/flutter (32272): [2024-10-04 03:21:51.873606] ____________________________________________________________
10-04 03:21:51.873 I/flutter (32272): [2024-10-04 03:21:51.873666] 
10-04 03:21:51.873 I/flutter (32272): *** Notification: 
10-04 03:21:51.873 I/flutter (32272):  id: 69791626
10-04 03:21:51.873 I/flutter (32272): payload: {"id":"69791626","result":[null,null,null,null,{"essid":"NESTWIFI","security":"wpa psk","address_resolution":{"type":"dhcp"}}],"cmd":"wlan.list_configurations","timestamp":"2024-10-04T07:21:50.546475886Z"}
10-04 03:21:51.873 I/flutter (32272): customerId: d4c312f1-25be-4ea3-a599-b2f2ed387fb2
10-04 03:21:51.873 I/flutter (32272): subjectId: DSJ224301642CC47515DD7C94A1E0123908B62652BABDE
10-04 03:21:51.873 I/flutter (32272): type: RESULTS
10-04 03:21:51.873 I/flutter (32272): subject: PRINTER
10-04 03:21:51.873 I/flutter (32272): created: {
10-04 03:21:51.873 I/flutter (32272):   seconds: 1728026510
10-04 03:21:51.873 I/flutter (32272):   nanos: 563725633
10-04 03:21:51.873 I/flutter (32272): }
10-04 03:21:51.873 I/flutter (32272): ***
10-04 03:21:51.873 I/flutter (32272): [2024-10-04 03:21:51.873757] Unhandled Printer Notification: PRINTER UNKNOWN_ACTION
10-04 03:21:52.354 I/bthal.activity( 1121): bt_power: LeAdvStat: 03:21:51:353 - 03:21:52:353, duration: 1000, le_adv_count: 2, total_le_adv_count: 11950, total_event_count: 2
10-04 03:21:52.403 I/ExynosC2H264DecComponent( 1184): [doQueue] input detects EOS flag !!
10-04 03:21:52.404 D/ExynosVideoDecoder( 1184): MFC_Decoder_Enqueue_Inbuf: EMPTY DATA
10-04 03:21:52.556 I/ExynosVideoCodecDec-H264Dec( 1184): [dstDequeue] DPB has reached EOS
10-04 03:21:52.557 I/ExynosVideoCodecDec-H264Dec( 1184): [dstDequeue] DPB has reached EOS
10-04 03:21:52.559 I/ExynosC2H264DecComponent( 1184): [onUpdateC2Work] output detects EOS !!
10-04 03:21:52.559 W/ExynosC2H264DecComponent( 1184): [onUpdateC2Work] unknown frame. it will be dropped
10-04 03:21:52.725 D/TrafficStats(31959): tagSocket(5) with statsTag=0xffffffff, statsUid=-1
10-04 03:21:52.727 D/TrafficStats(31959): tagSocket(97) with statsTag=0xffffffff, statsUid=-1
10-04 03:21:52.732 D/TrafficStats(31959): tagSocket(98) with statsTag=0xffffffff, statsUid=-1
10-04 03:21:52.746 D/TrafficStats(31959): tagSocket(99) with statsTag=0xffffffff, statsUid=-1
10-04 03:21:52.751 D/TrafficStats(31959): tagSocket(100) with statsTag=0xffffffff, statsUid=-1
10-04 03:21:52.753 D/TrafficStats(31959): tagSocket(101) with statsTag=0xffffffff, statsUid=-1
10-04 03:21:52.759 D/AudioTrack(32272): stop(69): called with 98304 frames delivered
10-04 03:21:52.762 I/AiAiAdaptiveAudio( 3316): (REDACTED) updateState: enabledInSettings=%b, playbackState=%s
10-04 03:21:52.763 I/AiAiAdaptiveAudio( 3316): stopMonitoring
10-04 03:21:52.763 I/AiAiAdaptiveAudio( 3316): (REDACTED) Updating calibration state: %s -> %s
10-04 03:21:52.793 D/AOC     ( 1382): F1:[Idle Tracker] long no idle:[0] average between idle:[0.093457ms] max no idle:[19.523763ms]
10-04 03:21:52.795 I/WifiHAL ( 1196): Creating message to get link statistics; iface = 47
10-04 03:21:52.835 I/WifiHAL ( 1196): In GetLinkStatsCommand::handleResponse
10-04 03:21:52.865 D/ConnectivityService( 1649): NetReassign [no changes] [c 0] [a 1] [i 4]
10-04 03:21:53.189 I/Surface (32272): Surface::setFrameRate is deprecated, setFrameRate hint is dropped as destination is not SurfaceFlinger
10-04 03:21:53.233 W/QueryController(31959): Could not detect idle state.
10-04 03:21:53.233 W/QueryController(31959): Could not detect idle state.
10-04 03:21:53.241 W/QueryController(31959): Could not detect idle state.
10-04 03:21:53.257 D/audioserver( 1199): logFgsApiEnd: FGS Logger Transaction failed, -129
10-04 03:21:53.258 W/amcs_ext_file( 1119): update_third_party_effect_amcs_data:fail to send ioctl amcs, ret -1
10-04 03:21:53.258 W/audio_hw( 1119): fail on interact with audio_amcs_ext.so -1
10-04 03:21:53.258 D/audio_hw_waves( 1119): update_sink_info_from_usecases: update amcs, instance id 1, volume 2161 0 0 0 0 0 0 0 0 0
10-04 03:21:53.258 D/audio_hw_soundtrigger( 1119): updated Stream 3 inactive in soundtrigger
10-04 03:21:53.258 D/audio_hw_output_stream( 1119): update stream 3 active 0 gain 0.000000
10-04 03:21:53.262 W/AudioFlinger( 1199): moveEffectChain_ll: effect chain for session 0 not on source thread 0xb4000075ce8f8fe8
10-04 03:21:53.263 W/QueryController(31959): Could not detect idle state.
10-04 03:21:53.264 W/QueryController(31959): Could not detect idle state.
10-04 03:21:53.266 W/QueryController(31959): Could not detect idle state.
10-04 03:21:53.575 D/HbmSvManager( 2511): Ambient sensor :  TMD3719 Ambient Light update Lux : 521.0888
10-04 03:21:53.794 I/bthal.activity( 1121): bt_power: LeAdvStat: 03:21:52:732 - 03:21:53:793, duration: 1060, le_adv_count: 3, total_le_adv_count: 11953, total_event_count: 3
10-04 03:21:53.795 D/AOC     ( 1382): F1:[Idle Tracker] long no idle:[0] average between idle:[0.093319ms] max no idle:[19.523763ms]
10-04 03:21:53.928 E/AppOps  ( 1649): Operation not found: uid=1041 pkg=audioserver(null) op=WAKE_LOCK
10-04 03:21:53.929 E/AppOps  ( 1649): Operation not found: uid=1041 pkg=audioserver(null) op=WAKE_LOCK
10-04 03:21:53.933 E/AppOps  ( 1649): Operation not found: uid=1041 pkg=audioserver(null) op=WAKE_LOCK
10-04 03:21:53.935 E/AppOps  ( 1649): Operation not found: uid=1041 pkg=audioserver(null) op=WAKE_LOCK
10-04 03:21:53.936 E/AppOps  ( 1649): Operation not found: uid=1041 pkg=audioserver(null) op=WAKE_LOCK
10-04 03:21:53.937 E/AppOps  ( 1649): Operation not found: uid=1041 pkg=audioserver(null) op=WAKE_LOCK
10-04 03:21:54.496 D/TrafficStats(31959): tagSocket(5) with statsTag=0xffffffff, statsUid=-1
10-04 03:21:54.504 D/TrafficStats(31959): tagSocket(97) with statsTag=0xffffffff, statsUid=-1
10-04 03:21:54.509 D/TrafficStats(31959): tagSocket(98) with statsTag=0xffffffff, statsUid=-1
10-04 03:21:54.510 D/TrafficStats(31959): tagSocket(99) with statsTag=0xffffffff, statsUid=-1
10-04 03:21:54.512 W/ProcessStats( 1649): Tracking association SourceState{28aeada system/1000 BFgs #195553} whose proc state 4 is better than process ProcessState{79e5790 com.google.android.ext.services/10245 pkg=com.google.android.ext.services} proc state 14 (350 skipped)
10-04 03:21:54.521 D/TrafficStats(31959): tagSocket(100) with statsTag=0xffffffff, statsUid=-1
10-04 03:21:54.522 D/TrafficStats(31959): tagSocket(101) with statsTag=0xffffffff, statsUid=-1
10-04 03:21:54.755 D/BoundBrokerSvc(17310): onUnbind: Intent { act=com.google.android.gms.measurement.START pkg=com.google.android.gms }
10-04 03:21:54.793 D/AOC     ( 1382): F1:[Idle Tracker] long no idle:[0] average between idle:[0.093271ms] max no idle:[19.523763ms]
10-04 03:21:55.082 I/cr_BindingManager( 4665): Release visible connections: 2
10-04 03:21:55.626 D/TrafficStats(31959): tagSocket(5) with statsTag=0xffffffff, statsUid=-1
10-04 03:21:55.643 D/TrafficStats(31959): tagSocket(97) with statsTag=0xffffffff, statsUid=-1
10-04 03:21:55.661 D/TrafficStats(31959): tagSocket(98) with statsTag=0xffffffff, statsUid=-1
10-04 03:21:55.662 D/TrafficStats(31959): tagSocket(99) with statsTag=0xffffffff, statsUid=-1
10-04 03:21:55.665 D/TrafficStats(31959): tagSocket(100) with statsTag=0xffffffff, statsUid=-1
10-04 03:21:55.666 D/TrafficStats(31959): tagSocket(101) with statsTag=0xffffffff, statsUid=-1
10-04 03:21:55.794 D/AOC     ( 1382): F1:[Idle Tracker] long no idle:[0] average between idle:[0.093236ms] max no idle:[19.523763ms]
10-04 03:21:55.867 I/WifiHAL ( 1196): Creating message to get link statistics; iface = 47
10-04 03:21:55.935 I/WifiHAL ( 1196): In GetLinkStatsCommand::handleResponse
10-04 03:21:56.018 D/ConnectivityService( 1649): NetReassign [no changes] [c 2] [a 1] [i 20]
10-04 03:21:56.028 D/BufferPoolAccessor2.0( 1347): bufferpool2 0xb400006f577960f8 : 0(0 size) total buffers - 0(0 size) used buffers - 0/0 (recycle/alloc) - 0/0 (fetch/transfer)
10-04 03:21:56.028 D/BufferPoolAccessor2.0( 1347): evictor expired: 1, evicted: 1
10-04 03:21:56.079 D/AOC     ( 1382): F1:MSG: controller.cc, 275: AudioOutCtrl: cmd ID: 0x00c9, tag: 0x01 [cntr = 282]
10-04 03:21:56.079 D/AOC     ( 1382): F1:MSG: controller.cc, 899: AudioOutCtrl: ipc: audio_output_co, cmd ID: 0x00c9, tag: 0x01, rc: 0
10-04 03:21:56.081 D/audio_hw( 1119): shutdown: deep-buffer-playback
10-04 03:21:56.081 D/audio_hw_aoc_route( 1119): speaker-post 0
10-04 03:21:56.082 D/AOC     ( 1382): F1:MSG: controller.cc, 275: AudioOutCtrl: cmd ID: 0x010f, tag: 0x02 [cntr = 283]
10-04 03:21:56.082 D/AOC     ( 1382): F1:Unregistered Source 5 from Sink 0 
10-04 03:21:56.082 D/AOC     ( 1382): F1:AT Map:0 (LL:0), 0 EPs active, Power: Yes, Config: No
10-04 03:21:56.082 D/audio_hw_aoc_route( 1119): deep-buffer-playbackP 0
10-04 03:21:56.083 W/audio_hw_35l41( 1119): cs35l41_amp_common_event: ret: 0, event: 3, state: 3, device: 4
10-04 03:21:56.083 D/audio_hw_battery_adaptive_audio_control( 1119): ProcessPlaybackTunerControl: update playback tuner 2
10-04 03:21:56.083 D/audio_hw_waves_cust_action_battery( 1119): UpdateThrottleState: 1->2 T
10-04 03:21:56.083 D/audio_hw_waves_cust_action_battery( 1119): UpdateThrottleState: update tuning!
10-04 03:21:56.084 D/AOC     ( 1382): F1:Mixer 0 configuration changed: (0)
10-04 03:21:56.084 D/audio_hw_waves( 1119): update_tuning_from_custom_action
10-04 03:21:56.084 D/AOC     ( 1382): F1:Sink 0 Configuration changed: ULL (disabled)
10-04 03:21:56.084 D/AOC     ( 1382): F1:MSG: controller.cc, 899: AudioOutCtrl: ipc: audio_output_co, cmd ID: 0x010f, tag: 0x02, rc: 0
10-04 03:21:56.084 D/AOC     ( 1382): H0:Mixer AMixSPKR: 480 samples (0000/0000) (OFF SC)
10-04 03:21:56.084 D/AOC     ( 1382): H0:Mixer configuration updated
10-04 03:21:56.084 D/AOC     ( 1382): H0:[Idle Tracker] long no idle:[0] average between idle:[5.457686ms] max no idle:[43.643274ms]
10-04 03:21:56.089 D/audio_hw_aoc_route( 1119): speaker 0
10-04 03:21:56.091 W/audio_hw_35l41( 1119): cs35l41_amp_common_event: ret: 0, event: 4, state: 2, device: 4
10-04 03:21:56.091 D/audio_hw_soundtrigger( 1119): st_comm_aud_event_monitor:codec dev:4 inactive
10-04 03:21:56.091 D/audio_hw_soundtrigger( 1119): st_uc_monitor:uc:deep-buffer-playback inactive
10-04 03:21:56.091 I/audio_hw_aoc( 1119): Mode Ambient is already selected
10-04 03:21:56.091 D/audio_hw_waves( 1119): waves_usecase_event: deep-buffer-playback stop
10-04 03:21:56.093 E/AppOps  ( 1649): Operation not found: uid=1041 pkg=audioserver(null) op=WAKE_LOCK
10-04 03:21:56.239 I/BistoHotwordHelper(15879): (REDACTED) getHotwordActive::active query: %s, watch: %s, devices connected: %s
10-04 03:21:56.729 D/TrafficStats(31959): tagSocket(5) with statsTag=0xffffffff, statsUid=-1
10-04 03:21:56.736 D/TrafficStats(31959): tagSocket(97) with statsTag=0xffffffff, statsUid=-1
10-04 03:21:56.739 D/TrafficStats(31959): tagSocket(98) with statsTag=0xffffffff, statsUid=-1
10-04 03:21:56.741 D/TrafficStats(31959): tagSocket(99) with statsTag=0xffffffff, statsUid=-1
10-04 03:21:56.746 D/TrafficStats(31959): tagSocket(100) with statsTag=0xffffffff, statsUid=-1
10-04 03:21:56.755 D/TrafficStats(31959): tagSocket(101) with statsTag=0xffffffff, statsUid=-1
10-04 03:21:57.018 I/bthal.activity( 1121): bt_power: LeAdvStat: 03:21:54:229 - 03:21:57:017, duration: 2788, le_adv_count: 6, total_le_adv_count: 11959, total_event_count: 6
10-04 03:21:57.233 I/pixel-thermal( 1802): VIRTUAL-SKIN:28.7412 raw data: VIRTUAL-GNSS-DISP:28741.2 VIRTUAL-NEUTRAL-QUIET:27720.8 VIRTUAL-QUIET-USB2:26700.8 VIRTUAL-SKIN:28741.2 VIRTUAL-USB2-QUIET:26344.6 disp_therm:28055 gnss_tcxo_therm:30014 neutral_therm:28700 quiet_therm:27854 usb_pwr_therm2:28322 
10-04 03:21:57.235 D/TemperatureStateSource( 2498): getDeviceTemperatures: deviceTemperatureType=3 temperatureSource=0 temperatures=[28.74122]
10-04 03:21:57.236 D/BusinessScope( 2498): Start running the #49722 block
10-04 03:21:57.240 I/pixel-thermal( 1802): VIRTUAL-SKIN:28.7412 raw data: VIRTUAL-SKIN:28741.2 
10-04 03:21:57.241 I/TemperatureStateSource( 2498): temperature was set
10-04 03:21:57.244 D/BusinessScope( 2498): Finish running the #49722 block
10-04 03:21:57.246 D/BusinessScope( 2498): Start running the #49723 block
10-04 03:21:57.249 D/BusinessScope( 2498): Finish running the #49723 block
10-04 03:21:57.807 D/TrafficStats(31959): tagSocket(5) with statsTag=0xffffffff, statsUid=-1
10-04 03:21:57.820 D/TrafficStats(31959): tagSocket(97) with statsTag=0xffffffff, statsUid=-1
10-04 03:21:57.830 D/TrafficStats(31959): tagSocket(98) with statsTag=0xffffffff, statsUid=-1
10-04 03:21:57.844 D/TrafficStats(31959): tagSocket(99) with statsTag=0xffffffff, statsUid=-1
10-04 03:21:57.858 D/TrafficStats(31959): tagSocket(100) with statsTag=0xffffffff, statsUid=-1
10-04 03:21:57.860 D/TrafficStats(31959): tagSocket(101) with statsTag=0xffffffff, statsUid=-1
10-04 03:21:58.019 D/BufferPoolAccessor2.0(32272): bufferpool2 0xb400006e0de52018 : 5(40960 size) total buffers - 1(8192 size) used buffers - 95/100 (recycle/alloc) - 5/98 (fetch/transfer)
10-04 03:21:58.020 D/BufferPoolAccessor2.0(32272): bufferpool2 0xb400006e0de49e98 : 5(36700160 size) total buffers - 0(0 size) used buffers - 48/53 (recycle/alloc) - 5/52 (fetch/transfer)
10-04 03:21:58.020 D/BufferPoolAccessor2.0(32272): evictor expired: 2, evicted: 2
10-04 03:21:58.031 D/BufferPoolAccessor2.0( 1347): bufferpool2 0xb400006f57794c28 : 4(16384 size) total buffers - 0(0 size) used buffers - 92/96 (recycle/alloc) - 4/96 (fetch/transfer)
10-04 03:21:58.031 D/BufferPoolAccessor2.0( 1347): evictor expired: 1, evicted: 1
10-04 03:21:58.305 I/NearbyMediums(18769): Found Fast Ble Advertisements :
10-04 03:21:58.305 I/NearbyMediums(18769): BleAdvertisement { version=2, socketVersion=2, isFast=true, serviceIdHash=null, data=[ 0x23 0x30 0x5a 0x50 0x4f 0x11 0x32 0x4a 0x77 0xad 0x14 0x7e 0xed 0x88 0x2e 0x00 0x78 0xa5 0x7c 0xa9 0xe0 0xba 0x6f ], deviceToken=[ 0xf5 0xdd ], rxAdvertisement=null } : 5 times.
10-04 03:21:58.305 I/NearbyMediums(18769): Total 5 fast advertisements.
10-04 03:21:58.952 D/TrafficStats(31959): tagSocket(5) with statsTag=0xffffffff, statsUid=-1
10-04 03:21:58.959 D/TrafficStats(31959): tagSocket(97) with statsTag=0xffffffff, statsUid=-1
10-04 03:21:58.962 D/TrafficStats(31959): tagSocket(98) with statsTag=0xffffffff, statsUid=-1
10-04 03:21:58.964 D/TrafficStats(31959): tagSocket(99) with statsTag=0xffffffff, statsUid=-1
10-04 03:21:58.968 D/TrafficStats(31959): tagSocket(100) with statsTag=0xffffffff, statsUid=-1
10-04 03:21:58.969 D/TrafficStats(31959): tagSocket(101) with statsTag=0xffffffff, statsUid=-1
10-04 03:21:58.991 I/WifiHAL ( 1196): Creating message to get link statistics; iface = 47
10-04 03:21:59.037 I/WifiHAL ( 1196): In GetLinkStatsCommand::handleResponse
10-04 03:21:59.073 D/ConnectivityService( 1649): NetReassign [no changes] [c 0] [a 1] [i 4]
10-04 03:21:59.218 I/bthal.activity( 1121): bt_power: LeAdvStat: 03:21:58:213 - 03:21:59:217, duration: 1003, le_adv_count: 2, total_le_adv_count: 11961, total_event_count: 2
10-04 03:21:59.532 D/TrafficStats(31959): tagSocket(5) with statsTag=0xffffffff, statsUid=-1
10-04 03:21:59.547 I/System.out(31959): {"id":"63863ad7-cf14-4c32-9bfe-4335764b89a0","uri":"poco-uiautomation-framework","method":[["getattr","selector"],["getattr","select"],["call",[["",["and",[["attr=",["name","Continue"]]]]],["",false]]]],"session_id":"fdf55ea6-ddfd-423f-8cf2-ff251ed1840e"}
10-04 03:21:59.603 D/TrafficStats(31959): tagSocket(5) with statsTag=0xffffffff, statsUid=-1
10-04 03:21:59.609 I/System.out(31959): {"id":"2659f6a6-1da4-476d-9f26-9ab63bc225f1","uri":"poco-uiautomation-framework","method":[["getattr","selector"],["getattr","select"],["call",[["",["and",[["attr=",["name","Home"]]]]],["",false]]]],"session_id":"fdf55ea6-ddfd-423f-8cf2-ff251ed1840e"}
10-04 03:21:59.658 D/TrafficStats(31959): tagSocket(5) with statsTag=0xffffffff, statsUid=-1
10-04 03:21:59.664 I/System.out(31959): {"id":"ea492cd3-a9e6-4fdf-918c-286b4f8be83a","uri":"[Lcom.netease.open.libpoco.sdk.AbstractNode;@61b3d5e(74d9b2ab-44f4-4126-9b7f-b2ff4d248d4c)","method":[["len",[]]],"session_id":"fdf55ea6-ddfd-423f-8cf2-ff251ed1840e"}
10-04 03:21:59.682 D/TrafficStats(31959): tagSocket(5) with statsTag=0xffffffff, statsUid=-1
10-04 03:21:59.686 I/System.out(31959): {"id":"f7469544-34d9-4c7f-826c-12a68843e013","uri":"[Lcom.netease.open.libpoco.sdk.AbstractNode;@61b3d5e(74d9b2ab-44f4-4126-9b7f-b2ff4d248d4c)","method":[["len",[]]],"session_id":"fdf55ea6-ddfd-423f-8cf2-ff251ed1840e"}
10-04 03:21:59.709 D/TrafficStats(31959): tagSocket(5) with statsTag=0xffffffff, statsUid=-1
10-04 03:21:59.718 I/System.out(31959): {"id":"4dedb118-7a86-4dd1-a4bf-438b1d993e58","uri":"poco-uiautomation-framework","method":[["getattr","attributor"],["getattr","getAttr"],["call",[["uri","[Lcom.netease.open.libpoco.sdk.AbstractNode;@61b3d5e(74d9b2ab-44f4-4126-9b7f-b2ff4d248d4c)"],["","visible"]]]],"session_id":"fdf55ea6-ddfd-423f-8cf2-ff251ed1840e"}
10-04 03:21:59.732 I/flutter (32272): [2024-10-04 03:21:59.732243] Active subscriptions (2)
10-04 03:21:59.747 D/TrafficStats(31959): tagSocket(5) with statsTag=0xffffffff, statsUid=-1
10-04 03:21:59.751 I/System.out(31959): {"id":"","uri":"[Lcom.netease.open.libpoco.sdk.AbstractNode;@61b3d5e(74d9b2ab-44f4-4126-9b7f-b2ff4d248d4c)","method":[["del",[]]],"session_id":"fdf55ea6-ddfd-423f-8cf2-ff251ed1840e"}
10-04 03:21:59.838 D/CompatibilityChangeReporter( 1649): Compat change id reported: 261072174; UID 10372; state: ENABLED
10-04 03:22:00.034 I/AiAiEcho( 3316): (REDACTED) Predicting[%d]: %s
10-04 03:22:00.035 I/AiAiEcho( 3316): (REDACTED) EchoTargets: %s
10-04 03:22:00.035 I/AiAiEcho( 3316): Filtered by AiAi flag check: %s
10-04 03:22:00.035 I/AiAiEcho( 3316): (REDACTED) Ranked targets strategy: %s, count: %d, ranking metadata: %s
10-04 03:22:00.035 I/AiAiEcho( 3316): (REDACTED) #weatherTwiddler: Weather removes SubtitleSupplementalItem in surface: %s
10-04 03:22:00.035 I/AiAiEcho( 3316): #remoteViewsTwiddler: feature disabled.
10-04 03:22:00.035 I/AiAiEcho( 3316): (REDACTED) Predicting[%d]: %s
10-04 03:22:00.036 I/AiAiEcho( 3316): (REDACTED) EchoTargets: %s
10-04 03:22:00.036 I/AiAiEcho( 3316): Filtered by AiAi flag check: %s
10-04 03:22:00.036 I/AiAiEcho( 3316): (REDACTED) Ranked targets strategy: %s, count: %d, ranking metadata: %s
10-04 03:22:00.037 I/AiAiEcho( 3316): (REDACTED) #weatherTwiddler: Weather removes SubtitleSupplementalItem in surface: %s
10-04 03:22:00.037 D/TrafficStats(31959): tagSocket(5) with statsTag=0xffffffff, statsUid=-1
10-04 03:22:00.041 I/AiAiEcho( 3316): #remoteViewsTwiddler: feature disabled.
10-04 03:22:00.044 I/AiAiEcho( 3316): (REDACTED) #postPredictionTargets: Sending updates to UISurface %s with targets# %s (types=[%s])
10-04 03:22:00.046 I/WeatherSmartspaceView( 2307): setFormattedContentDescription: text=24C, iconDescription=Thunderstorm, contentDescription=Thunderstorm, 24C
10-04 03:22:00.046 I/WeatherData( 2307): Weather data parsed STRONG_TSTORMS ("Thunderstorm") 24C from Bundle[{description=Thunderstorm, feedback_intent=null, explanation_intent=Supplier{VAL_PARCELABLE@152+1968}, is_gaia_linked_data=true, use_celsius=true, state=18, temperature=24}]
10-04 03:22:00.046 W/PageIndicator( 2307): Total number of pages invalid: 0. Assuming 1 page.
10-04 03:22:00.049 D/TrafficStats(31959): tagSocket(97) with statsTag=0xffffffff, statsUid=-1
10-04 03:22:00.049 I/AiAiEcho( 3316): (REDACTED) #postPredictionTargets: Sending updates to UISurface %s with targets# %s (types=[%s])
10-04 03:22:00.052 D/SsBaseTemplateCard(11274): No text view can be set up
10-04 03:22:00.053 I/SsBaseTemplateCard(11274): setFormattedContentDescription: text=24C, iconDescription=Thunderstorm, contentDescription=Thunderstorm, 24C
10-04 03:22:00.053 D/SsBaseTemplateCard(11274): Passed-in item info is null
10-04 03:22:00.053 D/SsBaseTemplateCard(11274): Passed-in item info is null
10-04 03:22:00.053 I/SsBaseTemplateCard(11274): Secondary card pane is null
10-04 03:22:00.065 D/TrafficStats(31959): tagSocket(98) with statsTag=0xffffffff, statsUid=-1
10-04 03:22:00.071 D/TrafficStats(31959): tagSocket(99) with statsTag=0xffffffff, statsUid=-1
10-04 03:22:00.078 D/TrafficStats(31959): tagSocket(100) with statsTag=0xffffffff, statsUid=-1
10-04 03:22:00.080 D/TrafficStats(31959): tagSocket(101) with statsTag=0xffffffff, statsUid=-1
10-04 03:22:00.084 D/BoundBrokerSvc(17310): onUnbind: Intent { act=com.google.android.gms.safetynet.service.START pkg=com.google.android.gms }
10-04 03:22:00.088 D/BoundBrokerSvc(17310): onUnbind: Intent { act=com.google.android.gms.safebrowsing.SafeBrowsingService.START dat=chimera-action:/... cmp=com.google.android.gms/.chimera.GmsBoundBrokerService }
10-04 03:22:00.646 I/bthal.activity( 1121): bt_power: LeAdvStat: 03:21:59:644 - 03:22:00:645, duration: 1001, le_adv_count: 2, total_le_adv_count: 11963, total_event_count: 2
10-04 03:22:01.120 D/TrafficStats(31959): tagSocket(5) with statsTag=0xffffffff, statsUid=-1
10-04 03:22:01.158 D/TrafficStats(31959): tagSocket(97) with statsTag=0xffffffff, statsUid=-1
10-04 03:22:01.159 D/TrafficStats(31959): tagSocket(98) with statsTag=0xffffffff, statsUid=-1
10-04 03:22:01.189 D/TrafficStats(31959): tagSocket(99) with statsTag=0xffffffff, statsUid=-1
10-04 03:22:01.193 D/TrafficStats(31959): tagSocket(100) with statsTag=0xffffffff, statsUid=-1
10-04 03:22:01.194 D/TrafficStats(31959): tagSocket(101) with statsTag=0xffffffff, statsUid=-1
10-04 03:22:01.958 D/DLObserver( 2307): onReceive(); android.intent.action.BATTERY_CHANGED
10-04 03:22:01.958 D/DLObserver( 2307): plugged=2
10-04 03:22:01.961 I/ReverseChargingControl( 2307): handleIntentForReverseCharging(): rtx=0 wlc=0 plgac=0 ac=0 acrtx=0 extra=2 this=com.google.android.systemui.reversecharging.ReverseChargingController@77cef92
10-04 03:22:01.962 D/SystemEventDataSource( 2307): onReceive: intentAction
10-04 03:22:01.963 D/PowerNotificationWarningsGoogleImpl( 2307): onReceive: android.intent.action.BATTERY_CHANGED
10-04 03:22:01.963 D/IncompatibleChargerNotification( 2307): dispatchIntent: android.intent.action.BATTERY_CHANGED
10-04 03:22:01.965 D/PowerUI ( 2307): can't show warning due to - plugged: true status unknown: false
10-04 03:22:01.969 D/GoogleBatteryDataSource( 2307): fetchDwellDefendStatus: CONNECTED
10-04 03:22:01.970 D/GoogleBatteryDataSource( 2307): fetchTempDefendStatus: t_sum=0, time_sum=0 t_avg=0 lst_v=4402812 lst_t=270 lst_u=248681, dt=0, t=0 e=1
10-04 03:22:01.970 D/SystemEventDataSource( 2307): updatedEventData: SystemEventData(intentAction=android.intent.action.BATTERY_CHANGED, plugged=EventData(value=2), batteryScale=EventData(value=100), batteryLevel=EventData(value=100), chargingStatus=EventData(value=1), maxChargingCurrent=EventData(value=3000000), maxChargingVoltage=EventData(value=5000000), batteryStatus=EventData(value=5), halEventData=HalEventData(dockDefendStatus=EventData(value=-3), tempDefendEventData=EventData(value=false), dwellDefendEventData=EventData(value=false)), settingsEventData=SettingsEventData(dockDefenderBypass=EventData(value=0)), frameworkApiEventData=FrameworkApiEventData(batterySaverState=EventData(value=false), extremeBatterySaverState=EventData(value=false)))
10-04 03:22:01.970 D/SystemEventDataSource( 2307): extra doesn't changed, no need to onEventSourceUpdate
10-04 03:22:02.071 I/WifiHAL ( 1196): Creating message to get link statistics; iface = 47
10-04 03:22:02.128 I/WifiHAL ( 1196): In GetLinkStatsCommand::handleResponse
10-04 03:22:02.210 D/ConnectivityService( 1649): NetReassign [no changes] [c 2] [a 1] [i 21]
10-04 03:22:02.239 D/TrafficStats(31959): tagSocket(5) with statsTag=0xffffffff, statsUid=-1
10-04 03:22:02.247 D/TrafficStats(31959): tagSocket(97) with statsTag=0xffffffff, statsUid=-1
10-04 03:22:02.263 D/TrafficStats(31959): tagSocket(98) with statsTag=0xffffffff, statsUid=-1
10-04 03:22:02.265 D/TrafficStats(31959): tagSocket(99) with statsTag=0xffffffff, statsUid=-1
10-04 03:22:02.276 D/TrafficStats(31959): tagSocket(100) with statsTag=0xffffffff, statsUid=-1
10-04 03:22:02.294 D/TrafficStats(31959): tagSocket(101) with statsTag=0xffffffff, statsUid=-1
10-04 03:22:03.354 D/TrafficStats(31959): tagSocket(5) with statsTag=0xffffffff, statsUid=-1
10-04 03:22:03.363 D/TrafficStats(31959): tagSocket(97) with statsTag=0xffffffff, statsUid=-1
10-04 03:22:03.367 D/TrafficStats(31959): tagSocket(98) with statsTag=0xffffffff, statsUid=-1
10-04 03:22:03.369 D/TrafficStats(31959): tagSocket(99) with statsTag=0xffffffff, statsUid=-1
10-04 03:22:03.377 D/TrafficStats(31959): tagSocket(100) with statsTag=0xffffffff, statsUid=-1
10-04 03:22:03.379 D/TrafficStats(31959): tagSocket(101) with statsTag=0xffffffff, statsUid=-1
10-04 03:22:03.458 D/USF     ( 1158): AP/AOC clock synced: AOC: 248720181593396 ns (6112546418771 tk), AP: 248718199973534 ns, diff = 1981619862 ns
10-04 03:22:04.457 D/TrafficStats(31959): tagSocket(5) with statsTag=0xffffffff, statsUid=-1
10-04 03:22:04.464 D/TrafficStats(31959): tagSocket(97) with statsTag=0xffffffff, statsUid=-1
10-04 03:22:04.469 D/TrafficStats(31959): tagSocket(98) with statsTag=0xffffffff, statsUid=-1
10-04 03:22:04.474 D/TrafficStats(31959): tagSocket(99) with statsTag=0xffffffff, statsUid=-1
10-04 03:22:04.502 D/TrafficStats(31959): tagSocket(100) with statsTag=0xffffffff, statsUid=-1
10-04 03:22:04.516 D/TrafficStats(31959): tagSocket(101) with statsTag=0xffffffff, statsUid=-1
10-04 03:22:04.689 W/ProcessStats( 1649): Tracking association SourceState{3442d9c system/1000 BFgs #195573} whose proc state 4 is better than process ProcessState{8d8b5b0 com.google.android.googlequicksearchbox:interactor/10165 pkg=com.google.android.googlequicksearchbox} proc state 14 (167 skipped)
10-04 03:22:05.184 I/WifiHAL ( 1196): Creating message to get link statistics; iface = 47
10-04 03:22:05.251 I/WifiHAL ( 1196): In GetLinkStatsCommand::handleResponse
10-04 03:22:05.332 D/ConnectivityService( 1649): NetReassign [no changes] [c 2] [a 1] [i 21]
10-04 03:22:05.603 D/TrafficStats(31959): tagSocket(5) with statsTag=0xffffffff, statsUid=-1
10-04 03:22:05.609 D/TrafficStats(31959): tagSocket(97) with statsTag=0xffffffff, statsUid=-1
10-04 03:22:05.612 D/TrafficStats(31959): tagSocket(98) with statsTag=0xffffffff, statsUid=-1
10-04 03:22:05.619 D/TrafficStats(31959): tagSocket(99) with statsTag=0xffffffff, statsUid=-1
10-04 03:22:05.624 D/TrafficStats(31959): tagSocket(100) with statsTag=0xffffffff, statsUid=-1
10-04 03:22:05.639 D/TrafficStats(31959): tagSocket(101) with statsTag=0xffffffff, statsUid=-1
10-04 03:22:06.195 D/BluetoothAdapter( 7894): isLeEnabled(): ON
10-04 03:22:06.219 I/bt_stack(31169): [INFO:le_scanning_manager.cc(213)] ScanFilterParamSetup in shim layer
10-04 03:22:06.227 I/bt_stack(31169): [INFO:le_scanning_manager.cc(171)] Unregister in shim layer, scanner_id:3
10-04 03:22:06.259 W/FA      ( 7894): Failed to retrieve Firebase Instance Id
10-04 03:22:06.269 D/BoundBrokerSvc(17310): onBind: Intent { act=com.google.android.gms.measurement.START pkg=com.google.android.gms }
10-04 03:22:06.269 D/BoundBrokerSvc(17310): Loading bound service for intent: Intent { act=com.google.android.gms.measurement.START pkg=com.google.android.gms }
10-04 03:22:06.274 W/FA      ( 7894): Failed to retrieve Firebase Instance Id
10-04 03:22:06.278 W/FA      ( 7894): Failed to retrieve Firebase Instance Id
10-04 03:22:06.282 W/FA      ( 7894): Failed to retrieve Firebase Instance Id
