10-10 16:08:49.390 D/TrafficStats(14196): tagSocket(78) with statsTag=0xffffffff, statsUid=-1
10-10 16:08:49.392 D/TrafficStats(14196): tagSocket(79) with statsTag=0xffffffff, statsUid=-1
10-10 16:08:49.393 D/TrafficStats(14196): tagSocket(80) with statsTag=0xffffffff, statsUid=-1
10-10 16:08:49.394 D/TrafficStats(14196): tagSocket(81) with statsTag=0xffffffff, statsUid=-1
10-10 16:08:49.394 D/TrafficStats(14196): tagSocket(82) with statsTag=0xffffffff, statsUid=-1
10-10 16:08:50.472 D/TrafficStats(14196): tagSocket(5) with statsTag=0xffffffff, statsUid=-1
10-10 16:08:50.484 D/TrafficStats(14196): tagSocket(78) with statsTag=0xffffffff, statsUid=-1
10-10 16:08:50.491 D/TrafficStats(14196): tagSocket(79) with statsTag=0xffffffff, statsUid=-1
10-10 16:08:50.495 D/TrafficStats(14196): tagSocket(80) with statsTag=0xffffffff, statsUid=-1
10-10 16:08:50.527 D/TrafficStats(14196): tagSocket(81) with statsTag=0xffffffff, statsUid=-1
10-10 16:08:50.529 D/TrafficStats(14196): tagSocket(82) with statsTag=0xffffffff, statsUid=-1
10-10 16:08:51.571 I/WifiHAL ( 1047): Creating message to get link statistics; iface = 47
10-10 16:08:51.582 D/TrafficStats(14196): tagSocket(5) with statsTag=0xffffffff, statsUid=-1
10-10 16:08:51.589 D/TrafficStats(14196): tagSocket(78) with statsTag=0xffffffff, statsUid=-1
10-10 16:08:51.590 D/TrafficStats(14196): tagSocket(79) with statsTag=0xffffffff, statsUid=-1
10-10 16:08:51.596 D/TrafficStats(14196): tagSocket(80) with statsTag=0xffffffff, statsUid=-1
10-10 16:08:51.621 D/TrafficStats(14196): tagSocket(81) with statsTag=0xffffffff, statsUid=-1
10-10 16:08:51.624 D/TrafficStats(14196): tagSocket(82) with statsTag=0xffffffff, statsUid=-1
10-10 16:08:51.639 I/WifiHAL ( 1047): In GetLinkStatsCommand::handleResponse
10-10 16:08:51.666 D/ConnectivityService( 1475): NetReassign [no changes] [c 0] [a 0] [i 2]
10-10 16:08:52.645 D/TrafficStats(14196): tagSocket(5) with statsTag=0xffffffff, statsUid=-1
10-10 16:08:52.665 D/TrafficStats(14196): tagSocket(78) with statsTag=0xffffffff, statsUid=-1
10-10 16:08:52.669 D/TrafficStats(14196): tagSocket(79) with statsTag=0xffffffff, statsUid=-1
10-10 16:08:52.670 D/TrafficStats(14196): tagSocket(80) with statsTag=0xffffffff, statsUid=-1
10-10 16:08:52.683 D/TrafficStats(14196): tagSocket(81) with statsTag=0xffffffff, statsUid=-1
10-10 16:08:52.683 D/TrafficStats(14196): tagSocket(82) with statsTag=0xffffffff, statsUid=-1
10-10 16:08:53.948 D/TrafficStats(14196): tagSocket(5) with statsTag=0xffffffff, statsUid=-1
10-10 16:08:53.960 D/TrafficStats(14196): tagSocket(78) with statsTag=0xffffffff, statsUid=-1
10-10 16:08:53.961 D/TrafficStats(14196): tagSocket(79) with statsTag=0xffffffff, statsUid=-1
10-10 16:08:53.963 D/TrafficStats(14196): tagSocket(80) with statsTag=0xffffffff, statsUid=-1
10-10 16:08:53.964 D/TrafficStats(14196): tagSocket(81) with statsTag=0xffffffff, statsUid=-1
10-10 16:08:53.974 D/TrafficStats(14196): tagSocket(82) with statsTag=0xffffffff, statsUid=-1
10-10 16:08:54.668 I/WifiHAL ( 1047): Creating message to get link statistics; iface = 47
10-10 16:08:54.721 I/WifiHAL ( 1047): In GetLinkStatsCommand::handleResponse
10-10 16:08:54.751 D/ConnectivityService( 1475): NetReassign [no changes] [c 1] [a 0] [i 3]
10-10 16:08:55.027 D/TrafficStats(14196): tagSocket(5) with statsTag=0xffffffff, statsUid=-1
10-10 16:08:55.030 D/TrafficStats(14196): tagSocket(78) with statsTag=0xffffffff, statsUid=-1
10-10 16:08:55.032 D/TrafficStats(14196): tagSocket(79) with statsTag=0xffffffff, statsUid=-1
10-10 16:08:55.038 D/TrafficStats(14196): tagSocket(80) with statsTag=0xffffffff, statsUid=-1
10-10 16:08:55.051 D/TrafficStats(14196): tagSocket(81) with statsTag=0xffffffff, statsUid=-1
10-10 16:08:55.054 D/TrafficStats(14196): tagSocket(82) with statsTag=0xffffffff, statsUid=-1
10-10 16:08:55.310 D/TrafficStats(14196): tagSocket(5) with statsTag=0xffffffff, statsUid=-1
10-10 16:08:55.313 I/System.out(14196): {"id":"2af73574-8d28-4e8d-b302-5f43510b32d5","uri":"poco-uiautomation-framework","method":[["getattr","selector"],["getattr","select"],["call",[["",["and",[["attr=",["name","Shipping\nMailing and packages, large name badges, part marking\nFor use with Label Cartridges:\nZSB-LC4, ZSB-LC104"]]]]],["",false]]]],"session_id":"f3eebfe4-42bc-4956-b03f-3459e31c9a06"}
10-10 16:08:55.501 D/ConnectivitySampleMetricsHelper( 1475): Sampling data for atom : 10163
10-10 16:08:55.733 D/TrafficStats(14196): tagSocket(5) with statsTag=0xffffffff, statsUid=-1
10-10 16:08:55.736 I/System.out(14196): {"id":"ba95a248-be33-447a-ab61-c310f5129c2c","uri":"[Lcom.netease.open.libpoco.sdk.AbstractNode;@65b5818(8fa102d7-be83-4402-88a6-26192c012a45)","method":[["len",[]]],"session_id":"f3eebfe4-42bc-4956-b03f-3459e31c9a06"}
10-10 16:08:55.749 D/TrafficStats(14196): tagSocket(5) with statsTag=0xffffffff, statsUid=-1
10-10 16:08:55.753 I/System.out(14196): {"id":"f95dc04a-691b-4b66-81c1-969c107f8605","uri":"[Lcom.netease.open.libpoco.sdk.AbstractNode;@65b5818(8fa102d7-be83-4402-88a6-26192c012a45)","method":[["len",[]]],"session_id":"f3eebfe4-42bc-4956-b03f-3459e31c9a06"}
10-10 16:08:55.762 D/TrafficStats(14196): tagSocket(5) with statsTag=0xffffffff, statsUid=-1
10-10 16:08:55.774 I/System.out(14196): {"id":"d6f999f6-55f5-4caf-8bdb-399ee172a34e","uri":"poco-uiautomation-framework","method":[["getattr","attributor"],["getattr","getAttr"],["call",[["uri","[Lcom.netease.open.libpoco.sdk.AbstractNode;@65b5818(8fa102d7-be83-4402-88a6-26192c012a45)"],["","visible"]]]],"session_id":"f3eebfe4-42bc-4956-b03f-3459e31c9a06"}
10-10 16:08:55.810 D/TrafficStats(14196): tagSocket(5) with statsTag=0xffffffff, statsUid=-1
10-10 16:08:55.825 I/System.out(14196): {"id":"","uri":"[Lcom.netease.open.libpoco.sdk.AbstractNode;@65b5818(8fa102d7-be83-4402-88a6-26192c012a45)","method":[["del",[]]],"session_id":"f3eebfe4-42bc-4956-b03f-3459e31c9a06"}
10-10 16:08:55.914 D/TrafficStats(14196): tagSocket(5) with statsTag=0xffffffff, statsUid=-1
10-10 16:08:55.918 I/System.out(14196): {"id":"77462a71-389c-430a-947b-8ac4d36119ba","uri":"poco-uiautomation-framework","method":[["getattr","selector"],["getattr","select"],["call",[["",["and",[["attr=",["name","Small Multipurpose\nBarcodes and asset marking\nFor use with Label Cartridges:\nZSB-LC7, ZSB-LC107"]]]]],["",false]]]],"session_id":"f3eebfe4-42bc-4956-b03f-3459e31c9a06"}
10-10 16:08:55.934 D/TrafficStats(14196): tagSocket(5) with statsTag=0xffffffff, statsUid=-1
10-10 16:08:55.937 I/System.out(14196): {"id":"fc212054-cc09-4b8c-8a52-0c3ada9cd27b","uri":"[Lcom.netease.open.libpoco.sdk.AbstractNode;@887f3e2(0812a8b5-584e-4a46-927b-58f6c3d9f314)","method":[["len",[]]],"session_id":"f3eebfe4-42bc-4956-b03f-3459e31c9a06"}
10-10 16:08:55.943 D/TrafficStats(14196): tagSocket(5) with statsTag=0xffffffff, statsUid=-1
10-10 16:08:55.946 I/System.out(14196): {"id":"557dbb90-e888-42db-94da-eb45b4693794","uri":"[Lcom.netease.open.libpoco.sdk.AbstractNode;@887f3e2(0812a8b5-584e-4a46-927b-58f6c3d9f314)","method":[["len",[]]],"session_id":"f3eebfe4-42bc-4956-b03f-3459e31c9a06"}
10-10 16:08:55.952 D/TrafficStats(14196): tagSocket(5) with statsTag=0xffffffff, statsUid=-1
10-10 16:08:55.955 I/System.out(14196): {"id":"79c9253e-0943-42f0-aae0-cb17ec67b120","uri":"poco-uiautomation-framework","method":[["getattr","attributor"],["getattr","getAttr"],["call",[["uri","[Lcom.netease.open.libpoco.sdk.AbstractNode;@887f3e2(0812a8b5-584e-4a46-927b-58f6c3d9f314)"],["","visible"]]]],"session_id":"f3eebfe4-42bc-4956-b03f-3459e31c9a06"}
10-10 16:08:55.966 D/TrafficStats(14196): tagSocket(5) with statsTag=0xffffffff, statsUid=-1
10-10 16:08:55.979 I/System.out(14196): {"id":"","uri":"[Lcom.netease.open.libpoco.sdk.AbstractNode;@887f3e2(0812a8b5-584e-4a46-927b-58f6c3d9f314)","method":[["del",[]]],"session_id":"f3eebfe4-42bc-4956-b03f-3459e31c9a06"}
10-10 16:08:56.066 D/TrafficStats(14196): tagSocket(5) with statsTag=0xffffffff, statsUid=-1
10-10 16:08:56.072 D/TrafficStats(14196): tagSocket(78) with statsTag=0xffffffff, statsUid=-1
10-10 16:08:56.086 D/TrafficStats(14196): tagSocket(79) with statsTag=0xffffffff, statsUid=-1
10-10 16:08:56.109 D/TrafficStats(14196): tagSocket(80) with statsTag=0xffffffff, statsUid=-1
10-10 16:08:56.113 D/TrafficStats(14196): tagSocket(81) with statsTag=0xffffffff, statsUid=-1
10-10 16:08:56.122 D/TrafficStats(14196): tagSocket(5) with statsTag=0xffffffff, statsUid=-1
10-10 16:08:56.137 D/TrafficStats(14196): tagSocket(82) with statsTag=0xffffffff, statsUid=-1
10-10 16:08:56.139 I/System.out(14196): {"id":"1691590b-9cbd-4f2e-b087-b32e62206399","uri":"poco-uiautomation-framework","method":[["getattr","selector"],["getattr","select"],["call",[["",["and",[["attr=",["name","XL Shipping\nProduct\/Brand labels, Bottle\/Jar labels, Signage Labels (Caution, Hazard, etc.)\nFor use with Label Cartridges:\nZSB-LC1\/LC1DUR, ZSB-LC101\/LC101DUR"]]]]],["",false]]]],"session_id":"f3eebfe4-42bc-4956-b03f-3459e31c9a06"}
10-10 16:08:56.177 I/flutter (14457): [2024-10-10 16:08:56.177075] Active subscriptions (2)
10-10 16:08:56.180 D/TrafficStats(14196): tagSocket(78) with statsTag=0xffffffff, statsUid=-1
10-10 16:08:56.182 I/System.out(14196): {"id":"9fd93a6f-e645-4b8b-8cf6-aeca52764187","uri":"[Lcom.netease.open.libpoco.sdk.AbstractNode;@f72d306(df7df013-f8f8-48bf-a18d-f4b75233e959)","method":[["len",[]]],"session_id":"f3eebfe4-42bc-4956-b03f-3459e31c9a06"}
10-10 16:08:56.190 D/TrafficStats(14196): tagSocket(78) with statsTag=0xffffffff, statsUid=-1
10-10 16:08:56.199 I/System.out(14196): {"id":"a4473c07-987c-4ed9-bfd4-34fe2139b5b3","uri":"[Lcom.netease.open.libpoco.sdk.AbstractNode;@f72d306(df7df013-f8f8-48bf-a18d-f4b75233e959)","method":[["len",[]]],"session_id":"f3eebfe4-42bc-4956-b03f-3459e31c9a06"}
10-10 16:08:56.204 D/TrafficStats(14196): tagSocket(5) with statsTag=0xffffffff, statsUid=-1
10-10 16:08:56.208 I/System.out(14196): {"id":"223e1c38-c6be-48aa-9670-8181a1b1185c","uri":"poco-uiautomation-framework","method":[["getattr","attributor"],["getattr","getAttr"],["call",[["uri","[Lcom.netease.open.libpoco.sdk.AbstractNode;@f72d306(df7df013-f8f8-48bf-a18d-f4b75233e959)"],["","visible"]]]],"session_id":"f3eebfe4-42bc-4956-b03f-3459e31c9a06"}
10-10 16:08:56.218 D/TrafficStats(14196): tagSocket(5) with statsTag=0xffffffff, statsUid=-1
10-10 16:08:56.220 I/System.out(14196): {"id":"","uri":"[Lcom.netease.open.libpoco.sdk.AbstractNode;@f72d306(df7df013-f8f8-48bf-a18d-f4b75233e959)","method":[["del",[]]],"session_id":"f3eebfe4-42bc-4956-b03f-3459e31c9a06"}
10-10 16:08:56.676 D/AOC     ( 1228): A3:MSG: usf_stat.cc, 876: USF: Received request for statistics: SMD
10-10 16:08:56.683 D/AOC     ( 1228): A3:MSG: usf_stat.cc, 876: USF: Received request for statistics: build_stat
10-10 16:08:56.686 D/AOC     ( 1228): A3:MSG: usf_stat.cc, 876: USF: Received request for statistics: efw_power_stat
10-10 16:08:56.689 D/AOC     ( 1228): A3:MSG: usf_stat.cc, 876: USF: Received request for statistics: flat_buffer_stat
10-10 16:08:56.693 D/AOC     ( 1228): A3:MSG: usf_stat.cc, 876: USF: Received request for statistics: i2c_bus_stat
10-10 16:08:56.696 D/AOC     ( 1228): A3:MSG: usf_stat.cc, 876: USF: Received request for statistics: intr_mgr_stat
10-10 16:08:56.699 D/AOC     ( 1228): A3:MSG: usf_stat.cc, 876: USF: Received request for statistics: intr_stat
10-10 16:08:56.704 D/AOC     ( 1228): A3:MSG: usf_stat.cc, 876: USF: Received request for statistics: lsm6dsr0_dump
10-10 16:08:56.707 D/AOC     ( 1228): A3:MSG: usf_stat.cc, 876: USF: Received request for statistics: lsm6dsr_stats
10-10 16:08:56.710 D/AOC     ( 1228): A3:MSG: usf_stat.cc, 876: USF: Received request for statistics: lsm6dsr_stats
10-10 16:08:56.712 D/AOC     ( 1228): A3:MSG: usf_stat.cc, 876: USF: Received request for statistics: lsm6dsr_stats
10-10 16:08:56.719 D/AOC     ( 1228): A3:MSG: usf_stat.cc, 876: USF: Received request for statistics: mem_pool_stat
10-10 16:08:56.723 D/AOC     ( 1228): A3:MSG: usf_stat.cc, 876: USF: Received request for statistics: mem_stat
10-10 16:08:56.727 D/AOC     ( 1228): A3:MSG: usf_stat.cc, 876: USF: Received request for statistics: mmc56x3x0_dump
10-10 16:08:56.730 D/AOC     ( 1228): A3:MSG: usf_stat.cc, 876: USF: Received request for statistics: msg_batch_stat
10-10 16:08:56.734 D/AOC     ( 1228): A3:MSG: usf_stat.cc, 876: USF: Received request for statistics: msg_frag_stat
10-10 16:08:56.737 D/AOC     ( 1228): A3:MSG: usf_stat.cc, 876: USF: Received request for statistics: msg_stat
10-10 16:08:56.742 D/AOC     ( 1228): A3:MSG: usf_stat.cc, 876: USF: Received request for statistics: pdm_mgr_stat
10-10 16:08:56.748 D/AOC     ( 1228): A3:MSG: usf_stat.cc, 876: USF: Received request for statistics: pdm_stat
10-10 16:08:56.751 D/AOC     ( 1228): A3:MSG: usf_stat.cc, 876: USF: Received request for statistics: power_stat
10-10 16:08:56.754 D/AOC     ( 1228): A3:MSG: usf_stat.cc, 876: USF: Received request for statistics: precondition_stat
10-10 16:08:56.757 D/AOC     ( 1228): A3:MSG: usf_stat.cc, 876: USF: Received request for statistics: sample_fifo_stat
10-10 16:08:56.761 D/AOC     ( 1228): A3:MSG: usf_stat.cc, 876: USF: Received request for statistics: sample_latency_stat
10-10 16:08:56.763 D/AOC     ( 1228): A3:MSG: usf_stat.cc, 876: USF: Received request for statistics: sample_latency_stat
10-10 16:08:56.766 D/AOC     ( 1228): A3:MSG: usf_stat.cc, 876: USF: Received request for statistics: sample_latency_stat
10-10 16:08:56.768 D/AOC     ( 1228): A3:MSG: usf_stat.cc, 876: USF: Received request for statistics: sample_latency_stat
10-10 16:08:56.777 D/AOC     ( 1228): A3:MSG: usf_stat.cc, 876: USF: Received request for statistics: sample_pool_stat
10-10 16:08:56.781 D/AOC     ( 1228): A3:MSG: usf_stat.cc, 876: USF: Received request for statistics: sampling_config
10-10 16:08:56.787 D/AOC     ( 1228): A3:MSG: usf_stat.cc, 876: USF: Received request for statistics: sampling_config
10-10 16:08:56.792 D/AOC     ( 1228): A3:MSG: usf_stat.cc, 876: USF: Received request for statistics: sampling_config
10-10 16:08:56.806 D/AOC     ( 1228): A3:MSG: usf_stat.cc, 876: USF: Received request for statistics: sensor_mgr_stat
10-10 16:08:56.809 D/AOC     ( 1228): A3:MSG: usf_stat.cc, 876: USF: Received request for statistics: sensor_stat
10-10 16:08:56.816 D/AOC     ( 1228): A3:MSG: usf_stat.cc, 876: USF: Received request for statistics: sensor_stat
10-10 16:08:56.820 D/AOC     ( 1228): A3:MSG: usf_stat.cc, 876: USF: Received request for statistics: sensor_stat
10-10 16:08:56.823 D/AOC     ( 1228): A3:MSG: usf_stat.cc, 876: USF: Received request for statistics: sensor_stat
10-10 16:08:56.833 D/AOC     ( 1228): A3:MSG: usf_stat.cc, 876: USF: Received request for statistics: server_stat
10-10 16:08:56.837 D/AOC     ( 1228): A3:MSG: usf_stat.cc, 876: USF: Received request for statistics: server_stat
10-10 16:08:56.840 D/AOC     ( 1228): A3:MSG: usf_stat.cc, 876: USF: Received request for statistics: server_stat
10-10 16:08:56.843 D/AOC     ( 1228): A3:MSG: usf_stat.cc, 876: USF: Received request for statistics: server_stat
10-10 16:08:56.848 D/AOC     ( 1228): A3:MSG: usf_stat.cc, 876: USF: Received request for statistics: server_stat
10-10 16:08:56.854 D/AOC     ( 1228): A3:MSG: usf_stat.cc, 876: USF: Received request for statistics: server_stat
10-10 16:08:56.865 D/AOC     ( 1228): A3:MSG: usf_stat.cc, 876: USF: Received request for statistics: sh_mem_transport_stat
10-10 16:08:56.869 D/AOC     ( 1228): A3:MSG: usf_stat.cc, 876: USF: Received request for statistics: spi_bus_stat
10-10 16:08:56.872 D/AOC     ( 1228): A3:MSG: usf_stat.cc, 876: USF: Received request for statistics: thread_stat
10-10 16:08:56.877 D/AOC     ( 1228): A3:MSG: usf_stat.cc, 876: USF: Received request for statistics: time_mgr_stat
10-10 16:08:56.880 D/AOC     ( 1228): A3:MSG: usf_stat.cc, 876: USF: Received request for statistics: tmd3719_dump
10-10 16:08:56.881 D/AOC     ( 1228): A3:MSG: tmd3719_device.cc, 1973: USF: TMD3719: Dumped state, used 633/1024 bytes.
10-10 16:08:56.886 D/AOC     ( 1228): A3:MSG: usf_stat.cc, 876: USF: Received request for statistics: tmd3719_stats
10-10 16:08:56.890 D/AOC     ( 1228): A3:MSG: usf_stat.cc, 876: USF: Received request for statistics: usf_dram_request_stat
10-10 16:08:56.892 D/AOC     ( 1228): A3:MSG: usf_stat.cc, 876: USF: Received request for statistics: usf_dram_request_stat
10-10 16:08:56.898 D/AOC     ( 1228): A3:MSG: usf_stat.cc, 876: USF: Received request for statistics: vsc_request_stat
10-10 16:08:56.901 D/AOC     ( 1228): A3:MSG: usf_stat.cc, 876: USF: Received request for statistics: work_stat
10-10 16:08:56.905 D/AOC     ( 1228): A3:MSG: usf_stat.cc, 876: USF: Received request for statistics: worker_stat
10-10 16:08:56.908 D/AOC     ( 1228): A3:MSG: usf_stat.cc, 876: USF: Received request for statistics: worker_stat
10-10 16:08:56.916 D/USF     ( 1035): AP/AOC clock synced: AOC: 104400969622559 ns (427626371574 tk), AP: 104439034330780 ns, diff = -38064708221 ns
10-10 16:08:57.157 D/TrafficStats(14196): tagSocket(5) with statsTag=0xffffffff, statsUid=-1
10-10 16:08:57.197 D/TrafficStats(14196): tagSocket(78) with statsTag=0xffffffff, statsUid=-1
10-10 16:08:57.418 I/servicemanager(  391): Found vendor.google.google_battery.IGoogleBattery/default in device VINTF manifest.
10-10 16:08:57.444 W/Turbo.OnDeviceBatteryHistory(15112): addEvents: loaded 1 battery events.
10-10 16:08:57.444 W/Turbo.OnDeviceBatteryHistory(15112): addEvents: loaded battery events completed.
10-10 16:08:57.446 W/Turbo.EstimatedTimeRemainingProvider(15112): queryTimeToDischarge: 180774123
10-10 16:08:57.753 I/WifiHAL ( 1047): Creating message to get link statistics; iface = 47
10-10 16:08:57.811 I/WifiHAL ( 1047): In GetLinkStatsCommand::handleResponse
10-10 16:08:57.847 D/ConnectivityService( 1475): NetReassign [no changes] [c 1] [a 0] [i 5]
10-10 16:08:57.930 W/WindowMagnificationMgr( 1475): requestConnection duplicated request: connect=false, mConnectionState=DISCONNECTED
10-10 16:08:57.930 V/UiAutomationManager( 1475): UiAutomation service owner died
10-10 16:08:57.934 D/BatterySaverPolicy( 1475): accessibility changed to false, updating policy.
10-10 16:08:57.935 I/AiAiEcho( 3124): (REDACTED) Settings changed for uri: %s
10-10 16:08:57.939 I/AiAiEcho( 3124): (REDACTED) Predicting[%d]: %s
10-10 16:08:57.940 I/AiAiEcho( 3124): (REDACTED) EchoTargets: %s
10-10 16:08:57.940 I/AiAiEcho( 3124): Filtered by AiAi flag check: %s
10-10 16:08:57.940 I/AiAiEcho( 3124): (REDACTED) Ranked targets strategy: %s, count: %d, ranking metadata: %s
10-10 16:08:57.940 I/AiAiEcho( 3124): #remoteViewsTwiddler: feature disabled.
10-10 16:08:57.941 I/AiAiEcho( 3124): (REDACTED) Predicting[%d]: %s
10-10 16:08:57.942 I/AiAiEcho( 3124): (REDACTED) EchoTargets: %s
10-10 16:08:57.942 I/AiAiEcho( 3124): Filtered by AiAi flag check: %s
10-10 16:08:57.942 I/AiAiEcho( 3124): (REDACTED) Ranked targets strategy: %s, count: %d, ranking metadata: %s
10-10 16:08:57.943 I/AiAiEcho( 3124): (REDACTED) #weatherTwiddler: Weather removes SubtitleSupplementalItem in surface: %s
10-10 16:08:57.943 I/AiAiEcho( 3124): #remoteViewsTwiddler: feature disabled.
10-10 16:08:57.943 I/AiAiEcho( 3124): (REDACTED) Predicting[%d]: %s
10-10 16:08:57.944 I/AiAiEcho( 3124): (REDACTED) EchoTargets: %s
10-10 16:08:57.944 I/AiAiEcho( 3124): Filtered by AiAi flag check: %s
10-10 16:08:57.944 I/AiAiEcho( 3124): (REDACTED) Ranked targets strategy: %s, count: %d, ranking metadata: %s
10-10 16:08:57.944 D/CompatibilityChangeReporter( 1475): Compat change id reported: 197654537; UID 10452; state: ENABLED
10-10 16:08:57.945 I/AiAiEcho( 3124): (REDACTED) #weatherTwiddler: Weather removes SubtitleSupplementalItem in surface: %s
10-10 16:08:57.945 I/AiAiEcho( 3124): #remoteViewsTwiddler: feature disabled.
10-10 16:08:57.946 I/AiAiEcho( 3124): (REDACTED) #postPredictionTargets: Sending updates to UISurface %s with targets# %s (types=[%s])
10-10 16:08:57.947 D/SsMediaDataProvider( 2066): Forwarding Smartspace updates []
10-10 16:08:57.949 I/libperfmgr(  611): Hint type not present in actions: ADPF_FIRST_FRAME
10-10 16:08:57.949 I/AiAiEcho( 3124): (REDACTED) #postPredictionTargets: Sending updates to UISurface %s with targets# %s (types=[%s])
10-10 16:08:57.950 D/SsBaseTemplateCard( 2066): No text view can be set up
10-10 16:08:57.951 D/SsBaseTemplateCard( 2066): Passed-in item info is null
10-10 16:08:57.951 D/SsBaseTemplateCard( 2066): Passed-in item info is null
10-10 16:08:57.951 I/SsBaseTemplateCard( 2066): Secondary card pane is null
10-10 16:08:57.953 I/AiAiEcho( 3124): (REDACTED) #postPredictionTargets: Sending updates to UISurface %s with targets# %s (types=[%s])
10-10 16:08:57.954 D/SsBaseTemplateCard( 2411): No text view can be set up
10-10 16:08:57.954 D/SsBaseTemplateCard( 2411): Passed-in item info is null
10-10 16:08:57.954 D/SsBaseTemplateCard( 2411): Passed-in item info is null
10-10 16:08:57.954 I/SsBaseTemplateCard( 2411): Secondary card pane is null
10-10 16:08:57.967 I/A       ( 6407): NGA Sync: beginOnDataPresent
10-10 16:08:57.969 I/A       ( 6407): (REDACTED) NGA Sync: isNgaSyncEnabled: %s; enableFileGroupPopulator: %s; requiresMddAssets: %s
10-10 16:08:57.971 I/A       ( 6407): (REDACTED) Flag controlled groups: %s
10-10 16:08:57.971 I/A       ( 6407): (REDACTED) Required groups: %s
10-10 16:08:57.973 I/A       ( 6407): NGA Sync: endOnDataPresent
10-10 16:08:57.974 I/A       ( 6407): (REDACTED) NGA Sync: isNgaSyncEnabled: %s; enableFileGroupPopulator: %s; requiresMddAssets: %s
10-10 16:08:57.976 I/A       ( 6407): NGA enabled in interactor.
10-10 16:08:57.978 I/A       ( 6407): NGA Sync: beginOnDataPresent
10-10 16:08:57.979 I/A       ( 6407): (REDACTED) NGA Sync: isNgaSyncEnabled: %s; enableFileGroupPopulator: %s; requiresMddAssets: %s
10-10 16:08:57.981 I/A       ( 6407): (REDACTED) Flag controlled groups: %s
10-10 16:08:57.981 I/A       ( 6407): (REDACTED) Required groups: %s
10-10 16:08:57.981 I/A       ( 6407): NGA Sync: endOnDataPresent
10-10 16:08:57.983 I/A       ( 6407): (REDACTED) NGA Sync: isNgaSyncEnabled: %s; enableFileGroupPopulator: %s; requiresMddAssets: %s
10-10 16:08:57.983 I/A       ( 6407): NGA enabled in interactor.
10-10 16:09:00.079 I/AiAiEcho( 3124): (REDACTED) Predicting[%d]: %s
10-10 16:09:00.081 I/AiAiEcho( 3124): (REDACTED) EchoTargets: %s
10-10 16:09:00.081 I/AiAiEcho( 3124): Filtered by AiAi flag check: %s
10-10 16:09:00.082 I/AiAiEcho( 3124): (REDACTED) Ranked targets strategy: %s, count: %d, ranking metadata: %s
10-10 16:09:00.084 I/AiAiEcho( 3124): (REDACTED) #weatherTwiddler: Weather removes SubtitleSupplementalItem in surface: %s
10-10 16:09:00.084 I/AiAiEcho( 3124): #remoteViewsTwiddler: feature disabled.
10-10 16:09:00.085 I/AiAiEcho( 3124): (REDACTED) Predicting[%d]: %s
10-10 16:09:00.086 I/AiAiEcho( 3124): (REDACTED) EchoTargets: %s
10-10 16:09:00.086 I/AiAiEcho( 3124): Filtered by AiAi flag check: %s
10-10 16:09:00.087 I/AiAiEcho( 3124): (REDACTED) Ranked targets strategy: %s, count: %d, ranking metadata: %s
10-10 16:09:00.087 I/AiAiEcho( 3124): (REDACTED) #weatherTwiddler: Weather removes SubtitleSupplementalItem in surface: %s
10-10 16:09:00.087 I/AiAiEcho( 3124): #remoteViewsTwiddler: feature disabled.
10-10 16:09:00.107 I/AiAiEcho( 3124): (REDACTED) #postPredictionTargets: Sending updates to UISurface %s with targets# %s (types=[%s])
10-10 16:09:00.112 D/SsBaseTemplateCard( 2066): No text view can be set up
10-10 16:09:00.113 D/SsBaseTemplateCard( 2066): Passed-in item info is null
10-10 16:09:00.113 D/SsBaseTemplateCard( 2066): Passed-in item info is null
10-10 16:09:00.113 I/SsBaseTemplateCard( 2066): Secondary card pane is null
10-10 16:09:00.113 I/AiAiEcho( 3124): (REDACTED) #postPredictionTargets: Sending updates to UISurface %s with targets# %s (types=[%s])
10-10 16:09:00.116 D/SsBaseTemplateCard( 2411): No text view can be set up
10-10 16:09:00.116 D/SsBaseTemplateCard( 2411): Passed-in item info is null
10-10 16:09:00.117 D/SsBaseTemplateCard( 2411): Passed-in item info is null
10-10 16:09:00.117 I/SsBaseTemplateCard( 2411): Secondary card pane is null
10-10 16:09:00.845 I/WifiHAL ( 1047): Creating message to get link statistics; iface = 47
10-10 16:09:00.915 I/WifiHAL ( 1047): In GetLinkStatsCommand::handleResponse
10-10 16:09:00.975 D/ConnectivityService( 1475): NetReassign [no changes] [c 1] [a 1] [i 11]
10-10 16:09:03.960 I/WifiHAL ( 1047): Creating message to get link statistics; iface = 47
10-10 16:09:04.030 I/WifiHAL ( 1047): In GetLinkStatsCommand::handleResponse
10-10 16:09:04.084 D/ConnectivityService( 1475): NetReassign [no changes] [c 1] [a 1] [i 9]
10-10 16:09:07.073 I/WifiHAL ( 1047): Creating message to get link statistics; iface = 47
10-10 16:09:07.144 I/WifiHAL ( 1047): In GetLinkStatsCommand::handleResponse
10-10 16:09:07.208 D/ConnectivityService( 1475): NetReassign [no changes] [c 1] [a 0] [i 12]
10-10 16:09:08.302 E/bluetooth( 2255): packages/modules/Bluetooth/system/gd/os/linux_generic/files.cc:202 FileCreatedTime: unable to read '/data/misc/bluetooth/logs/btsnooz_hci.log' file metadata, error: No such file or directory
10-10 16:09:09.663 I/UsageStatsService( 1475): User[0] Flushing usage stats to disk
10-10 16:09:10.192 I/WifiHAL ( 1047): Creating message to get link statistics; iface = 47
10-10 16:09:10.266 I/WifiHAL ( 1047): In GetLinkStatsCommand::handleResponse
10-10 16:09:10.327 D/ConnectivityService( 1475): NetReassign [no changes] [c 1] [a 1] [i 12]
10-10 16:09:10.663 D/BluetoothAdapter(11704): isLeEnabled(): ON
10-10 16:09:10.672 D/ActivityAttributionService( 2255): notifyActivityAttributionInfo UID=1002 packageName=com.google.android.bluetooth deviceAddress=no_active_device_address
10-10 16:09:10.672 I/bt_btif ( 2255): packages/modules/Bluetooth/system/btif/src/bluetooth.cc:465 get_profile_interface: get_profile_interface: id = activity_attribution
10-10 16:09:10.674 I/bt_stack( 2255): [INFO:le_scanning_manager.cc(174)] ScanFilterParamSetup in shim layer
10-10 16:09:10.675 I/bt_stack( 2255): [INFO:le_scanning_manager.cc(148)] Unregister in shim layer, scanner_id:2
10-10 16:09:11.187 I/flutter (14457): [2024-10-10 16:09:11.187832] Active subscriptions (2)
10-10 16:09:11.899 W/CarrierServices( 3151): not calling getConfiguration because simId is empty [CONTEXT log_prefix="RcsMobileConfigurationFlags" thread_id=128 ]
10-10 16:09:11.902 W/CarrierServices( 3151): not calling getConfiguration because simId is empty [CONTEXT log_prefix="RcsMobileConfigurationFlags" thread_id=128 ]
10-10 16:09:11.903 W/CarrierServices( 3151): not calling getConfiguration because simId is empty [CONTEXT log_prefix="RcsMobileConfigurationFlags" thread_id=128 ]
10-10 16:09:11.903 I/CarrierServices( 3151): No config URL. RCS not configured for dual-registration. [CONTEXT log_prefix="ProvisioningServerUtil" thread_id=128 ]
10-10 16:09:12.130 E/adservices.measurement( 5680): ReportingJobService is disabled, skip scheduling
10-10 16:09:12.137 W/JobScheduler( 1475): Job didn't exist in JobStore: 413bc7 #1000/100351 com.android.calendar/com.google/zebra21.dvt@gmail.com:android
10-10 16:09:12.151 W/cal.adre(32132): Application name is not set. Call Builder#setApplicationName.
10-10 16:09:13.315 I/WifiHAL ( 1047): Creating message to get link statistics; iface = 47
10-10 16:09:13.341 I/cr_CronetUrlRequestContext(32132): destroyNativeStreamLocked org.chromium.net.impl.CronetBidirectionalStream@8570b42
10-10 16:09:13.385 I/WifiHAL ( 1047): In GetLinkStatsCommand::handleResponse
10-10 16:09:13.416 D/ConnectivityService( 1475): NetReassign [no changes] [c 0] [a 0] [i 4]
10-10 16:09:15.295 W/JobInfo ( 1475): Requested flex +57m36s0ms for job 100342 is too small; raising to +1h12m0s0ms
10-10 16:09:15.341 W/cal.adre(32132): Application name is not set. Call Builder#setApplicationName.
10-10 16:09:16.418 I/WifiHAL ( 1047): Creating message to get link statistics; iface = 47
10-10 16:09:16.495 I/WifiHAL ( 1047): In GetLinkStatsCommand::handleResponse
10-10 16:09:16.553 D/ConnectivityService( 1475): NetReassign [no changes] [c 1] [a 0] [i 12]
10-10 16:09:16.811 I/BistoHotwordHelper( 3140): (REDACTED) getHotwordActive::active query: %s, watch: %s, devices connected: %s
10-10 16:09:17.993 I/AiAiStatsd( 3124): (REDACTED) No op: the most recent atoms from the date %s have been uploaded.
10-10 16:09:19.545 I/WifiHAL ( 1047): Creating message to get link statistics; iface = 47
10-10 16:09:19.614 I/WifiHAL ( 1047): In GetLinkStatsCommand::handleResponse
10-10 16:09:19.662 D/ConnectivityService( 1475): NetReassign [no changes] [c 1] [a 0] [i 6]
10-10 16:09:19.935 V/ClearcutMetricXmitter( 3140): Transmission is done.
10-10 16:09:21.044 W/JobScheduler( 1475): Job didn't exist in JobStore: 864af41 #u0a160/1 com.google.android.calendar/.jobservices.CalendarProviderObserverJobService
10-10 16:09:22.660 I/WifiHAL ( 1047): Creating message to get link statistics; iface = 47
10-10 16:09:22.738 I/WifiHAL ( 1047): In GetLinkStatsCommand::handleResponse
10-10 16:09:22.795 D/ConnectivityService( 1475): NetReassign [no changes] [c 2] [a 0] [i 12]
10-10 16:09:23.835 I/CHRE    ( 1230): @ 104427.885: [ImuCal] [GYRO_RPS] (s0, c0) Offset | Temp [C] | Quality: -.003690, 0.002203, -.000627 | 24.290557 | 4
10-10 16:09:23.835 I/CHRE    ( 1230): @ 104427.885: [ImuCal] [GYRO_RPS] (s0) Temp Sensitivity: -.000070, -.000031, -.000007
10-10 16:09:23.835 I/CHRE    ( 1230): @ 104427.885: [ImuCal] [GYRO_RPS] (s0) Temp Intercept: -.001959, 0.002887, -.000510
10-10 16:09:24.962 D/DLObserver( 2066): onReceive(); android.intent.action.BATTERY_CHANGED
10-10 16:09:24.962 D/DLObserver( 2066): plugged=1
10-10 16:09:24.965 D/PowerNotificationWarningsGoogleImpl( 2066): onReceive: android.intent.action.BATTERY_CHANGED
10-10 16:09:24.966 D/BatteryDefenderNotification( 2066): isPlugged: true | isOverheated: false | defenderEnabled: false | isCharged: false | isPluggedInDock: false
10-10 16:09:24.967 D/PowerUI ( 2066): can't show warning due to - plugged: true status unknown: false
10-10 16:09:24.968 I/servicemanager(  391): Found vendor.google.google_battery.IGoogleBattery/default in device VINTF manifest.
10-10 16:09:24.978 W/Turbo.EstimatedTimeRemainingProvider(15112): queryTimeToDischarge: 180746593
10-10 16:09:24.992 D/BatteryInfoBroadcast( 2066): onReceive: android.intent.action.BATTERY_CHANGED isPowerSaveMode: false remainingTimeMillis: 180746593
10-10 16:09:25.787 I/WifiHAL ( 1047): Creating message to get link statistics; iface = 47
10-10 16:09:25.859 I/WifiHAL ( 1047): In GetLinkStatsCommand::handleResponse
10-10 16:09:25.922 D/ConnectivityService( 1475): NetReassign [no changes] [c 1] [a 1] [i 12]
10-10 16:09:26.071 D/WM-SystemJobService( 6407): onStartJob for WorkGenerationalId(workSpecId=91bc1ed0-7495-4b09-b88c-dfd213e17a61, generation=0)
10-10 16:09:26.082 D/WM-Processor( 6407): p: processing WorkGenerationalId(workSpecId=91bc1ed0-7495-4b09-b88c-dfd213e17a61, generation=0)
10-10 16:09:26.095 D/WM-WorkerWrapper( 6407): Starting work for com.google.apps.tiktok.contrib.work.TikTokListenableWorker
10-10 16:09:26.097 I/A       ( 6407): LocalCalendarUpdateWorker#startWork
10-10 16:09:26.101 I/A       ( 6407): (REDACTED) Updating user context. Event: %s
10-10 16:09:26.141 D/BoundBrokerSvc( 3179): onBind: Intent { act=com.google.android.gms.wallet.service.BIND pkg=com.google.android.gms }
10-10 16:09:26.141 D/BoundBrokerSvc( 3179): Loading bound service for intent: Intent { act=com.google.android.gms.wallet.service.BIND pkg=com.google.android.gms }
10-10 16:09:26.173 D/BoundBrokerSvc( 6357): onRebind: Intent { act=com.google.android.gms.auth.aang.events.services.START dat=chimera-action:/... cmp=com.google.android.gms/.chimera.PersistentApiService }
10-10 16:09:26.191 I/flutter (14457): [2024-10-10 16:09:26.191139] Active subscriptions (2)
10-10 16:09:26.224 I/SS3PSurfacesSuggestAggr( 6407): Neither TNG Smartspace widget nor OEM is enabled.
10-10 16:09:26.225 I/BcSsSuggestionAgg( 6407): #handlePcpDataUpdate
10-10 16:09:26.226 I/PCPv2.ProactiveClient( 6407): (REDACTED) #entry Fetching proactive suggestions for [%s]
10-10 16:09:26.236 I/PCP.DataQuery( 6407): (REDACTED) %s getProactiveContent: %s
10-10 16:09:26.237 I/AccountDatabaseHelper( 6407): (REDACTED) #getLastReturnedProactiveData for client type %s and proactive data type %s
10-10 16:09:26.237 I/PCP.Database( 6407): (REDACTED) #getLastReturnedProactiveData for client type %s and proactive data type %s
10-10 16:09:26.237 I/AccountDatabaseHelper( 6407): (REDACTED) #getLastReturnedProactiveData for client type %s and proactive data type %s
10-10 16:09:26.237 I/PCP.Database( 6407): (REDACTED) #getLastReturnedProactiveData for client type %s and proactive data type %s
10-10 16:09:26.237 I/PCP.Database( 6407): (REDACTED) #getLastReturnedProactiveData for client type %s and proactive data type %s
10-10 16:09:26.239 I/CrossProfileSender( 6407): tryMakeAsyncCalls
10-10 16:09:26.240 I/CrossProfileSender( 6407): Attempting to bind
10-10 16:09:26.246 I/CrossProfileSender( 6407): Binding attempt failed: Permission not granted
10-10 16:09:26.248 W/s       ( 6407): Triggering event does not contain a headphone connection.
10-10 16:09:26.257 W/i       ( 6407): (REDACTED) Failed to find key '%s' in Settings.secure
10-10 16:09:26.257 W/i       ( 6407): android.provider.Settings$SettingNotFoundException: smartspace_pref_alert_key
10-10 16:09:26.257 W/i       ( 6407): 	at android.provider.Settings.parseIntSetting(Settings.java:3531)
10-10 16:09:26.257 W/i       ( 6407): 	at android.provider.Settings.-$$Nest$smparseIntSetting(Unknown Source:0)
10-10 16:09:26.257 W/i       ( 6407): 	at android.provider.Settings$Secure.getIntForUser(Settings.java:6418)
10-10 16:09:26.257 W/i       ( 6407): 	at android.provider.Settings$Secure.getInt(Settings.java:6411)
10-10 16:09:26.257 W/i       ( 6407): 	at com.google.android.apps.search.assistant.verticals.ambient.settings.i.g(PG:8)
10-10 16:09:26.257 W/i       ( 6407): 	at com.google.android.apps.search.assistant.verticals.ambient.settings.i.i(PG:117)
10-10 16:09:26.257 W/i       ( 6407): 	at com.google.android.apps.search.assistant.verticals.ambient.settings.c.test(PG:62)
10-10 16:09:26.257 W/i       ( 6407): 	at j$.util.stream.w.accept(SourceFile:84)
10-10 16:09:26.257 W/i       ( 6407): 	at j$.util.Iterator$-EL.forEachRemaining(SourceFile:24)
10-10 16:09:26.257 W/i       ( 6407): 	at j$.util.x0.forEachRemaining(SourceFile:24)
10-10 16:09:26.257 W/i       ( 6407): 	at j$.util.stream.b.n(SourceFile:21)
10-10 16:09:26.257 W/i       ( 6407): 	at j$.util.stream.I0.a(SourceFile:9)
10-10 16:09:26.257 W/i       ( 6407): 	at j$.util.stream.b.u(SourceFile:35)
10-10 16:09:26.257 W/i       ( 6407): 	at j$.util.stream.t2.collect(SourceFile:17)
10-10 16:09:26.257 W/i       ( 6407): 	at com.google.android.apps.search.assistant.verticals.ambient.trigger.e.e.b(PG:77)
10-10 16:09:26.257 W/i       ( 6407): 	at com.google.android.apps.search.assistant.verticals.ambient.trigger.e.o.b(PG:63)
10-10 16:09:26.257 W/i       ( 6407): 	at o.c.b.a.a.u(PG:12)
10-10 16:09:26.257 W/i       ( 6407): 	at kotlinx.coroutines.ar.run(PG:110)
10-10 16:09:26.257 W/i       ( 6407): 	at com.google.apps.tiktok.f.k.run(PG:3)
10-10 16:09:26.257 W/i       ( 6407): 	at com.google.android.libraries.k.q.run(PG:3)
10-10 16:09:26.257 W/i       ( 6407): 	at com.google.common.n.c.b.run(PG:50)
10-10 16:09:26.257 W/i       ( 6407): 	at com.google.android.libraries.k.i.run(PG:42)
10-10 16:09:26.257 W/i       ( 6407): 	at java.lang.Thread.run(Thread.java:1012)
10-10 16:09:26.257 W/i       ( 6407): 	at com.google.android.libraries.k.d.b.run(PG:74)
10-10 16:09:26.258 I/PCP.DataFetch( 6407): #updateLastReturnedDatabase
10-10 16:09:26.259 I/e       ( 6407): OEM Device doesn't enable Smartspace Integration.
10-10 16:09:26.259 I/PCP.SingletonDatabase( 6407): #putNewReturnedDataQuery
10-10 16:09:26.259 I/PCP.Database( 6407): #putNewReturnedDataQuery
10-10 16:09:26.259 I/A       ( 6407): Air Quality is disabled in TNG.
10-10 16:09:26.260 I/g       ( 6407): Hotel feature is disabled.
10-10 16:09:26.260 I/g       ( 6407): Hotel feature is disabled.
10-10 16:09:26.260 I/i       ( 6407): Time to leave feature is disabled via ProactiveDataList producer.
10-10 16:09:26.260 I/A       ( 6407): Weather Alert is disabled in TNG via ProactiveDataList producer.
10-10 16:09:26.261 I/A       ( 6407): Weather is disabled in TNG via ProactiveDataList producer.
10-10 16:09:26.266 I/AccountDatabaseHelper( 6407): #putNewReturnedDataQuery
10-10 16:09:26.266 I/PCP.Database( 6407): #putNewReturnedDataQuery
10-10 16:09:26.271 W/i       ( 6407): (REDACTED) This card is not supported Settings.Secure and is disabled by default, cardType: %s
10-10 16:09:26.271 W/i       ( 6407): (REDACTED) This card is not supported Settings.Secure and is disabled by default, cardType: %s
10-10 16:09:26.271 W/i       ( 6407): (REDACTED) This card is not supported Settings.Secure and is disabled by default, cardType: %s
10-10 16:09:26.271 W/i       ( 6407): (REDACTED) This card is not supported Settings.Secure and is disabled by default, cardType: %s
10-10 16:09:26.271 W/i       ( 6407): (REDACTED) This card is not supported Settings.Secure and is disabled by default, cardType: %s
10-10 16:09:26.272 W/i       ( 6407): (REDACTED) This card is not supported Settings.Secure and is disabled by default, cardType: %s
10-10 16:09:26.273 W/i       ( 6407): (REDACTED) This card is not supported Settings.Secure and is disabled by default, cardType: %s
10-10 16:09:26.273 W/i       ( 6407): (REDACTED) This card is not supported Settings.Secure and is disabled by default, cardType: %s
10-10 16:09:26.273 W/i       ( 6407): (REDACTED) This card is not supported Settings.Secure and is disabled by default, cardType: %s
10-10 16:09:26.273 W/i       ( 6407): (REDACTED) This card is not supported Settings.Secure and is disabled by default, cardType: %s
10-10 16:09:26.273 W/i       ( 6407): (REDACTED) This card is not supported Settings.Secure and is disabled by default, cardType: %s
10-10 16:09:26.274 W/i       ( 6407): (REDACTED) This card is not supported Settings.Secure and is disabled by default, cardType: %s
10-10 16:09:26.274 W/i       ( 6407): (REDACTED) This card is not supported Settings.Secure and is disabled by default, cardType: %s
10-10 16:09:26.274 W/i       ( 6407): (REDACTED) This card is not supported Settings.Secure and is disabled by default, cardType: %s
10-10 16:09:26.275 I/AccountDatabaseHelper( 6407): #putNewReturnedDataQuery
10-10 16:09:26.275 I/PCP.Database( 6407): #putNewReturnedDataQuery
10-10 16:09:26.277 I/LocalCalendarAccessorIm( 6407): (REDACTED) getUpcomingEvents(%s, %s)
10-10 16:09:26.288 I/PCP.Calendar( 6407): (REDACTED) filterInvalidEvents pre-filter size=%s
10-10 16:09:26.289 I/PCP.Calendar( 6407): (REDACTED) post-filter events size=%s
10-10 16:09:26.295 I/PCP.Calendar( 6407): (REDACTED) filterInvalidEvents pre-filter size=%s
10-10 16:09:26.295 I/PCP.Calendar( 6407): (REDACTED) post-filter events size=%s
10-10 16:09:26.311 I/<unknown class>( 6407): Cross Device Alarm is disabled via ProactiveSuggestions producer.
10-10 16:09:26.312 I/A       ( 6407): Air quality is disabled in TNG via ProactiveSuggestions producer.
10-10 16:09:26.312 I/h       ( 6407): Commute time feature is disabled via ProactiveSuggestions producer.
10-10 16:09:26.312 I/i       ( 6407): Time to leave feature is disabled via ProactiveSuggestions producer.
10-10 16:09:26.313 I/A       ( 6407): #Generate weather data.
10-10 16:09:26.322 I/TNG.SSTrampoline.Utils( 6407): Create TNG weather or weather daily forecast or weather timely reminder wrapped click intent.
10-10 16:09:26.322 I/SSTrampoline.helper( 6407): #createWrappedClickIntent: Put account
10-10 16:09:26.323 W/A       ( 6407): (REDACTED) Failed to parse precipitation=%s
10-10 16:09:26.324 I/TNG.SSTrampoline.Utils( 6407): Create card explanation intent
10-10 16:09:26.324 I/SSTrampoline.helper( 6407): #createWrappedClickIntent: Account is missing
10-10 16:09:26.327 I/CtfManager( 6407): (REDACTED) remove request for trigger key: %s, isClientInitiated: %s
10-10 16:09:26.328 I/A       ( 6407): (REDACTED) #TNG createSmartspaceCard enable_reminder: %b, enable_forecast: %b, showTimelyReminderForPrecipitationType presents: %b
10-10 16:09:26.328 I/A       ( 6407): (REDACTED) #TNG high temperature: %s, low temperature: %s, show weather daily forecast: %b
10-10 16:09:26.329 I/A       ( 6407): #TNG subtitle supplemental text should not be truncated due to the short subtitle supplemental.
10-10 16:09:26.329 I/TNG.SSTrampoline.Utils( 6407): Create card explanation intent
10-10 16:09:26.329 I/SSTrampoline.helper( 6407): #createWrappedClickIntent: Account is missing
10-10 16:09:26.329 I/A       ( 6407): (REDACTED) #TNG createSmartspaceCard enable_reminder: %b, enable_forecast: %b, showTimelyReminderForPrecipitationType presents: %b
10-10 16:09:26.329 I/A       ( 6407): (REDACTED) #TNG high temperature: %s, low temperature: %s, show weather daily forecast: %b
10-10 16:09:26.330 I/A       ( 6407): #TNG subtitle supplemental text should not be truncated due to the short subtitle supplemental.
10-10 16:09:26.331 I/TNG.SSTrampoline.Utils( 6407): Create card explanation intent
10-10 16:09:26.331 I/SSTrampoline.helper( 6407): #createWrappedClickIntent: Account is missing
10-10 16:09:26.332 I/A       ( 6407): (REDACTED) #TNG createSmartspaceCard enable_reminder: %b, enable_forecast: %b, showTimelyReminderForPrecipitationType presents: %b
10-10 16:09:26.332 I/A       ( 6407): (REDACTED) #TNG high temperature: %s, low temperature: %s, show weather daily forecast: %b
10-10 16:09:26.332 I/A       ( 6407): #TNG subtitle supplemental text should not be truncated due to the short subtitle supplemental.
10-10 16:09:26.333 I/TNG.SSTrampoline.Utils( 6407): Create card explanation intent
10-10 16:09:26.333 I/SSTrampoline.helper( 6407): #createWrappedClickIntent: Account is missing
10-10 16:09:26.333 I/A       ( 6407): (REDACTED) #TNG createSmartspaceCard enable_reminder: %b, enable_forecast: %b, showTimelyReminderForPrecipitationType presents: %b
10-10 16:09:26.333 I/A       ( 6407): (REDACTED) #TNG high temperature: %s, low temperature: %s, show weather daily forecast: %b
10-10 16:09:26.333 I/A       ( 6407): #TNG subtitle supplemental text should not be truncated due to the short subtitle supplemental.
10-10 16:09:26.334 I/TNG.SSTrampoline.Utils( 6407): Create card explanation intent
10-10 16:09:26.334 I/SSTrampoline.helper( 6407): #createWrappedClickIntent: Account is missing
10-10 16:09:26.334 I/A       ( 6407): (REDACTED) #TNG createSmartspaceCard enable_reminder: %b, enable_forecast: %b, showTimelyReminderForPrecipitationType presents: %b
10-10 16:09:26.334 I/A       ( 6407): (REDACTED) #TNG high temperature: %s, low temperature: %s, show weather daily forecast: %b
10-10 16:09:26.334 I/A       ( 6407): #TNG subtitle supplemental text should not be truncated due to the short subtitle supplemental.
10-10 16:09:26.335 I/TNG.SSTrampoline.Utils( 6407): Create card explanation intent
10-10 16:09:26.335 I/SSTrampoline.helper( 6407): #createWrappedClickIntent: Account is missing
10-10 16:09:26.335 I/A       ( 6407): (REDACTED) #TNG createSmartspaceCard enable_reminder: %b, enable_forecast: %b, showTimelyReminderForPrecipitationType presents: %b
10-10 16:09:26.335 I/A       ( 6407): (REDACTED) #TNG high temperature: %s, low temperature: %s, show weather daily forecast: %b
10-10 16:09:26.335 I/A       ( 6407): #TNG subtitle supplemental text should not be truncated due to the short subtitle supplemental.
10-10 16:09:26.336 I/TNG.SSTrampoline.Utils( 6407): Create card explanation intent
10-10 16:09:26.336 I/SSTrampoline.helper( 6407): #createWrappedClickIntent: Account is missing
10-10 16:09:26.336 I/A       ( 6407): (REDACTED) #TNG createSmartspaceCard enable_reminder: %b, enable_forecast: %b, showTimelyReminderForPrecipitationType presents: %b
10-10 16:09:26.336 I/A       ( 6407): (REDACTED) #TNG high temperature: %s, low temperature: %s, show weather daily forecast: %b
10-10 16:09:26.336 I/A       ( 6407): #TNG subtitle supplemental text should not be truncated due to the short subtitle supplemental.
10-10 16:09:26.337 I/ae      ( 6407): (REDACTED) #getIconFromCard: %s
10-10 16:09:26.337 W/ae      ( 6407): (REDACTED) cardType: %s has no icon.
10-10 16:09:26.337 I/ae      ( 6407): (REDACTED) #getIconFromCard: %s
10-10 16:09:26.337 W/ae      ( 6407): (REDACTED) cardType: %s has no icon.
10-10 16:09:26.338 I/ae      ( 6407): (REDACTED) #getIconFromCard: %s
10-10 16:09:26.338 I/ae      ( 6407): load card icon from url
10-10 16:09:26.338 I/ae      ( 6407): load card icon from url
10-10 16:09:26.338 W/ae      ( 6407): (REDACTED) cardType: %s has no icon.
10-10 16:09:26.338 I/ae      ( 6407): (REDACTED) #getIconFromCard: %s
10-10 16:09:26.338 I/ae      ( 6407): load card icon from url
10-10 16:09:26.338 W/ae      ( 6407): (REDACTED) cardType: %s has no icon.
10-10 16:09:26.339 I/ae      ( 6407): (REDACTED) #getIconFromCard: %s
10-10 16:09:26.339 W/ae      ( 6407): (REDACTED) cardType: %s has no icon.
10-10 16:09:26.339 I/ae      ( 6407): load card icon from url
10-10 16:09:26.339 I/ae      ( 6407): (REDACTED) #getIconFromCard: %s
10-10 16:09:26.339 W/ae      ( 6407): (REDACTED) cardType: %s has no icon.
10-10 16:09:26.339 I/ae      ( 6407): load card icon from url
10-10 16:09:26.339 I/ae      ( 6407): (REDACTED) #getIconFromCard: %s
10-10 16:09:26.339 W/ae      ( 6407): (REDACTED) cardType: %s has no icon.
10-10 16:09:26.339 I/ae      ( 6407): load card icon from url
10-10 16:09:26.340 I/ae      ( 6407): load card icon from url
10-10 16:09:26.343 I/WeatherTempParser( 6407): (REDACTED) #getParsedCard: UI template weather card has been populated from the upstream, cardId: %s
10-10 16:09:26.343 I/WeatherTempParser( 6407): (REDACTED) #getParsedCard: UI template weather card has been populated from the upstream, cardId: %s
10-10 16:09:26.344 I/WeatherTempParser( 6407): (REDACTED) #getParsedCard: UI template weather card has been populated from the upstream, cardId: %s
10-10 16:09:26.344 I/WeatherTempParser( 6407): (REDACTED) #getParsedCard: UI template weather card has been populated from the upstream, cardId: %s
10-10 16:09:26.345 I/WeatherTempParser( 6407): (REDACTED) #getParsedCard: UI template weather card has been populated from the upstream, cardId: %s
10-10 16:09:26.345 I/WeatherTempParser( 6407): (REDACTED) #getParsedCard: UI template weather card has been populated from the upstream, cardId: %s
10-10 16:09:26.346 I/A       ( 6407): Generate weather tomorrow forecast data.
10-10 16:09:26.347 E/A       ( 6407): UI template failed to generate weather tomorrow forecast card
10-10 16:09:26.348 I/TimeContextManager( 6407): (REDACTED) #remove: subTriggerId=%s
10-10 16:09:26.349 I/WeatherTempParser( 6407): (REDACTED) #getParsedCard: UI template weather card has been populated from the upstream, cardId: %s
10-10 16:09:26.351 W/BcSsSuggestionAgg( 6407): Failed to get the future result!
10-10 16:09:26.351 W/BcSsSuggestionAgg( 6407): java.util.concurrent.ExecutionException: com.google.android.enterprise.connectedapps.b.c: Permission not granted
10-10 16:09:26.351 W/BcSsSuggestionAgg( 6407): 	at com.google.common.util.concurrent.d.r(PG:21)
10-10 16:09:26.351 W/BcSsSuggestionAgg( 6407): 	at com.google.common.util.concurrent.d.get(PG:3)
10-10 16:09:26.351 W/BcSsSuggestionAgg( 6407): 	at kotlinx.coroutines.c.b.get(PG:1)
10-10 16:09:26.351 W/BcSsSuggestionAgg( 6407): 	at i.b.a.q.b.a.e.H(PG:2)
10-10 16:09:26.351 W/BcSsSuggestionAgg( 6407): 	at com.google.common.util.concurrent.df.w(PG:10)
10-10 16:09:26.351 W/BcSsSuggestionAgg( 6407): 	at com.google.android.apps.search.assistant.verticals.ambient.a.d.q.b(PG:1)
10-10 16:09:26.351 W/BcSsSuggestionAgg( 6407): 	at com.google.android.apps.search.assistant.verticals.ambient.a.d.j.call(PG:34)
10-10 16:09:26.351 W/BcSsSuggestionAgg( 6407): 	at com.google.apps.tiktok.tracing.em.call(PG:17)
10-10 16:09:26.351 W/BcSsSuggestionAgg( 6407): 	at com.google.common.util.concurrent.as.a(PG:3)
10-10 16:09:26.351 W/BcSsSuggestionAgg( 6407): 	at com.google.common.util.concurrent.cf.run(PG:19)
10-10 16:09:26.351 W/BcSsSuggestionAgg( 6407): 	at com.google.android.libraries.k.q.run(PG:3)
10-10 16:09:26.351 W/BcSsSuggestionAgg( 6407): 	at com.google.common.n.c.b.run(PG:50)
10-10 16:09:26.351 W/BcSsSuggestionAgg( 6407): 	at com.google.android.libraries.k.i.run(PG:42)
10-10 16:09:26.351 W/BcSsSuggestionAgg( 6407): 	at java.lang.Thread.run(Thread.java:1012)
10-10 16:09:26.351 W/BcSsSuggestionAgg( 6407): 	at com.google.android.libraries.k.d.b.run(PG:74)
10-10 16:09:26.351 W/BcSsSuggestionAgg( 6407): Caused by: com.google.android.enterprise.connectedapps.b.c: Permission not granted
10-10 16:09:26.351 W/BcSsSuggestionAgg( 6407): 	at com.google.android.enterprise.connectedapps.q.i(PG:23)
10-10 16:09:26.351 W/BcSsSuggestionAgg( 6407): 	at com.google.android.enterprise.connectedapps.m.run(PG:205)
10-10 16:09:26.351 W/BcSsSuggestionAgg( 6407): 	at java.util.concurrent.Executors$RunnableAdapter.call(Executors.java:487)
10-10 16:09:26.351 W/BcSsSuggestionAgg( 6407): 	at java.util.concurrent.FutureTask.run(FutureTask.java:264)
10-10 16:09:26.351 W/BcSsSuggestionAgg( 6407): 	at java.util.concurrent.ScheduledThreadPoolExecutor$ScheduledFutureTask.run(ScheduledThreadPoolExecutor.java:307)
10-10 16:09:26.351 W/BcSsSuggestionAgg( 6407): 	at java.util.concurrent.ThreadPoolExecutor.runWorker(ThreadPoolExecutor.java:1145)
10-10 16:09:26.351 W/BcSsSuggestionAgg( 6407): 	at java.util.concurrent.ThreadPoolExecutor$Worker.run(ThreadPoolExecutor.java:644)
10-10 16:09:26.351 W/BcSsSuggestionAgg( 6407): 	at java.lang.Thread.run(Thread.java:1012)
10-10 16:09:26.352 I/i       ( 6407): #filterNoMapsConsentCards: Flag is off. Return UnfilteredCards
10-10 16:09:26.354 I/AssistantTNGEligibilityChecker( 6407): OPA eligibility is used in AssistantEligibilityCheckerTNGImpl.
10-10 16:09:26.355 I/A       ( 6407): (REDACTED) #shareData for %s with pending task count: %d
