10-10 16:05:11.022 D/CoreBackPreview( 1475): Window{747215c u0 Splash Screen com.zebra.soho_app}: Setting back callback OnBackInvokedCallbackInfo{mCallback=android.window.IOnBackInvokedCallback$Stub$Proxy@e521d3a, mPriority=0}
10-10 16:05:11.024 I/.zebra.soho_app(14457): Using CollectorTypeCMC GC.
10-10 16:05:11.026 E/.zebra.soho_app(14457): Not starting debugger since process cannot load the jdwp agent.
10-10 16:05:11.027 D/nativeloader(14457): Load libframework-connectivity-tiramisu-jni.so using APEX ns com_android_tethering for caller /apex/com.android.tethering/javalib/framework-connectivity-t.jar: ok
10-10 16:05:11.033 D/CompatibilityChangeReporter(14457): Compat change id reported: 171979766; UID 10452; state: ENABLED
10-10 16:05:11.045 D/nativeloader(14457): Configuring clns-4 for other apk /data/app/~~2kKfvi0LLLoHZqM-xTm0zA==/com.zebra.soho_app-xaYOkKKBj8UhN6EOAj3Gtw==/base.apk. target_sdk_version=34, uses_libraries=, library_path=/data/app/~~2kKfvi0LLLoHZqM-xTm0zA==/com.zebra.soho_app-xaYOkKKBj8UhN6EOAj3Gtw==/lib/arm64:/data/app/~~2kKfvi0LLLoHZqM-xTm0zA==/com.zebra.soho_app-xaYOkKKBj8UhN6EOAj3Gtw==/base.apk!/lib/arm64-v8a, permitted_path=/data:/mnt/expand:/data/user/0/com.zebra.soho_app
10-10 16:05:11.048 D/nativeloader(14457): Load libframework-connectivity-jni.so using APEX ns com_android_tethering for caller /apex/com.android.tethering/javalib/framework-connectivity.jar: ok
10-10 16:05:11.050 V/GraphicsEnvironment(14457): ANGLE Developer option for 'com.zebra.soho_app' set to: 'default'
10-10 16:05:11.050 V/GraphicsEnvironment(14457): ANGLE GameManagerService for com.zebra.soho_app: false
10-10 16:05:11.050 V/GraphicsEnvironment(14457): Neither updatable production driver nor prerelease driver is supported.
10-10 16:05:11.051 D/NetworkSecurityConfig(14457): No Network Security Config specified, using platform default
10-10 16:05:11.051 D/NetworkSecurityConfig(14457): No Network Security Config specified, using platform default
10-10 16:05:11.053 D/CompatibilityChangeReporter(14457): Compat change id reported: 183155436; UID 10452; state: ENABLED
10-10 16:05:11.053 D/SessionsDependencies(14457): Dependency to CRASHLYTICS added.
10-10 16:05:11.054 I/FirebaseApp(14457): Device unlocked: initializing all Firebase APIs for app [DEFAULT]
10-10 16:05:11.054 I/FirebaseCrashlytics(14457): Initializing Firebase Crashlytics 18.6.2 for com.zebra.soho_app
10-10 16:05:11.058 D/SessionsDependencies(14457): Subscriber CRASHLYTICS registered.
10-10 16:05:11.063 I/DynamiteModule(14457): Considering local module com.google.android.gms.measurement.dynamite:100 and remote module com.google.android.gms.measurement.dynamite:125
10-10 16:05:11.064 I/DynamiteModule(14457): Selected remote version of com.google.android.gms.measurement.dynamite, version >= 125
10-10 16:05:11.064 V/DynamiteModule(14457): Dynamite loader version >= 2, using loadModule2NoCrashUtils
10-10 16:05:11.065 D/CompatibilityChangeReporter( 1475): Compat change id reported: 161145287; UID 10452; state: DISABLED
10-10 16:05:11.067 W/System  (14457): ClassLoader referenced unknown path: 
10-10 16:05:11.067 D/nativeloader(14457): Configuring clns-5 for other apk . target_sdk_version=34, uses_libraries=, library_path=/data/app/~~c_2vbiYELHUzieoERj6n2w==/com.google.android.gms-zvsnj9lUbuDV0x4LD0_cCg==/lib/arm64:/data/app/~~c_2vbiYELHUzieoERj6n2w==/com.google.android.gms-zvsnj9lUbuDV0x4LD0_cCg==/base.apk!/lib/arm64-v8a, permitted_path=/data:/mnt/expand:/data/user/0/com.google.android.gms
10-10 16:05:11.069 I/FirebaseCrashlytics(14457): No version control information found
10-10 16:05:11.073 D/FirebaseSessions(14457): Initializing Firebase Sessions SDK.
10-10 16:05:11.074 I/FirebaseInitProvider(14457): FirebaseApp initialization successful
10-10 16:05:11.074 D/LifecycleServiceBinder(14457): Binding service to application.
10-10 16:05:11.076 D/WM-WrkMgrInitializer(14457): Initializing WorkManager with default configuration.
10-10 16:05:11.081 D/CompatibilityChangeReporter(14457): Compat change id reported: 160794467; UID 10452; state: ENABLED
10-10 16:05:11.082 D/vulkan  (14457): searching for layers in '/data/app/~~2kKfvi0LLLoHZqM-xTm0zA==/com.zebra.soho_app-xaYOkKKBj8UhN6EOAj3Gtw==/lib/arm64'
10-10 16:05:11.083 D/vulkan  (14457): searching for layers in '/data/app/~~2kKfvi0LLLoHZqM-xTm0zA==/com.zebra.soho_app-xaYOkKKBj8UhN6EOAj3Gtw==/base.apk!/lib/arm64-v8a'
10-10 16:05:11.088 D/nativeloader(14457): Load /data/app/~~2kKfvi0LLLoHZqM-xTm0zA==/com.zebra.soho_app-xaYOkKKBj8UhN6EOAj3Gtw==/base.apk!/lib/arm64-v8a/libflutter.so using ns clns-4 from class loader (caller=/data/app/~~2kKfvi0LLLoHZqM-xTm0zA==/com.zebra.soho_app-xaYOkKKBj8UhN6EOAj3Gtw==/base.apk!classes2.dex): ok
10-10 16:05:11.090 E/.zebra.soho_app(14457): No package ID 77 found for ID 0x770b000f.
10-10 16:05:11.091 E/.zebra.soho_app(14457): No package ID 77 found for ID 0x770b000f.
10-10 16:05:11.092 I/FA      (14457): App measurement initialized, version: 104021
10-10 16:05:11.092 I/FA      (14457): To enable debug logging run: adb shell setprop log.tag.FA VERBOSE
10-10 16:05:11.092 I/FA      (14457): To enable faster debug mode event logging run:
10-10 16:05:11.092 I/FA      (14457):   adb shell setprop debug.firebase.analytics.app com.zebra.soho_app
10-10 16:05:11.091 W/.zebra.soho_app(14457): type=1400 audit(0.0:270): avc: denied { read } for name="max_map_count" dev="proc" ino=1433737 scontext=u:r:untrusted_app:s0:c196,c257,c512,c768 tcontext=u:object_r:proc_max_map_count:s0 tclass=file permissive=0 app=com.zebra.soho_app
10-10 16:05:11.098 D/libEGL  (14457): loaded /vendor/lib64/egl/libGLES_mali.so
10-10 16:05:11.105 D/BoundBrokerSvc( 3179): onBind: Intent { act=com.google.android.gms.measurement.START pkg=com.google.android.gms }
10-10 16:05:11.105 D/BoundBrokerSvc( 3179): Loading bound service for intent: Intent { act=com.google.android.gms.measurement.START pkg=com.google.android.gms }
10-10 16:05:11.110 I/A       ( 6407): onPause
10-10 16:05:11.113 D/CompatibilityChangeReporter( 1475): Compat change id reported: 197654537; UID 10108; state: ENABLED
10-10 16:05:11.116 V/ClearcutMetricXmitter( 6407): Transmission is done.
10-10 16:05:11.142 I/FA      (14457): Tag Manager is not found and thus will not be used
10-10 16:05:11.143 D/SessionLifecycleClient(14457): Queued message 1. Queue size 1
10-10 16:05:11.145 D/CompatibilityChangeReporter(14457): Compat change id reported: 237531167; UID 10452; state: DISABLED
10-10 16:05:11.150 D/CompatibilityChangeReporter(14457): Compat change id reported: 194532703; UID 10452; state: ENABLED
10-10 16:05:11.150 D/CompatibilityChangeReporter( 1475): Compat change id reported: 194532703; UID 10452; state: ENABLED
10-10 16:05:11.150 D/CoreBackPreview( 1475): Window{c67f66d u0 com.zebra.soho_app/com.zebra.soho_app.MainActivity}: Setting back callback OnBackInvokedCallbackInfo{mCallback=android.window.IOnBackInvokedCallback$Stub$Proxy@91a8c69, mPriority=0}
10-10 16:05:11.152 D/SessionLifecycleService(14457): Service bound to new client on process 14457
10-10 16:05:11.153 D/SessionLifecycleService(14457): App has not yet foregrounded. Using previously stored session: null
10-10 16:05:11.153 D/SessionLifecycleService(14457): Client android.os.Messenger@1e5ed8e bound at 104213270. Clients: 1
10-10 16:05:11.161 D/FlutterLocationService(14457): Creating service.
10-10 16:05:11.162 D/FlutterLocationService(14457): Binding to location service.
10-10 16:05:11.162 D/SessionLifecycleClient(14457): Connected to SessionLifecycleService. Queue size 1
10-10 16:05:11.163 D/SessionLifecycleClient(14457): Sending lifecycle 1 to service
10-10 16:05:11.163 D/SessionLifecycleService(14457): Activity foregrounding at 104213281.
10-10 16:05:11.163 D/SessionLifecycleService(14457): Cold start detected.
10-10 16:05:11.163 D/SessionLifecycleService(14457): Generated new session 6cfafd7b37334703911070ec9340f7c9
10-10 16:05:11.164 D/SessionLifecycleService(14457): Broadcasting new session: SessionDetails(sessionId=6cfafd7b37334703911070ec9340f7c9, firstSessionId=6cfafd7b37334703911070ec9340f7c9, sessionIndex=0, sessionStartTimestampUs=1728556511163000)
10-10 16:05:11.164 D/SessionFirelogPublisher(14457): Data Collection is enabled for at least one Subscriber
10-10 16:05:11.165 D/EventGDTLogger(14457): Session Event: {"eventType":1,"sessionData":{"sessionId":"6cfafd7b37334703911070ec9340f7c9","firstSessionId":"6cfafd7b37334703911070ec9340f7c9","sessionIndex":0,"eventTimestampUs":1728556511163000,"dataCollectionStatus":{"performance":1,"crashlytics":2,"sessionSamplingRate":1.0},"firebaseInstallationId":"eZBK8Sq6T6a5UXmQ8ZHgVl"},"applicationInfo":{"appId":"1:233946974047:android:204307b4740352c0e598ea","deviceModel":"Pixel 6a","sessionSdkVersion":"1.2.2","osVersion":"13","logEnvironment":3,"androidAppInfo":{"packageName":"com.zebra.soho_app","versionName":"2.0.6714","appBuildVersion":"6714","deviceManufacturer":"Google","currentProcessDetails":{"processName":"com.zebra.soho_app","pid":14457,"importance":100,"defaultProcess":true},"appProcessDetails":[{"processName":"com.zebra.soho_app","pid":14457,"importance":100,"defaultProcess":true}]}}}
10-10 16:05:11.165 D/SessionFirelogPublisher(14457): Successfully logged Session Start event: 6cfafd7b37334703911070ec9340f7c9
10-10 16:05:11.166 D/LocationPlugin(14457): Service connected: ComponentInfo{com.zebra.soho_app/com.lyokone.location.FlutterLocationService}
10-10 16:05:11.173 D/SessionLifecycleClient(14457): Session update received: 6cfafd7b37334703911070ec9340f7c9
10-10 16:05:11.174 D/SessionLifecycleClient(14457): Notified CRASHLYTICS of new session 6cfafd7b37334703911070ec9340f7c9
10-10 16:05:11.176 D/AdvertisingIdClient( 3179): AdvertisingIdClient already created.
10-10 16:05:11.177 I/AdvertisingIdClient( 3179): shouldSendLog 103817373
10-10 16:05:11.177 I/AdvertisingIdClient( 3179): GetInfoInternal elapse 0ms
10-10 16:05:11.182 I/flutter (14457): [2024-10-10 16:05:11.182187] getLocalTokens : access_token: GqBhRt0XLVVhFJif3L1mtLinR3nO
10-10 16:05:11.182 I/flutter (14457): [2024-10-10 16:05:11.182536] getLocalTokens : refresh_token: N0jU2ersy1dVigEfhlnFMxWIyljYDcKZrUJvmnsde4
10-10 16:05:11.182 I/flutter (14457): [2024-10-10 16:05:11.182550] getLocalTokens : id_token: eyJhbGciOiJSUzI1NiIsImtpZCI6IktHMDdOOFNPcFZGQ0gyNUlWYUNBZ3dpS0pWMF9SUzI1NiJ9.eyJzdWIiOiJ6ZWJyYTkwMS5zd2R2dEBnbWFpbC5jb20iLCJhdWQiOiJhcGlnZWVfbW9iaWxlYXBwX21iIiwianRpIjoiNktQSFFkMG8wcTMyZ2M0VE80dElQYyIsImlzcyI6Imh0dHBzOi8vcGkuemVicmEuY29tIiwiaWF0IjoxNzI4NDgxNzI0LCJleHAiOjE3Mjg0ODIwMjQsImF1dGhfdGltZSI6MTcyODQ4MTcyMCwiYWNyIjoiR29vZ2xlX1NvY2lhbF9sb2dpbl9Qb2xpY3kiLCJ6dWlkIjoiOWQ4NzNiMTYtODk0OC00YThiLTg5Y2YtMmIwMjgzNzU0Mjg0IiwicGkuc3JpIjoiMXo3Y1hySG1ia0lEdGRHV2VDNEc2X3FwVHhJLmRYTXRaV0Z6ZEMweSIsInNpZCI6IjF6N2NYckhtYmtJRHRkR1dlQzRHNl9xcFR4SS5kWE10WldGemRDMHkifQ.KjVEqDwHSbYZKFrABFORbiQpNzhMB2OfXg-9jA74knAl9QmtBe6eTiDnq-sORm2qzuFwOI1j-x5a76pcpvP8Tb6sXsbFstjJJwaAPmILujoMTqjc2P-Wq0gFS7GaDIPOh0F1a4hilWqiBcgLzNMyYZR-onE2Aw8gStk1NTEK0C0sXNuJ11mq5Gspzo-4DxWuw-UdzDmjGQWxO9uk2mScTiiqSy2bYBs3HAHg14NdYsfGGPbQ44GkJcn20JMw_7BuXwaEV_3efVkt0xp4ct7hi1LueVUnBFVQZ53T_qZIkIO4eTWVqcPMcCH3rWINHlS0H4KbmXqY3Ad5naVCFhLS7Q
10-10 16:05:11.182 I/flutter (14457): [2024-10-10 16:05:11.182563] getLocalTokens : expires_in: 3209s
10-10 16:05:11.183 I/flutter (14457): [2024-10-10 16:05:11.183397] GRPC_CHANNEL: Network initialised to [ConnectivityResult.wifi]
10-10 16:05:11.183 I/flutter (14457): [2024-10-10 16:05:11.183416] GRPC_CHANNEL: ClientChannel@794559229 created
10-10 16:05:11.183 I/flutter (14457): [2024-10-10 16:05:11.183422] GRPC_CHANNEL: Subscribing to network state changes for ClientChannel@794559229
10-10 16:05:11.184 D/ConnectivityService( 1475): requestNetwork for uid/pid:10452/14457 activeRequest: null callbackRequest: 1095 [NetworkRequest [ REQUEST id=1096, [ Capabilities: INTERNET&NOT_RESTRICTED&TRUSTED&NOT_VCN_MANAGED Uid: 10452 RequestorUid: 10452 RequestorPkg: com.zebra.soho_app UnderlyingNetworks: Null] ]] callback flags: 0 order: 2147483647 isUidTracked: false declaredMethods: 0xffffffff
10-10 16:05:11.184 I/flutter (14457): [2024-10-10 16:05:11.184510] ================  Load  en Localizations  ================
10-10 16:05:11.185 I/flutter (14457): [2024-10-10 16:05:11.185102] ================  Load Localizations  ================
10-10 16:05:11.186 D/WifiNetworkFactory( 1475): got request NetworkRequest [ REQUEST id=1096, [ Capabilities: INTERNET&NOT_RESTRICTED&TRUSTED&NOT_VCN_MANAGED Uid: 10452 RequestorUid: 10452 RequestorPkg: com.zebra.soho_app UnderlyingNetworks: Null] ]
10-10 16:05:11.186 D/UntrustedWifiNetworkFactory( 1475): got request NetworkRequest [ REQUEST id=1096, [ Capabilities: INTERNET&NOT_RESTRICTED&TRUSTED&NOT_VCN_MANAGED Uid: 10452 RequestorUid: 10452 RequestorPkg: com.zebra.soho_app UnderlyingNetworks: Null] ]
10-10 16:05:11.186 I/flutter (14457): [2024-10-10 16:05:11.186745] ================  Load  en Localizations  ================
10-10 16:05:11.186 I/flutter (14457): [2024-10-10 16:05:11.186883] ================  Load Localizations  ================
10-10 16:05:11.187 D/OemPaidWifiNetworkFactory( 1475): got request NetworkRequest [ REQUEST id=1096, [ Capabilities: INTERNET&NOT_RESTRICTED&TRUSTED&NOT_VCN_MANAGED Uid: 10452 RequestorUid: 10452 RequestorPkg: com.zebra.soho_app UnderlyingNetworks: Null] ]
10-10 16:05:11.187 D/MultiInternetWifiNetworkFactory( 1475): got request NetworkRequest [ REQUEST id=1096, [ Capabilities: INTERNET&NOT_RESTRICTED&TRUSTED&NOT_VCN_MANAGED Uid: 10452 RequestorUid: 10452 RequestorPkg: com.zebra.soho_app UnderlyingNetworks: Null] ]
10-10 16:05:11.187 D/ConnectivityService( 1475): NetReassign [1096 : null  102] [c 1] [a 0] [i 2]
10-10 16:05:11.187 I/flutter (14457): [2024-10-10 16:05:11.187492] unary request. timestamp: 2024-10-10 16:05:11.187487 method name: /zsbpportal.ZsbpPortalService/GetCustomerInfo
10-10 16:05:11.189 I/flutter (14457): [2024-10-10 16:05:11.189341] ================  Load Current User  ================
10-10 16:05:11.189 W/NetworkScheduler( 6357): Error inserting flex_time=3222000 job_id=-1 period=6446000 source=16 requires_charging=0 preferred_network_type=1 target_class=com.google.android.gms.measurement.PackageMeasurementTaskService user_id=0 target_package=com.google.android.gms tag=Measurement.PackageMeasurementTaskService.UPLOAD_TASK_TAG task_type=0 required_idleness_state=0 service_kind=0 source_version=243834000 persistence_level=1 preferred_charging_state=1 required_network_type=0 runtime=1728556511188 retry_strategy={"maximum_backoff_seconds":{"3600":0},"initial_backoff_seconds":{"30":0},"retry_policy":{"0":0}} last_runtime=0 [CONTEXT service_id=218 ]
10-10 16:05:11.189 W/NetworkScheduler( 6357): android.database.sqlite.SQLiteConstraintException: UNIQUE constraint failed: pending_ops.tag, pending_ops.target_class, pending_ops.target_package, pending_ops.user_id (code 2067 SQLITE_CONSTRAINT_UNIQUE)
10-10 16:05:11.189 W/NetworkScheduler( 6357): 	at android.database.sqlite.SQLiteConnection.nativeExecuteForLastInsertedRowId(Native Method)
10-10 16:05:11.189 W/NetworkScheduler( 6357): 	at android.database.sqlite.SQLiteConnection.executeForLastInsertedRowId(SQLiteConnection.java:961)
10-10 16:05:11.189 W/NetworkScheduler( 6357): 	at android.database.sqlite.SQLiteSession.executeForLastInsertedRowId(SQLiteSession.java:790)
10-10 16:05:11.189 W/NetworkScheduler( 6357): 	at android.database.sqlite.SQLiteStatement.executeInsert(SQLiteStatement.java:89)
10-10 16:05:11.189 W/NetworkScheduler( 6357): 	at android.database.sqlite.SQLiteDatabase.insertWithOnConflict(SQLiteDatabase.java:1868)
10-10 16:05:11.189 W/NetworkScheduler( 6357): 	at android.database.sqlite.SQLiteDatabase.insertOrThrow(SQLiteDatabase.java:1763)
10-10 16:05:11.189 W/NetworkScheduler( 6357): 	at dftk.d(:com.google.android.gms@243834029@24.38.34 (190400-681941525):727)
10-10 16:05:11.189 W/NetworkScheduler( 6357): 	at dfqw.n(:com.google.android.gms@243834029@24.38.34 (190400-681941525):29)
10-10 16:05:11.189 W/NetworkScheduler( 6357): 	at dfqw.u(:com.google.android.gms@243834029@24.38.34 (190400-681941525):360)
10-10 16:05:11.189 W/NetworkScheduler( 6357): 	at dfqw.h(:com.google.android.gms@243834029@24.38.34 (190400-681941525):51)
10-10 16:05:11.189 W/NetworkScheduler( 6357): 	at dflq.run(:com.google.android.gms@243834029@24.38.34 (190400-681941525):72)
10-10 16:05:11.189 W/NetworkScheduler( 6357): 	at anih.c(:com.google.android.gms@243834029@24.38.34 (190400-681941525):50)
10-10 16:05:11.189 W/NetworkScheduler( 6357): 	at anih.run(:com.google.android.gms@243834029@24.38.34 (190400-681941525):76)
10-10 16:05:11.189 W/NetworkScheduler( 6357): 	at java.util.concurrent.ThreadPoolExecutor.runWorker(ThreadPoolExecutor.java:1145)
10-10 16:05:11.189 W/NetworkScheduler( 6357): 	at java.util.concurrent.ThreadPoolExecutor$Worker.run(ThreadPoolExecutor.java:644)
10-10 16:05:11.189 W/NetworkScheduler( 6357): 	at anns.run(:com.google.android.gms@243834029@24.38.34 (190400-681941525):8)
10-10 16:05:11.189 W/NetworkScheduler( 6357): 	at java.lang.Thread.run(Thread.java:1012)
10-10 16:05:11.189 I/flutter (14457): [2024-10-10 16:05:11.189391] unary request. timestamp: 2024-10-10 16:05:11.189388 method name: /zsbpportal.ZsbpPortalService/GetCustomerInfo
10-10 16:05:11.189 I/flutter (14457): [2024-10-10 16:05:11.189729] initState #1
10-10 16:05:11.189 I/flutter (14457): [2024-10-10 16:05:11.189796] initState #2
10-10 16:05:11.192 I/flutter (14457): [2024-10-10 16:05:11.192797] GRPC_CHANNEL: Network state changed for ClientChannel@794559229 from ConnectionState.idle to ConnectionState.connecting
10-10 16:05:11.195 I/hwservicemanager(  392): getTransport: Cannot find entry android.hardware.graphics.allocator@4.0::IAllocator/default in either framework or device VINTF manifest.
10-10 16:05:11.195 I/servicemanager(  391): Found android.hardware.graphics.allocator.IAllocator/default in device VINTF manifest.
10-10 16:05:11.223 E/SurfaceSyncer(14457): Failed to find sync for id=0
10-10 16:05:11.235 I/ActivityTaskManager( 1475): Displayed com.zebra.soho_app/.MainActivity: +233ms
10-10 16:05:11.235 I/ActivityTaskManager( 1475): Fully drawn com.zebra.soho_app/.MainActivity: +233ms
10-10 16:05:11.243 D/CompatibilityChangeReporter( 1475): Compat change id reported: 214016041; UID 10452; state: ENABLED
10-10 16:05:11.246 I/GoogleInputMethodService(31583): GoogleInputMethodService.onFinishInput():3122 
10-10 16:05:11.247 I/GoogleInputMethodService(31583): GoogleInputMethodService.updateDeviceLockedStatus():2193 repeatCheckTimes = 0, locked = false
10-10 16:05:11.248 I/GoogleInputMethodService(31583): GoogleInputMethodService.onStartInput():1937 onStartInput(EditorInfo{EditorInfo{packageName=com.zebra.soho_app, inputType=0, inputTypeString=NULL, enableLearning=false, autoCorrection=false, autoComplete=false, imeOptions=0, privateImeOptions=null, actionName=UNSPECIFIED, actionLabel=null, initialSelStart=-1, initialSelEnd=-1, initialCapsMode=0, label=null, fieldId=-1, fieldName=null, extras=null, hintText=null, hintLocales=[]}}, false)
10-10 16:05:11.248 I/GoogleInputMethodService(31583): GoogleInputMethodService.updateDeviceLockedStatus():2193 repeatCheckTimes = 1, locked = false
10-10 16:05:11.249 I/AndroidIME(31583): InputBundleManager.loadActiveInputBundleId():450 loadActiveInputBundleId: und-Latn-x-password, password
10-10 16:05:11.285 I/flutter (14457): [2024-10-10 16:05:11.285376] GRPC_CHANNEL ---- _handleNetworkChange ----
10-10 16:05:11.285 I/flutter (14457): [2024-10-10 16:05:11.285437] GRPC_CHANNEL: Initial network change from [ConnectivityResult.wifi] to [ConnectivityResult.wifi]
10-10 16:05:11.286 I/flutter (14457): [2024-10-10 16:05:11.286985] GRPC_CHANNEL ---- _handleNetworkChange ----
10-10 16:05:11.287 I/flutter (14457): [2024-10-10 16:05:11.287252] GRPC_CHANNEL ---- _handleNetworkChange ----
10-10 16:05:11.287 I/flutter (14457): [2024-10-10 16:05:11.287277] GRPC_CHANNEL: Network changed, but too many requests within 300ms, ignoring the previous one}
10-10 16:05:11.317 I/clouddpc(32109): [EventLogManagerImpl.kt:logMessage:1641] Event logged: JobExecuting details: [details=HealthCheckJobService 27] metadata: [isNetworkConnected=true]
10-10 16:05:11.320 I/clouddpc(32109): [HealthCheckJob.kt:maybeFixStates:189] Current state: hasSetupStarted=false wasDeviceEverCompliant=false hasSetupFinished=false
10-10 16:05:11.321 I/dpcsupport(32109): Enabled application restrictions proxy.
10-10 16:05:11.334 I/A       ( 6407): onStop
10-10 16:05:11.418 I/WifiHAL ( 1047): Creating message to get link statistics; iface = 47
10-10 16:05:11.470 I/WifiHAL ( 1047): In GetLinkStatsCommand::handleResponse
10-10 16:05:11.478 D/TrafficStats(14196): tagSocket(5) with statsTag=0xffffffff, statsUid=-1
10-10 16:05:11.481 D/TrafficStats(14196): tagSocket(78) with statsTag=0xffffffff, statsUid=-1
10-10 16:05:11.483 D/TrafficStats(14196): tagSocket(79) with statsTag=0xffffffff, statsUid=-1
10-10 16:05:11.483 D/TrafficStats(14196): tagSocket(80) with statsTag=0xffffffff, statsUid=-1
10-10 16:05:11.491 D/TrafficStats(14196): tagSocket(81) with statsTag=0xffffffff, statsUid=-1
10-10 16:05:11.497 D/ConnectivityService( 1475): NetReassign [no changes] [c 0] [a 0] [i 2]
10-10 16:05:11.527 D/TrafficStats(14196): tagSocket(82) with statsTag=0xffffffff, statsUid=-1
10-10 16:05:11.535 W/AccessibilityManagerService( 1475):  wait for adding window timeout: 408
10-10 16:05:11.588 I/flutter (14457): [2024-10-10 16:05:11.588448] GRPC_CHANNEL: Network changed from [ConnectivityResult.wifi] to [ConnectivityResult.wifi]
10-10 16:05:11.588 I/flutter (14457): [2024-10-10 16:05:11.588592] GRPC_CHANNEL: Network changed, but platform is not iOS, not changing it
10-10 16:05:11.597 D/CoreBackPreview( 1475): Window{747215c u0 Splash Screen com.zebra.soho_app EXITING}: Setting back callback null
10-10 16:05:11.598 W/InputManager-JNI( 1475): Input channel object '747215c Splash Screen com.zebra.soho_app (client)' was disposed without first being removed with the input manager!
10-10 16:05:11.648 I/FontLog ( 6357): (REDACTED) Received query %s, URI %s
10-10 16:05:11.648 I/FontLog ( 6357): (REDACTED) Query [%s] resolved to %s
10-10 16:05:11.649 I/FontLog ( 6357): (REDACTED) Fetch %s end status %s
10-10 16:05:11.650 I/FontLog ( 6357): (REDACTED) Pulling font file for id = %d, cache size = %d
10-10 16:05:11.652 I/FontLog ( 6357): (REDACTED) Pulling font file for id = %d, cache size = %d
10-10 16:05:11.894 I/flutter (14457): [2024-10-10 16:05:11.894735] GRPC_CHANNEL: Network state changed for ClientChannel@794559229 from ConnectionState.connecting to ConnectionState.ready
10-10 16:05:11.894 I/flutter (14457): [2024-10-10 16:05:11.894872] getLocalTokens : access_token: GqBhRt0XLVVhFJif3L1mtLinR3nO
10-10 16:05:11.894 I/flutter (14457): [2024-10-10 16:05:11.894930] getLocalTokens : refresh_token: N0jU2ersy1dVigEfhlnFMxWIyljYDcKZrUJvmnsde4
10-10 16:05:11.895 I/flutter (14457): [2024-10-10 16:05:11.894976] getLocalTokens : id_token: eyJhbGciOiJSUzI1NiIsImtpZCI6IktHMDdOOFNPcFZGQ0gyNUlWYUNBZ3dpS0pWMF9SUzI1NiJ9.eyJzdWIiOiJ6ZWJyYTkwMS5zd2R2dEBnbWFpbC5jb20iLCJhdWQiOiJhcGlnZWVfbW9iaWxlYXBwX21iIiwianRpIjoiNktQSFFkMG8wcTMyZ2M0VE80dElQYyIsImlzcyI6Imh0dHBzOi8vcGkuemVicmEuY29tIiwiaWF0IjoxNzI4NDgxNzI0LCJleHAiOjE3Mjg0ODIwMjQsImF1dGhfdGltZSI6MTcyODQ4MTcyMCwiYWNyIjoiR29vZ2xlX1NvY2lhbF9sb2dpbl9Qb2xpY3kiLCJ6dWlkIjoiOWQ4NzNiMTYtODk0OC00YThiLTg5Y2YtMmIwMjgzNzU0Mjg0IiwicGkuc3JpIjoiMXo3Y1hySG1ia0lEdGRHV2VDNEc2X3FwVHhJLmRYTXRaV0Z6ZEMweSIsInNpZCI6IjF6N2NYckhtYmtJRHRkR1dlQzRHNl9xcFR4SS5kWE10WldGemRDMHkifQ.KjVEqDwHSbYZKFrABFORbiQpNzhMB2OfXg-9jA74knAl9QmtBe6eTiDnq-sORm2qzuFwOI1j-x5a76pcpvP8Tb6sXsbFstjJJwaAPmILujoMTqjc2P-Wq0gFS7GaDIPOh0F1a4hilWqiBcgLzNMyYZR-onE2Aw8gStk1NTEK0C0sXNuJ11mq5Gspzo-4DxWuw-UdzDmjGQWxO9uk2mScTiiqSy2bYBs3HAHg14NdYsfGGPbQ44GkJcn20JMw_7BuXwaEV_3efVkt0xp4ct7hi1LueVUnBFVQZ53T_qZIkIO4eTWVqcPMcCH3rWINHlS0H4KbmXqY3Ad5naVCFhLS7Q
10-10 16:05:11.895 I/flutter (14457): [2024-10-10 16:05:11.895029] getLocalTokens : expires_in: 3208s
10-10 16:05:11.895 I/flutter (14457): [2024-10-10 16:05:11.895094] verify: GqBhRt0XLVVhFJif3L1mtLinR3nO
10-10 16:05:11.896 I/flutter (14457): [2024-10-10 16:05:11.896542] getLocalTokens : access_token: GqBhRt0XLVVhFJif3L1mtLinR3nO
10-10 16:05:11.896 I/flutter (14457): [2024-10-10 16:05:11.896622] getLocalTokens : refresh_token: N0jU2ersy1dVigEfhlnFMxWIyljYDcKZrUJvmnsde4
10-10 16:05:11.896 I/flutter (14457): [2024-10-10 16:05:11.896659] getLocalTokens : id_token: eyJhbGciOiJSUzI1NiIsImtpZCI6IktHMDdOOFNPcFZGQ0gyNUlWYUNBZ3dpS0pWMF9SUzI1NiJ9.eyJzdWIiOiJ6ZWJyYTkwMS5zd2R2dEBnbWFpbC5jb20iLCJhdWQiOiJhcGlnZWVfbW9iaWxlYXBwX21iIiwianRpIjoiNktQSFFkMG8wcTMyZ2M0VE80dElQYyIsImlzcyI6Imh0dHBzOi8vcGkuemVicmEuY29tIiwiaWF0IjoxNzI4NDgxNzI0LCJleHAiOjE3Mjg0ODIwMjQsImF1dGhfdGltZSI6MTcyODQ4MTcyMCwiYWNyIjoiR29vZ2xlX1NvY2lhbF9sb2dpbl9Qb2xpY3kiLCJ6dWlkIjoiOWQ4NzNiMTYtODk0OC00YThiLTg5Y2YtMmIwMjgzNzU0Mjg0IiwicGkuc3JpIjoiMXo3Y1hySG1ia0lEdGRHV2VDNEc2X3FwVHhJLmRYTXRaV0Z6ZEMweSIsInNpZCI6IjF6N2NYckhtYmtJRHRkR1dlQzRHNl9xcFR4SS5kWE10WldGemRDMHkifQ.KjVEqDwHSbYZKFrABFORbiQpNzhMB2OfXg-9jA74knAl9QmtBe6eTiDnq-sORm2qzuFwOI1j-x5a76pcpvP8Tb6sXsbFstjJJwaAPmILujoMTqjc2P-Wq0gFS7GaDIPOh0F1a4hilWqiBcgLzNMyYZR-onE2Aw8gStk1NTEK0C0sXNuJ11mq5Gspzo-4DxWuw-UdzDmjGQWxO9uk2mScTiiqSy2bYBs3HAHg14NdYsfGGPbQ44GkJcn20JMw_7BuXwaEV_3efVkt0xp4ct7hi1LueVUnBFVQZ53T_qZIkIO4eTWVqcPMcCH3rWINHlS0H4KbmXqY3Ad5naVCFhLS7Q
10-10 16:05:11.896 I/flutter (14457): [2024-10-10 16:05:11.896705] getLocalTokens : expires_in: 3208s
10-10 16:05:11.896 I/flutter (14457): [2024-10-10 16:05:11.896744] verify: GqBhRt0XLVVhFJif3L1mtLinR3nO
10-10 16:05:11.961 W/JobInfo ( 1475): Requested flex +57m36s0ms for job 100326 is too small; raising to +1h12m0s0ms
10-10 16:05:12.703 D/TrafficStats(14196): tagSocket(5) with statsTag=0xffffffff, statsUid=-1
10-10 16:05:12.706 D/TrafficStats(14196): tagSocket(78) with statsTag=0xffffffff, statsUid=-1
10-10 16:05:12.722 D/TrafficStats(14196): tagSocket(79) with statsTag=0xffffffff, statsUid=-1
10-10 16:05:12.727 D/TrafficStats(14196): tagSocket(80) with statsTag=0xffffffff, statsUid=-1
10-10 16:05:12.729 D/TrafficStats(14196): tagSocket(81) with statsTag=0xffffffff, statsUid=-1
10-10 16:05:12.730 D/TrafficStats(14196): tagSocket(82) with statsTag=0xffffffff, statsUid=-1
10-10 16:05:13.404 I/flutter (14457): [2024-10-10 16:05:13.404307] Getting user data...
10-10 16:05:13.435 I/flutter (14457): [2024-10-10 16:05:13.435692] Getting user data...
10-10 16:05:13.796 D/TrafficStats(14196): tagSocket(5) with statsTag=0xffffffff, statsUid=-1
10-10 16:05:13.798 D/TrafficStats(14196): tagSocket(78) with statsTag=0xffffffff, statsUid=-1
10-10 16:05:13.801 D/TrafficStats(14196): tagSocket(79) with statsTag=0xffffffff, statsUid=-1
10-10 16:05:13.809 D/TrafficStats(14196): tagSocket(80) with statsTag=0xffffffff, statsUid=-1
10-10 16:05:13.811 D/TrafficStats(14196): tagSocket(81) with statsTag=0xffffffff, statsUid=-1
10-10 16:05:13.814 D/TrafficStats(14196): tagSocket(82) with statsTag=0xffffffff, statsUid=-1
10-10 16:05:14.500 I/WifiHAL ( 1047): Creating message to get link statistics; iface = 47
10-10 16:05:14.554 I/WifiHAL ( 1047): In GetLinkStatsCommand::handleResponse
10-10 16:05:14.597 D/ConnectivityService( 1475): NetReassign [no changes] [c 0] [a 1] [i 9]
10-10 16:05:14.874 D/TrafficStats(14196): tagSocket(5) with statsTag=0xffffffff, statsUid=-1
10-10 16:05:14.879 D/TrafficStats(14196): tagSocket(78) with statsTag=0xffffffff, statsUid=-1
10-10 16:05:14.880 D/TrafficStats(14196): tagSocket(79) with statsTag=0xffffffff, statsUid=-1
10-10 16:05:14.907 D/TrafficStats(14196): tagSocket(80) with statsTag=0xffffffff, statsUid=-1
10-10 16:05:14.909 D/TrafficStats(14196): tagSocket(81) with statsTag=0xffffffff, statsUid=-1
10-10 16:05:14.910 D/TrafficStats(14196): tagSocket(82) with statsTag=0xffffffff, statsUid=-1
10-10 16:05:15.563 I/flutter (14457): [2024-10-10 16:05:15.563382] 200result: {"zuid":"9d873b16-8948-4a8b-89cf-2b0283754284","zipCode":"","workflowRequestId":"ZBRVUS000-580f6bfb-6e90-4af1-be12-d17e63282b7a","userType":"customer","userStatus":"ACTIVE","userId":"zebra901.swdvt@gmail.com","title":"","timeZone":"","street":"","status":"Success","state":"","sfdcAccountNumber":"","responseText":"User exist ref_code:ZBRVUS000-580f6bfb-6e90-4af1-be12-d17e63282b7a","responseCode":"ZBRVUS000","requestId":"","requesterId":null,"region":"","preferredLanguage":null,"phoneType":null,"phoneNumber":"","personType":null,"passwordExpiredFlagStatus":"false","password":null,"partnerProgram":"","partnerCategory":"","optoutCommunication":"No","linkedAccounts":"{Id=0273472e-5b1d-4898-84a7-6024724239f3, Name=GOOGLE}","lastName":"Test","firstName":"Zebra","faxNumber":"","emailId":"ZEBRA901.SWDVT@GMAIL.COM","country":"USA","company":"","city":"","appRequest":"","appProv":"ZEMB:NONE","alternatePhoneType":"","alternatePhoneNumber":"","activeStatus":null,"accountNumber":"",
10-10 16:05:15.563 I/flutter (14457): [2024-10-10 16:05:15.563739] eula: setting eula to 1
10-10 16:05:15.563 I/flutter (14457): [2024-10-10 16:05:15.563770] eula: setting eula to 1
10-10 16:05:15.564 I/flutter (14457): [2024-10-10 16:05:15.564744] 200result: {"zuid":"9d873b16-8948-4a8b-89cf-2b0283754284","zipCode":"","workflowRequestId":"ZBRVUS000-661a54a7-a3f0-47eb-bf74-a79249196f04","userType":"customer","userStatus":"ACTIVE","userId":"zebra901.swdvt@gmail.com","title":"","timeZone":"","street":"","status":"Success","state":"","sfdcAccountNumber":"","responseText":"User exist ref_code:ZBRVUS000-661a54a7-a3f0-47eb-bf74-a79249196f04","responseCode":"ZBRVUS000","requestId":"","requesterId":null,"region":"","preferredLanguage":null,"phoneType":null,"phoneNumber":"","personType":null,"passwordExpiredFlagStatus":"false","password":null,"partnerProgram":"","partnerCategory":"","optoutCommunication":"No","linkedAccounts":"{Id=0273472e-5b1d-4898-84a7-6024724239f3, Name=GOOGLE}","lastName":"Test","firstName":"Zebra","faxNumber":"","emailId":"ZEBRA901.SWDVT@GMAIL.COM","country":"USA","company":"","city":"","appRequest":"","appProv":"ZEMB:NONE","alternatePhoneType":"","alternatePhoneNumber":"","activeStatus":null,"accountNumber":"",
10-10 16:05:15.564 I/flutter (14457): [2024-10-10 16:05:15.564947] setting user to User: { id: a73ff158-aeb4-483c-ba21-5829038110e2, name: Zebra Test, email: zebra901.swdvt@gmail.com, token: GqBhRt0XLVVhFJif3L1mtLinR3nO, zuid: 9d873b16-8948-4a8b-89cf-2b0283754284, country: USA, eulaAcceptedVersion: 1, linkedAccounts: {Id=0273472e-5b1d-4898-84a7-6024724239f3, Name=GOOGLE} }
10-10 16:05:15.565 I/flutter (14457): [2024-10-10 16:05:15.564996] user: User: { id: a73ff158-aeb4-483c-ba21-5829038110e2, name: Zebra Test, email: zebra901.swdvt@gmail.com, token: GqBhRt0XLVVhFJif3L1mtLinR3nO, zuid: 9d873b16-8948-4a8b-89cf-2b0283754284, country: USA, eulaAcceptedVersion: 1, linkedAccounts: {Id=0273472e-5b1d-4898-84a7-6024724239f3, Name=GOOGLE} }
10-10 16:05:15.565 I/flutter (14457): [2024-10-10 16:05:15.565644] unary request. timestamp: 2024-10-10 16:05:15.565631 method name: /zsbpportal.ZsbpPortalService/ListWorkspaces
10-10 16:05:15.565 I/flutter (14457): [2024-10-10 16:05:15.565884] getLocalTokens : access_token: GqBhRt0XLVVhFJif3L1mtLinR3nO
10-10 16:05:15.565 I/flutter (14457): [2024-10-10 16:05:15.565902] getLocalTokens : refresh_token: N0jU2ersy1dVigEfhlnFMxWIyljYDcKZrUJvmnsde4
10-10 16:05:15.565 I/flutter (14457): [2024-10-10 16:05:15.565916] getLocalTokens : id_token: eyJhbGciOiJSUzI1NiIsImtpZCI6IktHMDdOOFNPcFZGQ0gyNUlWYUNBZ3dpS0pWMF9SUzI1NiJ9.eyJzdWIiOiJ6ZWJyYTkwMS5zd2R2dEBnbWFpbC5jb20iLCJhdWQiOiJhcGlnZWVfbW9iaWxlYXBwX21iIiwianRpIjoiNktQSFFkMG8wcTMyZ2M0VE80dElQYyIsImlzcyI6Imh0dHBzOi8vcGkuemVicmEuY29tIiwiaWF0IjoxNzI4NDgxNzI0LCJleHAiOjE3Mjg0ODIwMjQsImF1dGhfdGltZSI6MTcyODQ4MTcyMCwiYWNyIjoiR29vZ2xlX1NvY2lhbF9sb2dpbl9Qb2xpY3kiLCJ6dWlkIjoiOWQ4NzNiMTYtODk0OC00YThiLTg5Y2YtMmIwMjgzNzU0Mjg0IiwicGkuc3JpIjoiMXo3Y1hySG1ia0lEdGRHV2VDNEc2X3FwVHhJLmRYTXRaV0Z6ZEMweSIsInNpZCI6IjF6N2NYckhtYmtJRHRkR1dlQzRHNl9xcFR4SS5kWE10WldGemRDMHkifQ.KjVEqDwHSbYZKFrABFORbiQpNzhMB2OfXg-9jA74knAl9QmtBe6eTiDnq-sORm2qzuFwOI1j-x5a76pcpvP8Tb6sXsbFstjJJwaAPmILujoMTqjc2P-Wq0gFS7GaDIPOh0F1a4hilWqiBcgLzNMyYZR-onE2Aw8gStk1NTEK0C0sXNuJ11mq5Gspzo-4DxWuw-UdzDmjGQWxO9uk2mScTiiqSy2bYBs3HAHg14NdYsfGGPbQ44GkJcn20JMw_7BuXwaEV_3efVkt0xp4ct7hi1LueVUnBFVQZ53T_qZIkIO4eTWVqcPMcCH3rWINHlS0H4KbmXqY3Ad5naVCFhLS7Q
10-10 16:05:15.565 I/flutter (14457): [2024-10-10 16:05:15.565936] getLocalTokens : expires_in: 3205s
10-10 16:05:15.565 I/flutter (14457): [2024-10-10 16:05:15.565953] verify: GqBhRt0XLVVhFJif3L1mtLinR3nO
10-10 16:05:15.601 I/flutter (14457): [2024-10-10 16:05:15.601149] initState #3
10-10 16:05:15.602 I/flutter (14457): [2024-10-10 16:05:15.602] ================  Subscribing to lifecycle  ================
10-10 16:05:15.602 I/flutter (14457): [2024-10-10 16:05:15.602212] initState #4
10-10 16:05:15.651 I/flutter (14457): Null check operator used on a null value
10-10 16:05:15.651 I/flutter (14457): #0      PrintersState.init (package:soho_app/state/printers_state.dart:125)
10-10 16:05:15.651 I/flutter (14457): <asynchronous suspension>
10-10 16:05:15.654 I/flutter (14457): [2024-10-10 16:05:15.654234] ================  Subscribe For Notifications  ================
10-10 16:05:15.654 I/flutter (14457): [2024-10-10 16:05:15.654289] Resubscribe stream: new
10-10 16:05:15.654 I/flutter (14457): [2024-10-10 16:05:15.654319] null has ResubscribeStream@: 478115780
10-10 16:05:15.654 I/flutter (14457): [2024-10-10 16:05:15.654358] ResubscribeStream init@478115780
10-10 16:05:15.654 I/flutter (14457): [2024-10-10 16:05:15.654373] ResubscribeStream: Network connected and User logged in, resubscribing object ResubscribeStream@478115780
10-10 16:05:15.654 I/flutter (14457): [2024-10-10 16:05:15.654391] ResubscribeStream: Subscribing object ResubscribeStream@478115780
10-10 16:05:15.654 I/flutter (14457): [2024-10-10 16:05:15.654422] stream request. timestamp: 2024-10-10 16:05:15.654418 method name: /zsbpportal.ZsbpPortalService/Notifications
10-10 16:05:15.654 I/flutter (14457): [2024-10-10 16:05:15.654599] getLocalTokens : access_token: GqBhRt0XLVVhFJif3L1mtLinR3nO
10-10 16:05:15.654 I/flutter (14457): [2024-10-10 16:05:15.654617] getLocalTokens : refresh_token: N0jU2ersy1dVigEfhlnFMxWIyljYDcKZrUJvmnsde4
10-10 16:05:15.654 I/flutter (14457): [2024-10-10 16:05:15.654634] getLocalTokens : id_token: eyJhbGciOiJSUzI1NiIsImtpZCI6IktHMDdOOFNPcFZGQ0gyNUlWYUNBZ3dpS0pWMF9SUzI1NiJ9.eyJzdWIiOiJ6ZWJyYTkwMS5zd2R2dEBnbWFpbC5jb20iLCJhdWQiOiJhcGlnZWVfbW9iaWxlYXBwX21iIiwianRpIjoiNktQSFFkMG8wcTMyZ2M0VE80dElQYyIsImlzcyI6Imh0dHBzOi8vcGkuemVicmEuY29tIiwiaWF0IjoxNzI4NDgxNzI0LCJleHAiOjE3Mjg0ODIwMjQsImF1dGhfdGltZSI6MTcyODQ4MTcyMCwiYWNyIjoiR29vZ2xlX1NvY2lhbF9sb2dpbl9Qb2xpY3kiLCJ6dWlkIjoiOWQ4NzNiMTYtODk0OC00YThiLTg5Y2YtMmIwMjgzNzU0Mjg0IiwicGkuc3JpIjoiMXo3Y1hySG1ia0lEdGRHV2VDNEc2X3FwVHhJLmRYTXRaV0Z6ZEMweSIsInNpZCI6IjF6N2NYckhtYmtJRHRkR1dlQzRHNl9xcFR4SS5kWE10WldGemRDMHkifQ.KjVEqDwHSbYZKFrABFORbiQpNzhMB2OfXg-9jA74knAl9QmtBe6eTiDnq-sORm2qzuFwOI1j-x5a76pcpvP8Tb6sXsbFstjJJwaAPmILujoMTqjc2P-Wq0gFS7GaDIPOh0F1a4hilWqiBcgLzNMyYZR-onE2Aw8gStk1NTEK0C0sXNuJ11mq5Gspzo-4DxWuw-UdzDmjGQWxO9uk2mScTiiqSy2bYBs3HAHg14NdYsfGGPbQ44GkJcn20JMw_7BuXwaEV_3efVkt0xp4ct7hi1LueVUnBFVQZ53T_qZIkIO4eTWVqcPMcCH3rWINHlS0H4KbmXqY3Ad5naVCFhLS7Q
10-10 16:05:15.654 I/flutter (14457): [2024-10-10 16:05:15.654657] getLocalTokens : expires_in: 3205s
10-10 16:05:15.654 I/flutter (14457): [2024-10-10 16:05:15.654676] verify: GqBhRt0XLVVhFJif3L1mtLinR3nO
10-10 16:05:15.964 D/TrafficStats(14196): tagSocket(5) with statsTag=0xffffffff, statsUid=-1
10-10 16:05:15.975 D/TrafficStats(14196): tagSocket(78) with statsTag=0xffffffff, statsUid=-1
10-10 16:05:16.003 D/TrafficStats(14196): tagSocket(79) with statsTag=0xffffffff, statsUid=-1
10-10 16:05:16.005 D/TrafficStats(14196): tagSocket(80) with statsTag=0xffffffff, statsUid=-1
10-10 16:05:16.008 D/TrafficStats(14196): tagSocket(81) with statsTag=0xffffffff, statsUid=-1
10-10 16:05:16.010 D/TrafficStats(14196): tagSocket(82) with statsTag=0xffffffff, statsUid=-1
10-10 16:05:16.176 I/flutter (14457): [2024-10-10 16:05:16.176050] unary request. timestamp: 2024-10-10 16:05:16.176012 method name: /zsbpportal.ZsbpPortalService/ListPrinters
10-10 16:05:16.176 I/flutter (14457): [2024-10-10 16:05:16.176568] getLocalTokens : access_token: GqBhRt0XLVVhFJif3L1mtLinR3nO
10-10 16:05:16.176 I/flutter (14457): [2024-10-10 16:05:16.176615] getLocalTokens : refresh_token: N0jU2ersy1dVigEfhlnFMxWIyljYDcKZrUJvmnsde4
10-10 16:05:16.176 I/flutter (14457): [2024-10-10 16:05:16.176646] getLocalTokens : id_token: eyJhbGciOiJSUzI1NiIsImtpZCI6IktHMDdOOFNPcFZGQ0gyNUlWYUNBZ3dpS0pWMF9SUzI1NiJ9.eyJzdWIiOiJ6ZWJyYTkwMS5zd2R2dEBnbWFpbC5jb20iLCJhdWQiOiJhcGlnZWVfbW9iaWxlYXBwX21iIiwianRpIjoiNktQSFFkMG8wcTMyZ2M0VE80dElQYyIsImlzcyI6Imh0dHBzOi8vcGkuemVicmEuY29tIiwiaWF0IjoxNzI4NDgxNzI0LCJleHAiOjE3Mjg0ODIwMjQsImF1dGhfdGltZSI6MTcyODQ4MTcyMCwiYWNyIjoiR29vZ2xlX1NvY2lhbF9sb2dpbl9Qb2xpY3kiLCJ6dWlkIjoiOWQ4NzNiMTYtODk0OC00YThiLTg5Y2YtMmIwMjgzNzU0Mjg0IiwicGkuc3JpIjoiMXo3Y1hySG1ia0lEdGRHV2VDNEc2X3FwVHhJLmRYTXRaV0Z6ZEMweSIsInNpZCI6IjF6N2NYckhtYmtJRHRkR1dlQzRHNl9xcFR4SS5kWE10WldGemRDMHkifQ.KjVEqDwHSbYZKFrABFORbiQpNzhMB2OfXg-9jA74knAl9QmtBe6eTiDnq-sORm2qzuFwOI1j-x5a76pcpvP8Tb6sXsbFstjJJwaAPmILujoMTqjc2P-Wq0gFS7GaDIPOh0F1a4hilWqiBcgLzNMyYZR-onE2Aw8gStk1NTEK0C0sXNuJ11mq5Gspzo-4DxWuw-UdzDmjGQWxO9uk2mScTiiqSy2bYBs3HAHg14NdYsfGGPbQ44GkJcn20JMw_7BuXwaEV_3efVkt0xp4ct7hi1LueVUnBFVQZ53T_qZIkIO4eTWVqcPMcCH3rWINHlS0H4KbmXqY3Ad5naVCFhLS7Q
10-10 16:05:16.176 I/flutter (14457): [2024-10-10 16:05:16.176695] getLocalTokens : expires_in: 3204s
10-10 16:05:16.176 I/flutter (14457): [2024-10-10 16:05:16.176734] verify: GqBhRt0XLVVhFJif3L1mtLinR3nO
10-10 16:05:16.272 I/flutter (14457): [2024-10-10 16:05:16.272131] ____________________________________________________________
10-10 16:05:16.272 I/flutter (14457): [2024-10-10 16:05:16.272392] 
10-10 16:05:16.272 I/flutter (14457): *** Notification: 
10-10 16:05:16.272 I/flutter (14457):  id: 01J9TZYEQJSDGSS56WP4P1JEWD
10-10 16:05:16.272 I/flutter (14457): customerId: a73ff158-aeb4-483c-ba21-5829038110e2
10-10 16:05:16.272 I/flutter (14457): type: PORTAL_EVENT
10-10 16:05:16.272 I/flutter (14457): action: REGISTERED
10-10 16:05:16.272 I/flutter (14457): subject: NOTIFICATIONS
10-10 16:05:16.272 I/flutter (14457): created: {
10-10 16:05:16.272 I/flutter (14457):   seconds: 1728556514
10-10 16:05:16.272 I/flutter (14457):   nanos: 34150959
10-10 16:05:16.272 I/flutter (14457): }
10-10 16:05:16.272 I/flutter (14457): ***
10-10 16:05:16.272 D/ProfileInstaller(14457): Skipping profile installation for com.zebra.soho_app
10-10 16:05:16.272 I/flutter (14457): [2024-10-10 16:05:16.272476] NOTIFICATIONS: Registered
10-10 16:05:16.796 D/BoundBrokerSvc( 3179): onUnbind: Intent { act=com.google.android.gms.wallet.service.BIND pkg=com.google.android.gms }
10-10 16:05:16.811 I/flutter (14457): [2024-10-10 16:05:16.811206] [{ id: DCJ224400016CC47515DD7B11C0D01233917F9758F20DE, sn: DCJ224400016CC47515DD7B11C0D01233917F9758F20DE, name: ZSB-DP12, wlanStrength: 100, wlanName: NESTWIFI, wlanIP: 192.168.86.204 }]
10-10 16:05:16.811 I/BistoHotwordHelper( 3140): (REDACTED) getHotwordActive::active query: %s, watch: %s, devices connected: %s
10-10 16:05:16.816 I/flutter (14457): [2024-10-10 16:05:16.816645] unary request. timestamp: 2024-10-10 16:05:16.816615 method name: /zsbpportal.ZsbpPortalService/ListPrinters
10-10 16:05:16.816 I/flutter (14457): [2024-10-10 16:05:16.816897] Resubscribe stream: new
10-10 16:05:16.816 I/flutter (14457): [2024-10-10 16:05:16.816947] printers_state has ResubscribeStream@: 935375795
10-10 16:05:16.816 I/flutter (14457): [2024-10-10 16:05:16.816985] ResubscribeStream init@935375795
10-10 16:05:16.817 I/flutter (14457): [2024-10-10 16:05:16.817015] ResubscribeStream: Network connected and User logged in, resubscribing object ResubscribeStream@935375795
10-10 16:05:16.817 I/flutter (14457): [2024-10-10 16:05:16.817046] ResubscribeStream: Subscribing object ResubscribeStream@935375795
10-10 16:05:16.817 I/flutter (14457): [2024-10-10 16:05:16.817102] stream request. timestamp: 2024-10-10 16:05:16.817094 method name: /zsbpportal.ZsbpPortalService/Notifications
10-10 16:05:16.817 W/TelephonyPermissions( 1475): reportAccessDeniedToReadIdentifiers:com.zebra.soho_app:getSerial:-1
10-10 16:05:16.817 I/flutter (14457): [2024-10-10 16:05:16.817317] unary request. timestamp: 2024-10-10 16:05:16.817309 method name: /zsbpportal.ZsbpDocumentService/GetFiles
10-10 16:05:16.819 D/BoundBrokerSvc( 6357): onUnbind: Intent { act=com.google.android.gms.auth.aang.events.services.START dat=chimera-action:/... cmp=com.google.android.gms/.chimera.PersistentApiService }
10-10 16:05:16.822 I/flutter (14457): [2024-10-10 16:05:16.821954] getLocalTokens : access_token: GqBhRt0XLVVhFJif3L1mtLinR3nO
10-10 16:05:16.822 I/flutter (14457): [2024-10-10 16:05:16.822068] getLocalTokens : refresh_token: N0jU2ersy1dVigEfhlnFMxWIyljYDcKZrUJvmnsde4
10-10 16:05:16.822 I/flutter (14457): [2024-10-10 16:05:16.822114] getLocalTokens : id_token: eyJhbGciOiJSUzI1NiIsImtpZCI6IktHMDdOOFNPcFZGQ0gyNUlWYUNBZ3dpS0pWMF9SUzI1NiJ9.eyJzdWIiOiJ6ZWJyYTkwMS5zd2R2dEBnbWFpbC5jb20iLCJhdWQiOiJhcGlnZWVfbW9iaWxlYXBwX21iIiwianRpIjoiNktQSFFkMG8wcTMyZ2M0VE80dElQYyIsImlzcyI6Imh0dHBzOi8vcGkuemVicmEuY29tIiwiaWF0IjoxNzI4NDgxNzI0LCJleHAiOjE3Mjg0ODIwMjQsImF1dGhfdGltZSI6MTcyODQ4MTcyMCwiYWNyIjoiR29vZ2xlX1NvY2lhbF9sb2dpbl9Qb2xpY3kiLCJ6dWlkIjoiOWQ4NzNiMTYtODk0OC00YThiLTg5Y2YtMmIwMjgzNzU0Mjg0IiwicGkuc3JpIjoiMXo3Y1hySG1ia0lEdGRHV2VDNEc2X3FwVHhJLmRYTXRaV0Z6ZEMweSIsInNpZCI6IjF6N2NYckhtYmtJRHRkR1dlQzRHNl9xcFR4SS5kWE10WldGemRDMHkifQ.KjVEqDwHSbYZKFrABFORbiQpNzhMB2OfXg-9jA74knAl9QmtBe6eTiDnq-sORm2qzuFwOI1j-x5a76pcpvP8Tb6sXsbFstjJJwaAPmILujoMTqjc2P-Wq0gFS7GaDIPOh0F1a4hilWqiBcgLzNMyYZR-onE2Aw8gStk1NTEK0C0sXNuJ11mq5Gspzo-4DxWuw-UdzDmjGQWxO9uk2mScTiiqSy2bYBs3HAHg14NdYsfGGPbQ44GkJcn20JMw_7BuXwaEV_3efVkt0xp4ct7hi1LueVUnBFVQZ53T_qZIkIO4eTWVqcPMcCH3rWINHlS0H4KbmXqY3Ad5naVCFhLS7Q
10-10 16:05:16.822 I/flutter (14457): [2024-10-10 16:05:16.822189] getLocalTokens : expires_in: 3203s
10-10 16:05:16.822 I/flutter (14457): [2024-10-10 16:05:16.822236] verify: GqBhRt0XLVVhFJif3L1mtLinR3nO
10-10 16:05:16.822 I/flutter (14457): [2024-10-10 16:05:16.822617] getLocalTokens : access_token: GqBhRt0XLVVhFJif3L1mtLinR3nO
10-10 16:05:16.822 I/flutter (14457): [2024-10-10 16:05:16.822683] getLocalTokens : refresh_token: N0jU2ersy1dVigEfhlnFMxWIyljYDcKZrUJvmnsde4
10-10 16:05:16.822 I/flutter (14457): [2024-10-10 16:05:16.822725] getLocalTokens : id_token: eyJhbGciOiJSUzI1NiIsImtpZCI6IktHMDdOOFNPcFZGQ0gyNUlWYUNBZ3dpS0pWMF9SUzI1NiJ9.eyJzdWIiOiJ6ZWJyYTkwMS5zd2R2dEBnbWFpbC5jb20iLCJhdWQiOiJhcGlnZWVfbW9iaWxlYXBwX21iIiwianRpIjoiNktQSFFkMG8wcTMyZ2M0VE80dElQYyIsImlzcyI6Imh0dHBzOi8vcGkuemVicmEuY29tIiwiaWF0IjoxNzI4NDgxNzI0LCJleHAiOjE3Mjg0ODIwMjQsImF1dGhfdGltZSI6MTcyODQ4MTcyMCwiYWNyIjoiR29vZ2xlX1NvY2lhbF9sb2dpbl9Qb2xpY3kiLCJ6dWlkIjoiOWQ4NzNiMTYtODk0OC00YThiLTg5Y2YtMmIwMjgzNzU0Mjg0IiwicGkuc3JpIjoiMXo3Y1hySG1ia0lEdGRHV2VDNEc2X3FwVHhJLmRYTXRaV0Z6ZEMweSIsInNpZCI6IjF6N2NYckhtYmtJRHRkR1dlQzRHNl9xcFR4SS5kWE10WldGemRDMHkifQ.KjVEqDwHSbYZKFrABFORbiQpNzhMB2OfXg-9jA74knAl9QmtBe6eTiDnq-sORm2qzuFwOI1j-x5a76pcpvP8Tb6sXsbFstjJJwaAPmILujoMTqjc2P-Wq0gFS7GaDIPOh0F1a4hilWqiBcgLzNMyYZR-onE2Aw8gStk1NTEK0C0sXNuJ11mq5Gspzo-4DxWuw-UdzDmjGQWxO9uk2mScTiiqSy2bYBs3HAHg14NdYsfGGPbQ44GkJcn20JMw_7BuXwaEV_3efVkt0xp4ct7hi1LueVUnBFVQZ53T_qZIkIO4eTWVqcPMcCH3rWINHlS0H4KbmXqY3Ad5naVCFhLS7Q
10-10 16:05:16.822 I/flutter (14457): [2024-10-10 16:05:16.822762] getLocalTokens : expires_in: 3203s
10-10 16:05:16.822 I/flutter (14457): [2024-10-10 16:05:16.822797] verify: GqBhRt0XLVVhFJif3L1mtLinR3nO
10-10 16:05:16.823 I/flutter (14457): [2024-10-10 16:05:16.823028] getLocalTokens : access_token: GqBhRt0XLVVhFJif3L1mtLinR3nO
10-10 16:05:16.823 I/flutter (14457): [2024-10-10 16:05:16.823084] getLocalTokens : refresh_token: N0jU2ersy1dVigEfhlnFMxWIyljYDcKZrUJvmnsde4
10-10 16:05:16.823 I/flutter (14457): [2024-10-10 16:05:16.823123] getLocalTokens : id_token: eyJhbGciOiJSUzI1NiIsImtpZCI6IktHMDdOOFNPcFZGQ0gyNUlWYUNBZ3dpS0pWMF9SUzI1NiJ9.eyJzdWIiOiJ6ZWJyYTkwMS5zd2R2dEBnbWFpbC5jb20iLCJhdWQiOiJhcGlnZWVfbW9iaWxlYXBwX21iIiwianRpIjoiNktQSFFkMG8wcTMyZ2M0VE80dElQYyIsImlzcyI6Imh0dHBzOi8vcGkuemVicmEuY29tIiwiaWF0IjoxNzI4NDgxNzI0LCJleHAiOjE3Mjg0ODIwMjQsImF1dGhfdGltZSI6MTcyODQ4MTcyMCwiYWNyIjoiR29vZ2xlX1NvY2lhbF9sb2dpbl9Qb2xpY3kiLCJ6dWlkIjoiOWQ4NzNiMTYtODk0OC00YThiLTg5Y2YtMmIwMjgzNzU0Mjg0IiwicGkuc3JpIjoiMXo3Y1hySG1ia0lEdGRHV2VDNEc2X3FwVHhJLmRYTXRaV0Z6ZEMweSIsInNpZCI6IjF6N2NYckhtYmtJRHRkR1dlQzRHNl9xcFR4SS5kWE10WldGemRDMHkifQ.KjVEqDwHSbYZKFrABFORbiQpNzhMB2OfXg-9jA74knAl9QmtBe6eTiDnq-sORm2qzuFwOI1j-x5a76pcpvP8Tb6sXsbFstjJJwaAPmILujoMTqjc2P-Wq0gFS7GaDIPOh0F1a4hilWqiBcgLzNMyYZR-onE2Aw8gStk1NTEK0C0sXNuJ11mq5Gspzo-4DxWuw-UdzDmjGQWxO9uk2mScTiiqSy2bYBs3HAHg14NdYsfGGPbQ44GkJcn20JMw_7BuXwaEV_3efVkt0xp4ct7hi1LueVUnBFVQZ53T_qZIkIO4eTWVqcPMcCH3rWINHlS0H4KbmXqY3Ad5naVCFhLS7Q
10-10 16:05:16.823 I/flutter (14457): [2024-10-10 16:05:16.823155] getLocalTokens : expires_in: 3203s
10-10 16:05:16.823 I/flutter (14457): [2024-10-10 16:05:16.823193] verify: GqBhRt0XLVVhFJif3L1mtLinR3nO
10-10 16:05:16.832 I/flutter (14457): [2024-10-10 16:05:16.832364] unary request. timestamp: 2024-10-10 16:05:16.832335 method name: /zsbpportal.ZsbpLoggingService/WhoAmI
10-10 16:05:16.832 I/flutter (14457): [2024-10-10 16:05:16.832688] getLocalTokens : access_token: GqBhRt0XLVVhFJif3L1mtLinR3nO
10-10 16:05:16.832 I/flutter (14457): [2024-10-10 16:05:16.832749] getLocalTokens : refresh_token: N0jU2ersy1dVigEfhlnFMxWIyljYDcKZrUJvmnsde4
10-10 16:05:16.832 I/flutter (14457): [2024-10-10 16:05:16.832795] getLocalTokens : id_token: eyJhbGciOiJSUzI1NiIsImtpZCI6IktHMDdOOFNPcFZGQ0gyNUlWYUNBZ3dpS0pWMF9SUzI1NiJ9.eyJzdWIiOiJ6ZWJyYTkwMS5zd2R2dEBnbWFpbC5jb20iLCJhdWQiOiJhcGlnZWVfbW9iaWxlYXBwX21iIiwianRpIjoiNktQSFFkMG8wcTMyZ2M0VE80dElQYyIsImlzcyI6Imh0dHBzOi8vcGkuemVicmEuY29tIiwiaWF0IjoxNzI4NDgxNzI0LCJleHAiOjE3Mjg0ODIwMjQsImF1dGhfdGltZSI6MTcyODQ4MTcyMCwiYWNyIjoiR29vZ2xlX1NvY2lhbF9sb2dpbl9Qb2xpY3kiLCJ6dWlkIjoiOWQ4NzNiMTYtODk0OC00YThiLTg5Y2YtMmIwMjgzNzU0Mjg0IiwicGkuc3JpIjoiMXo3Y1hySG1ia0lEdGRHV2VDNEc2X3FwVHhJLmRYTXRaV0Z6ZEMweSIsInNpZCI6IjF6N2NYckhtYmtJRHRkR1dlQzRHNl9xcFR4SS5kWE10WldGemRDMHkifQ.KjVEqDwHSbYZKFrABFORbiQpNzhMB2OfXg-9jA74knAl9QmtBe6eTiDnq-sORm2qzuFwOI1j-x5a76pcpvP8Tb6sXsbFstjJJwaAPmILujoMTqjc2P-Wq0gFS7GaDIPOh0F1a4hilWqiBcgLzNMyYZR-onE2Aw8gStk1NTEK0C0sXNuJ11mq5Gspzo-4DxWuw-UdzDmjGQWxO9uk2mScTiiqSy2bYBs3HAHg14NdYsfGGPbQ44GkJcn20JMw_7BuXwaEV_3efVkt0xp4ct7hi1LueVUnBFVQZ53T_qZIkIO4eTWVqcPMcCH3rWINHlS0H4KbmXqY3Ad5naVCFhLS7Q
10-10 16:05:16.832 I/flutter (14457): [2024-10-10 16:05:16.832841] getLocalTokens : expires_in: 3203s
10-10 16:05:16.832 I/flutter (14457): [2024-10-10 16:05:16.832888] verify: GqBhRt0XLVVhFJif3L1mtLinR3nO
10-10 16:05:16.839 I/ExoPlayerImpl(14457): Init f31316b [ExoPlayerLib/2.17.1] [bluejay, Pixel 6a, Google, 33]
10-10 16:05:16.840 I/EuiccGoogle(14398): [245] EuiccGoogleApplication.getMetricTransmitter$ar$class_merging$ar$class_merging: Primes clearcut transmitter is enabled
10-10 16:05:16.854 E/SurfaceFlinger(  452): Attempt to set frame rate on an unrecognized IGraphicBufferProducer
10-10 16:05:16.896 V/ClearcutMetricXmitter(14398): Transmission is done.
10-10 16:05:16.898 V/ClearcutMetricXmitter(14398): Transmission is done.
10-10 16:05:17.093 I/flutter (14457): [2024-10-10 16:05:17.093448] ____________________________________________________________
10-10 16:05:17.094 I/flutter (14457): [2024-10-10 16:05:17.093743] 
10-10 16:05:17.094 I/flutter (14457): *** Notification: 
10-10 16:05:17.094 I/flutter (14457):  id: 72780141
10-10 16:05:17.094 I/flutter (14457): payload: {"id":"72780141","result":{"appl.name":"V95.1.10.74492","bluetooth.address":"48:A4:93:C6:B5:8B","device.product_name":"ZSB-DP12","device.serial_number":"DCJ224400016","device.syslog.level":"debug","device.uptime":"23 days 04 hours 48 mins 38 secs","ezpl.head_close_action":"feed","head.latch_state":"closed","odometer.total_label_count":412,"odometer.total_print_length":4299,"print.engine_status":"idle","rtc.timezone":"GMT0","rtc.unix_timestamp":1728556520,"weblink.server_connector.authentication.entries":"","weblink.server_connector.customer_id":"a73ff158-aeb4-483c-ba21-5829038110e2","weblink.server_connector.location":"https://zsbp-device.zpc.zebra.com/weblink/zsbp/connect/","weblink.server_connector.proxy":"","weblink.server_connector.test.location":"http://www.zebra.com/apps/linktest","weblink.server_connector.unique_id":"DCJ224400016CC47515DD7B11C0D01233917F9758F20DE","wlan.country_code":"usa/canada","wlan.mac_address":"48:a4:93:c6:b5
10-10 16:05:17.094 I/flutter (14457): [2024-10-10 16:05:17.094439] NON USER Notification
10-10 16:05:17.095 I/flutter (14457): [2024-10-10 16:05:17.095331] ____________________________________________________________
10-10 16:05:17.095 I/flutter (14457): [2024-10-10 16:05:17.095482] 
10-10 16:05:17.095 I/flutter (14457): *** Notification: 
10-10 16:05:17.095 I/flutter (14457):  id: 72780141
10-10 16:05:17.095 I/flutter (14457): payload: {"id":"72780141","result":{"appl.name":"V95.1.10.74492","bluetooth.address":"48:A4:93:C6:B5:8B","device.product_name":"ZSB-DP12","device.serial_number":"DCJ224400016","device.syslog.level":"debug","device.uptime":"23 days 04 hours 48 mins 38 secs","ezpl.head_close_action":"feed","head.latch_state":"closed","odometer.total_label_count":412,"odometer.total_print_length":4299,"print.engine_status":"idle","rtc.timezone":"GMT0","rtc.unix_timestamp":1728556520,"weblink.server_connector.authentication.entries":"","weblink.server_connector.customer_id":"a73ff158-aeb4-483c-ba21-5829038110e2","weblink.server_connector.location":"https://zsbp-device.zpc.zebra.com/weblink/zsbp/connect/","weblink.server_connector.proxy":"","weblink.server_connector.test.location":"http://www.zebra.com/apps/linktest","weblink.server_connector.unique_id":"DCJ224400016CC47515DD7B11C0D01233917F9758F20DE","wlan.country_code":"usa/canada","wlan.mac_address":"48:a4:93:c6:b5
10-10 16:05:17.095 I/flutter (14457): [2024-10-10 16:05:17.095566] NON USER Notification
