10-10 16:06:16.968 W/BcSsSuggestionAgg( 6407): 	at com.google.android.enterprise.connectedapps.q.i(PG:23)
10-10 16:06:16.968 W/BcSsSuggestionAgg( 6407): 	at com.google.android.enterprise.connectedapps.m.run(PG:205)
10-10 16:06:16.968 W/BcSsSuggestionAgg( 6407): 	at java.util.concurrent.Executors$RunnableAdapter.call(Executors.java:487)
10-10 16:06:16.968 W/BcSsSuggestionAgg( 6407): 	at java.util.concurrent.FutureTask.run(FutureTask.java:264)
10-10 16:06:16.968 W/BcSsSuggestionAgg( 6407): 	at java.util.concurrent.ScheduledThreadPoolExecutor$ScheduledFutureTask.run(ScheduledThreadPoolExecutor.java:307)
10-10 16:06:16.968 W/BcSsSuggestionAgg( 6407): 	at java.util.concurrent.ThreadPoolExecutor.runWorker(ThreadPoolExecutor.java:1145)
10-10 16:06:16.968 W/BcSsSuggestionAgg( 6407): 	at java.util.concurrent.ThreadPoolExecutor$Worker.run(ThreadPoolExecutor.java:644)
10-10 16:06:16.968 W/BcSsSuggestionAgg( 6407): 	at java.lang.Thread.run(Thread.java:1012)
10-10 16:06:16.968 I/i       ( 6407): #filterNoMapsConsentCards: Flag is off. Return UnfilteredCards
10-10 16:06:16.970 I/TimeContextManager( 6407): (REDACTED) #maybeCreateTimeTrigger: time trigger= %s with start time=%d, stop time=%d in seconds.
10-10 16:06:16.971 I/AssistantTNGEligibilityChecker( 6407): OPA eligibility is used in AssistantEligibilityCheckerTNGImpl.
10-10 16:06:16.971 I/A       ( 6407): (REDACTED) #shareData for %s with pending task count: %d
10-10 16:06:16.972 W/A       ( 6407): (REDACTED) Feature type id %d does not have an associated feature type - not extracting fromsub item
10-10 16:06:16.972 W/A       ( 6407): (REDACTED) InstanceId %d is invalid
10-10 16:06:16.972 W/A       ( 6407): (REDACTED) Feature type id %d does not have an associated feature type - not extracting fromsub item
10-10 16:06:16.972 W/A       ( 6407): (REDACTED) InstanceId %d is invalid
10-10 16:06:16.972 W/A       ( 6407): (REDACTED) Feature type id %d does not have an associated feature type - not extracting fromsub item
10-10 16:06:16.972 W/A       ( 6407): (REDACTED) InstanceId %d is invalid
10-10 16:06:16.972 W/A       ( 6407): (REDACTED) Feature type id %d does not have an associated feature type - not extracting fromsub item
10-10 16:06:16.972 W/A       ( 6407): (REDACTED) InstanceId %d is invalid
10-10 16:06:16.972 W/A       ( 6407): (REDACTED) Feature type id %d does not have an associated feature type - not extracting fromsub item
10-10 16:06:16.973 W/A       ( 6407): (REDACTED) InstanceId %d is invalid
10-10 16:06:16.973 W/A       ( 6407): (REDACTED) Feature type id %d does not have an associated feature type - not extracting fromsub item
10-10 16:06:16.973 W/A       ( 6407): (REDACTED) InstanceId %d is invalid
10-10 16:06:16.973 W/A       ( 6407): (REDACTED) Feature type id %d does not have an associated feature type - not extracting fromsub item
10-10 16:06:16.973 W/A       ( 6407): (REDACTED) InstanceId %d is invalid
10-10 16:06:16.973 W/A       ( 6407): (REDACTED) Feature type id %d does not have an associated feature type - not extracting fromsub item
10-10 16:06:16.973 W/A       ( 6407): (REDACTED) InstanceId %d is invalid
10-10 16:06:16.974 W/A       ( 6407): (REDACTED) Feature type id %d does not have an associated feature type - not extracting fromsub item
10-10 16:06:16.974 W/A       ( 6407): (REDACTED) InstanceId %d is invalid
10-10 16:06:16.974 W/A       ( 6407): (REDACTED) Feature type id %d does not have an associated feature type - not extracting fromsub item
10-10 16:06:16.974 W/A       ( 6407): (REDACTED) InstanceId %d is invalid
10-10 16:06:16.974 W/A       ( 6407): (REDACTED) Feature type id %d does not have an associated feature type - not extracting fromsub item
10-10 16:06:16.974 W/A       ( 6407): (REDACTED) InstanceId %d is invalid
10-10 16:06:16.974 W/A       ( 6407): (REDACTED) Feature type id %d does not have an associated feature type - not extracting fromsub item
10-10 16:06:16.974 W/A       ( 6407): (REDACTED) InstanceId %d is invalid
10-10 16:06:16.974 W/A       ( 6407): (REDACTED) Feature type id %d does not have an associated feature type - not extracting fromsub item
10-10 16:06:16.974 W/A       ( 6407): (REDACTED) InstanceId %d is invalid
10-10 16:06:16.974 W/A       ( 6407): (REDACTED) Feature type id %d does not have an associated feature type - not extracting fromsub item
10-10 16:06:16.974 W/A       ( 6407): (REDACTED) InstanceId %d is invalid
10-10 16:06:16.975 I/ContentCaptureManagerService( 1475): Data share request accepted by Content Capture service
10-10 16:06:16.976 I/A       ( 6407): (REDACTED) #shareData onWrite success: %s
10-10 16:06:16.977 I/AiAiEcho( 3124): (REDACTED) EchoDataShareHandler starts to process file, locusId=%s
10-10 16:06:16.981 I/A       ( 6407): (REDACTED) %s completed with unretriable status %s on retry attempt %d
10-10 16:06:16.981 I/A       ( 6407): (REDACTED) #shareData for %s done
10-10 16:06:16.982 I/f       ( 6407): (REDACTED) Update sent successfully. locusId: %s
10-10 16:06:16.982 I/BcSsSuggestionAgg( 6407): Smartspace card update to AiAi successfully
10-10 16:06:16.983 W/AmbientPrefs( 6407): (REDACTED) SmartspaceCard: %s should not use MainPreferences setting!
10-10 16:06:16.983 I/<unknown class>( 6407): Weather Smartspace TNG not enabled.
10-10 16:06:16.983 W/AmbientPrefs( 6407): (REDACTED) SmartspaceCard: %s should not use MainPreferences setting!
10-10 16:06:16.984 I/BcSsSuggestionAgg( 6407): (REDACTED) cardId: %d, card type: %s, pre event title: %s, event start time: %s, update time: %s, expireTime: %s, is from work profile: %b
10-10 16:06:16.984 I/BcSsSuggestionAgg( 6407): (REDACTED) cardId: %d, card type: %s, pre event title: %s, event start time: %s, update time: %s, expireTime: %s, is from work profile: %b
10-10 16:06:16.984 I/BcSsSuggestionAgg( 6407): (REDACTED) cardId: %d, card type: %s, pre event title: %s, event start time: %s, update time: %s, expireTime: %s, is from work profile: %b
10-10 16:06:16.984 I/BcSsSuggestionAgg( 6407): (REDACTED) cardId: %d, card type: %s, pre event title: %s, event start time: %s, update time: %s, expireTime: %s, is from work profile: %b
10-10 16:06:16.985 I/BcSsSuggestionAgg( 6407): (REDACTED) cardId: %d, card type: %s, pre event title: %s, event start time: %s, update time: %s, expireTime: %s, is from work profile: %b
10-10 16:06:16.985 I/BcSsSuggestionAgg( 6407): (REDACTED) cardId: %d, card type: %s, pre event title: %s, event start time: %s, update time: %s, expireTime: %s, is from work profile: %b
10-10 16:06:16.985 I/BcSsSuggestionAgg( 6407): (REDACTED) cardId: %d, card type: %s, pre event title: %s, event start time: %s, update time: %s, expireTime: %s, is from work profile: %b
10-10 16:06:16.987 I/Ma-fcf-RobinAvailabilityChecker( 6407): User not OptedIn. Skipping Eligibility Checks.
10-10 16:06:16.987 I/Ma-fcf-RobinAvailabilityChecker( 6407): User not OptedIn. Skipping Eligibility Checks.
10-10 16:06:16.996 E/A       ( 6407): (REDACTED) Failed to store the update to Geller storage.
10-10 16:06:16.996 E/A       ( 6407): com.google.android.libraries.geller.portable.GellerException: Code: FAILED_PRECONDITION, Message: Corpus SMARTSPACE_CARD_UPDATE_RECORD has wipeout enabled, so local writes are blocked
10-10 16:06:16.996 E/A       ( 6407): 	at com.google.android.libraries.geller.portable.Geller.nativeWrite(Native Method)
10-10 16:06:16.996 E/A       ( 6407): 	at com.google.android.libraries.geller.portable.d.a(PG:293)
10-10 16:06:16.996 E/A       ( 6407): 	at com.google.apps.tiktok.tracing.ej.a(PG:13)
10-10 16:06:16.996 E/A       ( 6407): 	at com.google.common.util.concurrent.db.a(PG:3)
10-10 16:06:16.996 E/A       ( 6407): 	at com.google.common.util.concurrent.cf.run(PG:19)
10-10 16:06:16.996 E/A       ( 6407): 	at com.google.common.util.concurrent.dd.run(PG:5)
10-10 16:06:16.996 E/A       ( 6407): 	at com.google.common.util.concurrent.ct.run(PG:3)
10-10 16:06:16.996 E/A       ( 6407): 	at com.google.common.util.concurrent.cu.run(PG:76)
10-10 16:06:16.996 E/A       ( 6407): 	at com.google.android.libraries.k.q.run(PG:3)
10-10 16:06:16.996 E/A       ( 6407): 	at java.util.concurrent.ThreadPoolExecutor.runWorker(ThreadPoolExecutor.java:1145)
10-10 16:06:16.996 E/A       ( 6407): 	at java.util.concurrent.ThreadPoolExecutor$Worker.run(ThreadPoolExecutor.java:644)
10-10 16:06:16.996 E/A       ( 6407): 	at com.google.android.libraries.k.b.run(PG:27)
10-10 16:06:16.996 E/A       ( 6407): 	at java.lang.Thread.run(Thread.java:1012)
10-10 16:06:16.996 E/A       ( 6407): 	at com.google.android.libraries.k.d.b.run(PG:74)
10-10 16:06:17.001 D/WM-SystemJobScheduler( 6407): Scheduling work ID 91bc1ed0-7495-4b09-b88c-dfd213e17a61Job ID 3548
10-10 16:06:17.003 D/WM-GreedyScheduler( 6407): Ignoring {WorkSpec: 0f7ac4ee-405f-474d-a98d-4ba439518fc9}. Requires device idle.
10-10 16:06:17.003 D/WM-GreedyScheduler( 6407): Ignoring {WorkSpec: 00c7c80b-0da8-497d-ae0d-a09ad59a6eb1}. Requires device idle.
10-10 16:06:17.003 D/WM-GreedyScheduler( 6407): Ignoring {WorkSpec: 91bc1ed0-7495-4b09-b88c-dfd213e17a61}. Requires ContentUri triggers.
10-10 16:06:17.003 D/WM-GreedyScheduler( 6407): Starting tracking for 8037701f-5a34-4b37-a84b-85a795ef030d,f5801331-c161-4c75-9317-348e576751ba,90d42438-6143-4239-8c08-ed4fa9ebbfc9,a74d5e36-b292-4e74-ac92-b3f5211c05b0
10-10 16:06:17.005 I/WM-WorkerWrapper( 6407): Worker result SUCCESS for Work [ id=96db0770-df6d-4050-89b0-f21f904d015e, tags={ com.google.apps.tiktok.contrib.work.TikTokListenableWorker,TikTokWorker#com.google.android.apps.search.assistant.platform.pcp.featuredata.localcalendar.LocalCalendarUpdateWorker } ]
10-10 16:06:17.005 D/WM-Processor( 6407): p 96db0770-df6d-4050-89b0-f21f904d015e executed; reschedule = false
10-10 16:06:17.006 D/WM-SystemJobService( 6407): 96db0770-df6d-4050-89b0-f21f904d015e executed on JobScheduler
10-10 16:06:17.011 D/WM-GreedyScheduler( 6407): Cancelling work ID 96db0770-df6d-4050-89b0-f21f904d015e
10-10 16:06:17.013 D/WM-GreedyScheduler( 6407): Ignoring {WorkSpec: 0f7ac4ee-405f-474d-a98d-4ba439518fc9}. Requires device idle.
10-10 16:06:17.013 D/WM-GreedyScheduler( 6407): Ignoring {WorkSpec: 00c7c80b-0da8-497d-ae0d-a09ad59a6eb1}. Requires device idle.
10-10 16:06:17.014 D/WM-GreedyScheduler( 6407): Ignoring {WorkSpec: 91bc1ed0-7495-4b09-b88c-dfd213e17a61}. Requires ContentUri triggers.
10-10 16:06:17.014 D/WM-GreedyScheduler( 6407): Starting tracking for 8037701f-5a34-4b37-a84b-85a795ef030d,f5801331-c161-4c75-9317-348e576751ba,90d42438-6143-4239-8c08-ed4fa9ebbfc9,a74d5e36-b292-4e74-ac92-b3f5211c05b0
10-10 16:06:17.406 D/TrafficStats(14196): tagSocket(5) with statsTag=0xffffffff, statsUid=-1
10-10 16:06:17.416 D/TrafficStats(14196): tagSocket(78) with statsTag=0xffffffff, statsUid=-1
10-10 16:06:17.418 D/TrafficStats(14196): tagSocket(79) with statsTag=0xffffffff, statsUid=-1
10-10 16:06:17.419 D/TrafficStats(14196): tagSocket(80) with statsTag=0xffffffff, statsUid=-1
10-10 16:06:17.443 D/TrafficStats(14196): tagSocket(81) with statsTag=0xffffffff, statsUid=-1
10-10 16:06:17.461 D/TrafficStats(14196): tagSocket(82) with statsTag=0xffffffff, statsUid=-1
10-10 16:06:17.521 I/pen.pocoservice(14196): Background concurrent mark compact GC freed 20MB AllocSpace bytes, 156(5388KB) LOS objects, 80% free, 5850KB/29MB, paused 490us,7.001ms total 61.532ms
10-10 16:06:17.886 I/CrossProfileSender( 6407): Attempting to bind
10-10 16:06:17.886 I/CrossProfileSender( 6407): Binding attempt failed: Not trying to bind
10-10 16:06:17.887 I/CrossProfileSender( 6407): Unbind
10-10 16:06:18.473 D/TrafficStats(14196): tagSocket(5) with statsTag=0xffffffff, statsUid=-1
10-10 16:06:18.501 D/TrafficStats(14196): tagSocket(78) with statsTag=0xffffffff, statsUid=-1
10-10 16:06:18.504 D/TrafficStats(14196): tagSocket(79) with statsTag=0xffffffff, statsUid=-1
10-10 16:06:18.507 D/TrafficStats(14196): tagSocket(80) with statsTag=0xffffffff, statsUid=-1
10-10 16:06:18.511 D/TrafficStats(14196): tagSocket(81) with statsTag=0xffffffff, statsUid=-1
10-10 16:06:18.547 D/TrafficStats(14196): tagSocket(82) with statsTag=0xffffffff, statsUid=-1
10-10 16:06:19.408 I/WifiHAL ( 1047): Creating message to get link statistics; iface = 47
10-10 16:06:19.494 I/WifiHAL ( 1047): In GetLinkStatsCommand::handleResponse
10-10 16:06:19.554 D/ConnectivityService( 1475): NetReassign [no changes] [c 1] [a 0] [i 13]
10-10 16:06:19.579 D/TrafficStats(14196): tagSocket(5) with statsTag=0xffffffff, statsUid=-1
10-10 16:06:19.589 D/TrafficStats(14196): tagSocket(78) with statsTag=0xffffffff, statsUid=-1
10-10 16:06:19.609 D/TrafficStats(14196): tagSocket(79) with statsTag=0xffffffff, statsUid=-1
10-10 16:06:19.617 D/TrafficStats(14196): tagSocket(80) with statsTag=0xffffffff, statsUid=-1
10-10 16:06:19.617 D/TrafficStats(14196): tagSocket(81) with statsTag=0xffffffff, statsUid=-1
10-10 16:06:19.618 D/TrafficStats(14196): tagSocket(82) with statsTag=0xffffffff, statsUid=-1
10-10 16:06:20.653 D/TrafficStats(14196): tagSocket(5) with statsTag=0xffffffff, statsUid=-1
10-10 16:06:20.660 D/TrafficStats(14196): tagSocket(78) with statsTag=0xffffffff, statsUid=-1
10-10 16:06:20.671 D/TrafficStats(14196): tagSocket(79) with statsTag=0xffffffff, statsUid=-1
10-10 16:06:20.692 D/TrafficStats(14196): tagSocket(80) with statsTag=0xffffffff, statsUid=-1
10-10 16:06:20.696 D/TrafficStats(14196): tagSocket(81) with statsTag=0xffffffff, statsUid=-1
10-10 16:06:20.702 D/TrafficStats(14196): tagSocket(82) with statsTag=0xffffffff, statsUid=-1
10-10 16:06:21.740 W/JobScheduler( 1475): Job didn't exist in JobStore: 8971f4a #u0a160/10 com.google.android.calendar/.jobservices.CalendarProviderObserverForNotificationsJobService
10-10 16:06:21.761 D/TrafficStats(14196): tagSocket(5) with statsTag=0xffffffff, statsUid=-1
10-10 16:06:21.778 D/TrafficStats(14196): tagSocket(78) with statsTag=0xffffffff, statsUid=-1
10-10 16:06:21.785 D/TrafficStats(14196): tagSocket(79) with statsTag=0xffffffff, statsUid=-1
10-10 16:06:21.787 D/TrafficStats(14196): tagSocket(80) with statsTag=0xffffffff, statsUid=-1
10-10 16:06:21.796 D/TrafficStats(14196): tagSocket(81) with statsTag=0xffffffff, statsUid=-1
10-10 16:06:21.809 D/TrafficStats(14196): tagSocket(82) with statsTag=0xffffffff, statsUid=-1
10-10 16:06:22.541 I/WifiHAL ( 1047): Creating message to get link statistics; iface = 47
10-10 16:06:22.613 I/WifiHAL ( 1047): In GetLinkStatsCommand::handleResponse
10-10 16:06:22.667 D/ConnectivityService( 1475): NetReassign [no changes] [c 1] [a 0] [i 11]
10-10 16:06:22.846 D/TrafficStats(14196): tagSocket(5) with statsTag=0xffffffff, statsUid=-1
10-10 16:06:22.855 D/TrafficStats(14196): tagSocket(78) with statsTag=0xffffffff, statsUid=-1
10-10 16:06:22.861 D/TrafficStats(14196): tagSocket(79) with statsTag=0xffffffff, statsUid=-1
10-10 16:06:22.864 D/TrafficStats(14196): tagSocket(80) with statsTag=0xffffffff, statsUid=-1
10-10 16:06:22.880 D/TrafficStats(14196): tagSocket(81) with statsTag=0xffffffff, statsUid=-1
10-10 16:06:22.905 D/TrafficStats(14196): tagSocket(82) with statsTag=0xffffffff, statsUid=-1
10-10 16:06:23.919 D/TrafficStats(14196): tagSocket(5) with statsTag=0xffffffff, statsUid=-1
10-10 16:06:23.938 D/TrafficStats(14196): tagSocket(78) with statsTag=0xffffffff, statsUid=-1
10-10 16:06:23.943 D/TrafficStats(14196): tagSocket(79) with statsTag=0xffffffff, statsUid=-1
10-10 16:06:23.946 D/TrafficStats(14196): tagSocket(80) with statsTag=0xffffffff, statsUid=-1
10-10 16:06:23.967 D/TrafficStats(14196): tagSocket(81) with statsTag=0xffffffff, statsUid=-1
10-10 16:06:23.987 D/TrafficStats(14196): tagSocket(82) with statsTag=0xffffffff, statsUid=-1
10-10 16:06:24.948 I/android.hardware.health-service.gs101( 1027): Recording a sample at time 104287
10-10 16:06:24.975 D/DLObserver( 2066): onReceive(); android.intent.action.BATTERY_CHANGED
10-10 16:06:24.976 D/DLObserver( 2066): plugged=1
10-10 16:06:24.981 D/PowerUI ( 2066): can't show warning due to - plugged: true status unknown: false
10-10 16:06:24.989 D/PowerNotificationWarningsGoogleImpl( 2066): onReceive: android.intent.action.BATTERY_CHANGED
10-10 16:06:24.989 D/BatteryDefenderNotification( 2066): isPlugged: true | isOverheated: false | defenderEnabled: false | isCharged: false | isPluggedInDock: false
10-10 16:06:24.991 I/servicemanager(  391): Found vendor.google.google_battery.IGoogleBattery/default in device VINTF manifest.
10-10 16:06:25.003 W/Turbo.EstimatedTimeRemainingProvider(15112): queryTimeToDischarge: 180926568
10-10 16:06:25.003 D/TrafficStats(14196): tagSocket(5) with statsTag=0xffffffff, statsUid=-1
10-10 16:06:25.004 W/Turbo.OnDeviceBatteryHistory(15112): addEvents: loaded 0 battery events.
10-10 16:06:25.004 W/Turbo.OnDeviceBatteryHistory(15112): addEvents: loaded battery events completed.
10-10 16:06:25.005 D/TrafficStats(14196): tagSocket(78) with statsTag=0xffffffff, statsUid=-1
10-10 16:06:25.010 D/TrafficStats(14196): tagSocket(79) with statsTag=0xffffffff, statsUid=-1
10-10 16:06:25.011 D/TrafficStats(14196): tagSocket(80) with statsTag=0xffffffff, statsUid=-1
10-10 16:06:25.012 D/BatteryInfoBroadcast( 2066): onReceive: android.intent.action.BATTERY_CHANGED isPowerSaveMode: false remainingTimeMillis: 180926568
10-10 16:06:25.048 D/TrafficStats(14196): tagSocket(5) with statsTag=0xffffffff, statsUid=-1
10-10 16:06:25.050 D/TrafficStats(14196): tagSocket(81) with statsTag=0xffffffff, statsUid=-1
10-10 16:06:25.655 I/WifiHAL ( 1047): Creating message to get link statistics; iface = 47
10-10 16:06:25.721 I/WifiHAL ( 1047): In GetLinkStatsCommand::handleResponse
10-10 16:06:25.772 D/ConnectivityService( 1475): NetReassign [no changes] [c 1] [a 0] [i 9]
10-10 16:06:26.046 D/TrafficStats(14196): tagSocket(5) with statsTag=0xffffffff, statsUid=-1
10-10 16:06:26.056 D/TrafficStats(14196): tagSocket(78) with statsTag=0xffffffff, statsUid=-1
10-10 16:06:26.080 D/TrafficStats(14196): tagSocket(79) with statsTag=0xffffffff, statsUid=-1
10-10 16:06:26.084 D/TrafficStats(14196): tagSocket(80) with statsTag=0xffffffff, statsUid=-1
10-10 16:06:26.092 D/TrafficStats(14196): tagSocket(81) with statsTag=0xffffffff, statsUid=-1
10-10 16:06:26.122 D/TrafficStats(14196): tagSocket(82) with statsTag=0xffffffff, statsUid=-1
10-10 16:06:26.172 I/pen.pocoservice(14196): Background concurrent mark compact GC freed 19MB AllocSpace bytes, 160(5576KB) LOS objects, 79% free, 6422KB/30MB, paused 339us,6.041ms total 57.043ms
10-10 16:06:26.191 I/flutter (14457): [2024-10-10 16:06:26.191357] Active subscriptions (2)
10-10 16:06:27.138 D/TrafficStats(14196): tagSocket(5) with statsTag=0xffffffff, statsUid=-1
10-10 16:06:27.146 D/TrafficStats(14196): tagSocket(78) with statsTag=0xffffffff, statsUid=-1
10-10 16:06:27.152 D/TrafficStats(14196): tagSocket(79) with statsTag=0xffffffff, statsUid=-1
10-10 16:06:27.177 D/TrafficStats(14196): tagSocket(80) with statsTag=0xffffffff, statsUid=-1
10-10 16:06:27.178 D/TrafficStats(14196): tagSocket(81) with statsTag=0xffffffff, statsUid=-1
10-10 16:06:27.226 D/TrafficStats(14196): tagSocket(5) with statsTag=0xffffffff, statsUid=-1
10-10 16:06:28.234 D/TrafficStats(14196): tagSocket(5) with statsTag=0xffffffff, statsUid=-1
10-10 16:06:28.240 D/TrafficStats(14196): tagSocket(78) with statsTag=0xffffffff, statsUid=-1
10-10 16:06:28.242 D/TrafficStats(14196): tagSocket(79) with statsTag=0xffffffff, statsUid=-1
10-10 16:06:28.270 D/TrafficStats(14196): tagSocket(80) with statsTag=0xffffffff, statsUid=-1
10-10 16:06:28.272 D/TrafficStats(14196): tagSocket(81) with statsTag=0xffffffff, statsUid=-1
10-10 16:06:28.285 D/TrafficStats(14196): tagSocket(82) with statsTag=0xffffffff, statsUid=-1
10-10 16:06:28.767 I/WifiHAL ( 1047): Creating message to get link statistics; iface = 47
10-10 16:06:28.836 I/WifiHAL ( 1047): In GetLinkStatsCommand::handleResponse
10-10 16:06:28.894 D/ConnectivityService( 1475): NetReassign [no changes] [c 1] [a 1] [i 9]
10-10 16:06:29.298 D/TrafficStats(14196): tagSocket(5) with statsTag=0xffffffff, statsUid=-1
10-10 16:06:29.319 D/TrafficStats(14196): tagSocket(78) with statsTag=0xffffffff, statsUid=-1
10-10 16:06:29.321 D/TrafficStats(14196): tagSocket(79) with statsTag=0xffffffff, statsUid=-1
10-10 16:06:29.327 D/TrafficStats(14196): tagSocket(80) with statsTag=0xffffffff, statsUid=-1
10-10 16:06:29.341 D/TrafficStats(14196): tagSocket(81) with statsTag=0xffffffff, statsUid=-1
10-10 16:06:29.350 D/TrafficStats(14196): tagSocket(82) with statsTag=0xffffffff, statsUid=-1
10-10 16:06:30.372 D/TrafficStats(14196): tagSocket(5) with statsTag=0xffffffff, statsUid=-1
10-10 16:06:30.387 D/TrafficStats(14196): tagSocket(78) with statsTag=0xffffffff, statsUid=-1
10-10 16:06:30.397 D/TrafficStats(14196): tagSocket(79) with statsTag=0xffffffff, statsUid=-1
10-10 16:06:30.400 D/TrafficStats(14196): tagSocket(80) with statsTag=0xffffffff, statsUid=-1
10-10 16:06:30.404 D/TrafficStats(14196): tagSocket(81) with statsTag=0xffffffff, statsUid=-1
10-10 16:06:30.412 D/TrafficStats(14196): tagSocket(82) with statsTag=0xffffffff, statsUid=-1
10-10 16:06:31.463 D/TrafficStats(14196): tagSocket(5) with statsTag=0xffffffff, statsUid=-1
10-10 16:06:31.477 D/TrafficStats(14196): tagSocket(78) with statsTag=0xffffffff, statsUid=-1
10-10 16:06:31.484 D/TrafficStats(14196): tagSocket(79) with statsTag=0xffffffff, statsUid=-1
10-10 16:06:31.485 D/TrafficStats(14196): tagSocket(80) with statsTag=0xffffffff, statsUid=-1
10-10 16:06:31.496 D/TrafficStats(14196): tagSocket(81) with statsTag=0xffffffff, statsUid=-1
10-10 16:06:31.498 D/TrafficStats(14196): tagSocket(82) with statsTag=0xffffffff, statsUid=-1
10-10 16:06:31.869 D/BoundBrokerSvc( 3179): onUnbind: Intent { act=com.google.android.gms.wallet.service.BIND pkg=com.google.android.gms }
10-10 16:06:31.875 I/WifiHAL ( 1047): Creating message to get link statistics; iface = 47
10-10 16:06:31.880 D/BoundBrokerSvc( 6357): onUnbind: Intent { act=com.google.android.gms.auth.aang.events.services.START dat=chimera-action:/... cmp=com.google.android.gms/.chimera.PersistentApiService }
10-10 16:06:31.927 I/WifiHAL ( 1047): In GetLinkStatsCommand::handleResponse
10-10 16:06:31.957 D/ConnectivityService( 1475): NetReassign [no changes] [c 0] [a 0] [i 3]
10-10 16:06:32.332 D/TrafficStats(14196): tagSocket(5) with statsTag=0xffffffff, statsUid=-1
10-10 16:06:32.335 I/System.out(14196): {"id":"b212a2cf-f9a0-4651-ba09-5c70949911a1","uri":"poco-uiautomation-framework","method":[["getattr","selector"],["getattr","select"],["call",[["",["and",[["attr=",["name","Barcodes\nDesigns for UPC, EAN, Code 39, QR Code barcodes, box marking\nFor use with Label Cartridges:\nZSB-LC6, ZSB-LC106"]]]]],["",false]]]],"session_id":"f3eebfe4-42bc-4956-b03f-3459e31c9a06"}
10-10 16:06:32.501 D/TrafficStats(14196): tagSocket(78) with statsTag=0xffffffff, statsUid=-1
10-10 16:06:32.519 D/TrafficStats(14196): tagSocket(79) with statsTag=0xffffffff, statsUid=-1
10-10 16:06:32.555 D/TrafficStats(14196): tagSocket(80) with statsTag=0xffffffff, statsUid=-1
10-10 16:06:32.557 D/TrafficStats(14196): tagSocket(81) with statsTag=0xffffffff, statsUid=-1
10-10 16:06:32.559 D/TrafficStats(14196): tagSocket(82) with statsTag=0xffffffff, statsUid=-1
10-10 16:06:32.577 D/TrafficStats(14196): tagSocket(83) with statsTag=0xffffffff, statsUid=-1
10-10 16:06:33.846 D/TrafficStats(14196): tagSocket(5) with statsTag=0xffffffff, statsUid=-1
10-10 16:06:33.859 D/TrafficStats(14196): tagSocket(78) with statsTag=0xffffffff, statsUid=-1
10-10 16:06:33.861 D/TrafficStats(14196): tagSocket(79) with statsTag=0xffffffff, statsUid=-1
10-10 16:06:33.866 D/TrafficStats(14196): tagSocket(80) with statsTag=0xffffffff, statsUid=-1
10-10 16:06:33.872 D/TrafficStats(14196): tagSocket(81) with statsTag=0xffffffff, statsUid=-1
10-10 16:06:33.875 D/TrafficStats(14196): tagSocket(82) with statsTag=0xffffffff, statsUid=-1
10-10 16:06:34.932 D/TrafficStats(14196): tagSocket(5) with statsTag=0xffffffff, statsUid=-1
10-10 16:06:34.942 D/TrafficStats(14196): tagSocket(78) with statsTag=0xffffffff, statsUid=-1
10-10 16:06:34.950 D/TrafficStats(14196): tagSocket(79) with statsTag=0xffffffff, statsUid=-1
10-10 16:06:34.952 D/TrafficStats(14196): tagSocket(80) with statsTag=0xffffffff, statsUid=-1
10-10 16:06:34.952 D/TrafficStats(14196): tagSocket(81) with statsTag=0xffffffff, statsUid=-1
10-10 16:06:34.953 D/TrafficStats(14196): tagSocket(82) with statsTag=0xffffffff, statsUid=-1
10-10 16:06:34.955 I/WifiHAL ( 1047): Creating message to get link statistics; iface = 47
10-10 16:06:35.002 I/WifiHAL ( 1047): In GetLinkStatsCommand::handleResponse
10-10 16:06:35.028 D/ConnectivityService( 1475): NetReassign [no changes] [c 0] [a 0] [i 1]
10-10 16:06:36.007 D/TrafficStats(14196): tagSocket(5) with statsTag=0xffffffff, statsUid=-1
10-10 16:06:36.024 D/TrafficStats(14196): tagSocket(78) with statsTag=0xffffffff, statsUid=-1
10-10 16:06:36.034 D/TrafficStats(14196): tagSocket(79) with statsTag=0xffffffff, statsUid=-1
10-10 16:06:36.050 D/TrafficStats(14196): tagSocket(80) with statsTag=0xffffffff, statsUid=-1
10-10 16:06:36.052 D/TrafficStats(14196): tagSocket(81) with statsTag=0xffffffff, statsUid=-1
10-10 16:06:36.053 D/TrafficStats(14196): tagSocket(82) with statsTag=0xffffffff, statsUid=-1
10-10 16:06:37.107 D/TrafficStats(14196): tagSocket(5) with statsTag=0xffffffff, statsUid=-1
10-10 16:06:37.123 D/TrafficStats(14196): tagSocket(78) with statsTag=0xffffffff, statsUid=-1
10-10 16:06:37.126 D/TrafficStats(14196): tagSocket(79) with statsTag=0xffffffff, statsUid=-1
10-10 16:06:37.137 D/TrafficStats(14196): tagSocket(80) with statsTag=0xffffffff, statsUid=-1
10-10 16:06:37.139 D/TrafficStats(14196): tagSocket(81) with statsTag=0xffffffff, statsUid=-1
10-10 16:06:37.151 D/TrafficStats(14196): tagSocket(82) with statsTag=0xffffffff, statsUid=-1
10-10 16:06:37.438 I/.gms.persistent( 6357): Explicit concurrent mark compact GC freed 12MB AllocSpace bytes, 15(252KB) LOS objects, 75% free, 25MB/103MB, paused 2.316ms,6.753ms total 160.623ms
10-10 16:06:38.035 I/WifiHAL ( 1047): Creating message to get link statistics; iface = 47
10-10 16:06:38.099 I/WifiHAL ( 1047): In GetLinkStatsCommand::handleResponse
10-10 16:06:38.157 D/ConnectivityService( 1475): NetReassign [no changes] [c 1] [a 1] [i 12]
10-10 16:06:38.193 D/TrafficStats(14196): tagSocket(5) with statsTag=0xffffffff, statsUid=-1
10-10 16:06:38.224 D/TrafficStats(14196): tagSocket(78) with statsTag=0xffffffff, statsUid=-1
10-10 16:06:38.229 D/TrafficStats(14196): tagSocket(79) with statsTag=0xffffffff, statsUid=-1
10-10 16:06:38.231 D/TrafficStats(14196): tagSocket(80) with statsTag=0xffffffff, statsUid=-1
10-10 16:06:38.236 D/TrafficStats(14196): tagSocket(81) with statsTag=0xffffffff, statsUid=-1
10-10 16:06:38.242 D/TrafficStats(14196): tagSocket(82) with statsTag=0xffffffff, statsUid=-1
10-10 16:06:39.274 D/TrafficStats(14196): tagSocket(5) with statsTag=0xffffffff, statsUid=-1
10-10 16:06:39.285 D/TrafficStats(14196): tagSocket(78) with statsTag=0xffffffff, statsUid=-1
10-10 16:06:39.286 D/TrafficStats(14196): tagSocket(79) with statsTag=0xffffffff, statsUid=-1
10-10 16:06:39.294 D/TrafficStats(14196): tagSocket(80) with statsTag=0xffffffff, statsUid=-1
10-10 16:06:39.300 D/TrafficStats(14196): tagSocket(81) with statsTag=0xffffffff, statsUid=-1
10-10 16:06:39.317 D/TrafficStats(14196): tagSocket(82) with statsTag=0xffffffff, statsUid=-1
10-10 16:06:40.130 D/CHRE    ( 1230): @ 104264.178: Parsed nanoapp message from host: app ID 0x476f6f676c00100b endpoint 0x9 msgType 112 payload size 10
10-10 16:06:40.130 I/CHRE    ( 1230): @ 104264.178: [NanoMinion] received MSG Type 0x70, Version 1, 6 bytes
10-10 16:06:40.130 I/CHRE    ( 1230): @ 104264.178: [AR] request.flush
10-10 16:06:40.130 I/CHRE    ( 1230): @ 104264.178: [AR] send to host, reason=3, sampleSize=0, transitionSize=0, lastAccelTime = 104182006, lastAudioTime = 0 
10-10 16:06:40.130 I/CHRE    ( 1230): @ 104264.178: [NanoMinion] sent MSG Type 0x72, Version 0, 19 bytes, MessageId 64
10-10 16:06:40.131 D/ContextHubHal( 1018): Got message from nanoapp: ID 0x476f6f676c00100b
10-10 16:06:40.131 I/CapoDetector( 1497): handleNanoappMessage, Id 5147455389092024331, type 1025, size 27
10-10 16:06:40.162 W/AppOps  ( 1475): Noting op not finished: uid 10143 pkg com.google.android.gms code 79 startTime of in progress event=1728556509655
10-10 16:06:40.167 W/JobScheduler( 1475): Job didn't exist in JobStore: 70b83b4 #1000/100290 com.android.calendar/com.google/zebra07.swdvt@gmail.com:android
10-10 16:06:40.175 W/AppOps  ( 1475): Noting op not finished: uid 10143 pkg com.google.android.gms code 113 startTime of in progress event=1728556509655
10-10 16:06:40.183 W/AppOps  ( 1475): Noting op not finished: uid 10143 pkg com.google.android.gms code 113 startTime of in progress event=1728556509655
10-10 16:06:40.191 I/ActivityScheduler( 6357): nextTriggerTime: 104362309, in 60000ms, detectorType: 0,  alarmWindowMillis: 7500
10-10 16:06:40.192 W/cal.adre(32132): Application name is not set. Call Builder#setApplicationName.
10-10 16:06:40.359 D/TrafficStats(14196): tagSocket(5) with statsTag=0xffffffff, statsUid=-1
10-10 16:06:40.363 D/TrafficStats(14196): tagSocket(78) with statsTag=0xffffffff, statsUid=-1
10-10 16:06:40.368 D/TrafficStats(14196): tagSocket(79) with statsTag=0xffffffff, statsUid=-1
10-10 16:06:40.374 D/TrafficStats(14196): tagSocket(80) with statsTag=0xffffffff, statsUid=-1
10-10 16:06:40.377 D/TrafficStats(14196): tagSocket(81) with statsTag=0xffffffff, statsUid=-1
10-10 16:06:40.379 D/TrafficStats(14196): tagSocket(82) with statsTag=0xffffffff, statsUid=-1
10-10 16:06:40.604 D/BluetoothAdapterService( 2255): cancelDiscovery
10-10 16:06:40.605 I/bt_btif_dm( 2255): packages/modules/Bluetooth/system/btif/src/btif_dm.cc:2145 btif_dm_cancel_discovery: Cancel search
10-10 16:06:40.607 D/BluetoothAdapter(11704): isLeEnabled(): ON
10-10 16:06:40.613 I/bt_stack( 2255): [INFO:le_scanning_manager.cc(141)] RegisterScanner in shim layer
10-10 16:06:40.615 D/BluetoothLeScanner(11704): onScannerRegistered() - status=0 scannerId=2 mScannerId=0
10-10 16:06:40.622 I/bt_stack( 2255): [INFO:le_scanning_manager.cc(238)] ScanFilterEnable in shim layer
10-10 16:06:40.624 I/bt_stack( 2255): [INFO:le_scanning_manager.cc(213)] ScanFilterAdd in shim layer
10-10 16:06:40.625 D/ActivityAttributionService( 2255): notifyActivityAttributionInfo UID=1002 packageName=com.google.android.bluetooth deviceAddress=no_active_device_address
10-10 16:06:40.625 I/bt_stack( 2255): [INFO:le_scanning_manager.cc(174)] ScanFilterParamSetup in shim layer
10-10 16:06:40.625 I/bt_btif ( 2255): packages/modules/Bluetooth/system/btif/src/bluetooth.cc:465 get_profile_interface: get_profile_interface: id = activity_attribution
10-10 16:06:40.762 I/cr_CronetUrlRequestContext(32132): destroyNativeStreamLocked org.chromium.net.impl.CronetBidirectionalStream@79764df
10-10 16:06:41.149 I/WifiHAL ( 1047): Creating message to get link statistics; iface = 47
10-10 16:06:41.186 I/flutter (14457): [2024-10-10 16:06:41.185949] Active subscriptions (2)
10-10 16:06:41.224 I/WifiHAL ( 1047): In GetLinkStatsCommand::handleResponse
10-10 16:06:41.281 D/ConnectivityService( 1475): NetReassign [no changes] [c 2] [a 0] [i 12]
10-10 16:06:41.415 D/TrafficStats(14196): tagSocket(5) with statsTag=0xffffffff, statsUid=-1
10-10 16:06:41.434 D/TrafficStats(14196): tagSocket(78) with statsTag=0xffffffff, statsUid=-1
10-10 16:06:41.438 D/TrafficStats(14196): tagSocket(79) with statsTag=0xffffffff, statsUid=-1
10-10 16:06:41.461 D/TrafficStats(14196): tagSocket(80) with statsTag=0xffffffff, statsUid=-1
10-10 16:06:41.466 D/TrafficStats(14196): tagSocket(81) with statsTag=0xffffffff, statsUid=-1
10-10 16:06:41.467 D/TrafficStats(14196): tagSocket(82) with statsTag=0xffffffff, statsUid=-1
10-10 16:06:42.510 D/TrafficStats(14196): tagSocket(5) with statsTag=0xffffffff, statsUid=-1
10-10 16:06:42.518 D/TrafficStats(14196): tagSocket(78) with statsTag=0xffffffff, statsUid=-1
10-10 16:06:42.540 D/TrafficStats(14196): tagSocket(79) with statsTag=0xffffffff, statsUid=-1
10-10 16:06:42.549 D/TrafficStats(14196): tagSocket(80) with statsTag=0xffffffff, statsUid=-1
10-10 16:06:42.552 D/TrafficStats(14196): tagSocket(81) with statsTag=0xffffffff, statsUid=-1
10-10 16:06:42.555 D/TrafficStats(14196): tagSocket(82) with statsTag=0xffffffff, statsUid=-1
10-10 16:06:43.614 D/TrafficStats(14196): tagSocket(5) with statsTag=0xffffffff, statsUid=-1
10-10 16:06:43.622 D/TrafficStats(14196): tagSocket(78) with statsTag=0xffffffff, statsUid=-1
10-10 16:06:43.623 D/TrafficStats(14196): tagSocket(79) with statsTag=0xffffffff, statsUid=-1
10-10 16:06:43.628 D/TrafficStats(14196): tagSocket(80) with statsTag=0xffffffff, statsUid=-1
10-10 16:06:43.631 D/TrafficStats(14196): tagSocket(81) with statsTag=0xffffffff, statsUid=-1
10-10 16:06:43.635 D/TrafficStats(14196): tagSocket(82) with statsTag=0xffffffff, statsUid=-1
10-10 16:06:43.716 W/JobInfo ( 1475): Requested flex +57m36s0ms for job 101011 is too small; raising to +1h12m0s0ms
10-10 16:06:44.270 I/WifiHAL ( 1047): Creating message to get link statistics; iface = 47
10-10 16:06:44.333 I/WifiHAL ( 1047): In GetLinkStatsCommand::handleResponse
10-10 16:06:44.381 D/ConnectivityService( 1475): NetReassign [no changes] [c 1] [a 0] [i 12]
10-10 16:06:44.701 D/TrafficStats(14196): tagSocket(5) with statsTag=0xffffffff, statsUid=-1
10-10 16:06:44.711 D/TrafficStats(14196): tagSocket(78) with statsTag=0xffffffff, statsUid=-1
10-10 16:06:44.712 D/TrafficStats(14196): tagSocket(79) with statsTag=0xffffffff, statsUid=-1
10-10 16:06:44.716 D/TrafficStats(14196): tagSocket(80) with statsTag=0xffffffff, statsUid=-1
10-10 16:06:44.729 D/TrafficStats(14196): tagSocket(81) with statsTag=0xffffffff, statsUid=-1
10-10 16:06:44.737 D/TrafficStats(14196): tagSocket(82) with statsTag=0xffffffff, statsUid=-1
10-10 16:06:45.792 D/TrafficStats(14196): tagSocket(5) with statsTag=0xffffffff, statsUid=-1
10-10 16:06:45.798 D/TrafficStats(14196): tagSocket(78) with statsTag=0xffffffff, statsUid=-1
10-10 16:06:45.803 D/TrafficStats(14196): tagSocket(79) with statsTag=0xffffffff, statsUid=-1
10-10 16:06:45.804 D/TrafficStats(14196): tagSocket(80) with statsTag=0xffffffff, statsUid=-1
10-10 16:06:45.810 D/TrafficStats(14196): tagSocket(81) with statsTag=0xffffffff, statsUid=-1
10-10 16:06:45.814 D/TrafficStats(14196): tagSocket(82) with statsTag=0xffffffff, statsUid=-1
10-10 16:06:46.874 D/TrafficStats(14196): tagSocket(5) with statsTag=0xffffffff, statsUid=-1
10-10 16:06:46.880 D/TrafficStats(14196): tagSocket(78) with statsTag=0xffffffff, statsUid=-1
10-10 16:06:46.890 D/TrafficStats(14196): tagSocket(79) with statsTag=0xffffffff, statsUid=-1
10-10 16:06:46.904 D/TrafficStats(14196): tagSocket(80) with statsTag=0xffffffff, statsUid=-1
10-10 16:06:46.907 D/TrafficStats(14196): tagSocket(81) with statsTag=0xffffffff, statsUid=-1
10-10 16:06:46.909 D/TrafficStats(14196): tagSocket(82) with statsTag=0xffffffff, statsUid=-1
10-10 16:06:47.371 I/WifiHAL ( 1047): Creating message to get link statistics; iface = 47
10-10 16:06:47.438 I/WifiHAL ( 1047): In GetLinkStatsCommand::handleResponse
10-10 16:06:47.491 D/ConnectivityService( 1475): NetReassign [no changes] [c 1] [a 1] [i 7]
10-10 16:06:47.941 D/TrafficStats(14196): tagSocket(5) with statsTag=0xffffffff, statsUid=-1
10-10 16:06:47.948 D/TrafficStats(14196): tagSocket(78) with statsTag=0xffffffff, statsUid=-1
10-10 16:06:47.957 D/TrafficStats(14196): tagSocket(79) with statsTag=0xffffffff, statsUid=-1
10-10 16:06:47.964 D/TrafficStats(14196): tagSocket(80) with statsTag=0xffffffff, statsUid=-1
10-10 16:06:47.986 D/TrafficStats(14196): tagSocket(81) with statsTag=0xffffffff, statsUid=-1
10-10 16:06:48.021 D/TrafficStats(14196): tagSocket(82) with statsTag=0xffffffff, statsUid=-1
10-10 16:06:49.046 D/TrafficStats(14196): tagSocket(5) with statsTag=0xffffffff, statsUid=-1
10-10 16:06:49.051 D/TrafficStats(14196): tagSocket(78) with statsTag=0xffffffff, statsUid=-1
10-10 16:06:49.054 D/TrafficStats(14196): tagSocket(79) with statsTag=0xffffffff, statsUid=-1
10-10 16:06:49.056 D/TrafficStats(14196): tagSocket(80) with statsTag=0xffffffff, statsUid=-1
10-10 16:06:49.063 D/TrafficStats(14196): tagSocket(81) with statsTag=0xffffffff, statsUid=-1
10-10 16:06:49.079 D/TrafficStats(14196): tagSocket(82) with statsTag=0xffffffff, statsUid=-1
10-10 16:06:50.139 D/TrafficStats(14196): tagSocket(5) with statsTag=0xffffffff, statsUid=-1
10-10 16:06:50.166 D/TrafficStats(14196): tagSocket(78) with statsTag=0xffffffff, statsUid=-1
10-10 16:06:50.167 D/TrafficStats(14196): tagSocket(79) with statsTag=0xffffffff, statsUid=-1
10-10 16:06:50.173 D/TrafficStats(14196): tagSocket(80) with statsTag=0xffffffff, statsUid=-1
10-10 16:06:50.174 D/TrafficStats(14196): tagSocket(81) with statsTag=0xffffffff, statsUid=-1
10-10 16:06:50.185 D/TrafficStats(14196): tagSocket(82) with statsTag=0xffffffff, statsUid=-1
10-10 16:06:50.488 I/WifiHAL ( 1047): Creating message to get link statistics; iface = 47
10-10 16:06:50.562 I/WifiHAL ( 1047): In GetLinkStatsCommand::handleResponse
10-10 16:06:50.621 D/ConnectivityService( 1475): NetReassign [no changes] [c 1] [a 1] [i 12]
10-10 16:06:51.250 D/TrafficStats(14196): tagSocket(5) with statsTag=0xffffffff, statsUid=-1
10-10 16:06:51.257 D/TrafficStats(14196): tagSocket(78) with statsTag=0xffffffff, statsUid=-1
10-10 16:06:51.261 D/TrafficStats(14196): tagSocket(79) with statsTag=0xffffffff, statsUid=-1
10-10 16:06:51.263 D/TrafficStats(14196): tagSocket(80) with statsTag=0xffffffff, statsUid=-1
10-10 16:06:51.264 D/TrafficStats(14196): tagSocket(81) with statsTag=0xffffffff, statsUid=-1
10-10 16:06:51.275 D/TrafficStats(14196): tagSocket(82) with statsTag=0xffffffff, statsUid=-1
10-10 16:06:52.334 D/TrafficStats(14196): tagSocket(5) with statsTag=0xffffffff, statsUid=-1
10-10 16:06:52.343 D/TrafficStats(14196): tagSocket(78) with statsTag=0xffffffff, statsUid=-1
10-10 16:06:52.348 D/TrafficStats(14196): tagSocket(79) with statsTag=0xffffffff, statsUid=-1
10-10 16:06:52.352 D/TrafficStats(14196): tagSocket(80) with statsTag=0xffffffff, statsUid=-1
10-10 16:06:52.358 D/TrafficStats(14196): tagSocket(81) with statsTag=0xffffffff, statsUid=-1
10-10 16:06:52.359 D/TrafficStats(14196): tagSocket(82) with statsTag=0xffffffff, statsUid=-1
10-10 16:06:53.416 D/TrafficStats(14196): tagSocket(5) with statsTag=0xffffffff, statsUid=-1
10-10 16:06:53.436 D/TrafficStats(14196): tagSocket(78) with statsTag=0xffffffff, statsUid=-1
10-10 16:06:53.437 D/TrafficStats(14196): tagSocket(79) with statsTag=0xffffffff, statsUid=-1
10-10 16:06:53.439 D/TrafficStats(14196): tagSocket(80) with statsTag=0xffffffff, statsUid=-1
10-10 16:06:53.443 D/TrafficStats(14196): tagSocket(81) with statsTag=0xffffffff, statsUid=-1
10-10 16:06:53.444 D/TrafficStats(14196): tagSocket(82) with statsTag=0xffffffff, statsUid=-1
10-10 16:06:53.606 I/WifiHAL ( 1047): Creating message to get link statistics; iface = 47
10-10 16:06:53.652 I/WifiHAL ( 1047): In GetLinkStatsCommand::handleResponse
10-10 16:06:53.681 D/ConnectivityService( 1475): NetReassign [no changes] [c 0] [a 0] [i 3]
10-10 16:06:54.652 D/TrafficStats(14196): tagSocket(5) with statsTag=0xffffffff, statsUid=-1
10-10 16:06:54.668 D/TrafficStats(14196): tagSocket(78) with statsTag=0xffffffff, statsUid=-1
10-10 16:06:54.670 D/TrafficStats(14196): tagSocket(79) with statsTag=0xffffffff, statsUid=-1
10-10 16:06:54.672 D/TrafficStats(14196): tagSocket(80) with statsTag=0xffffffff, statsUid=-1
10-10 16:06:54.675 D/TrafficStats(14196): tagSocket(81) with statsTag=0xffffffff, statsUid=-1
10-10 16:06:54.676 D/TrafficStats(14196): tagSocket(82) with statsTag=0xffffffff, statsUid=-1
10-10 16:06:55.730 D/TrafficStats(14196): tagSocket(5) with statsTag=0xffffffff, statsUid=-1
10-10 16:06:55.740 D/TrafficStats(14196): tagSocket(78) with statsTag=0xffffffff, statsUid=-1
10-10 16:06:55.741 D/TrafficStats(14196): tagSocket(79) with statsTag=0xffffffff, statsUid=-1
10-10 16:06:55.742 D/TrafficStats(14196): tagSocket(80) with statsTag=0xffffffff, statsUid=-1
10-10 16:06:55.758 D/TrafficStats(14196): tagSocket(81) with statsTag=0xffffffff, statsUid=-1
10-10 16:06:55.760 D/TrafficStats(14196): tagSocket(82) with statsTag=0xffffffff, statsUid=-1
10-10 16:06:55.998 D/TrafficStats(14196): tagSocket(5) with statsTag=0xffffffff, statsUid=-1
10-10 16:06:56.001 I/System.out(14196): {"id":"d8b0f073-3968-4ace-b074-a62b220e8ed7","uri":"poco-uiautomation-framework","method":[["getattr","selector"],["getattr","select"],["call",[["",["and",[["attr=",["name","Jewelry\nFor labeling and pricing small items\nFor use with Label Cartridges:\nZSB-LC8, ZSB-LC108"]]]]],["",false]]]],"session_id":"f3eebfe4-42bc-4956-b03f-3459e31c9a06"}
10-10 16:06:56.176 I/flutter (14457): [2024-10-10 16:06:56.176017] Active subscriptions (2)
10-10 16:06:56.684 I/WifiHAL ( 1047): Creating message to get link statistics; iface = 47
10-10 16:06:56.752 I/WifiHAL ( 1047): In GetLinkStatsCommand::handleResponse
10-10 16:06:56.768 D/TrafficStats(14196): tagSocket(5) with statsTag=0xffffffff, statsUid=-1
10-10 16:06:56.778 D/TrafficStats(14196): tagSocket(78) with statsTag=0xffffffff, statsUid=-1
10-10 16:06:56.791 D/TrafficStats(14196): tagSocket(79) with statsTag=0xffffffff, statsUid=-1
10-10 16:06:56.798 D/ConnectivityService( 1475): NetReassign [no changes] [c 0] [a 1] [i 2]
10-10 16:06:56.812 D/TrafficStats(14196): tagSocket(80) with statsTag=0xffffffff, statsUid=-1
10-10 16:06:56.815 D/TrafficStats(14196): tagSocket(81) with statsTag=0xffffffff, statsUid=-1
10-10 16:06:56.827 D/TrafficStats(14196): tagSocket(82) with statsTag=0xffffffff, statsUid=-1
10-10 16:06:57.850 D/TrafficStats(14196): tagSocket(5) with statsTag=0xffffffff, statsUid=-1
10-10 16:06:57.873 D/TrafficStats(14196): tagSocket(78) with statsTag=0xffffffff, statsUid=-1
10-10 16:06:57.875 D/TrafficStats(14196): tagSocket(79) with statsTag=0xffffffff, statsUid=-1
10-10 16:06:57.876 D/TrafficStats(14196): tagSocket(80) with statsTag=0xffffffff, statsUid=-1
10-10 16:06:57.887 D/TrafficStats(14196): tagSocket(81) with statsTag=0xffffffff, statsUid=-1
10-10 16:06:57.893 D/TrafficStats(14196): tagSocket(82) with statsTag=0xffffffff, statsUid=-1
10-10 16:06:58.668 W/doh::connection(  997): Connection driver returns some Err: Closed
10-10 16:06:58.925 D/TrafficStats(14196): tagSocket(5) with statsTag=0xffffffff, statsUid=-1
10-10 16:06:58.969 D/TrafficStats(14196): tagSocket(78) with statsTag=0xffffffff, statsUid=-1
10-10 16:06:58.971 D/TrafficStats(14196): tagSocket(79) with statsTag=0xffffffff, statsUid=-1
10-10 16:06:58.975 D/TrafficStats(14196): tagSocket(80) with statsTag=0xffffffff, statsUid=-1
10-10 16:06:58.977 D/TrafficStats(14196): tagSocket(81) with statsTag=0xffffffff, statsUid=-1
10-10 16:06:58.983 D/TrafficStats(14196): tagSocket(82) with statsTag=0xffffffff, statsUid=-1
10-10 16:06:59.792 I/WifiHAL ( 1047): Creating message to get link statistics; iface = 47
10-10 16:06:59.872 I/WifiHAL ( 1047): In GetLinkStatsCommand::handleResponse
10-10 16:06:59.922 D/ConnectivityService( 1475): NetReassign [no changes] [c 0] [a 1] [i 6]
10-10 16:07:00.015 D/TrafficStats(14196): tagSocket(5) with statsTag=0xffffffff, statsUid=-1
10-10 16:07:00.041 D/TrafficStats(14196): tagSocket(78) with statsTag=0xffffffff, statsUid=-1
10-10 16:07:00.043 I/AiAiEcho( 3124): (REDACTED) Predicting[%d]: %s
10-10 16:07:00.044 I/AiAiEcho( 3124): (REDACTED) EchoTargets: %s
10-10 16:07:00.044 I/AiAiEcho( 3124): Filtered by AiAi flag check: %s
10-10 16:07:00.044 I/AiAiEcho( 3124): (REDACTED) Ranked targets strategy: %s, count: %d, ranking metadata: %s
10-10 16:07:00.046 I/AiAiEcho( 3124): (REDACTED) #weatherTwiddler: Weather removes SubtitleSupplementalItem in surface: %s
10-10 16:07:00.046 I/AiAiEcho( 3124): #remoteViewsTwiddler: feature disabled.
10-10 16:07:00.046 I/AiAiEcho( 3124): (REDACTED) Predicting[%d]: %s
10-10 16:07:00.046 I/AiAiEcho( 3124): (REDACTED) EchoTargets: %s
10-10 16:07:00.046 I/AiAiEcho( 3124): Filtered by AiAi flag check: %s
10-10 16:07:00.047 I/AiAiEcho( 3124): (REDACTED) Ranked targets strategy: %s, count: %d, ranking metadata: %s
10-10 16:07:00.047 I/AiAiEcho( 3124): (REDACTED) #weatherTwiddler: Weather removes SubtitleSupplementalItem in surface: %s
10-10 16:07:00.047 I/AiAiEcho( 3124): #remoteViewsTwiddler: feature disabled.
10-10 16:07:00.050 I/AiAiEcho( 3124): (REDACTED) #postPredictionTargets: Sending updates to UISurface %s with targets# %s (types=[%s])
10-10 16:07:00.052 D/SsBaseTemplateCard( 2066): No text view can be set up
10-10 16:07:00.052 D/SsBaseTemplateCard( 2066): Passed-in item info is null
10-10 16:07:00.052 D/SsBaseTemplateCard( 2066): Passed-in item info is null
10-10 16:07:00.052 I/SsBaseTemplateCard( 2066): Secondary card pane is null
10-10 16:07:00.053 I/AiAiEcho( 3124): (REDACTED) #postPredictionTargets: Sending updates to UISurface %s with targets# %s (types=[%s])
10-10 16:07:00.054 D/SsBaseTemplateCard( 2411): No text view can be set up
10-10 16:07:00.055 D/SsBaseTemplateCard( 2411): Passed-in item info is null
10-10 16:07:00.055 D/SsBaseTemplateCard( 2411): Passed-in item info is null
10-10 16:07:00.055 I/SsBaseTemplateCard( 2411): Secondary card pane is null
10-10 16:07:00.076 D/TrafficStats(14196): tagSocket(79) with statsTag=0xffffffff, statsUid=-1
10-10 16:07:00.086 D/TrafficStats(14196): tagSocket(80) with statsTag=0xffffffff, statsUid=-1
10-10 16:07:00.091 D/TrafficStats(14196): tagSocket(81) with statsTag=0xffffffff, statsUid=-1
10-10 16:07:00.120 D/TrafficStats(14196): tagSocket(5) with statsTag=0xffffffff, statsUid=-1
10-10 16:07:01.100 D/TrafficStats(14196): tagSocket(5) with statsTag=0xffffffff, statsUid=-1
10-10 16:07:01.111 D/TrafficStats(14196): tagSocket(78) with statsTag=0xffffffff, statsUid=-1
10-10 16:07:01.145 D/TrafficStats(14196): tagSocket(79) with statsTag=0xffffffff, statsUid=-1
10-10 16:07:01.156 D/TrafficStats(14196): tagSocket(80) with statsTag=0xffffffff, statsUid=-1
10-10 16:07:01.158 D/TrafficStats(14196): tagSocket(81) with statsTag=0xffffffff, statsUid=-1
10-10 16:07:01.764 D/TrafficStats(14196): tagSocket(5) with statsTag=0xffffffff, statsUid=-1
10-10 16:07:02.209 D/TrafficStats(14196): tagSocket(5) with statsTag=0xffffffff, statsUid=-1
10-10 16:07:02.216 D/TrafficStats(14196): tagSocket(78) with statsTag=0xffffffff, statsUid=-1
10-10 16:07:02.235 D/TrafficStats(14196): tagSocket(79) with statsTag=0xffffffff, statsUid=-1
10-10 16:07:02.237 D/TrafficStats(14196): tagSocket(80) with statsTag=0xffffffff, statsUid=-1
10-10 16:07:02.243 D/TrafficStats(14196): tagSocket(81) with statsTag=0xffffffff, statsUid=-1
10-10 16:07:02.857 D/TrafficStats(14196): tagSocket(5) with statsTag=0xffffffff, statsUid=-1
10-10 16:07:02.916 I/WifiHAL ( 1047): Creating message to get link statistics; iface = 47
10-10 16:07:02.961 I/WifiHAL ( 1047): In GetLinkStatsCommand::handleResponse
10-10 16:07:03.001 D/ConnectivityService( 1475): NetReassign [no changes] [c 0] [a 1] [i 3]
10-10 16:07:03.314 D/TrafficStats(14196): tagSocket(5) with statsTag=0xffffffff, statsUid=-1
10-10 16:07:03.318 D/TrafficStats(14196): tagSocket(78) with statsTag=0xffffffff, statsUid=-1
10-10 16:07:03.322 D/TrafficStats(14196): tagSocket(79) with statsTag=0xffffffff, statsUid=-1
10-10 16:07:03.326 D/TrafficStats(14196): tagSocket(80) with statsTag=0xffffffff, statsUid=-1
10-10 16:07:03.326 D/TrafficStats(14196): tagSocket(81) with statsTag=0xffffffff, statsUid=-1
10-10 16:07:03.942 D/TrafficStats(14196): tagSocket(5) with statsTag=0xffffffff, statsUid=-1
10-10 16:07:04.415 D/TrafficStats(14196): tagSocket(5) with statsTag=0xffffffff, statsUid=-1
10-10 16:07:04.420 D/TrafficStats(14196): tagSocket(78) with statsTag=0xffffffff, statsUid=-1
10-10 16:07:04.424 D/TrafficStats(14196): tagSocket(79) with statsTag=0xffffffff, statsUid=-1
10-10 16:07:04.425 D/TrafficStats(14196): tagSocket(80) with statsTag=0xffffffff, statsUid=-1
10-10 16:07:04.434 D/TrafficStats(14196): tagSocket(81) with statsTag=0xffffffff, statsUid=-1
10-10 16:07:05.049 D/TrafficStats(14196): tagSocket(5) with statsTag=0xffffffff, statsUid=-1
10-10 16:07:05.495 D/TrafficStats(14196): tagSocket(5) with statsTag=0xffffffff, statsUid=-1
10-10 16:07:05.500 D/TrafficStats(14196): tagSocket(78) with statsTag=0xffffffff, statsUid=-1
10-10 16:07:05.514 D/TrafficStats(14196): tagSocket(79) with statsTag=0xffffffff, statsUid=-1
10-10 16:07:05.517 D/TrafficStats(14196): tagSocket(80) with statsTag=0xffffffff, statsUid=-1
10-10 16:07:05.520 D/TrafficStats(14196): tagSocket(81) with statsTag=0xffffffff, statsUid=-1
10-10 16:07:05.999 I/WifiHAL ( 1047): Creating message to get link statistics; iface = 47
10-10 16:07:06.056 I/WifiHAL ( 1047): In GetLinkStatsCommand::handleResponse
10-10 16:07:06.111 D/ConnectivityService( 1475): NetReassign [no changes] [c 1] [a 1] [i 12]
10-10 16:07:06.138 D/TrafficStats(14196): tagSocket(5) with statsTag=0xffffffff, statsUid=-1
10-10 16:07:06.619 D/TrafficStats(14196): tagSocket(5) with statsTag=0xffffffff, statsUid=-1
10-10 16:07:06.624 D/TrafficStats(14196): tagSocket(78) with statsTag=0xffffffff, statsUid=-1
10-10 16:07:06.626 D/TrafficStats(14196): tagSocket(79) with statsTag=0xffffffff, statsUid=-1
10-10 16:07:06.628 D/TrafficStats(14196): tagSocket(80) with statsTag=0xffffffff, statsUid=-1
10-10 16:07:06.634 D/TrafficStats(14196): tagSocket(81) with statsTag=0xffffffff, statsUid=-1
10-10 16:07:07.223 D/TrafficStats(14196): tagSocket(5) with statsTag=0xffffffff, statsUid=-1
10-10 16:07:07.683 D/TrafficStats(14196): tagSocket(5) with statsTag=0xffffffff, statsUid=-1
10-10 16:07:07.701 D/TrafficStats(14196): tagSocket(78) with statsTag=0xffffffff, statsUid=-1
10-10 16:07:07.709 D/TrafficStats(14196): tagSocket(79) with statsTag=0xffffffff, statsUid=-1
10-10 16:07:07.715 D/TrafficStats(14196): tagSocket(80) with statsTag=0xffffffff, statsUid=-1
10-10 16:07:07.725 D/TrafficStats(14196): tagSocket(81) with statsTag=0xffffffff, statsUid=-1
10-10 16:07:08.343 D/TrafficStats(14196): tagSocket(5) with statsTag=0xffffffff, statsUid=-1
