10-10 16:05:17.407 D/TrafficStats(14196): tagSocket(5) with statsTag=0xffffffff, statsUid=-1
10-10 16:05:17.410 D/TrafficStats(14196): tagSocket(78) with statsTag=0xffffffff, statsUid=-1
10-10 16:05:17.411 D/TrafficStats(14196): tagSocket(79) with statsTag=0xffffffff, statsUid=-1
10-10 16:05:17.412 I/flutter (14457): [2024-10-10 16:05:17.412907] ____________________________________________________________
10-10 16:05:17.413 I/flutter (14457): [2024-10-10 16:05:17.413111] 
10-10 16:05:17.413 I/flutter (14457): *** Notification: 
10-10 16:05:17.413 I/flutter (14457):  id: 72780142
10-10 16:05:17.413 I/flutter (14457): payload: {"id":"72780142","result":{"associated":true,"essid":"NESTWIFI","channel":149,"strength":100,"rssi":-52,"noise_floor":-98,"address":"192.168.86.204","netmask":"255.255.255.0","gateway":"192.168.86.1","dhcp":true,"dns_servers":["192.168.86.1"],"security":"wpa psk"},"cmd":"wlan.get_status","timestamp":"2024-10-10T10:35:15.081045061Z"}
10-10 16:05:17.413 I/flutter (14457): customerId: a73ff158-aeb4-483c-ba21-5829038110e2
10-10 16:05:17.413 I/flutter (14457): subjectId: DCJ224400016CC47515DD7B11C0D01233917F9758F20DE
10-10 16:05:17.413 I/flutter (14457): type: RESULTS
10-10 16:05:17.413 I/flutter (14457): subject: PRINTER
10-10 16:05:17.413 I/flutter (14457): created: {
10-10 16:05:17.413 I/flutter (14457):   seconds: 1728556515
10-10 16:05:17.413 I/flutter (14457):   nanos: 89181497
10-10 16:05:17.413 I/flutter (14457): }
10-10 16:05:17.413 I/flutter (14457): ***
10-10 16:05:17.413 I/flutter (14457): [2024-10-10 16:05:17.413339] NON USER Notification
10-10 16:05:17.413 D/TrafficStats(14196): tagSocket(80) with statsTag=0xffffffff, statsUid=-1
10-10 16:05:17.413 D/TrafficStats(14196): tagSocket(81) with statsTag=0xffffffff, statsUid=-1
10-10 16:05:17.414 D/TrafficStats(14196): tagSocket(82) with statsTag=0xffffffff, statsUid=-1
10-10 16:05:17.415 I/flutter (14457): [2024-10-10 16:05:17.415055] ____________________________________________________________
10-10 16:05:17.415 I/flutter (14457): [2024-10-10 16:05:17.415172] 
10-10 16:05:17.415 I/flutter (14457): *** Notification: 
10-10 16:05:17.415 I/flutter (14457):  id: 72780142
10-10 16:05:17.415 I/flutter (14457): payload: {"id":"72780142","result":{"associated":true,"essid":"NESTWIFI","channel":149,"strength":100,"rssi":-52,"noise_floor":-98,"address":"192.168.86.204","netmask":"255.255.255.0","gateway":"192.168.86.1","dhcp":true,"dns_servers":["192.168.86.1"],"security":"wpa psk"},"cmd":"wlan.get_status","timestamp":"2024-10-10T10:35:15.081045061Z"}
10-10 16:05:17.415 I/flutter (14457): customerId: a73ff158-aeb4-483c-ba21-5829038110e2
10-10 16:05:17.415 I/flutter (14457): subjectId: DCJ224400016CC47515DD7B11C0D01233917F9758F20DE
10-10 16:05:17.415 I/flutter (14457): type: RESULTS
10-10 16:05:17.415 I/flutter (14457): subject: PRINTER
10-10 16:05:17.415 I/flutter (14457): created: {
10-10 16:05:17.415 I/flutter (14457):   seconds: 1728556515
10-10 16:05:17.415 I/flutter (14457):   nanos: 96837007
10-10 16:05:17.415 I/flutter (14457): }
10-10 16:05:17.415 I/flutter (14457): ***
10-10 16:05:17.415 I/flutter (14457): [2024-10-10 16:05:17.415290] NON USER Notification
10-10 16:05:17.416 I/flutter (14457): [2024-10-10 16:05:17.416481] [{ id: DCJ224400016CC47515DD7B11C0D01233917F9758F20DE, sn: DCJ224400016CC47515DD7B11C0D01233917F9758F20DE, name: ZSB-DP12, wlanStrength: 100, wlanName: NESTWIFI, wlanIP: 192.168.86.204 }]
10-10 16:05:17.417 I/flutter (14457): [2024-10-10 16:05:17.417651] ____________________________________________________________
10-10 16:05:17.417 I/flutter (14457): [2024-10-10 16:05:17.417841] 
10-10 16:05:17.417 I/flutter (14457): *** Notification: 
10-10 16:05:17.417 I/flutter (14457):  id: 01J9TZYFVWX2YENVQ1S9ZK3P5M
10-10 16:05:17.417 I/flutter (14457): customerId: a73ff158-aeb4-483c-ba21-5829038110e2
10-10 16:05:17.417 I/flutter (14457): type: PORTAL_EVENT
10-10 16:05:17.417 I/flutter (14457): action: REGISTERED
10-10 16:05:17.417 I/flutter (14457): subject: NOTIFICATIONS
10-10 16:05:17.417 I/flutter (14457): created: {
10-10 16:05:17.417 I/flutter (14457):   seconds: 1728556515
10-10 16:05:17.417 I/flutter (14457):   nanos: 196794132
10-10 16:05:17.417 I/flutter (14457): }
10-10 16:05:17.417 I/flutter (14457): ***
10-10 16:05:17.417 I/flutter (14457): [2024-10-10 16:05:17.417932] NOTIFICATIONS: Registered
10-10 16:05:17.418 I/flutter (14457): [2024-10-10 16:05:17.418018] ____________________________________________________________
10-10 16:05:17.418 I/flutter (14457): [2024-10-10 16:05:17.418090] 
10-10 16:05:17.418 I/flutter (14457): *** Notification: 
10-10 16:05:17.418 I/flutter (14457):  id: 01J9TZYFVWX2YENVQ1S9ZK3P5M
10-10 16:05:17.418 I/flutter (14457): customerId: a73ff158-aeb4-483c-ba21-5829038110e2
10-10 16:05:17.418 I/flutter (14457): type: PORTAL_EVENT
10-10 16:05:17.418 I/flutter (14457): action: REGISTERED
10-10 16:05:17.418 I/flutter (14457): subject: NOTIFICATIONS
10-10 16:05:17.418 I/flutter (14457): created: {
10-10 16:05:17.418 I/flutter (14457):   seconds: 1728556515
10-10 16:05:17.418 I/flutter (14457):   nanos: 196794132
10-10 16:05:17.418 I/flutter (14457): }
10-10 16:05:17.418 I/flutter (14457): ***
10-10 16:05:17.418 I/flutter (14457): [2024-10-10 16:05:17.418157] NOTIFICATIONS: Registered
10-10 16:05:17.431 I/flutter (14457): [2024-10-10 16:05:17.431305] unary request. timestamp: 2024-10-10 16:05:17.431273 method name: /zsbpportal.ZsbpPortalService/GetPreferences
10-10 16:05:17.437 I/flutter (14457): [2024-10-10 16:05:17.437570] dispose #4
10-10 16:05:17.437 I/flutter (14457): [2024-10-10 16:05:17.437848] getLocalTokens : access_token: GqBhRt0XLVVhFJif3L1mtLinR3nO
10-10 16:05:17.437 I/flutter (14457): [2024-10-10 16:05:17.437878] getLocalTokens : refresh_token: N0jU2ersy1dVigEfhlnFMxWIyljYDcKZrUJvmnsde4
10-10 16:05:17.437 I/flutter (14457): [2024-10-10 16:05:17.437909] getLocalTokens : id_token: eyJhbGciOiJSUzI1NiIsImtpZCI6IktHMDdOOFNPcFZGQ0gyNUlWYUNBZ3dpS0pWMF9SUzI1NiJ9.eyJzdWIiOiJ6ZWJyYTkwMS5zd2R2dEBnbWFpbC5jb20iLCJhdWQiOiJhcGlnZWVfbW9iaWxlYXBwX21iIiwianRpIjoiNktQSFFkMG8wcTMyZ2M0VE80dElQYyIsImlzcyI6Imh0dHBzOi8vcGkuemVicmEuY29tIiwiaWF0IjoxNzI4NDgxNzI0LCJleHAiOjE3Mjg0ODIwMjQsImF1dGhfdGltZSI6MTcyODQ4MTcyMCwiYWNyIjoiR29vZ2xlX1NvY2lhbF9sb2dpbl9Qb2xpY3kiLCJ6dWlkIjoiOWQ4NzNiMTYtODk0OC00YThiLTg5Y2YtMmIwMjgzNzU0Mjg0IiwicGkuc3JpIjoiMXo3Y1hySG1ia0lEdGRHV2VDNEc2X3FwVHhJLmRYTXRaV0Z6ZEMweSIsInNpZCI6IjF6N2NYckhtYmtJRHRkR1dlQzRHNl9xcFR4SS5kWE10WldGemRDMHkifQ.KjVEqDwHSbYZKFrABFORbiQpNzhMB2OfXg-9jA74knAl9QmtBe6eTiDnq-sORm2qzuFwOI1j-x5a76pcpvP8Tb6sXsbFstjJJwaAPmILujoMTqjc2P-Wq0gFS7GaDIPOh0F1a4hilWqiBcgLzNMyYZR-onE2Aw8gStk1NTEK0C0sXNuJ11mq5Gspzo-4DxWuw-UdzDmjGQWxO9uk2mScTiiqSy2bYBs3HAHg14NdYsfGGPbQ44GkJcn20JMw_7BuXwaEV_3efVkt0xp4ct7hi1LueVUnBFVQZ53T_qZIkIO4eTWVqcPMcCH3rWINHlS0H4KbmXqY3Ad5naVCFhLS7Q
10-10 16:05:17.437 I/flutter (14457): [2024-10-10 16:05:17.437939] getLocalTokens : expires_in: 3203s
10-10 16:05:17.437 I/flutter (14457): [2024-10-10 16:05:17.437968] verify: GqBhRt0XLVVhFJif3L1mtLinR3nO
10-10 16:05:17.586 I/WifiHAL ( 1047): Creating message to get link statistics; iface = 47
10-10 16:05:17.603 I/flutter (14457): [2024-10-10 16:05:17.603718] unary request. timestamp: 2024-10-10 16:05:17.603669 method name: /zsbpportal.ZsbpPortalService/GetBannerMessages
10-10 16:05:17.604 I/flutter (14457): [2024-10-10 16:05:17.604490] getLocalTokens : access_token: GqBhRt0XLVVhFJif3L1mtLinR3nO
10-10 16:05:17.604 I/flutter (14457): [2024-10-10 16:05:17.604559] getLocalTokens : refresh_token: N0jU2ersy1dVigEfhlnFMxWIyljYDcKZrUJvmnsde4
10-10 16:05:17.604 I/flutter (14457): [2024-10-10 16:05:17.604606] getLocalTokens : id_token: eyJhbGciOiJSUzI1NiIsImtpZCI6IktHMDdOOFNPcFZGQ0gyNUlWYUNBZ3dpS0pWMF9SUzI1NiJ9.eyJzdWIiOiJ6ZWJyYTkwMS5zd2R2dEBnbWFpbC5jb20iLCJhdWQiOiJhcGlnZWVfbW9iaWxlYXBwX21iIiwianRpIjoiNktQSFFkMG8wcTMyZ2M0VE80dElQYyIsImlzcyI6Imh0dHBzOi8vcGkuemVicmEuY29tIiwiaWF0IjoxNzI4NDgxNzI0LCJleHAiOjE3Mjg0ODIwMjQsImF1dGhfdGltZSI6MTcyODQ4MTcyMCwiYWNyIjoiR29vZ2xlX1NvY2lhbF9sb2dpbl9Qb2xpY3kiLCJ6dWlkIjoiOWQ4NzNiMTYtODk0OC00YThiLTg5Y2YtMmIwMjgzNzU0Mjg0IiwicGkuc3JpIjoiMXo3Y1hySG1ia0lEdGRHV2VDNEc2X3FwVHhJLmRYTXRaV0Z6ZEMweSIsInNpZCI6IjF6N2NYckhtYmtJRHRkR1dlQzRHNl9xcFR4SS5kWE10WldGemRDMHkifQ.KjVEqDwHSbYZKFrABFORbiQpNzhMB2OfXg-9jA74knAl9QmtBe6eTiDnq-sORm2qzuFwOI1j-x5a76pcpvP8Tb6sXsbFstjJJwaAPmILujoMTqjc2P-Wq0gFS7GaDIPOh0F1a4hilWqiBcgLzNMyYZR-onE2Aw8gStk1NTEK0C0sXNuJ11mq5Gspzo-4DxWuw-UdzDmjGQWxO9uk2mScTiiqSy2bYBs3HAHg14NdYsfGGPbQ44GkJcn20JMw_7BuXwaEV_3efVkt0xp4ct7hi1LueVUnBFVQZ53T_qZIkIO4eTWVqcPMcCH3rWINHlS0H4KbmXqY3Ad5naVCFhLS7Q
10-10 16:05:17.604 I/flutter (14457): [2024-10-10 16:05:17.604652] getLocalTokens : expires_in: 3203s
10-10 16:05:17.604 I/flutter (14457): [2024-10-10 16:05:17.604695] verify: GqBhRt0XLVVhFJif3L1mtLinR3nO
10-10 16:05:17.608 I/flutter (14457): [2024-10-10 16:05:17.608889] ____________________________________________________________
10-10 16:05:17.609 I/flutter (14457): [2024-10-10 16:05:17.609065] 
10-10 16:05:17.609 I/flutter (14457): *** Notification: 
10-10 16:05:17.609 I/flutter (14457):  id: 72780143
10-10 16:05:17.609 I/flutter (14457): payload: {"id":"72780143","result":[null,null,null,null,{"essid":"NESTWIFI","security":"wpa psk","address_resolution":{"type":"dhcp"}}],"cmd":"wlan.list_configurations","timestamp":"2024-10-10T10:35:15.332946330Z"}
10-10 16:05:17.609 I/flutter (14457): customerId: a73ff158-aeb4-483c-ba21-5829038110e2
10-10 16:05:17.609 I/flutter (14457): subjectId: DCJ224400016CC47515DD7B11C0D01233917F9758F20DE
10-10 16:05:17.609 I/flutter (14457): type: RESULTS
10-10 16:05:17.609 I/flutter (14457): subject: PRINTER
10-10 16:05:17.609 I/flutter (14457): created: {
10-10 16:05:17.609 I/flutter (14457):   seconds: 1728556515
10-10 16:05:17.609 I/flutter (14457):   nanos: 342144471
10-10 16:05:17.609 I/flutter (14457): }
10-10 16:05:17.609 I/flutter (14457): ***
10-10 16:05:17.609 I/flutter (14457): [2024-10-10 16:05:17.609180] Unhandled Printer Notification: PRINTER UNKNOWN_ACTION
10-10 16:05:17.609 I/flutter (14457): [2024-10-10 16:05:17.609344] NON USER Notification
10-10 16:05:17.609 I/flutter (14457): [2024-10-10 16:05:17.609426] ____________________________________________________________
10-10 16:05:17.609 I/flutter (14457): [2024-10-10 16:05:17.609516] 
10-10 16:05:17.609 I/flutter (14457): *** Notification: 
10-10 16:05:17.609 I/flutter (14457):  id: 72780143
10-10 16:05:17.609 I/flutter (14457): payload: {"id":"72780143","result":[null,null,null,null,{"essid":"NESTWIFI","security":"wpa psk","address_resolution":{"type":"dhcp"}}],"cmd":"wlan.list_configurations","timestamp":"2024-10-10T10:35:15.332946330Z"}
10-10 16:05:17.609 I/flutter (14457): customerId: a73ff158-aeb4-483c-ba21-5829038110e2
10-10 16:05:17.609 I/flutter (14457): subjectId: DCJ224400016CC47515DD7B11C0D01233917F9758F20DE
10-10 16:05:17.609 I/flutter (14457): type: RESULTS
10-10 16:05:17.609 I/flutter (14457): subject: PRINTER
10-10 16:05:17.609 I/flutter (14457): created: {
10-10 16:05:17.609 I/flutter (14457):   seconds: 1728556515
10-10 16:05:17.609 I/flutter (14457):   nanos: 342144471
10-10 16:05:17.609 I/flutter (14457): }
10-10 16:05:17.609 I/flutter (14457): ***
10-10 16:05:17.609 I/flutter (14457): [2024-10-10 16:05:17.609574] Unhandled Printer Notification: PRINTER UNKNOWN_ACTION
10-10 16:05:17.610 I/flutter (14457): [2024-10-10 16:05:17.610421] ____________________________________________________________
10-10 16:05:17.610 I/flutter (14457): [2024-10-10 16:05:17.610543] 
10-10 16:05:17.610 I/flutter (14457): *** Notification: 
10-10 16:05:17.610 I/flutter (14457):  id: 72780143
10-10 16:05:17.610 I/flutter (14457): payload: {"id":"72780143","result":[null,null,null,null,{"essid":"NESTWIFI","security":"wpa psk","address_resolution":{"type":"dhcp"}}],"cmd":"wlan.list_configurations","timestamp":"2024-10-10T10:35:15.332946330Z"}
10-10 16:05:17.610 I/flutter (14457): customerId: a73ff158-aeb4-483c-ba21-5829038110e2
10-10 16:05:17.610 I/flutter (14457): subjectId: DCJ224400016CC47515DD7B11C0D01233917F9758F20DE
10-10 16:05:17.610 I/flutter (14457): type: RESULTS
10-10 16:05:17.610 I/flutter (14457): subject: PRINTER
10-10 16:05:17.610 I/flutter (14457): created: {
10-10 16:05:17.610 I/flutter (14457):   seconds: 1728556515
10-10 16:05:17.610 I/flutter (14457):   nanos: 349966239
10-10 16:05:17.610 I/flutter (14457): }
10-10 16:05:17.610 I/flutter (14457): ***
10-10 16:05:17.610 I/flutter (14457): [2024-10-10 16:05:17.610639] Unhandled Printer Notification: PRINTER UNKNOWN_ACTION
10-10 16:05:17.610 I/flutter (14457): [2024-10-10 16:05:17.610695] NON USER Notification
10-10 16:05:17.610 I/flutter (14457): [2024-10-10 16:05:17.610768] ____________________________________________________________
10-10 16:05:17.610 I/flutter (14457): [2024-10-10 16:05:17.610849] 
10-10 16:05:17.610 I/flutter (14457): *** Notification: 
10-10 16:05:17.610 I/flutter (14457):  id: 72780143
10-10 16:05:17.610 I/flutter (14457): payload: {"id":"72780143","result":[null,null,null,null,{"essid":"NESTWIFI","security":"wpa psk","address_resolution":{"type":"dhcp"}}],"cmd":"wlan.list_configurations","timestamp":"2024-10-10T10:35:15.332946330Z"}
10-10 16:05:17.610 I/flutter (14457): customerId: a73ff158-aeb4-483c-ba21-5829038110e2
10-10 16:05:17.610 I/flutter (14457): subjectId: DCJ224400016CC47515DD7B11C0D01233917F9758F20DE
10-10 16:05:17.610 I/flutter (14457): type: RESULTS
10-10 16:05:17.610 I/flutter (14457): subject: PRINTER
10-10 16:05:17.610 I/flutter (14457): created: {
10-10 16:05:17.610 I/flutter (14457):   seconds: 1728556515
10-10 16:05:17.610 I/flutter (14457):   nanos: 349966239
10-10 16:05:17.610 I/flutter (14457): }
10-10 16:05:17.610 I/flutter (14457): ***
10-10 16:05:17.610 I/flutter (14457): [2024-10-10 16:05:17.610915] Unhandled Printer Notification: PRINTER UNKNOWN_ACTION
10-10 16:05:17.634 I/WifiHAL ( 1047): In GetLinkStatsCommand::handleResponse
10-10 16:05:17.671 D/ConnectivityService( 1475): NetReassign [no changes] [c 1] [a 0] [i 11]
10-10 16:05:18.492 D/TrafficStats(14196): tagSocket(5) with statsTag=0xffffffff, statsUid=-1
10-10 16:05:18.495 D/TrafficStats(14196): tagSocket(78) with statsTag=0xffffffff, statsUid=-1
10-10 16:05:18.520 D/TrafficStats(14196): tagSocket(79) with statsTag=0xffffffff, statsUid=-1
10-10 16:05:18.521 D/TrafficStats(14196): tagSocket(80) with statsTag=0xffffffff, statsUid=-1
10-10 16:05:18.526 D/TrafficStats(14196): tagSocket(81) with statsTag=0xffffffff, statsUid=-1
10-10 16:05:18.527 D/TrafficStats(14196): tagSocket(82) with statsTag=0xffffffff, statsUid=-1
10-10 16:05:19.882 E/ExoPlayerImplInternal(14457): Playback error
10-10 16:05:19.882 E/ExoPlayerImplInternal(14457):   c3.q: Source error
10-10 16:05:19.882 E/ExoPlayerImplInternal(14457):       at c3.l1.G(Unknown Source:16)
10-10 16:05:19.882 E/ExoPlayerImplInternal(14457):       at c3.l1.handleMessage(Unknown Source:323)
10-10 16:05:19.882 E/ExoPlayerImplInternal(14457):       at android.os.Handler.dispatchMessage(Handler.java:102)
10-10 16:05:19.882 E/ExoPlayerImplInternal(14457):       at android.os.Looper.loopOnce(Looper.java:201)
10-10 16:05:19.882 E/ExoPlayerImplInternal(14457):       at android.os.Looper.loop(Looper.java:288)
10-10 16:05:19.882 E/ExoPlayerImplInternal(14457):       at android.os.HandlerThread.run(HandlerThread.java:67)
10-10 16:05:19.882 E/ExoPlayerImplInternal(14457):   Caused by: b5.z$b: java.io.FileNotFoundException: /data/user/0/com.zebra.soho_app/app_flutter/lucas1.mp4: open failed: ENOENT (No such file or directory)
10-10 16:05:19.882 E/ExoPlayerImplInternal(14457):       at b5.z.v(Unknown Source:78)
10-10 16:05:19.882 E/ExoPlayerImplInternal(14457):       at b5.z.a(Unknown Source:7)
10-10 16:05:19.882 E/ExoPlayerImplInternal(14457):       at b5.s.a(Unknown Source:140)
10-10 16:05:19.882 E/ExoPlayerImplInternal(14457):       at b5.l0.a(Unknown Source:12)
10-10 16:05:19.882 E/ExoPlayerImplInternal(14457):       at g4.g0$a.a(Unknown Source:25)
10-10 16:05:19.882 E/ExoPlayerImplInternal(14457):       at b5.d0$d.run(Unknown Source:53)
10-10 16:05:19.882 E/ExoPlayerImplInternal(14457):       at java.util.concurrent.ThreadPoolExecutor.runWorker(ThreadPoolExecutor.java:1145)
10-10 16:05:19.882 E/ExoPlayerImplInternal(14457):       at java.util.concurrent.ThreadPoolExecutor$Worker.run(ThreadPoolExecutor.java:644)
10-10 16:05:19.882 E/ExoPlayerImplInternal(14457):       at java.lang.Thread.run(Thread.java:1012)
10-10 16:05:19.882 E/ExoPlayerImplInternal(14457):   Caused by: java.io.FileNotFoundException: /data/user/0/com.zebra.soho_app/app_flutter/lucas1.mp4: open failed: ENOENT (No such file or directory)
10-10 16:05:19.882 E/ExoPlayerImplInternal(14457):       at libcore.io.IoBridge.open(IoBridge.java:574)
10-10 16:05:19.882 E/ExoPlayerImplInternal(14457):       at java.io.RandomAccessFile.<init>(RandomAccessFile.java:307)
10-10 16:05:19.882 E/ExoPlayerImplInternal(14457):       at java.io.RandomAccessFile.<init>(RandomAccessFile.java:237)
10-10 16:05:19.882 E/ExoPlayerImplInternal(14457):       at java.io.RandomAccessFile.<init>(RandomAccessFile.java:154)
10-10 16:05:19.882 E/ExoPlayerImplInternal(14457):       at b5.z.v(Unknown Source:16)
10-10 16:05:19.882 E/ExoPlayerImplInternal(14457):       ... 8 more
10-10 16:05:19.882 E/ExoPlayerImplInternal(14457):   Caused by: android.system.ErrnoException: open failed: ENOENT (No such file or directory)
10-10 16:05:19.882 E/ExoPlayerImplInternal(14457):       at libcore.io.Linux.open(Native Method)
10-10 16:05:19.882 E/ExoPlayerImplInternal(14457):       at libcore.io.ForwardingOs.open(ForwardingOs.java:563)
10-10 16:05:19.882 E/ExoPlayerImplInternal(14457):       at libcore.io.BlockGuardOs.open(BlockGuardOs.java:274)
10-10 16:05:19.882 E/ExoPlayerImplInternal(14457):       at libcore.io.ForwardingOs.open(ForwardingOs.java:563)
10-10 16:05:19.882 E/ExoPlayerImplInternal(14457):       at android.app.ActivityThread$AndroidOs.open(ActivityThread.java:7804)
10-10 16:05:19.882 E/ExoPlayerImplInternal(14457):       at libcore.io.IoBridge.open(IoBridge.java:560)
10-10 16:05:19.882 E/ExoPlayerImplInternal(14457):       ... 12 more
10-10 16:05:20.138 D/TrafficStats(14196): tagSocket(5) with statsTag=0xffffffff, statsUid=-1
10-10 16:05:20.149 D/TrafficStats(14196): tagSocket(78) with statsTag=0xffffffff, statsUid=-1
10-10 16:05:20.153 D/TrafficStats(14196): tagSocket(79) with statsTag=0xffffffff, statsUid=-1
10-10 16:05:20.155 D/TrafficStats(14196): tagSocket(80) with statsTag=0xffffffff, statsUid=-1
10-10 16:05:20.161 D/TrafficStats(14196): tagSocket(81) with statsTag=0xffffffff, statsUid=-1
10-10 16:05:20.161 D/TrafficStats(14196): tagSocket(82) with statsTag=0xffffffff, statsUid=-1
10-10 16:05:20.670 I/WifiHAL ( 1047): Creating message to get link statistics; iface = 47
10-10 16:05:20.745 I/WifiHAL ( 1047): In GetLinkStatsCommand::handleResponse
10-10 16:05:20.806 D/ConnectivityService( 1475): NetReassign [no changes] [c 1] [a 0] [i 10]
10-10 16:05:21.198 D/BoundBrokerSvc( 3179): onUnbind: Intent { act=com.google.android.gms.measurement.START pkg=com.google.android.gms }
10-10 16:05:21.232 D/TrafficStats(14196): tagSocket(5) with statsTag=0xffffffff, statsUid=-1
10-10 16:05:21.237 D/TrafficStats(14196): tagSocket(78) with statsTag=0xffffffff, statsUid=-1
10-10 16:05:21.245 D/TrafficStats(14196): tagSocket(79) with statsTag=0xffffffff, statsUid=-1
10-10 16:05:21.246 D/TrafficStats(14196): tagSocket(80) with statsTag=0xffffffff, statsUid=-1
10-10 16:05:21.261 D/TrafficStats(14196): tagSocket(81) with statsTag=0xffffffff, statsUid=-1
10-10 16:05:21.288 D/TrafficStats(14196): tagSocket(82) with statsTag=0xffffffff, statsUid=-1
10-10 16:05:22.307 D/TrafficStats(14196): tagSocket(5) with statsTag=0xffffffff, statsUid=-1
10-10 16:05:22.342 D/TrafficStats(14196): tagSocket(78) with statsTag=0xffffffff, statsUid=-1
10-10 16:05:22.344 D/TrafficStats(14196): tagSocket(79) with statsTag=0xffffffff, statsUid=-1
10-10 16:05:22.346 D/TrafficStats(14196): tagSocket(80) with statsTag=0xffffffff, statsUid=-1
10-10 16:05:22.371 D/TrafficStats(14196): tagSocket(81) with statsTag=0xffffffff, statsUid=-1
10-10 16:05:22.383 D/TrafficStats(14196): tagSocket(5) with statsTag=0xffffffff, statsUid=-1
10-10 16:05:23.391 D/TrafficStats(14196): tagSocket(5) with statsTag=0xffffffff, statsUid=-1
10-10 16:05:23.417 D/TrafficStats(14196): tagSocket(78) with statsTag=0xffffffff, statsUid=-1
10-10 16:05:23.445 D/TrafficStats(14196): tagSocket(79) with statsTag=0xffffffff, statsUid=-1
10-10 16:05:23.447 D/TrafficStats(14196): tagSocket(80) with statsTag=0xffffffff, statsUid=-1
10-10 16:05:23.466 D/TrafficStats(14196): tagSocket(81) with statsTag=0xffffffff, statsUid=-1
10-10 16:05:23.471 D/TrafficStats(14196): tagSocket(82) with statsTag=0xffffffff, statsUid=-1
10-10 16:05:23.795 I/WifiHAL ( 1047): Creating message to get link statistics; iface = 47
10-10 16:05:23.873 I/WifiHAL ( 1047): In GetLinkStatsCommand::handleResponse
10-10 16:05:23.936 D/ConnectivityService( 1475): NetReassign [no changes] [c 2] [a 0] [i 12]
10-10 16:05:24.499 D/TrafficStats(14196): tagSocket(5) with statsTag=0xffffffff, statsUid=-1
10-10 16:05:24.514 D/TrafficStats(14196): tagSocket(78) with statsTag=0xffffffff, statsUid=-1
10-10 16:05:24.526 D/TrafficStats(14196): tagSocket(79) with statsTag=0xffffffff, statsUid=-1
10-10 16:05:24.543 D/TrafficStats(14196): tagSocket(80) with statsTag=0xffffffff, statsUid=-1
10-10 16:05:24.556 D/TrafficStats(14196): tagSocket(81) with statsTag=0xffffffff, statsUid=-1
10-10 16:05:24.559 D/TrafficStats(14196): tagSocket(82) with statsTag=0xffffffff, statsUid=-1
10-10 16:05:24.961 D/DLObserver( 2066): onReceive(); android.intent.action.BATTERY_CHANGED
10-10 16:05:24.962 D/DLObserver( 2066): plugged=1
10-10 16:05:24.969 D/PowerNotificationWarningsGoogleImpl( 2066): onReceive: android.intent.action.BATTERY_CHANGED
10-10 16:05:24.969 D/BatteryDefenderNotification( 2066): isPlugged: true | isOverheated: false | defenderEnabled: false | isCharged: false | isPluggedInDock: false
10-10 16:05:24.971 I/servicemanager(  391): Found vendor.google.google_battery.IGoogleBattery/default in device VINTF manifest.
10-10 16:05:24.975 D/PowerUI ( 2066): can't show warning due to - plugged: true status unknown: false
10-10 16:05:24.976 D/CompatibilityChangeReporter( 1475): Compat change id reported: 161145287; UID 10143; state: DISABLED
10-10 16:05:25.004 W/Turbo.OnDeviceBatteryHistory(15112): addEvents: loaded 0 battery events.
10-10 16:05:25.004 W/Turbo.OnDeviceBatteryHistory(15112): addEvents: loaded battery events completed.
10-10 16:05:25.006 W/Turbo.EstimatedTimeRemainingProvider(15112): queryTimeToDischarge: 180986567
10-10 16:05:25.021 D/BatteryInfoBroadcast( 2066): onReceive: android.intent.action.BATTERY_CHANGED isPowerSaveMode: false remainingTimeMillis: 180986567
10-10 16:05:25.266 I/WifiHAL ( 1047): Creating message to get link statistics; iface = 47
10-10 16:05:25.283 I/bthal.flowcontrol( 1010): HciEventPreProcess: HCI Event 0xe Opcode 0xfd59 Length 22 unhandled by ControllerActivityWatcher
10-10 16:05:25.335 I/WifiHAL ( 1047): In GetLinkStatsCommand::handleResponse
10-10 16:05:25.597 D/TrafficStats(14196): tagSocket(5) with statsTag=0xffffffff, statsUid=-1
10-10 16:05:25.600 D/TrafficStats(14196): tagSocket(78) with statsTag=0xffffffff, statsUid=-1
10-10 16:05:25.617 D/TrafficStats(14196): tagSocket(79) with statsTag=0xffffffff, statsUid=-1
10-10 16:05:25.633 D/TrafficStats(14196): tagSocket(80) with statsTag=0xffffffff, statsUid=-1
10-10 16:05:25.634 D/TrafficStats(14196): tagSocket(81) with statsTag=0xffffffff, statsUid=-1
10-10 16:05:25.650 D/TrafficStats(14196): tagSocket(82) with statsTag=0xffffffff, statsUid=-1
10-10 16:05:26.054 D/TrafficStats(14196): tagSocket(5) with statsTag=0xffffffff, statsUid=-1
10-10 16:05:26.075 I/System.out(14196): {"id":"56654480-ce1a-455e-a95b-93946236de5c","uri":"poco-uiautomation-framework","method":[["getattr","selector"],["getattr","select"],["call",[["",["and",[["attr=",["name","Continue"]]]]],["",false]]]],"session_id":"f3eebfe4-42bc-4956-b03f-3459e31c9a06"}
10-10 16:05:26.116 D/TrafficStats(14196): tagSocket(79) with statsTag=0xffffffff, statsUid=-1
10-10 16:05:26.120 I/System.out(14196): {"id":"888fe926-bb09-4905-aee4-96e72e053feb","uri":"poco-uiautomation-framework","method":[["getattr","selector"],["getattr","select"],["call",[["",["and",[["attr=",["name","Home"]]]]],["",false]]]],"session_id":"f3eebfe4-42bc-4956-b03f-3459e31c9a06"}
10-10 16:05:26.165 D/TrafficStats(14196): tagSocket(5) with statsTag=0xffffffff, statsUid=-1
10-10 16:05:26.171 I/System.out(14196): {"id":"f6e4b540-93da-4910-bd16-0a8f93a2ff58","uri":"[Lcom.netease.open.libpoco.sdk.AbstractNode;@9200e5d(6746efc7-4045-444d-afab-c2ffb2cef7b6)","method":[["len",[]]],"session_id":"f3eebfe4-42bc-4956-b03f-3459e31c9a06"}
10-10 16:05:26.182 D/TrafficStats(14196): tagSocket(5) with statsTag=0xffffffff, statsUid=-1
10-10 16:05:26.184 I/flutter (14457): [2024-10-10 16:05:26.184184] Active subscriptions (2)
10-10 16:05:26.188 I/System.out(14196): {"id":"e283e06b-f201-45f2-8d11-64cd0bb29489","uri":"[Lcom.netease.open.libpoco.sdk.AbstractNode;@9200e5d(6746efc7-4045-444d-afab-c2ffb2cef7b6)","method":[["len",[]]],"session_id":"f3eebfe4-42bc-4956-b03f-3459e31c9a06"}
10-10 16:05:26.221 D/TrafficStats(14196): tagSocket(5) with statsTag=0xffffffff, statsUid=-1
10-10 16:05:26.227 I/System.out(14196): {"id":"a2aaf962-0ee7-4d1e-8642-003940a5cd71","uri":"poco-uiautomation-framework","method":[["getattr","attributor"],["getattr","getAttr"],["call",[["uri","[Lcom.netease.open.libpoco.sdk.AbstractNode;@9200e5d(6746efc7-4045-444d-afab-c2ffb2cef7b6)"],["","visible"]]]],"session_id":"f3eebfe4-42bc-4956-b03f-3459e31c9a06"}
10-10 16:05:26.255 D/TrafficStats(14196): tagSocket(5) with statsTag=0xffffffff, statsUid=-1
10-10 16:05:26.268 I/System.out(14196): {"id":"","uri":"[Lcom.netease.open.libpoco.sdk.AbstractNode;@9200e5d(6746efc7-4045-444d-afab-c2ffb2cef7b6)","method":[["del",[]]],"session_id":"f3eebfe4-42bc-4956-b03f-3459e31c9a06"}
10-10 16:05:26.349 D/BoundBrokerSvc( 3179): onUnbind: Intent { act=com.google.android.gms.inappreach.service.START dat=chimera-action:/... cmp=com.google.android.gms/.chimera.GmsApiService }
10-10 16:05:26.676 D/TrafficStats(14196): tagSocket(5) with statsTag=0xffffffff, statsUid=-1
10-10 16:05:26.684 D/TrafficStats(14196): tagSocket(78) with statsTag=0xffffffff, statsUid=-1
10-10 16:05:26.701 D/TrafficStats(14196): tagSocket(79) with statsTag=0xffffffff, statsUid=-1
10-10 16:05:26.757 D/TrafficStats(14196): tagSocket(80) with statsTag=0xffffffff, statsUid=-1
10-10 16:05:26.761 D/TrafficStats(14196): tagSocket(81) with statsTag=0xffffffff, statsUid=-1
10-10 16:05:26.764 D/TrafficStats(14196): tagSocket(82) with statsTag=0xffffffff, statsUid=-1
10-10 16:05:26.920 I/WifiHAL ( 1047): Creating message to get link statistics; iface = 47
10-10 16:05:26.975 I/WifiHAL ( 1047): In GetLinkStatsCommand::handleResponse
10-10 16:05:27.035 D/ConnectivityService( 1475): NetReassign [no changes] [c 2] [a 0] [i 13]
10-10 16:05:27.782 D/TrafficStats(14196): tagSocket(5) with statsTag=0xffffffff, statsUid=-1
10-10 16:05:27.790 D/TrafficStats(14196): tagSocket(78) with statsTag=0xffffffff, statsUid=-1
10-10 16:05:27.792 D/TrafficStats(14196): tagSocket(79) with statsTag=0xffffffff, statsUid=-1
10-10 16:05:27.834 D/TrafficStats(14196): tagSocket(80) with statsTag=0xffffffff, statsUid=-1
10-10 16:05:27.836 D/TrafficStats(14196): tagSocket(81) with statsTag=0xffffffff, statsUid=-1
10-10 16:05:27.894 D/TrafficStats(14196): tagSocket(5) with statsTag=0xffffffff, statsUid=-1
10-10 16:05:28.889 D/TrafficStats(14196): tagSocket(5) with statsTag=0xffffffff, statsUid=-1
10-10 16:05:28.897 D/TrafficStats(14196): tagSocket(78) with statsTag=0xffffffff, statsUid=-1
10-10 16:05:28.898 D/TrafficStats(14196): tagSocket(79) with statsTag=0xffffffff, statsUid=-1
10-10 16:05:28.917 D/TrafficStats(14196): tagSocket(80) with statsTag=0xffffffff, statsUid=-1
10-10 16:05:28.921 D/TrafficStats(14196): tagSocket(81) with statsTag=0xffffffff, statsUid=-1
10-10 16:05:28.978 D/TrafficStats(14196): tagSocket(5) with statsTag=0xffffffff, statsUid=-1
10-10 16:05:29.159 W/TimedProcessReaper( 2836): Memory state is: 125
10-10 16:05:29.397 W/TimedProcessReaper( 3151): Memory state is: 125
10-10 16:05:29.398 D/TimedProcessReaper( 3151): Attempted to reap process, but was too important
10-10 16:05:29.967 D/TrafficStats(14196): tagSocket(5) with statsTag=0xffffffff, statsUid=-1
10-10 16:05:29.973 D/TrafficStats(14196): tagSocket(78) with statsTag=0xffffffff, statsUid=-1
10-10 16:05:29.976 D/TrafficStats(14196): tagSocket(79) with statsTag=0xffffffff, statsUid=-1
10-10 16:05:29.978 D/TrafficStats(14196): tagSocket(80) with statsTag=0xffffffff, statsUid=-1
10-10 16:05:29.993 D/TrafficStats(14196): tagSocket(81) with statsTag=0xffffffff, statsUid=-1
10-10 16:05:30.019 I/WifiHAL ( 1047): Creating message to get link statistics; iface = 47
10-10 16:05:30.036 D/TrafficStats(14196): tagSocket(82) with statsTag=0xffffffff, statsUid=-1
10-10 16:05:30.069 I/WifiHAL ( 1047): In GetLinkStatsCommand::handleResponse
10-10 16:05:30.094 D/ConnectivityService( 1475): NetReassign [no changes] [c 0] [a 0] [i 2]
10-10 16:05:31.062 D/TrafficStats(14196): tagSocket(5) with statsTag=0xffffffff, statsUid=-1
10-10 16:05:31.068 D/TrafficStats(14196): tagSocket(78) with statsTag=0xffffffff, statsUid=-1
10-10 16:05:31.071 D/TrafficStats(14196): tagSocket(79) with statsTag=0xffffffff, statsUid=-1
10-10 16:05:31.075 D/TrafficStats(14196): tagSocket(80) with statsTag=0xffffffff, statsUid=-1
10-10 16:05:31.079 D/TrafficStats(14196): tagSocket(81) with statsTag=0xffffffff, statsUid=-1
10-10 16:05:31.107 D/TrafficStats(14196): tagSocket(82) with statsTag=0xffffffff, statsUid=-1
10-10 16:05:32.162 D/TrafficStats(14196): tagSocket(5) with statsTag=0xffffffff, statsUid=-1
10-10 16:05:32.173 D/TrafficStats(14196): tagSocket(78) with statsTag=0xffffffff, statsUid=-1
10-10 16:05:32.174 D/TrafficStats(14196): tagSocket(79) with statsTag=0xffffffff, statsUid=-1
10-10 16:05:32.176 D/TrafficStats(14196): tagSocket(80) with statsTag=0xffffffff, statsUid=-1
10-10 16:05:32.185 D/TrafficStats(14196): tagSocket(81) with statsTag=0xffffffff, statsUid=-1
10-10 16:05:32.195 D/TrafficStats(14196): tagSocket(82) with statsTag=0xffffffff, statsUid=-1
10-10 16:05:32.554 D/ContextHubHal( 1018): Got message from nanoapp: ID 0x476f6f676c00100b
10-10 16:05:32.555 I/CapoDetector( 1497): handleNanoappMessage, Id 5147455389092024331, type 1025, size 106
10-10 16:05:32.557 D/CHRE    ( 1230): @ 104196.605: Parsed nanoapp message from host: app ID 0x476f6f676c00100b endpoint 0x9 msgType 112 payload size 10
10-10 16:05:32.557 I/CHRE    ( 1230): @ 104196.606: [NanoMinion] received MSG Type 0x70, Version 1, 6 bytes
10-10 16:05:32.557 I/CHRE    ( 1230): @ 104196.606: [AR] request.flush
10-10 16:05:32.557 I/CHRE    ( 1230): @ 104196.606: [AR] send to host, reason=3, sampleSize=5, transitionSize=0, lastAccelTime = 104182006, lastAudioTime = 0 
10-10 16:05:32.557 I/CHRE    ( 1230): @ 104196.606: [NanoMinion] sent MSG Type 0x72, Version 0, 98 bytes, MessageId 63
10-10 16:05:32.576 W/AppOps  ( 1475): Noting op not finished: uid 10143 pkg com.google.android.gms code 79 startTime of in progress event=1728556509655
10-10 16:05:32.590 W/AppOps  ( 1475): Noting op not finished: uid 10143 pkg com.google.android.gms code 113 startTime of in progress event=1728556509655
10-10 16:05:32.599 W/AppOps  ( 1475): Noting op not finished: uid 10143 pkg com.google.android.gms code 113 startTime of in progress event=1728556509655
10-10 16:05:32.602 D/CompatibilityChangeReporter( 1475): Compat change id reported: 143231523; UID 10160; state: DISABLED
10-10 16:05:32.606 I/ActivityScheduler( 6357): nextTriggerTime: 104294724, in 60000ms, detectorType: 0,  alarmWindowMillis: 7500
10-10 16:05:32.608 W/cal.adre(32132): Application name is not set. Call Builder#setApplicationName.
10-10 16:05:33.101 I/WifiHAL ( 1047): Creating message to get link statistics; iface = 47
10-10 16:05:33.168 I/WifiHAL ( 1047): In GetLinkStatsCommand::handleResponse
10-10 16:05:33.221 D/ConnectivityService( 1475): NetReassign [no changes] [c 1] [a 1] [i 8]
10-10 16:05:33.291 D/TrafficStats(14196): tagSocket(5) with statsTag=0xffffffff, statsUid=-1
10-10 16:05:33.298 D/TrafficStats(14196): tagSocket(78) with statsTag=0xffffffff, statsUid=-1
10-10 16:05:33.300 D/TrafficStats(14196): tagSocket(79) with statsTag=0xffffffff, statsUid=-1
10-10 16:05:33.304 D/TrafficStats(14196): tagSocket(80) with statsTag=0xffffffff, statsUid=-1
10-10 16:05:33.310 D/TrafficStats(14196): tagSocket(81) with statsTag=0xffffffff, statsUid=-1
10-10 16:05:33.320 D/TrafficStats(14196): tagSocket(82) with statsTag=0xffffffff, statsUid=-1
10-10 16:05:34.352 D/TrafficStats(14196): tagSocket(5) with statsTag=0xffffffff, statsUid=-1
10-10 16:05:34.382 D/TrafficStats(14196): tagSocket(78) with statsTag=0xffffffff, statsUid=-1
10-10 16:05:34.391 D/TrafficStats(14196): tagSocket(79) with statsTag=0xffffffff, statsUid=-1
10-10 16:05:34.395 D/TrafficStats(14196): tagSocket(80) with statsTag=0xffffffff, statsUid=-1
10-10 16:05:34.404 D/TrafficStats(14196): tagSocket(81) with statsTag=0xffffffff, statsUid=-1
10-10 16:05:34.414 D/TrafficStats(14196): tagSocket(82) with statsTag=0xffffffff, statsUid=-1
10-10 16:05:35.362 D/CompatibilityChangeReporter( 1475): Compat change id reported: 143231523; UID 1000; state: DISABLED
10-10 16:05:35.440 D/TrafficStats(14196): tagSocket(5) with statsTag=0xffffffff, statsUid=-1
10-10 16:05:35.465 D/TrafficStats(14196): tagSocket(78) with statsTag=0xffffffff, statsUid=-1
10-10 16:05:35.476 D/TrafficStats(14196): tagSocket(79) with statsTag=0xffffffff, statsUid=-1
10-10 16:05:35.477 D/TrafficStats(14196): tagSocket(80) with statsTag=0xffffffff, statsUid=-1
10-10 16:05:35.487 D/TrafficStats(14196): tagSocket(81) with statsTag=0xffffffff, statsUid=-1
10-10 16:05:35.488 D/TrafficStats(14196): tagSocket(82) with statsTag=0xffffffff, statsUid=-1
10-10 16:05:36.214 I/WifiHAL ( 1047): Creating message to get link statistics; iface = 47
10-10 16:05:36.286 I/WifiHAL ( 1047): In GetLinkStatsCommand::handleResponse
10-10 16:05:36.345 D/ConnectivityService( 1475): NetReassign [no changes] [c 1] [a 0] [i 13]
10-10 16:05:36.552 D/TrafficStats(14196): tagSocket(5) with statsTag=0xffffffff, statsUid=-1
10-10 16:05:36.564 D/TrafficStats(14196): tagSocket(78) with statsTag=0xffffffff, statsUid=-1
10-10 16:05:36.566 D/TrafficStats(14196): tagSocket(79) with statsTag=0xffffffff, statsUid=-1
10-10 16:05:36.571 D/TrafficStats(14196): tagSocket(80) with statsTag=0xffffffff, statsUid=-1
10-10 16:05:36.573 D/TrafficStats(14196): tagSocket(81) with statsTag=0xffffffff, statsUid=-1
10-10 16:05:36.614 D/TrafficStats(14196): tagSocket(82) with statsTag=0xffffffff, statsUid=-1
10-10 16:05:37.288 D/TrafficStats(14196): tagSocket(5) with statsTag=0xffffffff, statsUid=-1
10-10 16:05:37.300 I/System.out(14196): {"id":"0b30fb52-fc92-4563-a088-5f37e38f03e1","uri":"poco-uiautomation-framework","method":[["getattr","selector"],["getattr","select"],["call",[["",["and",[["attr=",["name","Open navigation menu"]]]]],["",false]]]],"session_id":"f3eebfe4-42bc-4956-b03f-3459e31c9a06"}
10-10 16:05:37.337 D/TrafficStats(14196): tagSocket(5) with statsTag=0xffffffff, statsUid=-1
10-10 16:05:37.342 I/System.out(14196): {"id":"a223367c-2a31-47e2-80bf-6e51ffd9c5ab","uri":"[Lcom.netease.open.libpoco.sdk.AbstractNode;@ec47463(e1de99d4-455b-4164-b170-73d4797e3618)","method":[["len",[]]],"session_id":"f3eebfe4-42bc-4956-b03f-3459e31c9a06"}
10-10 16:05:37.354 D/TrafficStats(14196): tagSocket(79) with statsTag=0xffffffff, statsUid=-1
10-10 16:05:37.357 I/System.out(14196): {"id":"0f92ec1e-dd0b-494f-a3ce-af0b2faa6d2a","uri":"[Lcom.netease.open.libpoco.sdk.AbstractNode;@ec47463(e1de99d4-455b-4164-b170-73d4797e3618)","method":[["len",[]]],"session_id":"f3eebfe4-42bc-4956-b03f-3459e31c9a06"}
10-10 16:05:37.374 D/TrafficStats(14196): tagSocket(5) with statsTag=0xffffffff, statsUid=-1
10-10 16:05:37.378 I/System.out(14196): {"id":"0f17ab18-c3b0-4c44-a9f5-bb18dd3c5fca","uri":"poco-uiautomation-framework","method":[["getattr","attributor"],["getattr","getAttr"],["call",[["uri","[Lcom.netease.open.libpoco.sdk.AbstractNode;@ec47463(e1de99d4-455b-4164-b170-73d4797e3618)"],["","pos"]]]],"session_id":"f3eebfe4-42bc-4956-b03f-3459e31c9a06"}
10-10 16:05:37.396 D/TrafficStats(14196): tagSocket(79) with statsTag=0xffffffff, statsUid=-1
10-10 16:05:37.401 I/System.out(14196): {"id":"a130c1c6-bd57-4b50-ba88-e52f3abaff09","uri":"poco-uiautomation-framework","method":[["getattr","attributor"],["getattr","getAttr"],["call",[["uri","[Lcom.netease.open.libpoco.sdk.AbstractNode;@ec47463(e1de99d4-455b-4164-b170-73d4797e3618)"],["","size"]]]],"session_id":"f3eebfe4-42bc-4956-b03f-3459e31c9a06"}
10-10 16:05:37.420 D/TrafficStats(14196): tagSocket(5) with statsTag=0xffffffff, statsUid=-1
10-10 16:05:37.424 I/System.out(14196): {"id":"47c4f753-7f6c-4425-a283-85924e6986ea","uri":"poco-uiautomation-framework","method":[["getattr","attributor"],["getattr","getAttr"],["call",[["uri","[Lcom.netease.open.libpoco.sdk.AbstractNode;@ec47463(e1de99d4-455b-4164-b170-73d4797e3618)"],["","anchorPoint"]]]],"session_id":"f3eebfe4-42bc-4956-b03f-3459e31c9a06"}
10-10 16:05:37.620 D/TrafficStats(14196): tagSocket(5) with statsTag=0xffffffff, statsUid=-1
10-10 16:05:37.650 D/TrafficStats(14196): tagSocket(78) with statsTag=0xffffffff, statsUid=-1
10-10 16:05:37.657 D/TrafficStats(14196): tagSocket(79) with statsTag=0xffffffff, statsUid=-1
10-10 16:05:37.659 D/TrafficStats(14196): tagSocket(80) with statsTag=0xffffffff, statsUid=-1
10-10 16:05:37.660 D/TrafficStats(14196): tagSocket(81) with statsTag=0xffffffff, statsUid=-1
10-10 16:05:37.706 D/TrafficStats(14196): tagSocket(5) with statsTag=0xffffffff, statsUid=-1
10-10 16:05:37.765 D/AndroidRuntime(14785): >>>>>> START com.android.internal.os.RuntimeInit uid 2000 <<<<<<
10-10 16:05:37.767 I/app_process(14785): MMAP_TRYLOCK is not supported in uffd addr:0x7986d26000 page-size:4096
10-10 16:05:37.768 I/AndroidRuntime(14785): Using default boot image
10-10 16:05:37.768 I/AndroidRuntime(14785): Leaving lock profiling enabled
10-10 16:05:37.770 I/app_process(14785): Using CollectorTypeCMC GC.
10-10 16:05:37.815 D/nativeloader(14785): InitDefaultPublicLibraries for_preload=1: libandroid.so:libaaudio.so:libamidi.so:libbinder_ndk.so:libc.so:libcamera2ndk.so:libdl.so:libEGL.so:libGLESv1_CM.so:libGLESv2.so:libGLESv3.so:libicu.so:libicui18n.so:libicuuc.so:libjnigraphics.so:liblog.so:libmediandk.so:libm.so:libnativehelper.so:libnativewindow.so:libOpenMAXAL.so:libOpenSLES.so:libRS.so:libstdc++.so:libsync.so:libvulkan.so:libwebviewchromium_plat_support.so:libz.so
10-10 16:05:37.821 D/nativeloader(14785): Load libicu_jni.so using APEX ns com_android_art for caller /apex/com.android.art/javalib/core-oj.jar: ok
10-10 16:05:37.821 D/app_process(14785): Time zone APEX ICU file found: /apex/com.android.tzdata/etc/icu/icu_tzdata.dat
10-10 16:05:37.821 D/app_process(14785): I18n APEX ICU file found: /apex/com.android.i18n/etc/icu/icudt70l.dat
10-10 16:05:37.821 D/nativeloader(14785): Load libjavacore.so using APEX ns com_android_art for caller /apex/com.android.art/javalib/core-oj.jar: ok
10-10 16:05:37.822 D/nativeloader(14785): Load libopenjdk.so using APEX ns com_android_art for caller /apex/com.android.art/javalib/core-oj.jar: ok
10-10 16:05:37.823 W/ziparchive(14785): Unable to open '/data/local/tmp/rotationwatcher.dm': No such file or directory
10-10 16:05:37.837 D/nativeloader(14785): Load libframework-connectivity-tiramisu-jni.so using APEX ns com_android_tethering for caller /apex/com.android.tethering/javalib/framework-connectivity-t.jar: ok
10-10 16:05:37.838 D/AndroidRuntime(14785): Calling main entry com.example.rotationwatcher.Main
10-10 16:05:38.362 W/JobScheduler( 1475): Job didn't exist in JobStore: 4f468a3 #u0a160/1 com.google.android.calendar/.jobservices.CalendarProviderObserverJobService
10-10 16:05:38.695 D/TrafficStats(14196): tagSocket(5) with statsTag=0xffffffff, statsUid=-1
10-10 16:05:38.719 D/TrafficStats(14196): tagSocket(78) with statsTag=0xffffffff, statsUid=-1
10-10 16:05:38.772 D/TrafficStats(14196): tagSocket(79) with statsTag=0xffffffff, statsUid=-1
10-10 16:05:38.775 D/TrafficStats(14196): tagSocket(80) with statsTag=0xffffffff, statsUid=-1
10-10 16:05:38.777 D/TrafficStats(14196): tagSocket(81) with statsTag=0xffffffff, statsUid=-1
10-10 16:05:38.778 D/TrafficStats(14196): tagSocket(82) with statsTag=0xffffffff, statsUid=-1
10-10 16:05:39.178 D/display (  455): PrimaryDisplay: edid_property is supported but blob is not valid
10-10 16:05:39.178 D/display (  455): using Display Fake Edid
10-10 16:05:39.178 D/display (  455): PrimaryDisplay: edid_property is supported but blob is not valid
10-10 16:05:39.178 D/display (  455): using Display Fake Edid
10-10 16:05:39.179 W/DisplayIdentification(  452): Invalid EDID: model year or manufacture year cannot be in the range [0x0, 0xf].
10-10 16:05:39.179 D/display (  455): getColorModes: size(3)
10-10 16:05:39.179 D/display (  455): getColorModes: size(3)
10-10 16:05:39.179 D/display (  455): 	mode[0] 0
10-10 16:05:39.179 D/display (  455): 	mode[1] 7
10-10 16:05:39.179 D/display (  455): 	mode[2] 9
10-10 16:05:39.196 I/display (  455): HWC dump:: resultSize(15167), outSize(15167), copySize(15167)
10-10 16:05:39.336 I/WifiHAL ( 1047): Creating message to get link statistics; iface = 47
10-10 16:05:39.390 I/WifiHAL ( 1047): In GetLinkStatsCommand::handleResponse
10-10 16:05:39.430 D/ConnectivityService( 1475): NetReassign [no changes] [c 1] [a 1] [i 11]
10-10 16:05:39.804 D/TrafficStats(14196): tagSocket(5) with statsTag=0xffffffff, statsUid=-1
10-10 16:05:39.812 D/TrafficStats(14196): tagSocket(78) with statsTag=0xffffffff, statsUid=-1
10-10 16:05:39.854 D/TrafficStats(14196): tagSocket(79) with statsTag=0xffffffff, statsUid=-1
10-10 16:05:39.873 D/TrafficStats(14196): tagSocket(80) with statsTag=0xffffffff, statsUid=-1
10-10 16:05:39.877 D/TrafficStats(14196): tagSocket(81) with statsTag=0xffffffff, statsUid=-1
10-10 16:05:39.881 D/TrafficStats(14196): tagSocket(82) with statsTag=0xffffffff, statsUid=-1
10-10 16:05:40.223 D/AndroidRuntime(14829): >>>>>> START com.android.internal.os.RuntimeInit uid 2000 <<<<<<
10-10 16:05:40.227 I/app_process(14829): MMAP_TRYLOCK is not supported in uffd addr:0x7b951e0000 page-size:4096
10-10 16:05:40.228 I/AndroidRuntime(14829): Using default boot image
10-10 16:05:40.228 I/AndroidRuntime(14829): Leaving lock profiling enabled
10-10 16:05:40.230 I/app_process(14829): Using CollectorTypeCMC GC.
10-10 16:05:40.293 D/nativeloader(14829): InitDefaultPublicLibraries for_preload=1: libandroid.so:libaaudio.so:libamidi.so:libbinder_ndk.so:libc.so:libcamera2ndk.so:libdl.so:libEGL.so:libGLESv1_CM.so:libGLESv2.so:libGLESv3.so:libicu.so:libicui18n.so:libicuuc.so:libjnigraphics.so:liblog.so:libmediandk.so:libm.so:libnativehelper.so:libnativewindow.so:libOpenMAXAL.so:libOpenSLES.so:libRS.so:libstdc++.so:libsync.so:libvulkan.so:libwebviewchromium_plat_support.so:libz.so
10-10 16:05:40.299 D/nativeloader(14829): Load libicu_jni.so using APEX ns com_android_art for caller /apex/com.android.art/javalib/core-oj.jar: ok
10-10 16:05:40.299 D/app_process(14829): Time zone APEX ICU file found: /apex/com.android.tzdata/etc/icu/icu_tzdata.dat
10-10 16:05:40.299 D/app_process(14829): I18n APEX ICU file found: /apex/com.android.i18n/etc/icu/icudt70l.dat
10-10 16:05:40.300 D/nativeloader(14829): Load libjavacore.so using APEX ns com_android_art for caller /apex/com.android.art/javalib/core-oj.jar: ok
10-10 16:05:40.300 D/nativeloader(14829): Load libopenjdk.so using APEX ns com_android_art for caller /apex/com.android.art/javalib/core-oj.jar: ok
10-10 16:05:40.302 W/ziparchive(14829): Unable to open '/data/local/tmp/maxpresent.dm': No such file or directory
10-10 16:05:40.355 D/nativeloader(14829): Load libframework-connectivity-tiramisu-jni.so using APEX ns com_android_tethering for caller /apex/com.android.tethering/javalib/framework-connectivity-t.jar: ok
10-10 16:05:40.356 D/AndroidRuntime(14829): Calling main entry com.netease.maxpresent.MaxPresent
10-10 16:05:40.390 I/flutter (14457): [2024-10-10 16:05:40.390764] initState #5
10-10 16:05:40.391 I/flutter (14457): [2024-10-10 16:05:40.391086] initState #6
10-10 16:05:40.397 D/audio_hw_waves( 1009): waves_usecase_event: low-latency-playback stream info change
10-10 16:05:40.397 D/audio_hw_output_stream( 1009): update stream 1 active 1 gain 0.003196
10-10 16:05:40.397 D/audio_hw( 1009): prepare low-latency-playback
10-10 16:05:40.398 D/audio_hw_soundtrigger( 1009): st_uc_monitor:uc:low-latency-playback active
10-10 16:05:40.398 D/audio_hw( 1009): low-latency-playback:
10-10 16:05:40.398 D/audio_hw( 1009): rx:
10-10 16:05:40.398 D/audio_hw( 1009):   #0: OUT_SPEAKER_BE_CFG 0
10-10 16:05:40.398 W/audio_hw_35l41( 1009): cs35l41_amp_common_event: ret: 0, event: 1, state: 2, device: 4
10-10 16:05:40.398 D/audio_route( 1009): Apply path: speaker
10-10 16:05:40.405 D/audio_hw_aoc_route( 1009): speaker 1
10-10 16:05:40.405 D/audio_route( 1009): Apply path: hostless-ulC spk-vi
10-10 16:05:40.407 W/audio_hw_35l41( 1009): cs35l41_amp_common_event: ret: 0, event: 2, state: 3, device: 4
10-10 16:05:40.407 D/audio_hw_soundtrigger( 1009): st_comm_aud_event_monitor:codec dev:4 active
10-10 16:05:40.407 I/audio_hw_aoc( 1009): Mode Ambient is already selected
10-10 16:05:40.407 D/audio_route( 1009): Apply path: low-latency-playbackP
10-10 16:05:40.408 D/audio_hw_aoc_route( 1009): low-latency-playbackP 1
10-10 16:05:40.408 E/audio_route( 1009): unable to find path 'speaker-post'
10-10 16:05:40.408 D/audio_hw_aoc_route( 1009): speaker-post 1
10-10 16:05:40.409 D/audio_hw_waves( 1009): update_sink_info_from_usecases: update sink 1 info
10-10 16:05:40.409 D/audio_hw_waves( 1009): update_rotation_from_adev: update sink 1 info
10-10 16:05:40.409 D/audio_hw_waves( 1009): waves_usecase_event: low-latency-playback start
10-10 16:05:40.409 D/audio_hw_waves( 1009): update_sink_info_from_usecases: update sink 1 info
10-10 16:05:40.410 D/audio_hw_waves( 1009): update_sink_info_from_usecases: VOL/Stream update 0.000000(4294967295) -> 0.003196(1)
10-10 16:05:40.410 D/audio_hw_waves( 1009): set_waves_tuning_from_sink: initialize parameters successfully.
10-10 16:05:40.412 D/audio_hw_waves( 1009): send_waves_tuning: instance_id = 1, tuning_id = 2
10-10 16:05:40.412 D/audio_hw_aoc( 1009): aoc_send_rtc_mixer_tuning: block_id = 16, comp_id = 2
10-10 16:05:40.413 D/AOC     ( 1228): F1:MSG: controller.cc, 273: AudioOutCtrl: cmd ID: 0x010f, tag: 0xea [cntr = 1207]
10-10 16:05:40.413 D/AOC     ( 1228): F1:Source 1 mastered by sink 0
10-10 16:05:40.413 D/AOC     ( 1228): F1:AT Map:2 (LL:0), 1 EPs active, Power: Yes, Config: No
10-10 16:05:40.413 D/AOC     ( 1228): F1:Mixer 0 configuration changed: (2)
10-10 16:05:40.413 D/AOC     ( 1228): F1:Sink 0 Configuration changed: ULL (enabled)
10-10 16:05:40.414 D/AOC     ( 1228): F1:AHWSinkSPKR started: 48 samples (32-bit,2 ch,48 kHz) block 384
10-10 16:05:40.414 D/AOC     ( 1228): F1:[AHWSinkSPKR] DL resync B: 0, A:0. wo: 0, target offset: 1632 (align 0) -> ro:0
10-10 16:05:40.414 D/AOC     ( 1228): F1:MSG: controller.cc, 811: AudioOutCtrl: ipc: audio_output_co, cmd ID: 0x010f, tag: 0xea, rc: 0
10-10 16:05:40.414 D/AOC     ( 1228): F1:Speaker Started (DualDMA on 1 and 2)
10-10 16:05:40.414 D/AOC     ( 1228): F1:[AHWSinkSPKR] mix overrun by 3840
10-10 16:05:40.414 D/AOC     ( 1228): H0:Mixer AMixSPKR: 480 samples (0002/0002) (ON SC)
10-10 16:05:40.414 D/AOC     ( 1228): H0:	 1: 0x403ea5d8
10-10 16:05:40.414 D/AOC     ( 1228): H0:AMixSPKR PostProcessing Config: WAVES
10-10 16:05:40.414 D/AOC     ( 1228): H0:Mixer configuration updated
10-10 16:05:40.414 D/AOC     ( 1228): H0:Mixer state changed
10-10 16:05:40.414 D/AOC     ( 1228): F1:MSG: controller.cc, 273: AudioOutCtrl: cmd ID: 0x00ce, tag: 0xeb [cntr = 1208]
10-10 16:05:40.414 D/AOC     ( 1228): F1:MSG: controller.cc, 811: AudioOutCtrl: ipc: audio_output_co, cmd ID: 0x0120, tag: 0xc4, rc: 0
10-10 16:05:40.414 D/AOC     ( 1228): F1:MSG: controller.cc, 273: AudioOutCtrl: cmd ID: 0x00d5, tag: 0xda [cntr = 1209]
10-10 16:05:40.415 D/AOC     ( 1228): H0:MSG: controller.cc, 811: AudOutCtrlH0: ipc: C-AO-H0, cmd ID: 0x00d5, tag: 0xe9, rc: 0
10-10 16:05:40.415 D/AOC     ( 1228): F1:MSG: controller.cc, 811: AudioOutCtrl: ipc: audio_output_tu, cmd ID: 0x00d5, tag: 0xe9, rc: 0
10-10 16:05:40.420 D/AOC     ( 1228): F1:MSG: controller.cc, 273: AudioOutCtrl: cmd ID: 0x00c9, tag: 0xec [cntr = 1210]
10-10 16:05:40.420 D/AOC     ( 1228): F1:MSG: controller.cc, 811: AudioOutCtrl: ipc: audio_output_co, cmd ID: 0x00c9, tag: 0xec, rc: 0
10-10 16:05:40.554 D/BluetoothAdapterService( 2255): cancelDiscovery
10-10 16:05:40.555 I/bt_btif_dm( 2255): packages/modules/Bluetooth/system/btif/src/btif_dm.cc:2145 btif_dm_cancel_discovery: Cancel search
10-10 16:05:40.555 D/BluetoothAdapter(11704): isLeEnabled(): ON
10-10 16:05:40.557 I/bt_stack( 2255): [INFO:le_scanning_manager.cc(141)] RegisterScanner in shim layer
10-10 16:05:40.558 D/BluetoothLeScanner(11704): onScannerRegistered() - status=0 scannerId=2 mScannerId=0
10-10 16:05:40.562 D/ActivityAttributionService( 2255): notifyActivityAttributionInfo UID=1002 packageName=com.google.android.bluetooth deviceAddress=no_active_device_address
10-10 16:05:40.562 I/bt_btif ( 2255): packages/modules/Bluetooth/system/btif/src/bluetooth.cc:465 get_profile_interface: get_profile_interface: id = activity_attribution
10-10 16:05:40.562 I/bt_stack( 2255): [INFO:le_scanning_manager.cc(238)] ScanFilterEnable in shim layer
10-10 16:05:40.563 I/bt_stack( 2255): [INFO:le_scanning_manager.cc(213)] ScanFilterAdd in shim layer
10-10 16:05:40.563 I/bt_stack( 2255): [INFO:le_scanning_manager.cc(174)] ScanFilterParamSetup in shim layer
