09-18 08:27:30.989 D/TrafficStats(25542): tagSocket(100) with statsTag=0xffffffff, statsUid=-1
09-18 08:27:30.991 D/TrafficStats(25542): tagSocket(101) with statsTag=0xffffffff, statsUid=-1
09-18 08:27:30.993 D/TrafficStats(25542): tagSocket(102) with statsTag=0xffffffff, statsUid=-1
09-18 08:27:30.998 D/TrafficStats(25542): tagSocket(97) with statsTag=0xffffffff, statsUid=-1
09-18 08:27:31.006 I/System.out(25542): {"id":"14715025-f397-4f1d-bac3-d2b0a44f040f","uri":"poco-uiautomation-framework","method":[["getattr","attributor"],["getattr","getAttr"],["call",[["uri","[Lcom.netease.open.libpoco.sdk.AbstractNode;@ef91191(82e9c3f9-ba0b-482b-897a-02594607ecf8)"],["","pos"]]]],"session_id":"6404e7dd-be7f-480f-8f22-75e7238f0a78"}
09-18 08:27:31.021 D/TrafficStats(25542): tagSocket(98) with statsTag=0xffffffff, statsUid=-1
09-18 08:27:31.025 I/System.out(25542): {"id":"ea0cf80e-52f1-4a72-93f9-447669fa18cb","uri":"poco-uiautomation-framework","method":[["getattr","attributor"],["getattr","getAttr"],["call",[["uri","[Lcom.netease.open.libpoco.sdk.AbstractNode;@ef91191(82e9c3f9-ba0b-482b-897a-02594607ecf8)"],["","size"]]]],"session_id":"6404e7dd-be7f-480f-8f22-75e7238f0a78"}
09-18 08:27:31.039 D/TrafficStats(25542): tagSocket(103) with statsTag=0xffffffff, statsUid=-1
09-18 08:27:31.039 I/WifiHAL (  959): Creating message to get link statistics; iface = 48
09-18 08:27:31.063 I/System.out(25542): {"id":"4f8371c2-7e54-4112-9bfc-abbcb41dccad","uri":"poco-uiautomation-framework","method":[["getattr","attributor"],["getattr","getAttr"],["call",[["uri","[Lcom.netease.open.libpoco.sdk.AbstractNode;@ef91191(82e9c3f9-ba0b-482b-897a-02594607ecf8)"],["","anchorPoint"]]]],"session_id":"6404e7dd-be7f-480f-8f22-75e7238f0a78"}
09-18 08:27:31.086 I/WifiHAL (  959): In GetLinkStatsCommand::handleResponse
09-18 08:27:31.093 W/System  (25542): A resource failed to call end. 
09-18 08:27:31.093 W/System  (25542): A resource failed to call end. 
09-18 08:27:31.093 W/System  (25542): A resource failed to call end. 
09-18 08:27:31.093 W/System  (25542): A resource failed to call end. 
09-18 08:27:31.093 W/System  (25542): A resource failed to call end. 
09-18 08:27:31.093 W/System  (25542): A resource failed to call end. 
09-18 08:27:31.094 W/System  (25542): A resource failed to call end. 
09-18 08:27:31.094 W/System  (25542): A resource failed to call end. 
09-18 08:27:31.094 W/System  (25542): A resource failed to call end. 
09-18 08:27:31.094 W/System  (25542): A resource failed to call end. 
09-18 08:27:31.094 W/System  (25542): A resource failed to call end. 
09-18 08:27:31.094 W/System  (25542): A resource failed to call end. 
09-18 08:27:31.094 W/System  (25542): A resource failed to call end. 
09-18 08:27:31.094 W/System  (25542): A resource failed to call end. 
09-18 08:27:31.095 W/System  (25542): A resource failed to call end. 
09-18 08:27:31.095 W/System  (25542): A resource failed to call end. 
09-18 08:27:31.095 W/System  (25542): A resource failed to call end. 
09-18 08:27:31.095 W/System  (25542): A resource failed to call end. 
09-18 08:27:31.095 W/System  (25542): A resource failed to call end. 
09-18 08:27:31.097 W/System  (25542): A resource failed to call end. 
09-18 08:27:31.097 W/System  (25542): A resource failed to call end. 
09-18 08:27:31.097 W/System  (25542): A resource failed to call end. 
09-18 08:27:31.097 W/System  (25542): A resource failed to call end. 
09-18 08:27:31.097 W/System  (25542): A resource failed to call end. 
09-18 08:27:31.097 W/System  (25542): A resource failed to call end. 
09-18 08:27:31.097 W/System  (25542): A resource failed to call end. 
09-18 08:27:31.098 W/System  (25542): A resource failed to call end. 
09-18 08:27:31.123 D/ConnectivityService( 1449): NetReassign [no changes] [c 1] [a 0] [i 7]
09-18 08:27:31.303 I/NearbyMediums(17809): Found Fast Ble Advertisements :
09-18 08:27:31.303 I/NearbyMediums(17809): BleAdvertisement { version=2, socketVersion=2, isFast=true, serviceIdHash=null, data=[ 0x23 0x43 0x50 0x38 0x31 0x11 0x32 0x76 0x1f 0x73 0x0a 0x5c 0xfb 0x8f 0xb3 0x03 0x8e 0xeb 0xa3 0x78 0x08 0xe7 0xab ], deviceToken=[ 0xb9 0xc2 ], rxAdvertisement=null } : 4 times.
09-18 08:27:31.303 I/NearbyMediums(17809): Total 4 fast advertisements.
09-18 08:27:31.306 I/NearbyConnections(17809): Processing lost BlePeripheral BlePeripheral{advertisement=BleAdvertisement { version=2, socketVersion=2, isFast=true, serviceIdHash=null, data=[ 0x23 0x34 0x52 0x57 0x41 0x11 0x32 0x18 0xa4 0xa2 0xad 0x06 0x1a 0xa9 0xd6 0x6d 0x45 0xd2 0x97 0x35 0xc3 0xb9 0xa4 ], deviceToken=[ 0xf2 0x06 ], rxAdvertisement=null }, address=null, psm=0, deviceToken=<ByteString@39d45db size=2 contents="\362\006">, isSecondProfile=false, rxInstantConnectionAdv=null}.
09-18 08:27:31.306 I/NearbyConnections(17809): Lost BleEndpoint for BlePeripheral BlePeripheral{advertisement=BleAdvertisement { version=2, socketVersion=2, isFast=true, serviceIdHash=null, data=[ 0x23 0x34 0x52 0x57 0x41 0x11 0x32 0x18 0xa4 0xa2 0xad 0x06 0x1a 0xa9 0xd6 0x6d 0x45 0xd2 0x97 0x35 0xc3 0xb9 0xa4 ], deviceToken=[ 0xf2 0x06 ], rxAdvertisement=null }, address=null, psm=0, deviceToken=<ByteString@39d45db size=2 contents="\362\006">, isSecondProfile=false, rxInstantConnectionAdv=null} (with EndpointId 4RWA and EndpointInfo [ 0x32 0x18 0xa4 0xa2 0xad 0x06 0x1a 0xa9 0xd6 0x6d 0x45 0xd2 0x97 0x35 0xc3 0xb9 0xa4 ]).
09-18 08:27:31.308 I/NearbyConnections(17809): ClientProxy(18057172) reporting onEndpointLost(4RWA)
09-18 08:27:31.310 I/NearbySharing(17809): Ignoring lost endpoint 4RWA because we don't have an associated ShareTarget
09-18 08:27:31.310 I/NearbySharing(17809): Endpoint 4RWA lost over Nearby Connections
09-18 08:27:31.500 D/AndroidRuntime(26562): >>>>>> START com.android.internal.os.RuntimeInit uid 2000 <<<<<<
09-18 08:27:31.505 I/AndroidRuntime(26562): Using default boot image
09-18 08:27:31.505 I/AndroidRuntime(26562): Leaving lock profiling enabled
09-18 08:27:31.508 I/app_process(26562): Using CollectorTypeCMC GC.
09-18 08:27:31.574 D/nativeloader(26562): InitDefaultPublicLibraries for_preload=1: libandroid.so:libaaudio.so:libamidi.so:libbinder_ndk.so:libc.so:libcamera2ndk.so:libdl.so:libEGL.so:libGLESv1_CM.so:libGLESv2.so:libGLESv3.so:libicu.so:libicui18n.so:libicuuc.so:libjnigraphics.so:liblog.so:libmediandk.so:libm.so:libnativehelper.so:libnativewindow.so:libOpenMAXAL.so:libOpenSLES.so:libRS.so:libstdc++.so:libsync.so:libvulkan.so:libwebviewchromium_plat_support.so:libz.so
09-18 08:27:31.584 D/app_process(26562): Time zone APEX ICU file found: /apex/com.android.tzdata/etc/icu/icu_tzdata.dat
09-18 08:27:31.584 D/app_process(26562): I18n APEX ICU file found: /apex/com.android.i18n/etc/icu/icudt72l.dat
09-18 08:27:31.590 W/ziparchive(26562): Unable to open '/data/local/tmp/rotationwatcher.dm': No such file or directory
09-18 08:27:31.605 D/AndroidRuntime(26562): Calling main entry com.example.rotationwatcher.Main
09-18 08:27:31.804 D/ProfileInstaller(26399): Installing profile for com.zebra.soho_app
09-18 08:27:32.040 D/TrafficStats(25542): tagSocket(5) with statsTag=0xffffffff, statsUid=-1
09-18 08:27:32.050 D/TrafficStats(25542): tagSocket(96) with statsTag=0xffffffff, statsUid=-1
09-18 08:27:32.075 D/TrafficStats(25542): tagSocket(97) with statsTag=0xffffffff, statsUid=-1
09-18 08:27:32.078 D/TrafficStats(25542): tagSocket(98) with statsTag=0xffffffff, statsUid=-1
09-18 08:27:32.082 D/TrafficStats(25542): tagSocket(99) with statsTag=0xffffffff, statsUid=-1
09-18 08:27:32.086 D/TrafficStats(25542): tagSocket(100) with statsTag=0xffffffff, statsUid=-1
09-18 08:27:32.666 W/ProcessStats( 1449): Tracking association SourceState{288950 com.android.phone/1001 ImpFg #1862688} whose proc state 5 is better than process ProcessState{2592625 com.google.android.iwlan/1000 pkg=com.google.android.iwlan} proc state 14 (322 skipped)
09-18 08:27:32.681 W/TracingMuxer( 1137): type=1400 audit(0.0:104137): avc:  denied  { write } for  name="traced_producer" dev="tmpfs" ino=1590 scontext=u:r:gxp_logging:s0 tcontext=u:object_r:traced_producer_socket:s0 tclass=sock_file permissive=0
09-18 08:27:32.803 D/hwc-display(  564): PrimaryDisplay: edid_property is supported but blob is not valid
09-18 08:27:32.804 D/hwc-display(  564): using Display Fake Edid
09-18 08:27:32.804 D/hwc-display(  564): PrimaryDisplay: edid_property is supported but blob is not valid
09-18 08:27:32.804 D/hwc-display(  564): using Display Fake Edid
09-18 08:27:32.804 W/DisplayIdentification(  562): Invalid EDID: model year or manufacture year cannot be in the range [0x0, 0xf].
09-18 08:27:33.152 D/TrafficStats(25542): tagSocket(5) with statsTag=0xffffffff, statsUid=-1
09-18 08:27:33.159 D/TrafficStats(25542): tagSocket(96) with statsTag=0xffffffff, statsUid=-1
09-18 08:27:33.164 D/TrafficStats(25542): tagSocket(97) with statsTag=0xffffffff, statsUid=-1
09-18 08:27:33.169 D/TrafficStats(25542): tagSocket(98) with statsTag=0xffffffff, statsUid=-1
09-18 08:27:33.178 D/TrafficStats(25542): tagSocket(99) with statsTag=0xffffffff, statsUid=-1
09-18 08:27:33.192 D/TrafficStats(25542): tagSocket(100) with statsTag=0xffffffff, statsUid=-1
09-18 08:27:33.540 I/pixel-thermal( 1630): quiet_therm:28.834 raw data: quiet_therm:28834 
09-18 08:27:33.762 D/BoundBrokerSvc( 9247): onUnbind: Intent { act=com.google.android.gms.backup.GMS_MODULE_RESTORE dat=chimera-action:/... cmp=com.google.android.gms/.chimera.GmsInternalBoundBrokerService }
09-18 08:27:33.905 D/AndroidRuntime(26617): >>>>>> START com.android.internal.os.RuntimeInit uid 2000 <<<<<<
09-18 08:27:33.910 I/AndroidRuntime(26617): Using default boot image
09-18 08:27:33.910 I/AndroidRuntime(26617): Leaving lock profiling enabled
09-18 08:27:33.913 I/app_process(26617): Using CollectorTypeCMC GC.
09-18 08:27:33.974 D/nativeloader(26617): InitDefaultPublicLibraries for_preload=1: libandroid.so:libaaudio.so:libamidi.so:libbinder_ndk.so:libc.so:libcamera2ndk.so:libdl.so:libEGL.so:libGLESv1_CM.so:libGLESv2.so:libGLESv3.so:libicu.so:libicui18n.so:libicuuc.so:libjnigraphics.so:liblog.so:libmediandk.so:libm.so:libnativehelper.so:libnativewindow.so:libOpenMAXAL.so:libOpenSLES.so:libRS.so:libstdc++.so:libsync.so:libvulkan.so:libwebviewchromium_plat_support.so:libz.so
09-18 08:27:33.984 D/app_process(26617): Time zone APEX ICU file found: /apex/com.android.tzdata/etc/icu/icu_tzdata.dat
09-18 08:27:33.984 D/app_process(26617): I18n APEX ICU file found: /apex/com.android.i18n/etc/icu/icudt72l.dat
09-18 08:27:33.989 W/ziparchive(26617): Unable to open '/data/local/tmp/maxpresent.dm': No such file or directory
09-18 08:27:34.025 D/AndroidRuntime(26617): Calling main entry com.netease.maxpresent.MaxPresent
09-18 08:27:34.059 V/GrantPermissionsViewModel(12633): Logged buttons presented and clicked permissionGroupName=android.permission-group.LOCATION uid=10366 selectedPrecision=3 package=com.zebra.soho_app presentedButtons=44 clickedButton=4 isPermissionRationaleShown=false sessionId=7390319121889653468 targetSdk=34
09-18 08:27:34.064 V/GrantPermissionsViewModel(12633): Permission grant result requestId=7390319121889653468 callingUid=10366 callingPackage=com.zebra.soho_app permission=android.permission.ACCESS_FINE_LOCATION isImplicit=false result=4 isPermissionRationaleShown=false
09-18 08:27:34.064 V/GrantPermissionsViewModel(12633): Permission grant result requestId=7390319121889653468 callingUid=10366 callingPackage=com.zebra.soho_app permission=android.permission.ACCESS_COARSE_LOCATION isImplicit=true result=4 isPermissionRationaleShown=false
09-18 08:27:34.066 V/WindowManagerShell( 1984): Transition requested (#4547): android.os.BinderProxy@a8c9464 TransitionRequestInfo { type = CLOSE, triggerTask = null, pipTask = null, remoteTransition = null, displayChange = null, flags = 0, debugId = 4547 }
09-18 08:27:34.073 I/BpBinder(  562): onLastStrongRef automatically unlinking death recipients: 
09-18 08:27:34.082 D/CompatibilityChangeReporter(26399): Compat change id reported: 78294732; UID 10366; state: ENABLED
09-18 08:27:34.083 V/WindowManagerShell( 1984): onTransitionReady (#4547) android.os.BinderProxy@a8c9464: {id=4547 t=CLOSE f=0x0 trk=0 opt={t=FROM_STYLE} r=[0@Point(0, 0)] c=[{null m=CLOSE f=TRANSLUCENT|FILLS_TASK leash=Surface(name=ActivityRecord{b81a9c1 u0 com.google.android.permissioncontroller/com.android.permissioncontroller.permission.ui.GrantPermissionsActivity t1703})/@0xc69d6cd sb=Rect(0, 0 - 1080, 2340) eb=Rect(0, 0 - 1080, 2340) d=0 component=com.google.android.permissioncontroller/com.android.permissioncontroller.permission.ui.GrantPermissionsActivity}]}
09-18 08:27:34.083 V/WindowManagerShell( 1984): Playing animation for (#4547) android.os.BinderProxy@a8c9464@0
09-18 08:27:34.083 V/WindowManagerShell( 1984):  try handler com.android.wm.shell.transition.DefaultMixedHandler@f494f5b
09-18 08:27:34.083 V/WindowManagerShell( 1984):  try handler com.android.wm.shell.keyguard.KeyguardTransitionHandler@3c6b3f8
09-18 08:27:34.083 V/WindowManagerShell( 1984):  try handler com.android.wm.shell.pip.PipTransition@4060d1
09-18 08:27:34.083 V/WindowManagerShell( 1984):  try handler com.android.wm.shell.activityembedding.ActivityEmbeddingController@b8f1736
09-18 08:27:34.083 V/WindowManagerShell( 1984):  try handler com.android.wm.shell.recents.RecentsTransitionHandler@ec38637
09-18 08:27:34.083 V/ShellRecents( 1984): RecentsTransitionHandler.startAnimation: no controller found
09-18 08:27:34.084 V/WindowManagerShell( 1984):  try handler com.android.wm.shell.splitscreen.StageCoordinator@24ec14c
09-18 08:27:34.084 V/WindowManagerShell( 1984):  try handler com.android.wm.shell.transition.RemoteTransitionHandler@1af17a4
09-18 08:27:34.084 V/WindowManagerShell( 1984): Transition doesn't have explicit remote, search filters for match for {id=4547 t=CLOSE f=0x0 trk=0 opt={t=FROM_STYLE} r=[0@Point(0, 0)] c=[{null m=CLOSE f=TRANSLUCENT|FILLS_TASK leash=Surface(name=ActivityRecord{b81a9c1 u0 com.google.android.permissioncontroller/com.android.permissioncontroller.permission.ui.GrantPermissionsActivity t1703})/@0xc69d6cd sb=Rect(0, 0 - 1080, 2340) eb=Rect(0, 0 - 1080, 2340) d=0 component=com.google.android.permissioncontroller/com.android.permissioncontroller.permission.ui.GrantPermissionsActivity}]}
09-18 08:27:34.084 V/WindowManager( 1449): Sent Transition (#4547) createdAt=09-18 08:27:34.065 via request=TransitionRequestInfo { type = CLOSE, triggerTask = null, pipTask = null, remoteTransition = null, displayChange = null, flags = 0, debugId = 4547 }
09-18 08:27:34.084 V/WindowManager( 1449):     startWCT=WindowContainerTransaction { changes = {} hops = [] errorCallbackToken=null taskFragmentOrganizer=null }
09-18 08:27:34.084 V/WindowManagerShell( 1984):  Checking filter Pair{{types=[] flags=0x0] notFlags=0x0 checks=[{atype=dream independent=true modes=[OPEN,TO_FRONT] flags=NONE mustBeTask=false order=ANY topActivity=null},{atype=home independent=true modes=[CLOSE,TO_BACK] flags=NONE mustBeTask=false order=ANY topActivity=null}]} RemoteTransition { remoteTransition = android.window.IRemoteTransition$Stub$Proxy@4ce5e20, appThread = android.app.IApplicationThread$Stub$Proxy@94c03d9, debugName = LauncherToDream }}
09-18 08:27:34.084 V/WindowManager( 1449):     info={id=4547 t=CLOSE f=0x0 trk=0 opt={t=FROM_STYLE} r=[0@Point(0, 0)] c=[
09-18 08:27:34.084 V/WindowManager( 1449):         {null m=CLOSE f=TRANSLUCENT|FILLS_TASK leash=Surface(name=ActivityRecord{b81a9c1 u0 com.google.android.permissioncontroller/com.android.permissioncontroller.permission.ui.GrantPermissionsActivity t1703})/@0x3005a sb=Rect(0, 0 - 1080, 2340) eb=Rect(0, 0 - 1080, 2340) d=0 component=com.google.android.permissioncontroller/com.android.permissioncontroller.permission.ui.GrantPermissionsActivity}
09-18 08:27:34.084 V/WindowManager( 1449):     ]}
09-18 08:27:34.084 V/WindowManagerShell( 1984):  Checking filter Pair{{types=[] flags=0x0] notFlags=0x100 checks=[{atype=home independent=true modes=[OPEN,TO_FRONT] flags=NONE mustBeTask=false order=TOP topActivity=ComponentInfo{com.google.android.apps.nexuslauncher/com.google.android.apps.nexuslauncher.NexusLauncherActivity}},{atype=standard independent=true modes=[CLOSE,TO_BACK] flags=NONE mustBeTask=false order=ANY topActivity=null}]} RemoteTransition { remoteTransition = android.window.IRemoteTransition$Stub$Proxy@15ff19e, appThread = android.app.IApplicationThread$Stub$Proxy@fac347f, debugName = QuickstepLaunchHome }}
09-18 08:27:34.084 V/WindowManagerShell( 1984):  Delegate animation for (#4547) to null
09-18 08:27:34.084 V/WindowManagerShell( 1984):  try handler com.android.wm.shell.transition.DefaultTransitionHandler@d99390d
09-18 08:27:34.084 V/WindowManagerShell( 1984): start default transition animation, info = {id=4547 t=CLOSE f=0x0 trk=0 opt={t=FROM_STYLE} r=[0@Point(0, 0)] c=[{null m=CLOSE f=TRANSLUCENT|FILLS_TASK leash=Surface(name=ActivityRecord{b81a9c1 u0 com.google.android.permissioncontroller/com.android.permissioncontroller.permission.ui.GrantPermissionsActivity t1703})/@0xc69d6cd sb=Rect(0, 0 - 1080, 2340) eb=Rect(0, 0 - 1080, 2340) d=0 component=com.google.android.permissioncontroller/com.android.permissioncontroller.permission.ui.GrantPermissionsActivity}]}
09-18 08:27:34.084 V/WindowManagerShell( 1984): loadAnimation: anim=null animAttr=0x7 type=CLOSE isEntrance=false
09-18 08:27:34.085 V/WindowManagerShell( 1984): Transition animation finished (aborted=false), notifying core (#4547) android.os.BinderProxy@a8c9464@0
09-18 08:27:34.085 D/SessionLifecycleClient(26399): Sending lifecycle 1 to service
09-18 08:27:34.086 D/SessionLifecycleService(26399): Activity foregrounding at 1812219965.
09-18 08:27:34.088 V/WindowManager( 1449): Finish Transition (#4547): created at 09-18 08:27:34.065 collect-started=0.027ms request-sent=0.083ms started=3.233ms ready=14.719ms sent=16.712ms finished=22.02ms
09-18 08:27:34.088 V/WindowManager( 1449): Loading animations: layout params pkg=com.google.android.permissioncontroller resId=0x1030309
09-18 08:27:34.088 V/WindowManager( 1449): Loading animations: picked package=android
09-18 08:27:34.093 V/WindowManagerShell( 1984): Track 0 became idle
09-18 08:27:34.093 V/WindowManagerShell( 1984): All active transition animations finished
09-18 08:27:34.093 V/WindowManagerShell( 1984):  animated by com.android.wm.shell.transition.DefaultTransitionHandler@d99390d
09-18 08:27:34.093 V/WindowManagerShell( 1984): Track 0 became idle
09-18 08:27:34.093 V/WindowManagerShell( 1984): All active transition animations finished
09-18 08:27:34.093 W/UserManagerService( 1449): Requested status bar icon for non-badged user 0
09-18 08:27:34.100 W/UserManagerService( 1449): Requested status bar icon for non-badged user 0
09-18 08:27:34.104 D/CompatibilityChangeReporter( 1449): Compat change id reported: 214016041; UID 10366; state: ENABLED
09-18 08:27:34.104 I/ImeTracker( 1449): com.zebra.soho_app:15f3cbbf: onRequestHide at ORIGIN_SERVER reason HIDE_UNSPECIFIED_WINDOW fromUser false
09-18 08:27:34.104 I/ImeTracker( 1449): com.zebra.soho_app:15f3cbbf: onCancelled at PHASE_SERVER_SHOULD_HIDE
09-18 08:27:34.113 D/TrafficStats(17761): tagSocket(98) with statsTag=0xffffffff, statsUid=-1
09-18 08:27:34.114 E/NIO     (17761): wtf
09-18 08:27:34.114 E/NIO     (17761): java.net.BindException: Address already in use
09-18 08:27:34.114 E/NIO     (17761): 	at sun.nio.ch.Net.bind0(Native Method)
09-18 08:27:34.114 E/NIO     (17761): 	at sun.nio.ch.Net.bind(Net.java:442)
09-18 08:27:34.114 E/NIO     (17761): 	at sun.nio.ch.Net.bind(Net.java:434)
09-18 08:27:34.114 E/NIO     (17761): 	at sun.nio.ch.ServerSocketChannelImpl.bind(ServerSocketChannelImpl.java:223)
09-18 08:27:34.114 E/NIO     (17761): 	at sun.nio.ch.ServerSocketAdaptor.bind(ServerSocketAdaptor.java:74)
09-18 08:27:34.114 E/NIO     (17761): 	at sun.nio.ch.ServerSocketAdaptor.bind(ServerSocketAdaptor.java:67)
09-18 08:27:34.114 E/NIO     (17761): 	at com.koushikdutta.async.AsyncServer$5.run(AsyncServer.java:316)
09-18 08:27:34.114 E/NIO     (17761): 	at com.koushikdutta.async.AsyncServer$3.run(AsyncServer.java:211)
09-18 08:27:34.114 E/NIO     (17761): 	at com.koushikdutta.async.AsyncServer.lockAndRunQueue(AsyncServer.java:740)
09-18 08:27:34.114 E/NIO     (17761): 	at com.koushikdutta.async.AsyncServer.runLoop(AsyncServer.java:758)
09-18 08:27:34.114 E/NIO     (17761): 	at com.koushikdutta.async.AsyncServer.run(AsyncServer.java:658)
09-18 08:27:34.114 E/NIO     (17761): 	at com.koushikdutta.async.AsyncServer.access$800(AsyncServer.java:44)
09-18 08:27:34.114 E/NIO     (17761): 	at com.koushikdutta.async.AsyncServer$14.run(AsyncServer.java:600)
09-18 08:27:34.114 I/WifiHAL (  959): Creating message to get link statistics; iface = 48
09-18 08:27:34.131 D/VRI[GrantPermissionsActivity](12633): visibilityChanged oldVisibility=true newVisibility=false
09-18 08:27:34.133 W/WindowOnBackDispatcher(12633): sendCancelIfRunning: isInProgress=falsecallback=android.view.ViewRootImpl$$ExternalSyntheticLambda11@89f1b58
09-18 08:27:34.133 D/CoreBackPreview( 1449): Window{8794777 u0 com.google.android.permissioncontroller/com.android.permissioncontroller.permission.ui.GrantPermissionsActivity}: Setting back callback null
09-18 08:27:34.134 W/InputManager-JNI( 1449): Input channel object '8794777 com.google.android.permissioncontroller/com.android.permissioncontroller.permission.ui.GrantPermissionsActivity (client)' was disposed without first being removed with the input manager!
09-18 08:27:34.160 I/WifiHAL (  959): In GetLinkStatsCommand::handleResponse
09-18 08:27:34.193 D/ConnectivityService( 1449): NetReassign [no changes] [c 0] [a 0] [i 3]
09-18 08:27:34.262 D/TrafficStats(25542): tagSocket(5) with statsTag=0xffffffff, statsUid=-1
09-18 08:27:34.270 D/TrafficStats(25542): tagSocket(96) with statsTag=0xffffffff, statsUid=-1
09-18 08:27:34.280 D/TrafficStats(25542): tagSocket(97) with statsTag=0xffffffff, statsUid=-1
09-18 08:27:34.284 D/TrafficStats(25542): tagSocket(98) with statsTag=0xffffffff, statsUid=-1
09-18 08:27:34.286 D/TrafficStats(25542): tagSocket(99) with statsTag=0xffffffff, statsUid=-1
09-18 08:27:34.287 D/TrafficStats(25542): tagSocket(100) with statsTag=0xffffffff, statsUid=-1
09-18 08:27:34.395 I/bthal.activity(  881): bt_power: LeAdvStat: 08:27:33:393 - 08:27:34:394, duration: 1001, le_adv_count: 2, total_le_adv_count: 1471745, total_event_count: 2
09-18 08:27:34.774 W/System  (25542): A resource failed to call end. 
09-18 08:27:34.774 W/System  (25542): A resource failed to call end. 
09-18 08:27:34.774 W/System  (25542): A resource failed to call end. 
09-18 08:27:34.774 W/System  (25542): A resource failed to call end. 
09-18 08:27:34.774 W/System  (25542): A resource failed to call end. 
09-18 08:27:34.775 W/System  (25542): A resource failed to call end. 
09-18 08:27:34.775 W/System  (25542): A resource failed to call end. 
09-18 08:27:34.775 W/System  (25542): A resource failed to call end. 
09-18 08:27:34.775 W/System  (25542): A resource failed to call end. 
09-18 08:27:34.775 W/System  (25542): A resource failed to call end. 
09-18 08:27:34.775 W/System  (25542): A resource failed to call end. 
09-18 08:27:34.776 W/System  (25542): A resource failed to call end. 
09-18 08:27:34.776 W/System  (25542): A resource failed to call end. 
09-18 08:27:34.776 W/System  (25542): A resource failed to call end. 
09-18 08:27:34.776 W/System  (25542): A resource failed to call end. 
09-18 08:27:34.776 W/System  (25542): A resource failed to call end. 
09-18 08:27:34.776 W/System  (25542): A resource failed to call end. 
09-18 08:27:34.777 W/System  (25542): A resource failed to call end. 
09-18 08:27:34.777 W/System  (25542): A resource failed to call end. 
09-18 08:27:34.778 W/System  (25542): A resource failed to call end. 
09-18 08:27:34.778 W/System  (25542): A resource failed to call end. 
09-18 08:27:34.778 W/System  (25542): A resource failed to call end. 
09-18 08:27:34.779 W/System  (25542): A resource failed to call end. 
09-18 08:27:34.985 D/ActivityManager( 1449): freezing 30161 com.google.android.apps.privacy.wildlife
09-18 08:27:34.999 D/InetDiagMessage( 1449): Destroyed 0 sockets, proto=IPPROTO_TCP, family=AF_INET, states=14
09-18 08:27:35.006 D/InetDiagMessage( 1449): Destroyed 0 sockets, proto=IPPROTO_TCP, family=AF_INET6, states=14
09-18 08:27:35.007 D/InetDiagMessage( 1449): Destroyed live tcp sockets for uids={10280} in 16ms
09-18 08:27:35.743 D/TrafficStats(25542): tagSocket(5) with statsTag=0xffffffff, statsUid=-1
09-18 08:27:35.758 D/TrafficStats(25542): tagSocket(96) with statsTag=0xffffffff, statsUid=-1
09-18 08:27:35.774 D/TrafficStats(25542): tagSocket(97) with statsTag=0xffffffff, statsUid=-1
09-18 08:27:35.787 D/TrafficStats(25542): tagSocket(98) with statsTag=0xffffffff, statsUid=-1
09-18 08:27:35.789 D/TrafficStats(25542): tagSocket(99) with statsTag=0xffffffff, statsUid=-1
09-18 08:27:35.798 D/TrafficStats(25542): tagSocket(100) with statsTag=0xffffffff, statsUid=-1
09-18 08:27:35.823 D/TrafficStats(25542): tagSocket(101) with statsTag=0xffffffff, statsUid=-1
09-18 08:27:35.828 I/System.out(25542): {"id":"","uri":"[Lcom.netease.open.libpoco.sdk.AbstractNode;@ef91191(82e9c3f9-ba0b-482b-897a-02594607ecf8)","method":[["del",[]]],"session_id":"6404e7dd-be7f-480f-8f22-75e7238f0a78"}
09-18 08:27:35.837 I/bthal.activity(  881): bt_power: LeAdvStat: 08:27:34:836 - 08:27:35:837, duration: 1001, le_adv_count: 2, total_le_adv_count: 1471747, total_event_count: 2
