09-18 08:27:18.643 D/SearchTargetUtil(21117): layoutType=short_icon_row resultType=131072 packageName=com.google.android.googlequicksearchbox extras=Bundle{suggestion_type=33,suggest_truncate_start=false,is_answer=false,is_entity=false,is_personal=false,suggest_raw_text=nasa asteroid hitting earth,input_query=android.app.search.Query@c1332a6,group_id=web1812204508,response_id=17fef39e-fee8-4a51-9571-03a958bb49fc,support_query_builder=false,} searchAction=nasa asteroid hitting earth searchActionExtras=Bundle{learn_more_url=https://support.google.com/websearch/answer/106230?hl=106230,suggestion_action_text=Report this,should_start_for_result=true,allow_pinning=true,skip_logging_in_target_handler=true,suggestion_action_rpc=2,}ParentID: null targetID: a74da6e3-2dce-4d15-b480-aa592351a207
09-18 08:27:18.643 D/SearchTargetUtil(21117): layoutType=short_icon_row resultType=131072 packageName=com.google.android.googlequicksearchbox extras=Bundle{suggestion_type=33,suggest_truncate_start=false,is_answer=false,is_entity=false,is_personal=false,suggest_raw_text=oneplus nord buds 3,input_query=android.app.search.Query@c1332a6,group_id=web1812204508,response_id=17fef39e-fee8-4a51-9571-03a958bb49fc,support_query_builder=false,} searchAction=oneplus nord buds 3 searchActionExtras=Bundle{learn_more_url=https://support.google.com/websearch/answer/106230?hl=106230,suggestion_action_text=Report this,should_start_for_result=true,allow_pinning=true,skip_logging_in_target_handler=true,suggestion_action_rpc=2,}ParentID: null targetID: f177ffdd-a4b4-4722-b08c-e35eccba570f
09-18 08:27:18.643 D/SearchTargetUtil(21117): layoutType=short_icon_row resultType=131072 packageName=com.google.android.googlequicksearchbox extras=Bundle{suggestion_type=33,suggest_truncate_start=false,is_answer=false,is_entity=false,is_personal=false,suggest_raw_text=motorola edge 50 neo,input_query=android.app.search.Query@c1332a6,group_id=web1812204508,response_id=17fef39e-fee8-4a51-9571-03a958bb49fc,support_query_builder=false,} searchAction=motorola edge 50 neo searchActionExtras=Bundle{learn_more_url=https://support.google.com/websearch/answer/106230?hl=106230,suggestion_action_text=Report this,should_start_for_result=true,allow_pinning=true,skip_logging_in_target_handler=true,suggestion_action_rpc=2,}ParentID: null targetID: 46605a32-c3f5-4940-a272-e070535f587f
09-18 08:27:18.643 D/SearchTargetUtil(21117): layoutType=short_icon_row resultType=131072 packageName=com.google.android.googlequicksearchbox extras=Bundle{suggestion_type=33,suggest_truncate_start=false,is_answer=false,is_entity=false,is_personal=false,suggest_raw_text=covid 19 xec variant,input_query=android.app.search.Query@c1332a6,group_id=web1812204508,response_id=17fef39e-fee8-4a51-9571-03a958bb49fc,support_query_builder=false,} searchAction=covid 19 xec variant searchActionExtras=Bundle{learn_more_url=https://support.google.com/websearch/answer/106230?hl=106230,suggestion_action_text=Report this,should_start_for_result=true,allow_pinning=true,skip_logging_in_target_handler=true,suggestion_action_rpc=2,}ParentID: null targetID: 38cfa4ca-f968-4db6-a0f9-316acccbb609
09-18 08:27:18.643 D/SearchTargetUtil(21117): layoutType=extra_tall_icon_row resultType=131072 packageName=com.google.android.googlequicksearchbox extras=Bundle{bitmap_url=data:image/jpeg;base64,/9j/4AAQSkZJRgABAQAAAQABAAD/2wCEAAkGBwgHBgkIBwgKCgkLDRYPDQwMDRsUFRAWIB0iIiAdHx8kKDQsJCYxJx8fLT0tMTU3Ojo6Iys/RD84QzQ5OjcBCgoKDQwNGg8PGjclHyU3Nzc3Nzc3Nzc3Nzc3Nzc3Nzc3Nzc3Nzc3Nzc3Nzc3Nzc3Nzc3Nzc3Nzc3Nzc3Nzc3N//AABEIAHwAfAMBIgACEQEDEQH/xAAcAAABBQEBAQAAAAAAAAAAAAAAAQIDBAUHBgj/xAA5EAABAwMCAwUFBwIHAAAAAAABAAIDBAUREiExQVEGExRhkSIjcYGxBzJCUqHB8BXRFiQ0Q3KS4f/EABkBAAMBAQEAAAAAAAAAAAAAAAABAgMEBf/EACERAAICAwACAwEBAAAAAAAAAAABAhEDEiEEMRMiQbFh/9oADAMBAAIRAxEAPwDtukJcBGUmU9TO0g2RsjZNKKQmx+yacBQVtbBQUslTVP0RsGSVyTtj22qKwubRtMcWrDQXkOAx0Gx/VNRsTZ1evudFbYRLW1DIWE4BceKz29r7CW6v6jDx4B2T+i4LW3iprA1k00mkcG7kKp3waW5aSP8AijVDVn0lRXu31/8ApqhjyOWRn0WF9oNVUxW+JlM73UmQ/fGeGMnpuuINqQ/7j3teN2la1Df6x0bKatmlmps7sc7cDngqZLnDSDqSslqoIhI8xtM0oOHSHh8l6XsdXy0dVTGbQ9rHY0Mdg77fusWYmrIjj2DnaY42NwT08vRW6Kx3Cmc0VFvmjjk27wszj4lZRs6siVdZ2oEKtXziKE4O6iontgooIu9Ezo42tLgc5wOKr71tYB/tRnLj1W9V04ofZ/4izaaXw1MS8gyyu1vdj0HyCvZCbkJpclwTnbsdgo0lPyEqXStURYcmlruKnUVTtTyYGSWkD4lJpicEcj+0ntW6WsfbqWRxp2sw/Rj2j8VzKaZz3jckE8jsta6EGsl4jVsS4/z+FV6KmbNLoa3njKvkUEYtukZ2otdnUfqn64yQHEud8eCmqKYNnka/kcZ5JI4Bs3SDng5Ox0xzM7APO3DyTzlh3PEZx1TXRui34gcMJ0ZL3ESgYO4PRS2NI9TYaplRSmmkbqcMYOOOV0Tspar93JdUVklPBj3UcrNTj8eeFy3sNK517ZG46T38YH/cL6JyoUWpWmbPInj0aMplrqHH/NVusdI49P1JV+KnbEwMjADQpkJtX7MuVRHoPVHd+afkIyEaomkRhOUeUEnzQ5ohMkymVL9FPI4N1ENJDepSAnonYyMEbJLImUro+X7gTrcM6jqxtzW1ZoooKWWoqpRC/cNDmk+qs3XspJDcvByuMcnihDkcCCchw+RVq5WuFzmwOh1eGlkYS522ATgY89t/NDnF+2eh4/iTySqPurMeE26UOjlqow8u47/2Ur7bSRNDmV0Rb0DlGLdQMdoqGluG+2Yxq0+eOi1K7s0aWzQXCdzg2Q+8jIHsB33f2B+KUlH2ma5PGnikoSStmJNHTPc7M8eeoKlvNBHTUEVVT1EUzdmuEbgS0+ajkt9FFH3rHPLidOksAII+XDdaFltbLndhRR62gQyPL8Y4NIB4fm0j1Wkoa/pjkwOKbbKXY2fuO0tC57TpdURg+e4wvo7K4B2JsdXW3y1+6cWMqA9zh+Frdzn0XftLlOyOLJGSoflKmBrk7BRsJWNKEFjijQU9iKY7IS7FV2wy83p3tN2cVWqBTf6ibYIyFCXDqgHzRqHyHk+31GyPw10azPcSsc/5Hj6fRZlZaILlIaiGV0bpACS3BDttiQR0XtbnTRVtBPTyjU17CP0XM7JeRSQTQSPGqFpDQfJYZYHf4nktPjpob/h+3W6q7+uqHOY3ctDdiRwyBxXo7jV2ma2imqpW91ONI2zqzzGFznxEt4kkkqBPMdW0cIJU7rUaT3tPDXPAO+xIHM8lChRtLI8n2l/TRn7KVM4EbpWujbsxzhk4ytm1W2Hs/S1dbJK6WcxBpc7kBwaPmsyy9oJW3AQVT9UR/OMEDCs1dW661cdHA8aTK3ON+f8APROpNiea4/f2j1v2f2n+n0JkeBrc0A+RO5H0Xrcjqs+F0cELY2ZwBx6pfEDK6Y46R5k/It2X8jqjUOqqMeHBP2T1J+Vk+odUa29VXyOiNuiNRfKy0mSjMZT1FUau6OlQjeXUUYC97iMHCtCMqCiaWHD+KvgK97MFha9nm+1sFYKaJ9NO+OLdsoacceC45foJqCoL4XaoJMgOH0Xe71QC52qqotRYZoy1rh+E8j6rixifJSy2+sZplhcWOB4tIUynw3xw+3DJtN0kpaTuqTDJi4kuPMlWmXG86nOlrdbW/ea7HHyWaLXVMkcGt3B580yaKraT3gIJG+BkLN6/h0JzojqK+aeu74k6jtldC+zG2STyuudd7MbTphB/E47Z8huvCUVrq6qVrWxOycbkLqnZipZDG6zykCVkIe3fj8Pht6rSOt0YSUmuntDTDok8KMqaldqiaHfeAU2kKtmjD4kyuyLSn6FLgIwlsNYiLu/NGhTYRgI2H8aBHFeettzuNc8Np2xvaD7cjxsAvQNBAGo5PMqV00TsQMaODQEpOMHklSEZGEwFXPvtAsZiqxeKVvsPwypA5HgHft6L3cjnBulvHqoHwsnhkgqGao5Glrx1BQ42hxfbOWQRa2780/wjSfajac8yvR1fZKqpCXU8niIvIYcPl/ZVvCODQHDguOUGjshlVFJjGQxgtaA7HFLYLdUV1/ZURnDYfae4+Yxj+dFbNOCN16nsvSthoC8DeR5JPw2WuJd6ZZZ84asLSBjopkIW7dnOlQICFBVS9xH3v4QfaQDdE6FFDO2UZapUvQeyvQUcNBSRU1OMMjaBk8T5nzVhCEDBCEIAQgJpanoTsVDWnGyzrnbBUHvYQBIfvD83/q08ISasabR5SagmhaXSRaQOeV6C0xmO3QBw3059TlR3hjn02W8GHLvIK5CAImAcA0KIqmy5O0PQhCsgEyWNssTo3jLXAgp6EAZVvoKinGHSjZaA74fkKlQhkqNKrEQEqQoKFQhCABCEIAEIQgBC0EHIyOBQAGgADYDZB4IHAIAVCQJUxAhCEhgmPfpOE9VKo+8HwUy4hxVs/9k=,suggestion_type=33,suggest_truncate_start=false,is_answer=false,is_entity=true,is_personal=false,suggest_raw_text=jani master,input_query=android.app.search.Query@c1332a6,group_id=web1812204508,response_id=17fef39e-fee8-4a51-9571-03a958bb49fc,support_query_builder=false,} searchAction=Jani Master searchActionExtras=Bundle{learn_more_url=https://support.google.com/websearch/answer/106230?hl=106230,suggestion_action_text=Report this,should_start_for_result=true,allow_pinning=true,skip_logging_in_target_handler=true,suggestion_action_rpc=2,}ParentID: null targetID: dc952170-8c27-4379-b64a-06ee8a4177e1
09-18 08:27:18.649 I/EuiccGoogle(23281): [2] NetworkFetcher.getFirstActiveEuiccSlotId: isRemovableEsimDefault: false
09-18 08:27:18.652 I/EuiccGoogle(23281): [2] EuiccServiceImpl.onCreate: onCreate DSDS mode: simCardState is 11
09-18 08:27:18.653 I/EuiccGoogle(23281): [2] Partner.getResourceEntry$ar$ds$ar$class_merging$ar$class_merging: Partner app=com.google.android.euiccoverlay, Resource name=esim_supported_countries, type=string, partnerResId = 0
09-18 08:27:18.653 I/EuiccGoogle(23281): [2] Partner.getResourceEntry$ar$ds$ar$class_merging$ar$class_merging: Partner app=com.google.android.euiccoverlay, Resource name=esim_unsupported_countries, type=string, partnerResId = 2131689520
09-18 08:27:18.654 I/RegisteredServicesCache( 3024): current user: 0, is managed profile : false
09-18 08:27:18.654 I/RegisteredServicesCache( 3024): New Other Services => 
09-18 08:27:18.654 I/RegisteredServicesCache( 3024): Removed Other Services => 
09-18 08:27:18.655 D/ActivityManager( 1449): sync unfroze 26256 com.android.vending:background for 3
09-18 08:27:18.657 I/Finsky:background(26256): [2] xdw.onTrimMemory(11): Memory trim requested to level 40
09-18 08:27:18.657 I/WindowManager( 1449): WIN DEATH: Window{e436c62 u0 com.zebra.soho_app/com.zebra.soho_app.MainActivity}
09-18 08:27:18.657 I/Finsky:background(26256): [2] xdw.onTrimMemory(11): Memory trim requested to level 40
09-18 08:27:18.657 I/ImeTracker( 1449): com.zebra.soho_app:e2f431fa: onRequestHide at ORIGIN_SERVER reason HIDE_REMOVE_CLIENT fromUser false
09-18 08:27:18.657 I/ImeTracker( 1449): com.zebra.soho_app:e2f431fa: onCancelled at PHASE_SERVER_SHOULD_HIDE
09-18 08:27:18.657 W/InputManager-JNI( 1449): Input channel object 'e436c62 com.zebra.soho_app/com.zebra.soho_app.MainActivity (client)' was disposed without first being removed with the input manager!
09-18 08:27:18.657 V/WindowManager( 1449): Loading animations: layout params pkg=com.zebra.soho_app resId=0x1030001
09-18 08:27:18.657 V/WindowManager( 1449): Loading animations: picked package=android
09-18 08:27:18.657 V/WindowManagerShell( 1984): onTransitionReady (#4541) android.os.BinderProxy@46fdb38: {id=4541 t=CLOSE f=0x0 trk=0 r=[0@Point(0, 0)] c=[{WCT{android.window.IWindowContainerToken$Stub$Proxy@28b5e02} m=TO_FRONT f=SHOW_WALLPAPER|MOVE_TO_TOP leash=Surface(name=Task=7)/@0x90cb076 sb=Rect(0, 0 - 1080, 2340) eb=Rect(0, 0 - 1080, 2340) d=0},{WCT{android.window.IWindowContainerToken$Stub$Proxy@387d313} m=CLOSE f=NONE leash=Surface(name=Task=1701)/@0x96f4677 sb=Rect(0, 0 - 1080, 2340) eb=Rect(0, 0 - 1080, 2340) d=0},{null m=TO_FRONT f=IS_WALLPAPER leash=Surface(name=WallpaperWindowToken{8b7bce3 token=android.os.Binder@1648d12})/@0x2e372e4 sb=Rect(0, 0 - 1080, 2340) eb=Rect(0, 0 - 1080, 2340) d=0}]}
09-18 08:27:18.657 D/ConnectivityService( 1449): releasing NetworkRequest [ REQUEST id=15316, [ Capabilities: INTERNET&NOT_RESTRICTED&TRUSTED&NOT_VCN_MANAGED Uid: 10366 RequestorUid: 10366 RequestorPkg: com.zebra.soho_app UnderlyingNetworks: Null] ] (release request)
09-18 08:27:18.658 V/WindowManagerShell( 1984): Playing animation for (#4541) android.os.BinderProxy@46fdb38@0
09-18 08:27:18.658 V/WindowManagerShell( 1984):  try handler com.android.wm.shell.transition.DefaultMixedHandler@f494f5b
09-18 08:27:18.658 V/WindowManagerShell( 1984):  try handler com.android.wm.shell.keyguard.KeyguardTransitionHandler@3c6b3f8
09-18 08:27:18.658 V/WindowManagerShell( 1984):  try handler com.android.wm.shell.pip.PipTransition@4060d1
09-18 08:27:18.658 V/WindowManagerShell( 1984):  try handler com.android.wm.shell.activityembedding.ActivityEmbeddingController@b8f1736
09-18 08:27:18.658 V/WindowManagerShell( 1984):  try handler com.android.wm.shell.recents.RecentsTransitionHandler@ec38637
09-18 08:27:18.658 V/ShellRecents( 1984): RecentsTransitionHandler.startAnimation: no controller found
09-18 08:27:18.658 V/WindowManagerShell( 1984):  try handler com.android.wm.shell.splitscreen.StageCoordinator@24ec14c
09-18 08:27:18.658 V/WindowManagerShell( 1984):  try handler com.android.wm.shell.transition.RemoteTransitionHandler@1af17a4
09-18 08:27:18.658 V/WindowManagerShell( 1984): Transition doesn't have explicit remote, search filters for match for {id=4541 t=CLOSE f=0x0 trk=0 r=[0@Point(0, 0)] c=[{WCT{android.window.IWindowContainerToken$Stub$Proxy@28b5e02} m=TO_FRONT f=SHOW_WALLPAPER|MOVE_TO_TOP leash=Surface(name=Task=7)/@0x90cb076 sb=Rect(0, 0 - 1080, 2340) eb=Rect(0, 0 - 1080, 2340) d=0},{WCT{android.window.IWindowContainerToken$Stub$Proxy@387d313} m=CLOSE f=NONE leash=Surface(name=Task=1701)/@0x96f4677 sb=Rect(0, 0 - 1080, 2340) eb=Rect(0, 0 - 1080, 2340) d=0},{null m=TO_FRONT f=IS_WALLPAPER leash=Surface(name=WallpaperWindowToken{8b7bce3 token=android.os.Binder@1648d12})/@0x2e372e4 sb=Rect(0, 0 - 1080, 2340) eb=Rect(0, 0 - 1080, 2340) d=0}]}
09-18 08:27:18.658 V/WindowManagerShell( 1984):  Checking filter Pair{{types=[] flags=0x0] notFlags=0x0 checks=[{atype=dream independent=true modes=[OPEN,TO_FRONT] flags=NONE mustBeTask=false order=ANY topActivity=null},{atype=home independent=true modes=[CLOSE,TO_BACK] flags=NONE mustBeTask=false order=ANY topActivity=null}]} RemoteTransition { remoteTransition = android.window.IRemoteTransition$Stub$Proxy@4ce5e20, appThread = android.app.IApplicationThread$Stub$Proxy@94c03d9, debugName = LauncherToDream }}
09-18 08:27:18.658 V/WindowManagerShell( 1984):  Checking filter Pair{{types=[] flags=0x0] notFlags=0x100 checks=[{atype=home independent=true modes=[OPEN,TO_FRONT] flags=NONE mustBeTask=false order=TOP topActivity=ComponentInfo{com.google.android.apps.nexuslauncher/com.google.android.apps.nexuslauncher.NexusLauncherActivity}},{atype=standard independent=true modes=[CLOSE,TO_BACK] flags=NONE mustBeTask=false order=ANY topActivity=null}]} RemoteTransition { remoteTransition = android.window.IRemoteTransition$Stub$Proxy@15ff19e, appThread = android.app.IApplicationThread$Stub$Proxy@fac347f, debugName = QuickstepLaunchHome }}
09-18 08:27:18.658 D/RemoteTransitionHandler( 1984): Found filterPair{{types=[] flags=0x0] notFlags=0x100 checks=[{atype=home independent=true modes=[OPEN,TO_FRONT] flags=NONE mustBeTask=false order=TOP topActivity=ComponentInfo{com.google.android.apps.nexuslauncher/com.google.android.apps.nexuslauncher.NexusLauncherActivity}},{atype=standard independent=true modes=[CLOSE,TO_BACK] flags=NONE mustBeTask=false order=ANY topActivity=null}]} RemoteTransition { remoteTransition = android.window.IRemoteTransition$Stub$Proxy@15ff19e, appThread = android.app.IApplicationThread$Stub$Proxy@fac347f, debugName = QuickstepLaunchHome }}
09-18 08:27:18.658 V/WindowManagerShell( 1984):  Delegate animation for (#4541) to RemoteTransition { remoteTransition = android.window.IRemoteTransition$Stub$Proxy@15ff19e, appThread = android.app.IApplicationThread$Stub$Proxy@fac347f, debugName = QuickstepLaunchHome }
09-18 08:27:18.681 W/binder:564_5(  564): type=1400 audit(0.0:104129): avc:  denied  { search } for  name="log" dev="dm-57" ino=320 scontext=u:r:hal_graphics_composer_default:s0 tcontext=u:object_r:vendor_log_file:s0 tclass=dir permissive=0
09-18 08:27:18.681 W/binder:564_5(  564): type=1400 audit(0.0:104130): avc:  denied  { search } for  name="log" dev="dm-57" ino=320 scontext=u:r:hal_graphics_composer_default:s0 tcontext=u:object_r:vendor_log_file:s0 tclass=dir permissive=0
09-18 08:27:18.681 W/binder:564_5(  564): type=1400 audit(0.0:104131): avc:  denied  { search } for  name="log" dev="dm-57" ino=320 scontext=u:r:hal_graphics_composer_default:s0 tcontext=u:object_r:vendor_log_file:s0 tclass=dir permissive=0
09-18 08:27:18.681 W/binder:564_5(  564): type=1400 audit(0.0:104132): avc:  denied  { search } for  name="log" dev="dm-57" ino=320 scontext=u:r:hal_graphics_composer_default:s0 tcontext=u:object_r:vendor_log_file:s0 tclass=dir permissive=0
09-18 08:27:18.659 I/Zygote  (  870): Process 25072 exited due to signal 9 (Killed)
09-18 08:27:18.659 V/WindowManagerShell( 1984):  animated by com.android.wm.shell.transition.RemoteTransitionHandler@1af17a4
09-18 08:27:18.661 D/ActivityManager( 1449): sync unfroze 30268 com.google.android.apps.photos for 3
09-18 08:27:18.661 D/StateManager(21117): createAtomicAnimation - fromState: Background, toState: Normal, partial trace:
09-18 08:27:18.661 D/StateManager(21117): 	at com.android.quickstep.util.WorkspaceRevealAnim.prepareToAnimate(go/retraceme 229ef009c6bb3615beda05b6414f9bc22e9f7450b41c1b7d8db7ad832ef90083:22)
09-18 08:27:18.661 D/StateManager(21117): 	at com.android.quickstep.util.WorkspaceRevealAnim.<init>(go/retraceme 229ef009c6bb3615beda05b6414f9bc22e9f7450b41c1b7d8db7ad832ef90083:11)
09-18 08:27:18.661 D/StateManager(21117): 	at com.android.launcher3.QuickstepTransitionManager.createWallpaperOpenAnimations(go/retraceme 229ef009c6bb3615beda05b6414f9bc22e9f7450b41c1b7d8db7ad832ef90083:740)
09-18 08:27:18.662 I/libprocessgroup( 1449): Removed cgroup /sys/fs/cgroup/uid_10366/pid_25072
09-18 08:27:18.664 W/UserManagerService( 1449): Requested status bar icon for non-badged user 0
09-18 08:27:18.666 V/ActivityManager( 1449): Got obituary of 25072:com.zebra.soho_app
09-18 08:27:18.667 I/RegisteredServicesCache( 3024): New Services => 
09-18 08:27:18.667 I/RegisteredServicesCache( 3024): Removed Services => 
09-18 08:27:18.667 V/WindowManager( 1449): Sent Transition (#4541) createdAt=09-18 08:27:18.509 via request=TransitionRequestInfo { type = CLOSE, triggerTask = null, pipTask = null, remoteTransition = null, displayChange = null, flags = 0, debugId = 4541 }
09-18 08:27:18.667 V/WindowManager( 1449):     startWCT=WindowContainerTransaction { changes = {} hops = [] errorCallbackToken=null taskFragmentOrganizer=null }
09-18 08:27:18.667 V/WindowManager( 1449):     info={id=4541 t=CLOSE f=0x0 trk=0 r=[0@Point(0, 0)] c=[
09-18 08:27:18.667 V/WindowManager( 1449):         {WCT{RemoteToken{e6c322c Task{17ef99a #7 type=undefined}}} m=TO_FRONT f=SHOW_WALLPAPER|MOVE_TO_TOP leash=Surface(name=Task=7)/@0x9abbc7e sb=Rect(0, 0 - 1080, 2340) eb=Rect(0, 0 - 1080, 2340) d=0},
09-18 08:27:18.667 V/WindowManager( 1449):         {WCT{RemoteToken{8450c55 Task{2768bb0 #1701 type=standard A=10366:com.zebra.soho_app}}} m=CLOSE f=NONE leash=Surface(name=Task=1701)/@0xec2863f sb=Rect(0, 0 - 1080, 2340) eb=Rect(0, 0 - 1080, 2340) d=0},
09-18 08:27:18.667 V/WindowManager( 1449):         {null m=TO_FRONT f=IS_WALLPAPER leash=Surface(name=WallpaperWindowToken{8b7bce3 token=android.os.Binder@1648d12})/@0xd81d104 sb=Rect(0, 0 - 1080, 2340) eb=Rect(0, 0 - 1080, 2340) d=0}
09-18 08:27:18.667 V/WindowManager( 1449):     ]}
09-18 08:27:18.667 I/Finsky:background(26256): [2] xdw.onTrimMemory(11): Memory trim requested to level 40
09-18 08:27:18.669 D/SecureElementService( 2329): getReaders() for com.android.nfc
09-18 08:27:18.673 D/ConnectivityService( 1449): NetReassign [no changes] [c 0] [a 0] [i 3]
09-18 08:27:18.673 D/QuickstepModelDelegate(21117): notifyAppTargetEvent action=1 launchLocation=workspace/0/[-1,-1]/[1,1]
09-18 08:27:18.673 I/ImeTracker( 1449): com.google.android.apps.nexuslauncher:231a190f: onRequestHide at ORIGIN_SERVER reason HIDE_UNSPECIFIED_WINDOW fromUser false
09-18 08:27:18.673 I/ImeTracker( 1449): com.google.android.apps.nexuslauncher:231a190f: onCancelled at PHASE_SERVER_SHOULD_HIDE
09-18 08:27:18.676 I/AiAiEcho(15286): (REDACTED) Predicting[%d]: %s
09-18 08:27:18.676 I/AiAiEcho(15286): (REDACTED) EchoTargets: %s
09-18 08:27:18.676 I/AiAiEcho(15286): Filtered by AiAi flag check: %s
09-18 08:27:18.676 I/AiAiEcho(15286): (REDACTED) Ranked targets strategy: %s, count: %d, ranking metadata: %s
09-18 08:27:18.676 I/AiAiEcho(15286): #remoteViewsTwiddler: feature disabled.
09-18 08:27:18.678 D/EuiccConnector( 2403): handleMessage: E msg.what=4
09-18 08:27:18.678 D/EuiccConnector( 2403): processMsg: DisconnectedState
09-18 08:27:18.678 D/EuiccConnector( 2403): transitionTo: destState=ConnectedState
09-18 08:27:18.678 D/EuiccConnector( 2403): handleMessage: new destination call exit/enter
09-18 08:27:18.678 D/EuiccConnector( 2403): setupTempStateStackWithStatesToEnter: X mTempStateStackCount=1,curStateInfo: state=DisconnectedState,active=true,parent=null
09-18 08:27:18.678 D/EuiccConnector( 2403): moveTempStackToStateStack: i=0,j=1
09-18 08:27:18.678 D/EuiccConnector( 2403): moveTempStackToStateStack: X mStateStackTop=1,startingIndex=1,Top=ConnectedState
09-18 08:27:18.678 D/EuiccConnector( 2403): invokeEnterMethods: ConnectedState
09-18 08:27:18.678 D/EuiccConnector( 2403): moveDeferredMessageAtFrontOfQueue; what=103
09-18 08:27:18.678 D/EuiccConnector( 2403): handleMessage: X
09-18 08:27:18.678 D/EuiccConnector( 2403): handleMessage: E msg.what=103
09-18 08:27:18.678 D/EuiccConnector( 2403): processMsg: ConnectedState
09-18 08:27:18.679 W/JobInfo ( 1449): Job 'com.google.android.providers.media.module/com.android.providers.media.MediaService#-300' has a deadline with no functional constraints. The deadline won't improve job execution latency. Consider removing the deadline.
09-18 08:27:18.679 I/SecureElement-Terminal-SIM2( 2329): isNfcEventAllowed: No access rules for checking.
09-18 08:27:18.679 D/EuiccConnector( 2403): handleMessage: X
09-18 08:27:18.680 I/AiAiEcho(15286): (REDACTED) #postPredictionTargets: Sending updates to UISurface %s with targets# %s (types=[%s])
09-18 08:27:18.681 W/ActivityManager( 1449): setHasOverlayUi called on unknown pid: 25072
09-18 08:27:18.681 I/Blockstore( 9247): [PackageIntentOperation] Checking the restore timespan. [CONTEXT service_id=258 ]
09-18 08:27:18.681 E/CastAuth( 9247): [PackageIntentOperation] Feature is not available, reason = CastAuth feature is disabled on this 1p device.. [CONTEXT service_id=360 ]
09-18 08:27:18.683 D/TrafficStats(17761): tagSocket(98) with statsTag=0xffffffff, statsUid=-1
09-18 08:27:18.684 E/NIO     (17761): wtf
09-18 08:27:18.684 E/NIO     (17761): java.net.BindException: Address already in use
09-18 08:27:18.684 E/NIO     (17761): 	at sun.nio.ch.Net.bind0(Native Method)
09-18 08:27:18.684 E/NIO     (17761): 	at sun.nio.ch.Net.bind(Net.java:442)
09-18 08:27:18.684 E/NIO     (17761): 	at sun.nio.ch.Net.bind(Net.java:434)
09-18 08:27:18.684 E/NIO     (17761): 	at sun.nio.ch.ServerSocketChannelImpl.bind(ServerSocketChannelImpl.java:223)
09-18 08:27:18.684 E/NIO     (17761): 	at sun.nio.ch.ServerSocketAdaptor.bind(ServerSocketAdaptor.java:74)
09-18 08:27:18.684 E/NIO     (17761): 	at sun.nio.ch.ServerSocketAdaptor.bind(ServerSocketAdaptor.java:67)
09-18 08:27:18.684 E/NIO     (17761): 	at com.koushikdutta.async.AsyncServer$5.run(AsyncServer.java:316)
09-18 08:27:18.684 E/NIO     (17761): 	at com.koushikdutta.async.AsyncServer$3.run(AsyncServer.java:211)
09-18 08:27:18.684 E/NIO     (17761): 	at com.koushikdutta.async.AsyncServer.lockAndRunQueue(AsyncServer.java:740)
09-18 08:27:18.684 E/NIO     (17761): 	at com.koushikdutta.async.AsyncServer.runLoop(AsyncServer.java:758)
09-18 08:27:18.684 E/NIO     (17761): 	at com.koushikdutta.async.AsyncServer.run(AsyncServer.java:658)
09-18 08:27:18.684 E/NIO     (17761): 	at com.koushikdutta.async.AsyncServer.access$800(AsyncServer.java:44)
09-18 08:27:18.684 E/NIO     (17761): 	at com.koushikdutta.async.AsyncServer$14.run(AsyncServer.java:600)
09-18 08:27:18.684 I/EuiccGoogle(23281): [2038] EuiccServiceImpl.onGetEuiccProfileInfoList: onGetEuiccProfileInfoList: slotId = 0
09-18 08:27:18.686 I/EuiccGoogle(23281): [2038] EuiccServiceImpl.onGetEuiccProfileInfoList: slotId = 0, isRemovable = false
09-18 08:27:18.687 D/QuickstepLauncher(21117): Bind extra container items. ContainerId = -111
09-18 08:27:18.687 D/SsBaseTemplateCard(21117): No text view can be set up
09-18 08:27:18.687 E/hwc-display(  564): [PrimaryDisplay] resetColorMappingInfoForClientComp:: resetColorMappingInfo() idx=2 error(-22)
09-18 08:27:18.687 E/hwc-display(  564): Fail to open file /data/vendor/log/hwc/PrimaryDisplay_hwc_error_log0.txt, error: Permission denied
09-18 08:27:18.687 E/hwc-display(  564): Fail to open file /data/log/PrimaryDisplay_hwc_error_log0.txt, error: No such file or directory
09-18 08:27:18.687 E/hwc-display(  564): Unable to open log file for PrimaryDisplay_hwc_error_log0.txt
09-18 08:27:18.687 E/hwc-display(  564): [PrimaryDisplay] resetColorMappingInfoForClientComp:: resetColorMappingInfo() idx=3 error(-22)
09-18 08:27:18.687 E/hwc-display(  564): Fail to open file /data/vendor/log/hwc/PrimaryDisplay_hwc_error_log0.txt, error: Permission denied
09-18 08:27:18.687 E/hwc-display(  564): Fail to open file /data/log/PrimaryDisplay_hwc_error_log0.txt, error: No such file or directory
09-18 08:27:18.687 E/hwc-display(  564): Unable to open log file for PrimaryDisplay_hwc_error_log0.txt
09-18 08:27:18.687 E/hwc-display(  564): [PrimaryDisplay] resetColorMappingInfoForClientComp:: resetColorMappingInfo() idx=4 error(-22)
09-18 08:27:18.687 E/hwc-display(  564): Fail to open file /data/vendor/log/hwc/PrimaryDisplay_hwc_error_log0.txt, error: Permission denied
09-18 08:27:18.687 E/hwc-display(  564): Fail to open file /data/log/PrimaryDisplay_hwc_error_log0.txt, error: No such file or directory
09-18 08:27:18.687 E/hwc-display(  564): Unable to open log file for PrimaryDisplay_hwc_error_log0.txt
09-18 08:27:18.688 I/SsBaseTemplateCard(21117): setFormattedContentDescription: text=28C, iconDescription=Mostly sunny, contentDescription=Mostly sunny, 28C
09-18 08:27:18.689 D/SsBaseTemplateCard(21117): Passed-in item info is null
09-18 08:27:18.689 I/SsBaseTemplateCard(21117): Secondary card pane is null
09-18 08:27:18.689 W/ActivityManager( 1449): pid 1449 system sent binder code 3 with flags 1 to frozen apps and got error -32
09-18 08:27:18.689 I/EuiccGoogle(23281): [2038] EuiccServiceImpl.onGetEuiccProfileInfoList: onGetEuiccProfileInfoList: isRemovable = false.
09-18 08:27:18.689 I/EuiccGoogle(23281): [2038] EuiccServiceImpl.onGetEuiccProfileInfoList: getSimCardState for slotId: 0
09-18 08:27:18.689 W/WindowManager( 1449): Failed to deliver inset control state change to w=Window{e436c62 u0 com.zebra.soho_app/com.zebra.soho_app.MainActivity EXITING}
09-18 08:27:18.689 W/WindowManager( 1449): android.os.DeadObjectException
09-18 08:27:18.689 W/WindowManager( 1449): 	at android.os.BinderProxy.transactNative(Native Method)
09-18 08:27:18.689 W/WindowManager( 1449): 	at android.os.BinderProxy.transact(BinderProxy.java:586)
09-18 08:27:18.689 W/WindowManager( 1449): 	at android.view.IWindow$Stub$Proxy.insetsControlChanged(IWindow.java:485)
09-18 08:27:18.689 W/WindowManager( 1449): 	at com.android.server.wm.WindowState.notifyInsetsControlChanged(WindowState.java:3776)
09-18 08:27:18.689 W/WindowManager( 1449): 	at com.android.server.wm.InsetsStateController.lambda$notifyPendingInsetsControlChanged$3(InsetsStateController.java:376)
09-18 08:27:18.689 W/WindowManager( 1449): 	at com.android.server.wm.InsetsStateController.$r8$lambda$MnP7XA1MDcyrUwoj0hcoT5hTO8E(InsetsStateController.java:0)
09-18 08:27:18.689 W/WindowManager( 1449): 	at com.android.server.wm.InsetsStateController$$ExternalSyntheticLambda0.run(R8$$SyntheticClass:0)
09-18 08:27:18.689 W/WindowManager( 1449): 	at com.android.server.wm.WindowAnimator.executeAfterPrepareSurfacesRunnables(WindowAnimator.java:314)
09-18 08:27:18.689 W/WindowManager( 1449): 	at com.android.server.wm.WindowAnimator.animate(WindowAnimator.java:207)
09-18 08:27:18.689 W/WindowManager( 1449): 	at com.android.server.wm.WindowAnimator.lambda$new$1(WindowAnimator.java:99)
09-18 08:27:18.689 W/WindowManager( 1449): 	at com.android.server.wm.WindowAnimator.$r8$lambda$AS_wbK9i-bc6ocCFop7s9PnXP80(WindowAnimator.java:0)
09-18 08:27:18.689 W/WindowManager( 1449): 	at com.android.server.wm.WindowAnimator$$ExternalSyntheticLambda1.doFrame(R8$$SyntheticClass:0)
09-18 08:27:18.689 W/WindowManager( 1449): 	at android.view.Choreographer$CallbackRecord.run(Choreographer.java:1404)
09-18 08:27:18.689 W/WindowManager( 1449): 	at android.view.Choreographer$CallbackRecord.run(Choreographer.java:1415)
09-18 08:27:18.689 W/WindowManager( 1449): 	at android.view.Choreographer.doCallbacks(Choreographer.java:1015)
09-18 08:27:18.689 W/WindowManager( 1449): 	at android.view.Choreographer.doFrame(Choreographer.java:941)
09-18 08:27:18.689 W/WindowManager( 1449): 	at android.view.Choreographer$FrameDisplayEventReceiver.run(Choreographer.java:1389)
09-18 08:27:18.689 W/WindowManager( 1449): 	at android.os.Handler.handleCallback(Handler.java:959)
09-18 08:27:18.689 W/WindowManager( 1449): 	at android.os.Handler.dispatchMessage(Handler.java:100)
09-18 08:27:18.689 W/WindowManager( 1449): 	at android.os.Looper.loopOnce(Looper.java:232)
09-18 08:27:18.689 W/WindowManager( 1449): 	at android.os.Looper.loop(Looper.java:317)
09-18 08:27:18.689 W/WindowManager( 1449): 	at android.os.HandlerThread.run(HandlerThread.java:85)
09-18 08:27:18.689 W/WindowManager( 1449): 	at com.android.server.ServiceThread.run(ServiceThread.java:46)
09-18 08:27:18.691 I/EuiccGoogle(23281): [2038] EuiccServiceImpl.onGetEuiccProfileInfoList: GetEuiccProfileInfoListResult: simCardState :11and simCardStateAtTelephony:11 for slot:0
09-18 08:27:18.692 I/EuiccGoogle(23281): [2038] EuiccServiceImpl.getProfileInfoList: getProfileInfoList: slotId = 0.
09-18 08:27:18.692 I/EuiccGoogle(23281): [2038] EuiccServiceImpl.getEidFromSlotId: getEidFromSlotId: slotId = 0.
09-18 08:27:18.692 I/EuiccGoogle(23281): [2038] NetworkFetcher.getEidForSlot: getEidForSlot: 0
09-18 08:27:18.693 I/EuiccGoogle(23281): [2038] BlockingEuiccCardManager.requestAllProfiles: requestAllProfiles: cardId = [OQEUHFB2NrdLZszPIj0U7I1kjXc]
09-18 08:27:18.694 D/BoundBrokerSvc( 9247): onBind: Intent { act=com.google.android.gms.backup.GMS_MODULE_RESTORE dat=chimera-action:/... cmp=com.google.android.gms/.chimera.GmsInternalBoundBrokerService }
09-18 08:27:18.694 D/BoundBrokerSvc( 9247): Loading bound service for intent: Intent { act=com.google.android.gms.backup.GMS_MODULE_RESTORE dat=chimera-action:/... cmp=com.google.android.gms/.chimera.GmsInternalBoundBrokerService }
09-18 08:27:18.698 I/MediaProvider( 2935): Begin Intent { act=android.intent.action.PACKAGE_DATA_CLEARED dat=package: flg=0x5000010 cmp=com.google.android.providers.media.module/com.android.providers.media.MediaService (has extras) }
09-18 08:27:18.699 D/MediaProvider( 2935): Deleted 0 Android/media items belonging to com.zebra.soho_app on /data/user/0/com.google.android.providers.media.module/databases/external.db
09-18 08:27:18.700 I/Fitness (17809): (REDACTED) FitCleanupIntentOperation received Intent %s
09-18 08:27:18.703 D/MediaGrants( 2935): Removed 0 media_grants for 0 user for [com.zebra.soho_app, com.zebra.soho_app]. Reason: Package orphaned
09-18 08:27:18.708 I/MediaProvider( 2935): End Intent { act=android.intent.action.PACKAGE_DATA_CLEARED dat=package: flg=0x5000010 cmp=com.google.android.providers.media.module/com.android.providers.media.MediaService (has extras) }
09-18 08:27:18.710 I/Icing   ( 9247): doRemovePackageData com.zebra.soho_app
09-18 08:27:18.713 I/Blockstore( 9247): [PackageIntentOperation] Received broadcast before a restore was started. [CONTEXT service_id=258 ]
09-18 08:27:18.717 I/cr_BindingManager(27393): onTrimMemory: level=40, size=0
09-18 08:27:18.717 I/cr_BindingManager(27393): onTrimMemory: level=40, size=0
09-18 08:27:18.717 I/cr_BindingManager(27393): onTrimMemory: level=40, size=0
09-18 08:27:18.717 I/cr_BindingManager(27393): onTrimMemory: level=40, size=0
09-18 08:27:18.736 I/cr_BindingManager(27393): onTrimMemory: level=40, size=0
09-18 08:27:18.756 D/SafetySourceDataValidat( 1449): No cert check requested for package com.google.android.permissioncontroller
09-18 08:27:18.767 D/PersistedStoragePackageUninstalledReceiver(12633): Received android.intent.action.PACKAGE_DATA_CLEARED for com.zebra.soho_app for u0
09-18 08:27:18.802 D/EuiccConnector( 2403): handleMessage: E msg.what=6
09-18 08:27:18.802 D/EuiccConnector( 2403): processMsg: ConnectedState
09-18 08:27:18.802 D/EuiccConnector( 2403): handleMessage: X
09-18 08:27:18.956 D/TrafficStats(25542): tagSocket(5) with statsTag=0xffffffff, statsUid=-1
09-18 08:27:18.958 D/TrafficStats(25542): tagSocket(96) with statsTag=0xffffffff, statsUid=-1
09-18 08:27:18.959 D/TrafficStats(25542): tagSocket(97) with statsTag=0xffffffff, statsUid=-1
09-18 08:27:18.963 D/TrafficStats(25542): tagSocket(98) with statsTag=0xffffffff, statsUid=-1
09-18 08:27:18.967 D/TrafficStats(25542): tagSocket(99) with statsTag=0xffffffff, statsUid=-1
09-18 08:27:18.972 D/TrafficStats(25542): tagSocket(100) with statsTag=0xffffffff, statsUid=-1
09-18 08:27:19.021 V/WindowManagerShell( 1984): Transition animation finished (aborted=false), notifying core (#4541) android.os.BinderProxy@46fdb38@0
09-18 08:27:19.024 V/WindowManager( 1449): Finish Transition (#4541): created at 09-18 08:27:18.509 collect-started=0.061ms request-sent=0.1ms started=20.135ms ready=116.24ms sent=131.719ms finished=514.24ms
09-18 08:27:19.024 W/ActivityManager( 1449): pid 1449 system sent binder code 7 with flags 1 to frozen apps and got error -32
09-18 08:27:19.025 D/ActivityManager( 1449): Too many transaction errors, throttling freezer binder callback.
09-18 08:27:19.025 W/WindowManager( 1449): Exception thrown during dispatchAppVisibility Window{e436c62 u0 com.zebra.soho_app/com.zebra.soho_app.MainActivity EXITING}
09-18 08:27:19.025 W/WindowManager( 1449): android.os.DeadObjectException
09-18 08:27:19.025 W/WindowManager( 1449): 	at android.os.BinderProxy.transactNative(Native Method)
09-18 08:27:19.025 W/WindowManager( 1449): 	at android.os.BinderProxy.transact(BinderProxy.java:586)
09-18 08:27:19.025 W/WindowManager( 1449): 	at android.view.IWindow$Stub$Proxy.dispatchAppVisibility(IWindow.java:552)
09-18 08:27:19.025 W/WindowManager( 1449): 	at com.android.server.wm.WindowState.sendAppVisibilityToClients(WindowState.java:3218)
09-18 08:27:19.025 W/WindowManager( 1449): 	at com.android.server.wm.WindowContainer.sendAppVisibilityToClients(WindowContainer.java:1293)
09-18 08:27:19.025 W/WindowManager( 1449): 	at com.android.server.wm.WindowToken.setClientVisible(WindowToken.java:403)
09-18 08:27:19.025 W/WindowManager( 1449): 	at com.android.server.wm.ActivityRecord.setClientVisible(ActivityRecord.java:7100)
09-18 08:27:19.025 W/WindowManager( 1449): 	at com.android.server.wm.ActivityRecord.postApplyAnimation(ActivityRecord.java:5820)
09-18 08:27:19.025 W/WindowManager( 1449): 	at com.android.server.wm.ActivityRecord.commitVisibility(ActivityRecord.java:5762)
09-18 08:27:19.025 W/WindowManager( 1449): 	at com.android.server.wm.Transition.finishTransition(Transition.java:1257)
09-18 08:27:19.025 W/WindowManager( 1449): 	at com.android.server.wm.TransitionController.finishTransition(TransitionController.java:925)
09-18 08:27:19.025 W/WindowManager( 1449): 	at com.android.server.wm.WindowOrganizerController.finishTransition(WindowOrganizerController.java:489)
09-18 08:27:19.025 W/WindowManager( 1449): 	at android.window.IWindowOrganizerController$Stub.onTransact(IWindowOrganizerController.java:278)
09-18 08:27:19.025 W/WindowManager( 1449): 	at com.android.server.wm.WindowOrganizerController.onTransact(WindowOrganizerController.java:199)
09-18 08:27:19.025 W/WindowManager( 1449): 	at android.os.Binder.execTransactInternal(Binder.java:1505)
09-18 08:27:19.025 W/WindowManager( 1449): 	at android.os.Binder.execTransact(Binder.java:1444)
09-18 08:27:19.025 W/Process ( 1449): Unable to open /proc/25072/status
09-18 08:27:19.030 V/WindowManagerShell( 1984): Track 0 became idle
09-18 08:27:19.031 V/WindowManagerShell( 1984): All active transition animations finished
09-18 08:27:19.031 W/UserManagerService( 1449): Requested status bar icon for non-badged user 0
09-18 08:27:19.033 W/UserManagerService( 1449): Requested status bar icon for non-badged user 0
09-18 08:27:19.036 W/WindowOnBackDispatcher(12633): sendCancelIfRunning: isInProgress=falsecallback=android.view.ViewRootImpl$$ExternalSyntheticLambda11@2854c1c
09-18 08:27:19.037 D/CoreBackPreview( 1449): Window{4b772cd u0 com.google.android.permissioncontroller/com.android.permissioncontroller.permission.ui.GrantPermissionsActivity}: Setting back callback null
09-18 08:27:19.037 W/UserManagerService( 1449): Requested status bar icon for non-badged user 0
09-18 08:27:19.038 W/InputManager-JNI( 1449): Input channel object '4b772cd com.google.android.permissioncontroller/com.android.permissioncontroller.permission.ui.GrantPermissionsActivity (client)' was disposed without first being removed with the input manager!
09-18 08:27:19.045 E/BpTransactionCompletedListener(  562): Failed to transact (-32)
09-18 08:27:19.046 E/BpTransactionCompletedListener(  562): Failed to transact (-32)
09-18 08:27:19.065 W/AccessibilityManagerService( 1449):  wait for adding window timeout: 5573
09-18 08:27:19.090 W/AccessibilityManagerService( 1449):  wait for adding window timeout: 5570
09-18 08:27:19.135 D/libnos_datagram(  542): Calling App 0x00 with params 0x0200
09-18 08:27:19.168 D/libnos_datagram(  542): App 0x00 returning 0x0
09-18 08:27:19.580 W/QueryController(25542): Could not detect idle state.
09-18 08:27:19.580 W/QueryController(25542): Could not detect idle state.
09-18 08:27:19.581 W/QueryController(25542): Could not detect idle state.
09-18 08:27:19.581 W/QueryController(25542): Could not detect idle state.
09-18 08:27:19.581 W/QueryController(25542): Could not detect idle state.
09-18 08:27:19.583 W/QueryController(25542): Could not detect idle state.
09-18 08:27:19.854 D/AndroidRuntime(26045): >>>>>> START com.android.internal.os.RuntimeInit uid 2000 <<<<<<
09-18 08:27:19.860 I/AndroidRuntime(26045): Using default boot image
09-18 08:27:19.860 I/AndroidRuntime(26045): Leaving lock profiling enabled
09-18 08:27:19.862 I/app_process(26045): Using CollectorTypeCMC GC.
09-18 08:27:19.928 D/nativeloader(26045): InitDefaultPublicLibraries for_preload=1: libandroid.so:libaaudio.so:libamidi.so:libbinder_ndk.so:libc.so:libcamera2ndk.so:libdl.so:libEGL.so:libGLESv1_CM.so:libGLESv2.so:libGLESv3.so:libicu.so:libicui18n.so:libicuuc.so:libjnigraphics.so:liblog.so:libmediandk.so:libm.so:libnativehelper.so:libnativewindow.so:libOpenMAXAL.so:libOpenSLES.so:libRS.so:libstdc++.so:libsync.so:libvulkan.so:libwebviewchromium_plat_support.so:libz.so
09-18 08:27:19.937 D/app_process(26045): Time zone APEX ICU file found: /apex/com.android.tzdata/etc/icu/icu_tzdata.dat
09-18 08:27:19.937 D/app_process(26045): I18n APEX ICU file found: /apex/com.android.i18n/etc/icu/icudt72l.dat
09-18 08:27:19.959 D/AndroidRuntime(26045): Calling main entry com.android.commands.monkey.Monkey
09-18 08:27:19.960 W/Monkey  (26045): args: [-p, com.zebra.soho_app, -c, android.intent.category.LAUNCHER, 1]
09-18 08:27:19.960 W/Monkey  (26045):  arg: "-p"
09-18 08:27:19.960 W/Monkey  (26045):  arg: "com.zebra.soho_app"
09-18 08:27:19.960 W/Monkey  (26045):  arg: "-c"
09-18 08:27:19.960 W/Monkey  (26045):  arg: "android.intent.category.LAUNCHER"
09-18 08:27:19.960 W/Monkey  (26045):  arg: "1"
09-18 08:27:19.960 W/Monkey  (26045): data="com.zebra.soho_app"
09-18 08:27:19.960 W/Monkey  (26045): data="android.intent.category.LAUNCHER"
09-18 08:27:19.972 W/ActivityManager( 1449): registerReceiverWithFeature: no app for null
09-18 08:27:19.980 W/ActivityTaskManager( 1449): callingPackage for (uid=2000, pid=26045) has no WPC
09-18 08:27:19.981 D/CompatibilityChangeReporter( 1449): Compat change id reported: 265464455; UID 10366; state: DISABLED
09-18 08:27:19.981 D/CompatibilityChangeReporter( 1449): Compat change id reported: 310816437; UID 10366; state: DISABLED
09-18 08:27:19.981 D/CompatibilityChangeReporter( 1449): Compat change id reported: 265452344; UID 10366; state: DISABLED
09-18 08:27:19.981 D/CompatibilityChangeReporter( 1449): Compat change id reported: 266124927; UID 10366; state: DISABLED
09-18 08:27:19.981 D/CompatibilityChangeReporter( 1449): Compat change id reported: 265451093; UID 10366; state: DISABLED
09-18 08:27:19.981 D/CompatibilityChangeReporter( 1449): Compat change id reported: 265456536; UID 10366; state: DISABLED
09-18 08:27:19.981 D/CompatibilityChangeReporter( 1449): Compat change id reported: 255940284; UID 10366; state: DISABLED
09-18 08:27:19.981 D/CompatibilityChangeReporter( 1449): Compat change id reported: 236283604; UID 10366; state: DISABLED
09-18 08:27:19.981 D/CompatibilityChangeReporter( 1449): Compat change id reported: 263959004; UID 10366; state: DISABLED
09-18 08:27:19.981 D/CompatibilityChangeReporter( 1449): Compat change id reported: 264304459; UID 10366; state: DISABLED
09-18 08:27:19.981 D/CompatibilityChangeReporter( 1449): Compat change id reported: 264301586; UID 10366; state: DISABLED
09-18 08:27:19.981 D/CompatibilityChangeReporter( 1449): Compat change id reported: 254631730; UID 10366; state: DISABLED
09-18 08:27:19.982 D/CompatibilityChangeReporter( 1449): Compat change id reported: 273509367; UID 10366; state: DISABLED
09-18 08:27:19.982 D/CompatibilityChangeReporter( 1449): Compat change id reported: 263259275; UID 10366; state: DISABLED
09-18 08:27:19.982 D/CompatibilityChangeReporter( 1449): Compat change id reported: 174042980; UID 10366; state: DISABLED
09-18 08:27:19.982 D/CompatibilityChangeReporter( 1449): Compat change id reported: 174042936; UID 10366; state: DISABLED
09-18 08:27:19.982 D/CompatibilityChangeReporter( 1449): Compat change id reported: 181136395; UID 10366; state: DISABLED
09-18 08:27:19.982 D/CompatibilityChangeReporter( 1449): Compat change id reported: 194480991; UID 10366; state: ENABLED
09-18 08:27:19.985 D/CompatibilityChangeReporter( 1449): Compat change id reported: 184838306; UID 10366; state: DISABLED
09-18 08:27:19.985 D/CompatibilityChangeReporter( 1449): Compat change id reported: 185004937; UID 10366; state: DISABLED
09-18 08:27:19.986 D/CompatibilityChangeReporter( 1449): Compat change id reported: 197654537; UID 10366; state: ENABLED
09-18 08:27:19.986 D/CompatibilityChangeReporter( 1449): Compat change id reported: 205907456; UID 10366; state: ENABLED
09-18 08:27:19.988 D/CompatibilityChangeReporter( 1449): Compat change id reported: 194833441; UID 10366; state: ENABLED
09-18 08:27:19.988 I/ActivityTaskManager( 1449): START u0 {act=android.intent.action.MAIN cat=[android.intent.category.LAUNCHER] flg=0x10200000 cmp=com.zebra.soho_app/.MainActivity} with LAUNCH_SINGLE_TASK from uid 2000 (BAL_ALLOW_PERMISSION) result code=0
09-18 08:27:19.988 V/WindowManagerShell( 1984): Transition requested (#4542): android.os.BinderProxy@3911749 TransitionRequestInfo { type = OPEN, triggerTask = TaskInfo{userId=0 taskId=1703 displayId=0 isRunning=true baseIntent=Intent { act=android.intent.action.MAIN cat=[android.intent.category.LAUNCHER] flg=0x10200000 cmp=com.zebra.soho_app/.MainActivity } baseActivity=ComponentInfo{com.zebra.soho_app/com.zebra.soho_app.MainActivity} topActivity=ComponentInfo{com.zebra.soho_app/com.zebra.soho_app.MainActivity} origActivity=null realActivity=ComponentInfo{com.zebra.soho_app/com.zebra.soho_app.MainActivity} numActivities=1 lastActiveTime=1812205867 supportsMultiWindow=true resizeMode=1 isResizeable=true minWidth=-1 minHeight=-1 defaultMinSize=220 token=WCT{android.window.IWindowContainerToken$Stub$Proxy@555584e} topActivityType=1 pictureInPictureParams=null shouldDockBigOverlays=false launchIntoPipHostTaskId=-1 lastParentTaskIdBeforePip=-1 displayCutoutSafeInsets=Rect(0, 108 - 0, 0) topActivityInfo=ActivityInfo{928d6f com.zebra.soho_app.MainActivity} launchCookies=[] positionInParent=Point(0, 0) parentTaskId=-1 isFocused=false isVisible=false isVisibleRequested=false isSleeping=false locusId=null displayAreaFeatureId=1 isTopActivityTransparent=false appCompatTaskInfo=AppCompatTaskInfo { topActivityInSizeCompat=false topActivityEligibleForLetterboxEducation= false isLetterboxDoubleTapEnabled= false topActivityEligibleForUserAspectRatioButton= false topActivityBoundsLetterboxed= false isFromLetterboxDoubleTap= false topActivityLetterboxVerticalPosition= -1 topActivityLetterboxHorizontalPosition= -1 topActivityLetterboxWidth=1080 topActivityLetterboxHeight=2340 isUserFullscreenOverrideEnabled=false isSystemFullscreenOverrideEnabled=false cameraCompatControlState=hidden}}, pipTask = null, remoteTransition = null, displayChange = null, flags = 0, debugId = 4542 }
09-18 08:27:19.989 W/SplitSelectStateCtor(21117): Missing session instanceIds
09-18 08:27:19.989 D/StatsLog(21117): LAUNCHER_SPLIT_SELECTION_EXIT_INTERRUPTED
09-18 08:27:19.989 I/Monkey  (26045): Events injected: 1
09-18 08:27:19.989 D/WindowManagerShell( 1984): setLauncherKeepClearAreaHeight: visible=false, height=527
09-18 08:27:19.989 D/GrammaticalInflection( 1449): The flag must be enabled to allow calling the API.
09-18 08:27:19.994 I/BpBinder(  562): onLastStrongRef automatically unlinking death recipients: 
09-18 08:27:19.995 D/CompatibilityChangeReporter( 1449): Compat change id reported: 135634846; UID 10366; state: DISABLED
09-18 08:27:19.995 D/CompatibilityChangeReporter( 1449): Compat change id reported: 177438394; UID 10366; state: DISABLED
09-18 08:27:19.995 D/CompatibilityChangeReporter( 1449): Compat change id reported: 135772972; UID 10366; state: DISABLED
09-18 08:27:19.995 D/CompatibilityChangeReporter( 1449): Compat change id reported: 135754954; UID 10366; state: ENABLED
09-18 08:27:19.996 D/CompatibilityChangeReporter( 1449): Compat change id reported: 143937733; UID 10366; state: ENABLED
09-18 08:27:19.999 D/CoreBackPreview( 1449): Window{ff5ecf0 u0 Splash Screen com.zebra.soho_app}: Setting back callback OnBackInvokedCallbackInfo{mCallback=android.window.IOnBackInvokedCallback$Stub$Proxy@3e4e81c, mPriority=0, mIsAnimationCallback=false}
09-18 08:27:20.002 I/Monkey  (26045): ## Network stats: elapsed time=22ms (0ms mobile, 0ms wifi, 22ms not connected)
09-18 08:27:20.003 I/app_process(26045): System.exit called, status: 0
09-18 08:27:20.003 I/AndroidRuntime(26045): VM exiting with result code 0.
09-18 08:27:20.004 W/gralloc4(  563): Unable to set buffer name VRI[soho_app]#2998(BLAST Consumer)2998: File name too long
09-18 08:27:20.004 W/gralloc4(  563): Unable to set buffer name VRI[soho_app]#2998(BLAST Consumer)2998: File name too long
09-18 08:27:20.005 W/gralloc4(  563): Unable to set buffer name VRI[soho_app]#2998(BLAST Consumer)2998: File name too long
09-18 08:27:20.005 W/gralloc4(  563): Unable to set buffer name VRI[soho_app]#2998(BLAST Consumer)2998: File name too long
09-18 08:27:20.006 W/gralloc4(  563): Unable to set buffer name VRI[soho_app]#2998(BLAST Consumer)2998: File name too long
09-18 08:27:20.008 V/WindowManager( 1449): Sent Transition (#4542) createdAt=09-18 08:27:19.982 via request=TransitionRequestInfo { type = OPEN, triggerTask = TaskInfo{userId=0 taskId=1703 displayId=0 isRunning=true baseIntent=Intent { act=android.intent.action.MAIN cat=[android.intent.category.LAUNCHER] flg=0x10200000 cmp=com.zebra.soho_app/.MainActivity } baseActivity=ComponentInfo{com.zebra.soho_app/com.zebra.soho_app.MainActivity} topActivity=ComponentInfo{com.zebra.soho_app/com.zebra.soho_app.MainActivity} origActivity=null realActivity=ComponentInfo{com.zebra.soho_app/com.zebra.soho_app.MainActivity} numActivities=1 lastActiveTime=1812205867 supportsMultiWindow=true resizeMode=1 isResizeable=true minWidth=-1 minHeight=-1 defaultMinSize=220 token=WCT{RemoteToken{7fc1eb4 Task{461ee31 #1703 type=standard A=10366:com.zebra.soho_app}}} topActivityType=1 pictureInPictureParams=null shouldDockBigOverlays=false launchIntoPipHostTaskId=-1 lastParentTaskIdBeforePip=-1 displayCutoutSafeInsets=Rect(0, 108 - 0, 0) topActivityInfo=ActivityInfo{c2a9ad8 com.zebra.soho_app.MainActivity} launchCookies=[] positionInParent=Point(0, 0) parentTaskId=-1 isFocused=false isVisible=false isVisibleRequested=false isSleeping=false locusId=null displayAreaFeatureId=1 isTopActivityTransparent=false appCompatTaskInfo=AppCompatTaskInfo { topActivityInSizeCompat=false topActivityEligibleForLetterboxEducation= false isLetterboxDoubleTapEnabled= false topActivityEligibleForUserAspectRatioButton= false topActivityBoundsLetterboxed= false isFromLetterboxDoubleTap= false topActivityLetterboxVerticalPosition= -1 topActivityLetterboxHorizontalPosition= -1 topActivityLetterboxWidth=1080 topActivityLetterboxHeight=2340 isUserFullscreenOverrideEnabled=false isSystemFullscreenOverrideEnabled=false cameraCompatControlState=hidden}}, pipTask = null, remoteTransition = null, displayChange = null, flags = 0, debugId = 4542 }
09-18 08:27:20.008 V/WindowManager( 1449):     startWCT=WindowContainerTransaction { changes = {} hops = [] errorCallbackToken=null taskFragmentOrganizer=null }
09-18 08:27:20.008 V/WindowManager( 1449):     info={id=4542 t=OPEN f=0x0 trk=0 r=[0@Point(0, 0)] c=[
09-18 08:27:20.008 V/WindowManager( 1449):         {WCT{RemoteToken{7fc1eb4 Task{461ee31 #1703 type=standard A=10366:com.zebra.soho_app}}} m=OPEN f=NONE leash=Surface(name=Task=1703)/@0x2b663c6 sb=Rect(0, 0 - 1080, 2340) eb=Rect(0, 0 - 1080, 2340) d=0},
09-18 08:27:20.008 V/WindowManager( 1449):         {WCT{RemoteToken{e6c322c Task{17ef99a #7 type=undefined}}} m=TO_BACK f=SHOW_WALLPAPER leash=Surface(name=Task=7)/@0x9abbc7e sb=Rect(0, 0 - 1080, 2340) eb=Rect(0, 0 - 1080, 2340) d=0}
09-18 08:27:20.008 V/WindowManager( 1449):     ]}
09-18 08:27:20.011 W/UserManagerService( 1449): Requested status bar icon for non-badged user 0
09-18 08:27:20.011 D/Zygote  (  870): Forked child process 26083
09-18 08:27:20.012 I/ActivityManager( 1449): Start proc 26083:com.zebra.soho_app/u0a366 for next-top-activity {com.zebra.soho_app/com.zebra.soho_app.MainActivity}
09-18 08:27:20.014 V/WindowManagerShell( 1984): onTransitionReady (#4542) android.os.BinderProxy@3911749: {id=4542 t=OPEN f=0x0 trk=0 r=[0@Point(0, 0)] c=[{WCT{android.window.IWindowContainerToken$Stub$Proxy@78df1f1} m=OPEN f=NONE leash=Surface(name=Task=1703)/@0xd67b05f sb=Rect(0, 0 - 1080, 2340) eb=Rect(0, 0 - 1080, 2340) d=0},{WCT{android.window.IWindowContainerToken$Stub$Proxy@88da1d6} m=TO_BACK f=SHOW_WALLPAPER leash=Surface(name=Task=7)/@0x55d3aac sb=Rect(0, 0 - 1080, 2340) eb=Rect(0, 0 - 1080, 2340) d=0}]}
09-18 08:27:20.014 V/WindowManagerShell( 1984): Playing animation for (#4542) android.os.BinderProxy@3911749@0
09-18 08:27:20.014 V/WindowManagerShell( 1984):  try handler com.android.wm.shell.transition.DefaultMixedHandler@f494f5b
09-18 08:27:20.014 V/WindowManagerShell( 1984):  try handler com.android.wm.shell.keyguard.KeyguardTransitionHandler@3c6b3f8
09-18 08:27:20.014 V/WindowManagerShell( 1984):  try handler com.android.wm.shell.pip.PipTransition@4060d1
09-18 08:27:20.014 V/WindowManagerShell( 1984):  try handler com.android.wm.shell.activityembedding.ActivityEmbeddingController@b8f1736
09-18 08:27:20.014 V/WindowManagerShell( 1984):  try handler com.android.wm.shell.recents.RecentsTransitionHandler@ec38637
09-18 08:27:20.014 V/ShellRecents( 1984): RecentsTransitionHandler.startAnimation: no controller found
