09-18 08:27:20.509 I/bthal.debug_central(  881): Command Complete Event of LE_SET_EXTENDED_SCAN_ENABLE, opcode:2042
09-18 08:27:20.509 I/bthal.flowcontrol(  881): HciEventPreProcess: HCI Event 0xe Opcode 0x2042 Length 6 unhandled by LeSetExtentedScanEnableEvent
09-18 08:27:20.711 I/FontLog (17809): (REDACTED) Received query %s, URI %s
09-18 08:27:20.712 I/FontLog (17809): (REDACTED) Query [%s] resolved to %s
09-18 08:27:20.714 I/FontLog (17809): (REDACTED) Fetch %s end status %s
09-18 08:27:20.717 I/FontLog (17809): (REDACTED) Pulling font file for id = %d, cache size = %d
09-18 08:27:20.724 I/FontLog (17809): (REDACTED) Pulling font file for id = %d, cache size = %d
09-18 08:27:20.726 W/AccessibilityManagerService( 1449):  wait for adding window timeout: 5580
09-18 08:27:20.783 D/TrafficStats(25542): tagSocket(5) with statsTag=0xffffffff, statsUid=-1
09-18 08:27:20.785 D/TrafficStats(25542): tagSocket(96) with statsTag=0xffffffff, statsUid=-1
09-18 08:27:20.787 D/TrafficStats(25542): tagSocket(97) with statsTag=0xffffffff, statsUid=-1
09-18 08:27:20.790 D/TrafficStats(25542): tagSocket(98) with statsTag=0xffffffff, statsUid=-1
09-18 08:27:20.791 D/TrafficStats(25542): tagSocket(99) with statsTag=0xffffffff, statsUid=-1
09-18 08:27:20.796 D/TrafficStats(25542): tagSocket(100) with statsTag=0xffffffff, statsUid=-1
09-18 08:27:20.802 W/WindowOnBackDispatcher( 1984): sendCancelIfRunning: isInProgress=falsecallback=android.view.ViewRootImpl$$ExternalSyntheticLambda11@308bb67
09-18 08:27:20.803 D/CoreBackPreview( 1449): Window{ff5ecf0 u0 Splash Screen com.zebra.soho_app EXITING}: Setting back callback null
09-18 08:27:20.806 W/InputManager-JNI( 1449): Input channel object 'ff5ecf0 Splash Screen com.zebra.soho_app (client)' was disposed without first being removed with the input manager!
09-18 08:27:20.810 I/FirebaseCrashlytics(26083): No version control information found
09-18 08:27:20.828 W/AccessibilityManagerService( 1449):  wait for adding window timeout: 5580
09-18 08:27:20.829 W/AccessibilityManagerService( 1449):  wait for adding window timeout: 5580
09-18 08:27:20.852 W/FrameTracker( 1984): Missed SF frame:SURFACE_FLINGER_SCHEDULING, 380299312, 5374145, CUJ=J<SPLASHSCREEN_EXIT_ANIM>
09-18 08:27:20.852 W/FrameTracker( 1984): Missed SF frame:SURFACE_FLINGER_SCHEDULING, 380299327, 1817568, CUJ=J<SPLASHSCREEN_EXIT_ANIM>
09-18 08:27:20.853 W/FrameTracker( 1984): Missing HWUI jank callback for vsyncId: 380299611, CUJ=J<SPLASHSCREEN_EXIT_ANIM>
09-18 08:27:20.853 W/FrameTracker( 1984): Missing HWUI jank callback for vsyncId: 380299641, CUJ=J<SPLASHSCREEN_EXIT_ANIM>
09-18 08:27:20.853 W/FrameTracker( 1984): Missing HWUI jank callback for vsyncId: 380299896, CUJ=J<SPLASHSCREEN_EXIT_ANIM>
09-18 08:27:20.853 W/FrameTracker( 1984): Missing HWUI jank callback for vsyncId: 380299926, CUJ=J<SPLASHSCREEN_EXIT_ANIM>
09-18 08:27:20.953 W/System  (25542): A resource failed to call end. 
09-18 08:27:20.953 W/System  (25542): A resource failed to call end. 
09-18 08:27:20.953 W/System  (25542): A resource failed to call end. 
09-18 08:27:20.953 W/System  (25542): A resource failed to call end. 
09-18 08:27:20.953 W/System  (25542): A resource failed to call end. 
09-18 08:27:20.953 W/System  (25542): A resource failed to call end. 
09-18 08:27:20.953 W/System  (25542): A resource failed to call end. 
09-18 08:27:20.953 W/System  (25542): A resource failed to call end. 
09-18 08:27:20.953 W/System  (25542): A resource failed to call end. 
09-18 08:27:20.954 W/System  (25542): A resource failed to call end. 
09-18 08:27:20.954 W/System  (25542): A resource failed to call end. 
09-18 08:27:20.954 W/System  (25542): A resource failed to call end. 
09-18 08:27:20.954 W/System  (25542): A resource failed to call end. 
09-18 08:27:20.954 W/System  (25542): A resource failed to call end. 
09-18 08:27:20.954 W/System  (25542): A resource failed to call end. 
09-18 08:27:20.955 W/System  (25542): A resource failed to call end. 
09-18 08:27:20.955 W/System  (25542): A resource failed to call end. 
09-18 08:27:21.299 I/NearbyMediums(17809): Found Fast Ble Advertisements :
09-18 08:27:21.299 I/NearbyMediums(17809): BleAdvertisement { version=2, socketVersion=2, isFast=true, serviceIdHash=null, data=[ 0x23 0x43 0x50 0x38 0x31 0x11 0x32 0x76 0x1f 0x73 0x0a 0x5c 0xfb 0x8f 0xb3 0x03 0x8e 0xeb 0xa3 0x78 0x08 0xe7 0xab ], deviceToken=[ 0xb9 0xc2 ], rxAdvertisement=null } : 6 times.
09-18 08:27:21.299 I/NearbyMediums(17809): BleAdvertisement { version=2, socketVersion=2, isFast=true, serviceIdHash=null, data=[ 0x23 0x34 0x52 0x57 0x41 0x11 0x32 0x18 0xa4 0xa2 0xad 0x06 0x1a 0xa9 0xd6 0x6d 0x45 0xd2 0x97 0x35 0xc3 0xb9 0xa4 ], deviceToken=[ 0xf2 0x06 ], rxAdvertisement=null } : 1 times.
09-18 08:27:21.299 I/NearbyMediums(17809): Total 7 fast advertisements.
09-18 08:27:21.304 I/NearbyConnections(17809): Processing lost BlePeripheral BlePeripheral{advertisement=BleAdvertisement { version=2, socketVersion=2, isFast=true, serviceIdHash=null, data=[ 0x23 0x51 0x4f 0x54 0x53 0x11 0x32 0xe0 0xba 0x86 0x37 0x4d 0x50 0x03 0x0e 0x4b 0x82 0x4d 0xa8 0xb3 0xf1 0x8a 0x61 ], deviceToken=[ 0x02 0x37 ], rxAdvertisement=null }, address=null, psm=0, deviceToken=<ByteString@4c6fbc7 size=2 contents="\0027">, isSecondProfile=false, rxInstantConnectionAdv=null}.
09-18 08:27:21.304 I/NearbyConnections(17809): Lost BleEndpoint for BlePeripheral BlePeripheral{advertisement=BleAdvertisement { version=2, socketVersion=2, isFast=true, serviceIdHash=null, data=[ 0x23 0x51 0x4f 0x54 0x53 0x11 0x32 0xe0 0xba 0x86 0x37 0x4d 0x50 0x03 0x0e 0x4b 0x82 0x4d 0xa8 0xb3 0xf1 0x8a 0x61 ], deviceToken=[ 0x02 0x37 ], rxAdvertisement=null }, address=null, psm=0, deviceToken=<ByteString@4c6fbc7 size=2 contents="\0027">, isSecondProfile=false, rxInstantConnectionAdv=null} (with EndpointId QOTS and EndpointInfo [ 0x32 0xe0 0xba 0x86 0x37 0x4d 0x50 0x03 0x0e 0x4b 0x82 0x4d 0xa8 0xb3 0xf1 0x8a 0x61 ]).
09-18 08:27:21.306 I/NearbySharing(17809): Endpoint QOTS lost over Nearby Connections
09-18 08:27:21.307 I/NearbySharing(17809): Ignoring lost endpoint QOTS because we don't have an associated ShareTarget
09-18 08:27:21.309 I/NearbyConnections(17809): ClientProxy(18057172) reporting onEndpointLost(QOTS)
09-18 08:27:21.602 I/bthal.activity(  881): bt_power: LeAdvStat: 08:27:14:572 - 08:27:21:602, duration: 7029, le_adv_count: 23, total_le_adv_count: 1471733, total_event_count: 32
09-18 08:27:21.665 I/WifiHAL (  959): Creating message to get link statistics; iface = 48
09-18 08:27:21.733 I/WifiHAL (  959): In GetLinkStatsCommand::handleResponse
09-18 08:27:21.794 D/ConnectivityService( 1449): NetReassign [no changes] [c 1] [a 0] [i 8]
09-18 08:27:21.984 D/TrafficStats(25542): tagSocket(5) with statsTag=0xffffffff, statsUid=-1
09-18 08:27:21.992 D/TrafficStats(25542): tagSocket(96) with statsTag=0xffffffff, statsUid=-1
09-18 08:27:21.997 D/TrafficStats(25542): tagSocket(97) with statsTag=0xffffffff, statsUid=-1
09-18 08:27:22.005 D/TrafficStats(25542): tagSocket(98) with statsTag=0xffffffff, statsUid=-1
09-18 08:27:22.014 D/TrafficStats(25542): tagSocket(99) with statsTag=0xffffffff, statsUid=-1
09-18 08:27:22.015 D/TrafficStats(25542): tagSocket(100) with statsTag=0xffffffff, statsUid=-1
09-18 08:27:22.224 I/FA      (26083): Application backgrounded at: timestamp_millis: 1726662440216
09-18 08:27:22.514 D/ActivityManager( 1449): freezing 30161 com.google.android.apps.privacy.wildlife
09-18 08:27:22.526 D/InetDiagMessage( 1449): Destroyed 0 sockets, proto=IPPROTO_TCP, family=AF_INET, states=14
09-18 08:27:22.534 D/InetDiagMessage( 1449): Destroyed 0 sockets, proto=IPPROTO_TCP, family=AF_INET6, states=14
09-18 08:27:22.534 D/InetDiagMessage( 1449): Destroyed live tcp sockets for uids={10280} in 15ms
09-18 08:27:22.648 W/ProcessStats( 1449): Tracking association SourceState{288950 com.android.phone/1001 ImpFg #1862634} whose proc state 5 is better than process ProcessState{2592625 com.google.android.iwlan/1000 pkg=com.google.android.iwlan} proc state 14 (623 skipped)
09-18 08:27:22.649 W/statsd  (  868): StateTracker not found for state atom 805
09-18 08:27:22.650 W/statsd  (  868): StateTracker not found for state atom 854
09-18 08:27:23.109 D/TrafficStats(25542): tagSocket(5) with statsTag=0xffffffff, statsUid=-1
09-18 08:27:23.118 D/TrafficStats(25542): tagSocket(96) with statsTag=0xffffffff, statsUid=-1
09-18 08:27:23.129 D/TrafficStats(25542): tagSocket(97) with statsTag=0xffffffff, statsUid=-1
09-18 08:27:23.133 D/TrafficStats(25542): tagSocket(98) with statsTag=0xffffffff, statsUid=-1
09-18 08:27:23.143 D/TrafficStats(25542): tagSocket(99) with statsTag=0xffffffff, statsUid=-1
09-18 08:27:23.146 D/TrafficStats(25542): tagSocket(100) with statsTag=0xffffffff, statsUid=-1
09-18 08:27:23.222 I/bthal.activity(  881): bt_power: LeAdvStat: 08:27:22:220 - 08:27:23:221, duration: 1001, le_adv_count: 2, total_le_adv_count: 1471735, total_event_count: 2
09-18 08:27:24.207 D/TrafficStats(25542): tagSocket(5) with statsTag=0xffffffff, statsUid=-1
09-18 08:27:24.217 D/TrafficStats(25542): tagSocket(96) with statsTag=0xffffffff, statsUid=-1
09-18 08:27:24.221 D/TrafficStats(25542): tagSocket(97) with statsTag=0xffffffff, statsUid=-1
09-18 08:27:24.227 D/TrafficStats(25542): tagSocket(98) with statsTag=0xffffffff, statsUid=-1
09-18 08:27:24.231 D/TrafficStats(25542): tagSocket(99) with statsTag=0xffffffff, statsUid=-1
09-18 08:27:24.239 D/TrafficStats(25542): tagSocket(100) with statsTag=0xffffffff, statsUid=-1
09-18 08:27:24.240 I/ActivityManager( 1449): Force stopping com.zebra.soho_app appid=10366 user=0: from pid 26366
09-18 08:27:24.242 I/ActivityManager( 1449): Killing 26083:com.zebra.soho_app/u0a366 (adj 101): stop com.zebra.soho_app due to from pid 26366
09-18 08:27:24.242 D/DisplayManagerService( 1449): Drop pending events for gone uid 10366
09-18 08:27:24.249 W/powerhal-libperfmgr(  616): sched_setattr failed for thread 26241, err=3
09-18 08:27:24.249 W/powerhal-libperfmgr(  616): sched_setattr failed for thread 26242, err=3
09-18 08:27:24.249 W/powerhal-libperfmgr(  616): sched_setattr failed for thread 26183, err=3
09-18 08:27:24.249 D/BoundBrokerSvc( 9247): onUnbind: Intent { act=com.google.android.gms.measurement.START pkg=com.google.android.gms }
09-18 08:27:24.252 W/ActivityTaskManager( 1449): Force removing ActivityRecord{f7b4bb5 u0 com.zebra.soho_app/.MainActivity t1703 f}}: app died, no saved state
09-18 08:27:24.253 V/WindowManagerShell( 1984): Transition requested (#4544): android.os.BinderProxy@fc5cb5b TransitionRequestInfo { type = CLOSE, triggerTask = null, pipTask = null, remoteTransition = null, displayChange = null, flags = 0, debugId = 4544 }
09-18 08:27:24.255 D/VRI[0 fl=}](29310): visibilityChanged oldVisibility=false newVisibility=true
09-18 08:27:24.263 I/AppsFilter( 1449): interaction: PackageSetting{1266aae com.netease.open.pocoservice/10294} -> PackageSetting{67101cc com.zebra.soho_app/10366} BLOCKED
09-18 08:27:24.264 I/AppsFilter( 1449): interaction: PackageSetting{6e683dc com.google.android.microdroid.empty_payload/10271} -> PackageSetting{67101cc com.zebra.soho_app/10366} BLOCKED
09-18 08:27:24.267 D/NexusLauncherModelDelegate(21117): notifySmartspaceEvent: SmartspaceTargetEvent{mSmartspaceTarget=null, mSmartspaceActionId='null', mEventType=6}
09-18 08:27:24.268 D/CarrierSvcBindHelper( 2403): onHandleForceStop: [com.zebra.soho_app]
09-18 08:27:24.269 D/CarrierSvcBindHelper( 2403): No carrier app for: 0
09-18 08:27:24.269 D/EuiccConnector( 2403): handleMessage: E msg.what=1
09-18 08:27:24.269 D/EuiccConnector( 2403): processMsg: ConnectedState
09-18 08:27:24.269 D/EuiccConnector( 2403): processMsg: DisconnectedState
09-18 08:27:24.269 D/CarrierSvcBindHelper( 2403): No carrier app for: 1
09-18 08:27:24.269 W/gralloc4(  563): Unable to set buffer name VRI[0 fl=}]#48(BLAST Consumer)48: Invalid argument
09-18 08:27:24.270 D/EuiccConnector( 2403): handleMessage: X
09-18 08:27:24.274 I/A       (29310): onStart
09-18 08:27:24.274 W/gralloc4(  563): Unable to set buffer name VRI[0 fl=}]#48(BLAST Consumer)48: Invalid argument
09-18 08:27:24.276 W/gralloc4(  563): Unable to set buffer name VRI[0 fl=}]#48(BLAST Consumer)48: Invalid argument
09-18 08:27:24.277 D/BaseDepthController(21117): setSurface:
09-18 08:27:24.277 D/BaseDepthController(21117): 	mWaitingOnSurfaceValidity: false
09-18 08:27:24.277 D/BaseDepthController(21117): 	mSurface: Surface(name=com.google.android.apps.nexuslauncher/com.google.android.apps.nexuslauncher.NexusLauncherActivity)/@0x1968c54
09-18 08:27:24.277 W/gralloc4(  563): Unable to set buffer name VRI[0 fl=}]#48(BLAST Consumer)48: Invalid argument
09-18 08:27:24.279 W/gralloc4(  563): Unable to set buffer name VRI[NexusLauncherActivity]#75(BLAST Consumer)75: File name too long
09-18 08:27:24.279 W/gralloc4(  563): Unable to set buffer name VRI[0 fl=}]#48(BLAST Consumer)48: Invalid argument
09-18 08:27:24.285 V/WindowManager( 1449): Loading animations: layout params pkg=com.google.android.apps.nexuslauncher resId=0x10302fc
09-18 08:27:24.285 V/WindowManager( 1449): Loading animations: picked package=android
09-18 08:27:24.285 W/gralloc4(  563): Unable to set buffer name VRI[NexusLauncherActivity]#75(BLAST Consumer)75: File name too long
09-18 08:27:24.286 E/ApduServiceInfo( 3024): Not adding <aid-group> with empty or invalid AIDs
09-18 08:27:24.287 W/gralloc4(  563): Unable to set buffer name VRI[NexusLauncherActivity]#75(BLAST Consumer)75: File name too long
09-18 08:27:24.288 W/gralloc4(  563): Unable to set buffer name VRI[NexusLauncherActivity]#75(BLAST Consumer)75: File name too long
09-18 08:27:24.288 V/WindowManager( 1449): Sent Transition (#4544) createdAt=09-18 08:27:24.252 via request=TransitionRequestInfo { type = CLOSE, triggerTask = null, pipTask = null, remoteTransition = null, displayChange = null, flags = 0, debugId = 4544 }
09-18 08:27:24.288 V/WindowManager( 1449):     startWCT=WindowContainerTransaction { changes = {} hops = [] errorCallbackToken=null taskFragmentOrganizer=null }
09-18 08:27:24.288 V/WindowManager( 1449):     info={id=4544 t=CLOSE f=0x0 trk=0 r=[0@Point(0, 0)] c=[
09-18 08:27:24.288 V/WindowManager( 1449):         {null m=CLOSE f=FILLS_TASK leash=Surface(name=ActivityRecord{f7b4bb5 u0 com.zebra.soho_app/.MainActivity t1703})/@0xbb9550f sb=Rect(0, 0 - 1080, 2340) eb=Rect(0, 0 - 1080, 2340) d=0 component=com.zebra.soho_app/.MainActivity},
09-18 08:27:24.288 V/WindowManager( 1449):         {WCT{RemoteToken{e6c322c Task{17ef99a #7 type=undefined}}} m=TO_FRONT f=SHOW_WALLPAPER leash=Surface(name=Task=7)/@0x9abbc7e sb=Rect(0, 0 - 1080, 2340) eb=Rect(0, 0 - 1080, 2340) d=0},
09-18 08:27:24.288 V/WindowManager( 1449):         {null m=TO_FRONT f=IS_WALLPAPER leash=Surface(name=WallpaperWindowToken{8b7bce3 token=android.os.Binder@1648d12})/@0xd81d104 sb=Rect(0, 0 - 1080, 2340) eb=Rect(0, 0 - 1080, 2340) d=0}
09-18 08:27:24.288 V/WindowManager( 1449):     ]}
09-18 08:27:24.289 V/WindowManagerShell( 1984): onTransitionReady (#4544) android.os.BinderProxy@fc5cb5b: {id=4544 t=CLOSE f=0x0 trk=0 r=[0@Point(0, 0)] c=[{null m=CLOSE f=FILLS_TASK leash=Surface(name=ActivityRecord{f7b4bb5 u0 com.zebra.soho_app/.MainActivity t1703})/@0xde73cd1 sb=Rect(0, 0 - 1080, 2340) eb=Rect(0, 0 - 1080, 2340) d=0 component=com.zebra.soho_app/.MainActivity},{WCT{android.window.IWindowContainerToken$Stub$Proxy@4d1d50d} m=TO_FRONT f=SHOW_WALLPAPER leash=Surface(name=Task=7)/@0xaa2c336 sb=Rect(0, 0 - 1080, 2340) eb=Rect(0, 0 - 1080, 2340) d=0},{null m=TO_FRONT f=IS_WALLPAPER leash=Surface(name=WallpaperWindowToken{8b7bce3 token=android.os.Binder@1648d12})/@0x8bc237 sb=Rect(0, 0 - 1080, 2340) eb=Rect(0, 0 - 1080, 2340) d=0}]}
09-18 08:27:24.289 V/WindowManagerShell( 1984): Playing animation for (#4544) android.os.BinderProxy@fc5cb5b@0
09-18 08:27:24.289 V/WindowManagerShell( 1984):  try handler com.android.wm.shell.transition.DefaultMixedHandler@f494f5b
09-18 08:27:24.289 V/WindowManagerShell( 1984):  try handler com.android.wm.shell.keyguard.KeyguardTransitionHandler@3c6b3f8
09-18 08:27:24.289 V/WindowManagerShell( 1984):  try handler com.android.wm.shell.pip.PipTransition@4060d1
09-18 08:27:24.289 V/WindowManagerShell( 1984):  try handler com.android.wm.shell.activityembedding.ActivityEmbeddingController@b8f1736
09-18 08:27:24.289 V/WindowManagerShell( 1984):  try handler com.android.wm.shell.recents.RecentsTransitionHandler@ec38637
09-18 08:27:24.289 V/ShellRecents( 1984): RecentsTransitionHandler.startAnimation: no controller found
09-18 08:27:24.289 V/WindowManagerShell( 1984):  try handler com.android.wm.shell.splitscreen.StageCoordinator@24ec14c
09-18 08:27:24.289 V/WindowManagerShell( 1984):  try handler com.android.wm.shell.transition.RemoteTransitionHandler@1af17a4
09-18 08:27:24.289 V/WindowManagerShell( 1984): Transition doesn't have explicit remote, search filters for match for {id=4544 t=CLOSE f=0x0 trk=0 r=[0@Point(0, 0)] c=[{null m=CLOSE f=FILLS_TASK leash=Surface(name=ActivityRecord{f7b4bb5 u0 com.zebra.soho_app/.MainActivity t1703})/@0xde73cd1 sb=Rect(0, 0 - 1080, 2340) eb=Rect(0, 0 - 1080, 2340) d=0 component=com.zebra.soho_app/.MainActivity},{WCT{android.window.IWindowContainerToken$Stub$Proxy@4d1d50d} m=TO_FRONT f=SHOW_WALLPAPER leash=Surface(name=Task=7)/@0xaa2c336 sb=Rect(0, 0 - 1080, 2340) eb=Rect(0, 0 - 1080, 2340) d=0},{null m=TO_FRONT f=IS_WALLPAPER leash=Surface(name=WallpaperWindowToken{8b7bce3 token=android.os.Binder@1648d12})/@0x8bc237 sb=Rect(0, 0 - 1080, 2340) eb=Rect(0, 0 - 1080, 2340) d=0}]}
09-18 08:27:24.289 V/WindowManagerShell( 1984):  Checking filter Pair{{types=[] flags=0x0] notFlags=0x0 checks=[{atype=dream independent=true modes=[OPEN,TO_FRONT] flags=NONE mustBeTask=false order=ANY topActivity=null},{atype=home independent=true modes=[CLOSE,TO_BACK] flags=NONE mustBeTask=false order=ANY topActivity=null}]} RemoteTransition { remoteTransition = android.window.IRemoteTransition$Stub$Proxy@4ce5e20, appThread = android.app.IApplicationThread$Stub$Proxy@94c03d9, debugName = LauncherToDream }}
09-18 08:27:24.289 V/WindowManagerShell( 1984):  Checking filter Pair{{types=[] flags=0x0] notFlags=0x100 checks=[{atype=home independent=true modes=[OPEN,TO_FRONT] flags=NONE mustBeTask=false order=TOP topActivity=ComponentInfo{com.google.android.apps.nexuslauncher/com.google.android.apps.nexuslauncher.NexusLauncherActivity}},{atype=standard independent=true modes=[CLOSE,TO_BACK] flags=NONE mustBeTask=false order=ANY topActivity=null}]} RemoteTransition { remoteTransition = android.window.IRemoteTransition$Stub$Proxy@15ff19e, appThread = android.app.IApplicationThread$Stub$Proxy@fac347f, debugName = QuickstepLaunchHome }}
09-18 08:27:24.289 V/WindowManagerShell( 1984):  Delegate animation for (#4544) to null
09-18 08:27:24.289 V/WindowManagerShell( 1984):  try handler com.android.wm.shell.transition.DefaultTransitionHandler@d99390d
09-18 08:27:24.289 V/WindowManagerShell( 1984): start default transition animation, info = {id=4544 t=CLOSE f=0x0 trk=0 r=[0@Point(0, 0)] c=[{null m=CLOSE f=FILLS_TASK leash=Surface(name=ActivityRecord{f7b4bb5 u0 com.zebra.soho_app/.MainActivity t1703})/@0xde73cd1 sb=Rect(0, 0 - 1080, 2340) eb=Rect(0, 0 - 1080, 2340) d=0 component=com.zebra.soho_app/.MainActivity},{WCT{android.window.IWindowContainerToken$Stub$Proxy@4d1d50d} m=TO_FRONT f=SHOW_WALLPAPER leash=Surface(name=Task=7)/@0xaa2c336 sb=Rect(0, 0 - 1080, 2340) eb=Rect(0, 0 - 1080, 2340) d=0},{null m=TO_FRONT f=IS_WALLPAPER leash=Surface(name=WallpaperWindowToken{8b7bce3 token=android.os.Binder@1648d12})/@0x8bc237 sb=Rect(0, 0 - 1080, 2340) eb=Rect(0, 0 - 1080, 2340) d=0}]}
09-18 08:27:24.290 I/RegisteredServicesCache( 3024): current user: 0, is managed profile : false
09-18 08:27:24.290 I/RegisteredServicesCache( 3024): New Other Services => 
09-18 08:27:24.290 I/RegisteredServicesCache( 3024): Removed Other Services => 
09-18 08:27:24.290 V/WindowManagerShell( 1984): loadAnimation: anim=android.view.animation.AnimationSet@4504ad3 animAttr=0x10 type=CLOSE isEntrance=true
09-18 08:27:24.290 V/WindowManagerShell( 1984): loadAnimation: anim=android.view.animation.AnimationSet@3c3030e animAttr=0x11 type=CLOSE isEntrance=false
09-18 08:27:24.292 V/WindowManagerShell( 1984):  animated by com.android.wm.shell.transition.DefaultTransitionHandler@d99390d
09-18 08:27:24.292 W/gralloc4(  563): Unable to set buffer name VRI[NexusLauncherActivity]#75(BLAST Consumer)75: File name too long
09-18 08:27:24.293 W/UserManagerService( 1449): Requested status bar icon for non-badged user 0
09-18 08:27:24.293 I/RegisteredServicesCache( 3024): New Services => 
09-18 08:27:24.293 I/RegisteredServicesCache( 3024): Removed Services => 
09-18 08:27:24.295 D/SecureElementService( 2329): getReaders() for com.android.nfc
09-18 08:27:24.305 I/SecureElement-Terminal-SIM2( 2329): isNfcEventAllowed: No access rules for checking.
09-18 08:27:24.325 W/System  (25542): A resource failed to call end. 
09-18 08:27:24.325 W/System  (25542): A resource failed to call end. 
09-18 08:27:24.325 W/System  (25542): A resource failed to call end. 
09-18 08:27:24.325 W/System  (25542): A resource failed to call end. 
09-18 08:27:24.325 W/System  (25542): A resource failed to call end. 
09-18 08:27:24.325 W/System  (25542): A resource failed to call end. 
09-18 08:27:24.325 W/System  (25542): A resource failed to call end. 
09-18 08:27:24.325 W/System  (25542): A resource failed to call end. 
09-18 08:27:24.325 W/System  (25542): A resource failed to call end. 
09-18 08:27:24.325 W/System  (25542): A resource failed to call end. 
09-18 08:27:24.325 W/System  (25542): A resource failed to call end. 
09-18 08:27:24.326 W/System  (25542): A resource failed to call end. 
09-18 08:27:24.326 W/System  (25542): A resource failed to call end. 
09-18 08:27:24.326 W/System  (25542): A resource failed to call end. 
09-18 08:27:24.326 W/System  (25542): A resource failed to call end. 
09-18 08:27:24.326 W/System  (25542): A resource failed to call end. 
09-18 08:27:24.326 W/System  (25542): A resource failed to call end. 
09-18 08:27:24.326 W/System  (25542): A resource failed to call end. 
09-18 08:27:24.380 V/ActivityManager( 1449): Got obituary of 26083:com.zebra.soho_app
09-18 08:27:24.381 I/WindowManager( 1449): WIN DEATH: Window{88865e5 u0 com.zebra.soho_app/com.zebra.soho_app.MainActivity}
09-18 08:27:24.381 W/InputManager-JNI( 1449): Input channel object '88865e5 com.zebra.soho_app/com.zebra.soho_app.MainActivity (client)' was disposed without first being removed with the input manager!
09-18 08:27:24.382 V/WindowManager( 1449): Loading animations: layout params pkg=com.zebra.soho_app resId=0x1030001
09-18 08:27:24.382 V/WindowManager( 1449): Loading animations: picked package=android
09-18 08:27:24.383 W/ActivityManager( 1449): setHasOverlayUi called on unknown pid: 26083
09-18 08:27:24.383 D/ConnectivityService( 1449): releasing NetworkRequest [ REQUEST id=15319, [ Capabilities: INTERNET&NOT_RESTRICTED&TRUSTED&NOT_VCN_MANAGED Uid: 10366 RequestorUid: 10366 RequestorPkg: com.zebra.soho_app UnderlyingNetworks: Null] ] (release request)
09-18 08:27:24.383 I/libprocessgroup( 1449): Removed cgroup /sys/fs/cgroup/uid_10366/pid_26083
09-18 08:27:24.383 I/Zygote  (  870): Process 26083 exited due to signal 9 (Killed)
09-18 08:27:24.524 V/WindowManagerShell( 1984): Transition animation finished (aborted=false), notifying core (#4544) android.os.BinderProxy@fc5cb5b@0
09-18 08:27:24.526 V/WindowManager( 1449): Finish Transition (#4544): created at 09-18 08:27:24.252 collect-started=0.084ms request-sent=0.151ms started=7.535ms ready=7.507ms sent=34.397ms finished=272.852ms
09-18 08:27:24.527 W/ActivityManager( 1449): pid 1449 system sent binder code 7 with flags 1 to frozen apps and got error -32
09-18 08:27:24.527 D/ActivityManager( 1449): Too many transaction errors, throttling freezer binder callback.
09-18 08:27:24.527 W/WindowManager( 1449): Exception thrown during dispatchAppVisibility Window{88865e5 u0 com.zebra.soho_app/com.zebra.soho_app.MainActivity EXITING}
09-18 08:27:24.527 W/WindowManager( 1449): android.os.DeadObjectException
09-18 08:27:24.527 W/WindowManager( 1449): 	at android.os.BinderProxy.transactNative(Native Method)
09-18 08:27:24.527 W/WindowManager( 1449): 	at android.os.BinderProxy.transact(BinderProxy.java:586)
09-18 08:27:24.527 W/WindowManager( 1449): 	at android.view.IWindow$Stub$Proxy.dispatchAppVisibility(IWindow.java:552)
09-18 08:27:24.527 W/WindowManager( 1449): 	at com.android.server.wm.WindowState.sendAppVisibilityToClients(WindowState.java:3218)
09-18 08:27:24.527 W/WindowManager( 1449): 	at com.android.server.wm.WindowContainer.sendAppVisibilityToClients(WindowContainer.java:1293)
09-18 08:27:24.527 W/WindowManager( 1449): 	at com.android.server.wm.WindowToken.setClientVisible(WindowToken.java:403)
09-18 08:27:24.527 W/WindowManager( 1449): 	at com.android.server.wm.ActivityRecord.setClientVisible(ActivityRecord.java:7100)
09-18 08:27:24.527 W/WindowManager( 1449): 	at com.android.server.wm.ActivityRecord.postApplyAnimation(ActivityRecord.java:5820)
09-18 08:27:24.527 W/WindowManager( 1449): 	at com.android.server.wm.ActivityRecord.commitVisibility(ActivityRecord.java:5762)
09-18 08:27:24.527 W/WindowManager( 1449): 	at com.android.server.wm.Transition.finishTransition(Transition.java:1257)
09-18 08:27:24.527 W/WindowManager( 1449): 	at com.android.server.wm.TransitionController.finishTransition(TransitionController.java:925)
09-18 08:27:24.527 W/WindowManager( 1449): 	at com.android.server.wm.WindowOrganizerController.finishTransition(WindowOrganizerController.java:489)
09-18 08:27:24.527 W/WindowManager( 1449): 	at android.window.IWindowOrganizerController$Stub.onTransact(IWindowOrganizerController.java:278)
09-18 08:27:24.527 W/WindowManager( 1449): 	at com.android.server.wm.WindowOrganizerController.onTransact(WindowOrganizerController.java:199)
09-18 08:27:24.527 W/WindowManager( 1449): 	at android.os.Binder.execTransactInternal(Binder.java:1505)
09-18 08:27:24.527 W/WindowManager( 1449): 	at android.os.Binder.execTransact(Binder.java:1444)
09-18 08:27:24.527 W/Process ( 1449): Unable to open /proc/26083/status
09-18 08:27:24.533 V/WindowManagerShell( 1984): Track 0 became idle
09-18 08:27:24.533 V/WindowManagerShell( 1984): All active transition animations finished
09-18 08:27:24.534 W/UserManagerService( 1449): Requested status bar icon for non-badged user 0
09-18 08:27:24.536 W/UserManagerService( 1449): Requested status bar icon for non-badged user 0
09-18 08:27:24.549 E/BpTransactionCompletedListener(  562): Failed to transact (-32)
09-18 08:27:24.550 E/BpTransactionCompletedListener(  562): Failed to transact (-32)
09-18 08:27:24.701 I/bthal.activity(  881): bt_power: LeAdvStat: 08:27:23:698 - 08:27:24:701, duration: 1002, le_adv_count: 2, total_le_adv_count: 1471737, total_event_count: 2
09-18 08:27:24.769 W/AccessibilityManagerService( 1449):  wait for adding window timeout: 5573
09-18 08:27:24.784 I/WifiHAL (  959): Creating message to get link statistics; iface = 48
09-18 08:27:24.858 I/WifiHAL (  959): In GetLinkStatsCommand::handleResponse
09-18 08:27:24.932 D/IwlanDataService( 2649): onCapabilitiesChanged: 171 [ Transports: WIFI Capabilities: NOT_METERED&INTERNET&NOT_RESTRICTED&TRUSTED&NOT_VPN&VALIDATED&NOT_ROAMING&FOREGROUND&NOT_CONGESTED&NOT_SUSPENDED&NOT_VCN_MANAGED LinkUpBandwidth>=12000Kbps LinkDnBandwidth>=60000Kbps TransportInfo: <SSID: <unknown ssid>, BSSID: 02:00:00:00:00:00, MAC: 02:00:00:00:00:00, IP: /10.117.202.136, Security type: 0, Supplicant state: COMPLETED, Wi-Fi standard: 6, RSSI: -66, Link speed: 286Mbps, Tx Link speed: 286Mbps, Max Supported Tx Link speed: 286Mbps, Rx Link speed: 172Mbps, Max Supported Rx Link speed: 286Mbps, Frequency: 5240MHz, Net ID: -1, Metered hint: false, score: 60, isUsable: true, CarrierMerged: false, SubscriptionId: -1, IsPrimary: 1, Trusted: true, Restricted: false, Ephemeral: false, OEM paid: false, OEM private: false, OSU AP: false, FQDN: <none>, Provider friendly name: <none>, Requesting package name: <none><none>MLO Information: , Is TID-To-Link negotiation supported by the AP: false, AP MLD Address: <none>, AP MLO Link Id: <none>, AP MLO Affiliated links: <none>> SignalStrength: -66 AdminUids: [10221] SSID: "ZGuest" UnderlyingNetworks: Null]
09-18 08:27:24.932 D/IwlanDataService( 2649): Network 171 connected using transport WIFI
09-18 08:27:24.933 D/IwlanNetworkService( 2649): onCapabilitiesChanged: 171
09-18 08:27:24.933 D/IwlanNetworkStatusTracker( 2733): onCapabilitiesChanged: 171
09-18 08:27:24.934 D/IwlanNetworkStatusTracker( 2733): OnCapability : Wifi Available already true
09-18 08:27:24.938 D/DeviceStateHelper(19714): Wifi freq: 5240
09-18 08:27:24.950 I/BugleRcsEngine(19053): handleMessage processing message:[NOTIFY_UPTIME_IGNORE_STATE_CHANGED] with [non-null]:RcsEngineImpl reference [CONTEXT log_prefix="RcsEngineImpl[DUAL_REG]:[e87b795b-ace6]>Handler" thread_id=127 ]
09-18 08:27:24.952 I/BugleRcsEngine(19053): Connected state: [1], networkType: [WIFI] [CONTEXT thread_id=122 ]
09-18 08:27:24.954 E/PhoneInterfaceManager( 2403): getCarrierPrivilegeStatusForUid: Invalid subId
09-18 08:27:24.955 D/ActivityManager( 1449): sync unfroze 30161 com.google.android.apps.privacy.wildlife for 3
09-18 08:27:24.955 I/BugleRcsEngine(19053): RCS Configuration storage in Bugle is disabled by p/h flag, using ProvisioningEngineStateCacheUtil.getProvisioningConfigurationForGivenSimIfExist() [CONTEXT log_prefix="ProvisioningEngineDataRetriever" thread_id=127 ]
09-18 08:27:24.956 D/ConnectivityService( 1449): NetReassign [no changes] [c 1] [a 0] [i 5]
09-18 08:27:24.957 I/Wildlife_WildlifeVpnReceiver(30161): ACTION_WIFI_STATE_CHANGED
09-18 08:27:24.958 D/WM-NetworkStateTracker(29310): Network capabilities changed: [ Transports: WIFI Capabilities: NOT_METERED&INTERNET&NOT_RESTRICTED&TRUSTED&NOT_VPN&VALIDATED&NOT_ROAMING&FOREGROUND&NOT_CONGESTED&NOT_SUSPENDED&NOT_VCN_MANAGED LinkUpBandwidth>=12000Kbps LinkDnBandwidth>=60000Kbps TransportInfo: <SSID: <unknown ssid>, BSSID: 02:00:00:00:00:00, MAC: 02:00:00:00:00:00, IP: /10.117.202.136, Security type: 0, Supplicant state: COMPLETED, Wi-Fi standard: 6, RSSI: -66, Link speed: 286Mbps, Tx Link speed: 286Mbps, Max Supported Tx Link speed: 286Mbps, Rx Link speed: 172Mbps, Max Supported Rx Link speed: 286Mbps, Frequency: 5240MHz, Net ID: -1, Metered hint: false, score: 60, isUsable: true, CarrierMerged: false, SubscriptionId: -1, IsPrimary: -1, Trusted: true, Restricted: false, Ephemeral: false, OEM paid: false, OEM private: false, OSU AP: false, FQDN: <none>, Provider friendly name: <none>, Requesting package name: <none><none>MLO Information: , Is TID-To-Link negotiation supported by the AP: false, AP MLD Address: <none>, AP MLO Link Id: <none>, AP MLO Affiliated links: <none>> SignalStrength: -66 UnderlyingNetworks: Null]
09-18 08:27:24.969 I/Wildlife_WildlifeVpnManagerImpl(30161): toggleVpnByFeaturePreferences, -1, 1, -1, 1
09-18 08:27:24.969 I/Wildlife_WildlifeVpnManagerImpl(30161): handleFirstTimePromptNotification() Same network. Ignored.
09-18 08:27:24.969 I/Wildlife_WildlifeVpnManagerImpl(30161): restoreSettingsFromBackupIfNecessary() false, false, false
09-18 08:27:25.320 D/TrafficStats(25542): tagSocket(5) with statsTag=0xffffffff, statsUid=-1
09-18 08:27:25.337 D/TrafficStats(25542): tagSocket(96) with statsTag=0xffffffff, statsUid=-1
09-18 08:27:25.345 D/TrafficStats(25542): tagSocket(97) with statsTag=0xffffffff, statsUid=-1
09-18 08:27:25.368 D/TrafficStats(25542): tagSocket(98) with statsTag=0xffffffff, statsUid=-1
09-18 08:27:25.374 D/TrafficStats(25542): tagSocket(99) with statsTag=0xffffffff, statsUid=-1
09-18 08:27:25.378 D/TrafficStats(25542): tagSocket(100) with statsTag=0xffffffff, statsUid=-1
09-18 08:27:25.533 D/AndroidRuntime(26383): >>>>>> START com.android.internal.os.RuntimeInit uid 2000 <<<<<<
09-18 08:27:25.538 I/AndroidRuntime(26383): Using default boot image
09-18 08:27:25.538 I/AndroidRuntime(26383): Leaving lock profiling enabled
09-18 08:27:25.541 I/app_process(26383): Using CollectorTypeCMC GC.
09-18 08:27:25.605 D/nativeloader(26383): InitDefaultPublicLibraries for_preload=1: libandroid.so:libaaudio.so:libamidi.so:libbinder_ndk.so:libc.so:libcamera2ndk.so:libdl.so:libEGL.so:libGLESv1_CM.so:libGLESv2.so:libGLESv3.so:libicu.so:libicui18n.so:libicuuc.so:libjnigraphics.so:liblog.so:libmediandk.so:libm.so:libnativehelper.so:libnativewindow.so:libOpenMAXAL.so:libOpenSLES.so:libRS.so:libstdc++.so:libsync.so:libvulkan.so:libwebviewchromium_plat_support.so:libz.so
09-18 08:27:25.632 D/app_process(26383): Time zone APEX ICU file found: /apex/com.android.tzdata/etc/icu/icu_tzdata.dat
09-18 08:27:25.632 D/app_process(26383): I18n APEX ICU file found: /apex/com.android.i18n/etc/icu/icudt72l.dat
09-18 08:27:25.650 D/AndroidRuntime(26383): Calling main entry com.android.commands.monkey.Monkey
09-18 08:27:25.650 W/Monkey  (26383): args: [-p, com.zebra.soho_app, -c, android.intent.category.LAUNCHER, 1]
09-18 08:27:25.650 W/Monkey  (26383):  arg: "-p"
09-18 08:27:25.650 W/Monkey  (26383):  arg: "com.zebra.soho_app"
09-18 08:27:25.650 W/Monkey  (26383):  arg: "-c"
09-18 08:27:25.651 W/Monkey  (26383):  arg: "android.intent.category.LAUNCHER"
09-18 08:27:25.651 W/Monkey  (26383):  arg: "1"
09-18 08:27:25.651 W/Monkey  (26383): data="com.zebra.soho_app"
09-18 08:27:25.651 W/Monkey  (26383): data="android.intent.category.LAUNCHER"
09-18 08:27:25.661 W/ActivityManager( 1449): registerReceiverWithFeature: no app for null
09-18 08:27:25.666 W/ActivityTaskManager( 1449): callingPackage for (uid=2000, pid=26383) has no WPC
09-18 08:27:25.667 D/CompatibilityChangeReporter( 1449): Compat change id reported: 265464455; UID 10366; state: DISABLED
09-18 08:27:25.667 D/CompatibilityChangeReporter( 1449): Compat change id reported: 310816437; UID 10366; state: DISABLED
09-18 08:27:25.667 D/CompatibilityChangeReporter( 1449): Compat change id reported: 265452344; UID 10366; state: DISABLED
09-18 08:27:25.667 D/CompatibilityChangeReporter( 1449): Compat change id reported: 266124927; UID 10366; state: DISABLED
09-18 08:27:25.667 D/CompatibilityChangeReporter( 1449): Compat change id reported: 265451093; UID 10366; state: DISABLED
09-18 08:27:25.667 D/CompatibilityChangeReporter( 1449): Compat change id reported: 265456536; UID 10366; state: DISABLED
09-18 08:27:25.667 D/CompatibilityChangeReporter( 1449): Compat change id reported: 255940284; UID 10366; state: DISABLED
09-18 08:27:25.667 D/CompatibilityChangeReporter( 1449): Compat change id reported: 236283604; UID 10366; state: DISABLED
09-18 08:27:25.668 D/CompatibilityChangeReporter( 1449): Compat change id reported: 263959004; UID 10366; state: DISABLED
09-18 08:27:25.668 D/CompatibilityChangeReporter( 1449): Compat change id reported: 264304459; UID 10366; state: DISABLED
09-18 08:27:25.668 D/CompatibilityChangeReporter( 1449): Compat change id reported: 264301586; UID 10366; state: DISABLED
09-18 08:27:25.668 D/CompatibilityChangeReporter( 1449): Compat change id reported: 254631730; UID 10366; state: DISABLED
09-18 08:27:25.668 D/CompatibilityChangeReporter( 1449): Compat change id reported: 273509367; UID 10366; state: DISABLED
09-18 08:27:25.668 D/CompatibilityChangeReporter( 1449): Compat change id reported: 263259275; UID 10366; state: DISABLED
09-18 08:27:25.668 D/CompatibilityChangeReporter( 1449): Compat change id reported: 174042980; UID 10366; state: DISABLED
09-18 08:27:25.668 D/CompatibilityChangeReporter( 1449): Compat change id reported: 174042936; UID 10366; state: DISABLED
09-18 08:27:25.668 D/CompatibilityChangeReporter( 1449): Compat change id reported: 181136395; UID 10366; state: DISABLED
09-18 08:27:25.669 D/CompatibilityChangeReporter( 1449): Compat change id reported: 194480991; UID 10366; state: ENABLED
09-18 08:27:25.669 D/CompatibilityChangeReporter( 1449): Compat change id reported: 184838306; UID 10366; state: DISABLED
09-18 08:27:25.670 D/CompatibilityChangeReporter( 1449): Compat change id reported: 185004937; UID 10366; state: DISABLED
09-18 08:27:25.672 D/CompatibilityChangeReporter( 1449): Compat change id reported: 205907456; UID 10366; state: ENABLED
09-18 08:27:25.674 D/GrammaticalInflection( 1449): The flag must be enabled to allow calling the API.
09-18 08:27:25.674 D/CompatibilityChangeReporter( 1449): Compat change id reported: 194833441; UID 10366; state: ENABLED
09-18 08:27:25.674 I/ActivityTaskManager( 1449): START u0 {act=android.intent.action.MAIN cat=[android.intent.category.LAUNCHER] flg=0x10200000 cmp=com.zebra.soho_app/.MainActivity} with LAUNCH_SINGLE_TASK from uid 2000 (BAL_ALLOW_PERMISSION) result code=0
09-18 08:27:25.675 V/WindowManagerShell( 1984): Transition requested (#4545): android.os.BinderProxy@1cc414b TransitionRequestInfo { type = OPEN, triggerTask = TaskInfo{userId=0 taskId=1703 displayId=0 isRunning=true baseIntent=Intent { act=android.intent.action.MAIN cat=[android.intent.category.LAUNCHER] flg=0x10200000 cmp=com.zebra.soho_app/.MainActivity } baseActivity=ComponentInfo{com.google.android.permissioncontroller/com.android.permissioncontroller.permission.ui.GrantPermissionsActivity} topActivity=ComponentInfo{com.zebra.soho_app/com.zebra.soho_app.MainActivity} origActivity=null realActivity=ComponentInfo{com.zebra.soho_app/com.zebra.soho_app.MainActivity} numActivities=2 lastActiveTime=1812211553 supportsMultiWindow=true resizeMode=1 isResizeable=true minWidth=-1 minHeight=-1 defaultMinSize=220 token=WCT{android.window.IWindowContainerToken$Stub$Proxy@75ffc41} topActivityType=1 pictureInPictureParams=null shouldDockBigOverlays=false launchIntoPipHostTaskId=-1 lastParentTaskIdBeforePip=-1 displayCutoutSafeInsets=Rect(0, 108 - 0, 0) topActivityInfo=ActivityInfo{e0065e6 com.zebra.soho_app.MainActivity} launchCookies=[] positionInParent=Point(0, 0) parentTaskId=-1 isFocused=true isVisible=true isVisibleRequested=true isSleeping=false locusId=null displayAreaFeatureId=1 isTopActivityTransparent=false appCompatTaskInfo=AppCompatTaskInfo { topActivityInSizeCompat=false topActivityEligibleForLetterboxEducation= false isLetterboxDoubleTapEnabled= false topActivityEligibleForUserAspectRatioButton= false topActivityBoundsLetterboxed= false isFromLetterboxDoubleTap= false topActivityLetterboxVerticalPosition= -1 topActivityLetterboxHorizontalPosition= -1 topActivityLetterboxWidth=1080 topActivityLetterboxHeight=2340 isUserFullscreenOverrideEnabled=false isSystemFullscreenOverrideEnabled=false cameraCompatControlState=hidden}}, pipTask = null, remoteTransition = null, displayChange = null, flags = 0, debugId = 4545 }
09-18 08:27:25.675 D/CompatibilityChangeReporter( 1449): Compat change id reported: 135634846; UID 10366; state: DISABLED
09-18 08:27:25.675 D/CompatibilityChangeReporter( 1449): Compat change id reported: 177438394; UID 10366; state: DISABLED
09-18 08:27:25.675 D/CompatibilityChangeReporter( 1449): Compat change id reported: 135772972; UID 10366; state: DISABLED
09-18 08:27:25.675 D/CompatibilityChangeReporter( 1449): Compat change id reported: 135754954; UID 10366; state: ENABLED
09-18 08:27:25.676 D/CompatibilityChangeReporter( 1449): Compat change id reported: 143937733; UID 10366; state: ENABLED
09-18 08:27:25.678 I/Monkey  (26383): Events injected: 1
09-18 08:27:25.679 I/BpBinder(  562): onLastStrongRef automatically unlinking death recipients: 
09-18 08:27:25.684 D/CompatibilityChangeReporter( 1449): Compat change id reported: 265195908; UID 10366; state: ENABLED
09-18 08:27:25.689 D/Zygote  (  870): Forked child process 26399
09-18 08:27:25.689 D/CompatibilityChangeReporter( 1449): Compat change id reported: 168419799; UID 10366; state: DISABLED
09-18 08:27:25.689 D/CompatibilityChangeReporter( 1449): Compat change id reported: 273564678; UID 10366; state: DISABLED
09-18 08:27:25.689 I/ActivityManager( 1449): Start proc 26399:com.zebra.soho_app/u0a366 for next-top-activity {com.zebra.soho_app/com.zebra.soho_app.MainActivity}
09-18 08:27:25.691 I/Monkey  (26383): ## Network stats: elapsed time=24ms (0ms mobile, 0ms wifi, 24ms not connected)
09-18 08:27:25.692 I/app_process(26383): System.exit called, status: 0
09-18 08:27:25.692 I/AndroidRuntime(26383): VM exiting with result code 0.
09-18 08:27:25.697 I/.zebra.soho_app(26399): Using CollectorTypeCMC GC.
09-18 08:27:25.699 E/.zebra.soho_app(26399): Not starting debugger since process cannot load the jdwp agent.
09-18 08:27:25.699 D/CoreBackPreview( 1449): Window{b3407e u0 Splash Screen com.zebra.soho_app}: Setting back callback OnBackInvokedCallbackInfo{mCallback=android.window.IOnBackInvokedCallback$Stub$Proxy@1aba918, mPriority=0, mIsAnimationCallback=false}
09-18 08:27:25.707 W/gralloc4(  563): Unable to set buffer name VRI[soho_app]#2999(BLAST Consumer)2999: File name too long
09-18 08:27:25.709 W/gralloc4(  563): Unable to set buffer name VRI[soho_app]#2999(BLAST Consumer)2999: File name too long
09-18 08:27:25.710 W/gralloc4(  563): Unable to set buffer name VRI[soho_app]#2999(BLAST Consumer)2999: File name too long
09-18 08:27:25.711 W/gralloc4(  563): Unable to set buffer name VRI[soho_app]#2999(BLAST Consumer)2999: File name too long
09-18 08:27:25.711 W/gralloc4(  563): Unable to set buffer name VRI[soho_app]#2999(BLAST Consumer)2999: File name too long
09-18 08:27:25.713 D/CompatibilityChangeReporter(26399): Compat change id reported: 171979766; UID 10366; state: ENABLED
09-18 08:27:25.713 D/CompatibilityChangeReporter(26399): Compat change id reported: 242716250; UID 10366; state: ENABLED
09-18 08:27:25.715 D/CompatibilityChangeReporter( 1449): Compat change id reported: 170503758; UID 10366; state: ENABLED
09-18 08:27:25.717 D/nativeloader(26399): Configuring clns-4 for other apk /data/app/~~je9xrORl68_-Lvz_hXFatQ==/com.zebra.soho_app-UsvvQjdFyap_SPJR7jPjtw==/base.apk. target_sdk_version=34, uses_libraries=, library_path=/data/app/~~je9xrORl68_-Lvz_hXFatQ==/com.zebra.soho_app-UsvvQjdFyap_SPJR7jPjtw==/lib/arm64:/data/app/~~je9xrORl68_-Lvz_hXFatQ==/com.zebra.soho_app-UsvvQjdFyap_SPJR7jPjtw==/base.apk!/lib/arm64-v8a, permitted_path=/data:/mnt/expand:/data/user/0/com.zebra.soho_app
09-18 08:27:25.722 V/GraphicsEnvironment(26399): Currently set values for:
09-18 08:27:25.722 V/GraphicsEnvironment(26399):   angle_gl_driver_selection_pkgs=[com.android.angle, com.linecorp.b612.android, com.campmobile.snow, com.google.android.apps.tachyon]
09-18 08:27:25.722 V/GraphicsEnvironment(26399):   angle_gl_driver_selection_values=[angle, native, native, native]
09-18 08:27:25.722 V/GraphicsEnvironment(26399): com.zebra.soho_app is not listed in per-application setting
09-18 08:27:25.722 V/GraphicsEnvironment(26399): Neither updatable production driver nor prerelease driver is supported.
09-18 08:27:25.726 D/CompatibilityChangeReporter(26399): Compat change id reported: 183155436; UID 10366; state: ENABLED
09-18 08:27:25.727 D/SessionsDependencies(26399): Dependency to CRASHLYTICS added.
09-18 08:27:25.728 I/FirebaseApp(26399): Device unlocked: initializing all Firebase APIs for app [DEFAULT]
09-18 08:27:25.728 I/FirebaseCrashlytics(26399): Initializing Firebase Crashlytics 18.6.2 for com.zebra.soho_app
09-18 08:27:25.729 D/CompatibilityChangeReporter(26399): Compat change id reported: 247079863; UID 10366; state: ENABLED
09-18 08:27:25.732 D/SessionsDependencies(26399): Subscriber CRASHLYTICS registered.
09-18 08:27:25.737 W/ziparchive(26399): Unable to open '/data/user_de/0/com.google.android.gms/app_chimera/m/000001c7/DynamiteLoader.uncompressed.dm': No such file or directory
09-18 08:27:25.737 W/ziparchive(26399): Unable to open '/data/user_de/0/com.google.android.gms/app_chimera/m/000001c7/DynamiteLoader.uncompressed.dm': No such file or directory
09-18 08:27:25.739 I/DynamiteModule(26399): Considering local module com.google.android.gms.measurement.dynamite:100 and remote module com.google.android.gms.measurement.dynamite:124
09-18 08:27:25.739 I/DynamiteModule(26399): Selected remote version of com.google.android.gms.measurement.dynamite, version >= 124
09-18 08:27:25.739 V/DynamiteModule(26399): Dynamite loader version >= 2, using loadModule2NoCrashUtils
09-18 08:27:25.742 D/CompatibilityChangeReporter( 1449): Compat change id reported: 161145287; UID 10366; state: ENABLED
09-18 08:27:25.745 I/FirebaseCrashlytics(26399): No version control information found
09-18 08:27:25.746 W/System  (26399): ClassLoader referenced unknown path: 
09-18 08:27:25.746 D/nativeloader(26399): Configuring clns-5 for other apk . target_sdk_version=34, uses_libraries=, library_path=/data/app/~~8R2p26qD1tgNymtSpnn7Xw==/com.google.android.gms-fCImiVHZci4X4KuvUcmGuw==/lib/arm64:/data/app/~~8R2p26qD1tgNymtSpnn7Xw==/com.google.android.gms-fCImiVHZci4X4KuvUcmGuw==/base.apk!/lib/arm64-v8a, permitted_path=/data:/mnt/expand:/data/user/0/com.google.android.gms
09-18 08:27:25.749 D/CompatibilityChangeReporter(26399): Compat change id reported: 194532703; UID 10366; state: ENABLED
09-18 08:27:25.749 D/CompatibilityChangeReporter(26399): Compat change id reported: 253665015; UID 10366; state: ENABLED
09-18 08:27:25.749 D/CompatibilityChangeReporter(26399): Compat change id reported: 311402873; UID 10366; state: DISABLED
09-18 08:27:25.749 D/CompatibilityChangeReporter(26399): Compat change id reported: 323349338; UID 10366; state: DISABLED
09-18 08:27:25.750 D/CompatibilityChangeReporter( 1449): Compat change id reported: 271850009; UID 10366; state: ENABLED
09-18 08:27:25.750 D/CompatibilityChangeReporter( 1449): Compat change id reported: 253665015; UID 10366; state: ENABLED
09-18 08:27:25.750 D/CompatibilityChangeReporter( 1449): Compat change id reported: 194532703; UID 10366; state: ENABLED
09-18 08:27:25.750 D/CompatibilityChangeReporter( 1449): Compat change id reported: 311402873; UID 10366; state: DISABLED
09-18 08:27:25.750 D/CompatibilityChangeReporter( 1449): Compat change id reported: 323349338; UID 10366; state: DISABLED
09-18 08:27:25.752 W/.zebra.soho_app(26399): ClassLoaderContext classpath size mismatch. expected=12, found=2 (DLC[];PCL[base.apk*655571707:base.apk!classes2.dex*1498855786:base.apk!classes3.dex*490929050:base.apk!classes4.dex*1611603995:base.apk!classes5.dex*471123784:base.apk!classes6.dex*137154469:base.apk!classes7.dex*1102601877:base.apk!classes8.dex*2329565478:base.apk!classes9.dex*3036896885:base.apk!classes10.dex*3882078478:base.apk!classes11.dex*2742095993:base.apk!classes12.dex*823082303]{PCL[/system/framework/org.apache.http.legacy.jar*1096660761]#PCL[/system/framework/com.android.media.remotedisplay.jar*3355806333]#PCL[/system/framework/com.android.location.provider.jar*2324294294]#PCL[/system_ext/framework/org.carconnectivity.android.digitalkey.timesync.jar*968449808]} | DLC[];PCL[/data/app/~~je9xrORl68_-Lvz_hXFatQ==/com.zebra.soho_app-UsvvQjdFyap_SPJR7jPjtw==/base.apk*3707216409:/data/app/~~je9xrORl68_-Lvz_hXFatQ==/com.zebra.soho_app-UsvvQjdFyap_SPJR7jPjtw==/base.apk!classes2.dex*1560619406])
09-18 08:27:25.752 D/FirebaseSessions(26399): Initializing Firebase Sessions SDK.
09-18 08:27:25.755 I/FirebaseInitProvider(26399): FirebaseApp initialization successful
09-18 08:27:25.755 D/LifecycleServiceBinder(26399): Binding service to application.
09-18 08:27:25.755 D/CompatibilityChangeReporter(26399): Compat change id reported: 279646685; UID 10366; state: DISABLED
09-18 08:27:25.756 D/WM-WrkMgrInitializer(26399): Initializing WorkManager with default configuration.
09-18 08:27:25.762 D/CompatibilityChangeReporter(26399): Compat change id reported: 160794467; UID 10366; state: ENABLED
09-18 08:27:25.764 D/CompatibilityChangeReporter( 1449): Compat change id reported: 261072174; UID 10366; state: ENABLED
09-18 08:27:25.767 V/WindowManagerShell( 1984): onTransitionReady (#4545) android.os.BinderProxy@1cc414b: {id=4545 t=OPEN f=0x0 trk=0 r=[0@Point(0, 0)] c=[{null m=OPEN f=FILLS_TASK|IS_BEHIND_STARTING_WINDOW leash=Surface(name=ActivityRecord{bcc12da u0 com.zebra.soho_app/.MainActivity t1703})/@0xe14133b sb=Rect(0, 0 - 0, 0) eb=Rect(0, 0 - 1080, 2340) d=-1->0 r=-1->0:-1 component=com.zebra.soho_app/.MainActivity},{null m=TO_BACK f=TRANSLUCENT|FILLS_TASK|IS_BEHIND_STARTING_WINDOW leash=Surface(name=ActivityRecord{3e6025f u0 com.google.android.permissioncontroller/com.android.permissioncontroller.permission.ui.GrantPermissionsActivity t1703})/@0x70a5a58 sb=Rect(0, 0 - 1080, 2340) eb=Rect(0, 0 - 1080, 2340) d=0 component=com.google.android.permissioncontroller/com.android.permissioncontroller.permission.ui.GrantPermissionsActivity},{WCT{android.window.IWindowContainerToken$Stub$Proxy@8a6a817} m=TO_BACK f=SHOW_WALLPAPER leash=Surface(name=Task=7)/@0xeff77b1 sb=Rect(0, 0 - 1080, 2340) eb=Rect(0, 0 - 1080, 2340) d=0}]}
