09-18 08:27:03.830 D/SearchTargetUtil(21117): layoutType=short_icon_row resultType=131072 packageName=com.google.android.googlequicksearchbox extras=Bundle{suggestion_type=33,suggest_truncate_start=false,is_answer=false,is_entity=false,is_personal=false,suggest_raw_text=kerala actress assault case,input_query=android.app.search.Query@fc52fed,group_id=web1812189696,response_id=17fef39e-fee8-4a51-9571-03a958bb49fc,support_query_builder=false,} searchAction=kerala actress assault case searchActionExtras=Bundle{learn_more_url=https://support.google.com/websearch/answer/106230?hl=106230,suggestion_action_text=Report this,should_start_for_result=true,allow_pinning=true,skip_logging_in_target_handler=true,suggestion_action_rpc=2,}ParentID: null targetID: 80dea107-883f-44d6-91b7-516f667f9d9d
09-18 08:27:03.830 D/SearchTargetUtil(21117): layoutType=short_icon_row resultType=131072 packageName=com.google.android.googlequicksearchbox extras=Bundle{suggestion_type=33,suggest_truncate_start=false,is_answer=false,is_entity=false,is_personal=false,suggest_raw_text=kulhad pizza viral video,input_query=android.app.search.Query@fc52fed,group_id=web1812189696,response_id=17fef39e-fee8-4a51-9571-03a958bb49fc,support_query_builder=false,} searchAction=kulhad pizza viral video searchActionExtras=Bundle{learn_more_url=https://support.google.com/websearch/answer/106230?hl=106230,suggestion_action_text=Report this,should_start_for_result=true,allow_pinning=true,skip_logging_in_target_handler=true,suggestion_action_rpc=2,}ParentID: null targetID: 8f105f48-4e40-4bb5-857d-38835692dcc4
09-18 08:27:03.830 D/SearchTargetUtil(21117): layoutType=short_icon_row resultType=131072 packageName=com.google.android.googlequicksearchbox extras=Bundle{suggestion_type=33,suggest_truncate_start=false,is_answer=false,is_entity=false,is_personal=false,suggest_raw_text=viral mms video news,input_query=android.app.search.Query@fc52fed,group_id=web1812189696,response_id=17fef39e-fee8-4a51-9571-03a958bb49fc,support_query_builder=false,} searchAction=viral mms video news searchActionExtras=Bundle{learn_more_url=https://support.google.com/websearch/answer/106230?hl=106230,suggestion_action_text=Report this,should_start_for_result=true,allow_pinning=true,skip_logging_in_target_handler=true,suggestion_action_rpc=2,}ParentID: null targetID: 6eb3711a-228d-4346-9522-92a994220c57
09-18 08:27:03.830 D/SearchTargetUtil(21117): layoutType=short_icon_row resultType=131072 packageName=com.google.android.googlequicksearchbox extras=Bundle{suggestion_type=33,suggest_truncate_start=false,is_answer=false,is_entity=false,is_personal=false,suggest_raw_text=video viral video,input_query=android.app.search.Query@fc52fed,group_id=web1812189696,response_id=17fef39e-fee8-4a51-9571-03a958bb49fc,support_query_builder=false,} searchAction=video viral video searchActionExtras=Bundle{learn_more_url=https://support.google.com/websearch/answer/106230?hl=106230,suggestion_action_text=Report this,should_start_for_result=true,allow_pinning=true,skip_logging_in_target_handler=true,suggestion_action_rpc=2,}ParentID: null targetID: dae040d1-a11b-44c4-84d4-5ad5af9fe9c7
09-18 08:27:03.830 D/SearchTargetUtil(21117): layoutType=short_icon_row resultType=131072 packageName=com.google.android.googlequicksearchbox extras=Bundle{suggestion_type=33,suggest_truncate_start=false,is_answer=false,is_entity=false,is_personal=false,suggest_raw_text=kerala nipah virus,input_query=android.app.search.Query@fc52fed,group_id=web1812189696,response_id=17fef39e-fee8-4a51-9571-03a958bb49fc,support_query_builder=false,} searchAction=kerala nipah virus searchActionExtras=Bundle{learn_more_url=https://support.google.com/websearch/answer/106230?hl=106230,suggestion_action_text=Report this,should_start_for_result=true,allow_pinning=true,skip_logging_in_target_handler=true,suggestion_action_rpc=2,}ParentID: null targetID: 3671e240-b14d-4698-aaa1-2bac0779a9e7
09-18 08:27:03.830 D/SearchTargetUtil(21117): layoutType=short_icon_row resultType=131072 packageName=com.google.android.googlequicksearchbox extras=Bundle{suggestion_type=33,suggest_truncate_start=false,is_answer=false,is_entity=false,is_personal=false,suggest_raw_text=sumi borah news,input_query=android.app.search.Query@fc52fed,group_id=web1812189696,response_id=17fef39e-fee8-4a51-9571-03a958bb49fc,support_query_builder=false,} searchAction=sumi borah news searchActionExtras=Bundle{learn_more_url=https://support.google.com/websearch/answer/106230?hl=106230,suggestion_action_text=Report this,should_start_for_result=true,allow_pinning=true,skip_logging_in_target_handler=true,suggestion_action_rpc=2,}ParentID: null targetID: 386bc301-04d7-4352-9a3d-4893dd9a7e04
09-18 08:27:03.830 D/SearchTargetUtil(21117): layoutType=short_icon_row resultType=131072 packageName=com.google.android.googlequicksearchbox extras=Bundle{suggestion_type=33,suggest_truncate_start=false,is_answer=false,is_entity=false,is_personal=false,suggest_raw_text=reliance jio network outage,input_query=android.app.search.Query@fc52fed,group_id=web1812189696,response_id=17fef39e-fee8-4a51-9571-03a958bb49fc,support_query_builder=false,} searchAction=reliance jio network outage searchActionExtras=Bundle{learn_more_url=https://support.google.com/websearch/answer/106230?hl=106230,suggestion_action_text=Report this,should_start_for_result=true,allow_pinning=true,skip_logging_in_target_handler=true,suggestion_action_rpc=2,}ParentID: null targetID: 710f8e47-85b2-4de8-b136-ba924bedcced
09-18 08:27:03.830 D/SearchTargetUtil(21117): layoutType=short_icon_row resultType=131072 packageName=com.google.android.googlequicksearchbox extras=Bundle{suggestion_type=33,suggest_truncate_start=false,is_answer=false,is_entity=false,is_personal=false,suggest_raw_text=nasa asteroid hitting earth,input_query=android.app.search.Query@fc52fed,group_id=web1812189696,response_id=17fef39e-fee8-4a51-9571-03a958bb49fc,support_query_builder=false,} searchAction=nasa asteroid hitting earth searchActionExtras=Bundle{learn_more_url=https://support.google.com/websearch/answer/106230?hl=106230,suggestion_action_text=Report this,should_start_for_result=true,allow_pinning=true,skip_logging_in_target_handler=true,suggestion_action_rpc=2,}ParentID: null targetID: a74da6e3-2dce-4d15-b480-aa592351a207
09-18 08:27:03.830 D/SearchTargetUtil(21117): layoutType=short_icon_row resultType=131072 packageName=com.google.android.googlequicksearchbox extras=Bundle{suggestion_type=33,suggest_truncate_start=false,is_answer=false,is_entity=false,is_personal=false,suggest_raw_text=oneplus nord buds 3,input_query=android.app.search.Query@fc52fed,group_id=web1812189696,response_id=17fef39e-fee8-4a51-9571-03a958bb49fc,support_query_builder=false,} searchAction=oneplus nord buds 3 searchActionExtras=Bundle{learn_more_url=https://support.google.com/websearch/answer/106230?hl=106230,suggestion_action_text=Report this,should_start_for_result=true,allow_pinning=true,skip_logging_in_target_handler=true,suggestion_action_rpc=2,}ParentID: null targetID: f177ffdd-a4b4-4722-b08c-e35eccba570f
09-18 08:27:03.830 D/SearchTargetUtil(21117): layoutType=short_icon_row resultType=131072 packageName=com.google.android.googlequicksearchbox extras=Bundle{suggestion_type=33,suggest_truncate_start=false,is_answer=false,is_entity=false,is_personal=false,suggest_raw_text=motorola edge 50 neo,input_query=android.app.search.Query@fc52fed,group_id=web1812189696,response_id=17fef39e-fee8-4a51-9571-03a958bb49fc,support_query_builder=false,} searchAction=motorola edge 50 neo searchActionExtras=Bundle{learn_more_url=https://support.google.com/websearch/answer/106230?hl=106230,suggestion_action_text=Report this,should_start_for_result=true,allow_pinning=true,skip_logging_in_target_handler=true,suggestion_action_rpc=2,}ParentID: null targetID: 46605a32-c3f5-4940-a272-e070535f587f
09-18 08:27:03.830 D/SearchTargetUtil(21117): layoutType=short_icon_row resultType=131072 packageName=com.google.android.googlequicksearchbox extras=Bundle{suggestion_type=33,suggest_truncate_start=false,is_answer=false,is_entity=false,is_personal=false,suggest_raw_text=covid 19 xec variant,input_query=android.app.search.Query@fc52fed,group_id=web1812189696,response_id=17fef39e-fee8-4a51-9571-03a958bb49fc,support_query_builder=false,} searchAction=covid 19 xec variant searchActionExtras=Bundle{learn_more_url=https://support.google.com/websearch/answer/106230?hl=106230,suggestion_action_text=Report this,should_start_for_result=true,allow_pinning=true,skip_logging_in_target_handler=true,suggestion_action_rpc=2,}ParentID: null targetID: 38cfa4ca-f968-4db6-a0f9-316acccbb609
09-18 08:27:03.830 D/SearchTargetUtil(21117): layoutType=extra_tall_icon_row resultType=131072 packageName=com.google.android.googlequicksearchbox extras=Bundle{bitmap_url=data:image/jpeg;base64,/9j/4AAQSkZJRgABAQAAAQABAAD/2wCEAAkGBwgHBgkIBwgKCgkLDRYPDQwMDRsUFRAWIB0iIiAdHx8kKDQsJCYxJx8fLT0tMTU3Ojo6Iys/RD84QzQ5OjcBCgoKDQwNGg8PGjclHyU3Nzc3Nzc3Nzc3Nzc3Nzc3Nzc3Nzc3Nzc3Nzc3Nzc3Nzc3Nzc3Nzc3Nzc3Nzc3Nzc3N//AABEIAHwAfAMBIgACEQEDEQH/xAAcAAABBQEBAQAAAAAAAAAAAAAAAQIDBAUHBgj/xAA5EAABAwMCAwUFBwIHAAAAAAABAAIDBAUREiExQVEGExRhkSIjcYGxBzJCUqHB8BXRFiQ0Q3KS4f/EABkBAAMBAQEAAAAAAAAAAAAAAAABAgMEBf/EACERAAICAwACAwEBAAAAAAAAAAABAhEDEiEEMRMiQbFh/9oADAMBAAIRAxEAPwDtukJcBGUmU9TO0g2RsjZNKKQmx+yacBQVtbBQUslTVP0RsGSVyTtj22qKwubRtMcWrDQXkOAx0Gx/VNRsTZ1evudFbYRLW1DIWE4BceKz29r7CW6v6jDx4B2T+i4LW3iprA1k00mkcG7kKp3waW5aSP8AijVDVn0lRXu31/8ApqhjyOWRn0WF9oNVUxW+JlM73UmQ/fGeGMnpuuINqQ/7j3teN2la1Df6x0bKatmlmps7sc7cDngqZLnDSDqSslqoIhI8xtM0oOHSHh8l6XsdXy0dVTGbQ9rHY0Mdg77fusWYmrIjj2DnaY42NwT08vRW6Kx3Cmc0VFvmjjk27wszj4lZRs6siVdZ2oEKtXziKE4O6iontgooIu9Ezo42tLgc5wOKr71tYB/tRnLj1W9V04ofZ/4izaaXw1MS8gyyu1vdj0HyCvZCbkJpclwTnbsdgo0lPyEqXStURYcmlruKnUVTtTyYGSWkD4lJpicEcj+0ntW6WsfbqWRxp2sw/Rj2j8VzKaZz3jckE8jsta6EGsl4jVsS4/z+FV6KmbNLoa3njKvkUEYtukZ2otdnUfqn64yQHEud8eCmqKYNnka/kcZ5JI4Bs3SDng5Ox0xzM7APO3DyTzlh3PEZx1TXRui34gcMJ0ZL3ESgYO4PRS2NI9TYaplRSmmkbqcMYOOOV0Tspar93JdUVklPBj3UcrNTj8eeFy3sNK517ZG46T38YH/cL6JyoUWpWmbPInj0aMplrqHH/NVusdI49P1JV+KnbEwMjADQpkJtX7MuVRHoPVHd+afkIyEaomkRhOUeUEnzQ5ohMkymVL9FPI4N1ENJDepSAnonYyMEbJLImUro+X7gTrcM6jqxtzW1ZoooKWWoqpRC/cNDmk+qs3XspJDcvByuMcnihDkcCCchw+RVq5WuFzmwOh1eGlkYS522ATgY89t/NDnF+2eh4/iTySqPurMeE26UOjlqow8u47/2Ur7bSRNDmV0Rb0DlGLdQMdoqGluG+2Yxq0+eOi1K7s0aWzQXCdzg2Q+8jIHsB33f2B+KUlH2ma5PGnikoSStmJNHTPc7M8eeoKlvNBHTUEVVT1EUzdmuEbgS0+ajkt9FFH3rHPLidOksAII+XDdaFltbLndhRR62gQyPL8Y4NIB4fm0j1Wkoa/pjkwOKbbKXY2fuO0tC57TpdURg+e4wvo7K4B2JsdXW3y1+6cWMqA9zh+Frdzn0XftLlOyOLJGSoflKmBrk7BRsJWNKEFjijQU9iKY7IS7FV2wy83p3tN2cVWqBTf6ibYIyFCXDqgHzRqHyHk+31GyPw10azPcSsc/5Hj6fRZlZaILlIaiGV0bpACS3BDttiQR0XtbnTRVtBPTyjU17CP0XM7JeRSQTQSPGqFpDQfJYZYHf4nktPjpob/h+3W6q7+uqHOY3ctDdiRwyBxXo7jV2ma2imqpW91ONI2zqzzGFznxEt4kkkqBPMdW0cIJU7rUaT3tPDXPAO+xIHM8lChRtLI8n2l/TRn7KVM4EbpWujbsxzhk4ytm1W2Hs/S1dbJK6WcxBpc7kBwaPmsyy9oJW3AQVT9UR/OMEDCs1dW661cdHA8aTK3ON+f8APROpNiea4/f2j1v2f2n+n0JkeBrc0A+RO5H0Xrcjqs+F0cELY2ZwBx6pfEDK6Y46R5k/It2X8jqjUOqqMeHBP2T1J+Vk+odUa29VXyOiNuiNRfKy0mSjMZT1FUau6OlQjeXUUYC97iMHCtCMqCiaWHD+KvgK97MFha9nm+1sFYKaJ9NO+OLdsoacceC45foJqCoL4XaoJMgOH0Xe71QC52qqotRYZoy1rh+E8j6rixifJSy2+sZplhcWOB4tIUynw3xw+3DJtN0kpaTuqTDJi4kuPMlWmXG86nOlrdbW/ea7HHyWaLXVMkcGt3B580yaKraT3gIJG+BkLN6/h0JzojqK+aeu74k6jtldC+zG2STyuudd7MbTphB/E47Z8huvCUVrq6qVrWxOycbkLqnZipZDG6zykCVkIe3fj8Pht6rSOt0YSUmuntDTDok8KMqaldqiaHfeAU2kKtmjD4kyuyLSn6FLgIwlsNYiLu/NGhTYRgI2H8aBHFeettzuNc8Np2xvaD7cjxsAvQNBAGo5PMqV00TsQMaODQEpOMHklSEZGEwFXPvtAsZiqxeKVvsPwypA5HgHft6L3cjnBulvHqoHwsnhkgqGao5Glrx1BQ42hxfbOWQRa2780/wjSfajac8yvR1fZKqpCXU8niIvIYcPl/ZVvCODQHDguOUGjshlVFJjGQxgtaA7HFLYLdUV1/ZURnDYfae4+Yxj+dFbNOCN16nsvSthoC8DeR5JPw2WuJd6ZZZ84asLSBjopkIW7dnOlQICFBVS9xH3v4QfaQDdE6FFDO2UZapUvQeyvQUcNBSRU1OMMjaBk8T5nzVhCEDBCEIAQgJpanoTsVDWnGyzrnbBUHvYQBIfvD83/q08ISasabR5SagmhaXSRaQOeV6C0xmO3QBw3059TlR3hjn02W8GHLvIK5CAImAcA0KIqmy5O0PQhCsgEyWNssTo3jLXAgp6EAZVvoKinGHSjZaA74fkKlQhkqNKrEQEqQoKFQhCABCEIAEIQgBC0EHIyOBQAGgADYDZB4IHAIAVCQJUxAhCEhgmPfpOE9VKo+8HwUy4hxVs/9k=,suggestion_type=33,suggest_truncate_start=false,is_answer=false,is_entity=true,is_personal=false,suggest_raw_text=jani master,input_query=android.app.search.Query@fc52fed,group_id=web1812189696,response_id=17fef39e-fee8-4a51-9571-03a958bb49fc,support_query_builder=false,} searchAction=Jani Master searchActionExtras=Bundle{learn_more_url=https://support.google.com/websearch/answer/106230?hl=106230,suggestion_action_text=Report this,should_start_for_result=true,allow_pinning=true,skip_logging_in_target_handler=true,suggestion_action_rpc=2,}ParentID: null targetID: dc952170-8c27-4379-b64a-06ee8a4177e1
09-18 08:27:03.840 D/TrafficStats(25542): tagSocket(5) with statsTag=0xffffffff, statsUid=-1
09-18 08:27:03.840 D/QuickstepModelDelegate(21117): notifyAppTargetEvent action=1 launchLocation=
09-18 08:27:03.843 I/AiAiSuggestUi(21117): Fetched content back in callback
09-18 08:27:03.843 I/AiAiSuggestUi(21117): Display indicators
09-18 08:27:03.848 I/AiAiEcho(15286): (REDACTED) Predicting[%d]: %s
09-18 08:27:03.848 D/QuickstepLauncher(21117): Bind extra container items. ContainerId = -111
09-18 08:27:03.848 I/AiAiEcho(15286): (REDACTED) EchoTargets: %s
09-18 08:27:03.848 I/AiAiEcho(15286): Filtered by AiAi flag check: %s
09-18 08:27:03.848 I/AiAiEcho(15286): (REDACTED) Ranked targets strategy: %s, count: %d, ranking metadata: %s
09-18 08:27:03.848 I/AiAiEcho(15286): #remoteViewsTwiddler: feature disabled.
09-18 08:27:03.850 D/TrafficStats(25542): tagSocket(96) with statsTag=0xffffffff, statsUid=-1
09-18 08:27:03.850 I/AiAiEcho(15286): (REDACTED) #postPredictionTargets: Sending updates to UISurface %s with targets# %s (types=[%s])
09-18 08:27:03.851 D/SsBaseTemplateCard(21117): No text view can be set up
09-18 08:27:03.851 I/SsBaseTemplateCard(21117): setFormattedContentDescription: text=28C, iconDescription=Mostly sunny, contentDescription=Mostly sunny, 28C
09-18 08:27:03.851 D/SsBaseTemplateCard(21117): Passed-in item info is null
09-18 08:27:03.851 I/SsBaseTemplateCard(21117): Secondary card pane is null
09-18 08:27:03.856 D/TrafficStats(25542): tagSocket(97) with statsTag=0xffffffff, statsUid=-1
09-18 08:27:03.861 D/TrafficStats(25542): tagSocket(98) with statsTag=0xffffffff, statsUid=-1
09-18 08:27:03.866 D/TrafficStats(25542): tagSocket(99) with statsTag=0xffffffff, statsUid=-1
09-18 08:27:03.871 W/System  (25542): A resource failed to call end. 
09-18 08:27:03.872 W/System  (25542): A resource failed to call end. 
09-18 08:27:03.872 W/System  (25542): A resource failed to call end. 
09-18 08:27:03.872 W/System  (25542): A resource failed to call end. 
09-18 08:27:03.872 W/System  (25542): A resource failed to call end. 
09-18 08:27:03.872 W/System  (25542): A resource failed to call end. 
09-18 08:27:03.872 W/System  (25542): A resource failed to call end. 
09-18 08:27:03.872 W/System  (25542): A resource failed to call end. 
09-18 08:27:03.872 W/System  (25542): A resource failed to call end. 
09-18 08:27:03.872 W/System  (25542): A resource failed to call end. 
09-18 08:27:03.873 W/System  (25542): A resource failed to call end. 
09-18 08:27:03.873 W/System  (25542): A resource failed to call end. 
09-18 08:27:03.873 W/System  (25542): A resource failed to call end. 
09-18 08:27:03.873 W/System  (25542): A resource failed to call end. 
09-18 08:27:03.873 W/System  (25542): A resource failed to call end. 
09-18 08:27:03.873 W/System  (25542): A resource failed to call end. 
09-18 08:27:03.873 W/System  (25542): A resource failed to call end. 
09-18 08:27:03.873 W/System  (25542): A resource failed to call end. 
09-18 08:27:03.886 D/TrafficStats(25542): tagSocket(100) with statsTag=0xffffffff, statsUid=-1
09-18 08:27:03.941 W/AccessibilityManagerService( 1449):  wait for adding window timeout: 5573
09-18 08:27:03.946 W/AccessibilityWindowsPopulator( 1449): Windows change within in 2 frames continuously over 500 ms and notify windows changed immediately
09-18 08:27:04.161 D/RecentsView(21117): finishRecentsAnimation - mRecentsAnimationController: com.android.quickstep.RecentsAnimationController@313fda4
09-18 08:27:04.161 D/RecentsView(21117): cleanupRemoteTargets
09-18 08:27:04.161 D/RecentsView(21117): cleanupRemoteTargets
09-18 08:27:04.162 V/ShellRecents( 1984): [7957029] RecentsController.finishInner: toHome=false userLeave=false willFinishToHome=false state=0
09-18 08:27:04.162 V/ShellRecents( 1984):   returning to app
09-18 08:27:04.162 V/ShellRecents( 1984): [7957029] RecentsController.cleanup
09-18 08:27:04.162 V/WindowManagerShell( 1984): Transition animation finished (aborted=false), notifying core (#4540) android.os.BinderProxy@fa7a7fa@0
09-18 08:27:04.167 V/WindowManager( 1449): Finish Transition (#4540): created at 09-18 08:27:03.422 collect-started=0.134ms started=0.226ms ready=3.357ms sent=25.456ms finished=744.722ms
09-18 08:27:04.167 V/WindowManager( 1449): Loading animations: layout params pkg=com.google.android.apps.nexuslauncher resId=0x10302fc
09-18 08:27:04.167 V/WindowManager( 1449): Loading animations: picked package=android
09-18 08:27:04.167 V/WindowManager( 1449): Loading animations: layout params pkg=com.google.android.apps.nexuslauncher resId=0x10302fc
09-18 08:27:04.168 V/WindowManager( 1449): Loading animations: picked package=android
09-18 08:27:04.168 D/VRI[0 fl=}](29310): visibilityChanged oldVisibility=true newVisibility=false
09-18 08:27:04.169 V/WindowManagerShell( 1984): Track 0 became idle
09-18 08:27:04.169 V/WindowManagerShell( 1984): All active transition animations finished
09-18 08:27:04.169 V/ShellRecents( 1984): [7957029] RecentsController.finishInner: calling finish callback
09-18 08:27:04.175 W/UserManagerService( 1449): Requested status bar icon for non-badged user 0
09-18 08:27:04.178 W/UserManagerService( 1449): Requested status bar icon for non-badged user 0
09-18 08:27:04.178 W/SplitSelectStateCtor(21117): Missing session instanceIds
09-18 08:27:04.178 D/StatsLog(21117): LAUNCHER_SPLIT_SELECTION_EXIT_INTERRUPTED
09-18 08:27:04.180 D/WindowManagerShell( 1984): setLauncherKeepClearAreaHeight: visible=false, height=527
09-18 08:27:04.181 D/VRI[NexusLauncherActivity](21117): visibilityChanged oldVisibility=true newVisibility=false
09-18 08:27:04.182 I/ImeTracker( 1449): com.zebra.soho_app:17e6d299: onRequestHide at ORIGIN_SERVER reason HIDE_SAME_WINDOW_FOCUSED_WITHOUT_EDITOR fromUser false
09-18 08:27:04.182 I/ImeTracker( 1449): com.zebra.soho_app:17e6d299: onCancelled at PHASE_SERVER_SHOULD_HIDE
09-18 08:27:04.182 D/NexusLauncherModelDelegate(21117): notifySmartspaceEvent: SmartspaceTargetEvent{mSmartspaceTarget=null, mSmartspaceActionId='null', mEventType=7}
09-18 08:27:04.192 D/TrafficStats(17761): tagSocket(98) with statsTag=0xffffffff, statsUid=-1
09-18 08:27:04.193 E/NIO     (17761): wtf
09-18 08:27:04.193 E/NIO     (17761): java.net.BindException: Address already in use
09-18 08:27:04.193 E/NIO     (17761): 	at sun.nio.ch.Net.bind0(Native Method)
09-18 08:27:04.193 E/NIO     (17761): 	at sun.nio.ch.Net.bind(Net.java:442)
09-18 08:27:04.193 E/NIO     (17761): 	at sun.nio.ch.Net.bind(Net.java:434)
09-18 08:27:04.193 E/NIO     (17761): 	at sun.nio.ch.ServerSocketChannelImpl.bind(ServerSocketChannelImpl.java:223)
09-18 08:27:04.193 E/NIO     (17761): 	at sun.nio.ch.ServerSocketAdaptor.bind(ServerSocketAdaptor.java:74)
09-18 08:27:04.193 E/NIO     (17761): 	at sun.nio.ch.ServerSocketAdaptor.bind(ServerSocketAdaptor.java:67)
09-18 08:27:04.193 E/NIO     (17761): 	at com.koushikdutta.async.AsyncServer$5.run(AsyncServer.java:316)
09-18 08:27:04.193 E/NIO     (17761): 	at com.koushikdutta.async.AsyncServer$3.run(AsyncServer.java:211)
09-18 08:27:04.193 E/NIO     (17761): 	at com.koushikdutta.async.AsyncServer.lockAndRunQueue(AsyncServer.java:740)
09-18 08:27:04.193 E/NIO     (17761): 	at com.koushikdutta.async.AsyncServer.runLoop(AsyncServer.java:758)
09-18 08:27:04.193 E/NIO     (17761): 	at com.koushikdutta.async.AsyncServer.run(AsyncServer.java:658)
09-18 08:27:04.193 E/NIO     (17761): 	at com.koushikdutta.async.AsyncServer.access$800(AsyncServer.java:44)
09-18 08:27:04.193 E/NIO     (17761): 	at com.koushikdutta.async.AsyncServer$14.run(AsyncServer.java:600)
09-18 08:27:04.197 D/StateManager(21117): goToState - fromState: Overview, toState: Normal, partial trace:
09-18 08:27:04.197 D/StateManager(21117): 	at com.android.launcher3.statemanager.StateManager.moveToRestState(go/retraceme 229ef009c6bb3615beda05b6414f9bc22e9f7450b41c1b7d8db7ad832ef90083:4)
09-18 08:27:04.197 D/StateManager(21117): 	at com.android.launcher3.statemanager.StateManager.moveToRestState(go/retraceme 229ef009c6bb3615beda05b6414f9bc22e9f7450b41c1b7d8db7ad832ef90083:1)
09-18 08:27:04.197 D/RecentsView(21117): finishRecentsAnimation - mRecentsAnimationController: null
09-18 08:27:04.197 D/RecentsView(21117): cleanupRemoteTargets
09-18 08:27:04.199 D/BaseDepthController(21117): setSurface:
09-18 08:27:04.199 D/BaseDepthController(21117): 	mWaitingOnSurfaceValidity: false
09-18 08:27:04.199 D/BaseDepthController(21117): 	mSurface: null
09-18 08:27:04.199 D/BaseDepthController(21117): mSurface is null and mCurrentBlur is: 23
09-18 08:27:04.199 D/StateManager(21117): goToState - fromState: Overview, toState: Normal, partial trace:
09-18 08:27:04.199 D/StateManager(21117): 	at com.android.launcher3.statemanager.StateManager.moveToRestState(go/retraceme 229ef009c6bb3615beda05b6414f9bc22e9f7450b41c1b7d8db7ad832ef90083:4)
09-18 08:27:04.199 D/StateManager(21117): 	at com.android.launcher3.statemanager.StateManager.moveToRestState(go/retraceme 229ef009c6bb3615beda05b6414f9bc22e9f7450b41c1b7d8db7ad832ef90083:1)
09-18 08:27:04.199 D/StateManager(21117): cancelAnimation - with ongoing animation
09-18 08:27:04.200 D/RecentsView(21117): reset - mEnableDrawingLiveTile: true, mRecentsAnimationController: null
09-18 08:27:04.200 D/StateManager(21117): onStateTransitionStart - state: Normal
09-18 08:27:04.201 D/usf_sensor_hal(  923): accelerometer: Enter Batch. period = 200000000, latency = 2000000000.
09-18 08:27:04.202 D/BaseDepthController(21117): mSurface is null and mCurrentBlur is: 23
09-18 08:27:04.202 D/AOC     ( 1139): A3:MSG: usf_sensor.cc, 2189: USF: Received reconfig sampling request for LSM6DSV Accelerometer.
09-18 08:27:04.202 D/usf_sensor_hal(  923): IMU temperature: Enter Batch. period = 533334000, latency = 2000000000.
09-18 08:27:04.204 D/StateManager(21117): onStateTransitionEnd - state: Normal
09-18 08:27:04.204 D/RecentsView(21117): reset - mEnableDrawingLiveTile: false, mRecentsAnimationController: null
09-18 08:27:04.204 I/AiAiSuggestUi(21117): Clearing suggestions.
09-18 08:27:04.204 I/AiAiSuggestUi(21117): Clearing suggestions.
09-18 08:27:04.206 D/StatsLog(21117): LAUNCHER_ONSTOP
09-18 08:27:04.207 I/A       (29310): onPause
09-18 08:27:04.207 D/GmsPlayProvider(21117): Shut down the binder channel
09-18 08:27:04.207 D/AOC     ( 1139): A3:MSG: usf_sensor.cc, 2189: USF: Received reconfig sampling request for LSM6DSV Temperature.
09-18 08:27:04.207 D/StatsLog(21117): LAUNCHER_GOOGLE_SEARCH_RESTORE_LIST_SIZE_AFTER_ACTIVITY_RESTART
09-18 08:27:04.208 I/A       (29310): onStop
09-18 08:27:04.209 D/b/321291049(21117): updateSplitButtonHiddenFlags called with flag: 1 enabled: true shouldBeVisible: false partial trace: 
09-18 08:27:04.209 D/b/321291049(21117): 	at com.android.quickstep.views.OverviewActionsView.updateSplitButtonHiddenFlags(go/retraceme 229ef009c6bb3615beda05b6414f9bc22e9f7450b41c1b7d8db7ad832ef90083:56)
09-18 08:27:04.209 D/b/321291049(21117): 	at com.android.quickstep.views.RecentsView.updateCurrentTaskActionsVisibility(go/retraceme 229ef009c6bb3615beda05b6414f9bc22e9f7450b41c1b7d8db7ad832ef90083:37)
09-18 08:27:04.209 D/b/321291049(21117): 	at com.android.quickstep.views.RecentsView.notifyPageSwitchListener(go/retraceme 229ef009c6bb3615beda05b6414f9bc22e9f7450b41c1b7d8db7ad832ef90083:4)
09-18 08:27:04.209 D/b/321291049(21117): 	at com.android.launcher3.PagedView.setCurrentPage(go/retraceme 229ef009c6bb3615beda05b6414f9bc22e9f7450b41c1b7d8db7ad832ef90083:9)
09-18 08:27:04.209 W/FrameTracker(21117): Missing HWUI jank callback for vsyncId: 380286774, CUJ=J<LAUNCHER_APP_SWIPE_TO_RECENTS>
09-18 08:27:04.209 W/FrameTracker(21117): Missing HWUI jank callback for vsyncId: 380286796, CUJ=J<LAUNCHER_APP_SWIPE_TO_RECENTS>
09-18 08:27:04.210 D/b/321291049(21117): updateSplitButtonHiddenFlags called with flag: 1 enabled: true shouldBeVisible: false partial trace: 
09-18 08:27:04.210 D/b/321291049(21117): 	at com.android.quickstep.views.OverviewActionsView.updateSplitButtonHiddenFlags(go/retraceme 229ef009c6bb3615beda05b6414f9bc22e9f7450b41c1b7d8db7ad832ef90083:56)
09-18 08:27:04.210 D/b/321291049(21117): 	at com.android.quickstep.views.RecentsView.updateCurrentTaskActionsVisibility(go/retraceme 229ef009c6bb3615beda05b6414f9bc22e9f7450b41c1b7d8db7ad832ef90083:37)
09-18 08:27:04.210 D/b/321291049(21117): 	at com.android.quickstep.views.RecentsView.notifyPageSwitchListener(go/retraceme 229ef009c6bb3615beda05b6414f9bc22e9f7450b41c1b7d8db7ad832ef90083:4)
09-18 08:27:04.210 D/b/321291049(21117): 	at com.android.launcher3.PagedView.setCurrentPage(go/retraceme 229ef009c6bb3615beda05b6414f9bc22e9f7450b41c1b7d8db7ad832ef90083:9)
09-18 08:27:04.275 D/TrafficStats(25542): tagSocket(101) with statsTag=0xffffffff, statsUid=-1
09-18 08:27:04.279 I/System.out(25542): {"id":"cff5ce47-89f1-4832-9a56-6a7a1107d8b6","uri":"poco-uiautomation-framework","method":[["getattr","selector"],["getattr","select"],["call",[["",["and",[["attr=",["name","Home"]]]]],["",false]]]],"session_id":"6404e7dd-be7f-480f-8f22-75e7238f0a78"}
09-18 08:27:04.624 I/bthal.activity(  881): bt_power: LeAdvStat: 08:27:03:621 - 08:27:04:624, duration: 1002, le_adv_count: 2, total_le_adv_count: 1471699, total_event_count: 2
09-18 08:27:04.686 W/QueryController(25542): Could not detect idle state.
09-18 08:27:04.686 W/QueryController(25542): Could not detect idle state.
09-18 08:27:04.687 W/QueryController(25542): Could not detect idle state.
09-18 08:27:04.688 W/QueryController(25542): Could not detect idle state.
09-18 08:27:04.688 W/QueryController(25542): Could not detect idle state.
09-18 08:27:04.693 W/QueryController(25542): Could not detect idle state.
09-18 08:27:04.693 W/AccessibilityManagerService( 1449):  wait for adding window timeout: 5569
09-18 08:27:05.831 D/TrafficStats(25542): tagSocket(5) with statsTag=0xffffffff, statsUid=-1
09-18 08:27:05.839 D/TrafficStats(25542): tagSocket(96) with statsTag=0xffffffff, statsUid=-1
09-18 08:27:05.848 D/TrafficStats(25542): tagSocket(97) with statsTag=0xffffffff, statsUid=-1
09-18 08:27:05.861 D/TrafficStats(25542): tagSocket(98) with statsTag=0xffffffff, statsUid=-1
09-18 08:27:05.864 D/TrafficStats(25542): tagSocket(99) with statsTag=0xffffffff, statsUid=-1
09-18 08:27:05.878 D/TrafficStats(25542): tagSocket(100) with statsTag=0xffffffff, statsUid=-1
09-18 08:27:06.063 I/bthal.activity(  881): bt_power: LeAdvStat: 08:27:05:061 - 08:27:06:063, duration: 1002, le_adv_count: 2, total_le_adv_count: 1471701, total_event_count: 2
09-18 08:27:06.198 I/WifiHAL (  959): Creating message to get link statistics; iface = 48
09-18 08:27:06.253 I/WifiHAL (  959): In GetLinkStatsCommand::handleResponse
09-18 08:27:06.257 D/TrafficStats(25542): tagSocket(5) with statsTag=0xffffffff, statsUid=-1
09-18 08:27:06.270 I/System.out(25542): {"id":"fac9b0c1-00ee-42ba-b2a1-096d4c31eb0c","uri":"poco-uiautomation-framework","method":[["getattr","selector"],["getattr","select"],["call",[["",["and",[["attr=",["name","Home"]]]]],["",false]]]],"session_id":"6404e7dd-be7f-480f-8f22-75e7238f0a78"}
09-18 08:27:06.303 D/IwlanNetworkService( 2649): onCapabilitiesChanged: 171
09-18 08:27:06.305 D/IwlanDataService( 2649): onCapabilitiesChanged: 171 [ Transports: WIFI Capabilities: NOT_METERED&INTERNET&NOT_RESTRICTED&TRUSTED&NOT_VPN&VALIDATED&NOT_ROAMING&FOREGROUND&NOT_CONGESTED&NOT_SUSPENDED&NOT_VCN_MANAGED LinkUpBandwidth>=12000Kbps LinkDnBandwidth>=60000Kbps TransportInfo: <SSID: <unknown ssid>, BSSID: 02:00:00:00:00:00, MAC: 02:00:00:00:00:00, IP: /10.117.202.136, Security type: 0, Supplicant state: COMPLETED, Wi-Fi standard: 6, RSSI: -66, Link speed: 286Mbps, Tx Link speed: 286Mbps, Max Supported Tx Link speed: 286Mbps, Rx Link speed: 162Mbps, Max Supported Rx Link speed: 286Mbps, Frequency: 5240MHz, Net ID: -1, Metered hint: false, score: 60, isUsable: true, CarrierMerged: false, SubscriptionId: -1, IsPrimary: 1, Trusted: true, Restricted: false, Ephemeral: false, OEM paid: false, OEM private: false, OSU AP: false, FQDN: <none>, Provider friendly name: <none>, Requesting package name: <none><none>MLO Information: , Is TID-To-Link negotiation supported by the AP: false, AP MLD Address: <none>, AP MLO Link Id: <none>, AP MLO Affiliated links: <none>> SignalStrength: -66 AdminUids: [10221] SSID: "ZGuest" UnderlyingNetworks: Null]
09-18 08:27:06.305 D/IwlanDataService( 2649): Network 171 connected using transport WIFI
09-18 08:27:06.305 D/IwlanNetworkStatusTracker( 2733): onCapabilitiesChanged: 171
09-18 08:27:06.305 D/IwlanNetworkStatusTracker( 2733): OnCapability : Wifi Available already true
09-18 08:27:06.309 D/DeviceStateHelper(19714): Wifi freq: 5240
09-18 08:27:06.310 I/BugleRcsEngine(19053): Connected state: [1], networkType: [WIFI] [CONTEXT thread_id=122 ]
09-18 08:27:06.310 I/BugleRcsEngine(19053): handleMessage processing message:[NOTIFY_UPTIME_IGNORE_STATE_CHANGED] with [non-null]:RcsEngineImpl reference [CONTEXT log_prefix="RcsEngineImpl[DUAL_REG]:[e87b795b-ace6]>Handler" thread_id=127 ]
09-18 08:27:06.311 E/PhoneInterfaceManager( 2403): getCarrierPrivilegeStatusForUid: Invalid subId
09-18 08:27:06.312 I/BugleRcsEngine(19053): RCS Configuration storage in Bugle is disabled by p/h flag, using ProvisioningEngineStateCacheUtil.getProvisioningConfigurationForGivenSimIfExist() [CONTEXT log_prefix="ProvisioningEngineDataRetriever" thread_id=127 ]
09-18 08:27:06.316 D/ActivityManager( 1449): sync unfroze 30161 com.google.android.apps.privacy.wildlife for 3
09-18 08:27:06.321 D/ConnectivityService( 1449): NetReassign [no changes] [c 0] [a 0] [i 1]
09-18 08:27:06.326 D/WM-NetworkStateTracker(29310): Network capabilities changed: [ Transports: WIFI Capabilities: NOT_METERED&INTERNET&NOT_RESTRICTED&TRUSTED&NOT_VPN&VALIDATED&NOT_ROAMING&FOREGROUND&NOT_CONGESTED&NOT_SUSPENDED&NOT_VCN_MANAGED LinkUpBandwidth>=12000Kbps LinkDnBandwidth>=60000Kbps TransportInfo: <SSID: <unknown ssid>, BSSID: 02:00:00:00:00:00, MAC: 02:00:00:00:00:00, IP: /10.117.202.136, Security type: 0, Supplicant state: COMPLETED, Wi-Fi standard: 6, RSSI: -66, Link speed: 286Mbps, Tx Link speed: 286Mbps, Max Supported Tx Link speed: 286Mbps, Rx Link speed: 162Mbps, Max Supported Rx Link speed: 286Mbps, Frequency: 5240MHz, Net ID: -1, Metered hint: false, score: 60, isUsable: true, CarrierMerged: false, SubscriptionId: -1, IsPrimary: -1, Trusted: true, Restricted: false, Ephemeral: false, OEM paid: false, OEM private: false, OSU AP: false, FQDN: <none>, Provider friendly name: <none>, Requesting package name: <none><none>MLO Information: , Is TID-To-Link negotiation supported by the AP: false, AP MLD Address: <none>, AP MLO Link Id: <none>, AP MLO Affiliated links: <none>> SignalStrength: -66 UnderlyingNetworks: Null]
09-18 08:27:06.335 I/Wildlife_WildlifeVpnReceiver(30161): ACTION_WIFI_STATE_CHANGED
09-18 08:27:06.346 I/Wildlife_WildlifeVpnManagerImpl(30161): toggleVpnByFeaturePreferences, -1, 1, -1, 1
09-18 08:27:06.346 I/Wildlife_WildlifeVpnManagerImpl(30161): handleFirstTimePromptNotification() Same network. Ignored.
09-18 08:27:06.347 I/Wildlife_WildlifeVpnManagerImpl(30161): restoreSettingsFromBackupIfNecessary() false, false, false
09-18 08:27:06.949 D/TrafficStats(25542): tagSocket(5) with statsTag=0xffffffff, statsUid=-1
09-18 08:27:06.955 D/TrafficStats(25542): tagSocket(96) with statsTag=0xffffffff, statsUid=-1
09-18 08:27:06.961 D/TrafficStats(25542): tagSocket(97) with statsTag=0xffffffff, statsUid=-1
09-18 08:27:06.963 D/TrafficStats(25542): tagSocket(98) with statsTag=0xffffffff, statsUid=-1
09-18 08:27:06.966 D/TrafficStats(25542): tagSocket(99) with statsTag=0xffffffff, statsUid=-1
09-18 08:27:06.971 D/TrafficStats(25542): tagSocket(100) with statsTag=0xffffffff, statsUid=-1
09-18 08:27:07.060 W/System  (25542): A resource failed to call end. 
09-18 08:27:07.060 W/System  (25542): A resource failed to call end. 
09-18 08:27:07.060 W/System  (25542): A resource failed to call end. 
09-18 08:27:07.060 W/System  (25542): A resource failed to call end. 
09-18 08:27:07.060 W/System  (25542): A resource failed to call end. 
09-18 08:27:07.060 W/System  (25542): A resource failed to call end. 
09-18 08:27:07.061 W/System  (25542): A resource failed to call end. 
09-18 08:27:07.061 W/System  (25542): A resource failed to call end. 
09-18 08:27:07.061 W/System  (25542): A resource failed to call end. 
09-18 08:27:07.061 W/System  (25542): A resource failed to call end. 
09-18 08:27:07.062 W/System  (25542): A resource failed to call end. 
09-18 08:27:07.062 W/System  (25542): A resource failed to call end. 
09-18 08:27:07.062 W/System  (25542): A resource failed to call end. 
09-18 08:27:07.062 W/System  (25542): A resource failed to call end. 
09-18 08:27:07.063 W/System  (25542): A resource failed to call end. 
09-18 08:27:07.063 W/System  (25542): A resource failed to call end. 
09-18 08:27:07.479 I/bthal.activity(  881): bt_power: LeAdvStat: 08:27:06:477 - 08:27:07:479, duration: 1001, le_adv_count: 2, total_le_adv_count: 1471703, total_event_count: 2
09-18 08:27:07.601 I/pixel-thermal( 1630): VIRTUAL-SKIN:30.4957 raw data: VIRTUAL-GNSS-DISP:30495.7 VIRTUAL-NEUTRAL-QUIET:28509.1 VIRTUAL-QUIET-USB2:27474 VIRTUAL-SKIN:30495.7 VIRTUAL-USB2-QUIET:27086.6 disp_therm:29190 gnss_tcxo_therm:32217 neutral_therm:29502 quiet_therm:28634 usb_pwr_therm2:29034 
09-18 08:27:07.603 D/TemperatureStateSource( 2221): getDeviceTemperatures: deviceTemperatureType=3 temperatureSource=0 temperatures=[30.49566]
09-18 08:27:07.604 D/BusinessScope( 2221): Start running the #362445 block
09-18 08:27:07.605 I/pixel-thermal( 1630): VIRTUAL-SKIN:30.4957 raw data: VIRTUAL-SKIN:30495.7 
09-18 08:27:07.606 I/TemperatureStateSource( 2221): temperature was set
09-18 08:27:07.607 D/BusinessScope( 2221): Finish running the #362445 block
09-18 08:27:07.614 W/statsd  (  868): StateTracker not found for state atom 805
09-18 08:27:07.614 W/statsd  (  868): StateTracker not found for state atom 854
09-18 08:27:07.621 D/BusinessScope( 2221): Start running the #362446 block
09-18 08:27:07.626 D/BusinessScope( 2221): Finish running the #362446 block
09-18 08:27:07.766 D/TrafficStats(25542): tagSocket(5) with statsTag=0xffffffff, statsUid=-1
09-18 08:27:07.779 I/System.out(25542): {"id":"9cbfaf7e-a711-4508-a08b-8b0026fcda8b","uri":"poco-uiautomation-framework","method":[["getattr","selector"],["getattr","select"],["call",[["",["and",[["attr=",["name","Home"]]]]],["",false]]]],"session_id":"6404e7dd-be7f-480f-8f22-75e7238f0a78"}
09-18 08:27:07.870 I/NearbyMediums(17809): This GATT advertisement BleAdvertisement { version=2, socketVersion=2, isFast=true, serviceIdHash=null, data=[ 0x23 0x51 0x4f 0x54 0x53 0x11 0x32 0xe0 0xba 0x86 0x37 0x4d 0x50 0x03 0x0e 0x4b 0x82 0x4d 0xa8 0xb3 0xf1 0x8a 0x61 ], deviceToken=[ 0x02 0x37 ], rxAdvertisement=null } is a Fast Advertisement and matched UUID 0000fef3-0000-1000-8000-00805f9b34fb in fastAdvertisementServiceUuids map with serviceID NearbySharing
09-18 08:27:07.874 I/NearbyConnections(17809): Found BleAdvertisement [ 0x23 0x51 0x4f 0x54 0x53 0x11 0x32 0xe0 0xba 0x86 0x37 0x4d 0x50 0x03 0x0e 0x4b 0x82 0x4d 0xa8 0xb3 0xf1 0x8a 0x61 ] (with EndpointId QOTS and EndpointInfo [ 0x32 0xe0 0xba 0x86 0x37 0x4d 0x50 0x03 0x0e 0x4b 0x82 0x4d 0xa8 0xb3 0xf1 0x8a 0x61 ])
09-18 08:27:07.875 I/NearbyConnections(17809): ClientProxy(18057172) reporting onEndpointFound(QOTS)
09-18 08:27:07.875 I/NearbyConnections(17809): ClientProxy(18057172) reporting onEndpointDistanceChanged(QOTS, UNKNOWN)
09-18 08:27:07.876 I/NearbyConnections(17809): No Bluetooth Classic MAC address found in [ 0x23 0x51 0x4f 0x54 0x53 0x11 0x32 0xe0 0xba 0x86 0x37 0x4d 0x50 0x03 0x0e 0x4b 0x82 0x4d 0xa8 0xb3 0xf1 0x8a 0x61 ]
09-18 08:27:07.877 I/NearbySharing(17809): Endpoint QOTS discovered over Nearby Connections
09-18 08:27:07.881 I/NearbySharing(17809): Failed to convert given advertisement (QOTS)[ 0x32 0xe0 0xba 0x86 0x37 0x4d 0x50 0x03 0x0e 0x4b 0x82 0x4d 0xa8 0xb3 0xf1 0x8a 0x61 ] to share target from discovered advertisement. Ignoring.
09-18 08:27:07.881 I/NearbySharing(17809): Report endpoint QOTS as lost, since we cannot recognize this endpoint anymore
09-18 08:27:07.882 I/NearbySharing(17809): Ignoring lost endpoint QOTS because we don't have an associated ShareTarget
09-18 08:27:08.015 D/TrafficStats(25542): tagSocket(5) with statsTag=0xffffffff, statsUid=-1
09-18 08:27:08.025 D/TrafficStats(25542): tagSocket(96) with statsTag=0xffffffff, statsUid=-1
09-18 08:27:08.050 D/TrafficStats(25542): tagSocket(97) with statsTag=0xffffffff, statsUid=-1
09-18 08:27:08.059 D/TrafficStats(25542): tagSocket(98) with statsTag=0xffffffff, statsUid=-1
09-18 08:27:08.063 D/TrafficStats(25542): tagSocket(99) with statsTag=0xffffffff, statsUid=-1
09-18 08:27:08.069 D/TrafficStats(25542): tagSocket(100) with statsTag=0xffffffff, statsUid=-1
09-18 08:27:08.911 I/bthal.activity(  881): bt_power: LeAdvStat: 08:27:07:858 - 08:27:08:910, duration: 1051, le_adv_count: 4, total_le_adv_count: 1471707, total_event_count: 4
09-18 08:27:09.105 D/TrafficStats(25542): tagSocket(5) with statsTag=0xffffffff, statsUid=-1
09-18 08:27:09.117 D/TrafficStats(25542): tagSocket(96) with statsTag=0xffffffff, statsUid=-1
09-18 08:27:09.127 D/TrafficStats(25542): tagSocket(97) with statsTag=0xffffffff, statsUid=-1
09-18 08:27:09.136 D/TrafficStats(25542): tagSocket(98) with statsTag=0xffffffff, statsUid=-1
09-18 08:27:09.141 D/TrafficStats(25542): tagSocket(99) with statsTag=0xffffffff, statsUid=-1
09-18 08:27:09.157 D/TrafficStats(25542): tagSocket(100) with statsTag=0xffffffff, statsUid=-1
09-18 08:27:09.279 D/TrafficStats(25542): tagSocket(5) with statsTag=0xffffffff, statsUid=-1
09-18 08:27:09.286 I/System.out(25542): {"id":"cdf67406-1b61-4aa8-8f76-c6ca085f81a5","uri":"poco-uiautomation-framework","method":[["getattr","selector"],["getattr","select"],["call",[["",["and",[["attr=",["name","Home"]]]]],["",false]]]],"session_id":"6404e7dd-be7f-480f-8f22-75e7238f0a78"}
09-18 08:27:09.293 I/WifiHAL (  959): Creating message to get link statistics; iface = 48
09-18 08:27:09.344 I/WifiHAL (  959): In GetLinkStatsCommand::handleResponse
09-18 08:27:09.388 D/ConnectivityService( 1449): NetReassign [no changes] [c 0] [a 0] [i 3]
09-18 08:27:10.187 D/TrafficStats(25542): tagSocket(5) with statsTag=0xffffffff, statsUid=-1
09-18 08:27:10.228 D/TrafficStats(25542): tagSocket(96) with statsTag=0xffffffff, statsUid=-1
09-18 08:27:10.233 D/TrafficStats(25542): tagSocket(97) with statsTag=0xffffffff, statsUid=-1
09-18 08:27:10.239 D/TrafficStats(25542): tagSocket(98) with statsTag=0xffffffff, statsUid=-1
09-18 08:27:10.244 D/TrafficStats(25542): tagSocket(99) with statsTag=0xffffffff, statsUid=-1
09-18 08:27:10.256 D/TrafficStats(25542): tagSocket(100) with statsTag=0xffffffff, statsUid=-1
09-18 08:27:10.343 W/System  (25542): A resource failed to call end. 
09-18 08:27:10.343 W/System  (25542): A resource failed to call end. 
09-18 08:27:10.344 W/System  (25542): A resource failed to call end. 
09-18 08:27:10.344 W/System  (25542): A resource failed to call end. 
09-18 08:27:10.344 W/System  (25542): A resource failed to call end. 
09-18 08:27:10.344 W/System  (25542): A resource failed to call end. 
09-18 08:27:10.345 I/bthal.activity(  881): bt_power: LeAdvStat: 08:27:09:343 - 08:27:10:345, duration: 1001, le_adv_count: 2, total_le_adv_count: 1471709, total_event_count: 2
09-18 08:27:10.345 W/System  (25542): A resource failed to call end. 
09-18 08:27:10.345 W/System  (25542): A resource failed to call end. 
09-18 08:27:10.346 W/System  (25542): A resource failed to call end. 
09-18 08:27:10.346 W/System  (25542): A resource failed to call end. 
09-18 08:27:10.346 W/System  (25542): A resource failed to call end. 
09-18 08:27:10.346 W/System  (25542): A resource failed to call end. 
09-18 08:27:10.347 W/System  (25542): A resource failed to call end. 
09-18 08:27:10.347 W/System  (25542): A resource failed to call end. 
09-18 08:27:10.347 W/System  (25542): A resource failed to call end. 
09-18 08:27:10.347 W/System  (25542): A resource failed to call end. 
09-18 08:27:10.348 W/System  (25542): A resource failed to call end. 
09-18 08:27:10.349 W/System  (25542): A resource failed to call end. 
09-18 08:27:10.350 W/System  (25542): A resource failed to call end. 
09-18 08:27:10.350 W/System  (25542): A resource failed to call end. 
09-18 08:27:10.350 W/System  (25542): A resource failed to call end. 
09-18 08:27:10.350 W/System  (25542): A resource failed to call end. 
09-18 08:27:10.350 W/System  (25542): A resource failed to call end. 
09-18 08:27:10.791 D/TrafficStats(25542): tagSocket(5) with statsTag=0xffffffff, statsUid=-1
09-18 08:27:10.803 I/System.out(25542): {"id":"4fe2277c-8de6-4d36-b2c6-3c4a7e5cb5c6","uri":"poco-uiautomation-framework","method":[["getattr","selector"],["getattr","select"],["call",[["",["and",[["attr=",["name","Home"]]]]],["",false]]]],"session_id":"6404e7dd-be7f-480f-8f22-75e7238f0a78"}
09-18 08:27:11.274 D/TrafficStats(25542): tagSocket(5) with statsTag=0xffffffff, statsUid=-1
09-18 08:27:11.296 I/NearbyMediums(17809): Found Fast Ble Advertisements :
09-18 08:27:11.296 I/NearbyMediums(17809): BleAdvertisement { version=2, socketVersion=2, isFast=true, serviceIdHash=null, data=[ 0x23 0x43 0x50 0x38 0x31 0x11 0x32 0x76 0x1f 0x73 0x0a 0x5c 0xfb 0x8f 0xb3 0x03 0x8e 0xeb 0xa3 0x78 0x08 0xe7 0xab ], deviceToken=[ 0xb9 0xc2 ], rxAdvertisement=null } : 5 times.
09-18 08:27:11.296 I/NearbyMediums(17809): Total 5 fast advertisements.
09-18 08:27:11.305 D/TrafficStats(25542): tagSocket(96) with statsTag=0xffffffff, statsUid=-1
09-18 08:27:11.310 D/TrafficStats(25542): tagSocket(97) with statsTag=0xffffffff, statsUid=-1
09-18 08:27:11.325 D/TrafficStats(25542): tagSocket(5) with statsTag=0xffffffff, statsUid=-1
09-18 08:27:11.329 D/TrafficStats(25542): tagSocket(98) with statsTag=0xffffffff, statsUid=-1
09-18 08:27:11.333 D/TrafficStats(25542): tagSocket(99) with statsTag=0xffffffff, statsUid=-1
09-18 08:27:11.772 I/bthal.activity(  881): bt_power: LeAdvStat: 08:27:10:770 - 08:27:11:771, duration: 1000, le_adv_count: 1, total_le_adv_count: 1471710, total_event_count: 1
09-18 08:27:12.296 D/TrafficStats(25542): tagSocket(5) with statsTag=0xffffffff, statsUid=-1
09-18 08:27:12.309 I/System.out(25542): {"id":"63fcb1f0-e94f-4052-8763-cd73af54f891","uri":"poco-uiautomation-framework","method":[["getattr","selector"],["getattr","select"],["call",[["",["and",[["attr=",["name","Home"]]]]],["",false]]]],"session_id":"6404e7dd-be7f-480f-8f22-75e7238f0a78"}
09-18 08:27:12.319 D/TrafficStats(25542): tagSocket(96) with statsTag=0xffffffff, statsUid=-1
09-18 08:27:12.385 I/WifiHAL (  959): Creating message to get link statistics; iface = 48
09-18 08:27:12.387 D/TrafficStats(25542): tagSocket(5) with statsTag=0xffffffff, statsUid=-1
09-18 08:27:12.395 D/TrafficStats(25542): tagSocket(97) with statsTag=0xffffffff, statsUid=-1
09-18 08:27:12.403 D/TrafficStats(25542): tagSocket(98) with statsTag=0xffffffff, statsUid=-1
09-18 08:27:12.405 D/TrafficStats(25542): tagSocket(96) with statsTag=0xffffffff, statsUid=-1
09-18 08:27:12.406 D/TrafficStats(25542): tagSocket(99) with statsTag=0xffffffff, statsUid=-1
09-18 08:27:12.435 I/WifiHAL (  959): In GetLinkStatsCommand::handleResponse
09-18 08:27:12.464 D/IwlanDataService( 2649): onCapabilitiesChanged: 171 [ Transports: WIFI Capabilities: NOT_METERED&INTERNET&NOT_RESTRICTED&TRUSTED&NOT_VPN&VALIDATED&NOT_ROAMING&FOREGROUND&NOT_CONGESTED&NOT_SUSPENDED&NOT_VCN_MANAGED LinkUpBandwidth>=12000Kbps LinkDnBandwidth>=30000Kbps TransportInfo: <SSID: <unknown ssid>, BSSID: 02:00:00:00:00:00, MAC: 02:00:00:00:00:00, IP: /10.117.202.136, Security type: 0, Supplicant state: COMPLETED, Wi-Fi standard: 6, RSSI: -67, Link speed: 286Mbps, Tx Link speed: 286Mbps, Max Supported Tx Link speed: 286Mbps, Rx Link speed: 162Mbps, Max Supported Rx Link speed: 286Mbps, Frequency: 5240MHz, Net ID: -1, Metered hint: false, score: 60, isUsable: true, CarrierMerged: false, SubscriptionId: -1, IsPrimary: 1, Trusted: true, Restricted: false, Ephemeral: false, OEM paid: false, OEM private: false, OSU AP: false, FQDN: <none>, Provider friendly name: <none>, Requesting package name: <none><none>MLO Information: , Is TID-To-Link negotiation supported by the AP: false, AP MLD Address: <none>, AP MLO Link Id: <none>, AP MLO Affiliated links: <none>> SignalStrength: -67 AdminUids: [10221] SSID: "ZGuest" UnderlyingNetworks: Null]
09-18 08:27:12.464 D/IwlanDataService( 2649): Network 171 connected using transport WIFI
09-18 08:27:12.465 D/IwlanNetworkService( 2649): onCapabilitiesChanged: 171
09-18 08:27:12.466 D/IwlanNetworkStatusTracker( 2733): onCapabilitiesChanged: 171
09-18 08:27:12.466 D/IwlanNetworkStatusTracker( 2733): OnCapability : Wifi Available already true
09-18 08:27:12.467 D/DeviceStateHelper(19714): Wifi freq: 5240
09-18 08:27:12.467 I/BugleRcsEngine(19053): Connected state: [1], networkType: [WIFI] [CONTEXT thread_id=122 ]
09-18 08:27:12.467 I/BugleRcsEngine(19053): handleMessage processing message:[NOTIFY_UPTIME_IGNORE_STATE_CHANGED] with [non-null]:RcsEngineImpl reference [CONTEXT log_prefix="RcsEngineImpl[DUAL_REG]:[e87b795b-ace6]>Handler" thread_id=127 ]
09-18 08:27:12.470 E/PhoneInterfaceManager( 2403): getCarrierPrivilegeStatusForUid: Invalid subId
09-18 08:27:12.471 I/BugleRcsEngine(19053): RCS Configuration storage in Bugle is disabled by p/h flag, using ProvisioningEngineStateCacheUtil.getProvisioningConfigurationForGivenSimIfExist() [CONTEXT log_prefix="ProvisioningEngineDataRetriever" thread_id=127 ]
09-18 08:27:12.480 W/ProcessStats( 1449): Tracking association SourceState{4cbe64b system/1000 BFgs #1862530} whose proc state 4 is better than process ProcessState{3fe1828 com.google.android.googlequicksearchbox:interactor/10165 pkg=com.google.android.googlequicksearchbox} proc state 14 (794 skipped)
09-18 08:27:12.480 I/Wildlife_WildlifeVpnReceiver(30161): ACTION_WIFI_STATE_CHANGED
09-18 08:27:12.479 D/WM-NetworkStateTracker(29310): Network capabilities changed: [ Transports: WIFI Capabilities: NOT_METERED&INTERNET&NOT_RESTRICTED&TRUSTED&NOT_VPN&VALIDATED&NOT_ROAMING&FOREGROUND&NOT_CONGESTED&NOT_SUSPENDED&NOT_VCN_MANAGED LinkUpBandwidth>=12000Kbps LinkDnBandwidth>=30000Kbps TransportInfo: <SSID: <unknown ssid>, BSSID: 02:00:00:00:00:00, MAC: 02:00:00:00:00:00, IP: /10.117.202.136, Security type: 0, Supplicant state: COMPLETED, Wi-Fi standard: 6, RSSI: -67, Link speed: 286Mbps, Tx Link speed: 286Mbps, Max Supported Tx Link speed: 286Mbps, Rx Link speed: 162Mbps, Max Supported Rx Link speed: 286Mbps, Frequency: 5240MHz, Net ID: -1, Metered hint: false, score: 60, isUsable: true, CarrierMerged: false, SubscriptionId: -1, IsPrimary: -1, Trusted: true, Restricted: false, Ephemeral: false, OEM paid: false, OEM private: false, OSU AP: false, FQDN: <none>, Provider friendly name: <none>, Requesting package name: <none><none>MLO Information: , Is TID-To-Link negotiation supported by the AP: false, AP MLD Address: <none>, AP MLO Link Id: <none>, AP MLO Affiliated links: <none>> SignalStrength: -67 UnderlyingNetworks: Null]
09-18 08:27:12.482 D/ConnectivityService( 1449): NetReassign [no changes] [c 0] [a 0] [i 2]
09-18 08:27:12.492 I/Wildlife_WildlifeVpnManagerImpl(30161): toggleVpnByFeaturePreferences, -1, 1, -1, 1
09-18 08:27:12.492 I/Wildlife_WildlifeVpnManagerImpl(30161): handleFirstTimePromptNotification() Same network. Ignored.
09-18 08:27:12.492 I/Wildlife_WildlifeVpnManagerImpl(30161): restoreSettingsFromBackupIfNecessary() false, false, false
09-18 08:27:13.409 D/TrafficStats(25542): tagSocket(5) with statsTag=0xffffffff, statsUid=-1
09-18 08:27:13.471 D/TrafficStats(25542): tagSocket(96) with statsTag=0xffffffff, statsUid=-1
09-18 08:27:13.477 D/TrafficStats(25542): tagSocket(97) with statsTag=0xffffffff, statsUid=-1
09-18 08:27:13.478 D/TrafficStats(25542): tagSocket(98) with statsTag=0xffffffff, statsUid=-1
09-18 08:27:13.480 D/TrafficStats(25542): tagSocket(99) with statsTag=0xffffffff, statsUid=-1
09-18 08:27:13.483 D/TrafficStats(25542): tagSocket(100) with statsTag=0xffffffff, statsUid=-1
09-18 08:27:13.600 W/System  (25542): A resource failed to call end. 
09-18 08:27:13.600 W/System  (25542): A resource failed to call end. 
09-18 08:27:13.601 W/System  (25542): A resource failed to call end. 
09-18 08:27:13.601 W/System  (25542): A resource failed to call end. 
09-18 08:27:13.601 W/System  (25542): A resource failed to call end. 
09-18 08:27:13.601 W/System  (25542): A resource failed to call end. 
09-18 08:27:13.601 W/System  (25542): A resource failed to call end. 
09-18 08:27:13.602 W/System  (25542): A resource failed to call end. 
09-18 08:27:13.602 W/System  (25542): A resource failed to call end. 
09-18 08:27:13.602 W/System  (25542): A resource failed to call end. 
09-18 08:27:13.603 W/System  (25542): A resource failed to call end. 
09-18 08:27:13.603 W/System  (25542): A resource failed to call end. 
09-18 08:27:13.603 W/System  (25542): A resource failed to call end. 
09-18 08:27:13.603 W/System  (25542): A resource failed to call end. 
09-18 08:27:13.604 W/System  (25542): A resource failed to call end. 
09-18 08:27:13.605 W/System  (25542): A resource failed to call end. 
09-18 08:27:13.606 W/System  (25542): A resource failed to call end. 
09-18 08:27:13.607 W/System  (25542): A resource failed to call end. 
09-18 08:27:13.825 D/TrafficStats(25542): tagSocket(5) with statsTag=0xffffffff, statsUid=-1
