--------- beginning of main
10-09 19:30:29.542 D/TrafficStats(31959): tagSocket(5) with statsTag=0xffffffff, statsUid=-1
10-09 19:30:29.873 D/TrafficStats(31959): tagSocket(5) with statsTag=0xffffffff, statsUid=-1
10-09 19:30:29.947 I/pen.pocoservice(31959): Background concurrent mark compact GC freed 20MB AllocSpace bytes, 54(5544KB) LOS objects, 82% free, 5076KB/28MB, paused 728us,5.455ms total 47.612ms
10-09 19:30:30.100 D/TrafficStats(31959): tagSocket(5) with statsTag=0xffffffff, statsUid=-1
10-09 19:30:30.106 D/TrafficStats(31959): tagSocket(78) with statsTag=0xffffffff, statsUid=-1
10-09 19:30:30.153 D/TrafficStats(31959): tagSocket(79) with statsTag=0xffffffff, statsUid=-1
10-09 19:30:30.466 D/TrafficStats(31959): tagSocket(5) with statsTag=0xffffffff, statsUid=-1
10-09 19:30:30.664 D/TrafficStats(31959): tagSocket(5) with statsTag=0xffffffff, statsUid=-1
10-09 19:30:31.012 D/TrafficStats(31959): tagSocket(5) with statsTag=0xffffffff, statsUid=-1
10-09 19:30:31.270 D/TrafficStats(31959): tagSocket(5) with statsTag=0xffffffff, statsUid=-1
10-09 19:30:31.282 D/TrafficStats(31959): tagSocket(78) with statsTag=0xffffffff, statsUid=-1
10-09 19:30:31.310 D/TrafficStats(31959): tagSocket(79) with statsTag=0xffffffff, statsUid=-1
10-09 19:30:31.626 D/TrafficStats(31959): tagSocket(5) with statsTag=0xffffffff, statsUid=-1
10-09 19:30:31.847 D/TrafficStats(31959): tagSocket(5) with statsTag=0xffffffff, statsUid=-1
10-09 19:30:31.866 I/WifiHAL ( 1047): Creating message to get link statistics; iface = 47
10-09 19:30:31.915 I/WifiHAL ( 1047): In GetLinkStatsCommand::handleResponse
10-09 19:30:31.941 D/ConnectivityService( 1475): NetReassign [no changes] [c 0] [a 0] [i 0]
--------- beginning of system
10-09 19:30:32.060 W/WindowManager( 1475): removeWindowToken: Attempted to remove non-existing token: android.os.Binder@b950647
10-09 19:30:32.201 D/TrafficStats(31959): tagSocket(5) with statsTag=0xffffffff, statsUid=-1
10-09 19:30:32.363 I/ActivityManager( 1475): Force stopping com.zebra.soho_app appid=10452 user=0: from pid 32098
10-09 19:30:32.363 I/ActivityManager( 1475): Killing 25446:com.zebra.soho_app/u0a452 (adj 0): stop com.zebra.soho_app due to from pid 32098
10-09 19:30:32.366 W/ActivityTaskManager( 1475): Force removing ActivityRecord{ca42126 u0 com.zebra.soho_app/.MainActivity} t16351 f}}: app died, no saved state
10-09 19:30:32.370 W/InputManager-JNI( 1475): Input channel object 'e67f37a com.zebra.soho_app/com.zebra.soho_app.MainActivity (client)' was disposed without first being removed with the input manager!
10-09 19:30:32.376 I/libprocessgroup( 1475): Successfully killed process cgroup uid 10452 pid 25446 in 11ms
10-09 19:30:32.383 D/QuickstepModelDelegate( 2411): notifyAppTargetEvent action=1 launchLocation=workspace/0/[-1,-1]/[1,1]
10-09 19:30:32.383 D/CarrierSvcBindHelper( 2395): onHandleForceStop: [com.zebra.soho_app]
10-09 19:30:32.384 D/CarrierSvcBindHelper( 2395): No carrier app for: 0
10-09 19:30:32.391 V/WindowManager( 1475): Unknown focus tokens, dropping reportFocusChanged
10-09 19:30:32.397 I/A       ( 6407): onStart
10-09 19:30:32.399 D/CompatibilityChangeReporter( 1475): Compat change id reported: 161252188; UID 10127; state: DISABLED
10-09 19:30:32.401 I/A       ( 6407): onResume
10-09 19:30:32.401 D/CompatibilityChangeReporter( 1475): Compat change id reported: 168419799; UID 10127; state: DISABLED
10-09 19:30:32.401 D/CompatibilityChangeReporter( 1475): Compat change id reported: 273564678; UID 10127; state: DISABLED
10-09 19:30:32.407 D/RegisteredNfcFServicesCache( 3164): Service unchanged, not updating
10-09 19:30:32.408 D/SecureElementService( 2311): getReaders() for com.android.nfc
10-09 19:30:32.414 I/AiAiEcho( 3124): (REDACTED) Predicting[%d]: %s
10-09 19:30:32.414 I/AiAiEcho( 3124): (REDACTED) EchoTargets: %s
10-09 19:30:32.414 I/AiAiEcho( 3124): Filtered by AiAi flag check: %s
10-09 19:30:32.414 I/AiAiEcho( 3124): (REDACTED) Ranked targets strategy: %s, count: %d, ranking metadata: %s
10-09 19:30:32.414 I/AiAiEcho( 3124): (REDACTED) #weatherTwiddler: Weather removes SubtitleSupplementalItem in surface: %s
10-09 19:30:32.414 I/AiAiEcho( 3124): #remoteViewsTwiddler: feature disabled.
10-09 19:30:32.418 I/EuiccGoogle(30448): [2] EuiccServiceImpl.onCreate: onCreate Single-SIM mode: simCardState is 1
10-09 19:30:32.418 D/BoundBrokerSvc( 3179): onBind: Intent { act=com.google.android.gms.inappreach.service.START dat=chimera-action:/... cmp=com.google.android.gms/.chimera.GmsApiService }
10-09 19:30:32.418 D/BoundBrokerSvc( 3179): Loading bound service for intent: Intent { act=com.google.android.gms.inappreach.service.START dat=chimera-action:/... cmp=com.google.android.gms/.chimera.GmsApiService }
10-09 19:30:32.418 I/AiAiEcho( 3124): (REDACTED) #postPredictionTargets: Sending updates to UISurface %s with targets# %s (types=[%s])
10-09 19:30:32.419 D/SsBaseTemplateCard( 2411): No text view can be set up
10-09 19:30:32.419 D/SsBaseTemplateCard( 2411): Passed-in item info is null
10-09 19:30:32.419 D/SsBaseTemplateCard( 2411): Passed-in item info is null
10-09 19:30:32.419 I/SsBaseTemplateCard( 2411): Secondary card pane is null
10-09 19:30:32.425 I/EuiccGoogle(30448): [2] Partner.getResourceEntry$ar$ds$ar$class_merging$ar$class_merging: Partner app=com.google.android.euiccoverlay, Resource name=esim_supported_countries, type=string, partnerResId = 0
10-09 19:30:32.425 I/EuiccGoogle(30448): [2] Partner.getResourceEntry$ar$ds$ar$class_merging$ar$class_merging: Partner app=com.google.android.euiccoverlay, Resource name=esim_unsupported_countries, type=string, partnerResId = 2130903040
10-09 19:30:32.428 I/EuiccGoogle(30448): [209] EuiccServiceImpl.onGetEuiccProfileInfoList: onGetEuiccProfileInfoList: slotId = -1
10-09 19:30:32.430 D/CompatibilityChangeReporter( 1475): Compat change id reported: 202110963; UID 10127; state: ENABLED
10-09 19:30:32.430 I/EuiccGoogle(30448): [209] Partner.getResourceEntry$ar$ds$ar$class_merging$ar$class_merging: Partner app=com.google.android.euiccoverlay, Resource name=sim_slot_mappings_json, type=string, partnerResId = 2130903044
10-09 19:30:32.432 W/EuiccGoogle(30448): [209] EuiccServiceImpl.onGetEuiccProfileInfoList: slotId=-1. No eUICC is active. Return null.
10-09 19:30:32.439 I/GoogleInputMethodService(31583): GoogleInputMethodService.onFinishInputView():2383 
10-09 19:30:32.440 I/NgaExtension(31583): NgaExtension.onDeactivate():559 NgaExtension#onDeactivate [SDG]
10-09 19:30:32.445 I/GmsCoreXrpcWrapper( 3179): (REDACTED) Returning a channel provider with trafficStatsTag=%d trafficStatsUid=%d
10-09 19:30:32.445 W/NotificationCenter(31583): NotificationCenter.unregisterListener():469 Listener fdz@3ce0095 was not registered for notification class jom
10-09 19:30:32.446 I/A       ( 6407): (REDACTED) Handling KeyboardVisibilityEvent: %s [SD]
10-09 19:30:32.450 I/NgaVoiceInputHandler(31583): NgaVoiceInputHandler.onDeactivateIme():259 VoiceInputHandler:deactivating [SDG]
10-09 19:30:32.451 W/NotificationCenter(31583): NotificationCenter.unregisterListener():469 Listener kmm@a9fa276 was not registered for notification class kmn
10-09 19:30:32.452 W/TooltipLifecycleManager(31583): TooltipLifecycleManager.dismissTooltips():153 Tooltip with id spell_check_add_to_dictionary not found in tooltipManager.
10-09 19:30:32.456 I/NgaDataShareClient(31583): NgaDataShareClient.sendCorrectionsAndEndSession():377 endDataPushSession() [SDG]
10-09 19:30:32.456 I/NgaDataShareClient(31583): NgaDataShareClient.sendCorrectionsList():385 sendCorrectionsList() [SDG]
10-09 19:30:32.456 E/AuthPII ( 6357): [RequestTokenManager] getToken() -> BAD_AUTHENTICATION. App: com.google.android.gms, Service: oauth2:https://www.googleapis.com/auth/notifications 
10-09 19:30:32.456 E/AuthPII ( 6357): amgg: Long live credential not available.
10-09 19:30:32.456 E/AuthPII ( 6357): 	at tyf.a(:com.google.android.gms@243834029@24.38.34 (190400-681941525):998)
10-09 19:30:32.456 E/AuthPII ( 6357): 	at tyl.b(:com.google.android.gms@243834029@24.38.34 (190400-681941525):28)
10-09 19:30:32.456 E/AuthPII ( 6357): 	at tyj.a(:com.google.android.gms@243834029@24.38.34 (190400-681941525):605)
10-09 19:30:32.456 E/AuthPII ( 6357): 	at tyi.b(:com.google.android.gms@243834029@24.38.34 (190400-681941525):94)
10-09 19:30:32.456 E/AuthPII ( 6357): 	at nzx.e(:com.google.android.gms@243834029@24.38.34 (190400-681941525):224)
10-09 19:30:32.456 E/AuthPII ( 6357): 	at nzx.h(:com.google.android.gms@243834029@24.38.34 (190400-681941525):2)
10-09 19:30:32.456 E/AuthPII ( 6357): 	at nzx.fx(:com.google.android.gms@243834029@24.38.34 (190400-681941525):147)
10-09 19:30:32.456 E/AuthPII ( 6357): 	at ntw.onTransact(:com.google.android.gms@243834029@24.38.34 (190400-681941525):97)
10-09 19:30:32.456 E/AuthPII ( 6357): 	at android.os.Binder.transact(Binder.java:1164)
10-09 19:30:32.456 E/AuthPII ( 6357): 	at bkfj.onTransact(:com.google.android.gms@243834029@24.38.34 (190400-681941525):10)
10-09 19:30:32.456 E/AuthPII ( 6357): 	at android.os.Binder.transact(Binder.java:1164)
10-09 19:30:32.456 E/AuthPII ( 6357): 	at bbmn.onTransact(:com.google.android.gms@243834029@24.38.34 (190400-681941525):148)
10-09 19:30:32.456 E/AuthPII ( 6357): 	at android.os.Binder.execTransactInternal(Binder.java:1285)
10-09 19:30:32.456 E/AuthPII ( 6357): 	at android.os.Binder.execTransact(Binder.java:1244)
10-09 19:30:32.456 E/AuthPII ( 6357): Message is Long live credential not available.
10-09 19:30:32.456 E/AuthPII ( 6357): amgg: Long live credential not available.
10-09 19:30:32.456 E/AuthPII ( 6357): 	at tyf.a(:com.google.android.gms@243834029@24.38.34 (190400-681941525):998)
10-09 19:30:32.456 E/AuthPII ( 6357): 	at tyl.b(:com.google.android.gms@243834029@24.38.34 (190400-681941525):28)
10-09 19:30:32.456 E/AuthPII ( 6357): 	at tyj.a(:com.google.android.gms@243834029@24.38.34 (190400-681941525):605)
10-09 19:30:32.456 E/AuthPII ( 6357): 	at tyi.b(:com.google.android.gms@243834029@24.38.34 (190400-681941525):94)
10-09 19:30:32.456 E/AuthPII ( 6357): 	at nzx.e(:com.google.android.gms@243834029@24.38.34 (190400-681941525):224)
10-09 19:30:32.456 E/AuthPII ( 6357): 	at nzx.h(:com.google.android.gms@243834029@24.38.34 (190400-681941525):2)
10-09 19:30:32.456 E/AuthPII ( 6357): 	at nzx.fx(:com.google.android.gms@243834029@24.38.34 (190400-681941525):147)
10-09 19:30:32.456 E/AuthPII ( 6357): 	at ntw.onTransact(:com.google.android.gms@243834029@24.38.34 (190400-681941525):97)
10-09 19:30:32.456 E/AuthPII ( 6357): 	at android.os.Binder.transact(Binder.java:1164)
10-09 19:30:32.456 E/AuthPII ( 6357): 	at bkfj.onTransact(:com.google.android.gms@243834029@24.38.34 (190400-681941525):10)
10-09 19:30:32.456 E/AuthPII ( 6357): 	at android.os.Binder.transact(Binder.java:1164)
10-09 19:30:32.456 E/AuthPII ( 6357): 	at bbmn.onTransact(:com.google.android.gms@243834029@24.38.34 (190400-681941525):148)
10-09 19:30:32.456 E/AuthPII ( 6357): 	at android.os.Binder.execTransactInternal(Binder.java:1285)
10-09 19:30:32.456 E/AuthPII ( 6357): 	at android.os.Binder.execTransact(Binder.java:1244)
10-09 19:30:32.456 W/NgaDataShareClient(31583): NgaDataShareClient.getClientInfo():478 null TriggerApplicationId provided. [SDG]
10-09 19:30:32.456 W/Auth    ( 6357): [GetToken] GetToken failed with status code: BadAuthentication  [CONTEXT service_id=343 ]
10-09 19:30:32.457 W/NotificationCenter(31583): NotificationCenter.unregisterListener():469 Listener fes@f4f0523 was not registered for notification class jss
10-09 19:30:32.457 W/NotificationCenter(31583): NotificationCenter.unregisterListener():469 Listener fer@a823fd9 was not registered for notification class jom
10-09 19:30:32.460 I/InputBundle(31583): InputBundle.consumeEvent():908 Skip consuming an event as keyboard status is 0
10-09 19:30:32.462 I/AndroidIME(31583): AbstractIme.onDeactivate():203 LatinIme.onDeactivate()
10-09 19:30:32.462 I/A       ( 6407): shareCorrections()
10-09 19:30:32.462 W/Auth    ( 3179): [GoogleAuthUtil] [GoogleAuthUtil] error status:BAD_AUTHENTICATION with method:getTokenWithDetails
10-09 19:30:32.466 E/AuthPII ( 6357): [RequestTokenManager] getToken() -> BAD_AUTHENTICATION. App: com.google.android.gms, Service: oauth2:https://www.googleapis.com/auth/notifications 
10-09 19:30:32.466 E/AuthPII ( 6357): amgg: Long live credential not available.
10-09 19:30:32.466 E/AuthPII ( 6357): 	at tyf.a(:com.google.android.gms@243834029@24.38.34 (190400-681941525):998)
10-09 19:30:32.466 E/AuthPII ( 6357): 	at tyl.b(:com.google.android.gms@243834029@24.38.34 (190400-681941525):28)
10-09 19:30:32.466 E/AuthPII ( 6357): 	at tyj.a(:com.google.android.gms@243834029@24.38.34 (190400-681941525):605)
10-09 19:30:32.466 E/AuthPII ( 6357): 	at tyi.b(:com.google.android.gms@243834029@24.38.34 (190400-681941525):94)
10-09 19:30:32.466 E/AuthPII ( 6357): 	at nzx.e(:com.google.android.gms@243834029@24.38.34 (190400-681941525):224)
10-09 19:30:32.466 E/AuthPII ( 6357): 	at nzx.h(:com.google.android.gms@243834029@24.38.34 (190400-681941525):2)
10-09 19:30:32.466 E/AuthPII ( 6357): 	at nzx.fx(:com.google.android.gms@243834029@24.38.34 (190400-681941525):147)
10-09 19:30:32.466 E/AuthPII ( 6357): 	at ntw.onTransact(:com.google.android.gms@243834029@24.38.34 (190400-681941525):97)
10-09 19:30:32.466 E/AuthPII ( 6357): 	at android.os.Binder.transact(Binder.java:1164)
10-09 19:30:32.466 E/AuthPII ( 6357): 	at bkfj.onTransact(:com.google.android.gms@243834029@24.38.34 (190400-681941525):10)
10-09 19:30:32.466 E/AuthPII ( 6357): 	at android.os.Binder.transact(Binder.java:1164)
10-09 19:30:32.466 E/AuthPII ( 6357): 	at bbmn.onTransact(:com.google.android.gms@243834029@24.38.34 (190400-681941525):148)
10-09 19:30:32.466 E/AuthPII ( 6357): 	at android.os.Binder.execTransactInternal(Binder.java:1285)
10-09 19:30:32.466 E/AuthPII ( 6357): 	at android.os.Binder.execTransact(Binder.java:1244)
10-09 19:30:32.466 E/AuthPII ( 6357): Message is Long live credential not available.
10-09 19:30:32.466 E/AuthPII ( 6357): amgg: Long live credential not available.
10-09 19:30:32.466 E/AuthPII ( 6357): 	at tyf.a(:com.google.android.gms@243834029@24.38.34 (190400-681941525):998)
10-09 19:30:32.466 E/AuthPII ( 6357): 	at tyl.b(:com.google.android.gms@243834029@24.38.34 (190400-681941525):28)
10-09 19:30:32.466 E/AuthPII ( 6357): 	at tyj.a(:com.google.android.gms@243834029@24.38.34 (190400-681941525):605)
10-09 19:30:32.466 E/AuthPII ( 6357): 	at tyi.b(:com.google.android.gms@243834029@24.38.34 (190400-681941525):94)
10-09 19:30:32.466 E/AuthPII ( 6357): 	at nzx.e(:com.google.android.gms@243834029@24.38.34 (190400-681941525):224)
10-09 19:30:32.466 E/AuthPII ( 6357): 	at nzx.h(:com.google.android.gms@243834029@24.38.34 (190400-681941525):2)
10-09 19:30:32.466 E/AuthPII ( 6357): 	at nzx.fx(:com.google.android.gms@243834029@24.38.34 (190400-681941525):147)
10-09 19:30:32.466 E/AuthPII ( 6357): 	at ntw.onTransact(:com.google.android.gms@243834029@24.38.34 (190400-681941525):97)
10-09 19:30:32.466 E/AuthPII ( 6357): 	at android.os.Binder.transact(Binder.java:1164)
10-09 19:30:32.466 E/AuthPII ( 6357): 	at bkfj.onTransact(:com.google.android.gms@243834029@24.38.34 (190400-681941525):10)
10-09 19:30:32.466 E/AuthPII ( 6357): 	at android.os.Binder.transact(Binder.java:1164)
10-09 19:30:32.466 E/AuthPII ( 6357): 	at bbmn.onTransact(:com.google.android.gms@243834029@24.38.34 (190400-681941525):148)
10-09 19:30:32.466 E/AuthPII ( 6357): 	at android.os.Binder.execTransactInternal(Binder.java:1285)
10-09 19:30:32.466 E/AuthPII ( 6357): 	at android.os.Binder.execTransact(Binder.java:1244)
10-09 19:30:32.466 W/Auth    ( 6357): [GetToken] GetToken failed with status code: BadAuthentication  [CONTEXT service_id=343 ]
10-09 19:30:32.473 I/GoogleInputMethodService(31583): GoogleInputMethodService.onFinishInput():3122 
10-09 19:30:32.474 W/Auth    ( 3179): [GoogleAuthUtil] [GoogleAuthUtil] error status:BAD_AUTHENTICATION with method:getTokenWithDetails
10-09 19:30:32.476 W/biae    ( 3179): Failed fetching latest threads. [CONTEXT service_id=315 ]
10-09 19:30:32.476 W/biae    ( 3179): gjds: UNAUTHENTICATED
10-09 19:30:32.476 W/biae    ( 3179): 	at gjxh.b(:com.google.android.gms@243834029@24.38.34 (190400-681941525):162)
10-09 19:30:32.476 W/biae    ( 3179): 	at biae.f(:com.google.android.gms@243834029@24.38.34 (190400-681941525):890)
10-09 19:30:32.476 W/biae    ( 3179): 	at bpqe.fD(:com.google.android.gms@243834029@24.38.34 (190400-681941525):1)
10-09 19:30:32.476 W/biae    ( 3179): 	at bpqq.run(:com.google.android.gms@243834029@24.38.34 (190400-681941525):66)
10-09 19:30:32.476 W/biae    ( 3179): 	at esgc.run(:com.google.android.gms@243834029@24.38.34 (190400-681941525):21)
10-09 19:30:32.476 W/biae    ( 3179): 	at anih.c(:com.google.android.gms@243834029@24.38.34 (190400-681941525):50)
10-09 19:30:32.476 W/biae    ( 3179): 	at anih.run(:com.google.android.gms@243834029@24.38.34 (190400-681941525):97)
10-09 19:30:32.476 W/biae    ( 3179): 	at java.util.concurrent.ThreadPoolExecutor.runWorker(ThreadPoolExecutor.java:1145)
10-09 19:30:32.476 W/biae    ( 3179): 	at java.util.concurrent.ThreadPoolExecutor$Worker.run(ThreadPoolExecutor.java:644)
10-09 19:30:32.476 W/biae    ( 3179): 	at anns.run(:com.google.android.gms@243834029@24.38.34 (190400-681941525):8)
10-09 19:30:32.476 W/biae    ( 3179): 	at java.lang.Thread.run(Thread.java:1012)
10-09 19:30:32.476 W/biae    ( 3179): Caused by: com.google.android.gms.auth.UserRecoverableAuthException: BadAuthentication
10-09 19:30:32.476 W/biae    ( 3179): 	at tdo.p(:com.google.android.gms@243834029@24.38.34 (190400-681941525):37)
10-09 19:30:32.476 W/biae    ( 3179): 	at tdo.t(:com.google.android.gms@243834029@24.38.34 (190400-681941525):32)
10-09 19:30:32.476 W/biae    ( 3179): 	at tdh.a(:com.google.android.gms@243834029@24.38.34 (190400-681941525):41)
10-09 19:30:32.476 W/biae    ( 3179): 	at tdo.s(:com.google.android.gms@243834029@24.38.34 (190400-681941525):34)
10-09 19:30:32.476 W/biae    ( 3179): 	at tdo.v(:com.google.android.gms@243834029@24.38.34 (190400-681941525):125)
10-09 19:30:32.476 W/biae    ( 3179): 	at fcql.d(:com.google.android.gms@243834029@24.38.34 (190400-681941525):10)
10-09 19:30:32.476 W/biae    ( 3179): 	at fcql.c(:com.google.android.gms@243834029@24.38.34 (190400-681941525):69)
10-09 19:30:32.476 W/biae    ( 3179): 	at fcqi.call(:com.google.android.gms@243834029@24.38.34 (190400-681941525):8)
10-09 19:30:32.476 W/biae    ( 3179): 	at java.util.concurrent.FutureTask.run(FutureTask.java:264)
10-09 19:30:32.476 W/biae    ( 3179): 	at fcql.a(:com.google.android.gms@243834029@24.38.34 (190400-681941525):63)
10-09 19:30:32.476 W/biae    ( 3179): 	at fcpi.call(:com.google.android.gms@243834029@24.38.34 (190400-681941525):25)
10-09 19:30:32.476 W/biae    ( 3179): 	at esfz.call(:com.google.android.gms@243834029@24.38.34 (190400-681941525):13)
10-09 19:30:32.476 W/biae    ( 3179): 	at java.util.concurrent.FutureTask.run(FutureTask.java:264)
10-09 19:30:32.476 W/biae    ( 3179): 	at anih.c(:com.google.android.gms@243834029@24.38.34 (190400-681941525):50)
10-09 19:30:32.476 W/biae    ( 3179): 	at anih.run(:com.google.android.gms@243834029@24.38.34 (190400-681941525):76)
10-09 19:30:32.476 W/biae    ( 3179): 	... 4 more
10-09 19:30:32.476 I/GmsCoreXrpcWrapper( 3179): (REDACTED) Returning a channel provider with trafficStatsTag=%d trafficStatsUid=%d
10-09 19:30:32.482 I/GoogleInputMethodService(31583): GoogleInputMethodService.updateDeviceLockedStatus():2193 repeatCheckTimes = 0, locked = false
10-09 19:30:32.482 I/GoogleInputMethodService(31583): GoogleInputMethodService.onStartInput():1937 onStartInput(EditorInfo{EditorInfo{packageName=com.google.android.apps.nexuslauncher, inputType=0, inputTypeString=NULL, enableLearning=false, autoCorrection=false, autoComplete=false, imeOptions=0, privateImeOptions=null, actionName=UNSPECIFIED, actionLabel=null, initialSelStart=-1, initialSelEnd=-1, initialCapsMode=0, label=null, fieldId=-1, fieldName=null, extras=null, hintText=null, hintLocales=[]}}, false)
10-09 19:30:32.482 I/GoogleInputMethodService(31583): GoogleInputMethodService.updateDeviceLockedStatus():2193 repeatCheckTimes = 1, locked = false
10-09 19:30:32.483 I/AndroidIME(31583): InputBundleManager.loadActiveInputBundleId():450 loadActiveInputBundleId: und-Latn-x-password, password
10-09 19:30:32.505 D/TrafficStats(31959): tagSocket(5) with statsTag=0xffffffff, statsUid=-1
10-09 19:30:32.507 V/ActivityManager( 1475): Got obituary of 25446:com.zebra.soho_app
10-09 19:30:32.507 W/WindowManager( 1475): Cannot find window which accessibility connection is added to
10-09 19:30:32.508 D/TrafficStats(31959): tagSocket(78) with statsTag=0xffffffff, statsUid=-1
10-09 19:30:32.508 D/ConnectivityService( 1475): releasing NetworkRequest [ REQUEST id=708, [ Capabilities: INTERNET&NOT_RESTRICTED&TRUSTED&NOT_VCN_MANAGED Uid: 10452 RequestorUid: 10452 RequestorPkg: com.zebra.soho_app UnderlyingNetworks: Null] ] (release request)
10-09 19:30:32.508 I/Zygote  (  998): Process 25446 exited due to signal 9 (Killed)
10-09 19:30:32.509 W/ActivityManager( 1475): setHasOverlayUi called on unknown pid: 25446
10-09 19:30:32.519 E/BpTransactionCompletedListener(  452): Failed to transact (-32)
10-09 19:30:32.520 E/BpTransactionCompletedListener(  452): Failed to transact (-32)
10-09 19:30:32.530 D/TrafficStats(31959): tagSocket(79) with statsTag=0xffffffff, statsUid=-1
10-09 19:30:32.686 D/TrafficStats( 3179): tagSocket(148) with statsTag=0x3c009201, statsUid=-1
10-09 19:30:32.767 D/TrafficStats(31959): tagSocket(80) with statsTag=0xffffffff, statsUid=-1
10-09 19:30:32.893 W/AccessibilityManagerService( 1475):  wait for adding window timeout: 372
10-09 19:30:33.006 D/TrafficStats(31959): tagSocket(81) with statsTag=0xffffffff, statsUid=-1
10-09 19:30:33.047 I/A       ( 6407): Keyboard closed, ending dictation. [SD]
10-09 19:30:33.284 D/BoundBrokerSvc( 3179): onUnbind: Intent { act=com.google.android.gms.safetynet.service.START pkg=com.google.android.gms }
10-09 19:30:33.336 D/TrafficStats(31959): tagSocket(5) with statsTag=0xffffffff, statsUid=-1
10-09 19:30:33.449 I/KeyboardActiveSessionStreamManager(31583): KeyboardActiveSessionStreamManager.closeStream():119 Closing stream. [SDG]
10-09 19:30:33.452 I/A       ( 6407): (REDACTED) %s completed by the client [SD]
10-09 19:30:33.452 I/A       ( 6407): (REDACTED) Shutting down %s [SD]
10-09 19:30:33.454 I/A       ( 6407): (REDACTED) Forgetting %s [SD]
10-09 19:30:33.456 I/KeyboardActiveSessionStreamManager(31583): KeyboardActiveSessionStreamManager$AssistantEventObserver.onCompleted():253 Assistant event stream completed. [SDG]
10-09 19:30:33.496 I/cr_CronetUrlRequestContext( 3179): destroyNativeStreamLocked org.chromium.net.impl.CronetBidirectionalStream@5635f0
10-09 19:30:33.508 I/GmsCoreXrpcWrapper( 3179): (REDACTED) Returning a channel provider with trafficStatsTag=%d trafficStatsUid=%d
10-09 19:30:33.520 E/AuthPII ( 6357): [RequestTokenManager] getToken() -> BAD_AUTHENTICATION. App: com.google.android.gms, Service: oauth2:https://www.googleapis.com/auth/notifications 
10-09 19:30:33.520 E/AuthPII ( 6357): amgg: Long live credential not available.
10-09 19:30:33.520 E/AuthPII ( 6357): 	at tyf.a(:com.google.android.gms@243834029@24.38.34 (190400-681941525):998)
10-09 19:30:33.520 E/AuthPII ( 6357): 	at tyl.b(:com.google.android.gms@243834029@24.38.34 (190400-681941525):28)
10-09 19:30:33.520 E/AuthPII ( 6357): 	at tyj.a(:com.google.android.gms@243834029@24.38.34 (190400-681941525):605)
10-09 19:30:33.520 E/AuthPII ( 6357): 	at tyi.b(:com.google.android.gms@243834029@24.38.34 (190400-681941525):94)
10-09 19:30:33.520 E/AuthPII ( 6357): 	at nzx.e(:com.google.android.gms@243834029@24.38.34 (190400-681941525):224)
10-09 19:30:33.520 E/AuthPII ( 6357): 	at nzx.h(:com.google.android.gms@243834029@24.38.34 (190400-681941525):2)
10-09 19:30:33.520 E/AuthPII ( 6357): 	at nzx.fx(:com.google.android.gms@243834029@24.38.34 (190400-681941525):147)
10-09 19:30:33.520 E/AuthPII ( 6357): 	at ntw.onTransact(:com.google.android.gms@243834029@24.38.34 (190400-681941525):97)
10-09 19:30:33.520 E/AuthPII ( 6357): 	at android.os.Binder.transact(Binder.java:1164)
10-09 19:30:33.520 E/AuthPII ( 6357): 	at bkfj.onTransact(:com.google.android.gms@243834029@24.38.34 (190400-681941525):10)
10-09 19:30:33.520 E/AuthPII ( 6357): 	at android.os.Binder.transact(Binder.java:1164)
10-09 19:30:33.520 E/AuthPII ( 6357): 	at bbmn.onTransact(:com.google.android.gms@243834029@24.38.34 (190400-681941525):148)
10-09 19:30:33.520 E/AuthPII ( 6357): 	at android.os.Binder.execTransactInternal(Binder.java:1285)
10-09 19:30:33.520 E/AuthPII ( 6357): 	at android.os.Binder.execTransact(Binder.java:1244)
10-09 19:30:33.521 E/AuthPII ( 6357): Message is Long live credential not available.
10-09 19:30:33.521 E/AuthPII ( 6357): amgg: Long live credential not available.
10-09 19:30:33.521 E/AuthPII ( 6357): 	at tyf.a(:com.google.android.gms@243834029@24.38.34 (190400-681941525):998)
10-09 19:30:33.521 E/AuthPII ( 6357): 	at tyl.b(:com.google.android.gms@243834029@24.38.34 (190400-681941525):28)
10-09 19:30:33.521 E/AuthPII ( 6357): 	at tyj.a(:com.google.android.gms@243834029@24.38.34 (190400-681941525):605)
10-09 19:30:33.521 E/AuthPII ( 6357): 	at tyi.b(:com.google.android.gms@243834029@24.38.34 (190400-681941525):94)
10-09 19:30:33.521 E/AuthPII ( 6357): 	at nzx.e(:com.google.android.gms@243834029@24.38.34 (190400-681941525):224)
10-09 19:30:33.521 E/AuthPII ( 6357): 	at nzx.h(:com.google.android.gms@243834029@24.38.34 (190400-681941525):2)
10-09 19:30:33.521 E/AuthPII ( 6357): 	at nzx.fx(:com.google.android.gms@243834029@24.38.34 (190400-681941525):147)
10-09 19:30:33.521 E/AuthPII ( 6357): 	at ntw.onTransact(:com.google.android.gms@243834029@24.38.34 (190400-681941525):97)
10-09 19:30:33.521 E/AuthPII ( 6357): 	at android.os.Binder.transact(Binder.java:1164)
10-09 19:30:33.521 E/AuthPII ( 6357): 	at bkfj.onTransact(:com.google.android.gms@243834029@24.38.34 (190400-681941525):10)
10-09 19:30:33.521 E/AuthPII ( 6357): 	at android.os.Binder.transact(Binder.java:1164)
10-09 19:30:33.521 E/AuthPII ( 6357): 	at bbmn.onTransact(:com.google.android.gms@243834029@24.38.34 (190400-681941525):148)
10-09 19:30:33.521 E/AuthPII ( 6357): 	at android.os.Binder.execTransactInternal(Binder.java:1285)
10-09 19:30:33.521 E/AuthPII ( 6357): 	at android.os.Binder.execTransact(Binder.java:1244)
10-09 19:30:33.522 W/Auth    ( 6357): [GetToken] GetToken failed with status code: BadAuthentication  [CONTEXT service_id=343 ]
10-09 19:30:33.543 W/Auth    ( 3179): [GoogleAuthUtil] [GoogleAuthUtil] error status:BAD_AUTHENTICATION with method:getTokenWithDetails
10-09 19:30:33.549 E/AuthPII ( 6357): [RequestTokenManager] getToken() -> BAD_AUTHENTICATION. App: com.google.android.gms, Service: oauth2:https://www.googleapis.com/auth/notifications 
10-09 19:30:33.549 E/AuthPII ( 6357): amgg: Long live credential not available.
10-09 19:30:33.549 E/AuthPII ( 6357): 	at tyf.a(:com.google.android.gms@243834029@24.38.34 (190400-681941525):998)
10-09 19:30:33.549 E/AuthPII ( 6357): 	at tyl.b(:com.google.android.gms@243834029@24.38.34 (190400-681941525):28)
10-09 19:30:33.549 E/AuthPII ( 6357): 	at tyj.a(:com.google.android.gms@243834029@24.38.34 (190400-681941525):605)
10-09 19:30:33.549 E/AuthPII ( 6357): 	at tyi.b(:com.google.android.gms@243834029@24.38.34 (190400-681941525):94)
10-09 19:30:33.549 E/AuthPII ( 6357): 	at nzx.e(:com.google.android.gms@243834029@24.38.34 (190400-681941525):224)
10-09 19:30:33.549 E/AuthPII ( 6357): 	at nzx.h(:com.google.android.gms@243834029@24.38.34 (190400-681941525):2)
10-09 19:30:33.549 E/AuthPII ( 6357): 	at nzx.fx(:com.google.android.gms@243834029@24.38.34 (190400-681941525):147)
10-09 19:30:33.549 E/AuthPII ( 6357): 	at ntw.onTransact(:com.google.android.gms@243834029@24.38.34 (190400-681941525):97)
10-09 19:30:33.549 E/AuthPII ( 6357): 	at android.os.Binder.transact(Binder.java:1164)
10-09 19:30:33.549 E/AuthPII ( 6357): 	at bkfj.onTransact(:com.google.android.gms@243834029@24.38.34 (190400-681941525):10)
10-09 19:30:33.549 E/AuthPII ( 6357): 	at android.os.Binder.transact(Binder.java:1164)
10-09 19:30:33.549 E/AuthPII ( 6357): 	at bbmn.onTransact(:com.google.android.gms@243834029@24.38.34 (190400-681941525):148)
10-09 19:30:33.549 E/AuthPII ( 6357): 	at android.os.Binder.execTransactInternal(Binder.java:1285)
10-09 19:30:33.549 E/AuthPII ( 6357): 	at android.os.Binder.execTransact(Binder.java:1244)
10-09 19:30:33.549 E/AuthPII ( 6357): Message is Long live credential not available.
10-09 19:30:33.549 E/AuthPII ( 6357): amgg: Long live credential not available.
10-09 19:30:33.549 E/AuthPII ( 6357): 	at tyf.a(:com.google.android.gms@243834029@24.38.34 (190400-681941525):998)
10-09 19:30:33.549 E/AuthPII ( 6357): 	at tyl.b(:com.google.android.gms@243834029@24.38.34 (190400-681941525):28)
10-09 19:30:33.549 E/AuthPII ( 6357): 	at tyj.a(:com.google.android.gms@243834029@24.38.34 (190400-681941525):605)
10-09 19:30:33.549 E/AuthPII ( 6357): 	at tyi.b(:com.google.android.gms@243834029@24.38.34 (190400-681941525):94)
10-09 19:30:33.549 E/AuthPII ( 6357): 	at nzx.e(:com.google.android.gms@243834029@24.38.34 (190400-681941525):224)
10-09 19:30:33.549 E/AuthPII ( 6357): 	at nzx.h(:com.google.android.gms@243834029@24.38.34 (190400-681941525):2)
10-09 19:30:33.549 E/AuthPII ( 6357): 	at nzx.fx(:com.google.android.gms@243834029@24.38.34 (190400-681941525):147)
10-09 19:30:33.549 E/AuthPII ( 6357): 	at ntw.onTransact(:com.google.android.gms@243834029@24.38.34 (190400-681941525):97)
10-09 19:30:33.549 E/AuthPII ( 6357): 	at android.os.Binder.transact(Binder.java:1164)
10-09 19:30:33.549 E/AuthPII ( 6357): 	at bkfj.onTransact(:com.google.android.gms@243834029@24.38.34 (190400-681941525):10)
10-09 19:30:33.549 E/AuthPII ( 6357): 	at android.os.Binder.transact(Binder.java:1164)
10-09 19:30:33.549 E/AuthPII ( 6357): 	at bbmn.onTransact(:com.google.android.gms@243834029@24.38.34 (190400-681941525):148)
10-09 19:30:33.549 E/AuthPII ( 6357): 	at android.os.Binder.execTransactInternal(Binder.java:1285)
10-09 19:30:33.549 E/AuthPII ( 6357): 	at android.os.Binder.execTransact(Binder.java:1244)
10-09 19:30:33.549 W/Auth    ( 6357): [GetToken] GetToken failed with status code: BadAuthentication  [CONTEXT service_id=343 ]
10-09 19:30:33.566 W/Auth    ( 3179): [GoogleAuthUtil] [GoogleAuthUtil] error status:BAD_AUTHENTICATION with method:getTokenWithDetails
10-09 19:30:33.569 W/biae    ( 3179): Failed fetching latest threads. [CONTEXT service_id=315 ]
10-09 19:30:33.569 W/biae    ( 3179): gjds: UNAUTHENTICATED
10-09 19:30:33.569 W/biae    ( 3179): 	at gjxh.b(:com.google.android.gms@243834029@24.38.34 (190400-681941525):162)
10-09 19:30:33.569 W/biae    ( 3179): 	at biae.f(:com.google.android.gms@243834029@24.38.34 (190400-681941525):890)
10-09 19:30:33.569 W/biae    ( 3179): 	at bpqe.fD(:com.google.android.gms@243834029@24.38.34 (190400-681941525):1)
10-09 19:30:33.569 W/biae    ( 3179): 	at bpqq.run(:com.google.android.gms@243834029@24.38.34 (190400-681941525):66)
10-09 19:30:33.569 W/biae    ( 3179): 	at esgc.run(:com.google.android.gms@243834029@24.38.34 (190400-681941525):21)
10-09 19:30:33.569 W/biae    ( 3179): 	at anih.c(:com.google.android.gms@243834029@24.38.34 (190400-681941525):50)
10-09 19:30:33.569 W/biae    ( 3179): 	at anih.run(:com.google.android.gms@243834029@24.38.34 (190400-681941525):97)
10-09 19:30:33.569 W/biae    ( 3179): 	at java.util.concurrent.ThreadPoolExecutor.runWorker(ThreadPoolExecutor.java:1145)
10-09 19:30:33.569 W/biae    ( 3179): 	at java.util.concurrent.ThreadPoolExecutor$Worker.run(ThreadPoolExecutor.java:644)
10-09 19:30:33.569 W/biae    ( 3179): 	at anns.run(:com.google.android.gms@243834029@24.38.34 (190400-681941525):8)
10-09 19:30:33.569 W/biae    ( 3179): 	at java.lang.Thread.run(Thread.java:1012)
10-09 19:30:33.569 W/biae    ( 3179): Caused by: com.google.android.gms.auth.UserRecoverableAuthException: BadAuthentication
10-09 19:30:33.569 W/biae    ( 3179): 	at tdo.p(:com.google.android.gms@243834029@24.38.34 (190400-681941525):37)
10-09 19:30:33.569 W/biae    ( 3179): 	at tdo.t(:com.google.android.gms@243834029@24.38.34 (190400-681941525):32)
10-09 19:30:33.569 W/biae    ( 3179): 	at tdh.a(:com.google.android.gms@243834029@24.38.34 (190400-681941525):41)
10-09 19:30:33.569 W/biae    ( 3179): 	at tdo.s(:com.google.android.gms@243834029@24.38.34 (190400-681941525):34)
10-09 19:30:33.569 W/biae    ( 3179): 	at tdo.v(:com.google.android.gms@243834029@24.38.34 (190400-681941525):125)
10-09 19:30:33.569 W/biae    ( 3179): 	at fcql.d(:com.google.android.gms@243834029@24.38.34 (190400-681941525):10)
10-09 19:30:33.569 W/biae    ( 3179): 	at fcql.c(:com.google.android.gms@243834029@24.38.34 (190400-681941525):69)
10-09 19:30:33.569 W/biae    ( 3179): 	at fcqi.call(:com.google.android.gms@243834029@24.38.34 (190400-681941525):8)
10-09 19:30:33.569 W/biae    ( 3179): 	at java.util.concurrent.FutureTask.run(FutureTask.java:264)
10-09 19:30:33.569 W/biae    ( 3179): 	at fcql.a(:com.google.android.gms@243834029@24.38.34 (190400-681941525):63)
10-09 19:30:33.569 W/biae    ( 3179): 	at fcpi.call(:com.google.android.gms@243834029@24.38.34 (190400-681941525):25)
10-09 19:30:33.569 W/biae    ( 3179): 	at esfz.call(:com.google.android.gms@243834029@24.38.34 (190400-681941525):13)
10-09 19:30:33.569 W/biae    ( 3179): 	at java.util.concurrent.FutureTask.run(FutureTask.java:264)
10-09 19:30:33.569 W/biae    ( 3179): 	at anih.c(:com.google.android.gms@243834029@24.38.34 (190400-681941525):50)
10-09 19:30:33.569 W/biae    ( 3179): 	at anih.run(:com.google.android.gms@243834029@24.38.34 (190400-681941525):76)
10-09 19:30:33.569 W/biae    ( 3179): 	... 4 more
10-09 19:30:33.600 D/AndroidRuntime(32126): >>>>>> START com.android.internal.os.RuntimeInit uid 2000 <<<<<<
10-09 19:30:33.603 I/app_process(32126): MMAP_TRYLOCK is not supported in uffd addr:0x770f3ed000 page-size:4096
10-09 19:30:33.604 I/AndroidRuntime(32126): Using default boot image
10-09 19:30:33.604 I/AndroidRuntime(32126): Leaving lock profiling enabled
10-09 19:30:33.606 I/app_process(32126): Using CollectorTypeCMC GC.
10-09 19:30:33.655 D/nativeloader(32126): InitDefaultPublicLibraries for_preload=1: libandroid.so:libaaudio.so:libamidi.so:libbinder_ndk.so:libc.so:libcamera2ndk.so:libdl.so:libEGL.so:libGLESv1_CM.so:libGLESv2.so:libGLESv3.so:libicu.so:libicui18n.so:libicuuc.so:libjnigraphics.so:liblog.so:libmediandk.so:libm.so:libnativehelper.so:libnativewindow.so:libOpenMAXAL.so:libOpenSLES.so:libRS.so:libstdc++.so:libsync.so:libvulkan.so:libwebviewchromium_plat_support.so:libz.so
10-09 19:30:33.660 D/nativeloader(32126): Load libicu_jni.so using APEX ns com_android_art for caller /apex/com.android.art/javalib/core-oj.jar: ok
10-09 19:30:33.660 D/app_process(32126): Time zone APEX ICU file found: /apex/com.android.tzdata/etc/icu/icu_tzdata.dat
10-09 19:30:33.660 D/app_process(32126): I18n APEX ICU file found: /apex/com.android.i18n/etc/icu/icudt70l.dat
10-09 19:30:33.661 D/nativeloader(32126): Load libjavacore.so using APEX ns com_android_art for caller /apex/com.android.art/javalib/core-oj.jar: ok
10-09 19:30:33.661 D/nativeloader(32126): Load libopenjdk.so using APEX ns com_android_art for caller /apex/com.android.art/javalib/core-oj.jar: ok
10-09 19:30:33.680 D/nativeloader(32126): Load libframework-connectivity-tiramisu-jni.so using APEX ns com_android_tethering for caller /apex/com.android.tethering/javalib/framework-connectivity-t.jar: ok
10-09 19:30:33.680 D/AndroidRuntime(32126): Calling main entry com.android.commands.monkey.Monkey
10-09 19:30:33.681 W/Monkey  (32126): args: [-p, com.zebra.soho_app, -c, android.intent.category.LAUNCHER, 1]
10-09 19:30:33.681 W/Monkey  (32126):  arg: "-p"
10-09 19:30:33.681 W/Monkey  (32126):  arg: "com.zebra.soho_app"
10-09 19:30:33.681 W/Monkey  (32126):  arg: "-c"
10-09 19:30:33.681 W/Monkey  (32126):  arg: "android.intent.category.LAUNCHER"
10-09 19:30:33.681 W/Monkey  (32126):  arg: "1"
10-09 19:30:33.681 W/Monkey  (32126): data="com.zebra.soho_app"
10-09 19:30:33.681 W/Monkey  (32126): data="android.intent.category.LAUNCHER"
10-09 19:30:33.689 W/BroadcastQueue( 1475): Skipping deliver [background] BroadcastRecord{b56c67c u-1 android.net.conn.CONNECTIVITY_CHANGE} to ReceiverList{4547b05 32126 (unknown name)/2000/u-1 remote:696044e}: process gone or crashing
10-09 19:30:33.702 D/CompatibilityChangeReporter( 1475): Compat change id reported: 161252188; UID 10452; state: DISABLED
10-09 19:30:33.702 I/ActivityTaskManager( 1475): START u0 {act=android.intent.action.MAIN cat=[android.intent.category.LAUNCHER] flg=0x10200000 cmp=com.zebra.soho_app/.MainActivity} from uid 2000
10-09 19:30:33.712 I/Monkey  (32126): Events injected: 1
10-09 19:30:33.712 D/CompatibilityChangeReporter( 1475): Compat change id reported: 135634846; UID 10452; state: DISABLED
10-09 19:30:33.712 D/CompatibilityChangeReporter( 1475): Compat change id reported: 177438394; UID 10452; state: DISABLED
10-09 19:30:33.712 D/CompatibilityChangeReporter( 1475): Compat change id reported: 135772972; UID 10452; state: DISABLED
10-09 19:30:33.712 D/CompatibilityChangeReporter( 1475): Compat change id reported: 135754954; UID 10452; state: ENABLED
10-09 19:30:33.713 D/CompatibilityChangeReporter( 1475): Compat change id reported: 143937733; UID 10452; state: ENABLED
10-09 19:30:33.716 D/CoreBackPreview( 1475): Window{8bc37b2 u0 Splash Screen com.zebra.soho_app}: Setting back callback OnBackInvokedCallbackInfo{mCallback=android.window.IOnBackInvokedCallback$Stub$Proxy@5340280, mPriority=0}
10-09 19:30:33.717 I/Monkey  (32126): ## Network stats: elapsed time=14ms (0ms mobile, 0ms wifi, 14ms not connected)
10-09 19:30:33.719 I/app_process(32126): System.exit called, status: 0
10-09 19:30:33.719 I/AndroidRuntime(32126): VM exiting with result code 0.
10-09 19:30:33.722 D/Zygote  (  998): Forked child process 32141
10-09 19:30:33.722 I/ActivityManager( 1475): Start proc 32141:com.zebra.soho_app/u0a452 for next-top-activity {com.zebra.soho_app/com.zebra.soho_app.MainActivity}
10-09 19:30:33.728 I/.zebra.soho_app(32141): Using CollectorTypeCMC GC.
10-09 19:30:33.730 E/.zebra.soho_app(32141): Not starting debugger since process cannot load the jdwp agent.
10-09 19:30:33.733 D/nativeloader(32141): Load libframework-connectivity-tiramisu-jni.so using APEX ns com_android_tethering for caller /apex/com.android.tethering/javalib/framework-connectivity-t.jar: ok
10-09 19:30:33.738 D/CompatibilityChangeReporter(32141): Compat change id reported: 171979766; UID 10452; state: ENABLED
10-09 19:30:33.751 D/nativeloader(32141): Configuring clns-4 for other apk /data/app/~~2kKfvi0LLLoHZqM-xTm0zA==/com.zebra.soho_app-xaYOkKKBj8UhN6EOAj3Gtw==/base.apk. target_sdk_version=34, uses_libraries=, library_path=/data/app/~~2kKfvi0LLLoHZqM-xTm0zA==/com.zebra.soho_app-xaYOkKKBj8UhN6EOAj3Gtw==/lib/arm64:/data/app/~~2kKfvi0LLLoHZqM-xTm0zA==/com.zebra.soho_app-xaYOkKKBj8UhN6EOAj3Gtw==/base.apk!/lib/arm64-v8a, permitted_path=/data:/mnt/expand:/data/user/0/com.zebra.soho_app
10-09 19:30:33.754 D/nativeloader(32141): Load libframework-connectivity-jni.so using APEX ns com_android_tethering for caller /apex/com.android.tethering/javalib/framework-connectivity.jar: ok
10-09 19:30:33.755 V/GraphicsEnvironment(32141): ANGLE Developer option for 'com.zebra.soho_app' set to: 'default'
10-09 19:30:33.755 V/GraphicsEnvironment(32141): ANGLE GameManagerService for com.zebra.soho_app: false
10-09 19:30:33.755 V/GraphicsEnvironment(32141): Neither updatable production driver nor prerelease driver is supported.
10-09 19:30:33.756 D/NetworkSecurityConfig(32141): No Network Security Config specified, using platform default
10-09 19:30:33.756 D/NetworkSecurityConfig(32141): No Network Security Config specified, using platform default
10-09 19:30:33.757 D/CompatibilityChangeReporter(32141): Compat change id reported: 183155436; UID 10452; state: ENABLED
10-09 19:30:33.758 D/SessionsDependencies(32141): Dependency to CRASHLYTICS added.
10-09 19:30:33.759 I/FirebaseApp(32141): Device unlocked: initializing all Firebase APIs for app [DEFAULT]
10-09 19:30:33.759 I/FirebaseCrashlytics(32141): Initializing Firebase Crashlytics 18.6.2 for com.zebra.soho_app
10-09 19:30:33.764 D/SessionsDependencies(32141): Subscriber CRASHLYTICS registered.
10-09 19:30:33.767 W/ziparchive(32141): Unable to open '/data/user_de/0/com.google.android.gms/app_chimera/m/000002f7/DynamiteLoader.uncompressed.dm': No such file or directory
10-09 19:30:33.767 W/ziparchive(32141): Unable to open '/data/user_de/0/com.google.android.gms/app_chimera/m/000002f7/DynamiteLoader.uncompressed.dm': No such file or directory
10-09 19:30:33.770 I/DynamiteModule(32141): Considering local module com.google.android.gms.measurement.dynamite:100 and remote module com.google.android.gms.measurement.dynamite:125
10-09 19:30:33.770 I/DynamiteModule(32141): Selected remote version of com.google.android.gms.measurement.dynamite, version >= 125
10-09 19:30:33.770 V/DynamiteModule(32141): Dynamite loader version >= 2, using loadModule2NoCrashUtils
10-09 19:30:33.771 D/CompatibilityChangeReporter( 1475): Compat change id reported: 161145287; UID 10452; state: DISABLED
10-09 19:30:33.776 I/FirebaseCrashlytics(32141): No version control information found
10-09 19:30:33.777 D/FirebaseSessions(32141): Initializing Firebase Sessions SDK.
10-09 19:30:33.777 I/FirebaseInitProvider(32141): FirebaseApp initialization successful
10-09 19:30:33.777 D/LifecycleServiceBinder(32141): Binding service to application.
10-09 19:30:33.778 W/System  (32141): ClassLoader referenced unknown path: 
10-09 19:30:33.778 D/nativeloader(32141): Configuring clns-5 for other apk . target_sdk_version=34, uses_libraries=, library_path=/data/app/~~c_2vbiYELHUzieoERj6n2w==/com.google.android.gms-zvsnj9lUbuDV0x4LD0_cCg==/lib/arm64:/data/app/~~c_2vbiYELHUzieoERj6n2w==/com.google.android.gms-zvsnj9lUbuDV0x4LD0_cCg==/base.apk!/lib/arm64-v8a, permitted_path=/data:/mnt/expand:/data/user/0/com.google.android.gms
10-09 19:30:33.778 D/WM-WrkMgrInitializer(32141): Initializing WorkManager with default configuration.
10-09 19:30:33.784 D/CompatibilityChangeReporter(32141): Compat change id reported: 160794467; UID 10452; state: ENABLED
10-09 19:30:33.785 D/vulkan  (32141): searching for layers in '/data/app/~~2kKfvi0LLLoHZqM-xTm0zA==/com.zebra.soho_app-xaYOkKKBj8UhN6EOAj3Gtw==/lib/arm64'
10-09 19:30:33.785 D/vulkan  (32141): searching for layers in '/data/app/~~2kKfvi0LLLoHZqM-xTm0zA==/com.zebra.soho_app-xaYOkKKBj8UhN6EOAj3Gtw==/base.apk!/lib/arm64-v8a'
10-09 19:30:33.792 D/TrafficStats( 3179): tagSocket(233) with statsTag=0x30003300, statsUid=10452
10-09 19:30:33.793 D/nativeloader(32141): Load /data/app/~~2kKfvi0LLLoHZqM-xTm0zA==/com.zebra.soho_app-xaYOkKKBj8UhN6EOAj3Gtw==/base.apk!/lib/arm64-v8a/libflutter.so using ns clns-4 from class loader (caller=/data/app/~~2kKfvi0LLLoHZqM-xTm0zA==/com.zebra.soho_app-xaYOkKKBj8UhN6EOAj3Gtw==/base.apk!classes2.dex): ok
10-09 19:30:33.795 W/.zebra.soho_app(32141): type=1400 audit(0.0:195): avc: denied { read } for name="max_map_count" dev="proc" ino=1032881 scontext=u:r:untrusted_app:s0:c196,c257,c512,c768 tcontext=u:object_r:proc_max_map_count:s0 tclass=file permissive=0 app=com.zebra.soho_app
10-09 19:30:33.801 D/libEGL  (32141): loaded /vendor/lib64/egl/libGLES_mali.so
10-09 19:30:33.805 E/.zebra.soho_app(32141): No package ID 77 found for ID 0x770b000f.
10-09 19:30:33.805 E/.zebra.soho_app(32141): No package ID 77 found for ID 0x770b000f.
10-09 19:30:33.806 I/FA      (32141): App measurement initialized, version: 104021
10-09 19:30:33.806 I/FA      (32141): To enable debug logging run: adb shell setprop log.tag.FA VERBOSE
10-09 19:30:33.806 I/FA      (32141): To enable faster debug mode event logging run:
10-09 19:30:33.806 I/FA      (32141):   adb shell setprop debug.firebase.analytics.app com.zebra.soho_app
10-09 19:30:33.812 I/A       ( 6407): onPause
10-09 19:30:33.815 D/BoundBrokerSvc( 3179): onBind: Intent { act=com.google.android.gms.measurement.START pkg=com.google.android.gms }
10-09 19:30:33.816 D/BoundBrokerSvc( 3179): Loading bound service for intent: Intent { act=com.google.android.gms.measurement.START pkg=com.google.android.gms }
10-09 19:30:33.845 I/FA      (32141): Tag Manager is not found and thus will not be used
10-09 19:30:33.847 D/SessionLifecycleClient(32141): Queued message 1. Queue size 1
10-09 19:30:33.849 D/CompatibilityChangeReporter(32141): Compat change id reported: 237531167; UID 10452; state: DISABLED
10-09 19:30:33.853 D/CompatibilityChangeReporter(32141): Compat change id reported: 194532703; UID 10452; state: ENABLED
10-09 19:30:33.853 D/CompatibilityChangeReporter( 1475): Compat change id reported: 194532703; UID 10452; state: ENABLED
10-09 19:30:33.854 D/CoreBackPreview( 1475): Window{9f13d4b u0 com.zebra.soho_app/com.zebra.soho_app.MainActivity}: Setting back callback OnBackInvokedCallbackInfo{mCallback=android.window.IOnBackInvokedCallback$Stub$Proxy@53691e6, mPriority=0}
10-09 19:30:33.855 D/SessionLifecycleService(32141): Service bound to new client on process 32141
10-09 19:30:33.856 D/SessionLifecycleService(32141): App has not yet foregrounded. Using previously stored session: null
10-09 19:30:33.856 D/SessionLifecycleService(32141): Client android.os.Messenger@223ac31 bound at 30135973. Clients: 1
10-09 19:30:33.862 D/FlutterLocationService(32141): Creating service.
10-09 19:30:33.863 D/FlutterLocationService(32141): Binding to location service.
10-09 19:30:33.864 D/SessionLifecycleClient(32141): Connected to SessionLifecycleService. Queue size 1
10-09 19:30:33.864 D/SessionLifecycleClient(32141): Sending lifecycle 1 to service
10-09 19:30:33.864 D/SessionLifecycleService(32141): Activity foregrounding at 30135982.
10-09 19:30:33.864 D/SessionLifecycleService(32141): Cold start detected.
10-09 19:30:33.866 D/SessionLifecycleService(32141): Generated new session fcf9243060274f2fa98497aee09e0649
10-09 19:30:33.866 D/SessionLifecycleService(32141): Broadcasting new session: SessionDetails(sessionId=fcf9243060274f2fa98497aee09e0649, firstSessionId=fcf9243060274f2fa98497aee09e0649, sessionIndex=0, sessionStartTimestampUs=1728482433866000)
10-09 19:30:33.867 D/SessionFirelogPublisher(32141): Data Collection is enabled for at least one Subscriber
10-09 19:30:33.867 D/LocationPlugin(32141): Service connected: ComponentInfo{com.zebra.soho_app/com.lyokone.location.FlutterLocationService}
10-09 19:30:33.868 D/EventGDTLogger(32141): Session Event: {"eventType":1,"sessionData":{"sessionId":"fcf9243060274f2fa98497aee09e0649","firstSessionId":"fcf9243060274f2fa98497aee09e0649","sessionIndex":0,"eventTimestampUs":1728482433866000,"dataCollectionStatus":{"performance":1,"crashlytics":2,"sessionSamplingRate":1.0},"firebaseInstallationId":"eZBK8Sq6T6a5UXmQ8ZHgVl"},"applicationInfo":{"appId":"1:233946974047:android:204307b4740352c0e598ea","deviceModel":"Pixel 6a","sessionSdkVersion":"1.2.2","osVersion":"13","logEnvironment":3,"androidAppInfo":{"packageName":"com.zebra.soho_app","versionName":"2.0.6714","appBuildVersion":"6714","deviceManufacturer":"Google","currentProcessDetails":{"processName":"com.zebra.soho_app","pid":32141,"importance":100,"defaultProcess":true},"appProcessDetails":[{"processName":"com.zebra.soho_app","pid":32141,"importance":100,"defaultProcess":true}]}}}
10-09 19:30:33.868 D/SessionFirelogPublisher(32141): Successfully logged Session Start event: fcf9243060274f2fa98497aee09e0649
10-09 19:30:33.880 D/SessionLifecycleClient(32141): Session update received: fcf9243060274f2fa98497aee09e0649
10-09 19:30:33.881 D/SessionLifecycleClient(32141): Notified CRASHLYTICS of new session fcf9243060274f2fa98497aee09e0649
10-09 19:30:33.885 D/AdvertisingIdClient( 3179): AdvertisingIdClient already created.
10-09 19:30:33.886 I/AdvertisingIdClient( 3179): shouldSendLog 29279578
10-09 19:30:33.886 I/AdvertisingIdClient( 3179): GetInfoInternal elapse 1ms
10-09 19:30:33.890 I/flutter (32141): [2024-10-09 19:30:33.890157] getLocalTokens : access_token: OAqEYx9FvBI99D0Vw6IsBbCjZA1L
10-09 19:30:33.890 I/flutter (32141): [2024-10-09 19:30:33.890470] getLocalTokens : refresh_token: wnWmli6EoNQdIcxB4vvaFX8PtehDdqPtp3gRRVft5M
10-09 19:30:33.890 I/flutter (32141): [2024-10-09 19:30:33.890483] getLocalTokens : id_token: eyJhbGciOiJSUzI1NiIsImtpZCI6IktHMDdOOFNPcFZGQ0gyNUlWYUNBZ3dpS0pWMF9SUzI1NiJ9.eyJzdWIiOiJ6ZWJyYTkwMS5zd2R2dEBnbWFpbC5jb20iLCJhdWQiOiJhcGlnZWVfbW9iaWxlYXBwX21iIiwianRpIjoiNktQSFFkMG8wcTMyZ2M0VE80dElQYyIsImlzcyI6Imh0dHBzOi8vcGkuemVicmEuY29tIiwiaWF0IjoxNzI4NDgxNzI0LCJleHAiOjE3Mjg0ODIwMjQsImF1dGhfdGltZSI6MTcyODQ4MTcyMCwiYWNyIjoiR29vZ2xlX1NvY2lhbF9sb2dpbl9Qb2xpY3kiLCJ6dWlkIjoiOWQ4NzNiMTYtODk0OC00YThiLTg5Y2YtMmIwMjgzNzU0Mjg0IiwicGkuc3JpIjoiMXo3Y1hySG1ia0lEdGRHV2VDNEc2X3FwVHhJLmRYTXRaV0Z6ZEMweSIsInNpZCI6IjF6N2NYckhtYmtJRHRkR1dlQzRHNl9xcFR4SS5kWE10WldGemRDMHkifQ.KjVEqDwHSbYZKFrABFORbiQpNzhMB2OfXg-9jA74knAl9QmtBe6eTiDnq-sORm2qzuFwOI1j-x5a76pcpvP8Tb6sXsbFstjJJwaAPmILujoMTqjc2P-Wq0gFS7GaDIPOh0F1a4hilWqiBcgLzNMyYZR-onE2Aw8gStk1NTEK0C0sXNuJ11mq5Gspzo-4DxWuw-UdzDmjGQWxO9uk2mScTiiqSy2bYBs3HAHg14NdYsfGGPbQ44GkJcn20JMw_7BuXwaEV_3efVkt0xp4ct7hi1LueVUnBFVQZ53T_qZIkIO4eTWVqcPMcCH3rWINHlS0H4KbmXqY3Ad5naVCFhLS7Q
10-09 19:30:33.890 I/flutter (32141): [2024-10-09 19:30:33.890497] getLocalTokens : expires_in: 2892s
10-09 19:30:33.891 I/flutter (32141): [2024-10-09 19:30:33.891204] GRPC_CHANNEL: Network initialised to [ConnectivityResult.wifi]
10-09 19:30:33.891 I/flutter (32141): [2024-10-09 19:30:33.891222] GRPC_CHANNEL: ClientChannel@837766766 created
10-09 19:30:33.891 I/flutter (32141): [2024-10-09 19:30:33.891230] GRPC_CHANNEL: Subscribing to network state changes for ClientChannel@837766766
10-09 19:30:33.891 I/flutter (32141): [2024-10-09 19:30:33.891927] ================  Load  en Localizations  ================
