10-09 19:32:55.937 I/flutter (  740):   nanos: 141391062
10-09 19:32:55.937 I/flutter (  740): }
10-09 19:32:55.937 I/flutter (  740): ***
10-09 19:32:55.937 I/flutter (  740): [2024-10-09 19:32:55.937124] NON USER Notification
10-09 19:32:55.952 I/flutter (  740): [2024-10-09 19:32:55.952215] [{ id: DCJ224400016CC47515DD7B11C0D01233917F9758F20DE, sn: DCJ224400016CC47515DD7B11C0D01233917F9758F20DE, name: ZSB-DP12, wlanStrength: 100, wlanName: NESTWIFI, wlanIP: 192.168.86.204 }]
10-09 19:32:55.958 I/flutter (  740): [2024-10-09 19:32:55.958835] unary request. timestamp: 2024-10-09 19:32:55.958812 method name: /zsbpportal.ZsbpPortalService/GetPreferences
10-09 19:32:55.965 I/flutter (  740): [2024-10-09 19:32:55.965889] dispose #4
10-09 19:32:55.966 I/flutter (  740): [2024-10-09 19:32:55.966379] getLocalTokens : access_token: OAqEYx9FvBI99D0Vw6IsBbCjZA1L
10-09 19:32:55.966 I/flutter (  740): [2024-10-09 19:32:55.966490] getLocalTokens : refresh_token: wnWmli6EoNQdIcxB4vvaFX8PtehDdqPtp3gRRVft5M
10-09 19:32:55.966 I/flutter (  740): [2024-10-09 19:32:55.966550] getLocalTokens : id_token: eyJhbGciOiJSUzI1NiIsImtpZCI6IktHMDdOOFNPcFZGQ0gyNUlWYUNBZ3dpS0pWMF9SUzI1NiJ9.eyJzdWIiOiJ6ZWJyYTkwMS5zd2R2dEBnbWFpbC5jb20iLCJhdWQiOiJhcGlnZWVfbW9iaWxlYXBwX21iIiwianRpIjoiNktQSFFkMG8wcTMyZ2M0VE80dElQYyIsImlzcyI6Imh0dHBzOi8vcGkuemVicmEuY29tIiwiaWF0IjoxNzI4NDgxNzI0LCJleHAiOjE3Mjg0ODIwMjQsImF1dGhfdGltZSI6MTcyODQ4MTcyMCwiYWNyIjoiR29vZ2xlX1NvY2lhbF9sb2dpbl9Qb2xpY3kiLCJ6dWlkIjoiOWQ4NzNiMTYtODk0OC00YThiLTg5Y2YtMmIwMjgzNzU0Mjg0IiwicGkuc3JpIjoiMXo3Y1hySG1ia0lEdGRHV2VDNEc2X3FwVHhJLmRYTXRaV0Z6ZEMweSIsInNpZCI6IjF6N2NYckhtYmtJRHRkR1dlQzRHNl9xcFR4SS5kWE10WldGemRDMHkifQ.KjVEqDwHSbYZKFrABFORbiQpNzhMB2OfXg-9jA74knAl9QmtBe6eTiDnq-sORm2qzuFwOI1j-x5a76pcpvP8Tb6sXsbFstjJJwaAPmILujoMTqjc2P-Wq0gFS7GaDIPOh0F1a4hilWqiBcgLzNMyYZR-onE2Aw8gStk1NTEK0C0sXNuJ11mq5Gspzo-4DxWuw-UdzDmjGQWxO9uk2mScTiiqSy2bYBs3HAHg14NdYsfGGPbQ44GkJcn20JMw_7BuXwaEV_3efVkt0xp4ct7hi1LueVUnBFVQZ53T_qZIkIO4eTWVqcPMcCH3rWINHlS0H4KbmXqY3Ad5naVCFhLS7Q
10-09 19:32:55.966 I/flutter (  740): [2024-10-09 19:32:55.966766] getLocalTokens : expires_in: 2750s
10-09 19:32:55.966 I/flutter (  740): [2024-10-09 19:32:55.966857] verify: OAqEYx9FvBI99D0Vw6IsBbCjZA1L
10-09 19:32:56.131 I/flutter (  740): [2024-10-09 19:32:56.131471] unary request. timestamp: 2024-10-09 19:32:56.131428 method name: /zsbpportal.ZsbpPortalService/GetBannerMessages
10-09 19:32:56.132 I/flutter (  740): [2024-10-09 19:32:56.132087] getLocalTokens : access_token: OAqEYx9FvBI99D0Vw6IsBbCjZA1L
10-09 19:32:56.132 I/flutter (  740): [2024-10-09 19:32:56.132164] getLocalTokens : refresh_token: wnWmli6EoNQdIcxB4vvaFX8PtehDdqPtp3gRRVft5M
10-09 19:32:56.132 I/flutter (  740): [2024-10-09 19:32:56.132221] getLocalTokens : id_token: eyJhbGciOiJSUzI1NiIsImtpZCI6IktHMDdOOFNPcFZGQ0gyNUlWYUNBZ3dpS0pWMF9SUzI1NiJ9.eyJzdWIiOiJ6ZWJyYTkwMS5zd2R2dEBnbWFpbC5jb20iLCJhdWQiOiJhcGlnZWVfbW9iaWxlYXBwX21iIiwianRpIjoiNktQSFFkMG8wcTMyZ2M0VE80dElQYyIsImlzcyI6Imh0dHBzOi8vcGkuemVicmEuY29tIiwiaWF0IjoxNzI4NDgxNzI0LCJleHAiOjE3Mjg0ODIwMjQsImF1dGhfdGltZSI6MTcyODQ4MTcyMCwiYWNyIjoiR29vZ2xlX1NvY2lhbF9sb2dpbl9Qb2xpY3kiLCJ6dWlkIjoiOWQ4NzNiMTYtODk0OC00YThiLTg5Y2YtMmIwMjgzNzU0Mjg0IiwicGkuc3JpIjoiMXo3Y1hySG1ia0lEdGRHV2VDNEc2X3FwVHhJLmRYTXRaV0Z6ZEMweSIsInNpZCI6IjF6N2NYckhtYmtJRHRkR1dlQzRHNl9xcFR4SS5kWE10WldGemRDMHkifQ.KjVEqDwHSbYZKFrABFORbiQpNzhMB2OfXg-9jA74knAl9QmtBe6eTiDnq-sORm2qzuFwOI1j-x5a76pcpvP8Tb6sXsbFstjJJwaAPmILujoMTqjc2P-Wq0gFS7GaDIPOh0F1a4hilWqiBcgLzNMyYZR-onE2Aw8gStk1NTEK0C0sXNuJ11mq5Gspzo-4DxWuw-UdzDmjGQWxO9uk2mScTiiqSy2bYBs3HAHg14NdYsfGGPbQ44GkJcn20JMw_7BuXwaEV_3efVkt0xp4ct7hi1LueVUnBFVQZ53T_qZIkIO4eTWVqcPMcCH3rWINHlS0H4KbmXqY3Ad5naVCFhLS7Q
10-09 19:32:56.132 I/flutter (  740): [2024-10-09 19:32:56.132275] getLocalTokens : expires_in: 2750s
10-09 19:32:56.132 I/flutter (  740): [2024-10-09 19:32:56.132326] verify: OAqEYx9FvBI99D0Vw6IsBbCjZA1L
10-09 19:32:56.133 I/flutter (  740): [2024-10-09 19:32:56.133141] ____________________________________________________________
10-09 19:32:56.133 I/flutter (  740): [2024-10-09 19:32:56.133278] 
10-09 19:32:56.133 I/flutter (  740): *** Notification: 
10-09 19:32:56.133 I/flutter (  740):  id: 72333646
10-09 19:32:56.133 I/flutter (  740): payload: {"id":"72333646","result":[null,null,null,null,{"essid":"NESTWIFI","security":"wpa psk","address_resolution":{"type":"dhcp"}}],"cmd":"wlan.list_configurations","timestamp":"2024-10-09T14:02:55.389629803Z"}
10-09 19:32:56.133 I/flutter (  740): customerId: a73ff158-aeb4-483c-ba21-5829038110e2
10-09 19:32:56.133 I/flutter (  740): subjectId: DCJ224400016CC47515DD7B11C0D01233917F9758F20DE
10-09 19:32:56.133 I/flutter (  740): type: RESULTS
10-09 19:32:56.133 I/flutter (  740): subject: PRINTER
10-09 19:32:56.133 I/flutter (  740): created: {
10-09 19:32:56.133 I/flutter (  740):   seconds: 1728482575
10-09 19:32:56.133 I/flutter (  740):   nanos: 398423624
10-09 19:32:56.133 I/flutter (  740): }
10-09 19:32:56.133 I/flutter (  740): ***
10-09 19:32:56.133 I/flutter (  740): [2024-10-09 19:32:56.133356] Unhandled Printer Notification: PRINTER UNKNOWN_ACTION
10-09 19:32:56.133 I/flutter (  740): [2024-10-09 19:32:56.133520] NON USER Notification
10-09 19:32:56.134 I/flutter (  740): [2024-10-09 19:32:56.134590] ____________________________________________________________
10-09 19:32:56.134 I/flutter (  740): [2024-10-09 19:32:56.134721] 
10-09 19:32:56.134 I/flutter (  740): *** Notification: 
10-09 19:32:56.134 I/flutter (  740):  id: 72333646
10-09 19:32:56.134 I/flutter (  740): payload: {"id":"72333646","result":[null,null,null,null,{"essid":"NESTWIFI","security":"wpa psk","address_resolution":{"type":"dhcp"}}],"cmd":"wlan.list_configurations","timestamp":"2024-10-09T14:02:55.389629803Z"}
10-09 19:32:56.134 I/flutter (  740): customerId: a73ff158-aeb4-483c-ba21-5829038110e2
10-09 19:32:56.134 I/flutter (  740): subjectId: DCJ224400016CC47515DD7B11C0D01233917F9758F20DE
10-09 19:32:56.134 I/flutter (  740): type: RESULTS
10-09 19:32:56.134 I/flutter (  740): subject: PRINTER
10-09 19:32:56.134 I/flutter (  740): created: {
10-09 19:32:56.134 I/flutter (  740):   seconds: 1728482575
10-09 19:32:56.134 I/flutter (  740):   nanos: 407554997
10-09 19:32:56.134 I/flutter (  740): }
10-09 19:32:56.134 I/flutter (  740): ***
10-09 19:32:56.134 I/flutter (  740): [2024-10-09 19:32:56.134791] Unhandled Printer Notification: PRINTER UNKNOWN_ACTION
10-09 19:32:56.134 I/flutter (  740): [2024-10-09 19:32:56.134853] NON USER Notification
10-09 19:32:56.220 D/TrafficStats(32742): tagSocket(5) with statsTag=0xffffffff, statsUid=-1
10-09 19:32:56.223 D/TrafficStats(32742): tagSocket(78) with statsTag=0xffffffff, statsUid=-1
10-09 19:32:56.226 D/TrafficStats(32742): tagSocket(79) with statsTag=0xffffffff, statsUid=-1
10-09 19:32:56.286 D/TrafficStats(32742): tagSocket(80) with statsTag=0xffffffff, statsUid=-1
10-09 19:32:56.297 D/TrafficStats(32742): tagSocket(81) with statsTag=0xffffffff, statsUid=-1
10-09 19:32:56.300 D/TrafficStats(32742): tagSocket(82) with statsTag=0xffffffff, statsUid=-1
10-09 19:32:56.741 W/QueryController(32742): Could not detect idle state.
10-09 19:32:56.741 W/QueryController(32742): Could not detect idle state.
10-09 19:32:56.741 W/QueryController(32742): Could not detect idle state.
10-09 19:32:56.753 I/flutter (  740): [2024-10-09 19:32:56.753595] ____________________________________________________________
10-09 19:32:56.753 I/flutter (  740): [2024-10-09 19:32:56.753904] 
10-09 19:32:56.753 I/flutter (  740): *** Notification: 
10-09 19:32:56.753 I/flutter (  740):  id: 01J9RSE1NMNRDDR5TXDJ0G1KNY
10-09 19:32:56.753 I/flutter (  740): customerId: a73ff158-aeb4-483c-ba21-5829038110e2
10-09 19:32:56.753 I/flutter (  740): type: PORTAL_EVENT
10-09 19:32:56.753 I/flutter (  740): action: REGISTERED
10-09 19:32:56.753 I/flutter (  740): subject: NOTIFICATIONS
10-09 19:32:56.753 I/flutter (  740): created: {
10-09 19:32:56.753 I/flutter (  740):   seconds: 1728482576
10-09 19:32:56.753 I/flutter (  740):   nanos: 52272288
10-09 19:32:56.753 I/flutter (  740): }
10-09 19:32:56.753 I/flutter (  740): ***
10-09 19:32:56.754 I/flutter (  740): [2024-10-09 19:32:56.753986] NOTIFICATIONS: Registered
10-09 19:32:56.754 I/flutter (  740): [2024-10-09 19:32:56.754101] ____________________________________________________________
10-09 19:32:56.754 I/flutter (  740): [2024-10-09 19:32:56.754183] 
10-09 19:32:56.754 I/flutter (  740): *** Notification: 
10-09 19:32:56.754 I/flutter (  740):  id: 01J9RSE1NMNRDDR5TXDJ0G1KNY
10-09 19:32:56.754 I/flutter (  740): customerId: a73ff158-aeb4-483c-ba21-5829038110e2
10-09 19:32:56.754 I/flutter (  740): type: PORTAL_EVENT
10-09 19:32:56.754 I/flutter (  740): action: REGISTERED
10-09 19:32:56.754 I/flutter (  740): subject: NOTIFICATIONS
10-09 19:32:56.754 I/flutter (  740): created: {
10-09 19:32:56.754 I/flutter (  740):   seconds: 1728482576
10-09 19:32:56.754 I/flutter (  740):   nanos: 52272288
10-09 19:32:56.754 I/flutter (  740): }
10-09 19:32:56.754 I/flutter (  740): ***
10-09 19:32:56.754 I/flutter (  740): [2024-10-09 19:32:56.754240] NOTIFICATIONS: Registered
10-09 19:32:56.807 W/QueryController(32742): Could not detect idle state.
10-09 19:32:56.808 W/QueryController(32742): Could not detect idle state.
10-09 19:32:56.808 W/QueryController(32742): Could not detect idle state.
10-09 19:32:57.504 W/TimedProcessReaper( 2836): Memory state is: 125
10-09 19:32:57.674 W/TimedProcessReaper( 3151): Memory state is: 125
10-09 19:32:57.674 D/TimedProcessReaper( 3151): Attempted to reap process, but was too important
10-09 19:32:57.906 D/TrafficStats(32742): tagSocket(5) with statsTag=0xffffffff, statsUid=-1
10-09 19:32:57.916 D/TrafficStats(32742): tagSocket(78) with statsTag=0xffffffff, statsUid=-1
10-09 19:32:57.919 D/TrafficStats(32742): tagSocket(79) with statsTag=0xffffffff, statsUid=-1
10-09 19:32:57.926 I/WifiHAL ( 1047): Creating message to get link statistics; iface = 47
10-09 19:32:57.933 D/TrafficStats(32742): tagSocket(80) with statsTag=0xffffffff, statsUid=-1
10-09 19:32:57.937 D/TrafficStats(32742): tagSocket(81) with statsTag=0xffffffff, statsUid=-1
10-09 19:32:57.942 D/TrafficStats(32742): tagSocket(82) with statsTag=0xffffffff, statsUid=-1
10-09 19:32:57.975 I/WifiHAL ( 1047): In GetLinkStatsCommand::handleResponse
10-09 19:32:57.982 I/pen.pocoservice(32742): Background concurrent mark compact GC freed 19MB AllocSpace bytes, 167(5188KB) LOS objects, 81% free, 5655KB/29MB, paused 1.082ms,6.272ms total 64.326ms
10-09 19:32:58.009 D/ConnectivityService( 1475): NetReassign [no changes] [c 0] [a 0] [i 3]
10-09 19:32:58.406 E/ExoPlayerImplInternal(  740): Playback error
10-09 19:32:58.406 E/ExoPlayerImplInternal(  740):   c3.q: Source error
10-09 19:32:58.406 E/ExoPlayerImplInternal(  740):       at c3.l1.G(Unknown Source:16)
10-09 19:32:58.406 E/ExoPlayerImplInternal(  740):       at c3.l1.handleMessage(Unknown Source:323)
10-09 19:32:58.406 E/ExoPlayerImplInternal(  740):       at android.os.Handler.dispatchMessage(Handler.java:102)
10-09 19:32:58.406 E/ExoPlayerImplInternal(  740):       at android.os.Looper.loopOnce(Looper.java:201)
10-09 19:32:58.406 E/ExoPlayerImplInternal(  740):       at android.os.Looper.loop(Looper.java:288)
10-09 19:32:58.406 E/ExoPlayerImplInternal(  740):       at android.os.HandlerThread.run(HandlerThread.java:67)
10-09 19:32:58.406 E/ExoPlayerImplInternal(  740):   Caused by: b5.z$b: java.io.FileNotFoundException: /data/user/0/com.zebra.soho_app/app_flutter/lucas1.mp4: open failed: ENOENT (No such file or directory)
10-09 19:32:58.406 E/ExoPlayerImplInternal(  740):       at b5.z.v(Unknown Source:78)
10-09 19:32:58.406 E/ExoPlayerImplInternal(  740):       at b5.z.a(Unknown Source:7)
10-09 19:32:58.406 E/ExoPlayerImplInternal(  740):       at b5.s.a(Unknown Source:140)
10-09 19:32:58.406 E/ExoPlayerImplInternal(  740):       at b5.l0.a(Unknown Source:12)
10-09 19:32:58.406 E/ExoPlayerImplInternal(  740):       at g4.g0$a.a(Unknown Source:25)
10-09 19:32:58.406 E/ExoPlayerImplInternal(  740):       at b5.d0$d.run(Unknown Source:53)
10-09 19:32:58.406 E/ExoPlayerImplInternal(  740):       at java.util.concurrent.ThreadPoolExecutor.runWorker(ThreadPoolExecutor.java:1145)
10-09 19:32:58.406 E/ExoPlayerImplInternal(  740):       at java.util.concurrent.ThreadPoolExecutor$Worker.run(ThreadPoolExecutor.java:644)
10-09 19:32:58.406 E/ExoPlayerImplInternal(  740):       at java.lang.Thread.run(Thread.java:1012)
10-09 19:32:58.406 E/ExoPlayerImplInternal(  740):   Caused by: java.io.FileNotFoundException: /data/user/0/com.zebra.soho_app/app_flutter/lucas1.mp4: open failed: ENOENT (No such file or directory)
10-09 19:32:58.406 E/ExoPlayerImplInternal(  740):       at libcore.io.IoBridge.open(IoBridge.java:574)
10-09 19:32:58.406 E/ExoPlayerImplInternal(  740):       at java.io.RandomAccessFile.<init>(RandomAccessFile.java:307)
10-09 19:32:58.406 E/ExoPlayerImplInternal(  740):       at java.io.RandomAccessFile.<init>(RandomAccessFile.java:237)
10-09 19:32:58.406 E/ExoPlayerImplInternal(  740):       at java.io.RandomAccessFile.<init>(RandomAccessFile.java:154)
10-09 19:32:58.406 E/ExoPlayerImplInternal(  740):       at b5.z.v(Unknown Source:16)
10-09 19:32:58.406 E/ExoPlayerImplInternal(  740):       ... 8 more
10-09 19:32:58.406 E/ExoPlayerImplInternal(  740):   Caused by: android.system.ErrnoException: open failed: ENOENT (No such file or directory)
10-09 19:32:58.406 E/ExoPlayerImplInternal(  740):       at libcore.io.Linux.open(Native Method)
10-09 19:32:58.406 E/ExoPlayerImplInternal(  740):       at libcore.io.ForwardingOs.open(ForwardingOs.java:563)
10-09 19:32:58.406 E/ExoPlayerImplInternal(  740):       at libcore.io.BlockGuardOs.open(BlockGuardOs.java:274)
10-09 19:32:58.406 E/ExoPlayerImplInternal(  740):       at libcore.io.ForwardingOs.open(ForwardingOs.java:563)
10-09 19:32:58.406 E/ExoPlayerImplInternal(  740):       at android.app.ActivityThread$AndroidOs.open(ActivityThread.java:7804)
10-09 19:32:58.406 E/ExoPlayerImplInternal(  740):       at libcore.io.IoBridge.open(IoBridge.java:560)
10-09 19:32:58.406 E/ExoPlayerImplInternal(  740):       ... 12 more
10-09 19:32:59.031 D/TrafficStats(32742): tagSocket(5) with statsTag=0xffffffff, statsUid=-1
10-09 19:32:59.040 D/TrafficStats(32742): tagSocket(78) with statsTag=0xffffffff, statsUid=-1
10-09 19:32:59.044 D/TrafficStats(32742): tagSocket(79) with statsTag=0xffffffff, statsUid=-1
10-09 19:32:59.048 D/TrafficStats(32742): tagSocket(80) with statsTag=0xffffffff, statsUid=-1
10-09 19:32:59.055 D/TrafficStats(32742): tagSocket(81) with statsTag=0xffffffff, statsUid=-1
10-09 19:32:59.062 D/TrafficStats(32742): tagSocket(82) with statsTag=0xffffffff, statsUid=-1
10-09 19:32:59.334 D/BoundBrokerSvc( 3179): onUnbind: Intent { act=com.google.android.gms.measurement.START pkg=com.google.android.gms }
10-09 19:33:00.078 I/AiAiEcho( 3124): (REDACTED) Predicting[%d]: %s
10-09 19:33:00.082 I/AiAiEcho( 3124): (REDACTED) EchoTargets: %s
10-09 19:33:00.082 I/AiAiEcho( 3124): Filtered by AiAi flag check: %s
10-09 19:33:00.083 I/AiAiEcho( 3124): (REDACTED) Ranked targets strategy: %s, count: %d, ranking metadata: %s
10-09 19:33:00.088 I/AiAiEcho( 3124): (REDACTED) #weatherTwiddler: Weather removes SubtitleSupplementalItem in surface: %s
10-09 19:33:00.088 I/AiAiEcho( 3124): #remoteViewsTwiddler: feature disabled.
10-09 19:33:00.089 I/AiAiEcho( 3124): (REDACTED) Predicting[%d]: %s
10-09 19:33:00.091 I/AiAiEcho( 3124): (REDACTED) EchoTargets: %s
10-09 19:33:00.091 I/AiAiEcho( 3124): Filtered by AiAi flag check: %s
10-09 19:33:00.091 I/AiAiEcho( 3124): (REDACTED) Ranked targets strategy: %s, count: %d, ranking metadata: %s
10-09 19:33:00.092 I/AiAiEcho( 3124): (REDACTED) #weatherTwiddler: Weather removes SubtitleSupplementalItem in surface: %s
10-09 19:33:00.092 I/AiAiEcho( 3124): #remoteViewsTwiddler: feature disabled.
10-09 19:33:00.099 I/AiAiEcho( 3124): (REDACTED) #postPredictionTargets: Sending updates to UISurface %s with targets# %s (types=[%s])
10-09 19:33:00.101 D/SsBaseTemplateCard( 2066): No text view can be set up
10-09 19:33:00.102 D/SsBaseTemplateCard( 2066): Passed-in item info is null
10-09 19:33:00.102 D/SsBaseTemplateCard( 2066): Passed-in item info is null
10-09 19:33:00.102 I/SsBaseTemplateCard( 2066): Secondary card pane is null
10-09 19:33:00.103 I/AiAiEcho( 3124): (REDACTED) #postPredictionTargets: Sending updates to UISurface %s with targets# %s (types=[%s])
10-09 19:33:00.104 D/TrafficStats(32742): tagSocket(5) with statsTag=0xffffffff, statsUid=-1
10-09 19:33:00.106 D/SsBaseTemplateCard( 2411): No text view can be set up
10-09 19:33:00.106 D/SsBaseTemplateCard( 2411): Passed-in item info is null
10-09 19:33:00.106 D/SsBaseTemplateCard( 2411): Passed-in item info is null
10-09 19:33:00.106 I/SsBaseTemplateCard( 2411): Secondary card pane is null
10-09 19:33:00.113 D/TrafficStats(32742): tagSocket(78) with statsTag=0xffffffff, statsUid=-1
10-09 19:33:00.122 D/TrafficStats(32742): tagSocket(79) with statsTag=0xffffffff, statsUid=-1
10-09 19:33:00.125 D/TrafficStats(32742): tagSocket(80) with statsTag=0xffffffff, statsUid=-1
10-09 19:33:00.128 D/TrafficStats(32742): tagSocket(81) with statsTag=0xffffffff, statsUid=-1
10-09 19:33:00.135 D/TrafficStats(32742): tagSocket(82) with statsTag=0xffffffff, statsUid=-1
10-09 19:33:01.006 I/WifiHAL ( 1047): Creating message to get link statistics; iface = 47
10-09 19:33:01.077 I/WifiHAL ( 1047): In GetLinkStatsCommand::handleResponse
10-09 19:33:01.137 D/ConnectivityService( 1475): NetReassign [no changes] [c 1] [a 1] [i 9]
10-09 19:33:01.194 D/TrafficStats(32742): tagSocket(5) with statsTag=0xffffffff, statsUid=-1
10-09 19:33:01.206 D/TrafficStats(32742): tagSocket(78) with statsTag=0xffffffff, statsUid=-1
10-09 19:33:01.209 D/TrafficStats(32742): tagSocket(79) with statsTag=0xffffffff, statsUid=-1
10-09 19:33:01.211 D/TrafficStats(32742): tagSocket(80) with statsTag=0xffffffff, statsUid=-1
10-09 19:33:01.777 D/TrafficStats(32742): tagSocket(5) with statsTag=0xffffffff, statsUid=-1
10-09 19:33:01.786 D/TrafficStats(32742): tagSocket(78) with statsTag=0xffffffff, statsUid=-1
10-09 19:33:02.293 D/TrafficStats(32742): tagSocket(5) with statsTag=0xffffffff, statsUid=-1
10-09 19:33:02.297 D/TrafficStats(32742): tagSocket(78) with statsTag=0xffffffff, statsUid=-1
10-09 19:33:02.301 D/TrafficStats(32742): tagSocket(79) with statsTag=0xffffffff, statsUid=-1
10-09 19:33:02.304 D/TrafficStats(32742): tagSocket(80) with statsTag=0xffffffff, statsUid=-1
10-09 19:33:02.871 D/TrafficStats(32742): tagSocket(5) with statsTag=0xffffffff, statsUid=-1
10-09 19:33:02.878 D/TrafficStats(32742): tagSocket(78) with statsTag=0xffffffff, statsUid=-1
10-09 19:33:03.389 D/TrafficStats(32742): tagSocket(5) with statsTag=0xffffffff, statsUid=-1
10-09 19:33:03.392 D/TrafficStats(32742): tagSocket(78) with statsTag=0xffffffff, statsUid=-1
10-09 19:33:03.393 D/TrafficStats(32742): tagSocket(79) with statsTag=0xffffffff, statsUid=-1
10-09 19:33:03.404 D/BoundBrokerSvc( 3179): onUnbind: Intent { act=com.google.android.gms.safetynet.service.START pkg=com.google.android.gms }
10-09 19:33:03.404 D/TrafficStats(32742): tagSocket(80) with statsTag=0xffffffff, statsUid=-1
10-09 19:33:03.933 D/TrafficStats(32742): tagSocket(5) with statsTag=0xffffffff, statsUid=-1
10-09 19:33:03.959 D/TrafficStats(32742): tagSocket(78) with statsTag=0xffffffff, statsUid=-1
10-09 19:33:04.130 I/WifiHAL ( 1047): Creating message to get link statistics; iface = 47
10-09 19:33:04.186 D/TrafficStats(32742): tagSocket(5) with statsTag=0xffffffff, statsUid=-1
10-09 19:33:04.196 I/System.out(32742): {"id":"061b2086-d5c1-4ece-8483-a2ea2cdafe83","uri":"poco-uiautomation-framework","method":[["getattr","selector"],["getattr","select"],["call",[["",["and",[["attr=",["name","Continue"]]]]],["",false]]]],"session_id":"32c45e5a-b1d4-4120-9170-ee50ad40e608"}
10-09 19:33:04.198 I/WifiHAL ( 1047): In GetLinkStatsCommand::handleResponse
10-09 19:33:04.232 D/ConnectivityService( 1475): NetReassign [no changes] [c 0] [a 0] [i 2]
10-09 19:33:04.238 D/TrafficStats(32742): tagSocket(5) with statsTag=0xffffffff, statsUid=-1
10-09 19:33:04.242 I/System.out(32742): {"id":"a3d63565-a1e4-49cc-8664-a0cf7a0db224","uri":"poco-uiautomation-framework","method":[["getattr","selector"],["getattr","select"],["call",[["",["and",[["attr=",["name","Home"]]]]],["",false]]]],"session_id":"32c45e5a-b1d4-4120-9170-ee50ad40e608"}
10-09 19:33:04.264 D/TrafficStats(32742): tagSocket(5) with statsTag=0xffffffff, statsUid=-1
10-09 19:33:04.268 I/System.out(32742): {"id":"728b7ec2-badc-44b7-9a7a-6e327972b216","uri":"[Lcom.netease.open.libpoco.sdk.AbstractNode;@4002d6c(f738216d-380b-4124-85b8-172a1a8af8c1)","method":[["len",[]]],"session_id":"32c45e5a-b1d4-4120-9170-ee50ad40e608"}
10-09 19:33:04.277 D/TrafficStats(32742): tagSocket(78) with statsTag=0xffffffff, statsUid=-1
10-09 19:33:04.280 I/System.out(32742): {"id":"9074b349-508d-4ec3-8fc9-ced7b1bcc30f","uri":"[Lcom.netease.open.libpoco.sdk.AbstractNode;@4002d6c(f738216d-380b-4124-85b8-172a1a8af8c1)","method":[["len",[]]],"session_id":"32c45e5a-b1d4-4120-9170-ee50ad40e608"}
10-09 19:33:04.288 D/TrafficStats(32742): tagSocket(5) with statsTag=0xffffffff, statsUid=-1
10-09 19:33:04.291 I/System.out(32742): {"id":"1cc648fb-67f8-41e9-8577-eef08f0aed56","uri":"poco-uiautomation-framework","method":[["getattr","attributor"],["getattr","getAttr"],["call",[["uri","[Lcom.netease.open.libpoco.sdk.AbstractNode;@4002d6c(f738216d-380b-4124-85b8-172a1a8af8c1)"],["","visible"]]]],"session_id":"32c45e5a-b1d4-4120-9170-ee50ad40e608"}
10-09 19:33:04.303 D/TrafficStats(32742): tagSocket(5) with statsTag=0xffffffff, statsUid=-1
10-09 19:33:04.306 I/System.out(32742): {"id":"","uri":"[Lcom.netease.open.libpoco.sdk.AbstractNode;@4002d6c(f738216d-380b-4124-85b8-172a1a8af8c1)","method":[["del",[]]],"session_id":"32c45e5a-b1d4-4120-9170-ee50ad40e608"}
10-09 19:33:04.319 I/flutter (  740): [2024-10-09 19:33:04.319204] Active subscriptions (2)
10-09 19:33:04.490 D/TrafficStats(32742): tagSocket(5) with statsTag=0xffffffff, statsUid=-1
10-09 19:33:04.494 D/TrafficStats(32742): tagSocket(78) with statsTag=0xffffffff, statsUid=-1
10-09 19:33:04.499 D/TrafficStats(32742): tagSocket(79) with statsTag=0xffffffff, statsUid=-1
10-09 19:33:04.503 D/TrafficStats(32742): tagSocket(80) with statsTag=0xffffffff, statsUid=-1
10-09 19:33:04.510 D/BoundBrokerSvc( 3179): onUnbind: Intent { act=com.google.android.gms.inappreach.service.START dat=chimera-action:/... cmp=com.google.android.gms/.chimera.GmsApiService }
10-09 19:33:05.019 D/TrafficStats(32742): tagSocket(5) with statsTag=0xffffffff, statsUid=-1
10-09 19:33:05.028 D/TrafficStats(32742): tagSocket(78) with statsTag=0xffffffff, statsUid=-1
10-09 19:33:05.589 D/TrafficStats(32742): tagSocket(5) with statsTag=0xffffffff, statsUid=-1
10-09 19:33:05.594 D/TrafficStats(32742): tagSocket(78) with statsTag=0xffffffff, statsUid=-1
10-09 19:33:05.597 D/TrafficStats(32742): tagSocket(79) with statsTag=0xffffffff, statsUid=-1
10-09 19:33:05.597 D/TrafficStats(32742): tagSocket(80) with statsTag=0xffffffff, statsUid=-1
10-09 19:33:06.118 D/TrafficStats(32742): tagSocket(5) with statsTag=0xffffffff, statsUid=-1
10-09 19:33:06.124 D/TrafficStats(32742): tagSocket(78) with statsTag=0xffffffff, statsUid=-1
10-09 19:33:06.662 D/TrafficStats(32742): tagSocket(5) with statsTag=0xffffffff, statsUid=-1
10-09 19:33:06.669 D/TrafficStats(32742): tagSocket(78) with statsTag=0xffffffff, statsUid=-1
10-09 19:33:06.672 D/TrafficStats(32742): tagSocket(79) with statsTag=0xffffffff, statsUid=-1
10-09 19:33:06.674 D/TrafficStats(32742): tagSocket(80) with statsTag=0xffffffff, statsUid=-1
10-09 19:33:07.212 D/TrafficStats(32742): tagSocket(5) with statsTag=0xffffffff, statsUid=-1
10-09 19:33:07.220 D/TrafficStats(32742): tagSocket(78) with statsTag=0xffffffff, statsUid=-1
10-09 19:33:07.231 I/WifiHAL ( 1047): Creating message to get link statistics; iface = 47
10-09 19:33:07.281 I/WifiHAL ( 1047): In GetLinkStatsCommand::handleResponse
10-09 19:33:07.312 D/ConnectivityService( 1475): NetReassign [no changes] [c 0] [a 0] [i 3]
10-09 19:33:07.757 D/TrafficStats(32742): tagSocket(5) with statsTag=0xffffffff, statsUid=-1
10-09 19:33:07.762 D/TrafficStats(32742): tagSocket(78) with statsTag=0xffffffff, statsUid=-1
10-09 19:33:07.764 D/TrafficStats(32742): tagSocket(79) with statsTag=0xffffffff, statsUid=-1
10-09 19:33:07.765 D/TrafficStats(32742): tagSocket(80) with statsTag=0xffffffff, statsUid=-1
10-09 19:33:08.312 D/TrafficStats(32742): tagSocket(5) with statsTag=0xffffffff, statsUid=-1
10-09 19:33:08.318 D/TrafficStats(32742): tagSocket(78) with statsTag=0xffffffff, statsUid=-1
10-09 19:33:08.810 D/TrafficStats(32742): tagSocket(5) with statsTag=0xffffffff, statsUid=-1
10-09 19:33:08.825 D/TrafficStats(32742): tagSocket(78) with statsTag=0xffffffff, statsUid=-1
10-09 19:33:08.835 D/TrafficStats(32742): tagSocket(79) with statsTag=0xffffffff, statsUid=-1
10-09 19:33:08.840 D/TrafficStats(32742): tagSocket(80) with statsTag=0xffffffff, statsUid=-1
10-09 19:33:09.396 D/TrafficStats(32742): tagSocket(5) with statsTag=0xffffffff, statsUid=-1
10-09 19:33:09.407 D/TrafficStats(32742): tagSocket(78) with statsTag=0xffffffff, statsUid=-1
10-09 19:33:09.891 D/TrafficStats(32742): tagSocket(5) with statsTag=0xffffffff, statsUid=-1
10-09 19:33:09.898 D/TrafficStats(32742): tagSocket(78) with statsTag=0xffffffff, statsUid=-1
10-09 19:33:09.900 D/TrafficStats(32742): tagSocket(79) with statsTag=0xffffffff, statsUid=-1
10-09 19:33:09.907 D/TrafficStats(32742): tagSocket(80) with statsTag=0xffffffff, statsUid=-1
10-09 19:33:10.314 I/WifiHAL ( 1047): Creating message to get link statistics; iface = 47
10-09 19:33:10.376 I/WifiHAL ( 1047): In GetLinkStatsCommand::handleResponse
10-09 19:33:10.428 D/ConnectivityService( 1475): NetReassign [no changes] [c 1] [a 0] [i 9]
10-09 19:33:10.480 D/TrafficStats(32742): tagSocket(5) with statsTag=0xffffffff, statsUid=-1
10-09 19:33:10.488 D/TrafficStats(32742): tagSocket(78) with statsTag=0xffffffff, statsUid=-1
10-09 19:33:10.984 D/TrafficStats(32742): tagSocket(5) with statsTag=0xffffffff, statsUid=-1
10-09 19:33:10.989 D/TrafficStats(32742): tagSocket(78) with statsTag=0xffffffff, statsUid=-1
10-09 19:33:10.990 D/TrafficStats(32742): tagSocket(79) with statsTag=0xffffffff, statsUid=-1
10-09 19:33:10.992 D/TrafficStats(32742): tagSocket(80) with statsTag=0xffffffff, statsUid=-1
10-09 19:33:11.572 D/TrafficStats(32742): tagSocket(5) with statsTag=0xffffffff, statsUid=-1
10-09 19:33:11.578 D/TrafficStats(32742): tagSocket(78) with statsTag=0xffffffff, statsUid=-1
10-09 19:33:12.072 D/TrafficStats(32742): tagSocket(5) with statsTag=0xffffffff, statsUid=-1
10-09 19:33:12.083 D/TrafficStats(32742): tagSocket(78) with statsTag=0xffffffff, statsUid=-1
10-09 19:33:12.084 D/TrafficStats(32742): tagSocket(79) with statsTag=0xffffffff, statsUid=-1
10-09 19:33:12.085 D/TrafficStats(32742): tagSocket(80) with statsTag=0xffffffff, statsUid=-1
10-09 19:33:12.681 D/TrafficStats(32742): tagSocket(5) with statsTag=0xffffffff, statsUid=-1
10-09 19:33:12.683 D/TrafficStats(32742): tagSocket(78) with statsTag=0xffffffff, statsUid=-1
10-09 19:33:13.133 D/TrafficStats(32742): tagSocket(5) with statsTag=0xffffffff, statsUid=-1
10-09 19:33:13.147 D/TrafficStats(32742): tagSocket(78) with statsTag=0xffffffff, statsUid=-1
10-09 19:33:13.151 D/TrafficStats(32742): tagSocket(79) with statsTag=0xffffffff, statsUid=-1
10-09 19:33:13.163 D/TrafficStats(32742): tagSocket(80) with statsTag=0xffffffff, statsUid=-1
10-09 19:33:13.419 I/WifiHAL ( 1047): Creating message to get link statistics; iface = 47
10-09 19:33:13.543 I/WifiHAL ( 1047): In GetLinkStatsCommand::handleResponse
10-09 19:33:13.600 D/ConnectivityService( 1475): NetReassign [no changes] [c 2] [a 0] [i 12]
10-09 19:33:13.759 D/TrafficStats(32742): tagSocket(5) with statsTag=0xffffffff, statsUid=-1
10-09 19:33:13.766 D/TrafficStats(32742): tagSocket(78) with statsTag=0xffffffff, statsUid=-1
10-09 19:33:14.223 D/TrafficStats(32742): tagSocket(5) with statsTag=0xffffffff, statsUid=-1
10-09 19:33:14.231 D/TrafficStats(32742): tagSocket(78) with statsTag=0xffffffff, statsUid=-1
10-09 19:33:14.232 D/TrafficStats(32742): tagSocket(79) with statsTag=0xffffffff, statsUid=-1
10-09 19:33:14.234 D/TrafficStats(32742): tagSocket(80) with statsTag=0xffffffff, statsUid=-1
10-09 19:33:14.852 D/TrafficStats(32742): tagSocket(5) with statsTag=0xffffffff, statsUid=-1
10-09 19:33:14.860 D/TrafficStats(32742): tagSocket(78) with statsTag=0xffffffff, statsUid=-1
10-09 19:33:15.300 D/TrafficStats(32742): tagSocket(5) with statsTag=0xffffffff, statsUid=-1
10-09 19:33:15.314 D/TrafficStats(32742): tagSocket(78) with statsTag=0xffffffff, statsUid=-1
10-09 19:33:15.316 D/TrafficStats(32742): tagSocket(79) with statsTag=0xffffffff, statsUid=-1
10-09 19:33:15.317 D/TrafficStats(32742): tagSocket(80) with statsTag=0xffffffff, statsUid=-1
10-09 19:33:15.952 D/TrafficStats(32742): tagSocket(5) with statsTag=0xffffffff, statsUid=-1
10-09 19:33:15.959 D/TrafficStats(32742): tagSocket(78) with statsTag=0xffffffff, statsUid=-1
10-09 19:33:16.373 D/TrafficStats(32742): tagSocket(5) with statsTag=0xffffffff, statsUid=-1
10-09 19:33:16.381 D/TrafficStats(32742): tagSocket(78) with statsTag=0xffffffff, statsUid=-1
10-09 19:33:16.387 D/TrafficStats(32742): tagSocket(79) with statsTag=0xffffffff, statsUid=-1
10-09 19:33:16.388 I/System.out(32742): {"id":"cf0434b9-b456-434e-9d60-8e406ca63ce1","uri":"poco-uiautomation-framework","method":[["getattr","selector"],["getattr","select"],["call",[["",["and",[["attr=",["name","Open navigation menu"]]]]],["",false]]]],"session_id":"32c45e5a-b1d4-4120-9170-ee50ad40e608"}
10-09 19:33:16.391 D/TrafficStats(32742): tagSocket(80) with statsTag=0xffffffff, statsUid=-1
10-09 19:33:16.393 D/TrafficStats(32742): tagSocket(81) with statsTag=0xffffffff, statsUid=-1
10-09 19:33:16.411 D/TrafficStats(32742): tagSocket(78) with statsTag=0xffffffff, statsUid=-1
10-09 19:33:16.414 I/System.out(32742): {"id":"a8f5fc4b-02fc-42ac-b407-47229b815d4c","uri":"[Lcom.netease.open.libpoco.sdk.AbstractNode;@bc75330(61d8834c-a9ed-4464-bf51-53fc77d41a41)","method":[["len",[]]],"session_id":"32c45e5a-b1d4-4120-9170-ee50ad40e608"}
10-09 19:33:16.422 D/TrafficStats(32742): tagSocket(78) with statsTag=0xffffffff, statsUid=-1
10-09 19:33:16.425 I/System.out(32742): {"id":"df5289a9-52ad-4c23-a09d-d5b928e9ab38","uri":"[Lcom.netease.open.libpoco.sdk.AbstractNode;@bc75330(61d8834c-a9ed-4464-bf51-53fc77d41a41)","method":[["len",[]]],"session_id":"32c45e5a-b1d4-4120-9170-ee50ad40e608"}
10-09 19:33:16.433 D/TrafficStats(32742): tagSocket(78) with statsTag=0xffffffff, statsUid=-1
10-09 19:33:16.437 I/System.out(32742): {"id":"0d64896c-e61f-437f-90ec-155a99915fc1","uri":"poco-uiautomation-framework","method":[["getattr","attributor"],["getattr","getAttr"],["call",[["uri","[Lcom.netease.open.libpoco.sdk.AbstractNode;@bc75330(61d8834c-a9ed-4464-bf51-53fc77d41a41)"],["","pos"]]]],"session_id":"32c45e5a-b1d4-4120-9170-ee50ad40e608"}
10-09 19:33:16.447 D/TrafficStats(32742): tagSocket(78) with statsTag=0xffffffff, statsUid=-1
10-09 19:33:16.451 I/System.out(32742): {"id":"6e2aed54-73de-44ed-a24d-67ba2f4870f0","uri":"poco-uiautomation-framework","method":[["getattr","attributor"],["getattr","getAttr"],["call",[["uri","[Lcom.netease.open.libpoco.sdk.AbstractNode;@bc75330(61d8834c-a9ed-4464-bf51-53fc77d41a41)"],["","size"]]]],"session_id":"32c45e5a-b1d4-4120-9170-ee50ad40e608"}
10-09 19:33:16.460 D/TrafficStats(32742): tagSocket(5) with statsTag=0xffffffff, statsUid=-1
10-09 19:33:16.464 I/System.out(32742): {"id":"419466ef-8f30-4daf-b687-2520060c9edb","uri":"poco-uiautomation-framework","method":[["getattr","attributor"],["getattr","getAttr"],["call",[["uri","[Lcom.netease.open.libpoco.sdk.AbstractNode;@bc75330(61d8834c-a9ed-4464-bf51-53fc77d41a41)"],["","anchorPoint"]]]],"session_id":"32c45e5a-b1d4-4120-9170-ee50ad40e608"}
10-09 19:33:16.564 D/DLObserver( 2066): onReceive(); android.intent.action.BATTERY_CHANGED
10-09 19:33:16.564 D/DLObserver( 2066): plugged=2
10-09 19:33:16.574 D/PowerUI ( 2066): can't show warning due to - plugged: true status unknown: false
10-09 19:33:16.576 D/PowerNotificationWarningsGoogleImpl( 2066): onReceive: android.intent.action.BATTERY_CHANGED
10-09 19:33:16.576 D/BatteryDefenderNotification( 2066): isPlugged: true | isOverheated: false | defenderEnabled: false | isCharged: true | isPluggedInDock: false
10-09 19:33:16.585 I/WifiHAL ( 1047): Creating message to get link statistics; iface = 47
10-09 19:33:16.595 W/Turbo.EstimatedTimeRemainingProvider(15112): queryTimeToDischarge: 272940865
10-09 19:33:16.608 D/BatteryInfoBroadcast( 2066): onReceive: android.intent.action.BATTERY_CHANGED isPowerSaveMode: false remainingTimeMillis: 272940865
10-09 19:33:16.642 I/WifiHAL ( 1047): In GetLinkStatsCommand::handleResponse
10-09 19:33:16.679 D/ConnectivityService( 1475): NetReassign [no changes] [c 0] [a 1] [i 1]
10-09 19:33:16.811 I/BistoHotwordHelper( 3140): (REDACTED) getHotwordActive::active query: %s, watch: %s, devices connected: %s
10-09 19:33:16.985 D/AndroidRuntime( 1212): >>>>>> START com.android.internal.os.RuntimeInit uid 2000 <<<<<<
10-09 19:33:16.989 I/app_process( 1212): MMAP_TRYLOCK is not supported in uffd addr:0x708da69000 page-size:4096
10-09 19:33:16.990 I/AndroidRuntime( 1212): Using default boot image
10-09 19:33:16.990 I/AndroidRuntime( 1212): Leaving lock profiling enabled
10-09 19:33:16.992 I/app_process( 1212): Using CollectorTypeCMC GC.
10-09 19:33:17.041 D/nativeloader( 1212): InitDefaultPublicLibraries for_preload=1: libandroid.so:libaaudio.so:libamidi.so:libbinder_ndk.so:libc.so:libcamera2ndk.so:libdl.so:libEGL.so:libGLESv1_CM.so:libGLESv2.so:libGLESv3.so:libicu.so:libicui18n.so:libicuuc.so:libjnigraphics.so:liblog.so:libmediandk.so:libm.so:libnativehelper.so:libnativewindow.so:libOpenMAXAL.so:libOpenSLES.so:libRS.so:libstdc++.so:libsync.so:libvulkan.so:libwebviewchromium_plat_support.so:libz.so
10-09 19:33:17.046 D/TrafficStats(32742): tagSocket(5) with statsTag=0xffffffff, statsUid=-1
10-09 19:33:17.047 D/TrafficStats(32742): tagSocket(78) with statsTag=0xffffffff, statsUid=-1
10-09 19:33:17.047 D/nativeloader( 1212): Load libicu_jni.so using APEX ns com_android_art for caller /apex/com.android.art/javalib/core-oj.jar: ok
10-09 19:33:17.047 D/app_process( 1212): Time zone APEX ICU file found: /apex/com.android.tzdata/etc/icu/icu_tzdata.dat
10-09 19:33:17.047 D/app_process( 1212): I18n APEX ICU file found: /apex/com.android.i18n/etc/icu/icudt70l.dat
10-09 19:33:17.048 D/nativeloader( 1212): Load libjavacore.so using APEX ns com_android_art for caller /apex/com.android.art/javalib/core-oj.jar: ok
10-09 19:33:17.049 D/nativeloader( 1212): Load libopenjdk.so using APEX ns com_android_art for caller /apex/com.android.art/javalib/core-oj.jar: ok
10-09 19:33:17.050 W/ziparchive( 1212): Unable to open '/data/local/tmp/rotationwatcher.dm': No such file or directory
10-09 19:33:17.063 D/nativeloader( 1212): Load libframework-connectivity-tiramisu-jni.so using APEX ns com_android_tethering for caller /apex/com.android.tethering/javalib/framework-connectivity-t.jar: ok
10-09 19:33:17.063 D/AndroidRuntime( 1212): Calling main entry com.example.rotationwatcher.Main
10-09 19:33:17.445 D/TrafficStats(32742): tagSocket(5) with statsTag=0xffffffff, statsUid=-1
10-09 19:33:17.455 D/TrafficStats(32742): tagSocket(78) with statsTag=0xffffffff, statsUid=-1
10-09 19:33:17.457 D/TrafficStats(32742): tagSocket(79) with statsTag=0xffffffff, statsUid=-1
10-09 19:33:17.460 D/TrafficStats(32742): tagSocket(80) with statsTag=0xffffffff, statsUid=-1
10-09 19:33:18.086 D/TrafficStats(32742): tagSocket(5) with statsTag=0xffffffff, statsUid=-1
10-09 19:33:18.097 D/TrafficStats(32742): tagSocket(78) with statsTag=0xffffffff, statsUid=-1
10-09 19:33:18.257 D/display (  455): PrimaryDisplay: edid_property is supported but blob is not valid
10-09 19:33:18.258 D/display (  455): using Display Fake Edid
10-09 19:33:18.258 D/display (  455): PrimaryDisplay: edid_property is supported but blob is not valid
10-09 19:33:18.258 D/display (  455): using Display Fake Edid
10-09 19:33:18.258 W/DisplayIdentification(  452): Invalid EDID: model year or manufacture year cannot be in the range [0x0, 0xf].
10-09 19:33:18.258 D/display (  455): getColorModes: size(3)
10-09 19:33:18.258 D/display (  455): getColorModes: size(3)
10-09 19:33:18.258 D/display (  455): 	mode[0] 0
10-09 19:33:18.258 D/display (  455): 	mode[1] 7
10-09 19:33:18.258 D/display (  455): 	mode[2] 9
10-09 19:33:18.265 I/display (  455): HWC dump:: resultSize(15243), outSize(15243), copySize(15243)
10-09 19:33:18.340 D/BoundBrokerSvc( 3179): onBind: Intent { act=com.google.android.gms.safetynet.service.START pkg=com.google.android.gms }
10-09 19:33:18.340 D/BoundBrokerSvc( 3179): Loading bound service for intent: Intent { act=com.google.android.gms.safetynet.service.START pkg=com.google.android.gms }
10-09 19:33:18.511 D/TrafficStats(32742): tagSocket(5) with statsTag=0xffffffff, statsUid=-1
10-09 19:33:18.547 D/TrafficStats(32742): tagSocket(78) with statsTag=0xffffffff, statsUid=-1
10-09 19:33:18.552 D/TrafficStats(32742): tagSocket(79) with statsTag=0xffffffff, statsUid=-1
10-09 19:33:18.555 D/TrafficStats(32742): tagSocket(80) with statsTag=0xffffffff, statsUid=-1
10-09 19:33:19.174 D/TrafficStats(32742): tagSocket(5) with statsTag=0xffffffff, statsUid=-1
10-09 19:33:19.180 D/TrafficStats(32742): tagSocket(78) with statsTag=0xffffffff, statsUid=-1
10-09 19:33:19.256 D/AndroidRuntime( 1304): >>>>>> START com.android.internal.os.RuntimeInit uid 2000 <<<<<<
10-09 19:33:19.258 I/app_process( 1304): MMAP_TRYLOCK is not supported in uffd addr:0x7ac3b7a000 page-size:4096
10-09 19:33:19.259 I/AndroidRuntime( 1304): Using default boot image
10-09 19:33:19.259 I/AndroidRuntime( 1304): Leaving lock profiling enabled
10-09 19:33:19.260 I/app_process( 1304): Using CollectorTypeCMC GC.
10-09 19:33:19.305 D/nativeloader( 1304): InitDefaultPublicLibraries for_preload=1: libandroid.so:libaaudio.so:libamidi.so:libbinder_ndk.so:libc.so:libcamera2ndk.so:libdl.so:libEGL.so:libGLESv1_CM.so:libGLESv2.so:libGLESv3.so:libicu.so:libicui18n.so:libicuuc.so:libjnigraphics.so:liblog.so:libmediandk.so:libm.so:libnativehelper.so:libnativewindow.so:libOpenMAXAL.so:libOpenSLES.so:libRS.so:libstdc++.so:libsync.so:libvulkan.so:libwebviewchromium_plat_support.so:libz.so
10-09 19:33:19.311 D/nativeloader( 1304): Load libicu_jni.so using APEX ns com_android_art for caller /apex/com.android.art/javalib/core-oj.jar: ok
10-09 19:33:19.311 D/app_process( 1304): Time zone APEX ICU file found: /apex/com.android.tzdata/etc/icu/icu_tzdata.dat
10-09 19:33:19.311 D/app_process( 1304): I18n APEX ICU file found: /apex/com.android.i18n/etc/icu/icudt70l.dat
10-09 19:33:19.311 D/nativeloader( 1304): Load libjavacore.so using APEX ns com_android_art for caller /apex/com.android.art/javalib/core-oj.jar: ok
10-09 19:33:19.312 D/nativeloader( 1304): Load libopenjdk.so using APEX ns com_android_art for caller /apex/com.android.art/javalib/core-oj.jar: ok
10-09 19:33:19.314 W/ziparchive( 1304): Unable to open '/data/local/tmp/maxpresent.dm': No such file or directory
10-09 19:33:19.318 I/flutter (  740): [2024-10-09 19:33:19.318143] Active subscriptions (2)
10-09 19:33:19.355 D/nativeloader( 1304): Load libframework-connectivity-tiramisu-jni.so using APEX ns com_android_tethering for caller /apex/com.android.tethering/javalib/framework-connectivity-t.jar: ok
10-09 19:33:19.355 D/AndroidRuntime( 1304): Calling main entry com.netease.maxpresent.MaxPresent
10-09 19:33:19.392 D/audio_hw_waves( 1009): waves_usecase_event: low-latency-playback stream info change
10-09 19:33:19.392 D/audio_hw_output_stream( 1009): update stream 1 active 1 gain 0.003196
10-09 19:33:19.392 D/audio_hw( 1009): prepare low-latency-playback
10-09 19:33:19.392 D/audio_hw_soundtrigger( 1009): st_uc_monitor:uc:low-latency-playback active
10-09 19:33:19.392 D/audio_hw( 1009): low-latency-playback:
10-09 19:33:19.392 D/audio_hw( 1009): rx:
10-09 19:33:19.392 D/audio_hw( 1009):   #0: OUT_SPEAKER_BE_CFG 0
10-09 19:33:19.392 W/audio_hw_35l41( 1009): cs35l41_amp_common_event: ret: 0, event: 1, state: 2, device: 4
10-09 19:33:19.392 D/audio_route( 1009): Apply path: speaker
10-09 19:33:19.397 I/flutter (  740): [2024-10-09 19:33:19.397934] initState #5
10-09 19:33:19.398 I/flutter (  740): [2024-10-09 19:33:19.398348] initState #6
10-09 19:33:19.399 D/audio_hw_aoc_route( 1009): speaker 1
10-09 19:33:19.399 D/audio_route( 1009): Apply path: hostless-ulC spk-vi
10-09 19:33:19.401 W/audio_hw_35l41( 1009): cs35l41_amp_common_event: ret: 0, event: 2, state: 3, device: 4
10-09 19:33:19.401 D/audio_hw_soundtrigger( 1009): st_comm_aud_event_monitor:codec dev:4 active
10-09 19:33:19.401 I/audio_hw_aoc( 1009): Mode Ambient is already selected
10-09 19:33:19.401 D/audio_route( 1009): Apply path: low-latency-playbackP
10-09 19:33:19.403 D/audio_hw_aoc_route( 1009): low-latency-playbackP 1
10-09 19:33:19.403 E/audio_route( 1009): unable to find path 'speaker-post'
10-09 19:33:19.403 D/audio_hw_aoc_route( 1009): speaker-post 1
10-09 19:33:19.404 D/AOC     ( 1228): F1:MSG: controller.cc, 273: AudioOutCtrl: cmd ID: 0x010f, tag: 0xc5 [cntr = 1162]
10-09 19:33:19.404 D/AOC     ( 1228): F1:Source 1 mastered by sink 0
10-09 19:33:19.404 D/AOC     ( 1228): F1:AT Map:2 (LL:0), 1 EPs active, Power: Yes, Config: No
10-09 19:33:19.404 D/AOC     ( 1228): F1:Mixer 0 configuration changed: (2)
10-09 19:33:19.404 D/AOC     ( 1228): F1:Sink 0 Configuration changed: ULL (enabled)
10-09 19:33:19.404 D/AOC     ( 1228): F1:AHWSinkSPKR started: 48 samples (32-bit,2 ch,48 kHz) block 384
10-09 19:33:19.404 D/AOC     ( 1228): F1:[AHWSinkSPKR] DL resync B: 0, A:0. wo: 0, target offset: 1632 (align 0) -> ro:0
10-09 19:33:19.404 D/AOC     ( 1228): F1:MSG: controller.cc, 811: AudioOutCtrl: ipc: audio_output_co, cmd ID: 0x010f, tag: 0xc5, rc: 0
10-09 19:33:19.404 D/AOC     ( 1228): F1:Speaker Started (DualDMA on 1 and 2)
10-09 19:33:19.405 D/AOC     ( 1228): F1:[AHWSinkSPKR] mix overrun by 3840
10-09 19:33:19.405 D/AOC     ( 1228): H0:Mixer AMixSPKR: 480 samples (0002/0002) (ON SC)
10-09 19:33:19.405 D/AOC     ( 1228): H0:	 1: 0x403ea5d8
10-09 19:33:19.405 D/AOC     ( 1228): H0:AMixSPKR PostProcessing Config: WAVES
10-09 19:33:19.405 D/AOC     ( 1228): H0:Mixer configuration updated
10-09 19:33:19.405 D/AOC     ( 1228): H0:Mixer state changed
10-09 19:33:19.405 D/audio_hw_waves( 1009): update_sink_info_from_usecases: update sink 1 info
10-09 19:33:19.405 D/audio_hw_waves( 1009): update_rotation_from_adev: update sink 1 info
10-09 19:33:19.405 D/audio_hw_waves( 1009): waves_usecase_event: low-latency-playback start
10-09 19:33:19.405 D/audio_hw_waves( 1009): update_sink_info_from_usecases: update sink 1 info
10-09 19:33:19.405 D/audio_hw_waves( 1009): update_sink_info_from_usecases: VOL/Stream update 0.000000(4294967295) -> 0.003196(1)
10-09 19:33:19.405 D/audio_hw_waves( 1009): set_waves_tuning_from_sink: initialize parameters successfully.
10-09 19:33:19.406 D/AOC     ( 1228): F1:MSG: controller.cc, 273: AudioOutCtrl: cmd ID: 0x00ce, tag: 0xc6 [cntr = 1163]
10-09 19:33:19.406 D/AOC     ( 1228): F1:MSG: controller.cc, 811: AudioOutCtrl: ipc: audio_output_co, cmd ID: 0x0120, tag: 0xa8, rc: 0
10-09 19:33:19.407 D/audio_hw_waves( 1009): send_waves_tuning: instance_id = 1, tuning_id = 2
10-09 19:33:19.407 D/audio_hw_aoc( 1009): aoc_send_rtc_mixer_tuning: block_id = 16, comp_id = 2
10-09 19:33:19.407 D/AOC     ( 1228): F1:MSG: controller.cc, 273: AudioOutCtrl: cmd ID: 0x00d5, tag: 0xd2 [cntr = 1164]
10-09 19:33:19.409 D/AOC     ( 1228): H0:MSG: controller.cc, 811: AudOutCtrlH0: ipc: C-AO-H0, cmd ID: 0x00d5, tag: 0xe1, rc: 0
10-09 19:33:19.409 D/AOC     ( 1228): F1:MSG: controller.cc, 811: AudioOutCtrl: ipc: audio_output_tu, cmd ID: 0x00d5, tag: 0xe1, rc: 0
10-09 19:33:19.414 D/AOC     ( 1228): F1:MSG: controller.cc, 273: AudioOutCtrl: cmd ID: 0x00c9, tag: 0xc7 [cntr = 1165]
10-09 19:33:19.414 D/AOC     ( 1228): F1:MSG: controller.cc, 811: AudioOutCtrl: ipc: audio_output_co, cmd ID: 0x00c9, tag: 0xc7, rc: 0
10-09 19:33:19.579 D/audio_hw_waves( 1009): waves_usecase_event: low-latency-playback stream info change
10-09 19:33:19.579 D/audio_hw_waves( 1009): update_sink_info_from_usecases: update sink 1 info
10-09 19:33:19.579 D/audio_hw_output_stream( 1009): update stream 1 active 0 gain 0.000000
10-09 19:33:19.582 D/TrafficStats(32742): tagSocket(5) with statsTag=0xffffffff, statsUid=-1
10-09 19:33:19.604 D/TrafficStats(32742): tagSocket(78) with statsTag=0xffffffff, statsUid=-1
10-09 19:33:19.614 D/TrafficStats(32742): tagSocket(79) with statsTag=0xffffffff, statsUid=-1
10-09 19:33:19.620 D/TrafficStats(32742): tagSocket(80) with statsTag=0xffffffff, statsUid=-1
10-09 19:33:19.674 I/WifiHAL ( 1047): Creating message to get link statistics; iface = 47
10-09 19:33:19.723 I/WifiHAL ( 1047): In GetLinkStatsCommand::handleResponse
10-09 19:33:19.754 D/ConnectivityService( 1475): NetReassign [no changes] [c 0] [a 1] [i 3]
10-09 19:33:20.200 W/QueryController(32742): Could not detect idle state.
10-09 19:33:20.201 W/QueryController(32742): Could not detect idle state.
10-09 19:33:20.201 W/QueryController(32742): Could not detect idle state.
10-09 19:33:20.203 W/QueryController(32742): Could not detect idle state.
10-09 19:33:20.248 D/TrafficStats(32742): tagSocket(81) with statsTag=0xffffffff, statsUid=-1
10-09 19:33:20.267 D/TrafficStats(32742): tagSocket(82) with statsTag=0xffffffff, statsUid=-1
10-09 19:33:20.453 D/audio_hw_35l41( 1009): cs35l41_rtlogger_data_analysis: Left/Top impedance: 100000
10-09 19:33:20.454 D/audio_hw_35l41( 1009): cs35l41_rtlogger_data_analysis: Right/Bottom impedance: 100000
10-09 19:33:20.454 D/audio_hw_35l41( 1009): cs35l41_bdlogger_data_analysis: Left/Top Max temp: 0x72454 ==> 28.567627 C
10-09 19:33:20.454 D/audio_hw_35l41( 1009): cs35l41_bdlogger_data_analysis: Left/Top Max exc: 0x6c1f ==> 0.052794 mm
10-09 19:33:20.455 D/audio_hw_35l41( 1009): cs35l41_bdlogger_data_analysis: Left/Top dsp heartbeat = 0x42384
10-09 19:33:20.455 D/audio_hw_35l41( 1009): cs35l41_bdlogger_data_analysis: Right/Bottom Max temp: 0x80e96 ==> 32.227905 C
10-09 19:33:20.455 D/audio_hw_35l41( 1009): cs35l41_bdlogger_data_analysis: Right/Bottom Max exc: 0x5e3a ==> 0.046009 mm
10-09 19:33:20.456 D/audio_hw_35l41( 1009): cs35l41_bdlogger_data_analysis: Right/Bottom dsp heartbeat = 0x4394a
10-09 19:33:21.053 D/BluetoothAdapterService( 2255): cancelDiscovery
10-09 19:33:21.055 I/bt_btif_dm( 2255): packages/modules/Bluetooth/system/btif/src/btif_dm.cc:2145 btif_dm_cancel_discovery: Cancel search
10-09 19:33:21.056 D/BluetoothAdapter(11704): isLeEnabled(): ON
10-09 19:33:21.062 I/bt_stack( 2255): [INFO:le_scanning_manager.cc(141)] RegisterScanner in shim layer
10-09 19:33:21.064 D/BluetoothLeScanner(11704): onScannerRegistered() - status=0 scannerId=2 mScannerId=0
10-09 19:33:21.084 D/ActivityAttributionService( 2255): notifyActivityAttributionInfo UID=1002 packageName=com.google.android.bluetooth deviceAddress=no_active_device_address
10-09 19:33:21.084 I/bt_btif ( 2255): packages/modules/Bluetooth/system/btif/src/bluetooth.cc:465 get_profile_interface: get_profile_interface: id = activity_attribution
10-09 19:33:21.085 I/bt_stack( 2255): [INFO:le_scanning_manager.cc(238)] ScanFilterEnable in shim layer
10-09 19:33:21.086 I/bt_stack( 2255): [INFO:le_scanning_manager.cc(213)] ScanFilterAdd in shim layer
10-09 19:33:21.088 I/bt_stack( 2255): [INFO:le_scanning_manager.cc(174)] ScanFilterParamSetup in shim layer
10-09 19:33:21.092 I/bt_stack( 2255): [INFO:le_scanning_manager.cc(154)] Scan in shim layer stopped
10-09 19:33:21.092 I/bt_stack( 2255): [INFO:le_scanning_manager.cc(250)] SetScanParameters in shim layer
10-09 19:33:21.092 I/bt_stack( 2255): [INFO:le_scanning_manager.cc(154)] Scan in shim layer started
10-09 19:33:21.101 I/bluetooth( 2255): packages/modules/Bluetooth/system/gd/hci/le_address_manager.cc:190 unregister_client: Client unregistered
10-09 19:33:21.101 I/bluetooth( 2255): packages/modules/Bluetooth/system/gd/hci/le_address_manager.cc:194 unregister_client: Cancelled address rotation alarm
10-09 19:33:21.101 I/bluetooth( 2255): packages/modules/Bluetooth/system/gd/hci/le_scanning_manager.cc:659 stop_scan: Scanning already stopped, return!
10-09 19:33:21.101 I/bluetooth( 2255): packages/modules/Bluetooth/system/gd/hci/le_address_manager.cc:172 register_client: Scheduled address rotation for first client registered
10-09 19:33:21.101 I/bluetooth( 2255): packages/modules/Bluetooth/system/gd/hci/le_address_manager.cc:175 register_client: Client registered
10-09 19:33:21.158 D/TrafficStats(32742): tagSocket(5) with statsTag=0xffffffff, statsUid=-1
10-09 19:33:21.173 I/System.out(32742): {"id":"","uri":"[Lcom.netease.open.libpoco.sdk.AbstractNode;@bc75330(61d8834c-a9ed-4464-bf51-53fc77d41a41)","method":[["del",[]]],"session_id":"32c45e5a-b1d4-4120-9170-ee50ad40e608"}
10-09 19:33:21.189 D/TrafficStats(32742): tagSocket(5) with statsTag=0xffffffff, statsUid=-1
10-09 19:33:21.193 I/System.out(32742): {"id":"1863c22a-d8eb-4b8d-a700-7f81ee6ce5a7","uri":"poco-uiautomation-framework","method":[["getattr","selector"],["getattr","select"],["call",[["",["and",[["attr=",["name","Common Designs"]]]]],["",false]]]],"session_id":"32c45e5a-b1d4-4120-9170-ee50ad40e608"}
10-09 19:33:21.245 D/TrafficStats(32742): tagSocket(5) with statsTag=0xffffffff, statsUid=-1
10-09 19:33:21.250 I/System.out(32742): {"id":"ae770f12-7fb6-43c7-8c80-79b7bcd0ead0","uri":"[Lcom.netease.open.libpoco.sdk.AbstractNode;@da83f24(3c6159a2-4b5f-4f57-87d2-6df8e23168a4)","method":[["len",[]]],"session_id":"32c45e5a-b1d4-4120-9170-ee50ad40e608"}
10-09 19:33:21.275 D/TrafficStats(32742): tagSocket(5) with statsTag=0xffffffff, statsUid=-1
