10-09 19:33:21.281 I/System.out(32742): {"id":"c4ee3494-ce28-445f-8c37-7443327daeb1","uri":"[Lcom.netease.open.libpoco.sdk.AbstractNode;@da83f24(3c6159a2-4b5f-4f57-87d2-6df8e23168a4)","method":[["len",[]]],"session_id":"32c45e5a-b1d4-4120-9170-ee50ad40e608"}
10-09 19:33:21.293 D/TrafficStats(32742): tagSocket(5) with statsTag=0xffffffff, statsUid=-1
10-09 19:33:21.297 I/System.out(32742): {"id":"03f8d9e6-51b2-47ec-b8d7-7de4319d199e","uri":"poco-uiautomation-framework","method":[["getattr","attributor"],["getattr","getAttr"],["call",[["uri","[Lcom.netease.open.libpoco.sdk.AbstractNode;@da83f24(3c6159a2-4b5f-4f57-87d2-6df8e23168a4)"],["","pos"]]]],"session_id":"32c45e5a-b1d4-4120-9170-ee50ad40e608"}
10-09 19:33:21.310 D/TrafficStats(32742): tagSocket(78) with statsTag=0xffffffff, statsUid=-1
10-09 19:33:21.314 D/TrafficStats(32742): tagSocket(5) with statsTag=0xffffffff, statsUid=-1
10-09 19:33:21.321 I/System.out(32742): {"id":"0cbe31a4-e088-4312-9864-1a6932157f56","uri":"poco-uiautomation-framework","method":[["getattr","attributor"],["getattr","getAttr"],["call",[["uri","[Lcom.netease.open.libpoco.sdk.AbstractNode;@da83f24(3c6159a2-4b5f-4f57-87d2-6df8e23168a4)"],["","size"]]]],"session_id":"32c45e5a-b1d4-4120-9170-ee50ad40e608"}
10-09 19:33:21.344 D/TrafficStats(32742): tagSocket(5) with statsTag=0xffffffff, statsUid=-1
10-09 19:33:21.348 I/System.out(32742): {"id":"6615f2d9-ec64-4831-99b5-a7aedab89484","uri":"poco-uiautomation-framework","method":[["getattr","attributor"],["getattr","getAttr"],["call",[["uri","[Lcom.netease.open.libpoco.sdk.AbstractNode;@da83f24(3c6159a2-4b5f-4f57-87d2-6df8e23168a4)"],["","anchorPoint"]]]],"session_id":"32c45e5a-b1d4-4120-9170-ee50ad40e608"}
10-09 19:33:21.348 D/TrafficStats(32742): tagSocket(79) with statsTag=0xffffffff, statsUid=-1
10-09 19:33:21.362 D/TrafficStats(32742): tagSocket(5) with statsTag=0xffffffff, statsUid=-1
10-09 19:33:21.364 D/TrafficStats(32742): tagSocket(80) with statsTag=0xffffffff, statsUid=-1
10-09 19:33:21.366 D/TrafficStats(32742): tagSocket(81) with statsTag=0xffffffff, statsUid=-1
10-09 19:33:21.370 D/TrafficStats(32742): tagSocket(82) with statsTag=0xffffffff, statsUid=-1
10-09 19:33:21.381 I/flutter (  740): [2024-10-09 19:33:21.381633] initState #7
10-09 19:33:21.391 I/flutter (  740): [2024-10-09 19:33:21.391280] ================  Unsubscribing to lifecycle  ================
10-09 19:33:21.391 I/flutter (  740): [2024-10-09 19:33:21.391443] dispose #3
10-09 19:33:21.391 D/audio_hw_waves( 1009): waves_usecase_event: low-latency-playback stream info change
10-09 19:33:21.391 D/audio_hw_waves( 1009): update_sink_info_from_usecases: update sink 1 info
10-09 19:33:21.391 D/audio_hw_output_stream( 1009): update stream 1 active 1 gain 0.003196
10-09 19:33:21.391 I/flutter (  740): [2024-10-09 19:33:21.391717] _loadCategories
10-09 19:33:21.393 W/OnBackInvokedCallback(  740): OnBackInvokedCallback is not enabled for the application.
10-09 19:33:21.393 W/OnBackInvokedCallback(  740): Set 'android:enableOnBackInvokedCallback="true"' in the application manifest.
10-09 19:33:21.394 I/flutter (  740): [2024-10-09 19:33:21.394082] unary request. timestamp: 2024-10-09 19:33:21.394072 method name: /zsbpportal.ZsbpDocumentService/GetMetadata
10-09 19:33:21.394 I/flutter (  740): [2024-10-09 19:33:21.394211] getLocalTokens : access_token: OAqEYx9FvBI99D0Vw6IsBbCjZA1L
10-09 19:33:21.394 I/flutter (  740): [2024-10-09 19:33:21.394226] getLocalTokens : refresh_token: wnWmli6EoNQdIcxB4vvaFX8PtehDdqPtp3gRRVft5M
10-09 19:33:21.394 I/flutter (  740): [2024-10-09 19:33:21.394239] getLocalTokens : id_token: eyJhbGciOiJSUzI1NiIsImtpZCI6IktHMDdOOFNPcFZGQ0gyNUlWYUNBZ3dpS0pWMF9SUzI1NiJ9.eyJzdWIiOiJ6ZWJyYTkwMS5zd2R2dEBnbWFpbC5jb20iLCJhdWQiOiJhcGlnZWVfbW9iaWxlYXBwX21iIiwianRpIjoiNktQSFFkMG8wcTMyZ2M0VE80dElQYyIsImlzcyI6Imh0dHBzOi8vcGkuemVicmEuY29tIiwiaWF0IjoxNzI4NDgxNzI0LCJleHAiOjE3Mjg0ODIwMjQsImF1dGhfdGltZSI6MTcyODQ4MTcyMCwiYWNyIjoiR29vZ2xlX1NvY2lhbF9sb2dpbl9Qb2xpY3kiLCJ6dWlkIjoiOWQ4NzNiMTYtODk0OC00YThiLTg5Y2YtMmIwMjgzNzU0Mjg0IiwicGkuc3JpIjoiMXo3Y1hySG1ia0lEdGRHV2VDNEc2X3FwVHhJLmRYTXRaV0Z6ZEMweSIsInNpZCI6IjF6N2NYckhtYmtJRHRkR1dlQzRHNl9xcFR4SS5kWE10WldGemRDMHkifQ.KjVEqDwHSbYZKFrABFORbiQpNzhMB2OfXg-9jA74knAl9QmtBe6eTiDnq-sORm2qzuFwOI1j-x5a76pcpvP8Tb6sXsbFstjJJwaAPmILujoMTqjc2P-Wq0gFS7GaDIPOh0F1a4hilWqiBcgLzNMyYZR-onE2Aw8gStk1NTEK0C0sXNuJ11mq5Gspzo-4DxWuw-UdzDmjGQWxO9uk2mScTiiqSy2bYBs3HAHg14NdYsfGGPbQ44GkJcn20JMw_7BuXwaEV_3efVkt0xp4ct7hi1LueVUnBFVQZ53T_qZIkIO4eTWVqcPMcCH3rWINHlS0H4KbmXqY3Ad5naVCFhLS7Q
10-09 19:33:21.394 I/flutter (  740): [2024-10-09 19:33:21.394256] getLocalTokens : expires_in: 2725s
10-09 19:33:21.394 I/flutter (  740): [2024-10-09 19:33:21.394272] verify: OAqEYx9FvBI99D0Vw6IsBbCjZA1L
10-09 19:33:21.394 I/ExoPlayerImpl(  740): Release f31316b [ExoPlayerLib/2.17.1] [bluejay, Pixel 6a, Google, 33] [goog.exo.core, goog.exo.exoplayer, goog.exo.decoder, goog.exo.datasource]
10-09 19:33:21.559 D/audio_hw_waves( 1009): waves_usecase_event: low-latency-playback stream info change
10-09 19:33:21.559 D/audio_hw_waves( 1009): update_sink_info_from_usecases: update sink 1 info
10-09 19:33:21.559 D/audio_hw_output_stream( 1009): update stream 1 active 0 gain 0.000000
10-09 19:33:21.693 I/flutter (  740): [2024-10-09 19:33:21.693443] dispose #5
10-09 19:33:21.694 I/flutter (  740): [2024-10-09 19:33:21.693978] dispose #6
10-09 19:33:22.384 D/TrafficStats(32742): tagSocket(5) with statsTag=0xffffffff, statsUid=-1
10-09 19:33:22.416 D/TrafficStats(32742): tagSocket(78) with statsTag=0xffffffff, statsUid=-1
10-09 19:33:22.420 D/TrafficStats(32742): tagSocket(79) with statsTag=0xffffffff, statsUid=-1
10-09 19:33:22.458 D/TrafficStats(32742): tagSocket(80) with statsTag=0xffffffff, statsUid=-1
10-09 19:33:22.463 D/TrafficStats(32742): tagSocket(81) with statsTag=0xffffffff, statsUid=-1
10-09 19:33:22.467 D/TrafficStats(32742): tagSocket(82) with statsTag=0xffffffff, statsUid=-1
10-09 19:33:22.752 I/WifiHAL ( 1047): Creating message to get link statistics; iface = 47
10-09 19:33:22.800 I/WifiHAL ( 1047): In GetLinkStatsCommand::handleResponse
10-09 19:33:22.831 D/ConnectivityService( 1475): NetReassign [no changes] [c 1] [a 0] [i 3]
10-09 19:33:23.143 D/TrafficStats(32742): tagSocket(5) with statsTag=0xffffffff, statsUid=-1
10-09 19:33:23.146 I/System.out(32742): {"id":"","uri":"[Lcom.netease.open.libpoco.sdk.AbstractNode;@da83f24(3c6159a2-4b5f-4f57-87d2-6df8e23168a4)","method":[["del",[]]],"session_id":"32c45e5a-b1d4-4120-9170-ee50ad40e608"}
10-09 19:33:23.170 I/flutter (  740): [2024-10-09 19:33:23.170166] unary request. timestamp: 2024-10-09 19:33:23.170123 method name: /zsbpportal.ZsbpPortalService/GetAvailableLabelStocks
10-09 19:33:23.170 I/flutter (  740): [2024-10-09 19:33:23.170554] getLocalTokens : access_token: OAqEYx9FvBI99D0Vw6IsBbCjZA1L
10-09 19:33:23.170 I/flutter (  740): [2024-10-09 19:33:23.170630] getLocalTokens : refresh_token: wnWmli6EoNQdIcxB4vvaFX8PtehDdqPtp3gRRVft5M
10-09 19:33:23.170 I/flutter (  740): [2024-10-09 19:33:23.170737] getLocalTokens : id_token: eyJhbGciOiJSUzI1NiIsImtpZCI6IktHMDdOOFNPcFZGQ0gyNUlWYUNBZ3dpS0pWMF9SUzI1NiJ9.eyJzdWIiOiJ6ZWJyYTkwMS5zd2R2dEBnbWFpbC5jb20iLCJhdWQiOiJhcGlnZWVfbW9iaWxlYXBwX21iIiwianRpIjoiNktQSFFkMG8wcTMyZ2M0VE80dElQYyIsImlzcyI6Imh0dHBzOi8vcGkuemVicmEuY29tIiwiaWF0IjoxNzI4NDgxNzI0LCJleHAiOjE3Mjg0ODIwMjQsImF1dGhfdGltZSI6MTcyODQ4MTcyMCwiYWNyIjoiR29vZ2xlX1NvY2lhbF9sb2dpbl9Qb2xpY3kiLCJ6dWlkIjoiOWQ4NzNiMTYtODk0OC00YThiLTg5Y2YtMmIwMjgzNzU0Mjg0IiwicGkuc3JpIjoiMXo3Y1hySG1ia0lEdGRHV2VDNEc2X3FwVHhJLmRYTXRaV0Z6ZEMweSIsInNpZCI6IjF6N2NYckhtYmtJRHRkR1dlQzRHNl9xcFR4SS5kWE10WldGemRDMHkifQ.KjVEqDwHSbYZKFrABFORbiQpNzhMB2OfXg-9jA74knAl9QmtBe6eTiDnq-sORm2qzuFwOI1j-x5a76pcpvP8Tb6sXsbFstjJJwaAPmILujoMTqjc2P-Wq0gFS7GaDIPOh0F1a4hilWqiBcgLzNMyYZR-onE2Aw8gStk1NTEK0C0sXNuJ11mq5Gspzo-4DxWuw-UdzDmjGQWxO9uk2mScTiiqSy2bYBs3HAHg14NdYsfGGPbQ44GkJcn20JMw_7BuXwaEV_3efVkt0xp4ct7hi1LueVUnBFVQZ53T_qZIkIO4eTWVqcPMcCH3rWINHlS0H4KbmXqY3Ad5naVCFhLS7Q
10-09 19:33:23.170 I/flutter (  740): [2024-10-09 19:33:23.170848] getLocalTokens : expires_in: 2723s
10-09 19:33:23.170 I/flutter (  740): [2024-10-09 19:33:23.170906] verify: OAqEYx9FvBI99D0Vw6IsBbCjZA1L
10-09 19:33:23.488 D/TrafficStats(32742): tagSocket(5) with statsTag=0xffffffff, statsUid=-1
10-09 19:33:23.496 D/TrafficStats(32742): tagSocket(78) with statsTag=0xffffffff, statsUid=-1
10-09 19:33:23.498 D/TrafficStats(32742): tagSocket(79) with statsTag=0xffffffff, statsUid=-1
10-09 19:33:23.499 D/TrafficStats(32742): tagSocket(80) with statsTag=0xffffffff, statsUid=-1
10-09 19:33:23.510 D/TrafficStats(32742): tagSocket(81) with statsTag=0xffffffff, statsUid=-1
10-09 19:33:23.539 D/TrafficStats(32742): tagSocket(79) with statsTag=0xffffffff, statsUid=-1
10-09 19:33:23.780 I/flutter (  740): [2024-10-09 19:33:23.780164] [Instance of 'TemplateCategory', Instance of 'TemplateCategory', Instance of 'TemplateCategory', Instance of 'TemplateCategory', Instance of 'TemplateCategory', Instance of 'TemplateCategory', Instance of 'TemplateCategory', Instance of 'TemplateCategory', Instance of 'TemplateCategory', Instance of 'TemplateCategory']
10-09 19:33:24.121 D/TrafficStats(32742): tagSocket(5) with statsTag=0xffffffff, statsUid=-1
10-09 19:33:24.130 I/System.out(32742): {"id":"3775d2fd-001d-40b9-9299-8cece6bb655b","uri":"poco-uiautomation-framework","method":[["getattr","selector"],["getattr","select"],["call",[["",["and",[["attr.*=",["name","(?s).*Address.*"]]]]],["",false]]]],"session_id":"32c45e5a-b1d4-4120-9170-ee50ad40e608"}
10-09 19:33:24.537 D/TrafficStats(32742): tagSocket(5) with statsTag=0xffffffff, statsUid=-1
10-09 19:33:24.550 D/AOC     ( 1228): F1:MSG: controller.cc, 273: AudioOutCtrl: cmd ID: 0x00c9, tag: 0xc8 [cntr = 1166]
10-09 19:33:24.550 D/AOC     ( 1228): F1:MSG: controller.cc, 811: AudioOutCtrl: ipc: audio_output_co, cmd ID: 0x00c9, tag: 0xc8, rc: 0
10-09 19:33:24.551 D/audio_hw( 1009): shutdown: low-latency-playback
10-09 19:33:24.551 E/audio_route( 1009): unable to find path 'speaker-post'
10-09 19:33:24.551 D/audio_hw_aoc_route( 1009): speaker-post 0
10-09 19:33:24.552 D/AOC     ( 1228): F1:MSG: controller.cc, 273: AudioOutCtrl: cmd ID: 0x010f, tag: 0xc9 [cntr = 1167]
10-09 19:33:24.552 D/AOC     ( 1228): F1:Unregistered Source 1 from Sink 0 
10-09 19:33:24.552 D/audio_hw_aoc_route( 1009): low-latency-playbackP 0
10-09 19:33:24.552 W/audio_hw_35l41( 1009): cs35l41_amp_common_event: ret: 0, event: 3, state: 3, device: 4
10-09 19:33:24.552 D/AOC     ( 1228): F1:AT Map:0 (LL:0), 0 EPs active, Power: Yes, Config: No
10-09 19:33:24.552 D/AOC     ( 1228): F1:Mixer 0 configuration changed: (0)
10-09 19:33:24.553 D/AOC     ( 1228): F1:Sink 0 Configuration changed: ULL (disabled)
10-09 19:33:24.553 D/AOC     ( 1228): F1:MSG: controller.cc, 811: AudioOutCtrl: ipc: audio_output_co, cmd ID: 0x010f, tag: 0xc9, rc: 0
10-09 19:33:24.553 D/AOC     ( 1228): H0:Mixer AMixSPKR: 480 samples (0000/0000) (OFF SC)
10-09 19:33:24.553 D/AOC     ( 1228): H0:Mixer configuration updated
10-09 19:33:24.556 D/audio_hw_aoc_route( 1009): speaker 0
10-09 19:33:24.557 W/audio_hw_35l41( 1009): cs35l41_amp_common_event: ret: 0, event: 4, state: 2, device: 4
10-09 19:33:24.557 D/audio_hw_soundtrigger( 1009): st_comm_aud_event_monitor:codec dev:4 inactive
10-09 19:33:24.557 D/audio_hw_soundtrigger( 1009): st_uc_monitor:uc:low-latency-playback inactive
10-09 19:33:24.558 I/audio_hw_aoc( 1009): Mode Ambient is already selected
10-09 19:33:24.558 D/audio_hw_waves( 1009): waves_usecase_event: low-latency-playback stop
10-09 19:33:24.562 D/TrafficStats(32742): tagSocket(78) with statsTag=0xffffffff, statsUid=-1
10-09 19:33:24.566 D/TrafficStats(32742): tagSocket(79) with statsTag=0xffffffff, statsUid=-1
10-09 19:33:24.568 D/TrafficStats(32742): tagSocket(80) with statsTag=0xffffffff, statsUid=-1
10-09 19:33:24.573 D/TrafficStats(32742): tagSocket(81) with statsTag=0xffffffff, statsUid=-1
10-09 19:33:24.574 D/TrafficStats(32742): tagSocket(82) with statsTag=0xffffffff, statsUid=-1
10-09 19:33:25.065 W/QueryController(32742): Could not detect idle state.
10-09 19:33:25.082 W/QueryController(32742): Could not detect idle state.
10-09 19:33:25.099 W/QueryController(32742): Could not detect idle state.
10-09 19:33:25.099 W/QueryController(32742): Could not detect idle state.
10-09 19:33:25.099 W/QueryController(32742): Could not detect idle state.
10-09 19:33:25.100 W/QueryController(32742): Could not detect idle state.
10-09 19:33:25.773 D/TrafficStats(32742): tagSocket(5) with statsTag=0xffffffff, statsUid=-1
10-09 19:33:25.780 I/System.out(32742): {"id":"f99a019d-aece-4dfc-a797-e000e67bc0b4","uri":"poco-uiautomation-framework","method":[["getattr","selector"],["getattr","select"],["call",[["",["and",[["attr.*=",["name","(?s).*Address.*"]]]]],["",false]]]],"session_id":"32c45e5a-b1d4-4120-9170-ee50ad40e608"}
10-09 19:33:25.831 I/WifiHAL ( 1047): Creating message to get link statistics; iface = 47
10-09 19:33:25.894 I/WifiHAL ( 1047): In GetLinkStatsCommand::handleResponse
10-09 19:33:25.957 D/ConnectivityService( 1475): NetReassign [no changes] [c 1] [a 1] [i 10]
10-09 19:33:26.182 D/TrafficStats(32742): tagSocket(79) with statsTag=0xffffffff, statsUid=-1
10-09 19:33:26.187 I/System.out(32742): {"id":"cb7f0b55-5217-4c74-8bb6-0b1a4ca104b5","uri":"[Lcom.netease.open.libpoco.sdk.AbstractNode;@311d36d(f3ade478-138a-4767-b44a-c29d6916186e)","method":[["len",[]]],"session_id":"32c45e5a-b1d4-4120-9170-ee50ad40e608"}
10-09 19:33:26.196 D/TrafficStats(32742): tagSocket(5) with statsTag=0xffffffff, statsUid=-1
10-09 19:33:26.200 I/System.out(32742): {"id":"a8507843-0661-47b6-a099-16db43dce591","uri":"[Lcom.netease.open.libpoco.sdk.AbstractNode;@311d36d(f3ade478-138a-4767-b44a-c29d6916186e)","method":[["len",[]]],"session_id":"32c45e5a-b1d4-4120-9170-ee50ad40e608"}
10-09 19:33:26.207 D/TrafficStats(32742): tagSocket(5) with statsTag=0xffffffff, statsUid=-1
10-09 19:33:26.211 I/System.out(32742): {"id":"1583bac2-24a6-4a92-a2c8-e8ec88dccacd","uri":"poco-uiautomation-framework","method":[["getattr","attributor"],["getattr","getAttr"],["call",[["uri","[Lcom.netease.open.libpoco.sdk.AbstractNode;@311d36d(f3ade478-138a-4767-b44a-c29d6916186e)"],["","visible"]]]],"session_id":"32c45e5a-b1d4-4120-9170-ee50ad40e608"}
10-09 19:33:26.225 D/TrafficStats(32742): tagSocket(78) with statsTag=0xffffffff, statsUid=-1
10-09 19:33:26.228 D/TrafficStats(32742): tagSocket(79) with statsTag=0xffffffff, statsUid=-1
10-09 19:33:26.230 D/TrafficStats(32742): tagSocket(80) with statsTag=0xffffffff, statsUid=-1
10-09 19:33:26.232 D/TrafficStats(32742): tagSocket(81) with statsTag=0xffffffff, statsUid=-1
10-09 19:33:26.233 D/TrafficStats(32742): tagSocket(82) with statsTag=0xffffffff, statsUid=-1
10-09 19:33:26.235 D/TrafficStats(32742): tagSocket(83) with statsTag=0xffffffff, statsUid=-1
10-09 19:33:26.240 I/System.out(32742): {"id":"","uri":"[Lcom.netease.open.libpoco.sdk.AbstractNode;@311d36d(f3ade478-138a-4767-b44a-c29d6916186e)","method":[["del",[]]],"session_id":"32c45e5a-b1d4-4120-9170-ee50ad40e608"}
10-09 19:33:26.252 D/TrafficStats(32742): tagSocket(5) with statsTag=0xffffffff, statsUid=-1
10-09 19:33:26.253 D/TrafficStats(32742): tagSocket(83) with statsTag=0xffffffff, statsUid=-1
10-09 19:33:26.254 I/System.out(32742): {"id":"723a2e0d-ef1c-48d2-b5e5-f8d2aa1eefd9","uri":"poco-uiautomation-framework","method":[["getattr","selector"],["getattr","select"],["call",[["",["and",[["attr.*=",["name","(?s).*Address.*"]]]]],["",true]]]],"session_id":"32c45e5a-b1d4-4120-9170-ee50ad40e608"}
10-09 19:33:26.282 D/TrafficStats(32742): tagSocket(5) with statsTag=0xffffffff, statsUid=-1
10-09 19:33:26.285 I/System.out(32742): {"id":"49058c02-2b66-4e78-9d2b-ac465810299e","uri":"[Lcom.netease.open.libpoco.sdk.AbstractNode;@e71aca1(dff64b84-34e8-4269-9689-4c3b9e3c0a00)","method":[["len",[]]],"session_id":"32c45e5a-b1d4-4120-9170-ee50ad40e608"}
10-09 19:33:26.291 D/TrafficStats(32742): tagSocket(5) with statsTag=0xffffffff, statsUid=-1
10-09 19:33:26.297 I/System.out(32742): {"id":"bcbd11f6-44ac-4d00-a200-e877463a2410","uri":"[Lcom.netease.open.libpoco.sdk.AbstractNode;@e71aca1(dff64b84-34e8-4269-9689-4c3b9e3c0a00)","method":[["len",[]]],"session_id":"32c45e5a-b1d4-4120-9170-ee50ad40e608"}
10-09 19:33:26.303 D/TrafficStats(32742): tagSocket(5) with statsTag=0xffffffff, statsUid=-1
10-09 19:33:26.306 I/System.out(32742): {"id":"29d4f9d9-c5d7-487a-a233-4a322b0076dc","uri":"[Lcom.netease.open.libpoco.sdk.AbstractNode;@e71aca1(dff64b84-34e8-4269-9689-4c3b9e3c0a00)","method":[["len",[]]],"session_id":"32c45e5a-b1d4-4120-9170-ee50ad40e608"}
10-09 19:33:26.312 D/TrafficStats(32742): tagSocket(5) with statsTag=0xffffffff, statsUid=-1
10-09 19:33:26.315 I/System.out(32742): {"id":"caf81a9a-7c62-475c-9194-e298157b3a99","uri":"[Lcom.netease.open.libpoco.sdk.AbstractNode;@e71aca1(dff64b84-34e8-4269-9689-4c3b9e3c0a00)","method":[["getitem",0]],"session_id":"32c45e5a-b1d4-4120-9170-ee50ad40e608"}
10-09 19:33:26.326 D/TrafficStats(32742): tagSocket(5) with statsTag=0xffffffff, statsUid=-1
10-09 19:33:26.330 I/System.out(32742): {"id":"6f4f1927-ff55-420b-8c53-9fa5fcccbb5f","uri":"poco-uiautomation-framework","method":[["getattr","attributor"],["getattr","getAttr"],["call",[["uri","com.netease.open.libpoco.Node@38f0152(5b74d445-9463-4060-abac-3e5ff45bb8ab)"],["","pos"]]]],"session_id":"32c45e5a-b1d4-4120-9170-ee50ad40e608"}
10-09 19:33:26.344 D/TrafficStats(32742): tagSocket(5) with statsTag=0xffffffff, statsUid=-1
10-09 19:33:26.348 I/System.out(32742): {"id":"df130a94-95ed-4b6e-92e8-b13297679ec5","uri":"poco-uiautomation-framework","method":[["getattr","attributor"],["getattr","getAttr"],["call",[["uri","com.netease.open.libpoco.Node@38f0152(5b74d445-9463-4060-abac-3e5ff45bb8ab)"],["","size"]]]],"session_id":"32c45e5a-b1d4-4120-9170-ee50ad40e608"}
10-09 19:33:26.355 D/TrafficStats(32742): tagSocket(5) with statsTag=0xffffffff, statsUid=-1
10-09 19:33:26.358 I/System.out(32742): {"id":"8636b8b4-97af-401b-8a5c-3ddd81b941bb","uri":"poco-uiautomation-framework","method":[["getattr","attributor"],["getattr","getAttr"],["call",[["uri","com.netease.open.libpoco.Node@38f0152(5b74d445-9463-4060-abac-3e5ff45bb8ab)"],["","anchorPoint"]]]],"session_id":"32c45e5a-b1d4-4120-9170-ee50ad40e608"}
10-09 19:33:26.365 D/TrafficStats(32742): tagSocket(5) with statsTag=0xffffffff, statsUid=-1
10-09 19:33:26.369 I/System.out(32742): {"id":"6a552c35-e76e-40fe-a032-d811385d8f0e","uri":"poco-uiautomation-framework","method":[["getattr","attributor"],["getattr","getAttr"],["call",[["uri","com.netease.open.libpoco.Node@38f0152(5b74d445-9463-4060-abac-3e5ff45bb8ab)"],["","pos"]]]],"session_id":"32c45e5a-b1d4-4120-9170-ee50ad40e608"}
10-09 19:33:26.379 D/TrafficStats(32742): tagSocket(5) with statsTag=0xffffffff, statsUid=-1
10-09 19:33:26.382 I/System.out(32742): {"id":"9c60af7c-f839-41d6-92ce-6602ee7ae91a","uri":"poco-uiautomation-framework","method":[["getattr","attributor"],["getattr","getAttr"],["call",[["uri","com.netease.open.libpoco.Node@38f0152(5b74d445-9463-4060-abac-3e5ff45bb8ab)"],["","size"]]]],"session_id":"32c45e5a-b1d4-4120-9170-ee50ad40e608"}
10-09 19:33:26.389 D/TrafficStats(32742): tagSocket(5) with statsTag=0xffffffff, statsUid=-1
10-09 19:33:26.392 I/System.out(32742): {"id":"b8e5765a-208a-41e2-b5a4-57b000446f64","uri":"poco-uiautomation-framework","method":[["getattr","attributor"],["getattr","getAttr"],["call",[["uri","com.netease.open.libpoco.Node@38f0152(5b74d445-9463-4060-abac-3e5ff45bb8ab)"],["","anchorPoint"]]]],"session_id":"32c45e5a-b1d4-4120-9170-ee50ad40e608"}
10-09 19:33:26.431 D/audio_hw_waves( 1009): waves_usecase_event: low-latency-playback stream info change
10-09 19:33:26.431 D/audio_hw_output_stream( 1009): update stream 1 active 1 gain 0.003196
10-09 19:33:26.432 I/flutter (  740): [2024-10-09 19:33:26.432182] Category: Address
10-09 19:33:26.432 I/flutter (  740): [2024-10-09 19:33:26.432391] unary request. timestamp: 2024-10-09 19:33:26.432372 method name: /zsbpportal.ZsbpDocumentService/GetFiles
10-09 19:33:26.432 D/audio_hw( 1009): prepare low-latency-playback
10-09 19:33:26.432 D/audio_hw_soundtrigger( 1009): st_uc_monitor:uc:low-latency-playback active
10-09 19:33:26.432 D/audio_hw( 1009): low-latency-playback:
10-09 19:33:26.432 D/audio_hw( 1009): rx:
10-09 19:33:26.432 D/audio_hw( 1009):   #0: OUT_SPEAKER_BE_CFG 0
10-09 19:33:26.432 W/audio_hw_35l41( 1009): cs35l41_amp_common_event: ret: 0, event: 1, state: 2, device: 4
10-09 19:33:26.432 D/audio_route( 1009): Apply path: speaker
10-09 19:33:26.432 I/flutter (  740): [2024-10-09 19:33:26.432844] getLocalTokens : access_token: OAqEYx9FvBI99D0Vw6IsBbCjZA1L
10-09 19:33:26.432 I/flutter (  740): [2024-10-09 19:33:26.432894] getLocalTokens : refresh_token: wnWmli6EoNQdIcxB4vvaFX8PtehDdqPtp3gRRVft5M
10-09 19:33:26.432 I/flutter (  740): [2024-10-09 19:33:26.432943] getLocalTokens : id_token: eyJhbGciOiJSUzI1NiIsImtpZCI6IktHMDdOOFNPcFZGQ0gyNUlWYUNBZ3dpS0pWMF9SUzI1NiJ9.eyJzdWIiOiJ6ZWJyYTkwMS5zd2R2dEBnbWFpbC5jb20iLCJhdWQiOiJhcGlnZWVfbW9iaWxlYXBwX21iIiwianRpIjoiNktQSFFkMG8wcTMyZ2M0VE80dElQYyIsImlzcyI6Imh0dHBzOi8vcGkuemVicmEuY29tIiwiaWF0IjoxNzI4NDgxNzI0LCJleHAiOjE3Mjg0ODIwMjQsImF1dGhfdGltZSI6MTcyODQ4MTcyMCwiYWNyIjoiR29vZ2xlX1NvY2lhbF9sb2dpbl9Qb2xpY3kiLCJ6dWlkIjoiOWQ4NzNiMTYtODk0OC00YThiLTg5Y2YtMmIwMjgzNzU0Mjg0IiwicGkuc3JpIjoiMXo3Y1hySG1ia0lEdGRHV2VDNEc2X3FwVHhJLmRYTXRaV0Z6ZEMweSIsInNpZCI6IjF6N2NYckhtYmtJRHRkR1dlQzRHNl9xcFR4SS5kWE10WldGemRDMHkifQ.KjVEqDwHSbYZKFrABFORbiQpNzhMB2OfXg-9jA74knAl9QmtBe6eTiDnq-sORm2qzuFwOI1j-x5a76pcpvP8Tb6sXsbFstjJJwaAPmILujoMTqjc2P-Wq0gFS7GaDIPOh0F1a4hilWqiBcgLzNMyYZR-onE2Aw8gStk1NTEK0C0sXNuJ11mq5Gspzo-4DxWuw-UdzDmjGQWxO9uk2mScTiiqSy2bYBs3HAHg14NdYsfGGPbQ44GkJcn20JMw_7BuXwaEV_3efVkt0xp4ct7hi1LueVUnBFVQZ53T_qZIkIO4eTWVqcPMcCH3rWINHlS0H4KbmXqY3Ad5naVCFhLS7Q
10-09 19:33:26.433 I/flutter (  740): [2024-10-09 19:33:26.433030] getLocalTokens : expires_in: 2720s
10-09 19:33:26.433 I/flutter (  740): [2024-10-09 19:33:26.433079] verify: OAqEYx9FvBI99D0Vw6IsBbCjZA1L
10-09 19:33:26.440 D/audio_hw_aoc_route( 1009): speaker 1
10-09 19:33:26.440 D/audio_route( 1009): Apply path: hostless-ulC spk-vi
10-09 19:33:26.444 W/audio_hw_35l41( 1009): cs35l41_amp_common_event: ret: 0, event: 2, state: 3, device: 4
10-09 19:33:26.445 D/audio_hw_soundtrigger( 1009): st_comm_aud_event_monitor:codec dev:4 active
10-09 19:33:26.445 I/audio_hw_aoc( 1009): Mode Ambient is already selected
10-09 19:33:26.445 D/audio_route( 1009): Apply path: low-latency-playbackP
10-09 19:33:26.448 D/audio_hw_aoc_route( 1009): low-latency-playbackP 1
10-09 19:33:26.448 E/audio_route( 1009): unable to find path 'speaker-post'
10-09 19:33:26.448 D/audio_hw_aoc_route( 1009): speaker-post 1
10-09 19:33:26.449 D/AOC     ( 1228): F1:MSG: controller.cc, 273: AudioOutCtrl: cmd ID: 0x010f, tag: 0xca [cntr = 1168]
10-09 19:33:26.450 D/AOC     ( 1228): F1:Source 1 mastered by sink 0
10-09 19:33:26.450 D/AOC     ( 1228): F1:AT Map:2 (LL:0), 1 EPs active, Power: Yes, Config: No
10-09 19:33:26.450 D/AOC     ( 1228): F1:Mixer 0 configuration changed: (2)
10-09 19:33:26.450 D/AOC     ( 1228): F1:Sink 0 Configuration changed: ULL (enabled)
10-09 19:33:26.450 D/AOC     ( 1228): F1:AHWSinkSPKR started: 48 samples (32-bit,2 ch,48 kHz) block 384
10-09 19:33:26.450 D/AOC     ( 1228): F1:[AHWSinkSPKR] DL resync B: 0, A:0. wo: 0, target offset: 1632 (align 0) -> ro:0
10-09 19:33:26.450 D/AOC     ( 1228): F1:MSG: controller.cc, 811: AudioOutCtrl: ipc: audio_output_co, cmd ID: 0x010f, tag: 0xca, rc: 0
10-09 19:33:26.450 D/AOC     ( 1228): F1:Speaker Started (DualDMA on 1 and 2)
10-09 19:33:26.450 D/AOC     ( 1228): F1:[AHWSinkSPKR] mix overrun by 3840
10-09 19:33:26.450 D/AOC     ( 1228): H0:Mixer AMixSPKR: 480 samples (0002/0002) (ON SC)
10-09 19:33:26.450 D/AOC     ( 1228): H0:	 1: 0x403ea5d8
10-09 19:33:26.450 D/AOC     ( 1228): H0:AMixSPKR PostProcessing Config: WAVES
10-09 19:33:26.451 D/AOC     ( 1228): H0:Mixer configuration updated
10-09 19:33:26.451 D/AOC     ( 1228): H0:Mixer state changed
10-09 19:33:26.451 D/audio_hw_waves( 1009): update_sink_info_from_usecases: update sink 1 info
10-09 19:33:26.451 D/audio_hw_waves( 1009): update_rotation_from_adev: update sink 1 info
10-09 19:33:26.451 D/audio_hw_waves( 1009): waves_usecase_event: low-latency-playback start
10-09 19:33:26.451 D/audio_hw_waves( 1009): update_sink_info_from_usecases: update sink 1 info
10-09 19:33:26.451 D/AOC     ( 1228): F1:MSG: controller.cc, 273: AudioOutCtrl: cmd ID: 0x00ce, tag: 0xcb [cntr = 1169]
10-09 19:33:26.451 D/audio_hw_waves( 1009): update_sink_info_from_usecases: VOL/Stream update 0.000000(4294967295) -> 0.003196(1)
10-09 19:33:26.451 D/AOC     ( 1228): F1:MSG: controller.cc, 811: AudioOutCtrl: ipc: audio_output_co, cmd ID: 0x0120, tag: 0xac, rc: 0
10-09 19:33:26.451 D/audio_hw_waves( 1009): set_waves_tuning_from_sink: initialize parameters successfully.
10-09 19:33:26.456 D/audio_hw_waves( 1009): send_waves_tuning: instance_id = 1, tuning_id = 2
10-09 19:33:26.456 D/audio_hw_aoc( 1009): aoc_send_rtc_mixer_tuning: block_id = 16, comp_id = 2
10-09 19:33:26.457 D/AOC     ( 1228): F1:MSG: controller.cc, 273: AudioOutCtrl: cmd ID: 0x00d5, tag: 0xd3 [cntr = 1170]
10-09 19:33:26.459 D/AOC     ( 1228): H0:MSG: controller.cc, 811: AudOutCtrlH0: ipc: C-AO-H0, cmd ID: 0x00d5, tag: 0xe2, rc: 0
10-09 19:33:26.460 D/AOC     ( 1228): F1:MSG: controller.cc, 811: AudioOutCtrl: ipc: audio_output_tu, cmd ID: 0x00d5, tag: 0xe2, rc: 0
10-09 19:33:26.465 D/AOC     ( 1228): F1:MSG: controller.cc, 273: AudioOutCtrl: cmd ID: 0x00c9, tag: 0xcc [cntr = 1171]
10-09 19:33:26.465 D/AOC     ( 1228): F1:MSG: controller.cc, 811: AudioOutCtrl: ipc: audio_output_co, cmd ID: 0x00c9, tag: 0xcc, rc: 0
10-09 19:33:26.660 D/audio_hw_waves( 1009): waves_usecase_event: low-latency-playback stream info change
10-09 19:33:26.660 D/audio_hw_waves( 1009): update_sink_info_from_usecases: update sink 1 info
10-09 19:33:26.661 D/audio_hw_output_stream( 1009): update stream 1 active 0 gain 0.000000
10-09 19:33:26.748 D/CompatibilityChangeReporter( 1475): Compat change id reported: 197654537; UID 10452; state: ENABLED
10-09 19:33:26.756 I/libperfmgr(  611): Hint type not present in actions: ADPF_FIRST_FRAME
10-09 19:33:27.092 I/bt_stack( 2255): [INFO:le_scanning_manager.cc(154)] Scan in shim layer stopped
10-09 19:33:27.092 I/bt_stack( 2255): [INFO:le_scanning_manager.cc(250)] SetScanParameters in shim layer
10-09 19:33:27.092 I/bt_stack( 2255): [INFO:le_scanning_manager.cc(154)] Scan in shim layer started
10-09 19:33:27.093 I/bluetooth( 2255): packages/modules/Bluetooth/system/gd/hci/le_address_manager.cc:190 unregister_client: Client unregistered
10-09 19:33:27.093 I/bluetooth( 2255): packages/modules/Bluetooth/system/gd/hci/le_address_manager.cc:194 unregister_client: Cancelled address rotation alarm
10-09 19:33:27.105 I/bluetooth( 2255): packages/modules/Bluetooth/system/gd/hci/le_scanning_manager.cc:659 stop_scan: Scanning already stopped, return!
10-09 19:33:27.105 I/bluetooth( 2255): packages/modules/Bluetooth/system/gd/hci/le_address_manager.cc:172 register_client: Scheduled address rotation for first client registered
10-09 19:33:27.106 I/bluetooth( 2255): packages/modules/Bluetooth/system/gd/hci/le_address_manager.cc:175 register_client: Client registered
10-09 19:33:27.305 D/TrafficStats(32742): tagSocket(5) with statsTag=0xffffffff, statsUid=-1
10-09 19:33:27.313 D/TrafficStats(32742): tagSocket(78) with statsTag=0xffffffff, statsUid=-1
10-09 19:33:27.314 D/TrafficStats(32742): tagSocket(79) with statsTag=0xffffffff, statsUid=-1
10-09 19:33:27.317 D/TrafficStats(32742): tagSocket(80) with statsTag=0xffffffff, statsUid=-1
10-09 19:33:27.319 D/TrafficStats(32742): tagSocket(81) with statsTag=0xffffffff, statsUid=-1
10-09 19:33:27.321 D/TrafficStats(32742): tagSocket(82) with statsTag=0xffffffff, statsUid=-1
10-09 19:33:27.500 D/audio_hw_35l41( 1009): cs35l41_rtlogger_data_analysis: Left/Top impedance: 100000
10-09 19:33:27.500 D/audio_hw_35l41( 1009): cs35l41_rtlogger_data_analysis: Right/Bottom impedance: 100000
10-09 19:33:27.500 D/audio_hw_35l41( 1009): cs35l41_bdlogger_data_analysis: Left/Top Max temp: 0x72454 ==> 28.567627 C
10-09 19:33:27.500 D/audio_hw_35l41( 1009): cs35l41_bdlogger_data_analysis: Left/Top Max exc: 0x6c1f ==> 0.052794 mm
10-09 19:33:27.501 D/audio_hw_35l41( 1009): cs35l41_bdlogger_data_analysis: Left/Top dsp heartbeat = 0x441b7
10-09 19:33:27.501 D/audio_hw_35l41( 1009): cs35l41_bdlogger_data_analysis: Right/Bottom Max temp: 0x80e96 ==> 32.227905 C
10-09 19:33:27.501 D/audio_hw_35l41( 1009): cs35l41_bdlogger_data_analysis: Right/Bottom Max exc: 0x5e3a ==> 0.046009 mm
10-09 19:33:27.501 D/audio_hw_35l41( 1009): cs35l41_bdlogger_data_analysis: Right/Bottom dsp heartbeat = 0x4577d
10-09 19:33:28.185 D/TrafficStats(32742): tagSocket(5) with statsTag=0xffffffff, statsUid=-1
10-09 19:33:28.190 I/System.out(32742): {"id":"","uri":"com.netease.open.libpoco.Node@38f0152(5b74d445-9463-4060-abac-3e5ff45bb8ab)","method":[["del",[]]],"session_id":"32c45e5a-b1d4-4120-9170-ee50ad40e608"}
10-09 19:33:28.200 D/TrafficStats(32742): tagSocket(5) with statsTag=0xffffffff, statsUid=-1
10-09 19:33:28.208 I/System.out(32742): {"id":"","uri":"[Lcom.netease.open.libpoco.sdk.AbstractNode;@e71aca1(dff64b84-34e8-4269-9689-4c3b9e3c0a00)","method":[["del",[]]],"session_id":"32c45e5a-b1d4-4120-9170-ee50ad40e608"}
10-09 19:33:28.218 D/TrafficStats(32742): tagSocket(5) with statsTag=0xffffffff, statsUid=-1
10-09 19:33:28.222 I/System.out(32742): {"id":"bfebc948-c20d-42bb-b3af-26d593cac4a1","uri":"poco-uiautomation-framework","method":[["getattr","selector"],["getattr","select"],["call",[["",["\/",[["and",[["attr=",["name","android.view.View"]]]],["and",[["attr=",["type","android.widget.ImageView"]]]]]]],["",false]]]],"session_id":"32c45e5a-b1d4-4120-9170-ee50ad40e608"}
10-09 19:33:28.356 D/TrafficStats(32742): tagSocket(78) with statsTag=0xffffffff, statsUid=-1
10-09 19:33:28.360 D/TrafficStats(32742): tagSocket(79) with statsTag=0xffffffff, statsUid=-1
10-09 19:33:28.377 D/TrafficStats(32742): tagSocket(80) with statsTag=0xffffffff, statsUid=-1
10-09 19:33:28.384 D/TrafficStats(32742): tagSocket(81) with statsTag=0xffffffff, statsUid=-1
10-09 19:33:28.389 D/TrafficStats(32742): tagSocket(82) with statsTag=0xffffffff, statsUid=-1
10-09 19:33:28.391 D/TrafficStats(32742): tagSocket(83) with statsTag=0xffffffff, statsUid=-1
10-09 19:33:28.733 W/QueryController(32742): Could not detect idle state.
10-09 19:33:28.899 W/QueryController(32742): Could not detect idle state.
10-09 19:33:28.899 W/QueryController(32742): Could not detect idle state.
10-09 19:33:28.899 W/QueryController(32742): Could not detect idle state.
10-09 19:33:28.899 D/TrafficStats(32742): tagSocket(5) with statsTag=0xffffffff, statsUid=-1
10-09 19:33:28.900 W/QueryController(32742): Could not detect idle state.
10-09 19:33:28.902 W/QueryController(32742): Could not detect idle state.
10-09 19:33:28.905 I/System.out(32742): {"id":"b9bb6e0e-e6d9-4ed8-84f0-7b7bff27cc75","uri":"[Lcom.netease.open.libpoco.sdk.AbstractNode;@63177c(8544f898-236a-489b-bbbf-09bfe20180ad)","method":[["len",[]]],"session_id":"32c45e5a-b1d4-4120-9170-ee50ad40e608"}
10-09 19:33:28.916 W/QueryController(32742): Could not detect idle state.
10-09 19:33:28.916 D/TrafficStats(32742): tagSocket(5) with statsTag=0xffffffff, statsUid=-1
10-09 19:33:28.929 I/System.out(32742): {"id":"759eee97-596f-4529-9e88-1daf26c3841f","uri":"[Lcom.netease.open.libpoco.sdk.AbstractNode;@63177c(8544f898-236a-489b-bbbf-09bfe20180ad)","method":[["len",[]]],"session_id":"32c45e5a-b1d4-4120-9170-ee50ad40e608"}
10-09 19:33:28.940 D/TrafficStats(32742): tagSocket(5) with statsTag=0xffffffff, statsUid=-1
10-09 19:33:28.943 I/System.out(32742): {"id":"b682650c-5a55-4ba0-a0f9-ca931e6395e8","uri":"poco-uiautomation-framework","method":[["getattr","attributor"],["getattr","getAttr"],["call",[["uri","[Lcom.netease.open.libpoco.sdk.AbstractNode;@63177c(8544f898-236a-489b-bbbf-09bfe20180ad)"],["","visible"]]]],"session_id":"32c45e5a-b1d4-4120-9170-ee50ad40e608"}
10-09 19:33:28.945 I/WifiHAL ( 1047): Creating message to get link statistics; iface = 47
10-09 19:33:28.965 D/TrafficStats(32742): tagSocket(5) with statsTag=0xffffffff, statsUid=-1
10-09 19:33:28.969 I/System.out(32742): {"id":"","uri":"[Lcom.netease.open.libpoco.sdk.AbstractNode;@63177c(8544f898-236a-489b-bbbf-09bfe20180ad)","method":[["del",[]]],"session_id":"32c45e5a-b1d4-4120-9170-ee50ad40e608"}
10-09 19:33:28.994 I/WifiHAL ( 1047): In GetLinkStatsCommand::handleResponse
10-09 19:33:29.020 D/ConnectivityService( 1475): NetReassign [no changes] [c 0] [a 0] [i 1]
10-09 19:33:29.652 D/audio_hw( 1009): shutdown: low-latency-playback
10-09 19:33:29.652 E/audio_route( 1009): unable to find path 'speaker-post'
10-09 19:33:29.653 D/audio_hw_aoc_route( 1009): speaker-post 0
10-09 19:33:29.654 D/audio_hw_aoc_route( 1009): low-latency-playbackP 0
10-09 19:33:29.654 W/audio_hw_35l41( 1009): cs35l41_amp_common_event: ret: 0, event: 3, state: 3, device: 4
10-09 19:33:29.655 D/AOC     ( 1228): F1:MSG: controller.cc, 273: AudioOutCtrl: cmd ID: 0x00c9, tag: 0xcd [cntr = 1172]
10-09 19:33:29.655 D/AOC     ( 1228): F1:MSG: controller.cc, 811: AudioOutCtrl: ipc: audio_output_co, cmd ID: 0x00c9, tag: 0xcd, rc: 0
10-09 19:33:29.655 D/AOC     ( 1228): F1:MSG: controller.cc, 273: AudioOutCtrl: cmd ID: 0x010f, tag: 0xce [cntr = 1173]
10-09 19:33:29.655 D/AOC     ( 1228): F1:Unregistered Source 1 from Sink 0 
10-09 19:33:29.655 D/AOC     ( 1228): F1:AT Map:0 (LL:0), 0 EPs active, Power: Yes, Config: No
10-09 19:33:29.655 D/AOC     ( 1228): F1:Mixer 0 configuration changed: (0)
10-09 19:33:29.655 D/AOC     ( 1228): F1:Sink 0 Configuration changed: ULL (disabled)
10-09 19:33:29.656 D/AOC     ( 1228): F1:MSG: controller.cc, 811: AudioOutCtrl: ipc: audio_output_co, cmd ID: 0x010f, tag: 0xce, rc: 0
10-09 19:33:29.657 D/AOC     ( 1228): H0:Mixer AMixSPKR: 480 samples (0000/0000) (OFF SC)
10-09 19:33:29.657 D/AOC     ( 1228): H0:Mixer configuration updated
10-09 19:33:29.658 D/audio_hw_aoc_route( 1009): speaker 0
10-09 19:33:29.660 W/audio_hw_35l41( 1009): cs35l41_amp_common_event: ret: 0, event: 4, state: 2, device: 4
10-09 19:33:29.660 D/audio_hw_soundtrigger( 1009): st_comm_aud_event_monitor:codec dev:4 inactive
10-09 19:33:29.660 D/audio_hw_soundtrigger( 1009): st_uc_monitor:uc:low-latency-playback inactive
10-09 19:33:29.660 I/audio_hw_aoc( 1009): Mode Ambient is already selected
10-09 19:33:29.660 D/audio_hw_waves( 1009): waves_usecase_event: low-latency-playback stop
10-09 19:33:30.046 D/TrafficStats(32742): tagSocket(5) with statsTag=0xffffffff, statsUid=-1
10-09 19:33:30.052 D/TrafficStats(32742): tagSocket(78) with statsTag=0xffffffff, statsUid=-1
10-09 19:33:30.055 D/TrafficStats(32742): tagSocket(79) with statsTag=0xffffffff, statsUid=-1
10-09 19:33:30.059 D/TrafficStats(32742): tagSocket(80) with statsTag=0xffffffff, statsUid=-1
10-09 19:33:30.066 D/TrafficStats(32742): tagSocket(81) with statsTag=0xffffffff, statsUid=-1
10-09 19:33:30.076 D/TrafficStats(32742): tagSocket(82) with statsTag=0xffffffff, statsUid=-1
10-09 19:33:31.162 D/TrafficStats(32742): tagSocket(5) with statsTag=0xffffffff, statsUid=-1
10-09 19:33:31.173 D/TrafficStats(32742): tagSocket(78) with statsTag=0xffffffff, statsUid=-1
10-09 19:33:31.178 D/TrafficStats(32742): tagSocket(79) with statsTag=0xffffffff, statsUid=-1
10-09 19:33:31.184 D/TrafficStats(32742): tagSocket(80) with statsTag=0xffffffff, statsUid=-1
10-09 19:33:31.185 D/TrafficStats(32742): tagSocket(81) with statsTag=0xffffffff, statsUid=-1
10-09 19:33:31.195 D/TrafficStats(32742): tagSocket(82) with statsTag=0xffffffff, statsUid=-1
10-09 19:33:31.394 I/CHRE    ( 1230): @ 30275.445: [ImuCal] [GYRO_RPS] (s0, c0) Offset | Temp [C] | Quality: -.003419, 0.002036, -.000766 | 26.121819 | 4
10-09 19:33:31.395 I/CHRE    ( 1230): @ 30275.445: [ImuCal] [GYRO_RPS] (s0) Temp Sensitivity: -.000087, -.000000, -.000082
10-09 19:33:31.395 I/CHRE    ( 1230): @ 30275.445: [ImuCal] [GYRO_RPS] (s0) Temp Intercept: -.001153, 0.002056, 0.001372
10-09 19:33:31.981 D/TrafficStats(32742): tagSocket(5) with statsTag=0xffffffff, statsUid=-1
10-09 19:33:31.987 I/System.out(32742): {"id":"521b20e3-a7d9-4f5c-b1b1-e2f317ee65b7","uri":"poco-uiautomation-framework","method":[["getattr","selector"],["getattr","select"],["call",[["",["and",[["attr.*=",["name","(?s).*There are currently no designs saved to your workspace..*"]]]]],["",false]]]],"session_id":"32c45e5a-b1d4-4120-9170-ee50ad40e608"}
10-09 19:33:32.023 I/WifiHAL ( 1047): Creating message to get link statistics; iface = 47
10-09 19:33:32.030 D/TrafficStats(32742): tagSocket(79) with statsTag=0xffffffff, statsUid=-1
10-09 19:33:32.035 I/System.out(32742): {"id":"235ee40a-a92b-4e86-8a9a-bcb5861b97fa","uri":"poco-uiautomation-framework","method":[["getattr","selector"],["getattr","select"],["call",[["",["and",[["attr.*=",["name","(?s).*\" x .*"]]]]],["",true]]]],"session_id":"32c45e5a-b1d4-4120-9170-ee50ad40e608"}
10-09 19:33:32.071 I/WifiHAL ( 1047): In GetLinkStatsCommand::handleResponse
10-09 19:33:32.087 D/TrafficStats(32742): tagSocket(5) with statsTag=0xffffffff, statsUid=-1
10-09 19:33:32.095 I/System.out(32742): {"id":"eb5afc8e-9b8e-4cd5-a384-317f9ab936b9","uri":"[Lcom.netease.open.libpoco.sdk.AbstractNode;@98d747b(022ada6f-7b23-4890-91d0-68fd1b43299d)","method":[["len",[]]],"session_id":"32c45e5a-b1d4-4120-9170-ee50ad40e608"}
10-09 19:33:32.106 D/ConnectivityService( 1475): NetReassign [no changes] [c 1] [a 0] [i 7]
10-09 19:33:32.124 D/TrafficStats(32742): tagSocket(5) with statsTag=0xffffffff, statsUid=-1
10-09 19:33:32.134 I/System.out(32742): {"id":"303be756-6acc-42ea-bb37-89a2d96f0c6b","uri":"[Lcom.netease.open.libpoco.sdk.AbstractNode;@98d747b(022ada6f-7b23-4890-91d0-68fd1b43299d)","method":[["len",[]]],"session_id":"32c45e5a-b1d4-4120-9170-ee50ad40e608"}
10-09 19:33:32.152 D/TrafficStats(32742): tagSocket(5) with statsTag=0xffffffff, statsUid=-1
10-09 19:33:32.157 I/System.out(32742): {"id":"50e0e481-a595-4c34-9a46-79b4e973f5fd","uri":"[Lcom.netease.open.libpoco.sdk.AbstractNode;@98d747b(022ada6f-7b23-4890-91d0-68fd1b43299d)","method":[["len",[]]],"session_id":"32c45e5a-b1d4-4120-9170-ee50ad40e608"}
10-09 19:33:32.163 D/TrafficStats(32742): tagSocket(5) with statsTag=0xffffffff, statsUid=-1
10-09 19:33:32.168 I/System.out(32742): {"id":"3215c819-e171-4ede-9210-25e68ab026f8","uri":"[Lcom.netease.open.libpoco.sdk.AbstractNode;@98d747b(022ada6f-7b23-4890-91d0-68fd1b43299d)","method":[["getitem",0]],"session_id":"32c45e5a-b1d4-4120-9170-ee50ad40e608"}
10-09 19:33:32.188 D/TrafficStats(32742): tagSocket(5) with statsTag=0xffffffff, statsUid=-1
10-09 19:33:32.191 I/System.out(32742): {"id":"2c83eb7d-49d5-475d-b0fb-d53aac8136b9","uri":"poco-uiautomation-framework","method":[["getattr","attributor"],["getattr","getAttr"],["call",[["uri","com.netease.open.libpoco.Node@77cf044(c3b1d293-372b-4041-be88-e4ebbef28109)"],["","pos"]]]],"session_id":"32c45e5a-b1d4-4120-9170-ee50ad40e608"}
10-09 19:33:32.211 D/TrafficStats(32742): tagSocket(5) with statsTag=0xffffffff, statsUid=-1
10-09 19:33:32.214 I/System.out(32742): {"id":"18443161-0b31-4e3c-89a7-3ff528637c6f","uri":"poco-uiautomation-framework","method":[["getattr","attributor"],["getattr","getAttr"],["call",[["uri","com.netease.open.libpoco.Node@77cf044(c3b1d293-372b-4041-be88-e4ebbef28109)"],["","size"]]]],"session_id":"32c45e5a-b1d4-4120-9170-ee50ad40e608"}
10-09 19:33:32.224 D/TrafficStats(32742): tagSocket(5) with statsTag=0xffffffff, statsUid=-1
10-09 19:33:32.229 I/System.out(32742): {"id":"50191496-37b8-44b3-ade9-5e87f0ef73ea","uri":"poco-uiautomation-framework","method":[["getattr","attributor"],["getattr","getAttr"],["call",[["uri","com.netease.open.libpoco.Node@77cf044(c3b1d293-372b-4041-be88-e4ebbef28109)"],["","anchorPoint"]]]],"session_id":"32c45e5a-b1d4-4120-9170-ee50ad40e608"}
10-09 19:33:32.239 D/TrafficStats(32742): tagSocket(5) with statsTag=0xffffffff, statsUid=-1
10-09 19:33:32.243 I/System.out(32742): {"id":"02d8b9b4-d3a3-482a-8ba9-1ec1914c285c","uri":"[Lcom.netease.open.libpoco.sdk.AbstractNode;@98d747b(022ada6f-7b23-4890-91d0-68fd1b43299d)","method":[["getitem",1]],"session_id":"32c45e5a-b1d4-4120-9170-ee50ad40e608"}
10-09 19:33:32.246 D/TrafficStats(32742): tagSocket(78) with statsTag=0xffffffff, statsUid=-1
10-09 19:33:32.251 D/TrafficStats(32742): tagSocket(5) with statsTag=0xffffffff, statsUid=-1
10-09 19:33:32.254 I/System.out(32742): {"id":"b375123b-cfc8-46bd-8a85-fccf67ea5ff7","uri":"poco-uiautomation-framework","method":[["getattr","attributor"],["getattr","getAttr"],["call",[["uri","com.netease.open.libpoco.Node@c6f729(6545e947-eb51-4d07-a703-f57cfcaa24c2)"],["","pos"]]]],"session_id":"32c45e5a-b1d4-4120-9170-ee50ad40e608"}
10-09 19:33:32.256 D/TrafficStats(32742): tagSocket(79) with statsTag=0xffffffff, statsUid=-1
10-09 19:33:32.259 D/TrafficStats(32742): tagSocket(80) with statsTag=0xffffffff, statsUid=-1
10-09 19:33:32.263 D/TrafficStats(32742): tagSocket(81) with statsTag=0xffffffff, statsUid=-1
10-09 19:33:32.269 D/TrafficStats(32742): tagSocket(82) with statsTag=0xffffffff, statsUid=-1
10-09 19:33:32.271 D/TrafficStats(32742): tagSocket(83) with statsTag=0xffffffff, statsUid=-1
10-09 19:33:32.279 D/TrafficStats(32742): tagSocket(5) with statsTag=0xffffffff, statsUid=-1
10-09 19:33:32.282 I/System.out(32742): {"id":"619559f4-6b09-4f62-8349-e643f62f1b9c","uri":"poco-uiautomation-framework","method":[["getattr","attributor"],["getattr","getAttr"],["call",[["uri","com.netease.open.libpoco.Node@c6f729(6545e947-eb51-4d07-a703-f57cfcaa24c2)"],["","size"]]]],"session_id":"32c45e5a-b1d4-4120-9170-ee50ad40e608"}
10-09 19:33:32.294 D/TrafficStats(32742): tagSocket(83) with statsTag=0xffffffff, statsUid=-1
10-09 19:33:32.301 I/System.out(32742): {"id":"4d8497ab-788b-4084-bb12-9cedb80c5b45","uri":"poco-uiautomation-framework","method":[["getattr","attributor"],["getattr","getAttr"],["call",[["uri","com.netease.open.libpoco.Node@c6f729(6545e947-eb51-4d07-a703-f57cfcaa24c2)"],["","anchorPoint"]]]],"session_id":"32c45e5a-b1d4-4120-9170-ee50ad40e608"}
10-09 19:33:32.311 D/TrafficStats(32742): tagSocket(83) with statsTag=0xffffffff, statsUid=-1
10-09 19:33:32.317 I/System.out(32742): {"id":"0a533089-0593-4142-a4f9-b8293d37031b","uri":"[Lcom.netease.open.libpoco.sdk.AbstractNode;@98d747b(022ada6f-7b23-4890-91d0-68fd1b43299d)","method":[["getitem",2]],"session_id":"32c45e5a-b1d4-4120-9170-ee50ad40e608"}
10-09 19:33:32.329 D/TrafficStats(32742): tagSocket(78) with statsTag=0xffffffff, statsUid=-1
10-09 19:33:32.337 I/System.out(32742): {"id":"7a736e50-e8f2-4105-a107-580f3d111614","uri":"poco-uiautomation-framework","method":[["getattr","attributor"],["getattr","getAttr"],["call",[["uri","com.netease.open.libpoco.Node@89ef274(48048c7d-cbff-43b8-9102-6408af6ef839)"],["","pos"]]]],"session_id":"32c45e5a-b1d4-4120-9170-ee50ad40e608"}
10-09 19:33:32.346 D/TrafficStats(32742): tagSocket(78) with statsTag=0xffffffff, statsUid=-1
10-09 19:33:32.357 I/System.out(32742): {"id":"8dff62d6-0d84-46ba-a3b8-37289ad92cbb","uri":"poco-uiautomation-framework","method":[["getattr","attributor"],["getattr","getAttr"],["call",[["uri","com.netease.open.libpoco.Node@89ef274(48048c7d-cbff-43b8-9102-6408af6ef839)"],["","size"]]]],"session_id":"32c45e5a-b1d4-4120-9170-ee50ad40e608"}
10-09 19:33:32.364 D/TrafficStats(32742): tagSocket(78) with statsTag=0xffffffff, statsUid=-1
10-09 19:33:32.369 I/System.out(32742): {"id":"89bbb46b-bf7a-416c-9970-796766cb084e","uri":"poco-uiautomation-framework","method":[["getattr","attributor"],["getattr","getAttr"],["call",[["uri","com.netease.open.libpoco.Node@89ef274(48048c7d-cbff-43b8-9102-6408af6ef839)"],["","anchorPoint"]]]],"session_id":"32c45e5a-b1d4-4120-9170-ee50ad40e608"}
10-09 19:33:32.378 D/TrafficStats(32742): tagSocket(5) with statsTag=0xffffffff, statsUid=-1
10-09 19:33:32.381 I/System.out(32742): {"id":"50e5dc9b-5185-435c-a044-8e60b32e58cd","uri":"[Lcom.netease.open.libpoco.sdk.AbstractNode;@98d747b(022ada6f-7b23-4890-91d0-68fd1b43299d)","method":[["getitem",3]],"session_id":"32c45e5a-b1d4-4120-9170-ee50ad40e608"}
10-09 19:33:32.390 D/TrafficStats(32742): tagSocket(5) with statsTag=0xffffffff, statsUid=-1
10-09 19:33:32.393 I/System.out(32742): {"id":"6ed998f8-7e5b-43b6-b2a4-9b7d98fb6072","uri":"poco-uiautomation-framework","method":[["getattr","attributor"],["getattr","getAttr"],["call",[["uri","com.netease.open.libpoco.Node@6aefc99(d487006d-1fa0-4034-ab6d-3d3064826b94)"],["","pos"]]]],"session_id":"32c45e5a-b1d4-4120-9170-ee50ad40e608"}
10-09 19:33:32.404 D/TrafficStats(32742): tagSocket(5) with statsTag=0xffffffff, statsUid=-1
10-09 19:33:32.408 I/System.out(32742): {"id":"bf5f041c-1b63-4d2f-b455-21285d0c6ec1","uri":"poco-uiautomation-framework","method":[["getattr","attributor"],["getattr","getAttr"],["call",[["uri","com.netease.open.libpoco.Node@6aefc99(d487006d-1fa0-4034-ab6d-3d3064826b94)"],["","size"]]]],"session_id":"32c45e5a-b1d4-4120-9170-ee50ad40e608"}
10-09 19:33:32.416 D/TrafficStats(32742): tagSocket(5) with statsTag=0xffffffff, statsUid=-1
10-09 19:33:32.419 I/System.out(32742): {"id":"a279d2ad-f11d-4a38-9f16-c52f821461ce","uri":"poco-uiautomation-framework","method":[["getattr","attributor"],["getattr","getAttr"],["call",[["uri","com.netease.open.libpoco.Node@6aefc99(d487006d-1fa0-4034-ab6d-3d3064826b94)"],["","anchorPoint"]]]],"session_id":"32c45e5a-b1d4-4120-9170-ee50ad40e608"}
10-09 19:33:32.425 D/TrafficStats(32742): tagSocket(5) with statsTag=0xffffffff, statsUid=-1
10-09 19:33:32.429 I/System.out(32742): {"id":"1584da34-1e98-4de9-8a5a-eb7a50f05c3a","uri":"[Lcom.netease.open.libpoco.sdk.AbstractNode;@98d747b(022ada6f-7b23-4890-91d0-68fd1b43299d)","method":[["getitem",4]],"session_id":"32c45e5a-b1d4-4120-9170-ee50ad40e608"}
10-09 19:33:32.435 D/TrafficStats(32742): tagSocket(5) with statsTag=0xffffffff, statsUid=-1
10-09 19:33:32.441 I/System.out(32742): {"id":"5722bd9b-ac0a-4713-bf41-44b59e140e7b","uri":"poco-uiautomation-framework","method":[["getattr","attributor"],["getattr","getAttr"],["call",[["uri","com.netease.open.libpoco.Node@ba0cf6a(5461dc0a-5eec-4ee2-bc75-3c79178df106)"],["","pos"]]]],"session_id":"32c45e5a-b1d4-4120-9170-ee50ad40e608"}
10-09 19:33:32.451 D/TrafficStats(32742): tagSocket(5) with statsTag=0xffffffff, statsUid=-1
10-09 19:33:32.454 I/System.out(32742): {"id":"a40ca08e-bdbf-43e0-82f4-cf5236a7c84b","uri":"poco-uiautomation-framework","method":[["getattr","attributor"],["getattr","getAttr"],["call",[["uri","com.netease.open.libpoco.Node@ba0cf6a(5461dc0a-5eec-4ee2-bc75-3c79178df106)"],["","size"]]]],"session_id":"32c45e5a-b1d4-4120-9170-ee50ad40e608"}
10-09 19:33:32.467 D/TrafficStats(32742): tagSocket(5) with statsTag=0xffffffff, statsUid=-1
10-09 19:33:32.472 I/System.out(32742): {"id":"a39a3486-d6e0-4509-b466-6198ef7afabb","uri":"poco-uiautomation-framework","method":[["getattr","attributor"],["getattr","getAttr"],["call",[["uri","com.netease.open.libpoco.Node@ba0cf6a(5461dc0a-5eec-4ee2-bc75-3c79178df106)"],["","anchorPoint"]]]],"session_id":"32c45e5a-b1d4-4120-9170-ee50ad40e608"}
10-09 19:33:32.479 D/TrafficStats(32742): tagSocket(5) with statsTag=0xffffffff, statsUid=-1
10-09 19:33:32.483 I/System.out(32742): {"id":"d2880c62-f081-4dfc-90fe-c4f7a6332332","uri":"poco-uiautomation-framework","method":[["getattr","attributor"],["getattr","getAttr"],["call",[["uri","com.netease.open.libpoco.Node@77cf044(c3b1d293-372b-4041-be88-e4ebbef28109)"],["","name"]]]],"session_id":"32c45e5a-b1d4-4120-9170-ee50ad40e608"}
10-09 19:33:32.490 D/TrafficStats(32742): tagSocket(5) with statsTag=0xffffffff, statsUid=-1
10-09 19:33:32.494 I/System.out(32742): {"id":"f6218697-0790-4b36-8c8c-8e8bd9511ff0","uri":"poco-uiautomation-framework","method":[["getattr","attributor"],["getattr","getAttr"],["call",[["uri","com.netease.open.libpoco.Node@c6f729(6545e947-eb51-4d07-a703-f57cfcaa24c2)"],["","name"]]]],"session_id":"32c45e5a-b1d4-4120-9170-ee50ad40e608"}
10-09 19:33:32.502 D/TrafficStats(32742): tagSocket(5) with statsTag=0xffffffff, statsUid=-1
10-09 19:33:32.507 I/System.out(32742): {"id":"3e741734-f755-404b-80a5-4ee27d36c6e0","uri":"poco-uiautomation-framework","method":[["getattr","attributor"],["getattr","getAttr"],["call",[["uri","com.netease.open.libpoco.Node@89ef274(48048c7d-cbff-43b8-9102-6408af6ef839)"],["","name"]]]],"session_id":"32c45e5a-b1d4-4120-9170-ee50ad40e608"}
10-09 19:33:32.516 D/TrafficStats(32742): tagSocket(5) with statsTag=0xffffffff, statsUid=-1
10-09 19:33:32.518 I/System.out(32742): {"id":"485a51b9-6e0e-4b21-91fc-0261ce0b46d0","uri":"poco-uiautomation-framework","method":[["getattr","attributor"],["getattr","getAttr"],["call",[["uri","com.netease.open.libpoco.Node@6aefc99(d487006d-1fa0-4034-ab6d-3d3064826b94)"],["","name"]]]],"session_id":"32c45e5a-b1d4-4120-9170-ee50ad40e608"}
10-09 19:33:32.527 D/TrafficStats(32742): tagSocket(79) with statsTag=0xffffffff, statsUid=-1
10-09 19:33:32.530 I/System.out(32742): {"id":"c8efbcca-17fd-4457-b3ac-46de766c504c","uri":"poco-uiautomation-framework","method":[["getattr","attributor"],["getattr","getAttr"],["call",[["uri","com.netease.open.libpoco.Node@ba0cf6a(5461dc0a-5eec-4ee2-bc75-3c79178df106)"],["","name"]]]],"session_id":"32c45e5a-b1d4-4120-9170-ee50ad40e608"}
10-09 19:33:32.539 D/TrafficStats(32742): tagSocket(5) with statsTag=0xffffffff, statsUid=-1
10-09 19:33:32.542 I/System.out(32742): {"id":"","uri":"com.netease.open.libpoco.Node@6aefc99(d487006d-1fa0-4034-ab6d-3d3064826b94)","method":[["del",[]]],"session_id":"32c45e5a-b1d4-4120-9170-ee50ad40e608"}
10-09 19:33:32.555 D/TrafficStats(32742): tagSocket(79) with statsTag=0xffffffff, statsUid=-1
10-09 19:33:32.572 I/System.out(32742): {"id":"","uri":"com.netease.open.libpoco.Node@89ef274(48048c7d-cbff-43b8-9102-6408af6ef839)","method":[["del",[]]],"session_id":"32c45e5a-b1d4-4120-9170-ee50ad40e608"}
10-09 19:33:32.584 D/TrafficStats(32742): tagSocket(5) with statsTag=0xffffffff, statsUid=-1
