10-09 19:31:32.508 I/EuiccGoogle(30448): [2] EuiccServiceImpl.onDestroy: onDestroy: EuiccService on destroy.
10-09 19:31:33.376 D/BoundBrokerSvc( 3179): onUnbind: Intent { act=com.google.android.gms.safetynet.service.START pkg=com.google.android.gms }
10-09 19:31:33.886 I/flutter (32141): [2024-10-09 19:31:33.886814] Active subscriptions (2)
10-09 19:31:33.887 I/WifiHAL ( 1047): Creating message to get link statistics; iface = 47
10-09 19:31:33.945 I/WifiHAL ( 1047): In GetLinkStatsCommand::handleResponse
10-09 19:31:33.995 D/ConnectivityService( 1475): NetReassign [no changes] [c 0] [a 1] [i 6]
10-09 19:31:36.988 I/WifiHAL ( 1047): Creating message to get link statistics; iface = 47
10-09 19:31:37.047 I/WifiHAL ( 1047): In GetLinkStatsCommand::handleResponse
10-09 19:31:37.072 D/ConnectivityService( 1475): NetReassign [no changes] [c 0] [a 0] [i 1]
10-09 19:31:37.389 I/flutter (32141): [2024-10-09 19:31:37.389796] ____________________________________________________________
10-09 19:31:37.389 I/flutter (32141): [2024-10-09 19:31:37.389943] 
10-09 19:31:37.389 I/flutter (32141): *** Notification: 
10-09 19:31:37.389 I/flutter (32141):  id: 01J9RSBKTJ9SJM59AWVKG0RAT0
10-09 19:31:37.389 I/flutter (32141): payload: {"id":"01J9RSBKTJ9SJM59AWVKG0RAT0","result":{"appl.name":"V95.1.10.74492","bluetooth.address":"48:A4:93:C6:B5:8B","device.product_name":"ZSB-DP12","device.serial_number":"DCJ224400016","device.syslog.level":"debug","device.uptime":"22 days 08 hours 14 mins 58 secs","ezpl.head_close_action":"feed","head.latch_state":"closed","odometer.total_label_count":412,"odometer.total_print_length":4299,"print.engine_status":"idle","rtc.timezone":"GMT0","rtc.unix_timestamp":1728482501,"weblink.server_connector.authentication.entries":"","weblink.server_connector.customer_id":"a73ff158-aeb4-483c-ba21-5829038110e2","weblink.server_connector.location":"https://zsbp-device.zpc.zebra.com/weblink/zsbp/connect/","weblink.server_connector.proxy":"","weblink.server_connector.test.location":"http://www.zebra.com/apps/linktest","weblink.server_connector.unique_id":"DCJ224400016CC47515DD7B11C0D01233917F9758F20DE","wlan.country_code":"usa/canada
10-09 19:31:37.390 I/flutter (32141): [2024-10-09 19:31:37.390180] NON USER Notification
10-09 19:31:37.390 I/flutter (32141): [2024-10-09 19:31:37.390239] ____________________________________________________________
10-09 19:31:37.390 I/flutter (32141): [2024-10-09 19:31:37.390268] 
10-09 19:31:37.390 I/flutter (32141): *** Notification: 
10-09 19:31:37.390 I/flutter (32141):  id: 01J9RSBKTJ9SJM59AWVKG0RAT0
10-09 19:31:37.390 I/flutter (32141): payload: {"id":"01J9RSBKTJ9SJM59AWVKG0RAT0","result":{"appl.name":"V95.1.10.74492","bluetooth.address":"48:A4:93:C6:B5:8B","device.product_name":"ZSB-DP12","device.serial_number":"DCJ224400016","device.syslog.level":"debug","device.uptime":"22 days 08 hours 14 mins 58 secs","ezpl.head_close_action":"feed","head.latch_state":"closed","odometer.total_label_count":412,"odometer.total_print_length":4299,"print.engine_status":"idle","rtc.timezone":"GMT0","rtc.unix_timestamp":1728482501,"weblink.server_connector.authentication.entries":"","weblink.server_connector.customer_id":"a73ff158-aeb4-483c-ba21-5829038110e2","weblink.server_connector.location":"https://zsbp-device.zpc.zebra.com/weblink/zsbp/connect/","weblink.server_connector.proxy":"","weblink.server_connector.test.location":"http://www.zebra.com/apps/linktest","weblink.server_connector.unique_id":"DCJ224400016CC47515DD7B11C0D01233917F9758F20DE","wlan.country_code":"usa/canada
10-09 19:31:37.390 I/flutter (32141): [2024-10-09 19:31:37.390630] ____________________________________________________________
10-09 19:31:37.390 I/flutter (32141): [2024-10-09 19:31:37.390672] 
10-09 19:31:37.390 I/flutter (32141): *** Notification: 
10-09 19:31:37.390 I/flutter (32141):  id: 01J9RSBKTJCQC3CKZVVA3FQ7TZ
10-09 19:31:37.390 I/flutter (32141): payload: {"id":"01J9RSBKTJCQC3CKZVVA3FQ7TZ","result":{"associated":true,"essid":"NESTWIFI","channel":149,"strength":100,"rssi":-52,"noise_floor":-97,"address":"192.168.86.204","netmask":"255.255.255.0","gateway":"192.168.86.1","dhcp":true,"dns_servers":["192.168.86.1"],"security":"wpa psk"},"cmd":"wlan.get_status","timestamp":"2024-10-09T14:01:36.597025270Z"}
10-09 19:31:37.390 I/flutter (32141): customerId: a73ff158-aeb4-483c-ba21-5829038110e2
10-09 19:31:37.390 I/flutter (32141): subjectId: DCJ224400016CC47515DD7B11C0D01233917F9758F20DE
10-09 19:31:37.390 I/flutter (32141): type: RESULTS
10-09 19:31:37.390 I/flutter (32141): subject: PRINTER
10-09 19:31:37.390 I/flutter (32141): created: {
10-09 19:31:37.390 I/flutter (32141):   seconds: 1728482496
10-09 19:31:37.390 I/flutter (32141):   nanos: 608256740
10-09 19:31:37.390 I/flutter (32141): }
10-09 19:31:37.390 I/flutter (32141): ***
10-09 19:31:37.390 I/flutter (32141): [2024-10-09 19:31:37.390735] NON USER Notification
10-09 19:31:37.390 I/flutter (32141): [2024-10-09 19:31:37.390763] ____________________________________________________________
10-09 19:31:37.390 I/flutter (32141): [2024-10-09 19:31:37.390781] 
10-09 19:31:37.390 I/flutter (32141): *** Notification: 
10-09 19:31:37.390 I/flutter (32141):  id: 01J9RSBKTJCQC3CKZVVA3FQ7TZ
10-09 19:31:37.390 I/flutter (32141): payload: {"id":"01J9RSBKTJCQC3CKZVVA3FQ7TZ","result":{"associated":true,"essid":"NESTWIFI","channel":149,"strength":100,"rssi":-52,"noise_floor":-97,"address":"192.168.86.204","netmask":"255.255.255.0","gateway":"192.168.86.1","dhcp":true,"dns_servers":["192.168.86.1"],"security":"wpa psk"},"cmd":"wlan.get_status","timestamp":"2024-10-09T14:01:36.597025270Z"}
10-09 19:31:37.390 I/flutter (32141): customerId: a73ff158-aeb4-483c-ba21-5829038110e2
10-09 19:31:37.390 I/flutter (32141): subjectId: DCJ224400016CC47515DD7B11C0D01233917F9758F20DE
10-09 19:31:37.390 I/flutter (32141): type: RESULTS
10-09 19:31:37.390 I/flutter (32141): subject: PRINTER
10-09 19:31:37.390 I/flutter (32141): created: {
10-09 19:31:37.390 I/flutter (32141):   seconds: 1728482496
10-09 19:31:37.390 I/flutter (32141):   nanos: 608256740
10-09 19:31:37.390 I/flutter (32141): }
10-09 19:31:37.390 I/flutter (32141): ***
10-09 19:31:37.391 I/flutter (32141): [2024-10-09 19:31:37.391083] ____________________________________________________________
10-09 19:31:37.391 I/flutter (32141): [2024-10-09 19:31:37.391121] 
10-09 19:31:37.391 I/flutter (32141): *** Notification: 
10-09 19:31:37.391 I/flutter (32141):  id: 01J9RSBKTJJ26255EV8J6T8NMS
10-09 19:31:37.391 I/flutter (32141): payload: {"id":"01J9RSBKTJJ26255EV8J6T8NMS","result":[null,null,null,null,{"essid":"NESTWIFI","security":"wpa psk","address_resolution":{"type":"dhcp"}}],"cmd":"wlan.list_configurations","timestamp":"2024-10-09T14:01:36.597496323Z"}
10-09 19:31:37.391 I/flutter (32141): customerId: a73ff158-aeb4-483c-ba21-5829038110e2
10-09 19:31:37.391 I/flutter (32141): subjectId: DCJ224400016CC47515DD7B11C0D01233917F9758F20DE
10-09 19:31:37.391 I/flutter (32141): type: RESULTS
10-09 19:31:37.391 I/flutter (32141): subject: PRINTER
10-09 19:31:37.391 I/flutter (32141): created: {
10-09 19:31:37.391 I/flutter (32141):   seconds: 1728482496
10-09 19:31:37.391 I/flutter (32141):   nanos: 614624433
10-09 19:31:37.391 I/flutter (32141): }
10-09 19:31:37.391 I/flutter (32141): ***
10-09 19:31:37.391 I/flutter (32141): [2024-10-09 19:31:37.391142] Unhandled Printer Notification: PRINTER UNKNOWN_ACTION
10-09 19:31:37.391 I/flutter (32141): [2024-10-09 19:31:37.391160] NON USER Notification
10-09 19:31:37.391 I/flutter (32141): [2024-10-09 19:31:37.391184] ____________________________________________________________
10-09 19:31:37.391 I/flutter (32141): [2024-10-09 19:31:37.391204] 
10-09 19:31:37.391 I/flutter (32141): *** Notification: 
10-09 19:31:37.391 I/flutter (32141):  id: 01J9RSBKTJJ26255EV8J6T8NMS
10-09 19:31:37.391 I/flutter (32141): payload: {"id":"01J9RSBKTJJ26255EV8J6T8NMS","result":[null,null,null,null,{"essid":"NESTWIFI","security":"wpa psk","address_resolution":{"type":"dhcp"}}],"cmd":"wlan.list_configurations","timestamp":"2024-10-09T14:01:36.597496323Z"}
10-09 19:31:37.391 I/flutter (32141): customerId: a73ff158-aeb4-483c-ba21-5829038110e2
10-09 19:31:37.391 I/flutter (32141): subjectId: DCJ224400016CC47515DD7B11C0D01233917F9758F20DE
10-09 19:31:37.391 I/flutter (32141): type: RESULTS
10-09 19:31:37.391 I/flutter (32141): subject: PRINTER
10-09 19:31:37.391 I/flutter (32141): created: {
10-09 19:31:37.391 I/flutter (32141):   seconds: 1728482496
10-09 19:31:37.391 I/flutter (32141):   nanos: 614624433
10-09 19:31:37.391 I/flutter (32141): }
10-09 19:31:37.391 I/flutter (32141): ***
10-09 19:31:37.391 I/flutter (32141): [2024-10-09 19:31:37.391221] Unhandled Printer Notification: PRINTER UNKNOWN_ACTION
10-09 19:31:38.468 I/putmethod.latin(31583): oneway function results for code 2 on binder at 0xb4000077f9ae6ce0 will be dropped but finished with status UNKNOWN_TRANSACTION
10-09 19:31:40.079 I/WifiHAL ( 1047): Creating message to get link statistics; iface = 47
10-09 19:31:40.149 I/WifiHAL ( 1047): In GetLinkStatsCommand::handleResponse
10-09 19:31:40.215 D/ConnectivityService( 1475): NetReassign [no changes] [c 1] [a 1] [i 8]
10-09 19:31:43.208 I/WifiHAL ( 1047): Creating message to get link statistics; iface = 47
10-09 19:31:43.278 I/WifiHAL ( 1047): In GetLinkStatsCommand::handleResponse
10-09 19:31:43.331 D/ConnectivityService( 1475): NetReassign [no changes] [c 1] [a 1] [i 6]
10-09 19:31:46.325 I/WifiHAL ( 1047): Creating message to get link statistics; iface = 47
10-09 19:31:46.398 I/WifiHAL ( 1047): In GetLinkStatsCommand::handleResponse
10-09 19:31:46.448 D/ConnectivityService( 1475): NetReassign [no changes] [c 1] [a 0] [i 6]
10-09 19:31:48.278 D/BoundBrokerSvc( 3179): onBind: Intent { act=com.google.android.gms.safetynet.service.START pkg=com.google.android.gms }
10-09 19:31:48.278 D/BoundBrokerSvc( 3179): Loading bound service for intent: Intent { act=com.google.android.gms.safetynet.service.START pkg=com.google.android.gms }
10-09 19:31:48.382 D/AOC     ( 1228): A3:MSG: usf_sensor.cc, 1375: USF: Received stop sampling request for LSM6DSR Accelerometer.
10-09 19:31:48.385 D/ContextHubHal( 1018): Got message from nanoapp: ID 0x476f6f676c001016
10-09 19:31:48.386 I/CapoDetector( 1497): handleNanoappMessage, Id 5147455389092024342, type 32771, size 1
10-09 19:31:48.405 I/vendor.google.wifi_ext@1.0-service-vendor( 1047): Wifi: Reseting SAR Scenario to default
10-09 19:31:48.405 E/WifiHAL ( 1047): wifi_reset_tx_power_scenario
10-09 19:31:48.423 D/GRIL-S  ( 2288): [0146]> UPDATE_DEVICE_STATE DeviceState: Usb:1, Wifi: 1, Wifi AP: 0, Earpiece: 0, Bluetooth: 1, Wireless charging: 0, Screen: 1, Camera: 0, 0, -, -, Motion: 0, Bluetooth tethering: 0, Voice: 0, Wifi 2.4G: 0, Radio: 1, Bluetooth connected: 0, Bluetooth media: 0, Wifi Band: 2, Wifi AP Band: 0, Wifi call: 0, mmWave: 0, mCellBackhaul: 0, mHallSensor: 0
10-09 19:31:48.493 D/GRIL-S  ( 2288): [0146]< UPDATE_DEVICE_STATE 
10-09 19:31:48.499 D/GRIL-BluetoothSar( 2288): setBluetoothModeBasedTxPowerCap invoked with parameters: chain0Cap:[76, 76, 36] chain1Cap:[76, 76, 36] beamformingCap:[66, 66, 36, 66, 66, 36]
10-09 19:31:48.500 I/bthal.sar( 1010): setBluetoothModeBasedTxPowerCap: 0 Chain 0 Power Cap:<br=76, edr=76, ble=36>, Chain 1 Power Cap:<br=76, edr=76, ble=36>, Beamforming Power Cap Chain 0: <br=66, edr=66, ble=36>, Chain 1:<br=66, edr=66, ble=36>
10-09 19:31:48.515 I/bthal.sar( 1010): OnEventReceive: (1) Recv Success VSE <[7]{14, 5, 1, 105, 254, 0, 1}>
10-09 19:31:48.515 I/bthal.flowcontrol( 1010): HciEventPreProcess: HCI Event 0xe Opcode 0xfe69 Length 7 handled by bthal.sar
10-09 19:31:48.888 I/flutter (32141): [2024-10-09 19:31:48.888166] Active subscriptions (2)
10-09 19:31:49.446 I/WifiHAL ( 1047): Creating message to get link statistics; iface = 47
10-09 19:31:49.520 I/WifiHAL ( 1047): In GetLinkStatsCommand::handleResponse
10-09 19:31:49.572 D/ConnectivityService( 1475): NetReassign [no changes] [c 1] [a 1] [i 6]
10-09 19:31:50.970 D/BluetoothAdapter(11704): isLeEnabled(): ON
10-09 19:31:50.982 D/ActivityAttributionService( 2255): notifyActivityAttributionInfo UID=1002 packageName=com.google.android.bluetooth deviceAddress=no_active_device_address
10-09 19:31:50.982 I/bt_btif ( 2255): packages/modules/Bluetooth/system/btif/src/bluetooth.cc:465 get_profile_interface: get_profile_interface: id = activity_attribution
10-09 19:31:50.983 I/bt_stack( 2255): [INFO:le_scanning_manager.cc(174)] ScanFilterParamSetup in shim layer
10-09 19:31:50.988 I/bt_stack( 2255): [INFO:le_scanning_manager.cc(148)] Unregister in shim layer, scanner_id:2
10-09 19:31:52.563 I/WifiHAL ( 1047): Creating message to get link statistics; iface = 47
10-09 19:31:52.631 I/WifiHAL ( 1047): In GetLinkStatsCommand::handleResponse
10-09 19:31:52.681 D/ConnectivityService( 1475): NetReassign [no changes] [c 1] [a 0] [i 6]
10-09 19:31:55.677 I/WifiHAL ( 1047): Creating message to get link statistics; iface = 47
10-09 19:31:55.747 I/WifiHAL ( 1047): In GetLinkStatsCommand::handleResponse
10-09 19:31:55.800 D/ConnectivityService( 1475): NetReassign [no changes] [c 0] [a 0] [i 2]
10-09 19:31:58.802 I/WifiHAL ( 1047): Creating message to get link statistics; iface = 47
10-09 19:31:58.874 I/WifiHAL ( 1047): In GetLinkStatsCommand::handleResponse
10-09 19:31:58.925 D/ConnectivityService( 1475): NetReassign [no changes] [c 1] [a 0] [i 2]
10-09 19:32:00.051 I/AiAiEcho( 3124): (REDACTED) Predicting[%d]: %s
10-09 19:32:00.053 I/AiAiEcho( 3124): (REDACTED) EchoTargets: %s
10-09 19:32:00.053 I/AiAiEcho( 3124): Filtered by AiAi flag check: %s
10-09 19:32:00.054 I/AiAiEcho( 3124): (REDACTED) Ranked targets strategy: %s, count: %d, ranking metadata: %s
10-09 19:32:00.056 I/AiAiEcho( 3124): (REDACTED) #weatherTwiddler: Weather removes SubtitleSupplementalItem in surface: %s
10-09 19:32:00.056 I/AiAiEcho( 3124): #remoteViewsTwiddler: feature disabled.
10-09 19:32:00.057 I/AiAiEcho( 3124): (REDACTED) Predicting[%d]: %s
10-09 19:32:00.059 I/AiAiEcho( 3124): (REDACTED) EchoTargets: %s
10-09 19:32:00.059 I/AiAiEcho( 3124): Filtered by AiAi flag check: %s
10-09 19:32:00.060 I/AiAiEcho( 3124): (REDACTED) Ranked targets strategy: %s, count: %d, ranking metadata: %s
10-09 19:32:00.061 I/AiAiEcho( 3124): (REDACTED) #weatherTwiddler: Weather removes SubtitleSupplementalItem in surface: %s
10-09 19:32:00.061 I/AiAiEcho( 3124): #remoteViewsTwiddler: feature disabled.
10-09 19:32:00.068 I/AiAiEcho( 3124): (REDACTED) #postPredictionTargets: Sending updates to UISurface %s with targets# %s (types=[%s])
10-09 19:32:00.073 I/AiAiEcho( 3124): (REDACTED) #postPredictionTargets: Sending updates to UISurface %s with targets# %s (types=[%s])
10-09 19:32:00.075 D/SsBaseTemplateCard( 2411): No text view can be set up
10-09 19:32:00.076 D/SsBaseTemplateCard( 2411): Passed-in item info is null
10-09 19:32:00.076 D/SsBaseTemplateCard( 2411): Passed-in item info is null
10-09 19:32:00.077 I/SsBaseTemplateCard( 2411): Secondary card pane is null
10-09 19:32:00.078 D/SsBaseTemplateCard( 2066): No text view can be set up
10-09 19:32:00.078 D/SsBaseTemplateCard( 2066): Passed-in item info is null
10-09 19:32:00.078 D/SsBaseTemplateCard( 2066): Passed-in item info is null
10-09 19:32:00.078 I/SsBaseTemplateCard( 2066): Secondary card pane is null
10-09 19:32:01.926 I/WifiHAL ( 1047): Creating message to get link statistics; iface = 47
10-09 19:32:01.998 I/WifiHAL ( 1047): In GetLinkStatsCommand::handleResponse
10-09 19:32:02.058 D/ConnectivityService( 1475): NetReassign [no changes] [c 1] [a 0] [i 11]
10-09 19:32:03.383 D/BoundBrokerSvc( 3179): onUnbind: Intent { act=com.google.android.gms.safetynet.service.START pkg=com.google.android.gms }
10-09 19:32:03.900 I/flutter (32141): [2024-10-09 19:32:03.900221] Active subscriptions (2)
10-09 19:32:05.049 I/WifiHAL ( 1047): Creating message to get link statistics; iface = 47
10-09 19:32:05.122 I/WifiHAL ( 1047): In GetLinkStatsCommand::handleResponse
10-09 19:32:05.178 D/ConnectivityService( 1475): NetReassign [no changes] [c 1] [a 1] [i 11]
10-09 19:32:08.168 I/WifiHAL ( 1047): Creating message to get link statistics; iface = 47
10-09 19:32:08.238 I/WifiHAL ( 1047): In GetLinkStatsCommand::handleResponse
10-09 19:32:08.292 D/ConnectivityService( 1475): NetReassign [no changes] [c 0] [a 1] [i 10]
10-09 19:32:09.579 I/NearbyDiscovery( 6357): (REDACTED) loadFastPairModule: checkFeaturesAreAvailable:%d
10-09 19:32:09.579 I/NearbyDiscovery( 6357): loadFastPairModule: FastPair module is downloaded. [CONTEXT service_id=265 ]
10-09 19:32:09.580 I/NearbyDiscovery( 6357): (REDACTED) %s
10-09 19:32:09.581 I/NearbyDiscovery( 6357): (REDACTED) %s
10-09 19:32:11.284 I/WifiHAL ( 1047): Creating message to get link statistics; iface = 47
10-09 19:32:11.355 I/WifiHAL ( 1047): In GetLinkStatsCommand::handleResponse
10-09 19:32:11.418 D/ConnectivityService( 1475): NetReassign [no changes] [c 2] [a 0] [i 6]
10-09 19:32:14.408 I/WifiHAL ( 1047): Creating message to get link statistics; iface = 47
10-09 19:32:14.476 I/WifiHAL ( 1047): In GetLinkStatsCommand::handleResponse
10-09 19:32:14.541 D/ConnectivityService( 1475): NetReassign [no changes] [c 2] [a 0] [i 12]
10-09 19:32:16.574 D/DLObserver( 2066): onReceive(); android.intent.action.BATTERY_CHANGED
10-09 19:32:16.574 D/DLObserver( 2066): plugged=2
10-09 19:32:16.577 D/PowerNotificationWarningsGoogleImpl( 2066): onReceive: android.intent.action.BATTERY_CHANGED
10-09 19:32:16.578 D/BatteryDefenderNotification( 2066): isPlugged: true | isOverheated: false | defenderEnabled: false | isCharged: true | isPluggedInDock: false
10-09 19:32:16.579 D/PowerUI ( 2066): can't show warning due to - plugged: true status unknown: false
10-09 19:32:16.618 W/Turbo.OnDeviceBatteryHistory(15112): addEvents: loaded 0 battery events.
10-09 19:32:16.619 W/Turbo.OnDeviceBatteryHistory(15112): addEvents: loaded battery events completed.
10-09 19:32:16.619 W/Turbo.EstimatedTimeRemainingProvider(15112): queryTimeToDischarge: 273000842
10-09 19:32:16.634 D/BatteryInfoBroadcast( 2066): onReceive: android.intent.action.BATTERY_CHANGED isPowerSaveMode: false remainingTimeMillis: 273000842
10-09 19:32:16.813 I/BistoHotwordHelper( 3140): (REDACTED) getHotwordActive::active query: %s, watch: %s, devices connected: %s
10-09 19:32:17.530 I/WifiHAL ( 1047): Creating message to get link statistics; iface = 47
10-09 19:32:17.605 I/WifiHAL ( 1047): In GetLinkStatsCommand::handleResponse
10-09 19:32:17.664 D/ConnectivityService( 1475): NetReassign [no changes] [c 1] [a 1] [i 11]
10-09 19:32:18.303 D/BoundBrokerSvc( 3179): onBind: Intent { act=com.google.android.gms.safetynet.service.START pkg=com.google.android.gms }
10-09 19:32:18.304 D/BoundBrokerSvc( 3179): Loading bound service for intent: Intent { act=com.google.android.gms.safetynet.service.START pkg=com.google.android.gms }
10-09 19:32:18.900 I/flutter (32141): [2024-10-09 19:32:18.900309] Active subscriptions (2)
10-09 19:32:20.656 I/WifiHAL ( 1047): Creating message to get link statistics; iface = 47
10-09 19:32:20.727 I/WifiHAL ( 1047): In GetLinkStatsCommand::handleResponse
10-09 19:32:20.730 I/bt_btif_dm( 2255): packages/modules/Bluetooth/system/btif/src/btif_dm.cc:634 btif_update_remote_properties: cod from storage is also unclassified
10-09 19:32:20.760 I/NearbyDiscovery( 6357): (REDACTED) [trigger-id=Scan4FBF4B8A] FastPairCache: First time advertise data with bloom filter, %s, %s, %s
10-09 19:32:20.775 D/ConnectivityService( 1475): NetReassign [no changes] [c 0] [a 0] [i 2]
10-09 19:32:21.012 D/BluetoothAdapterService( 2255): cancelDiscovery
10-09 19:32:21.013 I/bt_btif_dm( 2255): packages/modules/Bluetooth/system/btif/src/btif_dm.cc:2145 btif_dm_cancel_discovery: Cancel search
10-09 19:32:21.014 D/BluetoothAdapter(11704): isLeEnabled(): ON
10-09 19:32:21.019 I/bt_stack( 2255): [INFO:le_scanning_manager.cc(141)] RegisterScanner in shim layer
10-09 19:32:21.021 D/BluetoothLeScanner(11704): onScannerRegistered() - status=0 scannerId=2 mScannerId=0
10-09 19:32:21.031 D/ActivityAttributionService( 2255): notifyActivityAttributionInfo UID=1002 packageName=com.google.android.bluetooth deviceAddress=no_active_device_address
10-09 19:32:21.031 I/bt_btif ( 2255): packages/modules/Bluetooth/system/btif/src/bluetooth.cc:465 get_profile_interface: get_profile_interface: id = activity_attribution
10-09 19:32:21.032 I/bt_stack( 2255): [INFO:le_scanning_manager.cc(238)] ScanFilterEnable in shim layer
10-09 19:32:21.033 I/bt_stack( 2255): [INFO:le_scanning_manager.cc(213)] ScanFilterAdd in shim layer
10-09 19:32:21.035 I/bt_stack( 2255): [INFO:le_scanning_manager.cc(174)] ScanFilterParamSetup in shim layer
10-09 19:32:21.038 I/bt_stack( 2255): [INFO:le_scanning_manager.cc(154)] Scan in shim layer stopped
10-09 19:32:21.039 I/bt_stack( 2255): [INFO:le_scanning_manager.cc(250)] SetScanParameters in shim layer
10-09 19:32:21.039 I/bt_stack( 2255): [INFO:le_scanning_manager.cc(154)] Scan in shim layer started
10-09 19:32:21.047 I/bluetooth( 2255): packages/modules/Bluetooth/system/gd/hci/le_address_manager.cc:190 unregister_client: Client unregistered
10-09 19:32:21.047 I/bluetooth( 2255): packages/modules/Bluetooth/system/gd/hci/le_address_manager.cc:194 unregister_client: Cancelled address rotation alarm
10-09 19:32:21.047 I/bluetooth( 2255): packages/modules/Bluetooth/system/gd/hci/le_scanning_manager.cc:659 stop_scan: Scanning already stopped, return!
10-09 19:32:21.048 I/bluetooth( 2255): packages/modules/Bluetooth/system/gd/hci/le_address_manager.cc:172 register_client: Scheduled address rotation for first client registered
10-09 19:32:21.048 I/bluetooth( 2255): packages/modules/Bluetooth/system/gd/hci/le_address_manager.cc:175 register_client: Client registered
10-09 19:32:21.557 W/doh::connection(  997): Connection driver returns some Err: Closed
10-09 19:32:21.695 I/NearbyDiscovery( 6357): (REDACTED) [trigger-id=Scan81F228F4] FastPairCache: First time advertise data with bloom filter, %s, %s, %s
10-09 19:32:23.778 I/WifiHAL ( 1047): Creating message to get link statistics; iface = 47
10-09 19:32:23.857 I/WifiHAL ( 1047): In GetLinkStatsCommand::handleResponse
10-09 19:32:23.920 D/ConnectivityService( 1475): NetReassign [no changes] [c 1] [a 1] [i 12]
10-09 19:32:26.911 I/WifiHAL ( 1047): Creating message to get link statistics; iface = 47
10-09 19:32:26.984 I/WifiHAL ( 1047): In GetLinkStatsCommand::handleResponse
10-09 19:32:27.037 D/ConnectivityService( 1475): NetReassign [no changes] [c 0] [a 1] [i 9]
10-09 19:32:27.041 I/bt_stack( 2255): [INFO:le_scanning_manager.cc(154)] Scan in shim layer stopped
10-09 19:32:27.041 I/bt_stack( 2255): [INFO:le_scanning_manager.cc(250)] SetScanParameters in shim layer
10-09 19:32:27.041 I/bt_stack( 2255): [INFO:le_scanning_manager.cc(154)] Scan in shim layer started
10-09 19:32:27.041 I/bluetooth( 2255): packages/modules/Bluetooth/system/gd/hci/le_address_manager.cc:190 unregister_client: Client unregistered
10-09 19:32:27.041 I/bluetooth( 2255): packages/modules/Bluetooth/system/gd/hci/le_address_manager.cc:194 unregister_client: Cancelled address rotation alarm
10-09 19:32:27.056 I/bluetooth( 2255): packages/modules/Bluetooth/system/gd/hci/le_scanning_manager.cc:659 stop_scan: Scanning already stopped, return!
10-09 19:32:27.057 I/bluetooth( 2255): packages/modules/Bluetooth/system/gd/hci/le_address_manager.cc:172 register_client: Scheduled address rotation for first client registered
10-09 19:32:27.057 I/bluetooth( 2255): packages/modules/Bluetooth/system/gd/hci/le_address_manager.cc:175 register_client: Client registered
10-09 19:32:30.031 I/WifiHAL ( 1047): Creating message to get link statistics; iface = 47
10-09 19:32:30.104 I/WifiHAL ( 1047): In GetLinkStatsCommand::handleResponse
10-09 19:32:30.162 D/ConnectivityService( 1475): NetReassign [no changes] [c 1] [a 1] [i 11]
10-09 19:32:33.150 I/WifiHAL ( 1047): Creating message to get link statistics; iface = 47
10-09 19:32:33.218 I/WifiHAL ( 1047): In GetLinkStatsCommand::handleResponse
10-09 19:32:33.271 D/ConnectivityService( 1475): NetReassign [no changes] [c 0] [a 1] [i 10]
10-09 19:32:33.329 D/TrafficStats(31959): tagSocket(5) with statsTag=0xffffffff, statsUid=-1
10-09 19:32:33.396 D/BoundBrokerSvc( 3179): onUnbind: Intent { act=com.google.android.gms.safetynet.service.START pkg=com.google.android.gms }
10-09 19:32:33.522 D/CompatibilityChangeReporter( 1475): Compat change id reported: 161252188; UID 10323; state: DISABLED
10-09 19:32:33.523 I/ActivityTaskManager( 1475): START u0 {flg=0x10000000 cmp=com.netease.open.pocoservice/.TestActivity} from uid 2000
10-09 19:32:33.525 D/CompatibilityChangeReporter( 1475): Compat change id reported: 265464455; UID 10323; state: DISABLED
10-09 19:32:33.525 D/CompatibilityChangeReporter( 1475): Compat change id reported: 265452344; UID 10323; state: DISABLED
10-09 19:32:33.525 D/CompatibilityChangeReporter( 1475): Compat change id reported: 266124927; UID 10323; state: DISABLED
10-09 19:32:33.525 D/CompatibilityChangeReporter( 1475): Compat change id reported: 265451093; UID 10323; state: DISABLED
10-09 19:32:33.526 D/CompatibilityChangeReporter( 1475): Compat change id reported: 265456536; UID 10323; state: DISABLED
10-09 19:32:33.526 D/CompatibilityChangeReporter( 1475): Compat change id reported: 255940284; UID 10323; state: DISABLED
10-09 19:32:33.526 D/CompatibilityChangeReporter( 1475): Compat change id reported: 236283604; UID 10323; state: DISABLED
10-09 19:32:33.526 D/CompatibilityChangeReporter( 1475): Compat change id reported: 263959004; UID 10323; state: DISABLED
10-09 19:32:33.526 D/CompatibilityChangeReporter( 1475): Compat change id reported: 264304459; UID 10323; state: DISABLED
10-09 19:32:33.527 D/CompatibilityChangeReporter( 1475): Compat change id reported: 264301586; UID 10323; state: DISABLED
10-09 19:32:33.527 D/CompatibilityChangeReporter( 1475): Compat change id reported: 254631730; UID 10323; state: DISABLED
10-09 19:32:33.527 D/CompatibilityChangeReporter( 1475): Compat change id reported: 273509367; UID 10323; state: DISABLED
10-09 19:32:33.527 D/CompatibilityChangeReporter( 1475): Compat change id reported: 263259275; UID 10323; state: DISABLED
10-09 19:32:33.529 D/CompatibilityChangeReporter( 1475): Compat change id reported: 194480991; UID 10323; state: ENABLED
10-09 19:32:33.530 D/CompatibilityChangeReporter( 1475): Compat change id reported: 174042980; UID 10323; state: DISABLED
10-09 19:32:33.534 D/CompatibilityChangeReporter( 1475): Compat change id reported: 184838306; UID 10323; state: DISABLED
10-09 19:32:33.535 D/CompatibilityChangeReporter( 1475): Compat change id reported: 185004937; UID 10323; state: DISABLED
10-09 19:32:33.535 D/CompatibilityChangeReporter( 1475): Compat change id reported: 181136395; UID 10323; state: DISABLED
10-09 19:32:33.535 D/CompatibilityChangeReporter( 1475): Compat change id reported: 174042936; UID 10323; state: DISABLED
10-09 19:32:33.537 D/CompatibilityChangeReporter( 1475): Compat change id reported: 197654537; UID 10323; state: ENABLED
10-09 19:32:33.539 D/CompatibilityChangeReporter( 1475): Compat change id reported: 205907456; UID 10323; state: ENABLED
10-09 19:32:33.543 D/SessionLifecycleClient(32141): Sending lifecycle 2 to service
10-09 19:32:33.543 D/SessionLifecycleService(32141): Activity backgrounding at 30255661
10-09 19:32:33.544 D/CompatibilityChangeReporter( 1475): Compat change id reported: 168419799; UID 10323; state: DISABLED
10-09 19:32:33.544 D/CompatibilityChangeReporter( 1475): Compat change id reported: 273564678; UID 10323; state: DISABLED
10-09 19:32:33.546 D/CompatibilityChangeReporter( 1475): Compat change id reported: 181136395; UID 10452; state: DISABLED
10-09 19:32:33.546 D/CompatibilityChangeReporter( 1475): Compat change id reported: 174042936; UID 10452; state: DISABLED
10-09 19:32:33.555 D/AppCompatDelegate(31959): Checking for metadata for AppLocalesMetadataHolderService : Service not found
10-09 19:32:33.556 D/BoundBrokerSvc( 3179): onBind: Intent { act=com.google.android.gms.measurement.START pkg=com.google.android.gms }
10-09 19:32:33.556 D/BoundBrokerSvc( 3179): Loading bound service for intent: Intent { act=com.google.android.gms.measurement.START pkg=com.google.android.gms }
10-09 19:32:33.562 D/LifecycleMonitor(31959): Lifecycle status change: com.netease.open.pocoservice.TestActivity@e9c955 in: PRE_ON_CREATE
10-09 19:32:33.566 D/AdvertisingIdClient( 3179): AdvertisingIdClient already created.
10-09 19:32:33.566 D/AdvertisingIdClient( 3179): AdvertisingIdClient is not bounded. Starting to bind it...
10-09 19:32:33.571 D/AdvertisingIdClient( 3179): AdvertisingIdClient is bounded
10-09 19:32:33.572 I/AdvertisingIdClient( 3179): shouldSendLog 29279578
10-09 19:32:33.572 I/AdvertisingIdClient( 3179): GetInfoInternal elapse 5ms
10-09 19:32:33.576 W/pen.pocoservice(31959): Accessing hidden method Landroid/view/View;->computeFitSystemWindows(Landroid/graphics/Rect;Landroid/graphics/Rect;)Z (unsupported, reflection, allowed)
10-09 19:32:33.576 W/pen.pocoservice(31959): Accessing hidden method Landroid/view/ViewGroup;->makeOptionalFitsSystemWindows()V (unsupported, reflection, allowed)
10-09 19:32:33.582 D/LifecycleMonitor(31959): Lifecycle status change: com.netease.open.pocoservice.TestActivity@e9c955 in: CREATED
10-09 19:32:33.583 D/LifecycleMonitor(31959): Lifecycle status change: com.netease.open.pocoservice.TestActivity@e9c955 in: STARTED
10-09 19:32:33.584 I/PocoService(31959): onResume
10-09 19:32:33.585 I/ActivityTaskManager( 1475): moveTaskToBack: Task{b00e4f1 #16359 type=standard A=10323:com.netease.open.pocoservice}
10-09 19:32:33.587 D/CompatibilityChangeReporter(31959): Compat change id reported: 147798919; UID 10323; state: ENABLED
10-09 19:32:33.588 W/NetworkScheduler( 6357): Error inserting flex_time=3480000 job_id=-1 period=6962000 source=16 requires_charging=0 preferred_network_type=1 target_class=com.google.android.gms.measurement.PackageMeasurementTaskService user_id=0 target_package=com.google.android.gms tag=Measurement.PackageMeasurementTaskService.UPLOAD_TASK_TAG task_type=0 required_idleness_state=0 service_kind=0 source_version=243834000 persistence_level=1 preferred_charging_state=1 required_network_type=0 runtime=1728482553585 retry_strategy={"maximum_backoff_seconds":{"3600":0},"initial_backoff_seconds":{"30":0},"retry_policy":{"0":0}} last_runtime=0 [CONTEXT service_id=218 ]
10-09 19:32:33.588 W/NetworkScheduler( 6357): android.database.sqlite.SQLiteConstraintException: UNIQUE constraint failed: pending_ops.tag, pending_ops.target_class, pending_ops.target_package, pending_ops.user_id (code 2067 SQLITE_CONSTRAINT_UNIQUE)
10-09 19:32:33.588 W/NetworkScheduler( 6357): 	at android.database.sqlite.SQLiteConnection.nativeExecuteForLastInsertedRowId(Native Method)
10-09 19:32:33.588 W/NetworkScheduler( 6357): 	at android.database.sqlite.SQLiteConnection.executeForLastInsertedRowId(SQLiteConnection.java:961)
10-09 19:32:33.588 W/NetworkScheduler( 6357): 	at android.database.sqlite.SQLiteSession.executeForLastInsertedRowId(SQLiteSession.java:790)
10-09 19:32:33.588 W/NetworkScheduler( 6357): 	at android.database.sqlite.SQLiteStatement.executeInsert(SQLiteStatement.java:89)
10-09 19:32:33.588 W/NetworkScheduler( 6357): 	at android.database.sqlite.SQLiteDatabase.insertWithOnConflict(SQLiteDatabase.java:1868)
10-09 19:32:33.588 W/NetworkScheduler( 6357): 	at android.database.sqlite.SQLiteDatabase.insertOrThrow(SQLiteDatabase.java:1763)
10-09 19:32:33.588 W/NetworkScheduler( 6357): 	at dftk.d(:com.google.android.gms@243834029@24.38.34 (190400-681941525):727)
10-09 19:32:33.588 W/NetworkScheduler( 6357): 	at dfqw.n(:com.google.android.gms@243834029@24.38.34 (190400-681941525):29)
10-09 19:32:33.588 W/NetworkScheduler( 6357): 	at dfqw.u(:com.google.android.gms@243834029@24.38.34 (190400-681941525):360)
10-09 19:32:33.588 W/NetworkScheduler( 6357): 	at dfqw.h(:com.google.android.gms@243834029@24.38.34 (190400-681941525):51)
10-09 19:32:33.588 W/NetworkScheduler( 6357): 	at dflq.run(:com.google.android.gms@243834029@24.38.34 (190400-681941525):72)
10-09 19:32:33.588 W/NetworkScheduler( 6357): 	at anih.c(:com.google.android.gms@243834029@24.38.34 (190400-681941525):50)
10-09 19:32:33.588 W/NetworkScheduler( 6357): 	at anih.run(:com.google.android.gms@243834029@24.38.34 (190400-681941525):76)
10-09 19:32:33.588 W/NetworkScheduler( 6357): 	at java.util.concurrent.ThreadPoolExecutor.runWorker(ThreadPoolExecutor.java:1145)
10-09 19:32:33.588 W/NetworkScheduler( 6357): 	at java.util.concurrent.ThreadPoolExecutor$Worker.run(ThreadPoolExecutor.java:644)
10-09 19:32:33.588 W/NetworkScheduler( 6357): 	at anns.run(:com.google.android.gms@243834029@24.38.34 (190400-681941525):8)
10-09 19:32:33.588 W/NetworkScheduler( 6357): 	at java.lang.Thread.run(Thread.java:1012)
10-09 19:32:33.589 D/LifecycleMonitor(31959): Lifecycle status change: com.netease.open.pocoservice.TestActivity@e9c955 in: RESUMED
10-09 19:32:33.594 D/CompatibilityChangeReporter(31959): Compat change id reported: 237531167; UID 10323; state: DISABLED
10-09 19:32:33.594 D/CoreBackPreview( 1475): Window{fcfafd1 u0 Toast}: Setting back callback OnBackInvokedCallbackInfo{mCallback=android.window.IOnBackInvokedCallback$Stub$Proxy@410ed37, mPriority=0}
10-09 19:32:33.601 D/CoreBackPreview( 1475): Window{7778809 u0 com.netease.open.pocoservice/com.netease.open.pocoservice.TestActivity}: Setting back callback OnBackInvokedCallbackInfo{mCallback=android.window.IOnBackInvokedCallback$Stub$Proxy@36a4c2f, mPriority=0}
10-09 19:32:33.602 D/LifecycleMonitor(31959): Lifecycle status change: com.netease.open.pocoservice.TestActivity@e9c955 in: PAUSED
10-09 19:32:33.604 D/SessionLifecycleClient(32141): Sending lifecycle 1 to service
10-09 19:32:33.604 D/SessionLifecycleService(32141): Activity foregrounding at 30255722.
10-09 19:32:33.616 I/hwservicemanager(  392): getTransport: Cannot find entry android.hardware.graphics.allocator@4.0::IAllocator/default in either framework or device VINTF manifest.
10-09 19:32:33.616 I/servicemanager(  391): Found android.hardware.graphics.allocator.IAllocator/default in device VINTF manifest.
10-09 19:32:33.625 I/GoogleInputMethodService(31583): GoogleInputMethodService.onFinishInput():3122 
10-09 19:32:33.625 D/LifecycleMonitor(31959): Lifecycle status change: com.netease.open.pocoservice.TestActivity@e9c955 in: STOPPED
10-09 19:32:33.626 I/GoogleInputMethodService(31583): GoogleInputMethodService.updateDeviceLockedStatus():2193 repeatCheckTimes = 0, locked = false
10-09 19:32:33.626 I/GoogleInputMethodService(31583): GoogleInputMethodService.onStartInput():1937 onStartInput(EditorInfo{EditorInfo{packageName=com.zebra.soho_app, inputType=0, inputTypeString=NULL, enableLearning=false, autoCorrection=false, autoComplete=false, imeOptions=0, privateImeOptions=null, actionName=UNSPECIFIED, actionLabel=null, initialSelStart=-1, initialSelEnd=-1, initialCapsMode=0, label=null, fieldId=-1, fieldName=null, extras=null, hintText=null, hintLocales=[]}}, false)
10-09 19:32:33.626 I/GoogleInputMethodService(31583): GoogleInputMethodService.updateDeviceLockedStatus():2193 repeatCheckTimes = 1, locked = false
10-09 19:32:33.627 I/AndroidIME(31583): InputBundleManager.loadActiveInputBundleId():450 loadActiveInputBundleId: und-Latn-x-password, password
10-09 19:32:33.747 D/AndroidRuntime(32730): >>>>>> START com.android.internal.os.RuntimeInit uid 2000 <<<<<<
10-09 19:32:33.750 I/app_process(32730): MMAP_TRYLOCK is not supported in uffd addr:0x7f05e19000 page-size:4096
10-09 19:32:33.750 I/AndroidRuntime(32730): Using default boot image
10-09 19:32:33.750 I/AndroidRuntime(32730): Leaving lock profiling enabled
10-09 19:32:33.752 I/app_process(32730): Using CollectorTypeCMC GC.
10-09 19:32:33.796 D/nativeloader(32730): InitDefaultPublicLibraries for_preload=1: libandroid.so:libaaudio.so:libamidi.so:libbinder_ndk.so:libc.so:libcamera2ndk.so:libdl.so:libEGL.so:libGLESv1_CM.so:libGLESv2.so:libGLESv3.so:libicu.so:libicui18n.so:libicuuc.so:libjnigraphics.so:liblog.so:libmediandk.so:libm.so:libnativehelper.so:libnativewindow.so:libOpenMAXAL.so:libOpenSLES.so:libRS.so:libstdc++.so:libsync.so:libvulkan.so:libwebviewchromium_plat_support.so:libz.so
10-09 19:32:33.802 D/nativeloader(32730): Load libicu_jni.so using APEX ns com_android_art for caller /apex/com.android.art/javalib/core-oj.jar: ok
10-09 19:32:33.802 D/app_process(32730): Time zone APEX ICU file found: /apex/com.android.tzdata/etc/icu/icu_tzdata.dat
10-09 19:32:33.802 D/app_process(32730): I18n APEX ICU file found: /apex/com.android.i18n/etc/icu/icudt70l.dat
10-09 19:32:33.803 D/nativeloader(32730): Load libjavacore.so using APEX ns com_android_art for caller /apex/com.android.art/javalib/core-oj.jar: ok
10-09 19:32:33.803 D/nativeloader(32730): Load libopenjdk.so using APEX ns com_android_art for caller /apex/com.android.art/javalib/core-oj.jar: ok
10-09 19:32:33.820 D/nativeloader(32730): Load libframework-connectivity-tiramisu-jni.so using APEX ns com_android_tethering for caller /apex/com.android.tethering/javalib/framework-connectivity-t.jar: ok
10-09 19:32:33.820 D/AndroidRuntime(32730): Calling main entry com.android.commands.am.Am
10-09 19:32:33.824 I/ActivityManager( 1475): Force stopping com.netease.open.pocoservice appid=10323 user=0: start instr
10-09 19:32:33.824 I/ActivityManager( 1475): Killing 31959:com.netease.open.pocoservice/u0a323 (adj 0): stop com.netease.open.pocoservice due to start instr
10-09 19:32:33.825 W/ActivityTaskManager( 1475): Force removing ActivityRecord{374f757 u0 com.netease.open.pocoservice/.TestActivity} t16359 f}}: app died, no saved state
10-09 19:32:33.825 W/InputManager-JNI( 1475): Input channel object '7778809 com.netease.open.pocoservice/com.netease.open.pocoservice.TestActivity (client)' was disposed without first being removed with the input manager!
10-09 19:32:33.825 W/UsageStatsService( 1475): Unexpected activity event reported! (com.netease.open.pocoservice/com.netease.open.pocoservice.TestActivity event : 23 instanceId : 143202518)
10-09 19:32:33.826 W/ActivityManager( 1475): Crash of app com.netease.open.pocoservice running instrumentation ComponentInfo{com.netease.open.pocoservice/androidx.test.runner.AndroidJUnitRunner}
10-09 19:32:33.827 I/ActivityManager( 1475): Force stopping com.netease.open.pocoservice appid=10323 user=0: finished inst
10-09 19:32:33.827 I/ActivityManager( 1475): Failure reporting to instrumentation watcher: comp=ComponentInfo{com.netease.open.pocoservice/androidx.test.runner.AndroidJUnitRunner} results=Bundle[{shortMsg=Process crashed.}]
10-09 19:32:33.827 W/ActivityManager( 1475): Error shutting down UiAutomationConnection
10-09 19:32:33.831 D/CompatibilityChangeReporter( 1475): Compat change id reported: 135634846; UID 10323; state: DISABLED
10-09 19:32:33.831 D/CompatibilityChangeReporter( 1475): Compat change id reported: 177438394; UID 10323; state: DISABLED
10-09 19:32:33.831 D/CompatibilityChangeReporter( 1475): Compat change id reported: 135772972; UID 10323; state: DISABLED
10-09 19:32:33.831 D/CompatibilityChangeReporter( 1475): Compat change id reported: 135754954; UID 10323; state: ENABLED
10-09 19:32:33.831 I/libprocessgroup( 1475): Successfully killed process cgroup uid 10323 pid 31959 in 6ms
10-09 19:32:33.831 D/CompatibilityChangeReporter( 1475): Compat change id reported: 143937733; UID 10323; state: ENABLED
10-09 19:32:33.844 D/Zygote  (  998): Forked child process 32742
10-09 19:32:33.844 I/ActivityManager( 1475): Start proc 32742:com.netease.open.pocoservice/u0a323 for added application com.netease.open.pocoservice
10-09 19:32:33.849 V/ActivityManager( 1475): Got obituary of 31959:com.netease.open.pocoservice
10-09 19:32:33.850 W/ActivityManager( 1475): setHasOverlayUi called on unknown pid: 31959
10-09 19:32:33.850 I/adbd    ( 1252): Remote process closed the socket (on MSG_PEEK)
10-09 19:32:33.852 I/Zygote  (  998): Process 31959 exited due to signal 9 (Killed)
10-09 19:32:33.860 I/pen.pocoservice(32742): Late-enabling -Xcheck:jni
10-09 19:32:33.887 I/pen.pocoservice(32742): Using CollectorTypeCMC GC.
10-09 19:32:33.891 I/adbd    ( 1252): jdwp connection from 32742
10-09 19:32:33.895 D/nativeloader(32742): Load libframework-connectivity-tiramisu-jni.so using APEX ns com_android_tethering for caller /apex/com.android.tethering/javalib/framework-connectivity-t.jar: ok
10-09 19:32:33.898 I/flutter (32141): [2024-10-09 19:32:33.898148] Active subscriptions (2)
10-09 19:32:33.912 D/CompatibilityChangeReporter(32742): Compat change id reported: 171979766; UID 10323; state: ENABLED
10-09 19:32:33.927 D/nativeloader(32742): Configuring clns-4 for other apk /data/app/~~R1AL1YZeiyMCOOYfreUELA==/com.netease.open.pocoservice-ryMJmW3OxSgbp8lnVfaJLw==/base.apk. target_sdk_version=33, uses_libraries=, library_path=/data/app/~~R1AL1YZeiyMCOOYfreUELA==/com.netease.open.pocoservice-ryMJmW3OxSgbp8lnVfaJLw==/lib/arm64, permitted_path=/data:/mnt/expand:/data/user/0/com.netease.open.pocoservice
10-09 19:32:33.934 D/nativeloader(32742): Load libframework-connectivity-jni.so using APEX ns com_android_tethering for caller /apex/com.android.tethering/javalib/framework-connectivity.jar: ok
10-09 19:32:33.937 V/GraphicsEnvironment(32742): ANGLE Developer option for 'com.netease.open.pocoservice' set to: 'default'
10-09 19:32:33.937 V/GraphicsEnvironment(32742): ANGLE GameManagerService for com.netease.open.pocoservice: false
10-09 19:32:33.937 V/GraphicsEnvironment(32742): Neither updatable production driver nor prerelease driver is supported.
10-09 19:32:33.941 D/NetworkSecurityConfig(32742): No Network Security Config specified, using platform default
10-09 19:32:33.942 D/NetworkSecurityConfig(32742): No Network Security Config specified, using platform default
10-09 19:32:33.942 I/MonitoringInstr(32742): newApplication called!
10-09 19:32:33.943 I/MultiDex(32742): VM with version 2.1.0 has multidex support
10-09 19:32:33.943 I/MultiDex(32742): Installing application
10-09 19:32:33.943 I/MultiDex(32742): VM has multidex support, MultiDex support library is disabled.
10-09 19:32:33.953 I/MonitoringInstr(32742): Instrumentation started!
10-09 19:32:34.034 I/AndroidJUnitRunner(32742): onCreate Bundle[{class=com.netease.open.pocoservice.InstrumentedTestAsLauncher, debug=false}]
10-09 19:32:34.034 V/TestEventClient(32742): No service name argument was given (testDiscoveryService, testRunEventService or orchestratorService)
10-09 19:32:34.035 D/AndroidJUnitRunner(32742): onStart is called.
10-09 19:32:34.036 I/MonitoringInstr(32742): No JSBridge.
10-09 19:32:34.041 D/CompatibilityChangeReporter( 1475): Compat change id reported: 161145287; UID 10323; state: DISABLED
10-09 19:32:34.046 D/TestRequestBuilder(32742): Skipping class path scanning and directly running [com.netease.open.pocoservice.InstrumentedTestAsLauncher]
10-09 19:32:34.060 D/AndroidJUnitRunner(32742): Use the raw file system for managing file I/O.
10-09 19:32:34.062 D/TestExecutor(32742): Adding listener androidx.test.internal.runner.listener.LogRunListener
10-09 19:32:34.062 D/TestExecutor(32742): Adding listener androidx.test.internal.runner.listener.InstrumentationResultPrinter
10-09 19:32:34.062 D/TestExecutor(32742): Adding listener androidx.test.internal.runner.listener.ActivityFinisherRunListener
10-09 19:32:34.062 D/TestExecutor(32742): Adding listener androidx.test.internal.runner.listener.TraceRunListener
10-09 19:32:34.068 I/TestRunner(32742): run started: 1 tests
10-09 19:32:34.069 I/TestRunner(32742): started: launch(com.netease.open.pocoservice.InstrumentedTestAsLauncher)
10-09 19:32:34.078 W/WindowMagnificationMgr( 1475): requestConnection duplicated request: connect=false, mConnectionState=DISCONNECTED
10-09 19:32:34.080 I/AiAiEcho( 3124): (REDACTED) Settings changed for uri: %s
10-09 19:32:34.082 W/WindowMagnificationMgr( 1475): requestConnection duplicated request: connect=false, mConnectionState=DISCONNECTED
10-09 19:32:34.083 I/AiAiEcho( 3124): (REDACTED) Predicting[%d]: %s
10-09 19:32:34.084 I/com.netease.open.pocoservice.ServerForHierarchyViewer(32742): server listening on 127.0.0.1:10080
10-09 19:32:34.085 I/AiAiEcho( 3124): (REDACTED) Settings changed for uri: %s
10-09 19:32:34.087 D/TrafficStats(32742): tagSocket(76) with statsTag=0xffffffff, statsUid=-1
10-09 19:32:34.087 D/BatterySaverPolicy( 1475): accessibility changed to true, updating policy.
10-09 19:32:34.088 I/AiAiEcho( 3124): (REDACTED) EchoTargets: %s
10-09 19:32:34.088 I/AiAiEcho( 3124): Filtered by AiAi flag check: %s
10-09 19:32:34.088 I/AiAiEcho( 3124): (REDACTED) Ranked targets strategy: %s, count: %d, ranking metadata: %s
10-09 19:32:34.089 I/AiAiEcho( 3124): #remoteViewsTwiddler: feature disabled.
10-09 19:32:34.089 I/AiAiEcho( 3124): (REDACTED) Predicting[%d]: %s
10-09 19:32:34.090 I/AiAiEcho( 3124): (REDACTED) EchoTargets: %s
10-09 19:32:34.090 I/AiAiEcho( 3124): Filtered by AiAi flag check: %s
10-09 19:32:34.090 I/AiAiEcho( 3124): (REDACTED) Ranked targets strategy: %s, count: %d, ranking metadata: %s
10-09 19:32:34.091 I/AiAiEcho( 3124): (REDACTED) #weatherTwiddler: Weather removes SubtitleSupplementalItem in surface: %s
10-09 19:32:34.091 I/AiAiEcho( 3124): #remoteViewsTwiddler: feature disabled.
10-09 19:32:34.091 I/AiAiEcho( 3124): (REDACTED) Predicting[%d]: %s
10-09 19:32:34.091 I/AiAiEcho( 3124): (REDACTED) EchoTargets: %s
10-09 19:32:34.091 I/AiAiEcho( 3124): Filtered by AiAi flag check: %s
10-09 19:32:34.092 I/AiAiEcho( 3124): (REDACTED) Ranked targets strategy: %s, count: %d, ranking metadata: %s
10-09 19:32:34.092 I/AiAiEcho( 3124): (REDACTED) #weatherTwiddler: Weather removes SubtitleSupplementalItem in surface: %s
10-09 19:32:34.092 I/AiAiEcho( 3124): #remoteViewsTwiddler: feature disabled.
10-09 19:32:34.092 I/AiAiEcho( 3124): (REDACTED) Predicting[%d]: %s
10-09 19:32:34.093 I/AiAiEcho( 3124): (REDACTED) EchoTargets: %s
10-09 19:32:34.093 I/AiAiEcho( 3124): Filtered by AiAi flag check: %s
10-09 19:32:34.093 I/AiAiEcho( 3124): (REDACTED) Ranked targets strategy: %s, count: %d, ranking metadata: %s
10-09 19:32:34.093 I/AiAiEcho( 3124): #remoteViewsTwiddler: feature disabled.
10-09 19:32:34.093 I/AiAiEcho( 3124): (REDACTED) Predicting[%d]: %s
10-09 19:32:34.094 I/AiAiEcho( 3124): (REDACTED) EchoTargets: %s
10-09 19:32:34.094 I/AiAiEcho( 3124): Filtered by AiAi flag check: %s
10-09 19:32:34.094 I/AiAiEcho( 3124): (REDACTED) Ranked targets strategy: %s, count: %d, ranking metadata: %s
10-09 19:32:34.094 I/AiAiEcho( 3124): (REDACTED) #weatherTwiddler: Weather removes SubtitleSupplementalItem in surface: %s
10-09 19:32:34.095 I/AiAiEcho( 3124): #remoteViewsTwiddler: feature disabled.
10-09 19:32:34.095 I/AiAiEcho( 3124): (REDACTED) Predicting[%d]: %s
10-09 19:32:34.095 I/AiAiEcho( 3124): (REDACTED) EchoTargets: %s
10-09 19:32:34.095 I/AiAiEcho( 3124): Filtered by AiAi flag check: %s
10-09 19:32:34.095 I/AiAiEcho( 3124): (REDACTED) Ranked targets strategy: %s, count: %d, ranking metadata: %s
10-09 19:32:34.096 I/AiAiEcho( 3124): (REDACTED) #weatherTwiddler: Weather removes SubtitleSupplementalItem in surface: %s
10-09 19:32:34.096 I/AiAiEcho( 3124): #remoteViewsTwiddler: feature disabled.
10-09 19:32:34.096 I/AiAiEcho( 3124): (REDACTED) #postPredictionTargets: Sending updates to UISurface %s with targets# %s (types=[%s])
10-09 19:32:34.096 D/SsMediaDataProvider( 2066): Forwarding Smartspace updates []
10-09 19:32:34.098 I/com.netease.open.pocoservice.ServerForHierarchyViewer(32742): server started
10-09 19:32:34.099 I/AiAiEcho( 3124): (REDACTED) #postPredictionTargets: Sending updates to UISurface %s with targets# %s (types=[%s])
10-09 19:32:34.099 D/TrafficStats(32742): tagSocket(77) with statsTag=0xffffffff, statsUid=-1
10-09 19:32:34.099 D/SsBaseTemplateCard( 2066): No text view can be set up
10-09 19:32:34.099 D/SsBaseTemplateCard( 2066): Passed-in item info is null
10-09 19:32:34.099 D/SsBaseTemplateCard( 2066): Passed-in item info is null
10-09 19:32:34.099 I/SsBaseTemplateCard( 2066): Secondary card pane is null
10-09 19:32:34.101 I/AiAiEcho( 3124): (REDACTED) #postPredictionTargets: Sending updates to UISurface %s with targets# %s (types=[%s])
10-09 19:32:34.102 I/AiAiEcho( 3124): (REDACTED) #postPredictionTargets: Sending updates to UISurface %s with targets# %s (types=[%s])
10-09 19:32:34.102 D/SsBaseTemplateCard( 2411): No text view can be set up
10-09 19:32:34.102 D/SsBaseTemplateCard( 2411): Passed-in item info is null
10-09 19:32:34.102 D/SsBaseTemplateCard( 2411): Passed-in item info is null
10-09 19:32:34.102 I/SsBaseTemplateCard( 2411): Secondary card pane is null
10-09 19:32:34.102 D/SsMediaDataProvider( 2066): Forwarding Smartspace updates []
10-09 19:32:34.104 I/AiAiEcho( 3124): (REDACTED) #postPredictionTargets: Sending updates to UISurface %s with targets# %s (types=[%s])
10-09 19:32:34.105 D/SsBaseTemplateCard( 2066): No text view can be set up
10-09 19:32:34.105 D/SsBaseTemplateCard( 2066): Passed-in item info is null
10-09 19:32:34.105 D/SsBaseTemplateCard( 2066): Passed-in item info is null
10-09 19:32:34.105 I/SsBaseTemplateCard( 2066): Secondary card pane is null
10-09 19:32:34.107 I/AiAiEcho( 3124): (REDACTED) #postPredictionTargets: Sending updates to UISurface %s with targets# %s (types=[%s])
10-09 19:32:34.111 W/WindowMagnificationMgr( 1475): requestConnection duplicated request: connect=false, mConnectionState=DISCONNECTED
10-09 19:32:34.116 I/A       ( 6407): NGA Sync: beginOnDataPresent
10-09 19:32:34.117 D/SsBaseTemplateCard( 2411): No text view can be set up
10-09 19:32:34.118 D/SsBaseTemplateCard( 2411): Passed-in item info is null
10-09 19:32:34.118 D/SsBaseTemplateCard( 2411): Passed-in item info is null
10-09 19:32:34.118 I/SsBaseTemplateCard( 2411): Secondary card pane is null
10-09 19:32:34.119 I/A       ( 6407): (REDACTED) NGA Sync: isNgaSyncEnabled: %s; enableFileGroupPopulator: %s; requiresMddAssets: %s
10-09 19:32:34.122 I/A       ( 6407): (REDACTED) Flag controlled groups: %s
